[20200630 16:33:04 INFO /Users/yuduo/anaconda3/lib/python3.7/site-packages/numexpr/utils.py:129] Note: NumExpr detected 12 cores but "NUMEXPR_MAX_THREADS" not set, so enforcing safe limit of 8.
[20200630 16:33:04 INFO /Users/yuduo/anaconda3/lib/python3.7/site-packages/numexpr/utils.py:141] NumExpr defaulting to 8 threads.
[20200630 16:33:04 DEBUG /Users/yuduo/anaconda3/lib/python3.7/asyncio/selector_events.py:58] Using selector: KqueueSelector
[20200630 16:33:05 DEBUG /Volumes/data/work/1duo-coremltools/coremltools/converters/mil/mil/ops/registry.py:42] Registering op abs
[20200630 16:33:05 DEBUG /Volumes/data/work/1duo-coremltools/coremltools/converters/mil/mil/ops/registry.py:42] Registering op acos
[20200630 16:33:05 DEBUG /Volumes/data/work/1duo-coremltools/coremltools/converters/mil/mil/ops/registry.py:42] Registering op asin
[20200630 16:33:05 DEBUG /Volumes/data/work/1duo-coremltools/coremltools/converters/mil/mil/ops/registry.py:42] Registering op atan
[20200630 16:33:05 DEBUG /Volumes/data/work/1duo-coremltools/coremltools/converters/mil/mil/ops/registry.py:42] Registering op atanh
[20200630 16:33:05 DEBUG /Volumes/data/work/1duo-coremltools/coremltools/converters/mil/mil/ops/registry.py:42] Registering op ceil
[20200630 16:33:05 DEBUG /Volumes/data/work/1duo-coremltools/coremltools/converters/mil/mil/ops/registry.py:42] Registering op clip
[20200630 16:33:05 DEBUG /Volumes/data/work/1duo-coremltools/coremltools/converters/mil/mil/ops/registry.py:42] Registering op cos
[20200630 16:33:05 DEBUG /Volumes/data/work/1duo-coremltools/coremltools/converters/mil/mil/ops/registry.py:42] Registering op cosh
[20200630 16:33:05 DEBUG /Volumes/data/work/1duo-coremltools/coremltools/converters/mil/mil/ops/registry.py:42] Registering op erf
[20200630 16:33:05 DEBUG /Volumes/data/work/1duo-coremltools/coremltools/converters/mil/mil/ops/registry.py:42] Registering op exp
[20200630 16:33:05 DEBUG /Volumes/data/work/1duo-coremltools/coremltools/converters/mil/mil/ops/registry.py:42] Registering op exp2
[20200630 16:33:05 DEBUG /Volumes/data/work/1duo-coremltools/coremltools/converters/mil/mil/ops/registry.py:42] Registering op floor
[20200630 16:33:05 DEBUG /Volumes/data/work/1duo-coremltools/coremltools/converters/mil/mil/ops/registry.py:42] Registering op inverse
[20200630 16:33:05 DEBUG /Volumes/data/work/1duo-coremltools/coremltools/converters/mil/mil/ops/registry.py:42] Registering op log
[20200630 16:33:05 DEBUG /Volumes/data/work/1duo-coremltools/coremltools/converters/mil/mil/ops/registry.py:42] Registering op logical_not
[20200630 16:33:05 DEBUG /Volumes/data/work/1duo-coremltools/coremltools/converters/mil/mil/ops/registry.py:42] Registering op round
[20200630 16:33:05 DEBUG /Volumes/data/work/1duo-coremltools/coremltools/converters/mil/mil/ops/registry.py:42] Registering op rsqrt
[20200630 16:33:05 DEBUG /Volumes/data/work/1duo-coremltools/coremltools/converters/mil/mil/ops/registry.py:42] Registering op sign
[20200630 16:33:05 DEBUG /Volumes/data/work/1duo-coremltools/coremltools/converters/mil/mil/ops/registry.py:42] Registering op sin
[20200630 16:33:05 DEBUG /Volumes/data/work/1duo-coremltools/coremltools/converters/mil/mil/ops/registry.py:42] Registering op sinh
[20200630 16:33:05 DEBUG /Volumes/data/work/1duo-coremltools/coremltools/converters/mil/mil/ops/registry.py:42] Registering op sqrt
[20200630 16:33:05 DEBUG /Volumes/data/work/1duo-coremltools/coremltools/converters/mil/mil/ops/registry.py:42] Registering op square
[20200630 16:33:05 DEBUG /Volumes/data/work/1duo-coremltools/coremltools/converters/mil/mil/ops/registry.py:42] Registering op tan
[20200630 16:33:05 DEBUG /Volumes/data/work/1duo-coremltools/coremltools/converters/mil/mil/ops/registry.py:42] Registering op tanh
[20200630 16:33:05 DEBUG /Volumes/data/work/1duo-coremltools/coremltools/converters/mil/mil/ops/registry.py:42] Registering op threshold
[20200630 16:33:05 DEBUG /Volumes/data/work/1duo-coremltools/coremltools/converters/mil/mil/ops/registry.py:42] Registering op cast
[20200630 16:33:05 DEBUG /Volumes/data/work/1duo-coremltools/coremltools/converters/mil/mil/ops/registry.py:42] Registering op clamped_relu
[20200630 16:33:05 DEBUG /Volumes/data/work/1duo-coremltools/coremltools/converters/mil/mil/ops/registry.py:42] Registering op elu
[20200630 16:33:05 DEBUG /Volumes/data/work/1duo-coremltools/coremltools/converters/mil/mil/ops/registry.py:42] Registering op gelu
[20200630 16:33:05 DEBUG /Volumes/data/work/1duo-coremltools/coremltools/converters/mil/mil/ops/registry.py:42] Registering op leaky_relu
[20200630 16:33:05 DEBUG /Volumes/data/work/1duo-coremltools/coremltools/converters/mil/mil/ops/registry.py:42] Registering op linear_activation
[20200630 16:33:05 DEBUG /Volumes/data/work/1duo-coremltools/coremltools/converters/mil/mil/ops/registry.py:42] Registering op prelu
[20200630 16:33:05 DEBUG /Volumes/data/work/1duo-coremltools/coremltools/converters/mil/mil/ops/registry.py:42] Registering op relu
[20200630 16:33:05 DEBUG /Volumes/data/work/1duo-coremltools/coremltools/converters/mil/mil/ops/registry.py:42] Registering op relu6
[20200630 16:33:05 DEBUG /Volumes/data/work/1duo-coremltools/coremltools/converters/mil/mil/ops/registry.py:42] Registering op scaled_tanh
[20200630 16:33:05 DEBUG /Volumes/data/work/1duo-coremltools/coremltools/converters/mil/mil/ops/registry.py:42] Registering op sigmoid
[20200630 16:33:05 DEBUG /Volumes/data/work/1duo-coremltools/coremltools/converters/mil/mil/ops/registry.py:42] Registering op sigmoid_hard
[20200630 16:33:05 DEBUG /Volumes/data/work/1duo-coremltools/coremltools/converters/mil/mil/ops/registry.py:42] Registering op softplus
[20200630 16:33:05 DEBUG /Volumes/data/work/1duo-coremltools/coremltools/converters/mil/mil/ops/registry.py:42] Registering op softplus_parametric
[20200630 16:33:05 DEBUG /Volumes/data/work/1duo-coremltools/coremltools/converters/mil/mil/ops/registry.py:42] Registering op softmax
[20200630 16:33:05 DEBUG /Volumes/data/work/1duo-coremltools/coremltools/converters/mil/mil/ops/registry.py:42] Registering op softsign
[20200630 16:33:05 DEBUG /Volumes/data/work/1duo-coremltools/coremltools/converters/mil/mil/ops/registry.py:42] Registering op thresholded_relu
[20200630 16:33:05 DEBUG /Volumes/data/work/1duo-coremltools/coremltools/converters/mil/mil/ops/registry.py:42] Registering op cond
[20200630 16:33:05 DEBUG /Volumes/data/work/1duo-coremltools/coremltools/converters/mil/mil/ops/registry.py:42] Registering op const
[20200630 16:33:05 DEBUG /Volumes/data/work/1duo-coremltools/coremltools/converters/mil/mil/ops/registry.py:42] Registering op _const_symbolic
[20200630 16:33:05 DEBUG /Volumes/data/work/1duo-coremltools/coremltools/converters/mil/mil/ops/registry.py:42] Registering op select
[20200630 16:33:05 DEBUG /Volumes/data/work/1duo-coremltools/coremltools/converters/mil/mil/ops/registry.py:42] Registering op while_loop
[20200630 16:33:05 DEBUG /Volumes/data/work/1duo-coremltools/coremltools/converters/mil/mil/ops/registry.py:42] Registering op identity
[20200630 16:33:05 DEBUG /Volumes/data/work/1duo-coremltools/coremltools/converters/mil/mil/ops/registry.py:42] Registering op make_list
[20200630 16:33:05 DEBUG /Volumes/data/work/1duo-coremltools/coremltools/converters/mil/mil/ops/registry.py:42] Registering op list_length
[20200630 16:33:05 DEBUG /Volumes/data/work/1duo-coremltools/coremltools/converters/mil/mil/ops/registry.py:42] Registering op list_write
[20200630 16:33:05 DEBUG /Volumes/data/work/1duo-coremltools/coremltools/converters/mil/mil/ops/registry.py:42] Registering op list_read
[20200630 16:33:05 DEBUG /Volumes/data/work/1duo-coremltools/coremltools/converters/mil/mil/ops/registry.py:42] Registering op list_gather
[20200630 16:33:05 DEBUG /Volumes/data/work/1duo-coremltools/coremltools/converters/mil/mil/ops/registry.py:42] Registering op list_scatter
[20200630 16:33:05 DEBUG /Volumes/data/work/1duo-coremltools/coremltools/converters/mil/mil/ops/registry.py:42] Registering op conv
[20200630 16:33:05 DEBUG /Volumes/data/work/1duo-coremltools/coremltools/converters/mil/mil/ops/registry.py:42] Registering op conv_transpose
[20200630 16:33:05 DEBUG /Volumes/data/work/1duo-coremltools/coremltools/converters/mil/mil/ops/registry.py:42] Registering op add
[20200630 16:33:05 DEBUG /Volumes/data/work/1duo-coremltools/coremltools/converters/mil/mil/ops/registry.py:42] Registering op equal
[20200630 16:33:05 DEBUG /Volumes/data/work/1duo-coremltools/coremltools/converters/mil/mil/ops/registry.py:42] Registering op floor_div
[20200630 16:33:05 DEBUG /Volumes/data/work/1duo-coremltools/coremltools/converters/mil/mil/ops/registry.py:42] Registering op greater
[20200630 16:33:05 DEBUG /Volumes/data/work/1duo-coremltools/coremltools/converters/mil/mil/ops/registry.py:42] Registering op greater_equal
[20200630 16:33:05 DEBUG /Volumes/data/work/1duo-coremltools/coremltools/converters/mil/mil/ops/registry.py:42] Registering op less
[20200630 16:33:05 DEBUG /Volumes/data/work/1duo-coremltools/coremltools/converters/mil/mil/ops/registry.py:42] Registering op less_equal
[20200630 16:33:05 DEBUG /Volumes/data/work/1duo-coremltools/coremltools/converters/mil/mil/ops/registry.py:42] Registering op logical_and
[20200630 16:33:05 DEBUG /Volumes/data/work/1duo-coremltools/coremltools/converters/mil/mil/ops/registry.py:42] Registering op logical_or
[20200630 16:33:05 DEBUG /Volumes/data/work/1duo-coremltools/coremltools/converters/mil/mil/ops/registry.py:42] Registering op logical_xor
[20200630 16:33:05 DEBUG /Volumes/data/work/1duo-coremltools/coremltools/converters/mil/mil/ops/registry.py:42] Registering op maximum
[20200630 16:33:05 DEBUG /Volumes/data/work/1duo-coremltools/coremltools/converters/mil/mil/ops/registry.py:42] Registering op minimum
[20200630 16:33:05 DEBUG /Volumes/data/work/1duo-coremltools/coremltools/converters/mil/mil/ops/registry.py:42] Registering op mod
[20200630 16:33:05 DEBUG /Volumes/data/work/1duo-coremltools/coremltools/converters/mil/mil/ops/registry.py:42] Registering op mul
[20200630 16:33:05 DEBUG /Volumes/data/work/1duo-coremltools/coremltools/converters/mil/mil/ops/registry.py:42] Registering op not_equal
[20200630 16:33:05 DEBUG /Volumes/data/work/1duo-coremltools/coremltools/converters/mil/mil/ops/registry.py:42] Registering op real_div
[20200630 16:33:05 DEBUG /Volumes/data/work/1duo-coremltools/coremltools/converters/mil/mil/ops/registry.py:42] Registering op pow
[20200630 16:33:05 DEBUG /Volumes/data/work/1duo-coremltools/coremltools/converters/mil/mil/ops/registry.py:42] Registering op sub
[20200630 16:33:05 DEBUG /Volumes/data/work/1duo-coremltools/coremltools/converters/mil/mil/ops/registry.py:42] Registering op upsample_nearest_neighbor
[20200630 16:33:05 DEBUG /Volumes/data/work/1duo-coremltools/coremltools/converters/mil/mil/ops/registry.py:42] Registering op upsample_bilinear
[20200630 16:33:05 DEBUG /Volumes/data/work/1duo-coremltools/coremltools/converters/mil/mil/ops/registry.py:42] Registering op resize_bilinear
[20200630 16:33:05 DEBUG /Volumes/data/work/1duo-coremltools/coremltools/converters/mil/mil/ops/registry.py:42] Registering op crop_resize
[20200630 16:33:05 DEBUG /Volumes/data/work/1duo-coremltools/coremltools/converters/mil/mil/ops/registry.py:42] Registering op crop
[20200630 16:33:05 DEBUG /Volumes/data/work/1duo-coremltools/coremltools/converters/mil/mil/ops/registry.py:42] Registering op linear
[20200630 16:33:05 DEBUG /Volumes/data/work/1duo-coremltools/coremltools/converters/mil/mil/ops/registry.py:42] Registering op matmul
[20200630 16:33:05 DEBUG /Volumes/data/work/1duo-coremltools/coremltools/converters/mil/mil/ops/registry.py:42] Registering op batch_norm
[20200630 16:33:05 DEBUG /Volumes/data/work/1duo-coremltools/coremltools/converters/mil/mil/ops/registry.py:42] Registering op instance_norm
[20200630 16:33:05 DEBUG /Volumes/data/work/1duo-coremltools/coremltools/converters/mil/mil/ops/registry.py:42] Registering op l2_norm
[20200630 16:33:05 DEBUG /Volumes/data/work/1duo-coremltools/coremltools/converters/mil/mil/ops/registry.py:42] Registering op layer_norm
[20200630 16:33:05 DEBUG /Volumes/data/work/1duo-coremltools/coremltools/converters/mil/mil/ops/registry.py:42] Registering op local_response_norm
[20200630 16:33:05 DEBUG /Volumes/data/work/1duo-coremltools/coremltools/converters/mil/mil/ops/registry.py:42] Registering op avg_pool
[20200630 16:33:05 DEBUG /Volumes/data/work/1duo-coremltools/coremltools/converters/mil/mil/ops/registry.py:42] Registering op l2_pool
[20200630 16:33:05 DEBUG /Volumes/data/work/1duo-coremltools/coremltools/converters/mil/mil/ops/registry.py:42] Registering op max_pool
[20200630 16:33:05 DEBUG /Volumes/data/work/1duo-coremltools/coremltools/converters/mil/mil/ops/registry.py:42] Registering op random_bernoulli
[20200630 16:33:05 DEBUG /Volumes/data/work/1duo-coremltools/coremltools/converters/mil/mil/ops/registry.py:42] Registering op random_categorical
[20200630 16:33:05 DEBUG /Volumes/data/work/1duo-coremltools/coremltools/converters/mil/mil/ops/registry.py:42] Registering op random_normal
[20200630 16:33:05 DEBUG /Volumes/data/work/1duo-coremltools/coremltools/converters/mil/mil/ops/registry.py:42] Registering op random_uniform
[20200630 16:33:05 DEBUG /Volumes/data/work/1duo-coremltools/coremltools/converters/mil/mil/ops/registry.py:42] Registering op gru
[20200630 16:33:05 DEBUG /Volumes/data/work/1duo-coremltools/coremltools/converters/mil/mil/ops/registry.py:42] Registering op lstm
[20200630 16:33:05 DEBUG /Volumes/data/work/1duo-coremltools/coremltools/converters/mil/mil/ops/registry.py:42] Registering op rnn
[20200630 16:33:05 DEBUG /Volumes/data/work/1duo-coremltools/coremltools/converters/mil/mil/ops/registry.py:42] Registering op reduce_arg
[20200630 16:33:05 DEBUG /Volumes/data/work/1duo-coremltools/coremltools/converters/mil/mil/ops/registry.py:42] Registering op reduce_argmax
[20200630 16:33:05 DEBUG /Volumes/data/work/1duo-coremltools/coremltools/converters/mil/mil/ops/registry.py:42] Registering op reduce_argmin
[20200630 16:33:05 DEBUG /Volumes/data/work/1duo-coremltools/coremltools/converters/mil/mil/ops/registry.py:42] Registering op reduce_l1_norm
[20200630 16:33:05 DEBUG /Volumes/data/work/1duo-coremltools/coremltools/converters/mil/mil/ops/registry.py:42] Registering op reduce_l2_norm
[20200630 16:33:05 DEBUG /Volumes/data/work/1duo-coremltools/coremltools/converters/mil/mil/ops/registry.py:42] Registering op reduce_log_sum
[20200630 16:33:05 DEBUG /Volumes/data/work/1duo-coremltools/coremltools/converters/mil/mil/ops/registry.py:42] Registering op reduce_log_sum_exp
[20200630 16:33:05 DEBUG /Volumes/data/work/1duo-coremltools/coremltools/converters/mil/mil/ops/registry.py:42] Registering op reduce_max
[20200630 16:33:05 DEBUG /Volumes/data/work/1duo-coremltools/coremltools/converters/mil/mil/ops/registry.py:42] Registering op reduce_mean
[20200630 16:33:05 DEBUG /Volumes/data/work/1duo-coremltools/coremltools/converters/mil/mil/ops/registry.py:42] Registering op reduce_min
[20200630 16:33:05 DEBUG /Volumes/data/work/1duo-coremltools/coremltools/converters/mil/mil/ops/registry.py:42] Registering op reduce_prod
[20200630 16:33:05 DEBUG /Volumes/data/work/1duo-coremltools/coremltools/converters/mil/mil/ops/registry.py:42] Registering op reduce_sum
[20200630 16:33:05 DEBUG /Volumes/data/work/1duo-coremltools/coremltools/converters/mil/mil/ops/registry.py:42] Registering op reduce_sum_square
[20200630 16:33:05 DEBUG /Volumes/data/work/1duo-coremltools/coremltools/converters/mil/mil/ops/registry.py:42] Registering op slice_by_index
[20200630 16:33:05 DEBUG /Volumes/data/work/1duo-coremltools/coremltools/converters/mil/mil/ops/registry.py:42] Registering op gather
[20200630 16:33:05 DEBUG /Volumes/data/work/1duo-coremltools/coremltools/converters/mil/mil/ops/registry.py:42] Registering op scatter
[20200630 16:33:05 DEBUG /Volumes/data/work/1duo-coremltools/coremltools/converters/mil/mil/ops/registry.py:42] Registering op gather_along_axis
[20200630 16:33:05 DEBUG /Volumes/data/work/1duo-coremltools/coremltools/converters/mil/mil/ops/registry.py:42] Registering op scatter_along_axis
[20200630 16:33:05 DEBUG /Volumes/data/work/1duo-coremltools/coremltools/converters/mil/mil/ops/registry.py:42] Registering op gather_nd
[20200630 16:33:05 DEBUG /Volumes/data/work/1duo-coremltools/coremltools/converters/mil/mil/ops/registry.py:42] Registering op scatter_nd
[20200630 16:33:05 DEBUG /Volumes/data/work/1duo-coremltools/coremltools/converters/mil/mil/ops/registry.py:42] Registering op band_part
[20200630 16:33:05 DEBUG /Volumes/data/work/1duo-coremltools/coremltools/converters/mil/mil/ops/registry.py:42] Registering op cumsum
[20200630 16:33:05 DEBUG /Volumes/data/work/1duo-coremltools/coremltools/converters/mil/mil/ops/registry.py:42] Registering op fill
[20200630 16:33:05 DEBUG /Volumes/data/work/1duo-coremltools/coremltools/converters/mil/mil/ops/registry.py:42] Registering op non_maximum_suppression
[20200630 16:33:05 DEBUG /Volumes/data/work/1duo-coremltools/coremltools/converters/mil/mil/ops/registry.py:42] Registering op non_zero
[20200630 16:33:05 DEBUG /Volumes/data/work/1duo-coremltools/coremltools/converters/mil/mil/ops/registry.py:42] Registering op one_hot
[20200630 16:33:05 DEBUG /Volumes/data/work/1duo-coremltools/coremltools/converters/mil/mil/ops/registry.py:42] Registering op pad
[20200630 16:33:05 DEBUG /Volumes/data/work/1duo-coremltools/coremltools/converters/mil/mil/ops/registry.py:42] Registering op range_1d
[20200630 16:33:05 DEBUG /Volumes/data/work/1duo-coremltools/coremltools/converters/mil/mil/ops/registry.py:42] Registering op tile
[20200630 16:33:05 DEBUG /Volumes/data/work/1duo-coremltools/coremltools/converters/mil/mil/ops/registry.py:42] Registering op argsort
[20200630 16:33:05 DEBUG /Volumes/data/work/1duo-coremltools/coremltools/converters/mil/mil/ops/registry.py:42] Registering op topk
[20200630 16:33:05 DEBUG /Volumes/data/work/1duo-coremltools/coremltools/converters/mil/mil/ops/registry.py:42] Registering op flatten
[20200630 16:33:05 DEBUG /Volumes/data/work/1duo-coremltools/coremltools/converters/mil/mil/ops/registry.py:42] Registering op shape
[20200630 16:33:05 DEBUG /Volumes/data/work/1duo-coremltools/coremltools/converters/mil/mil/ops/registry.py:42] Registering op concat
[20200630 16:33:05 DEBUG /Volumes/data/work/1duo-coremltools/coremltools/converters/mil/mil/ops/registry.py:42] Registering op split
[20200630 16:33:05 DEBUG /Volumes/data/work/1duo-coremltools/coremltools/converters/mil/mil/ops/registry.py:42] Registering op stack
[20200630 16:33:05 DEBUG /Volumes/data/work/1duo-coremltools/coremltools/converters/mil/mil/ops/registry.py:42] Registering op addn
[20200630 16:33:05 DEBUG /Volumes/data/work/1duo-coremltools/coremltools/converters/mil/mil/ops/registry.py:42] Registering op isfinite
[20200630 16:33:05 DEBUG /Volumes/data/work/1duo-coremltools/coremltools/converters/mil/mil/ops/registry.py:42] Registering op depth_to_space
[20200630 16:33:05 DEBUG /Volumes/data/work/1duo-coremltools/coremltools/converters/mil/mil/ops/registry.py:42] Registering op expand_dims
[20200630 16:33:05 DEBUG /Volumes/data/work/1duo-coremltools/coremltools/converters/mil/mil/ops/registry.py:42] Registering op reshape
[20200630 16:33:05 DEBUG /Volumes/data/work/1duo-coremltools/coremltools/converters/mil/mil/ops/registry.py:42] Registering op reverse
[20200630 16:33:05 DEBUG /Volumes/data/work/1duo-coremltools/coremltools/converters/mil/mil/ops/registry.py:42] Registering op reverse_sequence
[20200630 16:33:05 DEBUG /Volumes/data/work/1duo-coremltools/coremltools/converters/mil/mil/ops/registry.py:42] Registering op slice_by_size
[20200630 16:33:05 DEBUG /Volumes/data/work/1duo-coremltools/coremltools/converters/mil/mil/ops/registry.py:42] Registering op space_to_depth
[20200630 16:33:05 DEBUG /Volumes/data/work/1duo-coremltools/coremltools/converters/mil/mil/ops/registry.py:42] Registering op squeeze
[20200630 16:33:05 DEBUG /Volumes/data/work/1duo-coremltools/coremltools/converters/mil/mil/ops/registry.py:42] Registering op transpose
[20200630 16:33:05 DEBUG /Volumes/data/work/1duo-coremltools/coremltools/converters/mil/mil/ops/registry.py:42] Registering op pixel_shuffle
[20200630 16:33:05 DEBUG /Volumes/data/work/1duo-coremltools/coremltools/converters/mil/mil/ops/registry.py:42] Registering op sliding_windows
[20200630 16:33:05 DEBUG /Volumes/data/work/1duo-coremltools/coremltools/converters/mil/mil/passes/pass_registry.py:26] Registering pass common::fuse_gelu_tanh_approximation
[20200630 16:33:05 DEBUG /Volumes/data/work/1duo-coremltools/coremltools/converters/mil/mil/passes/pass_registry.py:26] Registering pass common::divide_to_multiply
[20200630 16:33:05 DEBUG /Volumes/data/work/1duo-coremltools/coremltools/converters/mil/mil/passes/pass_registry.py:26] Registering pass common::const_elimination
[20200630 16:33:05 DEBUG /Volumes/data/work/1duo-coremltools/coremltools/converters/mil/mil/passes/pass_registry.py:26] Registering pass common::loop_invariant_elimination
[20200630 16:33:05 DEBUG /Volumes/data/work/1duo-coremltools/coremltools/converters/mil/mil/passes/pass_registry.py:26] Registering pass common::reduce_transposes
[20200630 16:33:05 DEBUG /Volumes/data/work/1duo-coremltools/coremltools/converters/mil/mil/passes/pass_registry.py:26] Registering pass common::fuse_matmul_weight_bias
[20200630 16:33:05 DEBUG /Volumes/data/work/1duo-coremltools/coremltools/converters/mil/mil/passes/pass_registry.py:26] Registering pass common::remove_symbolic_reshape
[20200630 16:33:05 DEBUG /Volumes/data/work/1duo-coremltools/coremltools/converters/mil/mil/passes/pass_registry.py:26] Registering pass common::fuse_layernorm_or_instancenorm
[20200630 16:33:05 DEBUG /Volumes/data/work/1duo-coremltools/coremltools/converters/mil/mil/passes/pass_registry.py:26] Registering pass common::fuse_bias_conv
[20200630 16:33:05 DEBUG /Volumes/data/work/1duo-coremltools/coremltools/converters/mil/mil/passes/pass_registry.py:26] Registering pass common::fuse_elementwise_to_batchnorm
[20200630 16:33:05 DEBUG /Volumes/data/work/1duo-coremltools/coremltools/converters/mil/mil/passes/pass_registry.py:26] Registering pass common::fuse_onehot_matmul_to_gather
[20200630 16:33:05 DEBUG /Volumes/data/work/1duo-coremltools/coremltools/converters/mil/mil/passes/pass_registry.py:26] Registering pass common::dead_code_elimination
[20200630 16:33:05 DEBUG /Volumes/data/work/1duo-coremltools/coremltools/converters/mil/mil/passes/pass_registry.py:26] Registering pass nn_backend::handle_return_unused_inputs
[20200630 16:33:05 DEBUG /Volumes/data/work/1duo-coremltools/coremltools/converters/mil/mil/passes/pass_registry.py:26] Registering pass nn_backend::commingle_loop_vars
[20200630 16:33:05 DEBUG /Volumes/data/work/1duo-coremltools/coremltools/converters/mil/mil/passes/pass_registry.py:26] Registering pass nn_backend::handle_unused_inputs
[20200630 16:33:05 DEBUG /Volumes/data/work/1duo-coremltools/coremltools/converters/mil/mil/passes/pass_registry.py:26] Registering pass nn_backend::handle_return_inputs_as_outputs
[20200630 16:33:05 DEBUG /Volumes/data/work/1duo-coremltools/coremltools/converters/mil/mil/passes/pass_registry.py:26] Registering pass nn_backend::alert_return_type_cast
[20200630 16:33:05 DEBUG /Volumes/data/work/1duo-coremltools/coremltools/converters/mil/mil/passes/pass_registry.py:26] Registering pass tensorflow::tf_lstm_to_core_lstm
[20200630 16:33:05 DEBUG /Volumes/data/work/1duo-coremltools/coremltools/converters/mil/mil/passes/pass_registry.py:26] Registering pass tensorflow::expand_tf_lstm
[20200630 16:33:05 DEBUG /Volumes/data/work/1duo-coremltools/coremltools/converters/mil/mil/passes/pass_registry.py:26] Registering pass tensorflow::backfill_make_list_elem_type
[20200630 16:33:06 DEBUG /Volumes/data/work/1duo-coremltools/coremltools/converters/mil/mil/passes/pass_registry.py:26] Registering pass tensorflow2::remove_vacuous_cond
[20200630 16:33:06 DEBUG /Volumes/data/work/1duo-coremltools/coremltools/converters/mil/mil/ops/registry.py:42] Registering Custom op custom_torch_sparse_matmul
[20200630 16:33:09 INFO /Volumes/data/work/1duo-coremltools/coremltools/converters/mil/mil/builder.py:181] Adding op 'while_loop_0' of type while_loop
[20200630 16:33:09 INFO /Volumes/data/work/1duo-coremltools/coremltools/converters/mil/mil/builder.py:181] Adding op 'add_0' of type add
[20200630 16:33:09 INFO /Volumes/data/work/1duo-coremltools/coremltools/converters/mil/mil/builder.py:181] Adding op 'reduce_mean_0' of type reduce_mean
[20200630 16:33:09 DEBUG /Volumes/data/work/1duo-coremltools/coremltools/converters/mil/mil/builder.py:93] Adding const op 'reduce_mean_0_axes_0'
[20200630 16:33:09 INFO /Volumes/data/work/1duo-coremltools/coremltools/converters/mil/mil/builder.py:181] Adding op 'reduce_mean_0_axes_0' of type const
[20200630 16:33:09 DEBUG /Volumes/data/work/1duo-coremltools/coremltools/converters/mil/mil/builder.py:93] Adding const op 'reduce_mean_0_keep_dims_0'
[20200630 16:33:09 INFO /Volumes/data/work/1duo-coremltools/coremltools/converters/mil/mil/builder.py:181] Adding op 'reduce_mean_0_keep_dims_0' of type const
[20200630 16:33:09 INFO /Volumes/data/work/1duo-coremltools/coremltools/converters/mil/mil/builder.py:181] Adding op 'reduce_mean_1' of type reduce_mean
[20200630 16:33:09 DEBUG /Volumes/data/work/1duo-coremltools/coremltools/converters/mil/mil/builder.py:93] Adding const op 'reduce_mean_1_axes_0'
[20200630 16:33:09 INFO /Volumes/data/work/1duo-coremltools/coremltools/converters/mil/mil/builder.py:181] Adding op 'reduce_mean_1_axes_0' of type const
[20200630 16:33:09 DEBUG /Volumes/data/work/1duo-coremltools/coremltools/converters/mil/mil/builder.py:93] Adding const op 'reduce_mean_1_keep_dims_0'
[20200630 16:33:09 INFO /Volumes/data/work/1duo-coremltools/coremltools/converters/mil/mil/builder.py:181] Adding op 'reduce_mean_1_keep_dims_0' of type const
[20200630 16:33:09 INFO /Volumes/data/work/1duo-coremltools/coremltools/converters/mil/mil/builder.py:181] Adding op 'less_0' of type less
[20200630 16:33:09 DEBUG /Volumes/data/work/1duo-coremltools/coremltools/converters/mil/mil/block.py:1107] Num ops affected in replacing var: 2
[20200630 16:33:09 DEBUG /Volumes/data/work/1duo-coremltools/coremltools/converters/mil/mil/block.py:1107] Num ops affected in replacing var: 2
[20200630 16:33:09 INFO /Volumes/data/work/1duo-coremltools/coremltools/converters/mil/mil/builder.py:181] Adding op 'mul_0' of type mul
[20200630 16:33:09 DEBUG /Volumes/data/work/1duo-coremltools/coremltools/converters/mil/mil/builder.py:93] Adding const op 'mul_0_y_0'
[20200630 16:33:09 INFO /Volumes/data/work/1duo-coremltools/coremltools/converters/mil/mil/builder.py:181] Adding op 'mul_0_y_0' of type const
[20200630 16:33:09 INFO /Volumes/data/work/1duo-coremltools/coremltools/converters/mil/mil/builder.py:181] Adding op 'b_tmp' of type identity
[20200630 16:33:09 INFO /Volumes/data/work/1duo-coremltools/coremltools/converters/mil/mil/builder.py:181] Adding op 'b' of type identity
[20200630 16:33:09 DEBUG /Volumes/data/work/1duo-coremltools/coremltools/converters/mil/mil/block.py:1107] Num ops affected in replacing var: 0
[20200630 16:33:09 DEBUG /Volumes/data/work/1duo-coremltools/coremltools/converters/mil/mil/passes/common_pass.py:30] Program before common passes:
main(%a: (1, 2, fp32),
     %b: (1, 2, fp32)) {
  block1() {
    %mul_0_y_0: (i32)* = const(val=2, name="mul_0_y_0")
    %mul_0: (1, 2, fp32) = mul(x=%a, y=%mul_0_y_0, name="mul_0")
    %b_tmp: (1, 2, fp32) = identity(x=%b, name="b_tmp")
    %b: (1, 2, fp32) = identity(x=%b_tmp, name="b")
  } -> (%mul_0, %b)
}

[20200630 16:33:09 INFO /Volumes/data/work/1duo-coremltools/coremltools/converters/mil/mil/passes/common_pass.py:34] Performing pass: "common::const_elimination"
[20200630 16:33:09 INFO /Volumes/data/work/1duo-coremltools/coremltools/converters/mil/mil/passes/common_pass.py:34] Performing pass: "common::divide_to_multiply"
[20200630 16:33:09 INFO /Volumes/data/work/1duo-coremltools/coremltools/converters/mil/mil/passes/common_pass.py:34] Performing pass: "common::fuse_matmul_weight_bias"
[20200630 16:33:09 INFO /Volumes/data/work/1duo-coremltools/coremltools/converters/mil/mil/passes/common_pass.py:34] Performing pass: "common::const_elimination"
[20200630 16:33:09 INFO /Volumes/data/work/1duo-coremltools/coremltools/converters/mil/mil/passes/common_pass.py:34] Performing pass: "common::loop_invariant_elimination"
[20200630 16:33:09 INFO /Volumes/data/work/1duo-coremltools/coremltools/converters/mil/mil/passes/common_pass.py:34] Performing pass: "common::remove_symbolic_reshape"
[20200630 16:33:09 INFO /Volumes/data/work/1duo-coremltools/coremltools/converters/mil/mil/passes/remove_symbolic_reshape.py:104] remove_symbolic_reshape: changed 0 reshapes.
[20200630 16:33:09 INFO /Volumes/data/work/1duo-coremltools/coremltools/converters/mil/mil/passes/common_pass.py:34] Performing pass: "common::fuse_gelu_tanh_approximation"
[20200630 16:33:09 INFO /Volumes/data/work/1duo-coremltools/coremltools/converters/mil/mil/passes/common_pass.py:34] Performing pass: "common::reduce_transposes"
[20200630 16:33:09 DEBUG /Volumes/data/work/1duo-coremltools/coremltools/converters/mil/mil/passes/reduce_transposes.py:989] Block before optimize transpose transform:
function(%a: (1, 2, fp32),
         %b: (1, 2, fp32)) {
  block1() {
    %mul_0_y_0: (i32)* = const(val=2, name="mul_0_y_0")
    %mul_0: (1, 2, fp32) = mul(x=%a, y=%mul_0_y_0, name="mul_0")
    %b_tmp: (1, 2, fp32) = identity(x=%b, name="b_tmp")
    %b: (1, 2, fp32) = identity(x=%b_tmp, name="b")
  } -> (%mul_0, %b)
}

[20200630 16:33:09 DEBUG /Volumes/data/work/1duo-coremltools/coremltools/converters/mil/mil/passes/reduce_transposes.py:1024] Block after optimize transpose transform:
function(%a: (1, 2, fp32),
         %b: (1, 2, fp32)) {
  block1() {
    %mul_0_y_0: (i32)* = const(val=2, name="mul_0_y_0")
    %mul_0: (1, 2, fp32) = mul(x=%a, y=%mul_0_y_0, name="mul_0")
    %b_tmp: (1, 2, fp32) = identity(x=%b, name="b_tmp")
    %b: (1, 2, fp32) = identity(x=%b_tmp, name="b")
  } -> (%mul_0, %b)
}

[20200630 16:33:09 INFO /Volumes/data/work/1duo-coremltools/coremltools/converters/mil/mil/passes/common_pass.py:34] Performing pass: "common::fuse_bias_conv"
[20200630 16:33:09 INFO /Volumes/data/work/1duo-coremltools/coremltools/converters/mil/mil/passes/common_pass.py:34] Performing pass: "common::fuse_elementwise_to_batchnorm"
[20200630 16:33:09 INFO /Volumes/data/work/1duo-coremltools/coremltools/converters/mil/mil/passes/common_pass.py:34] Performing pass: "common::fuse_onehot_matmul_to_gather"
[20200630 16:33:09 INFO /Volumes/data/work/1duo-coremltools/coremltools/converters/mil/mil/passes/common_pass.py:34] Performing pass: "common::fuse_layernorm_or_instancenorm"
[20200630 16:33:09 INFO /Volumes/data/work/1duo-coremltools/coremltools/converters/mil/mil/passes/common_pass.py:34] Performing pass: "common::dead_code_elimination"
[20200630 16:33:09 DEBUG /Volumes/data/work/1duo-coremltools/coremltools/converters/mil/mil/passes/common_pass.py:38] Program after common passes:
main(%a: (1, 2, fp32),
     %b: (1, 2, fp32)) {
  block1() {
    %mul_0_y_0: (i32)* = const(val=2, name="mul_0_y_0")
    %mul_0: (1, 2, fp32) = mul(x=%a, y=%mul_0_y_0, name="mul_0")
    %b_tmp: (1, 2, fp32) = identity(x=%b, name="b_tmp")
    %b: (1, 2, fp32) = identity(x=%b_tmp, name="b")
  } -> (%mul_0, %b)
}

[20200630 16:33:09 INFO /Volumes/data/work/1duo-coremltools/coremltools/converters/mil/backend/nn/passes/nn_passes.py:22] Performing passes for nn_backend: "nn_backend::commingle_loop_vars"
[20200630 16:33:09 INFO /Volumes/data/work/1duo-coremltools/coremltools/converters/mil/backend/nn/passes/nn_passes.py:22] Performing passes for nn_backend: "nn_backend::handle_return_inputs_as_outputs"
[20200630 16:33:09 INFO /Volumes/data/work/1duo-coremltools/coremltools/converters/mil/backend/nn/passes/nn_passes.py:22] Performing passes for nn_backend: "common::const_elimination"
[20200630 16:33:09 INFO /Volumes/data/work/1duo-coremltools/coremltools/converters/mil/backend/nn/passes/nn_passes.py:22] Performing passes for nn_backend: "common::dead_code_elimination"
[20200630 16:33:09 INFO /Volumes/data/work/1duo-coremltools/coremltools/converters/mil/backend/nn/passes/nn_passes.py:22] Performing passes for nn_backend: "nn_backend::handle_unused_inputs"
[20200630 16:33:09 INFO /Volumes/data/work/1duo-coremltools/coremltools/converters/mil/backend/nn/passes/nn_passes.py:22] Performing passes for nn_backend: "nn_backend::alert_return_type_cast"
[20200630 16:33:09 DEBUG /Volumes/data/work/1duo-coremltools/coremltools/converters/mil/backend/nn/passes/nn_passes.py:26] Program after nn backend passes:
main(%a: (1, 2, fp32),
     %b: (1, 2, fp32)) {
  block1() {
    %mul_0_y_0: (i32)* = const(val=2, name="mul_0_y_0")
    %mul_0: (1, 2, fp32) = mul(x=%a, y=%mul_0_y_0, name="mul_0")
    %b_tmp: (1, 2, fp32) = identity(x=%b, name="b_tmp")
    %b: (1, 2, fp32) = identity(x=%b_tmp, name="b")
  } -> (%mul_0, %b)
}

[20200630 16:33:09 INFO /Volumes/data/work/1duo-coremltools/coremltools/converters/mil/mil/builder.py:181] Adding op 'const_0' of type const
[20200630 16:33:09 DEBUG /Volumes/data/work/1duo-coremltools/coremltools/converters/mil/mil/builder.py:93] Adding const op 'const_0_mode_0'
[20200630 16:33:09 INFO /Volumes/data/work/1duo-coremltools/coremltools/converters/mil/mil/builder.py:181] Adding op 'const_0_mode_0' of type const
[20200630 16:33:09 INFO /Volumes/data/work/1duo-coremltools/coremltools/converters/mil/mil/builder.py:181] Adding op 'unused_input_tmp' of type identity
[20200630 16:33:09 DEBUG /Volumes/data/work/1duo-coremltools/coremltools/converters/mil/mil/passes/common_pass.py:30] Program before common passes:
main(%unused_input: (1, 2, fp32)) {
  block2() {
    %const_0_mode_0: (str)* = const(val="immediate_value", name="const_0_mode_0")
    %const_0: (2,i32)* = const(val=[3, 2], name="const_0")
    %unused_input_tmp: (1, 2, fp32) = identity(x=%unused_input, name="unused_input_tmp")
  } -> (%const_0)
}

[20200630 16:33:09 INFO /Volumes/data/work/1duo-coremltools/coremltools/converters/mil/mil/passes/common_pass.py:34] Performing pass: "common::const_elimination"
[20200630 16:33:09 INFO /Volumes/data/work/1duo-coremltools/coremltools/converters/mil/mil/passes/common_pass.py:34] Performing pass: "common::divide_to_multiply"
[20200630 16:33:09 INFO /Volumes/data/work/1duo-coremltools/coremltools/converters/mil/mil/passes/common_pass.py:34] Performing pass: "common::fuse_matmul_weight_bias"
[20200630 16:33:09 INFO /Volumes/data/work/1duo-coremltools/coremltools/converters/mil/mil/passes/common_pass.py:34] Performing pass: "common::const_elimination"
[20200630 16:33:09 INFO /Volumes/data/work/1duo-coremltools/coremltools/converters/mil/mil/passes/common_pass.py:34] Performing pass: "common::loop_invariant_elimination"
[20200630 16:33:09 INFO /Volumes/data/work/1duo-coremltools/coremltools/converters/mil/mil/passes/common_pass.py:34] Performing pass: "common::remove_symbolic_reshape"
[20200630 16:33:09 INFO /Volumes/data/work/1duo-coremltools/coremltools/converters/mil/mil/passes/remove_symbolic_reshape.py:104] remove_symbolic_reshape: changed 0 reshapes.
[20200630 16:33:09 INFO /Volumes/data/work/1duo-coremltools/coremltools/converters/mil/mil/passes/common_pass.py:34] Performing pass: "common::fuse_gelu_tanh_approximation"
[20200630 16:33:09 INFO /Volumes/data/work/1duo-coremltools/coremltools/converters/mil/mil/passes/common_pass.py:34] Performing pass: "common::reduce_transposes"
[20200630 16:33:09 DEBUG /Volumes/data/work/1duo-coremltools/coremltools/converters/mil/mil/passes/reduce_transposes.py:989] Block before optimize transpose transform:
function(%unused_input: (1, 2, fp32)) {
  block2() {
    %const_0_mode_0: (str)* = const(val="immediate_value", name="const_0_mode_0")
    %const_0: (2,i32)* = const(val=[3, 2], name="const_0")
    %unused_input_tmp: (1, 2, fp32) = identity(x=%unused_input, name="unused_input_tmp")
  } -> (%const_0)
}

[20200630 16:33:09 DEBUG /Volumes/data/work/1duo-coremltools/coremltools/converters/mil/mil/passes/reduce_transposes.py:1024] Block after optimize transpose transform:
function(%unused_input: (1, 2, fp32)) {
  block2() {
    %const_0_mode_0: (str)* = const(val="immediate_value", name="const_0_mode_0")
    %const_0: (2,i32)* = const(val=[3, 2], name="const_0")
    %unused_input_tmp: (1, 2, fp32) = identity(x=%unused_input, name="unused_input_tmp")
  } -> (%const_0)
}

[20200630 16:33:09 INFO /Volumes/data/work/1duo-coremltools/coremltools/converters/mil/mil/passes/common_pass.py:34] Performing pass: "common::fuse_bias_conv"
[20200630 16:33:09 INFO /Volumes/data/work/1duo-coremltools/coremltools/converters/mil/mil/passes/common_pass.py:34] Performing pass: "common::fuse_elementwise_to_batchnorm"
[20200630 16:33:09 INFO /Volumes/data/work/1duo-coremltools/coremltools/converters/mil/mil/passes/common_pass.py:34] Performing pass: "common::fuse_onehot_matmul_to_gather"
[20200630 16:33:09 INFO /Volumes/data/work/1duo-coremltools/coremltools/converters/mil/mil/passes/common_pass.py:34] Performing pass: "common::fuse_layernorm_or_instancenorm"
[20200630 16:33:09 INFO /Volumes/data/work/1duo-coremltools/coremltools/converters/mil/mil/passes/common_pass.py:34] Performing pass: "common::dead_code_elimination"
[20200630 16:33:09 INFO /Volumes/data/work/1duo-coremltools/coremltools/converters/mil/mil/passes/dead_code_elimination.py:35] Removing op "unused_input_tmp" (type: identity)
[20200630 16:33:09 DEBUG /Volumes/data/work/1duo-coremltools/coremltools/converters/mil/mil/passes/common_pass.py:38] Program after common passes:
main(%unused_input: (1, 2, fp32)) {
  block2() {
    %const_0_mode_0: (str)* = const(val="immediate_value", name="const_0_mode_0")
    %const_0: (2,i32)* = const(val=[3, 2], name="const_0")
  } -> (%const_0)
}

[20200630 16:33:09 INFO /Volumes/data/work/1duo-coremltools/coremltools/converters/mil/backend/nn/passes/nn_passes.py:22] Performing passes for nn_backend: "nn_backend::commingle_loop_vars"
[20200630 16:33:09 INFO /Volumes/data/work/1duo-coremltools/coremltools/converters/mil/backend/nn/passes/nn_passes.py:22] Performing passes for nn_backend: "nn_backend::handle_return_inputs_as_outputs"
[20200630 16:33:09 INFO /Volumes/data/work/1duo-coremltools/coremltools/converters/mil/backend/nn/passes/nn_passes.py:22] Performing passes for nn_backend: "common::const_elimination"
[20200630 16:33:09 INFO /Volumes/data/work/1duo-coremltools/coremltools/converters/mil/backend/nn/passes/nn_passes.py:22] Performing passes for nn_backend: "common::dead_code_elimination"
[20200630 16:33:09 INFO /Volumes/data/work/1duo-coremltools/coremltools/converters/mil/backend/nn/passes/nn_passes.py:22] Performing passes for nn_backend: "nn_backend::handle_unused_inputs"
[20200630 16:33:09 INFO /Volumes/data/work/1duo-coremltools/coremltools/converters/mil/mil/builder.py:181] Adding op 'unused_input_tmp' of type identity
[20200630 16:33:09 INFO /Volumes/data/work/1duo-coremltools/coremltools/converters/mil/backend/nn/passes/nn_passes.py:22] Performing passes for nn_backend: "nn_backend::alert_return_type_cast"
[20200630 16:33:09 WARNING /Volumes/data/work/1duo-coremltools/coremltools/converters/mil/backend/nn/passes/alert_return_type_cast.py:51] Output var const_0 of type i32 in function main is cast to type fp32
[20200630 16:33:09 DEBUG /Volumes/data/work/1duo-coremltools/coremltools/converters/mil/backend/nn/passes/nn_passes.py:26] Program after nn backend passes:
main(%unused_input: (1, 2, fp32)) {
  block2() {
    %const_0_mode_0: (str)* = const(val="immediate_value", name="const_0_mode_0")
    %const_0: (2,i32)* = const(val=[3, 2], name="const_0")
    %unused_input_tmp: (1, 2, fp32) = identity(x=%unused_input, name="unused_input_tmp")
  } -> (%const_0)
}

[20200630 16:33:09 INFO /Volumes/data/work/1duo-coremltools/coremltools/converters/mil/backend/nn/op_mapping.py:202] added const const_0 for builder <coremltools.models.neural_network.builder.NeuralNetworkBuilder object at 0x7fb4413cc250>
[20200630 16:33:09 INFO /Volumes/data/work/1duo-coremltools/coremltools/converters/mil/mil/builder.py:181] Adding op 'squeeze_0' of type squeeze
[20200630 16:33:09 INFO /Volumes/data/work/1duo-coremltools/coremltools/converters/mil/mil/builder.py:181] Adding op 'cond_0' of type cond
[20200630 16:33:09 INFO /Volumes/data/work/1duo-coremltools/coremltools/converters/mil/mil/builder.py:181] Adding op 'identity_0' of type identity
[20200630 16:33:09 INFO /Volumes/data/work/1duo-coremltools/coremltools/converters/mil/mil/builder.py:181] Adding op 'identity_1' of type identity
[20200630 16:33:09 INFO /Volumes/data/work/1duo-coremltools/coremltools/converters/mil/mil/builder.py:181] Adding op 'cond_0' of type identity
[20200630 16:33:09 DEBUG /Volumes/data/work/1duo-coremltools/coremltools/converters/mil/mil/block.py:1107] Num ops affected in replacing var: 0
[20200630 16:33:09 INFO /Volumes/data/work/1duo-coremltools/coremltools/converters/mil/frontend/tensorflow2/ssa_passes/remove_vacuous_cond.py:123] remove_vacuous_cond: changed 1 ops in function 'main'
[20200630 16:33:09 DEBUG /Volumes/data/work/1duo-coremltools/coremltools/converters/mil/mil/passes/common_pass.py:30] Program before common passes:
main(%a: (1,bool),
     %b: (2, 3, fp32)) {
  block3() {
    %squeeze_0: (bool) = squeeze(x=%a, name="squeeze_0")
    %cond_0: (2, 3, fp32) = identity(x=%b, name="cond_0")
  } -> (%cond_0)
}

[20200630 16:33:09 INFO /Volumes/data/work/1duo-coremltools/coremltools/converters/mil/mil/passes/common_pass.py:34] Performing pass: "common::const_elimination"
[20200630 16:33:09 INFO /Volumes/data/work/1duo-coremltools/coremltools/converters/mil/mil/passes/common_pass.py:34] Performing pass: "common::divide_to_multiply"
[20200630 16:33:09 INFO /Volumes/data/work/1duo-coremltools/coremltools/converters/mil/mil/passes/common_pass.py:34] Performing pass: "common::fuse_matmul_weight_bias"
[20200630 16:33:09 INFO /Volumes/data/work/1duo-coremltools/coremltools/converters/mil/mil/passes/common_pass.py:34] Performing pass: "common::const_elimination"
[20200630 16:33:09 INFO /Volumes/data/work/1duo-coremltools/coremltools/converters/mil/mil/passes/common_pass.py:34] Performing pass: "common::loop_invariant_elimination"
[20200630 16:33:09 INFO /Volumes/data/work/1duo-coremltools/coremltools/converters/mil/mil/passes/common_pass.py:34] Performing pass: "common::remove_symbolic_reshape"
[20200630 16:33:09 INFO /Volumes/data/work/1duo-coremltools/coremltools/converters/mil/mil/passes/remove_symbolic_reshape.py:104] remove_symbolic_reshape: changed 0 reshapes.
[20200630 16:33:09 INFO /Volumes/data/work/1duo-coremltools/coremltools/converters/mil/mil/passes/common_pass.py:34] Performing pass: "common::fuse_gelu_tanh_approximation"
[20200630 16:33:09 INFO /Volumes/data/work/1duo-coremltools/coremltools/converters/mil/mil/passes/common_pass.py:34] Performing pass: "common::reduce_transposes"
[20200630 16:33:09 DEBUG /Volumes/data/work/1duo-coremltools/coremltools/converters/mil/mil/passes/reduce_transposes.py:989] Block before optimize transpose transform:
function(%a: (1,bool),
         %b: (2, 3, fp32)) {
  block3() {
    %squeeze_0: (bool) = squeeze(x=%a, name="squeeze_0")
    %cond_0: (2, 3, fp32) = identity(x=%b, name="cond_0")
  } -> (%cond_0)
}

[20200630 16:33:09 DEBUG /Volumes/data/work/1duo-coremltools/coremltools/converters/mil/mil/passes/reduce_transposes.py:1024] Block after optimize transpose transform:
function(%a: (1,bool),
         %b: (2, 3, fp32)) {
  block3() {
    %squeeze_0: (bool) = squeeze(x=%a, name="squeeze_0")
    %cond_0: (2, 3, fp32) = identity(x=%b, name="cond_0")
  } -> (%cond_0)
}

[20200630 16:33:09 INFO /Volumes/data/work/1duo-coremltools/coremltools/converters/mil/mil/passes/common_pass.py:34] Performing pass: "common::fuse_bias_conv"
[20200630 16:33:09 INFO /Volumes/data/work/1duo-coremltools/coremltools/converters/mil/mil/passes/common_pass.py:34] Performing pass: "common::fuse_elementwise_to_batchnorm"
[20200630 16:33:09 INFO /Volumes/data/work/1duo-coremltools/coremltools/converters/mil/mil/passes/common_pass.py:34] Performing pass: "common::fuse_onehot_matmul_to_gather"
[20200630 16:33:09 INFO /Volumes/data/work/1duo-coremltools/coremltools/converters/mil/mil/passes/common_pass.py:34] Performing pass: "common::fuse_layernorm_or_instancenorm"
[20200630 16:33:09 INFO /Volumes/data/work/1duo-coremltools/coremltools/converters/mil/mil/passes/common_pass.py:34] Performing pass: "common::dead_code_elimination"
[20200630 16:33:09 INFO /Volumes/data/work/1duo-coremltools/coremltools/converters/mil/mil/passes/dead_code_elimination.py:35] Removing op "squeeze_0" (type: squeeze)
[20200630 16:33:09 DEBUG /Volumes/data/work/1duo-coremltools/coremltools/converters/mil/mil/passes/common_pass.py:38] Program after common passes:
main(%a: (1,bool),
     %b: (2, 3, fp32)) {
  block3() {
    %cond_0: (2, 3, fp32) = identity(x=%b, name="cond_0")
  } -> (%cond_0)
}

[20200630 16:33:09 INFO /Volumes/data/work/1duo-coremltools/coremltools/converters/mil/backend/nn/passes/nn_passes.py:22] Performing passes for nn_backend: "nn_backend::commingle_loop_vars"
[20200630 16:33:09 INFO /Volumes/data/work/1duo-coremltools/coremltools/converters/mil/backend/nn/passes/nn_passes.py:22] Performing passes for nn_backend: "nn_backend::handle_return_inputs_as_outputs"
[20200630 16:33:09 INFO /Volumes/data/work/1duo-coremltools/coremltools/converters/mil/backend/nn/passes/nn_passes.py:22] Performing passes for nn_backend: "common::const_elimination"
[20200630 16:33:09 INFO /Volumes/data/work/1duo-coremltools/coremltools/converters/mil/backend/nn/passes/nn_passes.py:22] Performing passes for nn_backend: "common::dead_code_elimination"
[20200630 16:33:09 INFO /Volumes/data/work/1duo-coremltools/coremltools/converters/mil/backend/nn/passes/nn_passes.py:22] Performing passes for nn_backend: "nn_backend::handle_unused_inputs"
[20200630 16:33:09 INFO /Volumes/data/work/1duo-coremltools/coremltools/converters/mil/mil/builder.py:181] Adding op 'a_tmp' of type identity
[20200630 16:33:09 INFO /Volumes/data/work/1duo-coremltools/coremltools/converters/mil/backend/nn/passes/nn_passes.py:22] Performing passes for nn_backend: "nn_backend::alert_return_type_cast"
[20200630 16:33:09 DEBUG /Volumes/data/work/1duo-coremltools/coremltools/converters/mil/backend/nn/passes/nn_passes.py:26] Program after nn backend passes:
main(%a: (1,bool),
     %b: (2, 3, fp32)) {
  block3() {
    %cond_0: (2, 3, fp32) = identity(x=%b, name="cond_0")
    %a_tmp: (1,bool) = identity(x=%a, name="a_tmp")
  } -> (%cond_0)
}

[20200630 16:33:09 INFO /Volumes/data/work/1duo-coremltools/coremltools/converters/mil/frontend/torch/converter.py:269] Converting graph.
[20200630 16:33:09 INFO /Volumes/data/work/1duo-coremltools/coremltools/converters/mil/frontend/torch/ops.py:49] Converting op 2 : constant
[20200630 16:33:09 INFO /Volumes/data/work/1duo-coremltools/coremltools/converters/mil/mil/builder.py:181] Adding op '2' of type const
[20200630 16:33:09 INFO /Volumes/data/work/1duo-coremltools/coremltools/converters/mil/frontend/torch/ops.py:49] Converting op 3 : constant
[20200630 16:33:09 INFO /Volumes/data/work/1duo-coremltools/coremltools/converters/mil/mil/builder.py:181] Adding op '3' of type const
[20200630 16:33:09 INFO /Volumes/data/work/1duo-coremltools/coremltools/converters/mil/frontend/torch/ops.py:49] Converting op 4 : cosine_similarity
[20200630 16:33:09 INFO /Volumes/data/work/1duo-coremltools/coremltools/converters/mil/mil/builder.py:181] Adding op 'mul_1' of type mul
[20200630 16:33:09 INFO /Volumes/data/work/1duo-coremltools/coremltools/converters/mil/mil/builder.py:181] Adding op 'reduce_sum_0' of type reduce_sum
[20200630 16:33:09 DEBUG /Volumes/data/work/1duo-coremltools/coremltools/converters/mil/mil/builder.py:93] Adding const op 'reduce_sum_0_axes_0'
[20200630 16:33:09 INFO /Volumes/data/work/1duo-coremltools/coremltools/converters/mil/mil/builder.py:181] Adding op 'reduce_sum_0_axes_0' of type const
[20200630 16:33:09 DEBUG /Volumes/data/work/1duo-coremltools/coremltools/converters/mil/mil/builder.py:93] Adding const op 'reduce_sum_0_keep_dims_0'
[20200630 16:33:09 INFO /Volumes/data/work/1duo-coremltools/coremltools/converters/mil/mil/builder.py:181] Adding op 'reduce_sum_0_keep_dims_0' of type const
[20200630 16:33:09 INFO /Volumes/data/work/1duo-coremltools/coremltools/converters/mil/mil/builder.py:181] Adding op 'mul_2' of type mul
[20200630 16:33:09 INFO /Volumes/data/work/1duo-coremltools/coremltools/converters/mil/mil/builder.py:181] Adding op 'reduce_sum_1' of type reduce_sum
[20200630 16:33:09 DEBUG /Volumes/data/work/1duo-coremltools/coremltools/converters/mil/mil/builder.py:93] Adding const op 'reduce_sum_1_axes_0'
[20200630 16:33:09 INFO /Volumes/data/work/1duo-coremltools/coremltools/converters/mil/mil/builder.py:181] Adding op 'reduce_sum_1_axes_0' of type const
[20200630 16:33:09 DEBUG /Volumes/data/work/1duo-coremltools/coremltools/converters/mil/mil/builder.py:93] Adding const op 'reduce_sum_1_keep_dims_0'
[20200630 16:33:09 INFO /Volumes/data/work/1duo-coremltools/coremltools/converters/mil/mil/builder.py:181] Adding op 'reduce_sum_1_keep_dims_0' of type const
[20200630 16:33:09 INFO /Volumes/data/work/1duo-coremltools/coremltools/converters/mil/mil/builder.py:181] Adding op 'mul_3' of type mul
[20200630 16:33:09 INFO /Volumes/data/work/1duo-coremltools/coremltools/converters/mil/mil/builder.py:181] Adding op 'reduce_sum_2' of type reduce_sum
[20200630 16:33:09 DEBUG /Volumes/data/work/1duo-coremltools/coremltools/converters/mil/mil/builder.py:93] Adding const op 'reduce_sum_2_axes_0'
[20200630 16:33:09 INFO /Volumes/data/work/1duo-coremltools/coremltools/converters/mil/mil/builder.py:181] Adding op 'reduce_sum_2_axes_0' of type const
[20200630 16:33:09 DEBUG /Volumes/data/work/1duo-coremltools/coremltools/converters/mil/mil/builder.py:93] Adding const op 'reduce_sum_2_keep_dims_0'
[20200630 16:33:09 INFO /Volumes/data/work/1duo-coremltools/coremltools/converters/mil/mil/builder.py:181] Adding op 'reduce_sum_2_keep_dims_0' of type const
[20200630 16:33:09 INFO /Volumes/data/work/1duo-coremltools/coremltools/converters/mil/mil/builder.py:181] Adding op 'mul_4' of type mul
[20200630 16:33:09 INFO /Volumes/data/work/1duo-coremltools/coremltools/converters/mil/mil/builder.py:181] Adding op 'maximum_0' of type maximum
[20200630 16:33:09 DEBUG /Volumes/data/work/1duo-coremltools/coremltools/converters/mil/mil/builder.py:93] Adding const op 'maximum_0_y_0'
[20200630 16:33:09 INFO /Volumes/data/work/1duo-coremltools/coremltools/converters/mil/mil/builder.py:181] Adding op 'maximum_0_y_0' of type const
[20200630 16:33:09 INFO /Volumes/data/work/1duo-coremltools/coremltools/converters/mil/mil/builder.py:181] Adding op 'sqrt_0' of type sqrt
[20200630 16:33:09 INFO /Volumes/data/work/1duo-coremltools/coremltools/converters/mil/mil/builder.py:181] Adding op '4' of type real_div
[20200630 16:33:09 DEBUG /Volumes/data/work/1duo-coremltools/coremltools/converters/mil/mil/passes/common_pass.py:30] Program before common passes:
main(%x1: (100, 180, fp32),
     %x2: (100, 180, fp32)) {
  block4() {
    %2: (i32)* = const(val=1, name="2")
    %3: (fp32)* = const(val=1e-06, name="3")
    %mul_1: (100, 180, fp32) = mul(x=%x1, y=%x2, name="mul_1")
    %reduce_sum_0_axes_0: (1,i32)* = const(val=[1], name="reduce_sum_0_axes_0")
    %reduce_sum_0_keep_dims_0: (bool)* = const(val=False, name="reduce_sum_0_keep_dims_0")
    %reduce_sum_0: (100,fp32) = reduce_sum(x=%mul_1, axes=%reduce_sum_0_axes_0, keep_dims=%reduce_sum_0_keep_dims_0, name="reduce_sum_0")
    %mul_2: (100, 180, fp32) = mul(x=%x1, y=%x1, name="mul_2")
    %reduce_sum_1_axes_0: (1,i32)* = const(val=[1], name="reduce_sum_1_axes_0")
    %reduce_sum_1_keep_dims_0: (bool)* = const(val=False, name="reduce_sum_1_keep_dims_0")
    %reduce_sum_1: (100,fp32) = reduce_sum(x=%mul_2, axes=%reduce_sum_1_axes_0, keep_dims=%reduce_sum_1_keep_dims_0, name="reduce_sum_1")
    %mul_3: (100, 180, fp32) = mul(x=%x2, y=%x2, name="mul_3")
    %reduce_sum_2_axes_0: (1,i32)* = const(val=[1], name="reduce_sum_2_axes_0")
    %reduce_sum_2_keep_dims_0: (bool)* = const(val=False, name="reduce_sum_2_keep_dims_0")
    %reduce_sum_2: (100,fp32) = reduce_sum(x=%mul_3, axes=%reduce_sum_2_axes_0, keep_dims=%reduce_sum_2_keep_dims_0, name="reduce_sum_2")
    %mul_4: (100,fp32) = mul(x=%reduce_sum_1, y=%reduce_sum_2, name="mul_4")
    %maximum_0_y_0: (fp32)* = const(val=9.999999960041972e-13, name="maximum_0_y_0")
    %maximum_0: (100,fp32) = maximum(x=%mul_4, y=%maximum_0_y_0, name="maximum_0")
    %sqrt_0: (100,fp32) = sqrt(x=%maximum_0, name="sqrt_0")
    %4: (100,fp32) = real_div(x=%reduce_sum_0, y=%sqrt_0, name="4")
  } -> (%4)
}

[20200630 16:33:09 INFO /Volumes/data/work/1duo-coremltools/coremltools/converters/mil/mil/passes/common_pass.py:34] Performing pass: "common::const_elimination"
[20200630 16:33:09 INFO /Volumes/data/work/1duo-coremltools/coremltools/converters/mil/mil/passes/common_pass.py:34] Performing pass: "common::divide_to_multiply"
[20200630 16:33:09 INFO /Volumes/data/work/1duo-coremltools/coremltools/converters/mil/mil/passes/common_pass.py:34] Performing pass: "common::fuse_matmul_weight_bias"
[20200630 16:33:09 INFO /Volumes/data/work/1duo-coremltools/coremltools/converters/mil/mil/passes/common_pass.py:34] Performing pass: "common::const_elimination"
[20200630 16:33:09 INFO /Volumes/data/work/1duo-coremltools/coremltools/converters/mil/mil/passes/common_pass.py:34] Performing pass: "common::loop_invariant_elimination"
[20200630 16:33:09 INFO /Volumes/data/work/1duo-coremltools/coremltools/converters/mil/mil/passes/common_pass.py:34] Performing pass: "common::remove_symbolic_reshape"
[20200630 16:33:09 INFO /Volumes/data/work/1duo-coremltools/coremltools/converters/mil/mil/passes/remove_symbolic_reshape.py:104] remove_symbolic_reshape: changed 0 reshapes.
[20200630 16:33:09 INFO /Volumes/data/work/1duo-coremltools/coremltools/converters/mil/mil/passes/common_pass.py:34] Performing pass: "common::fuse_gelu_tanh_approximation"
[20200630 16:33:09 INFO /Volumes/data/work/1duo-coremltools/coremltools/converters/mil/mil/passes/common_pass.py:34] Performing pass: "common::reduce_transposes"
[20200630 16:33:09 DEBUG /Volumes/data/work/1duo-coremltools/coremltools/converters/mil/mil/passes/reduce_transposes.py:989] Block before optimize transpose transform:
function(%x1: (100, 180, fp32),
         %x2: (100, 180, fp32)) {
  block4() {
    %2: (i32)* = const(val=1, name="2")
    %3: (fp32)* = const(val=1e-06, name="3")
    %mul_1: (100, 180, fp32) = mul(x=%x1, y=%x2, name="mul_1")
    %reduce_sum_0_axes_0: (1,i32)* = const(val=[1], name="reduce_sum_0_axes_0")
    %reduce_sum_0_keep_dims_0: (bool)* = const(val=False, name="reduce_sum_0_keep_dims_0")
    %reduce_sum_0: (100,fp32) = reduce_sum(x=%mul_1, axes=%reduce_sum_0_axes_0, keep_dims=%reduce_sum_0_keep_dims_0, name="reduce_sum_0")
    %mul_2: (100, 180, fp32) = mul(x=%x1, y=%x1, name="mul_2")
    %reduce_sum_1_axes_0: (1,i32)* = const(val=[1], name="reduce_sum_1_axes_0")
    %reduce_sum_1_keep_dims_0: (bool)* = const(val=False, name="reduce_sum_1_keep_dims_0")
    %reduce_sum_1: (100,fp32) = reduce_sum(x=%mul_2, axes=%reduce_sum_1_axes_0, keep_dims=%reduce_sum_1_keep_dims_0, name="reduce_sum_1")
    %mul_3: (100, 180, fp32) = mul(x=%x2, y=%x2, name="mul_3")
    %reduce_sum_2_axes_0: (1,i32)* = const(val=[1], name="reduce_sum_2_axes_0")
    %reduce_sum_2_keep_dims_0: (bool)* = const(val=False, name="reduce_sum_2_keep_dims_0")
    %reduce_sum_2: (100,fp32) = reduce_sum(x=%mul_3, axes=%reduce_sum_2_axes_0, keep_dims=%reduce_sum_2_keep_dims_0, name="reduce_sum_2")
    %mul_4: (100,fp32) = mul(x=%reduce_sum_1, y=%reduce_sum_2, name="mul_4")
    %maximum_0_y_0: (fp32)* = const(val=9.999999960041972e-13, name="maximum_0_y_0")
    %maximum_0: (100,fp32) = maximum(x=%mul_4, y=%maximum_0_y_0, name="maximum_0")
    %sqrt_0: (100,fp32) = sqrt(x=%maximum_0, name="sqrt_0")
    %4: (100,fp32) = real_div(x=%reduce_sum_0, y=%sqrt_0, name="4")
  } -> (%4)
}

[20200630 16:33:09 DEBUG /Volumes/data/work/1duo-coremltools/coremltools/converters/mil/mil/passes/reduce_transposes.py:1024] Block after optimize transpose transform:
function(%x1: (100, 180, fp32),
         %x2: (100, 180, fp32)) {
  block4() {
    %2: (i32)* = const(val=1, name="2")
    %3: (fp32)* = const(val=1e-06, name="3")
    %mul_1: (100, 180, fp32) = mul(x=%x1, y=%x2, name="mul_1")
    %reduce_sum_0_axes_0: (1,i32)* = const(val=[1], name="reduce_sum_0_axes_0")
    %reduce_sum_0_keep_dims_0: (bool)* = const(val=False, name="reduce_sum_0_keep_dims_0")
    %reduce_sum_0: (100,fp32) = reduce_sum(x=%mul_1, axes=%reduce_sum_0_axes_0, keep_dims=%reduce_sum_0_keep_dims_0, name="reduce_sum_0")
    %mul_2: (100, 180, fp32) = mul(x=%x1, y=%x1, name="mul_2")
    %reduce_sum_1_axes_0: (1,i32)* = const(val=[1], name="reduce_sum_1_axes_0")
    %reduce_sum_1_keep_dims_0: (bool)* = const(val=False, name="reduce_sum_1_keep_dims_0")
    %reduce_sum_1: (100,fp32) = reduce_sum(x=%mul_2, axes=%reduce_sum_1_axes_0, keep_dims=%reduce_sum_1_keep_dims_0, name="reduce_sum_1")
    %mul_3: (100, 180, fp32) = mul(x=%x2, y=%x2, name="mul_3")
    %reduce_sum_2_axes_0: (1,i32)* = const(val=[1], name="reduce_sum_2_axes_0")
    %reduce_sum_2_keep_dims_0: (bool)* = const(val=False, name="reduce_sum_2_keep_dims_0")
    %reduce_sum_2: (100,fp32) = reduce_sum(x=%mul_3, axes=%reduce_sum_2_axes_0, keep_dims=%reduce_sum_2_keep_dims_0, name="reduce_sum_2")
    %mul_4: (100,fp32) = mul(x=%reduce_sum_1, y=%reduce_sum_2, name="mul_4")
    %maximum_0_y_0: (fp32)* = const(val=9.999999960041972e-13, name="maximum_0_y_0")
    %maximum_0: (100,fp32) = maximum(x=%mul_4, y=%maximum_0_y_0, name="maximum_0")
    %sqrt_0: (100,fp32) = sqrt(x=%maximum_0, name="sqrt_0")
    %4: (100,fp32) = real_div(x=%reduce_sum_0, y=%sqrt_0, name="4")
  } -> (%4)
}

[20200630 16:33:09 INFO /Volumes/data/work/1duo-coremltools/coremltools/converters/mil/mil/passes/common_pass.py:34] Performing pass: "common::fuse_bias_conv"
[20200630 16:33:09 INFO /Volumes/data/work/1duo-coremltools/coremltools/converters/mil/mil/passes/common_pass.py:34] Performing pass: "common::fuse_elementwise_to_batchnorm"
[20200630 16:33:09 INFO /Volumes/data/work/1duo-coremltools/coremltools/converters/mil/mil/passes/common_pass.py:34] Performing pass: "common::fuse_onehot_matmul_to_gather"
[20200630 16:33:09 INFO /Volumes/data/work/1duo-coremltools/coremltools/converters/mil/mil/passes/common_pass.py:34] Performing pass: "common::fuse_layernorm_or_instancenorm"
[20200630 16:33:09 INFO /Volumes/data/work/1duo-coremltools/coremltools/converters/mil/mil/passes/common_pass.py:34] Performing pass: "common::dead_code_elimination"
[20200630 16:33:09 INFO /Volumes/data/work/1duo-coremltools/coremltools/converters/mil/mil/passes/dead_code_elimination.py:35] Removing op "3" (type: const)
[20200630 16:33:09 INFO /Volumes/data/work/1duo-coremltools/coremltools/converters/mil/mil/passes/dead_code_elimination.py:35] Removing op "2" (type: const)
[20200630 16:33:09 DEBUG /Volumes/data/work/1duo-coremltools/coremltools/converters/mil/mil/passes/common_pass.py:38] Program after common passes:
main(%x1: (100, 180, fp32),
     %x2: (100, 180, fp32)) {
  block4() {
    %mul_1: (100, 180, fp32) = mul(x=%x1, y=%x2, name="mul_1")
    %reduce_sum_0_axes_0: (1,i32)* = const(val=[1], name="reduce_sum_0_axes_0")
    %reduce_sum_0_keep_dims_0: (bool)* = const(val=False, name="reduce_sum_0_keep_dims_0")
    %reduce_sum_0: (100,fp32) = reduce_sum(x=%mul_1, axes=%reduce_sum_0_axes_0, keep_dims=%reduce_sum_0_keep_dims_0, name="reduce_sum_0")
    %mul_2: (100, 180, fp32) = mul(x=%x1, y=%x1, name="mul_2")
    %reduce_sum_1_axes_0: (1,i32)* = const(val=[1], name="reduce_sum_1_axes_0")
    %reduce_sum_1_keep_dims_0: (bool)* = const(val=False, name="reduce_sum_1_keep_dims_0")
    %reduce_sum_1: (100,fp32) = reduce_sum(x=%mul_2, axes=%reduce_sum_1_axes_0, keep_dims=%reduce_sum_1_keep_dims_0, name="reduce_sum_1")
    %mul_3: (100, 180, fp32) = mul(x=%x2, y=%x2, name="mul_3")
    %reduce_sum_2_axes_0: (1,i32)* = const(val=[1], name="reduce_sum_2_axes_0")
    %reduce_sum_2_keep_dims_0: (bool)* = const(val=False, name="reduce_sum_2_keep_dims_0")
    %reduce_sum_2: (100,fp32) = reduce_sum(x=%mul_3, axes=%reduce_sum_2_axes_0, keep_dims=%reduce_sum_2_keep_dims_0, name="reduce_sum_2")
    %mul_4: (100,fp32) = mul(x=%reduce_sum_1, y=%reduce_sum_2, name="mul_4")
    %maximum_0_y_0: (fp32)* = const(val=9.999999960041972e-13, name="maximum_0_y_0")
    %maximum_0: (100,fp32) = maximum(x=%mul_4, y=%maximum_0_y_0, name="maximum_0")
    %sqrt_0: (100,fp32) = sqrt(x=%maximum_0, name="sqrt_0")
    %4: (100,fp32) = real_div(x=%reduce_sum_0, y=%sqrt_0, name="4")
  } -> (%4)
}

[20200630 16:33:09 INFO /Volumes/data/work/1duo-coremltools/coremltools/converters/mil/backend/nn/passes/nn_passes.py:22] Performing passes for nn_backend: "nn_backend::commingle_loop_vars"
[20200630 16:33:09 INFO /Volumes/data/work/1duo-coremltools/coremltools/converters/mil/backend/nn/passes/nn_passes.py:22] Performing passes for nn_backend: "nn_backend::handle_return_inputs_as_outputs"
[20200630 16:33:09 INFO /Volumes/data/work/1duo-coremltools/coremltools/converters/mil/backend/nn/passes/nn_passes.py:22] Performing passes for nn_backend: "common::const_elimination"
[20200630 16:33:09 INFO /Volumes/data/work/1duo-coremltools/coremltools/converters/mil/backend/nn/passes/nn_passes.py:22] Performing passes for nn_backend: "common::dead_code_elimination"
[20200630 16:33:09 INFO /Volumes/data/work/1duo-coremltools/coremltools/converters/mil/backend/nn/passes/nn_passes.py:22] Performing passes for nn_backend: "nn_backend::handle_unused_inputs"
[20200630 16:33:09 INFO /Volumes/data/work/1duo-coremltools/coremltools/converters/mil/backend/nn/passes/nn_passes.py:22] Performing passes for nn_backend: "nn_backend::alert_return_type_cast"
[20200630 16:33:09 DEBUG /Volumes/data/work/1duo-coremltools/coremltools/converters/mil/backend/nn/passes/nn_passes.py:26] Program after nn backend passes:
main(%x1: (100, 180, fp32),
     %x2: (100, 180, fp32)) {
  block4() {
    %mul_1: (100, 180, fp32) = mul(x=%x1, y=%x2, name="mul_1")
    %reduce_sum_0_axes_0: (1,i32)* = const(val=[1], name="reduce_sum_0_axes_0")
    %reduce_sum_0_keep_dims_0: (bool)* = const(val=False, name="reduce_sum_0_keep_dims_0")
    %reduce_sum_0: (100,fp32) = reduce_sum(x=%mul_1, axes=%reduce_sum_0_axes_0, keep_dims=%reduce_sum_0_keep_dims_0, name="reduce_sum_0")
    %mul_2: (100, 180, fp32) = mul(x=%x1, y=%x1, name="mul_2")
    %reduce_sum_1_axes_0: (1,i32)* = const(val=[1], name="reduce_sum_1_axes_0")
    %reduce_sum_1_keep_dims_0: (bool)* = const(val=False, name="reduce_sum_1_keep_dims_0")
    %reduce_sum_1: (100,fp32) = reduce_sum(x=%mul_2, axes=%reduce_sum_1_axes_0, keep_dims=%reduce_sum_1_keep_dims_0, name="reduce_sum_1")
    %mul_3: (100, 180, fp32) = mul(x=%x2, y=%x2, name="mul_3")
    %reduce_sum_2_axes_0: (1,i32)* = const(val=[1], name="reduce_sum_2_axes_0")
    %reduce_sum_2_keep_dims_0: (bool)* = const(val=False, name="reduce_sum_2_keep_dims_0")
    %reduce_sum_2: (100,fp32) = reduce_sum(x=%mul_3, axes=%reduce_sum_2_axes_0, keep_dims=%reduce_sum_2_keep_dims_0, name="reduce_sum_2")
    %mul_4: (100,fp32) = mul(x=%reduce_sum_1, y=%reduce_sum_2, name="mul_4")
    %maximum_0_y_0: (fp32)* = const(val=9.999999960041972e-13, name="maximum_0_y_0")
    %maximum_0: (100,fp32) = maximum(x=%mul_4, y=%maximum_0_y_0, name="maximum_0")
    %sqrt_0: (100,fp32) = sqrt(x=%maximum_0, name="sqrt_0")
    %4: (100,fp32) = real_div(x=%reduce_sum_0, y=%sqrt_0, name="4")
  } -> (%4)
}

[20200630 16:33:09 INFO /Volumes/data/work/1duo-coremltools/coremltools/converters/mil/backend/nn/op_mapping.py:202] added const maximum_0_y_0 for builder <coremltools.models.neural_network.builder.NeuralNetworkBuilder object at 0x7fb480be8550>
[20200630 16:33:09 INFO /Volumes/data/work/1duo-coremltools/coremltools/converters/mil/frontend/torch/converter.py:269] Converting graph.
[20200630 16:33:09 INFO /Volumes/data/work/1duo-coremltools/coremltools/converters/mil/frontend/torch/ops.py:49] Converting op 2 : constant
[20200630 16:33:09 INFO /Volumes/data/work/1duo-coremltools/coremltools/converters/mil/mil/builder.py:181] Adding op '2' of type const
[20200630 16:33:09 INFO /Volumes/data/work/1duo-coremltools/coremltools/converters/mil/frontend/torch/ops.py:49] Converting op 3 : constant
[20200630 16:33:09 INFO /Volumes/data/work/1duo-coremltools/coremltools/converters/mil/mil/builder.py:181] Adding op '3' of type const
[20200630 16:33:09 INFO /Volumes/data/work/1duo-coremltools/coremltools/converters/mil/frontend/torch/ops.py:49] Converting op 4 : cosine_similarity
[20200630 16:33:09 INFO /Volumes/data/work/1duo-coremltools/coremltools/converters/mil/mil/builder.py:181] Adding op 'mul_5' of type mul
[20200630 16:33:09 INFO /Volumes/data/work/1duo-coremltools/coremltools/converters/mil/mil/builder.py:181] Adding op 'reduce_sum_3' of type reduce_sum
[20200630 16:33:09 DEBUG /Volumes/data/work/1duo-coremltools/coremltools/converters/mil/mil/builder.py:93] Adding const op 'reduce_sum_3_axes_0'
[20200630 16:33:09 INFO /Volumes/data/work/1duo-coremltools/coremltools/converters/mil/mil/builder.py:181] Adding op 'reduce_sum_3_axes_0' of type const
[20200630 16:33:09 DEBUG /Volumes/data/work/1duo-coremltools/coremltools/converters/mil/mil/builder.py:93] Adding const op 'reduce_sum_3_keep_dims_0'
[20200630 16:33:09 INFO /Volumes/data/work/1duo-coremltools/coremltools/converters/mil/mil/builder.py:181] Adding op 'reduce_sum_3_keep_dims_0' of type const
[20200630 16:33:09 INFO /Volumes/data/work/1duo-coremltools/coremltools/converters/mil/mil/builder.py:181] Adding op 'mul_6' of type mul
[20200630 16:33:09 INFO /Volumes/data/work/1duo-coremltools/coremltools/converters/mil/mil/builder.py:181] Adding op 'reduce_sum_4' of type reduce_sum
[20200630 16:33:09 DEBUG /Volumes/data/work/1duo-coremltools/coremltools/converters/mil/mil/builder.py:93] Adding const op 'reduce_sum_4_axes_0'
[20200630 16:33:09 INFO /Volumes/data/work/1duo-coremltools/coremltools/converters/mil/mil/builder.py:181] Adding op 'reduce_sum_4_axes_0' of type const
[20200630 16:33:09 DEBUG /Volumes/data/work/1duo-coremltools/coremltools/converters/mil/mil/builder.py:93] Adding const op 'reduce_sum_4_keep_dims_0'
[20200630 16:33:09 INFO /Volumes/data/work/1duo-coremltools/coremltools/converters/mil/mil/builder.py:181] Adding op 'reduce_sum_4_keep_dims_0' of type const
[20200630 16:33:09 INFO /Volumes/data/work/1duo-coremltools/coremltools/converters/mil/mil/builder.py:181] Adding op 'mul_7' of type mul
[20200630 16:33:09 INFO /Volumes/data/work/1duo-coremltools/coremltools/converters/mil/mil/builder.py:181] Adding op 'reduce_sum_5' of type reduce_sum
[20200630 16:33:09 DEBUG /Volumes/data/work/1duo-coremltools/coremltools/converters/mil/mil/builder.py:93] Adding const op 'reduce_sum_5_axes_0'
[20200630 16:33:09 INFO /Volumes/data/work/1duo-coremltools/coremltools/converters/mil/mil/builder.py:181] Adding op 'reduce_sum_5_axes_0' of type const
[20200630 16:33:09 DEBUG /Volumes/data/work/1duo-coremltools/coremltools/converters/mil/mil/builder.py:93] Adding const op 'reduce_sum_5_keep_dims_0'
[20200630 16:33:09 INFO /Volumes/data/work/1duo-coremltools/coremltools/converters/mil/mil/builder.py:181] Adding op 'reduce_sum_5_keep_dims_0' of type const
[20200630 16:33:09 INFO /Volumes/data/work/1duo-coremltools/coremltools/converters/mil/mil/builder.py:181] Adding op 'mul_8' of type mul
[20200630 16:33:09 INFO /Volumes/data/work/1duo-coremltools/coremltools/converters/mil/mil/builder.py:181] Adding op 'maximum_1' of type maximum
[20200630 16:33:09 DEBUG /Volumes/data/work/1duo-coremltools/coremltools/converters/mil/mil/builder.py:93] Adding const op 'maximum_1_y_0'
[20200630 16:33:09 INFO /Volumes/data/work/1duo-coremltools/coremltools/converters/mil/mil/builder.py:181] Adding op 'maximum_1_y_0' of type const
[20200630 16:33:09 INFO /Volumes/data/work/1duo-coremltools/coremltools/converters/mil/mil/builder.py:181] Adding op 'sqrt_1' of type sqrt
[20200630 16:33:09 INFO /Volumes/data/work/1duo-coremltools/coremltools/converters/mil/mil/builder.py:181] Adding op '4' of type real_div
[20200630 16:33:09 DEBUG /Volumes/data/work/1duo-coremltools/coremltools/converters/mil/mil/passes/common_pass.py:30] Program before common passes:
main(%x1: (56, 123, fp32),
     %x2: (56, 123, fp32)) {
  block5() {
    %2: (i32)* = const(val=1, name="2")
    %3: (fp32)* = const(val=1e-06, name="3")
    %mul_5: (56, 123, fp32) = mul(x=%x1, y=%x2, name="mul_5")
    %reduce_sum_3_axes_0: (1,i32)* = const(val=[1], name="reduce_sum_3_axes_0")
    %reduce_sum_3_keep_dims_0: (bool)* = const(val=False, name="reduce_sum_3_keep_dims_0")
    %reduce_sum_3: (56,fp32) = reduce_sum(x=%mul_5, axes=%reduce_sum_3_axes_0, keep_dims=%reduce_sum_3_keep_dims_0, name="reduce_sum_3")
    %mul_6: (56, 123, fp32) = mul(x=%x1, y=%x1, name="mul_6")
    %reduce_sum_4_axes_0: (1,i32)* = const(val=[1], name="reduce_sum_4_axes_0")
    %reduce_sum_4_keep_dims_0: (bool)* = const(val=False, name="reduce_sum_4_keep_dims_0")
    %reduce_sum_4: (56,fp32) = reduce_sum(x=%mul_6, axes=%reduce_sum_4_axes_0, keep_dims=%reduce_sum_4_keep_dims_0, name="reduce_sum_4")
    %mul_7: (56, 123, fp32) = mul(x=%x2, y=%x2, name="mul_7")
    %reduce_sum_5_axes_0: (1,i32)* = const(val=[1], name="reduce_sum_5_axes_0")
    %reduce_sum_5_keep_dims_0: (bool)* = const(val=False, name="reduce_sum_5_keep_dims_0")
    %reduce_sum_5: (56,fp32) = reduce_sum(x=%mul_7, axes=%reduce_sum_5_axes_0, keep_dims=%reduce_sum_5_keep_dims_0, name="reduce_sum_5")
    %mul_8: (56,fp32) = mul(x=%reduce_sum_4, y=%reduce_sum_5, name="mul_8")
    %maximum_1_y_0: (fp32)* = const(val=9.999999960041972e-13, name="maximum_1_y_0")
    %maximum_1: (56,fp32) = maximum(x=%mul_8, y=%maximum_1_y_0, name="maximum_1")
    %sqrt_1: (56,fp32) = sqrt(x=%maximum_1, name="sqrt_1")
    %4: (56,fp32) = real_div(x=%reduce_sum_3, y=%sqrt_1, name="4")
  } -> (%4)
}

[20200630 16:33:09 INFO /Volumes/data/work/1duo-coremltools/coremltools/converters/mil/mil/passes/common_pass.py:34] Performing pass: "common::const_elimination"
[20200630 16:33:09 INFO /Volumes/data/work/1duo-coremltools/coremltools/converters/mil/mil/passes/common_pass.py:34] Performing pass: "common::divide_to_multiply"
[20200630 16:33:09 INFO /Volumes/data/work/1duo-coremltools/coremltools/converters/mil/mil/passes/common_pass.py:34] Performing pass: "common::fuse_matmul_weight_bias"
[20200630 16:33:09 INFO /Volumes/data/work/1duo-coremltools/coremltools/converters/mil/mil/passes/common_pass.py:34] Performing pass: "common::const_elimination"
[20200630 16:33:09 INFO /Volumes/data/work/1duo-coremltools/coremltools/converters/mil/mil/passes/common_pass.py:34] Performing pass: "common::loop_invariant_elimination"
[20200630 16:33:09 INFO /Volumes/data/work/1duo-coremltools/coremltools/converters/mil/mil/passes/common_pass.py:34] Performing pass: "common::remove_symbolic_reshape"
[20200630 16:33:09 INFO /Volumes/data/work/1duo-coremltools/coremltools/converters/mil/mil/passes/remove_symbolic_reshape.py:104] remove_symbolic_reshape: changed 0 reshapes.
[20200630 16:33:09 INFO /Volumes/data/work/1duo-coremltools/coremltools/converters/mil/mil/passes/common_pass.py:34] Performing pass: "common::fuse_gelu_tanh_approximation"
[20200630 16:33:09 INFO /Volumes/data/work/1duo-coremltools/coremltools/converters/mil/mil/passes/common_pass.py:34] Performing pass: "common::reduce_transposes"
[20200630 16:33:09 DEBUG /Volumes/data/work/1duo-coremltools/coremltools/converters/mil/mil/passes/reduce_transposes.py:989] Block before optimize transpose transform:
function(%x1: (56, 123, fp32),
         %x2: (56, 123, fp32)) {
  block5() {
    %2: (i32)* = const(val=1, name="2")
    %3: (fp32)* = const(val=1e-06, name="3")
    %mul_5: (56, 123, fp32) = mul(x=%x1, y=%x2, name="mul_5")
    %reduce_sum_3_axes_0: (1,i32)* = const(val=[1], name="reduce_sum_3_axes_0")
    %reduce_sum_3_keep_dims_0: (bool)* = const(val=False, name="reduce_sum_3_keep_dims_0")
    %reduce_sum_3: (56,fp32) = reduce_sum(x=%mul_5, axes=%reduce_sum_3_axes_0, keep_dims=%reduce_sum_3_keep_dims_0, name="reduce_sum_3")
    %mul_6: (56, 123, fp32) = mul(x=%x1, y=%x1, name="mul_6")
    %reduce_sum_4_axes_0: (1,i32)* = const(val=[1], name="reduce_sum_4_axes_0")
    %reduce_sum_4_keep_dims_0: (bool)* = const(val=False, name="reduce_sum_4_keep_dims_0")
    %reduce_sum_4: (56,fp32) = reduce_sum(x=%mul_6, axes=%reduce_sum_4_axes_0, keep_dims=%reduce_sum_4_keep_dims_0, name="reduce_sum_4")
    %mul_7: (56, 123, fp32) = mul(x=%x2, y=%x2, name="mul_7")
    %reduce_sum_5_axes_0: (1,i32)* = const(val=[1], name="reduce_sum_5_axes_0")
    %reduce_sum_5_keep_dims_0: (bool)* = const(val=False, name="reduce_sum_5_keep_dims_0")
    %reduce_sum_5: (56,fp32) = reduce_sum(x=%mul_7, axes=%reduce_sum_5_axes_0, keep_dims=%reduce_sum_5_keep_dims_0, name="reduce_sum_5")
    %mul_8: (56,fp32) = mul(x=%reduce_sum_4, y=%reduce_sum_5, name="mul_8")
    %maximum_1_y_0: (fp32)* = const(val=9.999999960041972e-13, name="maximum_1_y_0")
    %maximum_1: (56,fp32) = maximum(x=%mul_8, y=%maximum_1_y_0, name="maximum_1")
    %sqrt_1: (56,fp32) = sqrt(x=%maximum_1, name="sqrt_1")
    %4: (56,fp32) = real_div(x=%reduce_sum_3, y=%sqrt_1, name="4")
  } -> (%4)
}

[20200630 16:33:09 DEBUG /Volumes/data/work/1duo-coremltools/coremltools/converters/mil/mil/passes/reduce_transposes.py:1024] Block after optimize transpose transform:
function(%x1: (56, 123, fp32),
         %x2: (56, 123, fp32)) {
  block5() {
    %2: (i32)* = const(val=1, name="2")
    %3: (fp32)* = const(val=1e-06, name="3")
    %mul_5: (56, 123, fp32) = mul(x=%x1, y=%x2, name="mul_5")
    %reduce_sum_3_axes_0: (1,i32)* = const(val=[1], name="reduce_sum_3_axes_0")
    %reduce_sum_3_keep_dims_0: (bool)* = const(val=False, name="reduce_sum_3_keep_dims_0")
    %reduce_sum_3: (56,fp32) = reduce_sum(x=%mul_5, axes=%reduce_sum_3_axes_0, keep_dims=%reduce_sum_3_keep_dims_0, name="reduce_sum_3")
    %mul_6: (56, 123, fp32) = mul(x=%x1, y=%x1, name="mul_6")
    %reduce_sum_4_axes_0: (1,i32)* = const(val=[1], name="reduce_sum_4_axes_0")
    %reduce_sum_4_keep_dims_0: (bool)* = const(val=False, name="reduce_sum_4_keep_dims_0")
    %reduce_sum_4: (56,fp32) = reduce_sum(x=%mul_6, axes=%reduce_sum_4_axes_0, keep_dims=%reduce_sum_4_keep_dims_0, name="reduce_sum_4")
    %mul_7: (56, 123, fp32) = mul(x=%x2, y=%x2, name="mul_7")
    %reduce_sum_5_axes_0: (1,i32)* = const(val=[1], name="reduce_sum_5_axes_0")
    %reduce_sum_5_keep_dims_0: (bool)* = const(val=False, name="reduce_sum_5_keep_dims_0")
    %reduce_sum_5: (56,fp32) = reduce_sum(x=%mul_7, axes=%reduce_sum_5_axes_0, keep_dims=%reduce_sum_5_keep_dims_0, name="reduce_sum_5")
    %mul_8: (56,fp32) = mul(x=%reduce_sum_4, y=%reduce_sum_5, name="mul_8")
    %maximum_1_y_0: (fp32)* = const(val=9.999999960041972e-13, name="maximum_1_y_0")
    %maximum_1: (56,fp32) = maximum(x=%mul_8, y=%maximum_1_y_0, name="maximum_1")
    %sqrt_1: (56,fp32) = sqrt(x=%maximum_1, name="sqrt_1")
    %4: (56,fp32) = real_div(x=%reduce_sum_3, y=%sqrt_1, name="4")
  } -> (%4)
}

[20200630 16:33:09 INFO /Volumes/data/work/1duo-coremltools/coremltools/converters/mil/mil/passes/common_pass.py:34] Performing pass: "common::fuse_bias_conv"
[20200630 16:33:09 INFO /Volumes/data/work/1duo-coremltools/coremltools/converters/mil/mil/passes/common_pass.py:34] Performing pass: "common::fuse_elementwise_to_batchnorm"
[20200630 16:33:09 INFO /Volumes/data/work/1duo-coremltools/coremltools/converters/mil/mil/passes/common_pass.py:34] Performing pass: "common::fuse_onehot_matmul_to_gather"
[20200630 16:33:09 INFO /Volumes/data/work/1duo-coremltools/coremltools/converters/mil/mil/passes/common_pass.py:34] Performing pass: "common::fuse_layernorm_or_instancenorm"
[20200630 16:33:09 INFO /Volumes/data/work/1duo-coremltools/coremltools/converters/mil/mil/passes/common_pass.py:34] Performing pass: "common::dead_code_elimination"
[20200630 16:33:09 INFO /Volumes/data/work/1duo-coremltools/coremltools/converters/mil/mil/passes/dead_code_elimination.py:35] Removing op "3" (type: const)
[20200630 16:33:09 INFO /Volumes/data/work/1duo-coremltools/coremltools/converters/mil/mil/passes/dead_code_elimination.py:35] Removing op "2" (type: const)
[20200630 16:33:09 DEBUG /Volumes/data/work/1duo-coremltools/coremltools/converters/mil/mil/passes/common_pass.py:38] Program after common passes:
main(%x1: (56, 123, fp32),
     %x2: (56, 123, fp32)) {
  block5() {
    %mul_5: (56, 123, fp32) = mul(x=%x1, y=%x2, name="mul_5")
    %reduce_sum_3_axes_0: (1,i32)* = const(val=[1], name="reduce_sum_3_axes_0")
    %reduce_sum_3_keep_dims_0: (bool)* = const(val=False, name="reduce_sum_3_keep_dims_0")
    %reduce_sum_3: (56,fp32) = reduce_sum(x=%mul_5, axes=%reduce_sum_3_axes_0, keep_dims=%reduce_sum_3_keep_dims_0, name="reduce_sum_3")
    %mul_6: (56, 123, fp32) = mul(x=%x1, y=%x1, name="mul_6")
    %reduce_sum_4_axes_0: (1,i32)* = const(val=[1], name="reduce_sum_4_axes_0")
    %reduce_sum_4_keep_dims_0: (bool)* = const(val=False, name="reduce_sum_4_keep_dims_0")
    %reduce_sum_4: (56,fp32) = reduce_sum(x=%mul_6, axes=%reduce_sum_4_axes_0, keep_dims=%reduce_sum_4_keep_dims_0, name="reduce_sum_4")
    %mul_7: (56, 123, fp32) = mul(x=%x2, y=%x2, name="mul_7")
    %reduce_sum_5_axes_0: (1,i32)* = const(val=[1], name="reduce_sum_5_axes_0")
    %reduce_sum_5_keep_dims_0: (bool)* = const(val=False, name="reduce_sum_5_keep_dims_0")
    %reduce_sum_5: (56,fp32) = reduce_sum(x=%mul_7, axes=%reduce_sum_5_axes_0, keep_dims=%reduce_sum_5_keep_dims_0, name="reduce_sum_5")
    %mul_8: (56,fp32) = mul(x=%reduce_sum_4, y=%reduce_sum_5, name="mul_8")
    %maximum_1_y_0: (fp32)* = const(val=9.999999960041972e-13, name="maximum_1_y_0")
    %maximum_1: (56,fp32) = maximum(x=%mul_8, y=%maximum_1_y_0, name="maximum_1")
    %sqrt_1: (56,fp32) = sqrt(x=%maximum_1, name="sqrt_1")
    %4: (56,fp32) = real_div(x=%reduce_sum_3, y=%sqrt_1, name="4")
  } -> (%4)
}

[20200630 16:33:09 INFO /Volumes/data/work/1duo-coremltools/coremltools/converters/mil/backend/nn/passes/nn_passes.py:22] Performing passes for nn_backend: "nn_backend::commingle_loop_vars"
[20200630 16:33:09 INFO /Volumes/data/work/1duo-coremltools/coremltools/converters/mil/backend/nn/passes/nn_passes.py:22] Performing passes for nn_backend: "nn_backend::handle_return_inputs_as_outputs"
[20200630 16:33:09 INFO /Volumes/data/work/1duo-coremltools/coremltools/converters/mil/backend/nn/passes/nn_passes.py:22] Performing passes for nn_backend: "common::const_elimination"
[20200630 16:33:09 INFO /Volumes/data/work/1duo-coremltools/coremltools/converters/mil/backend/nn/passes/nn_passes.py:22] Performing passes for nn_backend: "common::dead_code_elimination"
[20200630 16:33:09 INFO /Volumes/data/work/1duo-coremltools/coremltools/converters/mil/backend/nn/passes/nn_passes.py:22] Performing passes for nn_backend: "nn_backend::handle_unused_inputs"
[20200630 16:33:09 INFO /Volumes/data/work/1duo-coremltools/coremltools/converters/mil/backend/nn/passes/nn_passes.py:22] Performing passes for nn_backend: "nn_backend::alert_return_type_cast"
[20200630 16:33:09 DEBUG /Volumes/data/work/1duo-coremltools/coremltools/converters/mil/backend/nn/passes/nn_passes.py:26] Program after nn backend passes:
main(%x1: (56, 123, fp32),
     %x2: (56, 123, fp32)) {
  block5() {
    %mul_5: (56, 123, fp32) = mul(x=%x1, y=%x2, name="mul_5")
    %reduce_sum_3_axes_0: (1,i32)* = const(val=[1], name="reduce_sum_3_axes_0")
    %reduce_sum_3_keep_dims_0: (bool)* = const(val=False, name="reduce_sum_3_keep_dims_0")
    %reduce_sum_3: (56,fp32) = reduce_sum(x=%mul_5, axes=%reduce_sum_3_axes_0, keep_dims=%reduce_sum_3_keep_dims_0, name="reduce_sum_3")
    %mul_6: (56, 123, fp32) = mul(x=%x1, y=%x1, name="mul_6")
    %reduce_sum_4_axes_0: (1,i32)* = const(val=[1], name="reduce_sum_4_axes_0")
    %reduce_sum_4_keep_dims_0: (bool)* = const(val=False, name="reduce_sum_4_keep_dims_0")
    %reduce_sum_4: (56,fp32) = reduce_sum(x=%mul_6, axes=%reduce_sum_4_axes_0, keep_dims=%reduce_sum_4_keep_dims_0, name="reduce_sum_4")
    %mul_7: (56, 123, fp32) = mul(x=%x2, y=%x2, name="mul_7")
    %reduce_sum_5_axes_0: (1,i32)* = const(val=[1], name="reduce_sum_5_axes_0")
    %reduce_sum_5_keep_dims_0: (bool)* = const(val=False, name="reduce_sum_5_keep_dims_0")
    %reduce_sum_5: (56,fp32) = reduce_sum(x=%mul_7, axes=%reduce_sum_5_axes_0, keep_dims=%reduce_sum_5_keep_dims_0, name="reduce_sum_5")
    %mul_8: (56,fp32) = mul(x=%reduce_sum_4, y=%reduce_sum_5, name="mul_8")
    %maximum_1_y_0: (fp32)* = const(val=9.999999960041972e-13, name="maximum_1_y_0")
    %maximum_1: (56,fp32) = maximum(x=%mul_8, y=%maximum_1_y_0, name="maximum_1")
    %sqrt_1: (56,fp32) = sqrt(x=%maximum_1, name="sqrt_1")
    %4: (56,fp32) = real_div(x=%reduce_sum_3, y=%sqrt_1, name="4")
  } -> (%4)
}

[20200630 16:33:09 INFO /Volumes/data/work/1duo-coremltools/coremltools/converters/mil/backend/nn/op_mapping.py:202] added const maximum_1_y_0 for builder <coremltools.models.neural_network.builder.NeuralNetworkBuilder object at 0x7fb490f6a250>
[20200630 16:33:09 INFO /Volumes/data/work/1duo-coremltools/coremltools/converters/mil/frontend/torch/converter.py:269] Converting graph.
[20200630 16:33:09 INFO /Volumes/data/work/1duo-coremltools/coremltools/converters/mil/frontend/torch/ops.py:49] Converting op 2 : _sparse_mm
[20200630 16:33:09 INFO /Volumes/data/work/1duo-coremltools/coremltools/converters/mil/mil/builder.py:181] Adding op '2' of type custom_torch_sparse_matmul
[20200630 16:33:09 DEBUG /Volumes/data/work/1duo-coremltools/coremltools/converters/mil/mil/builder.py:93] Adding const op '2_transpose_x_0'
[20200630 16:33:09 INFO /Volumes/data/work/1duo-coremltools/coremltools/converters/mil/mil/builder.py:181] Adding op '2_transpose_x_0' of type const
[20200630 16:33:09 DEBUG /Volumes/data/work/1duo-coremltools/coremltools/converters/mil/mil/builder.py:93] Adding const op '2_transpose_y_0'
[20200630 16:33:09 INFO /Volumes/data/work/1duo-coremltools/coremltools/converters/mil/mil/builder.py:181] Adding op '2_transpose_y_0' of type const
[20200630 16:33:09 DEBUG /Volumes/data/work/1duo-coremltools/coremltools/converters/mil/mil/builder.py:93] Adding const op '2_x_is_sparse_0'
[20200630 16:33:09 INFO /Volumes/data/work/1duo-coremltools/coremltools/converters/mil/mil/builder.py:181] Adding op '2_x_is_sparse_0' of type const
[20200630 16:33:09 DEBUG /Volumes/data/work/1duo-coremltools/coremltools/converters/mil/mil/builder.py:93] Adding const op '2_y_is_sparse_0'
[20200630 16:33:09 INFO /Volumes/data/work/1duo-coremltools/coremltools/converters/mil/mil/builder.py:181] Adding op '2_y_is_sparse_0' of type const
[20200630 16:33:09 DEBUG /Volumes/data/work/1duo-coremltools/coremltools/converters/mil/mil/passes/common_pass.py:30] Program before common passes:
main(%mat1: (4, 4, fp32),
     %mat2: (4, 4, fp32)) {
  block6() {
    %2_transpose_x_0: (bool)* = const(val=False, name="2_transpose_x_0")
    %2_transpose_y_0: (bool)* = const(val=False, name="2_transpose_y_0")
    %2_x_is_sparse_0: (bool)* = const(val=True, name="2_x_is_sparse_0")
    %2_y_is_sparse_0: (bool)* = const(val=True, name="2_y_is_sparse_0")
    %2: (4, 4, fp32) = custom_torch_sparse_matmul(x=%mat1, y=%mat2, transpose_x=%2_transpose_x_0, transpose_y=%2_transpose_y_0, x_is_sparse=%2_x_is_sparse_0, y_is_sparse=%2_y_is_sparse_0, name="2")
  } -> (%2)
}

[20200630 16:33:09 INFO /Volumes/data/work/1duo-coremltools/coremltools/converters/mil/mil/passes/common_pass.py:34] Performing pass: "common::const_elimination"
[20200630 16:33:09 INFO /Volumes/data/work/1duo-coremltools/coremltools/converters/mil/mil/passes/common_pass.py:34] Performing pass: "common::divide_to_multiply"
[20200630 16:33:09 INFO /Volumes/data/work/1duo-coremltools/coremltools/converters/mil/mil/passes/common_pass.py:34] Performing pass: "common::fuse_matmul_weight_bias"
[20200630 16:33:09 INFO /Volumes/data/work/1duo-coremltools/coremltools/converters/mil/mil/passes/common_pass.py:34] Performing pass: "common::const_elimination"
[20200630 16:33:09 INFO /Volumes/data/work/1duo-coremltools/coremltools/converters/mil/mil/passes/common_pass.py:34] Performing pass: "common::loop_invariant_elimination"
[20200630 16:33:09 INFO /Volumes/data/work/1duo-coremltools/coremltools/converters/mil/mil/passes/common_pass.py:34] Performing pass: "common::remove_symbolic_reshape"
[20200630 16:33:09 INFO /Volumes/data/work/1duo-coremltools/coremltools/converters/mil/mil/passes/remove_symbolic_reshape.py:104] remove_symbolic_reshape: changed 0 reshapes.
[20200630 16:33:09 INFO /Volumes/data/work/1duo-coremltools/coremltools/converters/mil/mil/passes/common_pass.py:34] Performing pass: "common::fuse_gelu_tanh_approximation"
[20200630 16:33:09 INFO /Volumes/data/work/1duo-coremltools/coremltools/converters/mil/mil/passes/common_pass.py:34] Performing pass: "common::reduce_transposes"
[20200630 16:33:09 DEBUG /Volumes/data/work/1duo-coremltools/coremltools/converters/mil/mil/passes/reduce_transposes.py:989] Block before optimize transpose transform:
function(%mat1: (4, 4, fp32),
         %mat2: (4, 4, fp32)) {
  block6() {
    %2_transpose_x_0: (bool)* = const(val=False, name="2_transpose_x_0")
    %2_transpose_y_0: (bool)* = const(val=False, name="2_transpose_y_0")
    %2_x_is_sparse_0: (bool)* = const(val=True, name="2_x_is_sparse_0")
    %2_y_is_sparse_0: (bool)* = const(val=True, name="2_y_is_sparse_0")
    %2: (4, 4, fp32) = custom_torch_sparse_matmul(x=%mat1, y=%mat2, transpose_x=%2_transpose_x_0, transpose_y=%2_transpose_y_0, x_is_sparse=%2_x_is_sparse_0, y_is_sparse=%2_y_is_sparse_0, name="2")
  } -> (%2)
}

[20200630 16:33:09 DEBUG /Volumes/data/work/1duo-coremltools/coremltools/converters/mil/mil/passes/reduce_transposes.py:1024] Block after optimize transpose transform:
function(%mat1: (4, 4, fp32),
         %mat2: (4, 4, fp32)) {
  block6() {
    %2_transpose_x_0: (bool)* = const(val=False, name="2_transpose_x_0")
    %2_transpose_y_0: (bool)* = const(val=False, name="2_transpose_y_0")
    %2_x_is_sparse_0: (bool)* = const(val=True, name="2_x_is_sparse_0")
    %2_y_is_sparse_0: (bool)* = const(val=True, name="2_y_is_sparse_0")
    %2: (4, 4, fp32) = custom_torch_sparse_matmul(x=%mat1, y=%mat2, transpose_x=%2_transpose_x_0, transpose_y=%2_transpose_y_0, x_is_sparse=%2_x_is_sparse_0, y_is_sparse=%2_y_is_sparse_0, name="2")
  } -> (%2)
}

[20200630 16:33:09 INFO /Volumes/data/work/1duo-coremltools/coremltools/converters/mil/mil/passes/common_pass.py:34] Performing pass: "common::fuse_bias_conv"
[20200630 16:33:09 INFO /Volumes/data/work/1duo-coremltools/coremltools/converters/mil/mil/passes/common_pass.py:34] Performing pass: "common::fuse_elementwise_to_batchnorm"
[20200630 16:33:09 INFO /Volumes/data/work/1duo-coremltools/coremltools/converters/mil/mil/passes/common_pass.py:34] Performing pass: "common::fuse_onehot_matmul_to_gather"
[20200630 16:33:09 INFO /Volumes/data/work/1duo-coremltools/coremltools/converters/mil/mil/passes/common_pass.py:34] Performing pass: "common::fuse_layernorm_or_instancenorm"
[20200630 16:33:09 INFO /Volumes/data/work/1duo-coremltools/coremltools/converters/mil/mil/passes/common_pass.py:34] Performing pass: "common::dead_code_elimination"
[20200630 16:33:09 DEBUG /Volumes/data/work/1duo-coremltools/coremltools/converters/mil/mil/passes/common_pass.py:38] Program after common passes:
main(%mat1: (4, 4, fp32),
     %mat2: (4, 4, fp32)) {
  block6() {
    %2_transpose_x_0: (bool)* = const(val=False, name="2_transpose_x_0")
    %2_transpose_y_0: (bool)* = const(val=False, name="2_transpose_y_0")
    %2_x_is_sparse_0: (bool)* = const(val=True, name="2_x_is_sparse_0")
    %2_y_is_sparse_0: (bool)* = const(val=True, name="2_y_is_sparse_0")
    %2: (4, 4, fp32) = custom_torch_sparse_matmul(x=%mat1, y=%mat2, transpose_x=%2_transpose_x_0, transpose_y=%2_transpose_y_0, x_is_sparse=%2_x_is_sparse_0, y_is_sparse=%2_y_is_sparse_0, name="2")
  } -> (%2)
}

[20200630 16:33:09 INFO /Volumes/data/work/1duo-coremltools/coremltools/converters/mil/backend/nn/passes/nn_passes.py:22] Performing passes for nn_backend: "nn_backend::commingle_loop_vars"
[20200630 16:33:09 INFO /Volumes/data/work/1duo-coremltools/coremltools/converters/mil/backend/nn/passes/nn_passes.py:22] Performing passes for nn_backend: "nn_backend::handle_return_inputs_as_outputs"
[20200630 16:33:09 INFO /Volumes/data/work/1duo-coremltools/coremltools/converters/mil/backend/nn/passes/nn_passes.py:22] Performing passes for nn_backend: "common::const_elimination"
[20200630 16:33:09 INFO /Volumes/data/work/1duo-coremltools/coremltools/converters/mil/backend/nn/passes/nn_passes.py:22] Performing passes for nn_backend: "common::dead_code_elimination"
[20200630 16:33:09 INFO /Volumes/data/work/1duo-coremltools/coremltools/converters/mil/backend/nn/passes/nn_passes.py:22] Performing passes for nn_backend: "nn_backend::handle_unused_inputs"
[20200630 16:33:09 INFO /Volumes/data/work/1duo-coremltools/coremltools/converters/mil/backend/nn/passes/nn_passes.py:22] Performing passes for nn_backend: "nn_backend::alert_return_type_cast"
[20200630 16:33:09 DEBUG /Volumes/data/work/1duo-coremltools/coremltools/converters/mil/backend/nn/passes/nn_passes.py:26] Program after nn backend passes:
main(%mat1: (4, 4, fp32),
     %mat2: (4, 4, fp32)) {
  block6() {
    %2_transpose_x_0: (bool)* = const(val=False, name="2_transpose_x_0")
    %2_transpose_y_0: (bool)* = const(val=False, name="2_transpose_y_0")
    %2_x_is_sparse_0: (bool)* = const(val=True, name="2_x_is_sparse_0")
    %2_y_is_sparse_0: (bool)* = const(val=True, name="2_y_is_sparse_0")
    %2: (4, 4, fp32) = custom_torch_sparse_matmul(x=%mat1, y=%mat2, transpose_x=%2_transpose_x_0, transpose_y=%2_transpose_y_0, x_is_sparse=%2_x_is_sparse_0, y_is_sparse=%2_y_is_sparse_0, name="2")
  } -> (%2)
}

[20200630 16:33:09 INFO /Volumes/data/work/1duo-coremltools/coremltools/converters/mil/frontend/torch/converter.py:269] Converting graph.
[20200630 16:33:09 INFO /Volumes/data/work/1duo-coremltools/coremltools/converters/mil/mil/builder.py:181] Adding op '1' of type const
[20200630 16:33:09 INFO /Volumes/data/work/1duo-coremltools/coremltools/converters/mil/mil/builder.py:181] Adding op '2' of type const
[20200630 16:33:09 INFO /Volumes/data/work/1duo-coremltools/coremltools/converters/mil/frontend/torch/ops.py:49] Converting op 3 : t
[20200630 16:33:09 INFO /Volumes/data/work/1duo-coremltools/coremltools/converters/mil/mil/builder.py:181] Adding op '3' of type transpose
[20200630 16:33:09 DEBUG /Volumes/data/work/1duo-coremltools/coremltools/converters/mil/mil/builder.py:93] Adding const op '3_perm_0'
[20200630 16:33:09 INFO /Volumes/data/work/1duo-coremltools/coremltools/converters/mil/mil/builder.py:181] Adding op '3_perm_0' of type const
[20200630 16:33:09 INFO /Volumes/data/work/1duo-coremltools/coremltools/converters/mil/frontend/torch/ops.py:49] Converting op 4 : constant
[20200630 16:33:09 INFO /Volumes/data/work/1duo-coremltools/coremltools/converters/mil/mil/builder.py:181] Adding op '4' of type const
[20200630 16:33:09 INFO /Volumes/data/work/1duo-coremltools/coremltools/converters/mil/frontend/torch/ops.py:49] Converting op 5 : constant
[20200630 16:33:09 INFO /Volumes/data/work/1duo-coremltools/coremltools/converters/mil/mil/builder.py:181] Adding op '5' of type const
[20200630 16:33:09 INFO /Volumes/data/work/1duo-coremltools/coremltools/converters/mil/frontend/torch/ops.py:49] Converting op 6 : addmm
[20200630 16:33:09 INFO /Volumes/data/work/1duo-coremltools/coremltools/converters/mil/mil/builder.py:181] Adding op '3_transposed' of type transpose
[20200630 16:33:09 DEBUG /Volumes/data/work/1duo-coremltools/coremltools/converters/mil/mil/builder.py:93] Adding const op '3_transposed_perm_0'
[20200630 16:33:09 INFO /Volumes/data/work/1duo-coremltools/coremltools/converters/mil/mil/builder.py:181] Adding op '3_transposed_perm_0' of type const
[20200630 16:33:09 INFO /Volumes/data/work/1duo-coremltools/coremltools/converters/mil/mil/builder.py:181] Adding op '6' of type linear
[20200630 16:33:09 DEBUG /Volumes/data/work/1duo-coremltools/coremltools/converters/mil/mil/passes/common_pass.py:30] Program before common passes:
main(%input: (1, 10, fp32)) {
  block7() {
    %1: (3, 10, fp32)* = const(val=(file_value), name="1")
    %2: (3,fp32)* = const(val=[-0.2117302119731903, -0.1814727783203125, 0.12489351630210876], name="2")
    %3_perm_0: (2,i32)* = const(val=[1, 0], name="3_perm_0")
    %3: (10, 3, fp32)* = transpose(x=%1, perm=%3_perm_0, name="3")
    %4: (i32)* = const(val=1, name="4")
    %5: (i32)* = const(val=1, name="5")
    %3_transposed_perm_0: (2,i32)* = const(val=[1, 0], name="3_transposed_perm_0")
    %3_transposed: (3, 10, fp32)* = transpose(x=%3, perm=%3_transposed_perm_0, name="3_transposed")
    %6: (1, 3, fp32) = linear(x=%input, weight=%3_transposed, bias=%2, name="6")
  } -> (%6)
}

[20200630 16:33:09 INFO /Volumes/data/work/1duo-coremltools/coremltools/converters/mil/mil/passes/common_pass.py:34] Performing pass: "common::const_elimination"
[20200630 16:33:09 INFO /Volumes/data/work/1duo-coremltools/coremltools/converters/mil/mil/builder.py:181] Adding op '3' of type const
[20200630 16:33:09 DEBUG /Volumes/data/work/1duo-coremltools/coremltools/converters/mil/mil/block.py:1107] Num ops affected in replacing var: 1
[20200630 16:33:09 INFO /Volumes/data/work/1duo-coremltools/coremltools/converters/mil/mil/builder.py:181] Adding op '3_transposed' of type const
[20200630 16:33:09 DEBUG /Volumes/data/work/1duo-coremltools/coremltools/converters/mil/mil/block.py:1107] Num ops affected in replacing var: 1
[20200630 16:33:09 INFO /Volumes/data/work/1duo-coremltools/coremltools/converters/mil/mil/passes/common_pass.py:34] Performing pass: "common::divide_to_multiply"
[20200630 16:33:09 INFO /Volumes/data/work/1duo-coremltools/coremltools/converters/mil/mil/passes/common_pass.py:34] Performing pass: "common::fuse_matmul_weight_bias"
[20200630 16:33:09 INFO /Volumes/data/work/1duo-coremltools/coremltools/converters/mil/mil/passes/common_pass.py:34] Performing pass: "common::const_elimination"
[20200630 16:33:09 INFO /Volumes/data/work/1duo-coremltools/coremltools/converters/mil/mil/passes/common_pass.py:34] Performing pass: "common::loop_invariant_elimination"
[20200630 16:33:09 INFO /Volumes/data/work/1duo-coremltools/coremltools/converters/mil/mil/passes/common_pass.py:34] Performing pass: "common::remove_symbolic_reshape"
[20200630 16:33:09 INFO /Volumes/data/work/1duo-coremltools/coremltools/converters/mil/mil/passes/remove_symbolic_reshape.py:104] remove_symbolic_reshape: changed 0 reshapes.
[20200630 16:33:09 INFO /Volumes/data/work/1duo-coremltools/coremltools/converters/mil/mil/passes/common_pass.py:34] Performing pass: "common::fuse_gelu_tanh_approximation"
[20200630 16:33:09 INFO /Volumes/data/work/1duo-coremltools/coremltools/converters/mil/mil/passes/common_pass.py:34] Performing pass: "common::reduce_transposes"
[20200630 16:33:09 DEBUG /Volumes/data/work/1duo-coremltools/coremltools/converters/mil/mil/passes/reduce_transposes.py:989] Block before optimize transpose transform:
function(%input: (1, 10, fp32)) {
  block7() {
    %1: (3, 10, fp32)* = const(val=(file_value), name="1")
    %2: (3,fp32)* = const(val=[-0.2117302119731903, -0.1814727783203125, 0.12489351630210876], name="2")
    %3_perm_0: (2,i32)* = const(val=[1, 0], name="3_perm_0")
    %3: (10, 3, fp32)* = const(val=(file_value), name="3")
    %4: (i32)* = const(val=1, name="4")
    %5: (i32)* = const(val=1, name="5")
    %3_transposed_perm_0: (2,i32)* = const(val=[1, 0], name="3_transposed_perm_0")
    %3_transposed: (3, 10, fp32)* = const(val=(file_value), name="3_transposed")
    %6: (1, 3, fp32) = linear(x=%input, weight=%3_transposed, bias=%2, name="6")
  } -> (%6)
}

[20200630 16:33:09 DEBUG /Volumes/data/work/1duo-coremltools/coremltools/converters/mil/mil/passes/reduce_transposes.py:1024] Block after optimize transpose transform:
function(%input: (1, 10, fp32)) {
  block7() {
    %1: (3, 10, fp32)* = const(val=(file_value), name="1")
    %2: (3,fp32)* = const(val=[-0.2117302119731903, -0.1814727783203125, 0.12489351630210876], name="2")
    %3_perm_0: (2,i32)* = const(val=[1, 0], name="3_perm_0")
    %3: (10, 3, fp32)* = const(val=(file_value), name="3")
    %4: (i32)* = const(val=1, name="4")
    %5: (i32)* = const(val=1, name="5")
    %3_transposed_perm_0: (2,i32)* = const(val=[1, 0], name="3_transposed_perm_0")
    %3_transposed: (3, 10, fp32)* = const(val=(file_value), name="3_transposed")
    %6: (1, 3, fp32) = linear(x=%input, weight=%3_transposed, bias=%2, name="6")
  } -> (%6)
}

[20200630 16:33:09 INFO /Volumes/data/work/1duo-coremltools/coremltools/converters/mil/mil/passes/common_pass.py:34] Performing pass: "common::fuse_bias_conv"
[20200630 16:33:09 INFO /Volumes/data/work/1duo-coremltools/coremltools/converters/mil/mil/passes/common_pass.py:34] Performing pass: "common::fuse_elementwise_to_batchnorm"
[20200630 16:33:09 INFO /Volumes/data/work/1duo-coremltools/coremltools/converters/mil/mil/passes/common_pass.py:34] Performing pass: "common::fuse_onehot_matmul_to_gather"
[20200630 16:33:09 INFO /Volumes/data/work/1duo-coremltools/coremltools/converters/mil/mil/passes/common_pass.py:34] Performing pass: "common::fuse_layernorm_or_instancenorm"
[20200630 16:33:09 INFO /Volumes/data/work/1duo-coremltools/coremltools/converters/mil/mil/passes/common_pass.py:34] Performing pass: "common::dead_code_elimination"
[20200630 16:33:09 INFO /Volumes/data/work/1duo-coremltools/coremltools/converters/mil/mil/passes/dead_code_elimination.py:35] Removing op "3_transposed_perm_0" (type: const)
[20200630 16:33:09 INFO /Volumes/data/work/1duo-coremltools/coremltools/converters/mil/mil/passes/dead_code_elimination.py:35] Removing op "5" (type: const)
[20200630 16:33:09 INFO /Volumes/data/work/1duo-coremltools/coremltools/converters/mil/mil/passes/dead_code_elimination.py:35] Removing op "4" (type: const)
[20200630 16:33:09 INFO /Volumes/data/work/1duo-coremltools/coremltools/converters/mil/mil/passes/dead_code_elimination.py:35] Removing op "3" (type: const)
[20200630 16:33:09 INFO /Volumes/data/work/1duo-coremltools/coremltools/converters/mil/mil/passes/dead_code_elimination.py:35] Removing op "3_perm_0" (type: const)
[20200630 16:33:09 INFO /Volumes/data/work/1duo-coremltools/coremltools/converters/mil/mil/passes/dead_code_elimination.py:35] Removing op "1" (type: const)
[20200630 16:33:09 DEBUG /Volumes/data/work/1duo-coremltools/coremltools/converters/mil/mil/passes/common_pass.py:38] Program after common passes:
main(%input: (1, 10, fp32)) {
  block7() {
    %2: (3,fp32)* = const(val=[-0.2117302119731903, -0.1814727783203125, 0.12489351630210876], name="2")
    %3_transposed: (3, 10, fp32)* = const(val=(file_value), name="3_transposed")
    %6: (1, 3, fp32) = linear(x=%input, weight=%3_transposed, bias=%2, name="6")
  } -> (%6)
}

[20200630 16:33:09 INFO /Volumes/data/work/1duo-coremltools/coremltools/converters/mil/backend/nn/passes/nn_passes.py:22] Performing passes for nn_backend: "nn_backend::commingle_loop_vars"
[20200630 16:33:09 INFO /Volumes/data/work/1duo-coremltools/coremltools/converters/mil/backend/nn/passes/nn_passes.py:22] Performing passes for nn_backend: "nn_backend::handle_return_inputs_as_outputs"
[20200630 16:33:09 INFO /Volumes/data/work/1duo-coremltools/coremltools/converters/mil/backend/nn/passes/nn_passes.py:22] Performing passes for nn_backend: "common::const_elimination"
[20200630 16:33:09 INFO /Volumes/data/work/1duo-coremltools/coremltools/converters/mil/backend/nn/passes/nn_passes.py:22] Performing passes for nn_backend: "common::dead_code_elimination"
[20200630 16:33:09 INFO /Volumes/data/work/1duo-coremltools/coremltools/converters/mil/backend/nn/passes/nn_passes.py:22] Performing passes for nn_backend: "nn_backend::handle_unused_inputs"
[20200630 16:33:09 INFO /Volumes/data/work/1duo-coremltools/coremltools/converters/mil/backend/nn/passes/nn_passes.py:22] Performing passes for nn_backend: "nn_backend::alert_return_type_cast"
[20200630 16:33:09 DEBUG /Volumes/data/work/1duo-coremltools/coremltools/converters/mil/backend/nn/passes/nn_passes.py:26] Program after nn backend passes:
main(%input: (1, 10, fp32)) {
  block7() {
    %2: (3,fp32)* = const(val=[-0.2117302119731903, -0.1814727783203125, 0.12489351630210876], name="2")
    %3_transposed: (3, 10, fp32)* = const(val=(file_value), name="3_transposed")
    %6: (1, 3, fp32) = linear(x=%input, weight=%3_transposed, bias=%2, name="6")
  } -> (%6)
}

[20200630 16:33:09 INFO /Volumes/data/work/1duo-coremltools/coremltools/converters/mil/frontend/torch/converter.py:269] Converting graph.
[20200630 16:33:09 INFO /Volumes/data/work/1duo-coremltools/coremltools/converters/mil/mil/builder.py:181] Adding op '1' of type const
[20200630 16:33:09 INFO /Volumes/data/work/1duo-coremltools/coremltools/converters/mil/mil/builder.py:181] Adding op '2' of type const
[20200630 16:33:09 INFO /Volumes/data/work/1duo-coremltools/coremltools/converters/mil/frontend/torch/ops.py:49] Converting op 3 : t
[20200630 16:33:09 INFO /Volumes/data/work/1duo-coremltools/coremltools/converters/mil/mil/builder.py:181] Adding op '3' of type transpose
[20200630 16:33:09 DEBUG /Volumes/data/work/1duo-coremltools/coremltools/converters/mil/mil/builder.py:93] Adding const op '3_perm_1'
[20200630 16:33:09 INFO /Volumes/data/work/1duo-coremltools/coremltools/converters/mil/mil/builder.py:181] Adding op '3_perm_1' of type const
[20200630 16:33:09 INFO /Volumes/data/work/1duo-coremltools/coremltools/converters/mil/frontend/torch/ops.py:49] Converting op 4 : constant
[20200630 16:33:09 INFO /Volumes/data/work/1duo-coremltools/coremltools/converters/mil/mil/builder.py:181] Adding op '4' of type const
[20200630 16:33:09 INFO /Volumes/data/work/1duo-coremltools/coremltools/converters/mil/frontend/torch/ops.py:49] Converting op 5 : constant
[20200630 16:33:09 INFO /Volumes/data/work/1duo-coremltools/coremltools/converters/mil/mil/builder.py:181] Adding op '5' of type const
[20200630 16:33:09 INFO /Volumes/data/work/1duo-coremltools/coremltools/converters/mil/frontend/torch/ops.py:49] Converting op 6 : addmm
[20200630 16:33:09 INFO /Volumes/data/work/1duo-coremltools/coremltools/converters/mil/mil/builder.py:181] Adding op '3_transposed' of type transpose
[20200630 16:33:09 DEBUG /Volumes/data/work/1duo-coremltools/coremltools/converters/mil/mil/builder.py:93] Adding const op '3_transposed_perm_1'
[20200630 16:33:09 INFO /Volumes/data/work/1duo-coremltools/coremltools/converters/mil/mil/builder.py:181] Adding op '3_transposed_perm_1' of type const
[20200630 16:33:09 INFO /Volumes/data/work/1duo-coremltools/coremltools/converters/mil/mil/builder.py:181] Adding op '6' of type linear
[20200630 16:33:09 DEBUG /Volumes/data/work/1duo-coremltools/coremltools/converters/mil/mil/passes/common_pass.py:30] Program before common passes:
main(%input: (1, 10, fp32)) {
  block8() {
    %1: (6, 10, fp32)* = const(val=(file_value), name="1")
    %2: (6,fp32)* = const(val=[0.18416300415992737, -0.02286502718925476, 0.3072992265224457, 0.19510182738304138, -0.20340679585933685, 0.2592080533504486], name="2")
    %3_perm_1: (2,i32)* = const(val=[1, 0], name="3_perm_1")
    %3: (10, 6, fp32)* = transpose(x=%1, perm=%3_perm_1, name="3")
    %4: (i32)* = const(val=1, name="4")
    %5: (i32)* = const(val=1, name="5")
    %3_transposed_perm_1: (2,i32)* = const(val=[1, 0], name="3_transposed_perm_1")
    %3_transposed: (6, 10, fp32)* = transpose(x=%3, perm=%3_transposed_perm_1, name="3_transposed")
    %6: (1, 6, fp32) = linear(x=%input, weight=%3_transposed, bias=%2, name="6")
  } -> (%6)
}

[20200630 16:33:09 INFO /Volumes/data/work/1duo-coremltools/coremltools/converters/mil/mil/passes/common_pass.py:34] Performing pass: "common::const_elimination"
[20200630 16:33:09 INFO /Volumes/data/work/1duo-coremltools/coremltools/converters/mil/mil/builder.py:181] Adding op '3' of type const
[20200630 16:33:09 DEBUG /Volumes/data/work/1duo-coremltools/coremltools/converters/mil/mil/block.py:1107] Num ops affected in replacing var: 1
[20200630 16:33:09 INFO /Volumes/data/work/1duo-coremltools/coremltools/converters/mil/mil/builder.py:181] Adding op '3_transposed' of type const
[20200630 16:33:09 DEBUG /Volumes/data/work/1duo-coremltools/coremltools/converters/mil/mil/block.py:1107] Num ops affected in replacing var: 1
[20200630 16:33:09 INFO /Volumes/data/work/1duo-coremltools/coremltools/converters/mil/mil/passes/common_pass.py:34] Performing pass: "common::divide_to_multiply"
[20200630 16:33:09 INFO /Volumes/data/work/1duo-coremltools/coremltools/converters/mil/mil/passes/common_pass.py:34] Performing pass: "common::fuse_matmul_weight_bias"
[20200630 16:33:09 INFO /Volumes/data/work/1duo-coremltools/coremltools/converters/mil/mil/passes/common_pass.py:34] Performing pass: "common::const_elimination"
[20200630 16:33:09 INFO /Volumes/data/work/1duo-coremltools/coremltools/converters/mil/mil/passes/common_pass.py:34] Performing pass: "common::loop_invariant_elimination"
[20200630 16:33:09 INFO /Volumes/data/work/1duo-coremltools/coremltools/converters/mil/mil/passes/common_pass.py:34] Performing pass: "common::remove_symbolic_reshape"
[20200630 16:33:09 INFO /Volumes/data/work/1duo-coremltools/coremltools/converters/mil/mil/passes/remove_symbolic_reshape.py:104] remove_symbolic_reshape: changed 0 reshapes.
[20200630 16:33:09 INFO /Volumes/data/work/1duo-coremltools/coremltools/converters/mil/mil/passes/common_pass.py:34] Performing pass: "common::fuse_gelu_tanh_approximation"
[20200630 16:33:09 INFO /Volumes/data/work/1duo-coremltools/coremltools/converters/mil/mil/passes/common_pass.py:34] Performing pass: "common::reduce_transposes"
[20200630 16:33:09 DEBUG /Volumes/data/work/1duo-coremltools/coremltools/converters/mil/mil/passes/reduce_transposes.py:989] Block before optimize transpose transform:
function(%input: (1, 10, fp32)) {
  block8() {
    %1: (6, 10, fp32)* = const(val=(file_value), name="1")
    %2: (6,fp32)* = const(val=[0.18416300415992737, -0.02286502718925476, 0.3072992265224457, 0.19510182738304138, -0.20340679585933685, 0.2592080533504486], name="2")
    %3_perm_1: (2,i32)* = const(val=[1, 0], name="3_perm_1")
    %3: (10, 6, fp32)* = const(val=(file_value), name="3")
    %4: (i32)* = const(val=1, name="4")
    %5: (i32)* = const(val=1, name="5")
    %3_transposed_perm_1: (2,i32)* = const(val=[1, 0], name="3_transposed_perm_1")
    %3_transposed: (6, 10, fp32)* = const(val=(file_value), name="3_transposed")
    %6: (1, 6, fp32) = linear(x=%input, weight=%3_transposed, bias=%2, name="6")
  } -> (%6)
}

[20200630 16:33:09 DEBUG /Volumes/data/work/1duo-coremltools/coremltools/converters/mil/mil/passes/reduce_transposes.py:1024] Block after optimize transpose transform:
function(%input: (1, 10, fp32)) {
  block8() {
    %1: (6, 10, fp32)* = const(val=(file_value), name="1")
    %2: (6,fp32)* = const(val=[0.18416300415992737, -0.02286502718925476, 0.3072992265224457, 0.19510182738304138, -0.20340679585933685, 0.2592080533504486], name="2")
    %3_perm_1: (2,i32)* = const(val=[1, 0], name="3_perm_1")
    %3: (10, 6, fp32)* = const(val=(file_value), name="3")
    %4: (i32)* = const(val=1, name="4")
    %5: (i32)* = const(val=1, name="5")
    %3_transposed_perm_1: (2,i32)* = const(val=[1, 0], name="3_transposed_perm_1")
    %3_transposed: (6, 10, fp32)* = const(val=(file_value), name="3_transposed")
    %6: (1, 6, fp32) = linear(x=%input, weight=%3_transposed, bias=%2, name="6")
  } -> (%6)
}

[20200630 16:33:09 INFO /Volumes/data/work/1duo-coremltools/coremltools/converters/mil/mil/passes/common_pass.py:34] Performing pass: "common::fuse_bias_conv"
[20200630 16:33:09 INFO /Volumes/data/work/1duo-coremltools/coremltools/converters/mil/mil/passes/common_pass.py:34] Performing pass: "common::fuse_elementwise_to_batchnorm"
[20200630 16:33:09 INFO /Volumes/data/work/1duo-coremltools/coremltools/converters/mil/mil/passes/common_pass.py:34] Performing pass: "common::fuse_onehot_matmul_to_gather"
[20200630 16:33:09 INFO /Volumes/data/work/1duo-coremltools/coremltools/converters/mil/mil/passes/common_pass.py:34] Performing pass: "common::fuse_layernorm_or_instancenorm"
[20200630 16:33:09 INFO /Volumes/data/work/1duo-coremltools/coremltools/converters/mil/mil/passes/common_pass.py:34] Performing pass: "common::dead_code_elimination"
[20200630 16:33:09 INFO /Volumes/data/work/1duo-coremltools/coremltools/converters/mil/mil/passes/dead_code_elimination.py:35] Removing op "3_transposed_perm_1" (type: const)
[20200630 16:33:09 INFO /Volumes/data/work/1duo-coremltools/coremltools/converters/mil/mil/passes/dead_code_elimination.py:35] Removing op "5" (type: const)
[20200630 16:33:09 INFO /Volumes/data/work/1duo-coremltools/coremltools/converters/mil/mil/passes/dead_code_elimination.py:35] Removing op "4" (type: const)
[20200630 16:33:09 INFO /Volumes/data/work/1duo-coremltools/coremltools/converters/mil/mil/passes/dead_code_elimination.py:35] Removing op "3" (type: const)
[20200630 16:33:09 INFO /Volumes/data/work/1duo-coremltools/coremltools/converters/mil/mil/passes/dead_code_elimination.py:35] Removing op "3_perm_1" (type: const)
[20200630 16:33:09 INFO /Volumes/data/work/1duo-coremltools/coremltools/converters/mil/mil/passes/dead_code_elimination.py:35] Removing op "1" (type: const)
[20200630 16:33:09 DEBUG /Volumes/data/work/1duo-coremltools/coremltools/converters/mil/mil/passes/common_pass.py:38] Program after common passes:
main(%input: (1, 10, fp32)) {
  block8() {
    %2: (6,fp32)* = const(val=[0.18416300415992737, -0.02286502718925476, 0.3072992265224457, 0.19510182738304138, -0.20340679585933685, 0.2592080533504486], name="2")
    %3_transposed: (6, 10, fp32)* = const(val=(file_value), name="3_transposed")
    %6: (1, 6, fp32) = linear(x=%input, weight=%3_transposed, bias=%2, name="6")
  } -> (%6)
}

[20200630 16:33:09 INFO /Volumes/data/work/1duo-coremltools/coremltools/converters/mil/backend/nn/passes/nn_passes.py:22] Performing passes for nn_backend: "nn_backend::commingle_loop_vars"
[20200630 16:33:09 INFO /Volumes/data/work/1duo-coremltools/coremltools/converters/mil/backend/nn/passes/nn_passes.py:22] Performing passes for nn_backend: "nn_backend::handle_return_inputs_as_outputs"
[20200630 16:33:09 INFO /Volumes/data/work/1duo-coremltools/coremltools/converters/mil/backend/nn/passes/nn_passes.py:22] Performing passes for nn_backend: "common::const_elimination"
[20200630 16:33:09 INFO /Volumes/data/work/1duo-coremltools/coremltools/converters/mil/backend/nn/passes/nn_passes.py:22] Performing passes for nn_backend: "common::dead_code_elimination"
[20200630 16:33:09 INFO /Volumes/data/work/1duo-coremltools/coremltools/converters/mil/backend/nn/passes/nn_passes.py:22] Performing passes for nn_backend: "nn_backend::handle_unused_inputs"
[20200630 16:33:09 INFO /Volumes/data/work/1duo-coremltools/coremltools/converters/mil/backend/nn/passes/nn_passes.py:22] Performing passes for nn_backend: "nn_backend::alert_return_type_cast"
[20200630 16:33:09 DEBUG /Volumes/data/work/1duo-coremltools/coremltools/converters/mil/backend/nn/passes/nn_passes.py:26] Program after nn backend passes:
main(%input: (1, 10, fp32)) {
  block8() {
    %2: (6,fp32)* = const(val=[0.18416300415992737, -0.02286502718925476, 0.3072992265224457, 0.19510182738304138, -0.20340679585933685, 0.2592080533504486], name="2")
    %3_transposed: (6, 10, fp32)* = const(val=(file_value), name="3_transposed")
    %6: (1, 6, fp32) = linear(x=%input, weight=%3_transposed, bias=%2, name="6")
  } -> (%6)
}

[20200630 16:33:09 INFO /Volumes/data/work/1duo-coremltools/coremltools/converters/mil/frontend/torch/converter.py:269] Converting graph.
[20200630 16:33:09 INFO /Volumes/data/work/1duo-coremltools/coremltools/converters/mil/mil/builder.py:181] Adding op '1' of type const
[20200630 16:33:09 INFO /Volumes/data/work/1duo-coremltools/coremltools/converters/mil/mil/builder.py:181] Adding op '2' of type const
[20200630 16:33:09 INFO /Volumes/data/work/1duo-coremltools/coremltools/converters/mil/frontend/torch/ops.py:49] Converting op 3 : t
[20200630 16:33:09 INFO /Volumes/data/work/1duo-coremltools/coremltools/converters/mil/mil/builder.py:181] Adding op '3' of type transpose
[20200630 16:33:09 DEBUG /Volumes/data/work/1duo-coremltools/coremltools/converters/mil/mil/builder.py:93] Adding const op '3_perm_2'
[20200630 16:33:09 INFO /Volumes/data/work/1duo-coremltools/coremltools/converters/mil/mil/builder.py:181] Adding op '3_perm_2' of type const
[20200630 16:33:09 INFO /Volumes/data/work/1duo-coremltools/coremltools/converters/mil/frontend/torch/ops.py:49] Converting op 4 : constant
[20200630 16:33:09 INFO /Volumes/data/work/1duo-coremltools/coremltools/converters/mil/mil/builder.py:181] Adding op '4' of type const
[20200630 16:33:09 INFO /Volumes/data/work/1duo-coremltools/coremltools/converters/mil/frontend/torch/ops.py:49] Converting op 5 : constant
[20200630 16:33:09 INFO /Volumes/data/work/1duo-coremltools/coremltools/converters/mil/mil/builder.py:181] Adding op '5' of type const
[20200630 16:33:09 INFO /Volumes/data/work/1duo-coremltools/coremltools/converters/mil/frontend/torch/ops.py:49] Converting op 6 : addmm
[20200630 16:33:09 INFO /Volumes/data/work/1duo-coremltools/coremltools/converters/mil/mil/builder.py:181] Adding op '3_transposed' of type transpose
[20200630 16:33:09 DEBUG /Volumes/data/work/1duo-coremltools/coremltools/converters/mil/mil/builder.py:93] Adding const op '3_transposed_perm_2'
[20200630 16:33:09 INFO /Volumes/data/work/1duo-coremltools/coremltools/converters/mil/mil/builder.py:181] Adding op '3_transposed_perm_2' of type const
[20200630 16:33:09 INFO /Volumes/data/work/1duo-coremltools/coremltools/converters/mil/mil/builder.py:181] Adding op '6' of type linear
[20200630 16:33:09 DEBUG /Volumes/data/work/1duo-coremltools/coremltools/converters/mil/mil/passes/common_pass.py:30] Program before common passes:
main(%input: (1, 25, fp32)) {
  block9() {
    %1: (3, 25, fp32)* = const(val=(file_value), name="1")
    %2: (3,fp32)* = const(val=[0.01101192831993103, 0.10925211012363434, -0.15960593521595], name="2")
    %3_perm_2: (2,i32)* = const(val=[1, 0], name="3_perm_2")
    %3: (25, 3, fp32)* = transpose(x=%1, perm=%3_perm_2, name="3")
    %4: (i32)* = const(val=1, name="4")
    %5: (i32)* = const(val=1, name="5")
    %3_transposed_perm_2: (2,i32)* = const(val=[1, 0], name="3_transposed_perm_2")
    %3_transposed: (3, 25, fp32)* = transpose(x=%3, perm=%3_transposed_perm_2, name="3_transposed")
    %6: (1, 3, fp32) = linear(x=%input, weight=%3_transposed, bias=%2, name="6")
  } -> (%6)
}

[20200630 16:33:09 INFO /Volumes/data/work/1duo-coremltools/coremltools/converters/mil/mil/passes/common_pass.py:34] Performing pass: "common::const_elimination"
[20200630 16:33:09 INFO /Volumes/data/work/1duo-coremltools/coremltools/converters/mil/mil/builder.py:181] Adding op '3' of type const
[20200630 16:33:09 DEBUG /Volumes/data/work/1duo-coremltools/coremltools/converters/mil/mil/block.py:1107] Num ops affected in replacing var: 1
[20200630 16:33:09 INFO /Volumes/data/work/1duo-coremltools/coremltools/converters/mil/mil/builder.py:181] Adding op '3_transposed' of type const
[20200630 16:33:09 DEBUG /Volumes/data/work/1duo-coremltools/coremltools/converters/mil/mil/block.py:1107] Num ops affected in replacing var: 1
[20200630 16:33:09 INFO /Volumes/data/work/1duo-coremltools/coremltools/converters/mil/mil/passes/common_pass.py:34] Performing pass: "common::divide_to_multiply"
[20200630 16:33:09 INFO /Volumes/data/work/1duo-coremltools/coremltools/converters/mil/mil/passes/common_pass.py:34] Performing pass: "common::fuse_matmul_weight_bias"
[20200630 16:33:09 INFO /Volumes/data/work/1duo-coremltools/coremltools/converters/mil/mil/passes/common_pass.py:34] Performing pass: "common::const_elimination"
[20200630 16:33:09 INFO /Volumes/data/work/1duo-coremltools/coremltools/converters/mil/mil/passes/common_pass.py:34] Performing pass: "common::loop_invariant_elimination"
[20200630 16:33:09 INFO /Volumes/data/work/1duo-coremltools/coremltools/converters/mil/mil/passes/common_pass.py:34] Performing pass: "common::remove_symbolic_reshape"
[20200630 16:33:09 INFO /Volumes/data/work/1duo-coremltools/coremltools/converters/mil/mil/passes/remove_symbolic_reshape.py:104] remove_symbolic_reshape: changed 0 reshapes.
[20200630 16:33:09 INFO /Volumes/data/work/1duo-coremltools/coremltools/converters/mil/mil/passes/common_pass.py:34] Performing pass: "common::fuse_gelu_tanh_approximation"
[20200630 16:33:09 INFO /Volumes/data/work/1duo-coremltools/coremltools/converters/mil/mil/passes/common_pass.py:34] Performing pass: "common::reduce_transposes"
[20200630 16:33:09 DEBUG /Volumes/data/work/1duo-coremltools/coremltools/converters/mil/mil/passes/reduce_transposes.py:989] Block before optimize transpose transform:
function(%input: (1, 25, fp32)) {
  block9() {
    %1: (3, 25, fp32)* = const(val=(file_value), name="1")
    %2: (3,fp32)* = const(val=[0.01101192831993103, 0.10925211012363434, -0.15960593521595], name="2")
    %3_perm_2: (2,i32)* = const(val=[1, 0], name="3_perm_2")
    %3: (25, 3, fp32)* = const(val=(file_value), name="3")
    %4: (i32)* = const(val=1, name="4")
    %5: (i32)* = const(val=1, name="5")
    %3_transposed_perm_2: (2,i32)* = const(val=[1, 0], name="3_transposed_perm_2")
    %3_transposed: (3, 25, fp32)* = const(val=(file_value), name="3_transposed")
    %6: (1, 3, fp32) = linear(x=%input, weight=%3_transposed, bias=%2, name="6")
  } -> (%6)
}

[20200630 16:33:09 DEBUG /Volumes/data/work/1duo-coremltools/coremltools/converters/mil/mil/passes/reduce_transposes.py:1024] Block after optimize transpose transform:
function(%input: (1, 25, fp32)) {
  block9() {
    %1: (3, 25, fp32)* = const(val=(file_value), name="1")
    %2: (3,fp32)* = const(val=[0.01101192831993103, 0.10925211012363434, -0.15960593521595], name="2")
    %3_perm_2: (2,i32)* = const(val=[1, 0], name="3_perm_2")
    %3: (25, 3, fp32)* = const(val=(file_value), name="3")
    %4: (i32)* = const(val=1, name="4")
    %5: (i32)* = const(val=1, name="5")
    %3_transposed_perm_2: (2,i32)* = const(val=[1, 0], name="3_transposed_perm_2")
    %3_transposed: (3, 25, fp32)* = const(val=(file_value), name="3_transposed")
    %6: (1, 3, fp32) = linear(x=%input, weight=%3_transposed, bias=%2, name="6")
  } -> (%6)
}

[20200630 16:33:10 INFO /Volumes/data/work/1duo-coremltools/coremltools/converters/mil/mil/passes/common_pass.py:34] Performing pass: "common::fuse_bias_conv"
[20200630 16:33:10 INFO /Volumes/data/work/1duo-coremltools/coremltools/converters/mil/mil/passes/common_pass.py:34] Performing pass: "common::fuse_elementwise_to_batchnorm"
[20200630 16:33:10 INFO /Volumes/data/work/1duo-coremltools/coremltools/converters/mil/mil/passes/common_pass.py:34] Performing pass: "common::fuse_onehot_matmul_to_gather"
[20200630 16:33:10 INFO /Volumes/data/work/1duo-coremltools/coremltools/converters/mil/mil/passes/common_pass.py:34] Performing pass: "common::fuse_layernorm_or_instancenorm"
[20200630 16:33:10 INFO /Volumes/data/work/1duo-coremltools/coremltools/converters/mil/mil/passes/common_pass.py:34] Performing pass: "common::dead_code_elimination"
[20200630 16:33:10 INFO /Volumes/data/work/1duo-coremltools/coremltools/converters/mil/mil/passes/dead_code_elimination.py:35] Removing op "3_transposed_perm_2" (type: const)
[20200630 16:33:10 INFO /Volumes/data/work/1duo-coremltools/coremltools/converters/mil/mil/passes/dead_code_elimination.py:35] Removing op "5" (type: const)
[20200630 16:33:10 INFO /Volumes/data/work/1duo-coremltools/coremltools/converters/mil/mil/passes/dead_code_elimination.py:35] Removing op "4" (type: const)
[20200630 16:33:10 INFO /Volumes/data/work/1duo-coremltools/coremltools/converters/mil/mil/passes/dead_code_elimination.py:35] Removing op "3" (type: const)
[20200630 16:33:10 INFO /Volumes/data/work/1duo-coremltools/coremltools/converters/mil/mil/passes/dead_code_elimination.py:35] Removing op "3_perm_2" (type: const)
[20200630 16:33:10 INFO /Volumes/data/work/1duo-coremltools/coremltools/converters/mil/mil/passes/dead_code_elimination.py:35] Removing op "1" (type: const)
[20200630 16:33:10 DEBUG /Volumes/data/work/1duo-coremltools/coremltools/converters/mil/mil/passes/common_pass.py:38] Program after common passes:
main(%input: (1, 25, fp32)) {
  block9() {
    %2: (3,fp32)* = const(val=[0.01101192831993103, 0.10925211012363434, -0.15960593521595], name="2")
    %3_transposed: (3, 25, fp32)* = const(val=(file_value), name="3_transposed")
    %6: (1, 3, fp32) = linear(x=%input, weight=%3_transposed, bias=%2, name="6")
  } -> (%6)
}

[20200630 16:33:10 INFO /Volumes/data/work/1duo-coremltools/coremltools/converters/mil/backend/nn/passes/nn_passes.py:22] Performing passes for nn_backend: "nn_backend::commingle_loop_vars"
[20200630 16:33:10 INFO /Volumes/data/work/1duo-coremltools/coremltools/converters/mil/backend/nn/passes/nn_passes.py:22] Performing passes for nn_backend: "nn_backend::handle_return_inputs_as_outputs"
[20200630 16:33:10 INFO /Volumes/data/work/1duo-coremltools/coremltools/converters/mil/backend/nn/passes/nn_passes.py:22] Performing passes for nn_backend: "common::const_elimination"
[20200630 16:33:10 INFO /Volumes/data/work/1duo-coremltools/coremltools/converters/mil/backend/nn/passes/nn_passes.py:22] Performing passes for nn_backend: "common::dead_code_elimination"
[20200630 16:33:10 INFO /Volumes/data/work/1duo-coremltools/coremltools/converters/mil/backend/nn/passes/nn_passes.py:22] Performing passes for nn_backend: "nn_backend::handle_unused_inputs"
[20200630 16:33:10 INFO /Volumes/data/work/1duo-coremltools/coremltools/converters/mil/backend/nn/passes/nn_passes.py:22] Performing passes for nn_backend: "nn_backend::alert_return_type_cast"
[20200630 16:33:10 DEBUG /Volumes/data/work/1duo-coremltools/coremltools/converters/mil/backend/nn/passes/nn_passes.py:26] Program after nn backend passes:
main(%input: (1, 25, fp32)) {
  block9() {
    %2: (3,fp32)* = const(val=[0.01101192831993103, 0.10925211012363434, -0.15960593521595], name="2")
    %3_transposed: (3, 25, fp32)* = const(val=(file_value), name="3_transposed")
    %6: (1, 3, fp32) = linear(x=%input, weight=%3_transposed, bias=%2, name="6")
  } -> (%6)
}

[20200630 16:33:10 INFO /Volumes/data/work/1duo-coremltools/coremltools/converters/mil/frontend/torch/converter.py:269] Converting graph.
[20200630 16:33:10 INFO /Volumes/data/work/1duo-coremltools/coremltools/converters/mil/mil/builder.py:181] Adding op '1' of type const
[20200630 16:33:10 INFO /Volumes/data/work/1duo-coremltools/coremltools/converters/mil/mil/builder.py:181] Adding op '2' of type const
[20200630 16:33:10 INFO /Volumes/data/work/1duo-coremltools/coremltools/converters/mil/frontend/torch/ops.py:49] Converting op 3 : t
[20200630 16:33:10 INFO /Volumes/data/work/1duo-coremltools/coremltools/converters/mil/mil/builder.py:181] Adding op '3' of type transpose
[20200630 16:33:10 DEBUG /Volumes/data/work/1duo-coremltools/coremltools/converters/mil/mil/builder.py:93] Adding const op '3_perm_3'
[20200630 16:33:10 INFO /Volumes/data/work/1duo-coremltools/coremltools/converters/mil/mil/builder.py:181] Adding op '3_perm_3' of type const
[20200630 16:33:10 INFO /Volumes/data/work/1duo-coremltools/coremltools/converters/mil/frontend/torch/ops.py:49] Converting op 4 : constant
[20200630 16:33:10 INFO /Volumes/data/work/1duo-coremltools/coremltools/converters/mil/mil/builder.py:181] Adding op '4' of type const
[20200630 16:33:10 INFO /Volumes/data/work/1duo-coremltools/coremltools/converters/mil/frontend/torch/ops.py:49] Converting op 5 : constant
[20200630 16:33:10 INFO /Volumes/data/work/1duo-coremltools/coremltools/converters/mil/mil/builder.py:181] Adding op '5' of type const
[20200630 16:33:10 INFO /Volumes/data/work/1duo-coremltools/coremltools/converters/mil/frontend/torch/ops.py:49] Converting op 6 : addmm
[20200630 16:33:10 INFO /Volumes/data/work/1duo-coremltools/coremltools/converters/mil/mil/builder.py:181] Adding op '3_transposed' of type transpose
[20200630 16:33:10 DEBUG /Volumes/data/work/1duo-coremltools/coremltools/converters/mil/mil/builder.py:93] Adding const op '3_transposed_perm_3'
[20200630 16:33:10 INFO /Volumes/data/work/1duo-coremltools/coremltools/converters/mil/mil/builder.py:181] Adding op '3_transposed_perm_3' of type const
[20200630 16:33:10 INFO /Volumes/data/work/1duo-coremltools/coremltools/converters/mil/mil/builder.py:181] Adding op '6' of type linear
[20200630 16:33:10 DEBUG /Volumes/data/work/1duo-coremltools/coremltools/converters/mil/mil/passes/common_pass.py:30] Program before common passes:
main(%input: (1, 25, fp32)) {
  block10() {
    %1: (6, 25, fp32)* = const(val=(file_value), name="1")
    %2: (6,fp32)* = const(val=[0.16590087115764618, -0.021200329065322876, -0.028150469064712524, 0.14891685545444489, -0.04069244861602783, -0.16469141840934753], name="2")
    %3_perm_3: (2,i32)* = const(val=[1, 0], name="3_perm_3")
    %3: (25, 6, fp32)* = transpose(x=%1, perm=%3_perm_3, name="3")
    %4: (i32)* = const(val=1, name="4")
    %5: (i32)* = const(val=1, name="5")
    %3_transposed_perm_3: (2,i32)* = const(val=[1, 0], name="3_transposed_perm_3")
    %3_transposed: (6, 25, fp32)* = transpose(x=%3, perm=%3_transposed_perm_3, name="3_transposed")
    %6: (1, 6, fp32) = linear(x=%input, weight=%3_transposed, bias=%2, name="6")
  } -> (%6)
}

[20200630 16:33:10 INFO /Volumes/data/work/1duo-coremltools/coremltools/converters/mil/mil/passes/common_pass.py:34] Performing pass: "common::const_elimination"
[20200630 16:33:10 INFO /Volumes/data/work/1duo-coremltools/coremltools/converters/mil/mil/builder.py:181] Adding op '3' of type const
[20200630 16:33:10 DEBUG /Volumes/data/work/1duo-coremltools/coremltools/converters/mil/mil/block.py:1107] Num ops affected in replacing var: 1
[20200630 16:33:10 INFO /Volumes/data/work/1duo-coremltools/coremltools/converters/mil/mil/builder.py:181] Adding op '3_transposed' of type const
[20200630 16:33:10 DEBUG /Volumes/data/work/1duo-coremltools/coremltools/converters/mil/mil/block.py:1107] Num ops affected in replacing var: 1
[20200630 16:33:10 INFO /Volumes/data/work/1duo-coremltools/coremltools/converters/mil/mil/passes/common_pass.py:34] Performing pass: "common::divide_to_multiply"
[20200630 16:33:10 INFO /Volumes/data/work/1duo-coremltools/coremltools/converters/mil/mil/passes/common_pass.py:34] Performing pass: "common::fuse_matmul_weight_bias"
[20200630 16:33:10 INFO /Volumes/data/work/1duo-coremltools/coremltools/converters/mil/mil/passes/common_pass.py:34] Performing pass: "common::const_elimination"
[20200630 16:33:10 INFO /Volumes/data/work/1duo-coremltools/coremltools/converters/mil/mil/passes/common_pass.py:34] Performing pass: "common::loop_invariant_elimination"
[20200630 16:33:10 INFO /Volumes/data/work/1duo-coremltools/coremltools/converters/mil/mil/passes/common_pass.py:34] Performing pass: "common::remove_symbolic_reshape"
[20200630 16:33:10 INFO /Volumes/data/work/1duo-coremltools/coremltools/converters/mil/mil/passes/remove_symbolic_reshape.py:104] remove_symbolic_reshape: changed 0 reshapes.
[20200630 16:33:10 INFO /Volumes/data/work/1duo-coremltools/coremltools/converters/mil/mil/passes/common_pass.py:34] Performing pass: "common::fuse_gelu_tanh_approximation"
[20200630 16:33:10 INFO /Volumes/data/work/1duo-coremltools/coremltools/converters/mil/mil/passes/common_pass.py:34] Performing pass: "common::reduce_transposes"
[20200630 16:33:10 DEBUG /Volumes/data/work/1duo-coremltools/coremltools/converters/mil/mil/passes/reduce_transposes.py:989] Block before optimize transpose transform:
function(%input: (1, 25, fp32)) {
  block10() {
    %1: (6, 25, fp32)* = const(val=(file_value), name="1")
    %2: (6,fp32)* = const(val=[0.16590087115764618, -0.021200329065322876, -0.028150469064712524, 0.14891685545444489, -0.04069244861602783, -0.16469141840934753], name="2")
    %3_perm_3: (2,i32)* = const(val=[1, 0], name="3_perm_3")
    %3: (25, 6, fp32)* = const(val=(file_value), name="3")
    %4: (i32)* = const(val=1, name="4")
    %5: (i32)* = const(val=1, name="5")
    %3_transposed_perm_3: (2,i32)* = const(val=[1, 0], name="3_transposed_perm_3")
    %3_transposed: (6, 25, fp32)* = const(val=(file_value), name="3_transposed")
    %6: (1, 6, fp32) = linear(x=%input, weight=%3_transposed, bias=%2, name="6")
  } -> (%6)
}

[20200630 16:33:10 DEBUG /Volumes/data/work/1duo-coremltools/coremltools/converters/mil/mil/passes/reduce_transposes.py:1024] Block after optimize transpose transform:
function(%input: (1, 25, fp32)) {
  block10() {
    %1: (6, 25, fp32)* = const(val=(file_value), name="1")
    %2: (6,fp32)* = const(val=[0.16590087115764618, -0.021200329065322876, -0.028150469064712524, 0.14891685545444489, -0.04069244861602783, -0.16469141840934753], name="2")
    %3_perm_3: (2,i32)* = const(val=[1, 0], name="3_perm_3")
    %3: (25, 6, fp32)* = const(val=(file_value), name="3")
    %4: (i32)* = const(val=1, name="4")
    %5: (i32)* = const(val=1, name="5")
    %3_transposed_perm_3: (2,i32)* = const(val=[1, 0], name="3_transposed_perm_3")
    %3_transposed: (6, 25, fp32)* = const(val=(file_value), name="3_transposed")
    %6: (1, 6, fp32) = linear(x=%input, weight=%3_transposed, bias=%2, name="6")
  } -> (%6)
}

[20200630 16:33:10 INFO /Volumes/data/work/1duo-coremltools/coremltools/converters/mil/mil/passes/common_pass.py:34] Performing pass: "common::fuse_bias_conv"
[20200630 16:33:10 INFO /Volumes/data/work/1duo-coremltools/coremltools/converters/mil/mil/passes/common_pass.py:34] Performing pass: "common::fuse_elementwise_to_batchnorm"
[20200630 16:33:10 INFO /Volumes/data/work/1duo-coremltools/coremltools/converters/mil/mil/passes/common_pass.py:34] Performing pass: "common::fuse_onehot_matmul_to_gather"
[20200630 16:33:10 INFO /Volumes/data/work/1duo-coremltools/coremltools/converters/mil/mil/passes/common_pass.py:34] Performing pass: "common::fuse_layernorm_or_instancenorm"
[20200630 16:33:10 INFO /Volumes/data/work/1duo-coremltools/coremltools/converters/mil/mil/passes/common_pass.py:34] Performing pass: "common::dead_code_elimination"
[20200630 16:33:10 INFO /Volumes/data/work/1duo-coremltools/coremltools/converters/mil/mil/passes/dead_code_elimination.py:35] Removing op "3_transposed_perm_3" (type: const)
[20200630 16:33:10 INFO /Volumes/data/work/1duo-coremltools/coremltools/converters/mil/mil/passes/dead_code_elimination.py:35] Removing op "5" (type: const)
[20200630 16:33:10 INFO /Volumes/data/work/1duo-coremltools/coremltools/converters/mil/mil/passes/dead_code_elimination.py:35] Removing op "4" (type: const)
[20200630 16:33:10 INFO /Volumes/data/work/1duo-coremltools/coremltools/converters/mil/mil/passes/dead_code_elimination.py:35] Removing op "3" (type: const)
[20200630 16:33:10 INFO /Volumes/data/work/1duo-coremltools/coremltools/converters/mil/mil/passes/dead_code_elimination.py:35] Removing op "3_perm_3" (type: const)
[20200630 16:33:10 INFO /Volumes/data/work/1duo-coremltools/coremltools/converters/mil/mil/passes/dead_code_elimination.py:35] Removing op "1" (type: const)
[20200630 16:33:10 DEBUG /Volumes/data/work/1duo-coremltools/coremltools/converters/mil/mil/passes/common_pass.py:38] Program after common passes:
main(%input: (1, 25, fp32)) {
  block10() {
    %2: (6,fp32)* = const(val=[0.16590087115764618, -0.021200329065322876, -0.028150469064712524, 0.14891685545444489, -0.04069244861602783, -0.16469141840934753], name="2")
    %3_transposed: (6, 25, fp32)* = const(val=(file_value), name="3_transposed")
    %6: (1, 6, fp32) = linear(x=%input, weight=%3_transposed, bias=%2, name="6")
  } -> (%6)
}

[20200630 16:33:10 INFO /Volumes/data/work/1duo-coremltools/coremltools/converters/mil/backend/nn/passes/nn_passes.py:22] Performing passes for nn_backend: "nn_backend::commingle_loop_vars"
[20200630 16:33:10 INFO /Volumes/data/work/1duo-coremltools/coremltools/converters/mil/backend/nn/passes/nn_passes.py:22] Performing passes for nn_backend: "nn_backend::handle_return_inputs_as_outputs"
[20200630 16:33:10 INFO /Volumes/data/work/1duo-coremltools/coremltools/converters/mil/backend/nn/passes/nn_passes.py:22] Performing passes for nn_backend: "common::const_elimination"
[20200630 16:33:10 INFO /Volumes/data/work/1duo-coremltools/coremltools/converters/mil/backend/nn/passes/nn_passes.py:22] Performing passes for nn_backend: "common::dead_code_elimination"
[20200630 16:33:10 INFO /Volumes/data/work/1duo-coremltools/coremltools/converters/mil/backend/nn/passes/nn_passes.py:22] Performing passes for nn_backend: "nn_backend::handle_unused_inputs"
[20200630 16:33:10 INFO /Volumes/data/work/1duo-coremltools/coremltools/converters/mil/backend/nn/passes/nn_passes.py:22] Performing passes for nn_backend: "nn_backend::alert_return_type_cast"
[20200630 16:33:10 DEBUG /Volumes/data/work/1duo-coremltools/coremltools/converters/mil/backend/nn/passes/nn_passes.py:26] Program after nn backend passes:
main(%input: (1, 25, fp32)) {
  block10() {
    %2: (6,fp32)* = const(val=[0.16590087115764618, -0.021200329065322876, -0.028150469064712524, 0.14891685545444489, -0.04069244861602783, -0.16469141840934753], name="2")
    %3_transposed: (6, 25, fp32)* = const(val=(file_value), name="3_transposed")
    %6: (1, 6, fp32) = linear(x=%input, weight=%3_transposed, bias=%2, name="6")
  } -> (%6)
}

[20200630 16:33:10 INFO /Volumes/data/work/1duo-coremltools/coremltools/converters/mil/frontend/torch/converter.py:269] Converting graph.
[20200630 16:33:10 INFO /Volumes/data/work/1duo-coremltools/coremltools/converters/mil/mil/builder.py:181] Adding op '1' of type const
[20200630 16:33:10 INFO /Volumes/data/work/1duo-coremltools/coremltools/converters/mil/mil/builder.py:181] Adding op '2' of type const
[20200630 16:33:10 INFO /Volumes/data/work/1duo-coremltools/coremltools/converters/mil/frontend/torch/ops.py:49] Converting op 3 : t
[20200630 16:33:10 INFO /Volumes/data/work/1duo-coremltools/coremltools/converters/mil/mil/builder.py:181] Adding op '3' of type transpose
[20200630 16:33:10 DEBUG /Volumes/data/work/1duo-coremltools/coremltools/converters/mil/mil/builder.py:93] Adding const op '3_perm_4'
[20200630 16:33:10 INFO /Volumes/data/work/1duo-coremltools/coremltools/converters/mil/mil/builder.py:181] Adding op '3_perm_4' of type const
[20200630 16:33:10 INFO /Volumes/data/work/1duo-coremltools/coremltools/converters/mil/frontend/torch/ops.py:49] Converting op 4 : constant
[20200630 16:33:10 INFO /Volumes/data/work/1duo-coremltools/coremltools/converters/mil/mil/builder.py:181] Adding op '4' of type const
[20200630 16:33:10 INFO /Volumes/data/work/1duo-coremltools/coremltools/converters/mil/frontend/torch/ops.py:49] Converting op 5 : constant
[20200630 16:33:10 INFO /Volumes/data/work/1duo-coremltools/coremltools/converters/mil/mil/builder.py:181] Adding op '5' of type const
[20200630 16:33:10 INFO /Volumes/data/work/1duo-coremltools/coremltools/converters/mil/frontend/torch/ops.py:49] Converting op 6 : addmm
[20200630 16:33:10 INFO /Volumes/data/work/1duo-coremltools/coremltools/converters/mil/mil/builder.py:181] Adding op '3_transposed' of type transpose
[20200630 16:33:10 DEBUG /Volumes/data/work/1duo-coremltools/coremltools/converters/mil/mil/builder.py:93] Adding const op '3_transposed_perm_4'
[20200630 16:33:10 INFO /Volumes/data/work/1duo-coremltools/coremltools/converters/mil/mil/builder.py:181] Adding op '3_transposed_perm_4' of type const
[20200630 16:33:10 INFO /Volumes/data/work/1duo-coremltools/coremltools/converters/mil/mil/builder.py:181] Adding op '6' of type linear
[20200630 16:33:10 DEBUG /Volumes/data/work/1duo-coremltools/coremltools/converters/mil/mil/passes/common_pass.py:30] Program before common passes:
main(%input: (1, 100, fp32)) {
  block11() {
    %1: (3, 100, fp32)* = const(val=(file_value), name="1")
    %2: (3,fp32)* = const(val=[-0.07500161975622177, -0.06426402926445007, -0.05393744632601738], name="2")
    %3_perm_4: (2,i32)* = const(val=[1, 0], name="3_perm_4")
    %3: (100, 3, fp32)* = transpose(x=%1, perm=%3_perm_4, name="3")
    %4: (i32)* = const(val=1, name="4")
    %5: (i32)* = const(val=1, name="5")
    %3_transposed_perm_4: (2,i32)* = const(val=[1, 0], name="3_transposed_perm_4")
    %3_transposed: (3, 100, fp32)* = transpose(x=%3, perm=%3_transposed_perm_4, name="3_transposed")
    %6: (1, 3, fp32) = linear(x=%input, weight=%3_transposed, bias=%2, name="6")
  } -> (%6)
}

[20200630 16:33:10 INFO /Volumes/data/work/1duo-coremltools/coremltools/converters/mil/mil/passes/common_pass.py:34] Performing pass: "common::const_elimination"
[20200630 16:33:10 INFO /Volumes/data/work/1duo-coremltools/coremltools/converters/mil/mil/builder.py:181] Adding op '3' of type const
[20200630 16:33:10 DEBUG /Volumes/data/work/1duo-coremltools/coremltools/converters/mil/mil/block.py:1107] Num ops affected in replacing var: 1
[20200630 16:33:10 INFO /Volumes/data/work/1duo-coremltools/coremltools/converters/mil/mil/builder.py:181] Adding op '3_transposed' of type const
[20200630 16:33:10 DEBUG /Volumes/data/work/1duo-coremltools/coremltools/converters/mil/mil/block.py:1107] Num ops affected in replacing var: 1
[20200630 16:33:10 INFO /Volumes/data/work/1duo-coremltools/coremltools/converters/mil/mil/passes/common_pass.py:34] Performing pass: "common::divide_to_multiply"
[20200630 16:33:10 INFO /Volumes/data/work/1duo-coremltools/coremltools/converters/mil/mil/passes/common_pass.py:34] Performing pass: "common::fuse_matmul_weight_bias"
[20200630 16:33:10 INFO /Volumes/data/work/1duo-coremltools/coremltools/converters/mil/mil/passes/common_pass.py:34] Performing pass: "common::const_elimination"
[20200630 16:33:10 INFO /Volumes/data/work/1duo-coremltools/coremltools/converters/mil/mil/passes/common_pass.py:34] Performing pass: "common::loop_invariant_elimination"
[20200630 16:33:10 INFO /Volumes/data/work/1duo-coremltools/coremltools/converters/mil/mil/passes/common_pass.py:34] Performing pass: "common::remove_symbolic_reshape"
[20200630 16:33:10 INFO /Volumes/data/work/1duo-coremltools/coremltools/converters/mil/mil/passes/remove_symbolic_reshape.py:104] remove_symbolic_reshape: changed 0 reshapes.
[20200630 16:33:10 INFO /Volumes/data/work/1duo-coremltools/coremltools/converters/mil/mil/passes/common_pass.py:34] Performing pass: "common::fuse_gelu_tanh_approximation"
[20200630 16:33:10 INFO /Volumes/data/work/1duo-coremltools/coremltools/converters/mil/mil/passes/common_pass.py:34] Performing pass: "common::reduce_transposes"
[20200630 16:33:10 DEBUG /Volumes/data/work/1duo-coremltools/coremltools/converters/mil/mil/passes/reduce_transposes.py:989] Block before optimize transpose transform:
function(%input: (1, 100, fp32)) {
  block11() {
    %1: (3, 100, fp32)* = const(val=(file_value), name="1")
    %2: (3,fp32)* = const(val=[-0.07500161975622177, -0.06426402926445007, -0.05393744632601738], name="2")
    %3_perm_4: (2,i32)* = const(val=[1, 0], name="3_perm_4")
    %3: (100, 3, fp32)* = const(val=(file_value), name="3")
    %4: (i32)* = const(val=1, name="4")
    %5: (i32)* = const(val=1, name="5")
    %3_transposed_perm_4: (2,i32)* = const(val=[1, 0], name="3_transposed_perm_4")
    %3_transposed: (3, 100, fp32)* = const(val=(file_value), name="3_transposed")
    %6: (1, 3, fp32) = linear(x=%input, weight=%3_transposed, bias=%2, name="6")
  } -> (%6)
}

[20200630 16:33:10 DEBUG /Volumes/data/work/1duo-coremltools/coremltools/converters/mil/mil/passes/reduce_transposes.py:1024] Block after optimize transpose transform:
function(%input: (1, 100, fp32)) {
  block11() {
    %1: (3, 100, fp32)* = const(val=(file_value), name="1")
    %2: (3,fp32)* = const(val=[-0.07500161975622177, -0.06426402926445007, -0.05393744632601738], name="2")
    %3_perm_4: (2,i32)* = const(val=[1, 0], name="3_perm_4")
    %3: (100, 3, fp32)* = const(val=(file_value), name="3")
    %4: (i32)* = const(val=1, name="4")
    %5: (i32)* = const(val=1, name="5")
    %3_transposed_perm_4: (2,i32)* = const(val=[1, 0], name="3_transposed_perm_4")
    %3_transposed: (3, 100, fp32)* = const(val=(file_value), name="3_transposed")
    %6: (1, 3, fp32) = linear(x=%input, weight=%3_transposed, bias=%2, name="6")
  } -> (%6)
}

[20200630 16:33:10 INFO /Volumes/data/work/1duo-coremltools/coremltools/converters/mil/mil/passes/common_pass.py:34] Performing pass: "common::fuse_bias_conv"
[20200630 16:33:10 INFO /Volumes/data/work/1duo-coremltools/coremltools/converters/mil/mil/passes/common_pass.py:34] Performing pass: "common::fuse_elementwise_to_batchnorm"
[20200630 16:33:10 INFO /Volumes/data/work/1duo-coremltools/coremltools/converters/mil/mil/passes/common_pass.py:34] Performing pass: "common::fuse_onehot_matmul_to_gather"
[20200630 16:33:10 INFO /Volumes/data/work/1duo-coremltools/coremltools/converters/mil/mil/passes/common_pass.py:34] Performing pass: "common::fuse_layernorm_or_instancenorm"
[20200630 16:33:10 INFO /Volumes/data/work/1duo-coremltools/coremltools/converters/mil/mil/passes/common_pass.py:34] Performing pass: "common::dead_code_elimination"
[20200630 16:33:10 INFO /Volumes/data/work/1duo-coremltools/coremltools/converters/mil/mil/passes/dead_code_elimination.py:35] Removing op "3_transposed_perm_4" (type: const)
[20200630 16:33:10 INFO /Volumes/data/work/1duo-coremltools/coremltools/converters/mil/mil/passes/dead_code_elimination.py:35] Removing op "5" (type: const)
[20200630 16:33:10 INFO /Volumes/data/work/1duo-coremltools/coremltools/converters/mil/mil/passes/dead_code_elimination.py:35] Removing op "4" (type: const)
[20200630 16:33:10 INFO /Volumes/data/work/1duo-coremltools/coremltools/converters/mil/mil/passes/dead_code_elimination.py:35] Removing op "3" (type: const)
[20200630 16:33:10 INFO /Volumes/data/work/1duo-coremltools/coremltools/converters/mil/mil/passes/dead_code_elimination.py:35] Removing op "3_perm_4" (type: const)
[20200630 16:33:10 INFO /Volumes/data/work/1duo-coremltools/coremltools/converters/mil/mil/passes/dead_code_elimination.py:35] Removing op "1" (type: const)
[20200630 16:33:10 DEBUG /Volumes/data/work/1duo-coremltools/coremltools/converters/mil/mil/passes/common_pass.py:38] Program after common passes:
main(%input: (1, 100, fp32)) {
  block11() {
    %2: (3,fp32)* = const(val=[-0.07500161975622177, -0.06426402926445007, -0.05393744632601738], name="2")
    %3_transposed: (3, 100, fp32)* = const(val=(file_value), name="3_transposed")
    %6: (1, 3, fp32) = linear(x=%input, weight=%3_transposed, bias=%2, name="6")
  } -> (%6)
}

[20200630 16:33:10 INFO /Volumes/data/work/1duo-coremltools/coremltools/converters/mil/backend/nn/passes/nn_passes.py:22] Performing passes for nn_backend: "nn_backend::commingle_loop_vars"
[20200630 16:33:10 INFO /Volumes/data/work/1duo-coremltools/coremltools/converters/mil/backend/nn/passes/nn_passes.py:22] Performing passes for nn_backend: "nn_backend::handle_return_inputs_as_outputs"
[20200630 16:33:10 INFO /Volumes/data/work/1duo-coremltools/coremltools/converters/mil/backend/nn/passes/nn_passes.py:22] Performing passes for nn_backend: "common::const_elimination"
[20200630 16:33:10 INFO /Volumes/data/work/1duo-coremltools/coremltools/converters/mil/backend/nn/passes/nn_passes.py:22] Performing passes for nn_backend: "common::dead_code_elimination"
[20200630 16:33:10 INFO /Volumes/data/work/1duo-coremltools/coremltools/converters/mil/backend/nn/passes/nn_passes.py:22] Performing passes for nn_backend: "nn_backend::handle_unused_inputs"
[20200630 16:33:10 INFO /Volumes/data/work/1duo-coremltools/coremltools/converters/mil/backend/nn/passes/nn_passes.py:22] Performing passes for nn_backend: "nn_backend::alert_return_type_cast"
[20200630 16:33:10 DEBUG /Volumes/data/work/1duo-coremltools/coremltools/converters/mil/backend/nn/passes/nn_passes.py:26] Program after nn backend passes:
main(%input: (1, 100, fp32)) {
  block11() {
    %2: (3,fp32)* = const(val=[-0.07500161975622177, -0.06426402926445007, -0.05393744632601738], name="2")
    %3_transposed: (3, 100, fp32)* = const(val=(file_value), name="3_transposed")
    %6: (1, 3, fp32) = linear(x=%input, weight=%3_transposed, bias=%2, name="6")
  } -> (%6)
}

[20200630 16:33:10 INFO /Volumes/data/work/1duo-coremltools/coremltools/converters/mil/frontend/torch/converter.py:269] Converting graph.
[20200630 16:33:10 INFO /Volumes/data/work/1duo-coremltools/coremltools/converters/mil/mil/builder.py:181] Adding op '1' of type const
[20200630 16:33:10 INFO /Volumes/data/work/1duo-coremltools/coremltools/converters/mil/mil/builder.py:181] Adding op '2' of type const
[20200630 16:33:10 INFO /Volumes/data/work/1duo-coremltools/coremltools/converters/mil/frontend/torch/ops.py:49] Converting op 3 : t
[20200630 16:33:10 INFO /Volumes/data/work/1duo-coremltools/coremltools/converters/mil/mil/builder.py:181] Adding op '3' of type transpose
[20200630 16:33:10 DEBUG /Volumes/data/work/1duo-coremltools/coremltools/converters/mil/mil/builder.py:93] Adding const op '3_perm_5'
[20200630 16:33:10 INFO /Volumes/data/work/1duo-coremltools/coremltools/converters/mil/mil/builder.py:181] Adding op '3_perm_5' of type const
[20200630 16:33:10 INFO /Volumes/data/work/1duo-coremltools/coremltools/converters/mil/frontend/torch/ops.py:49] Converting op 4 : constant
[20200630 16:33:10 INFO /Volumes/data/work/1duo-coremltools/coremltools/converters/mil/mil/builder.py:181] Adding op '4' of type const
[20200630 16:33:10 INFO /Volumes/data/work/1duo-coremltools/coremltools/converters/mil/frontend/torch/ops.py:49] Converting op 5 : constant
[20200630 16:33:10 INFO /Volumes/data/work/1duo-coremltools/coremltools/converters/mil/mil/builder.py:181] Adding op '5' of type const
[20200630 16:33:10 INFO /Volumes/data/work/1duo-coremltools/coremltools/converters/mil/frontend/torch/ops.py:49] Converting op 6 : addmm
[20200630 16:33:10 INFO /Volumes/data/work/1duo-coremltools/coremltools/converters/mil/mil/builder.py:181] Adding op '3_transposed' of type transpose
[20200630 16:33:10 DEBUG /Volumes/data/work/1duo-coremltools/coremltools/converters/mil/mil/builder.py:93] Adding const op '3_transposed_perm_5'
[20200630 16:33:10 INFO /Volumes/data/work/1duo-coremltools/coremltools/converters/mil/mil/builder.py:181] Adding op '3_transposed_perm_5' of type const
[20200630 16:33:10 INFO /Volumes/data/work/1duo-coremltools/coremltools/converters/mil/mil/builder.py:181] Adding op '6' of type linear
[20200630 16:33:10 DEBUG /Volumes/data/work/1duo-coremltools/coremltools/converters/mil/mil/passes/common_pass.py:30] Program before common passes:
main(%input: (1, 100, fp32)) {
  block12() {
    %1: (6, 100, fp32)* = const(val=(file_value), name="1")
    %2: (6,fp32)* = const(val=[0.01478564739227295, -0.07496476173400879, -0.04985332489013672, -0.06634293496608734, 0.006095908582210541, -0.019091643393039703], name="2")
    %3_perm_5: (2,i32)* = const(val=[1, 0], name="3_perm_5")
    %3: (100, 6, fp32)* = transpose(x=%1, perm=%3_perm_5, name="3")
    %4: (i32)* = const(val=1, name="4")
    %5: (i32)* = const(val=1, name="5")
    %3_transposed_perm_5: (2,i32)* = const(val=[1, 0], name="3_transposed_perm_5")
    %3_transposed: (6, 100, fp32)* = transpose(x=%3, perm=%3_transposed_perm_5, name="3_transposed")
    %6: (1, 6, fp32) = linear(x=%input, weight=%3_transposed, bias=%2, name="6")
  } -> (%6)
}

[20200630 16:33:10 INFO /Volumes/data/work/1duo-coremltools/coremltools/converters/mil/mil/passes/common_pass.py:34] Performing pass: "common::const_elimination"
[20200630 16:33:10 INFO /Volumes/data/work/1duo-coremltools/coremltools/converters/mil/mil/builder.py:181] Adding op '3' of type const
[20200630 16:33:10 DEBUG /Volumes/data/work/1duo-coremltools/coremltools/converters/mil/mil/block.py:1107] Num ops affected in replacing var: 1
[20200630 16:33:10 INFO /Volumes/data/work/1duo-coremltools/coremltools/converters/mil/mil/builder.py:181] Adding op '3_transposed' of type const
[20200630 16:33:10 DEBUG /Volumes/data/work/1duo-coremltools/coremltools/converters/mil/mil/block.py:1107] Num ops affected in replacing var: 1
[20200630 16:33:10 INFO /Volumes/data/work/1duo-coremltools/coremltools/converters/mil/mil/passes/common_pass.py:34] Performing pass: "common::divide_to_multiply"
[20200630 16:33:10 INFO /Volumes/data/work/1duo-coremltools/coremltools/converters/mil/mil/passes/common_pass.py:34] Performing pass: "common::fuse_matmul_weight_bias"
[20200630 16:33:10 INFO /Volumes/data/work/1duo-coremltools/coremltools/converters/mil/mil/passes/common_pass.py:34] Performing pass: "common::const_elimination"
[20200630 16:33:10 INFO /Volumes/data/work/1duo-coremltools/coremltools/converters/mil/mil/passes/common_pass.py:34] Performing pass: "common::loop_invariant_elimination"
[20200630 16:33:10 INFO /Volumes/data/work/1duo-coremltools/coremltools/converters/mil/mil/passes/common_pass.py:34] Performing pass: "common::remove_symbolic_reshape"
[20200630 16:33:10 INFO /Volumes/data/work/1duo-coremltools/coremltools/converters/mil/mil/passes/remove_symbolic_reshape.py:104] remove_symbolic_reshape: changed 0 reshapes.
[20200630 16:33:10 INFO /Volumes/data/work/1duo-coremltools/coremltools/converters/mil/mil/passes/common_pass.py:34] Performing pass: "common::fuse_gelu_tanh_approximation"
[20200630 16:33:10 INFO /Volumes/data/work/1duo-coremltools/coremltools/converters/mil/mil/passes/common_pass.py:34] Performing pass: "common::reduce_transposes"
[20200630 16:33:10 DEBUG /Volumes/data/work/1duo-coremltools/coremltools/converters/mil/mil/passes/reduce_transposes.py:989] Block before optimize transpose transform:
function(%input: (1, 100, fp32)) {
  block12() {
    %1: (6, 100, fp32)* = const(val=(file_value), name="1")
    %2: (6,fp32)* = const(val=[0.01478564739227295, -0.07496476173400879, -0.04985332489013672, -0.06634293496608734, 0.006095908582210541, -0.019091643393039703], name="2")
    %3_perm_5: (2,i32)* = const(val=[1, 0], name="3_perm_5")
    %3: (100, 6, fp32)* = const(val=(file_value), name="3")
    %4: (i32)* = const(val=1, name="4")
    %5: (i32)* = const(val=1, name="5")
    %3_transposed_perm_5: (2,i32)* = const(val=[1, 0], name="3_transposed_perm_5")
    %3_transposed: (6, 100, fp32)* = const(val=(file_value), name="3_transposed")
    %6: (1, 6, fp32) = linear(x=%input, weight=%3_transposed, bias=%2, name="6")
  } -> (%6)
}

[20200630 16:33:10 DEBUG /Volumes/data/work/1duo-coremltools/coremltools/converters/mil/mil/passes/reduce_transposes.py:1024] Block after optimize transpose transform:
function(%input: (1, 100, fp32)) {
  block12() {
    %1: (6, 100, fp32)* = const(val=(file_value), name="1")
    %2: (6,fp32)* = const(val=[0.01478564739227295, -0.07496476173400879, -0.04985332489013672, -0.06634293496608734, 0.006095908582210541, -0.019091643393039703], name="2")
    %3_perm_5: (2,i32)* = const(val=[1, 0], name="3_perm_5")
    %3: (100, 6, fp32)* = const(val=(file_value), name="3")
    %4: (i32)* = const(val=1, name="4")
    %5: (i32)* = const(val=1, name="5")
    %3_transposed_perm_5: (2,i32)* = const(val=[1, 0], name="3_transposed_perm_5")
    %3_transposed: (6, 100, fp32)* = const(val=(file_value), name="3_transposed")
    %6: (1, 6, fp32) = linear(x=%input, weight=%3_transposed, bias=%2, name="6")
  } -> (%6)
}

[20200630 16:33:10 INFO /Volumes/data/work/1duo-coremltools/coremltools/converters/mil/mil/passes/common_pass.py:34] Performing pass: "common::fuse_bias_conv"
[20200630 16:33:10 INFO /Volumes/data/work/1duo-coremltools/coremltools/converters/mil/mil/passes/common_pass.py:34] Performing pass: "common::fuse_elementwise_to_batchnorm"
[20200630 16:33:10 INFO /Volumes/data/work/1duo-coremltools/coremltools/converters/mil/mil/passes/common_pass.py:34] Performing pass: "common::fuse_onehot_matmul_to_gather"
[20200630 16:33:10 INFO /Volumes/data/work/1duo-coremltools/coremltools/converters/mil/mil/passes/common_pass.py:34] Performing pass: "common::fuse_layernorm_or_instancenorm"
[20200630 16:33:10 INFO /Volumes/data/work/1duo-coremltools/coremltools/converters/mil/mil/passes/common_pass.py:34] Performing pass: "common::dead_code_elimination"
[20200630 16:33:10 INFO /Volumes/data/work/1duo-coremltools/coremltools/converters/mil/mil/passes/dead_code_elimination.py:35] Removing op "3_transposed_perm_5" (type: const)
[20200630 16:33:10 INFO /Volumes/data/work/1duo-coremltools/coremltools/converters/mil/mil/passes/dead_code_elimination.py:35] Removing op "5" (type: const)
[20200630 16:33:10 INFO /Volumes/data/work/1duo-coremltools/coremltools/converters/mil/mil/passes/dead_code_elimination.py:35] Removing op "4" (type: const)
[20200630 16:33:10 INFO /Volumes/data/work/1duo-coremltools/coremltools/converters/mil/mil/passes/dead_code_elimination.py:35] Removing op "3" (type: const)
[20200630 16:33:10 INFO /Volumes/data/work/1duo-coremltools/coremltools/converters/mil/mil/passes/dead_code_elimination.py:35] Removing op "3_perm_5" (type: const)
[20200630 16:33:10 INFO /Volumes/data/work/1duo-coremltools/coremltools/converters/mil/mil/passes/dead_code_elimination.py:35] Removing op "1" (type: const)
[20200630 16:33:10 DEBUG /Volumes/data/work/1duo-coremltools/coremltools/converters/mil/mil/passes/common_pass.py:38] Program after common passes:
main(%input: (1, 100, fp32)) {
  block12() {
    %2: (6,fp32)* = const(val=[0.01478564739227295, -0.07496476173400879, -0.04985332489013672, -0.06634293496608734, 0.006095908582210541, -0.019091643393039703], name="2")
    %3_transposed: (6, 100, fp32)* = const(val=(file_value), name="3_transposed")
    %6: (1, 6, fp32) = linear(x=%input, weight=%3_transposed, bias=%2, name="6")
  } -> (%6)
}

[20200630 16:33:10 INFO /Volumes/data/work/1duo-coremltools/coremltools/converters/mil/backend/nn/passes/nn_passes.py:22] Performing passes for nn_backend: "nn_backend::commingle_loop_vars"
[20200630 16:33:10 INFO /Volumes/data/work/1duo-coremltools/coremltools/converters/mil/backend/nn/passes/nn_passes.py:22] Performing passes for nn_backend: "nn_backend::handle_return_inputs_as_outputs"
[20200630 16:33:10 INFO /Volumes/data/work/1duo-coremltools/coremltools/converters/mil/backend/nn/passes/nn_passes.py:22] Performing passes for nn_backend: "common::const_elimination"
[20200630 16:33:10 INFO /Volumes/data/work/1duo-coremltools/coremltools/converters/mil/backend/nn/passes/nn_passes.py:22] Performing passes for nn_backend: "common::dead_code_elimination"
[20200630 16:33:10 INFO /Volumes/data/work/1duo-coremltools/coremltools/converters/mil/backend/nn/passes/nn_passes.py:22] Performing passes for nn_backend: "nn_backend::handle_unused_inputs"
[20200630 16:33:10 INFO /Volumes/data/work/1duo-coremltools/coremltools/converters/mil/backend/nn/passes/nn_passes.py:22] Performing passes for nn_backend: "nn_backend::alert_return_type_cast"
[20200630 16:33:10 DEBUG /Volumes/data/work/1duo-coremltools/coremltools/converters/mil/backend/nn/passes/nn_passes.py:26] Program after nn backend passes:
main(%input: (1, 100, fp32)) {
  block12() {
    %2: (6,fp32)* = const(val=[0.01478564739227295, -0.07496476173400879, -0.04985332489013672, -0.06634293496608734, 0.006095908582210541, -0.019091643393039703], name="2")
    %3_transposed: (6, 100, fp32)* = const(val=(file_value), name="3_transposed")
    %6: (1, 6, fp32) = linear(x=%input, weight=%3_transposed, bias=%2, name="6")
  } -> (%6)
}

[20200630 16:33:10 INFO /Volumes/data/work/1duo-coremltools/coremltools/converters/mil/frontend/torch/converter.py:269] Converting graph.
[20200630 16:33:10 INFO /Volumes/data/work/1duo-coremltools/coremltools/converters/mil/mil/builder.py:181] Adding op '1' of type const
[20200630 16:33:10 INFO /Volumes/data/work/1duo-coremltools/coremltools/converters/mil/mil/builder.py:181] Adding op '2' of type const
[20200630 16:33:10 INFO /Volumes/data/work/1duo-coremltools/coremltools/converters/mil/mil/builder.py:181] Adding op '3' of type const
[20200630 16:33:10 INFO /Volumes/data/work/1duo-coremltools/coremltools/converters/mil/mil/builder.py:181] Adding op '4' of type const
[20200630 16:33:10 INFO /Volumes/data/work/1duo-coremltools/coremltools/converters/mil/frontend/torch/ops.py:49] Converting op 5 : constant
[20200630 16:33:10 INFO /Volumes/data/work/1duo-coremltools/coremltools/converters/mil/mil/builder.py:181] Adding op '5' of type const
[20200630 16:33:10 INFO /Volumes/data/work/1duo-coremltools/coremltools/converters/mil/frontend/torch/ops.py:49] Converting op 6 : constant
[20200630 16:33:10 INFO /Volumes/data/work/1duo-coremltools/coremltools/converters/mil/mil/builder.py:181] Adding op '6' of type const
[20200630 16:33:10 INFO /Volumes/data/work/1duo-coremltools/coremltools/converters/mil/frontend/torch/ops.py:49] Converting op 7 : constant
[20200630 16:33:10 INFO /Volumes/data/work/1duo-coremltools/coremltools/converters/mil/mil/builder.py:181] Adding op '7' of type const
[20200630 16:33:10 INFO /Volumes/data/work/1duo-coremltools/coremltools/converters/mil/frontend/torch/ops.py:49] Converting op 8 : constant
[20200630 16:33:10 INFO /Volumes/data/work/1duo-coremltools/coremltools/converters/mil/mil/builder.py:181] Adding op '8' of type const
[20200630 16:33:10 INFO /Volumes/data/work/1duo-coremltools/coremltools/converters/mil/frontend/torch/ops.py:49] Converting op 9 : batch_norm
[20200630 16:33:10 INFO /Volumes/data/work/1duo-coremltools/coremltools/converters/mil/mil/builder.py:181] Adding op '9' of type batch_norm
[20200630 16:33:10 DEBUG /Volumes/data/work/1duo-coremltools/coremltools/converters/mil/mil/passes/common_pass.py:30] Program before common passes:
main(%input: (1, 5, 5, 5, fp32)) {
  block13() {
    %1: (5,fp32)* = const(val=[1.0, 1.0, 1.0, 1.0, 1.0], name="1")
    %2: (5,fp32)* = const(val=[0.0, 0.0, 0.0, 0.0, 0.0], name="2")
    %3: (5,fp32)* = const(val=[0.0, 0.0, 0.0, 0.0, 0.0], name="3")
    %4: (5,fp32)* = const(val=[1.0, 1.0, 1.0, 1.0, 1.0], name="4")
    %5: (bool)* = const(val=False, name="5")
    %6: (fp32)* = const(val=0.1, name="6")
    %7: (fp32)* = const(val=0.1, name="7")
    %8: (bool)* = const(val=True, name="8")
    %9: (1, 5, 5, 5, fp32) = batch_norm(x=%input, mean=%3, variance=%4, gamma=%1, beta=%2, epsilon=%7, name="9")
  } -> (%9)
}

[20200630 16:33:10 INFO /Volumes/data/work/1duo-coremltools/coremltools/converters/mil/mil/passes/common_pass.py:34] Performing pass: "common::const_elimination"
[20200630 16:33:10 INFO /Volumes/data/work/1duo-coremltools/coremltools/converters/mil/mil/passes/common_pass.py:34] Performing pass: "common::divide_to_multiply"
[20200630 16:33:10 INFO /Volumes/data/work/1duo-coremltools/coremltools/converters/mil/mil/passes/common_pass.py:34] Performing pass: "common::fuse_matmul_weight_bias"
[20200630 16:33:10 INFO /Volumes/data/work/1duo-coremltools/coremltools/converters/mil/mil/passes/common_pass.py:34] Performing pass: "common::const_elimination"
[20200630 16:33:10 INFO /Volumes/data/work/1duo-coremltools/coremltools/converters/mil/mil/passes/common_pass.py:34] Performing pass: "common::loop_invariant_elimination"
[20200630 16:33:10 INFO /Volumes/data/work/1duo-coremltools/coremltools/converters/mil/mil/passes/common_pass.py:34] Performing pass: "common::remove_symbolic_reshape"
[20200630 16:33:10 INFO /Volumes/data/work/1duo-coremltools/coremltools/converters/mil/mil/passes/remove_symbolic_reshape.py:104] remove_symbolic_reshape: changed 0 reshapes.
[20200630 16:33:10 INFO /Volumes/data/work/1duo-coremltools/coremltools/converters/mil/mil/passes/common_pass.py:34] Performing pass: "common::fuse_gelu_tanh_approximation"
[20200630 16:33:10 INFO /Volumes/data/work/1duo-coremltools/coremltools/converters/mil/mil/passes/common_pass.py:34] Performing pass: "common::reduce_transposes"
[20200630 16:33:10 DEBUG /Volumes/data/work/1duo-coremltools/coremltools/converters/mil/mil/passes/reduce_transposes.py:989] Block before optimize transpose transform:
function(%input: (1, 5, 5, 5, fp32)) {
  block13() {
    %1: (5,fp32)* = const(val=[1.0, 1.0, 1.0, 1.0, 1.0], name="1")
    %2: (5,fp32)* = const(val=[0.0, 0.0, 0.0, 0.0, 0.0], name="2")
    %3: (5,fp32)* = const(val=[0.0, 0.0, 0.0, 0.0, 0.0], name="3")
    %4: (5,fp32)* = const(val=[1.0, 1.0, 1.0, 1.0, 1.0], name="4")
    %5: (bool)* = const(val=False, name="5")
    %6: (fp32)* = const(val=0.1, name="6")
    %7: (fp32)* = const(val=0.1, name="7")
    %8: (bool)* = const(val=True, name="8")
    %9: (1, 5, 5, 5, fp32) = batch_norm(x=%input, mean=%3, variance=%4, gamma=%1, beta=%2, epsilon=%7, name="9")
  } -> (%9)
}

[20200630 16:33:10 DEBUG /Volumes/data/work/1duo-coremltools/coremltools/converters/mil/mil/passes/reduce_transposes.py:1024] Block after optimize transpose transform:
function(%input: (1, 5, 5, 5, fp32)) {
  block13() {
    %1: (5,fp32)* = const(val=[1.0, 1.0, 1.0, 1.0, 1.0], name="1")
    %2: (5,fp32)* = const(val=[0.0, 0.0, 0.0, 0.0, 0.0], name="2")
    %3: (5,fp32)* = const(val=[0.0, 0.0, 0.0, 0.0, 0.0], name="3")
    %4: (5,fp32)* = const(val=[1.0, 1.0, 1.0, 1.0, 1.0], name="4")
    %5: (bool)* = const(val=False, name="5")
    %6: (fp32)* = const(val=0.1, name="6")
    %7: (fp32)* = const(val=0.1, name="7")
    %8: (bool)* = const(val=True, name="8")
    %9: (1, 5, 5, 5, fp32) = batch_norm(x=%input, mean=%3, variance=%4, gamma=%1, beta=%2, epsilon=%7, name="9")
  } -> (%9)
}

[20200630 16:33:10 INFO /Volumes/data/work/1duo-coremltools/coremltools/converters/mil/mil/passes/common_pass.py:34] Performing pass: "common::fuse_bias_conv"
[20200630 16:33:10 INFO /Volumes/data/work/1duo-coremltools/coremltools/converters/mil/mil/passes/common_pass.py:34] Performing pass: "common::fuse_elementwise_to_batchnorm"
[20200630 16:33:10 INFO /Volumes/data/work/1duo-coremltools/coremltools/converters/mil/mil/passes/common_pass.py:34] Performing pass: "common::fuse_onehot_matmul_to_gather"
[20200630 16:33:10 INFO /Volumes/data/work/1duo-coremltools/coremltools/converters/mil/mil/passes/common_pass.py:34] Performing pass: "common::fuse_layernorm_or_instancenorm"
[20200630 16:33:10 INFO /Volumes/data/work/1duo-coremltools/coremltools/converters/mil/mil/passes/common_pass.py:34] Performing pass: "common::dead_code_elimination"
[20200630 16:33:10 INFO /Volumes/data/work/1duo-coremltools/coremltools/converters/mil/mil/passes/dead_code_elimination.py:35] Removing op "8" (type: const)
[20200630 16:33:10 INFO /Volumes/data/work/1duo-coremltools/coremltools/converters/mil/mil/passes/dead_code_elimination.py:35] Removing op "6" (type: const)
[20200630 16:33:10 INFO /Volumes/data/work/1duo-coremltools/coremltools/converters/mil/mil/passes/dead_code_elimination.py:35] Removing op "5" (type: const)
[20200630 16:33:10 DEBUG /Volumes/data/work/1duo-coremltools/coremltools/converters/mil/mil/passes/common_pass.py:38] Program after common passes:
main(%input: (1, 5, 5, 5, fp32)) {
  block13() {
    %1: (5,fp32)* = const(val=[1.0, 1.0, 1.0, 1.0, 1.0], name="1")
    %2: (5,fp32)* = const(val=[0.0, 0.0, 0.0, 0.0, 0.0], name="2")
    %3: (5,fp32)* = const(val=[0.0, 0.0, 0.0, 0.0, 0.0], name="3")
    %4: (5,fp32)* = const(val=[1.0, 1.0, 1.0, 1.0, 1.0], name="4")
    %7: (fp32)* = const(val=0.1, name="7")
    %9: (1, 5, 5, 5, fp32) = batch_norm(x=%input, mean=%3, variance=%4, gamma=%1, beta=%2, epsilon=%7, name="9")
  } -> (%9)
}

[20200630 16:33:10 INFO /Volumes/data/work/1duo-coremltools/coremltools/converters/mil/backend/nn/passes/nn_passes.py:22] Performing passes for nn_backend: "nn_backend::commingle_loop_vars"
[20200630 16:33:10 INFO /Volumes/data/work/1duo-coremltools/coremltools/converters/mil/backend/nn/passes/nn_passes.py:22] Performing passes for nn_backend: "nn_backend::handle_return_inputs_as_outputs"
[20200630 16:33:10 INFO /Volumes/data/work/1duo-coremltools/coremltools/converters/mil/backend/nn/passes/nn_passes.py:22] Performing passes for nn_backend: "common::const_elimination"
[20200630 16:33:10 INFO /Volumes/data/work/1duo-coremltools/coremltools/converters/mil/backend/nn/passes/nn_passes.py:22] Performing passes for nn_backend: "common::dead_code_elimination"
[20200630 16:33:10 INFO /Volumes/data/work/1duo-coremltools/coremltools/converters/mil/backend/nn/passes/nn_passes.py:22] Performing passes for nn_backend: "nn_backend::handle_unused_inputs"
[20200630 16:33:10 INFO /Volumes/data/work/1duo-coremltools/coremltools/converters/mil/backend/nn/passes/nn_passes.py:22] Performing passes for nn_backend: "nn_backend::alert_return_type_cast"
[20200630 16:33:10 DEBUG /Volumes/data/work/1duo-coremltools/coremltools/converters/mil/backend/nn/passes/nn_passes.py:26] Program after nn backend passes:
main(%input: (1, 5, 5, 5, fp32)) {
  block13() {
    %1: (5,fp32)* = const(val=[1.0, 1.0, 1.0, 1.0, 1.0], name="1")
    %2: (5,fp32)* = const(val=[0.0, 0.0, 0.0, 0.0, 0.0], name="2")
    %3: (5,fp32)* = const(val=[0.0, 0.0, 0.0, 0.0, 0.0], name="3")
    %4: (5,fp32)* = const(val=[1.0, 1.0, 1.0, 1.0, 1.0], name="4")
    %7: (fp32)* = const(val=0.1, name="7")
    %9: (1, 5, 5, 5, fp32) = batch_norm(x=%input, mean=%3, variance=%4, gamma=%1, beta=%2, epsilon=%7, name="9")
  } -> (%9)
}

[20200630 16:33:10 INFO /Volumes/data/work/1duo-coremltools/coremltools/converters/mil/frontend/torch/converter.py:269] Converting graph.
[20200630 16:33:10 INFO /Volumes/data/work/1duo-coremltools/coremltools/converters/mil/mil/builder.py:181] Adding op '1' of type const
[20200630 16:33:10 INFO /Volumes/data/work/1duo-coremltools/coremltools/converters/mil/mil/builder.py:181] Adding op '2' of type const
[20200630 16:33:10 INFO /Volumes/data/work/1duo-coremltools/coremltools/converters/mil/mil/builder.py:181] Adding op '3' of type const
[20200630 16:33:10 INFO /Volumes/data/work/1duo-coremltools/coremltools/converters/mil/mil/builder.py:181] Adding op '4' of type const
[20200630 16:33:10 INFO /Volumes/data/work/1duo-coremltools/coremltools/converters/mil/frontend/torch/ops.py:49] Converting op 5 : constant
[20200630 16:33:10 INFO /Volumes/data/work/1duo-coremltools/coremltools/converters/mil/mil/builder.py:181] Adding op '5' of type const
[20200630 16:33:10 INFO /Volumes/data/work/1duo-coremltools/coremltools/converters/mil/frontend/torch/ops.py:49] Converting op 6 : constant
[20200630 16:33:10 INFO /Volumes/data/work/1duo-coremltools/coremltools/converters/mil/mil/builder.py:181] Adding op '6' of type const
[20200630 16:33:10 INFO /Volumes/data/work/1duo-coremltools/coremltools/converters/mil/frontend/torch/ops.py:49] Converting op 7 : constant
[20200630 16:33:10 INFO /Volumes/data/work/1duo-coremltools/coremltools/converters/mil/mil/builder.py:181] Adding op '7' of type const
[20200630 16:33:10 INFO /Volumes/data/work/1duo-coremltools/coremltools/converters/mil/frontend/torch/ops.py:49] Converting op 8 : constant
[20200630 16:33:10 INFO /Volumes/data/work/1duo-coremltools/coremltools/converters/mil/mil/builder.py:181] Adding op '8' of type const
[20200630 16:33:10 INFO /Volumes/data/work/1duo-coremltools/coremltools/converters/mil/frontend/torch/ops.py:49] Converting op 9 : batch_norm
[20200630 16:33:10 INFO /Volumes/data/work/1duo-coremltools/coremltools/converters/mil/mil/builder.py:181] Adding op '9' of type batch_norm
[20200630 16:33:10 DEBUG /Volumes/data/work/1duo-coremltools/coremltools/converters/mil/mil/passes/common_pass.py:30] Program before common passes:
main(%input: (1, 5, 5, 5, fp32)) {
  block14() {
    %1: (5,fp32)* = const(val=[1.0, 1.0, 1.0, 1.0, 1.0], name="1")
    %2: (5,fp32)* = const(val=[0.0, 0.0, 0.0, 0.0, 0.0], name="2")
    %3: (5,fp32)* = const(val=[0.0, 0.0, 0.0, 0.0, 0.0], name="3")
    %4: (5,fp32)* = const(val=[1.0, 1.0, 1.0, 1.0, 1.0], name="4")
    %5: (bool)* = const(val=False, name="5")
    %6: (fp32)* = const(val=0.1, name="6")
    %7: (fp32)* = const(val=1e-05, name="7")
    %8: (bool)* = const(val=True, name="8")
    %9: (1, 5, 5, 5, fp32) = batch_norm(x=%input, mean=%3, variance=%4, gamma=%1, beta=%2, epsilon=%7, name="9")
  } -> (%9)
}

[20200630 16:33:10 INFO /Volumes/data/work/1duo-coremltools/coremltools/converters/mil/mil/passes/common_pass.py:34] Performing pass: "common::const_elimination"
[20200630 16:33:10 INFO /Volumes/data/work/1duo-coremltools/coremltools/converters/mil/mil/passes/common_pass.py:34] Performing pass: "common::divide_to_multiply"
[20200630 16:33:10 INFO /Volumes/data/work/1duo-coremltools/coremltools/converters/mil/mil/passes/common_pass.py:34] Performing pass: "common::fuse_matmul_weight_bias"
[20200630 16:33:10 INFO /Volumes/data/work/1duo-coremltools/coremltools/converters/mil/mil/passes/common_pass.py:34] Performing pass: "common::const_elimination"
[20200630 16:33:10 INFO /Volumes/data/work/1duo-coremltools/coremltools/converters/mil/mil/passes/common_pass.py:34] Performing pass: "common::loop_invariant_elimination"
[20200630 16:33:10 INFO /Volumes/data/work/1duo-coremltools/coremltools/converters/mil/mil/passes/common_pass.py:34] Performing pass: "common::remove_symbolic_reshape"
[20200630 16:33:10 INFO /Volumes/data/work/1duo-coremltools/coremltools/converters/mil/mil/passes/remove_symbolic_reshape.py:104] remove_symbolic_reshape: changed 0 reshapes.
[20200630 16:33:10 INFO /Volumes/data/work/1duo-coremltools/coremltools/converters/mil/mil/passes/common_pass.py:34] Performing pass: "common::fuse_gelu_tanh_approximation"
[20200630 16:33:10 INFO /Volumes/data/work/1duo-coremltools/coremltools/converters/mil/mil/passes/common_pass.py:34] Performing pass: "common::reduce_transposes"
[20200630 16:33:10 DEBUG /Volumes/data/work/1duo-coremltools/coremltools/converters/mil/mil/passes/reduce_transposes.py:989] Block before optimize transpose transform:
function(%input: (1, 5, 5, 5, fp32)) {
  block14() {
    %1: (5,fp32)* = const(val=[1.0, 1.0, 1.0, 1.0, 1.0], name="1")
    %2: (5,fp32)* = const(val=[0.0, 0.0, 0.0, 0.0, 0.0], name="2")
    %3: (5,fp32)* = const(val=[0.0, 0.0, 0.0, 0.0, 0.0], name="3")
    %4: (5,fp32)* = const(val=[1.0, 1.0, 1.0, 1.0, 1.0], name="4")
    %5: (bool)* = const(val=False, name="5")
    %6: (fp32)* = const(val=0.1, name="6")
    %7: (fp32)* = const(val=1e-05, name="7")
    %8: (bool)* = const(val=True, name="8")
    %9: (1, 5, 5, 5, fp32) = batch_norm(x=%input, mean=%3, variance=%4, gamma=%1, beta=%2, epsilon=%7, name="9")
  } -> (%9)
}

[20200630 16:33:10 DEBUG /Volumes/data/work/1duo-coremltools/coremltools/converters/mil/mil/passes/reduce_transposes.py:1024] Block after optimize transpose transform:
function(%input: (1, 5, 5, 5, fp32)) {
  block14() {
    %1: (5,fp32)* = const(val=[1.0, 1.0, 1.0, 1.0, 1.0], name="1")
    %2: (5,fp32)* = const(val=[0.0, 0.0, 0.0, 0.0, 0.0], name="2")
    %3: (5,fp32)* = const(val=[0.0, 0.0, 0.0, 0.0, 0.0], name="3")
    %4: (5,fp32)* = const(val=[1.0, 1.0, 1.0, 1.0, 1.0], name="4")
    %5: (bool)* = const(val=False, name="5")
    %6: (fp32)* = const(val=0.1, name="6")
    %7: (fp32)* = const(val=1e-05, name="7")
    %8: (bool)* = const(val=True, name="8")
    %9: (1, 5, 5, 5, fp32) = batch_norm(x=%input, mean=%3, variance=%4, gamma=%1, beta=%2, epsilon=%7, name="9")
  } -> (%9)
}

[20200630 16:33:10 INFO /Volumes/data/work/1duo-coremltools/coremltools/converters/mil/mil/passes/common_pass.py:34] Performing pass: "common::fuse_bias_conv"
[20200630 16:33:10 INFO /Volumes/data/work/1duo-coremltools/coremltools/converters/mil/mil/passes/common_pass.py:34] Performing pass: "common::fuse_elementwise_to_batchnorm"
[20200630 16:33:10 INFO /Volumes/data/work/1duo-coremltools/coremltools/converters/mil/mil/passes/common_pass.py:34] Performing pass: "common::fuse_onehot_matmul_to_gather"
[20200630 16:33:10 INFO /Volumes/data/work/1duo-coremltools/coremltools/converters/mil/mil/passes/common_pass.py:34] Performing pass: "common::fuse_layernorm_or_instancenorm"
[20200630 16:33:10 INFO /Volumes/data/work/1duo-coremltools/coremltools/converters/mil/mil/passes/common_pass.py:34] Performing pass: "common::dead_code_elimination"
[20200630 16:33:10 INFO /Volumes/data/work/1duo-coremltools/coremltools/converters/mil/mil/passes/dead_code_elimination.py:35] Removing op "8" (type: const)
[20200630 16:33:10 INFO /Volumes/data/work/1duo-coremltools/coremltools/converters/mil/mil/passes/dead_code_elimination.py:35] Removing op "6" (type: const)
[20200630 16:33:10 INFO /Volumes/data/work/1duo-coremltools/coremltools/converters/mil/mil/passes/dead_code_elimination.py:35] Removing op "5" (type: const)
[20200630 16:33:10 DEBUG /Volumes/data/work/1duo-coremltools/coremltools/converters/mil/mil/passes/common_pass.py:38] Program after common passes:
main(%input: (1, 5, 5, 5, fp32)) {
  block14() {
    %1: (5,fp32)* = const(val=[1.0, 1.0, 1.0, 1.0, 1.0], name="1")
    %2: (5,fp32)* = const(val=[0.0, 0.0, 0.0, 0.0, 0.0], name="2")
    %3: (5,fp32)* = const(val=[0.0, 0.0, 0.0, 0.0, 0.0], name="3")
    %4: (5,fp32)* = const(val=[1.0, 1.0, 1.0, 1.0, 1.0], name="4")
    %7: (fp32)* = const(val=1e-05, name="7")
    %9: (1, 5, 5, 5, fp32) = batch_norm(x=%input, mean=%3, variance=%4, gamma=%1, beta=%2, epsilon=%7, name="9")
  } -> (%9)
}

[20200630 16:33:10 INFO /Volumes/data/work/1duo-coremltools/coremltools/converters/mil/backend/nn/passes/nn_passes.py:22] Performing passes for nn_backend: "nn_backend::commingle_loop_vars"
[20200630 16:33:10 INFO /Volumes/data/work/1duo-coremltools/coremltools/converters/mil/backend/nn/passes/nn_passes.py:22] Performing passes for nn_backend: "nn_backend::handle_return_inputs_as_outputs"
[20200630 16:33:10 INFO /Volumes/data/work/1duo-coremltools/coremltools/converters/mil/backend/nn/passes/nn_passes.py:22] Performing passes for nn_backend: "common::const_elimination"
[20200630 16:33:10 INFO /Volumes/data/work/1duo-coremltools/coremltools/converters/mil/backend/nn/passes/nn_passes.py:22] Performing passes for nn_backend: "common::dead_code_elimination"
[20200630 16:33:10 INFO /Volumes/data/work/1duo-coremltools/coremltools/converters/mil/backend/nn/passes/nn_passes.py:22] Performing passes for nn_backend: "nn_backend::handle_unused_inputs"
[20200630 16:33:10 INFO /Volumes/data/work/1duo-coremltools/coremltools/converters/mil/backend/nn/passes/nn_passes.py:22] Performing passes for nn_backend: "nn_backend::alert_return_type_cast"
[20200630 16:33:10 DEBUG /Volumes/data/work/1duo-coremltools/coremltools/converters/mil/backend/nn/passes/nn_passes.py:26] Program after nn backend passes:
main(%input: (1, 5, 5, 5, fp32)) {
  block14() {
    %1: (5,fp32)* = const(val=[1.0, 1.0, 1.0, 1.0, 1.0], name="1")
    %2: (5,fp32)* = const(val=[0.0, 0.0, 0.0, 0.0, 0.0], name="2")
    %3: (5,fp32)* = const(val=[0.0, 0.0, 0.0, 0.0, 0.0], name="3")
    %4: (5,fp32)* = const(val=[1.0, 1.0, 1.0, 1.0, 1.0], name="4")
    %7: (fp32)* = const(val=1e-05, name="7")
    %9: (1, 5, 5, 5, fp32) = batch_norm(x=%input, mean=%3, variance=%4, gamma=%1, beta=%2, epsilon=%7, name="9")
  } -> (%9)
}

[20200630 16:33:10 INFO /Volumes/data/work/1duo-coremltools/coremltools/converters/mil/frontend/torch/converter.py:269] Converting graph.
[20200630 16:33:10 INFO /Volumes/data/work/1duo-coremltools/coremltools/converters/mil/mil/builder.py:181] Adding op '1' of type const
[20200630 16:33:10 INFO /Volumes/data/work/1duo-coremltools/coremltools/converters/mil/mil/builder.py:181] Adding op '2' of type const
[20200630 16:33:10 INFO /Volumes/data/work/1duo-coremltools/coremltools/converters/mil/mil/builder.py:181] Adding op '3' of type const
[20200630 16:33:10 INFO /Volumes/data/work/1duo-coremltools/coremltools/converters/mil/mil/builder.py:181] Adding op '4' of type const
[20200630 16:33:10 INFO /Volumes/data/work/1duo-coremltools/coremltools/converters/mil/frontend/torch/ops.py:49] Converting op 5 : constant
[20200630 16:33:10 INFO /Volumes/data/work/1duo-coremltools/coremltools/converters/mil/mil/builder.py:181] Adding op '5' of type const
[20200630 16:33:10 INFO /Volumes/data/work/1duo-coremltools/coremltools/converters/mil/frontend/torch/ops.py:49] Converting op 6 : constant
[20200630 16:33:10 INFO /Volumes/data/work/1duo-coremltools/coremltools/converters/mil/mil/builder.py:181] Adding op '6' of type const
[20200630 16:33:10 INFO /Volumes/data/work/1duo-coremltools/coremltools/converters/mil/frontend/torch/ops.py:49] Converting op 7 : constant
[20200630 16:33:10 INFO /Volumes/data/work/1duo-coremltools/coremltools/converters/mil/mil/builder.py:181] Adding op '7' of type const
[20200630 16:33:10 INFO /Volumes/data/work/1duo-coremltools/coremltools/converters/mil/frontend/torch/ops.py:49] Converting op 8 : constant
[20200630 16:33:10 INFO /Volumes/data/work/1duo-coremltools/coremltools/converters/mil/mil/builder.py:181] Adding op '8' of type const
[20200630 16:33:10 INFO /Volumes/data/work/1duo-coremltools/coremltools/converters/mil/frontend/torch/ops.py:49] Converting op 9 : batch_norm
[20200630 16:33:10 INFO /Volumes/data/work/1duo-coremltools/coremltools/converters/mil/mil/builder.py:181] Adding op '9' of type batch_norm
[20200630 16:33:10 DEBUG /Volumes/data/work/1duo-coremltools/coremltools/converters/mil/mil/passes/common_pass.py:30] Program before common passes:
main(%input: (1, 2, 5, 5, fp32)) {
  block15() {
    %1: (2,fp32)* = const(val=[1.0, 1.0], name="1")
    %2: (2,fp32)* = const(val=[0.0, 0.0], name="2")
    %3: (2,fp32)* = const(val=[0.0, 0.0], name="3")
    %4: (2,fp32)* = const(val=[1.0, 1.0], name="4")
    %5: (bool)* = const(val=False, name="5")
    %6: (fp32)* = const(val=0.1, name="6")
    %7: (fp32)* = const(val=0.1, name="7")
    %8: (bool)* = const(val=True, name="8")
    %9: (1, 2, 5, 5, fp32) = batch_norm(x=%input, mean=%3, variance=%4, gamma=%1, beta=%2, epsilon=%7, name="9")
  } -> (%9)
}

[20200630 16:33:10 INFO /Volumes/data/work/1duo-coremltools/coremltools/converters/mil/mil/passes/common_pass.py:34] Performing pass: "common::const_elimination"
[20200630 16:33:10 INFO /Volumes/data/work/1duo-coremltools/coremltools/converters/mil/mil/passes/common_pass.py:34] Performing pass: "common::divide_to_multiply"
[20200630 16:33:10 INFO /Volumes/data/work/1duo-coremltools/coremltools/converters/mil/mil/passes/common_pass.py:34] Performing pass: "common::fuse_matmul_weight_bias"
[20200630 16:33:10 INFO /Volumes/data/work/1duo-coremltools/coremltools/converters/mil/mil/passes/common_pass.py:34] Performing pass: "common::const_elimination"
[20200630 16:33:10 INFO /Volumes/data/work/1duo-coremltools/coremltools/converters/mil/mil/passes/common_pass.py:34] Performing pass: "common::loop_invariant_elimination"
[20200630 16:33:10 INFO /Volumes/data/work/1duo-coremltools/coremltools/converters/mil/mil/passes/common_pass.py:34] Performing pass: "common::remove_symbolic_reshape"
[20200630 16:33:10 INFO /Volumes/data/work/1duo-coremltools/coremltools/converters/mil/mil/passes/remove_symbolic_reshape.py:104] remove_symbolic_reshape: changed 0 reshapes.
[20200630 16:33:10 INFO /Volumes/data/work/1duo-coremltools/coremltools/converters/mil/mil/passes/common_pass.py:34] Performing pass: "common::fuse_gelu_tanh_approximation"
[20200630 16:33:10 INFO /Volumes/data/work/1duo-coremltools/coremltools/converters/mil/mil/passes/common_pass.py:34] Performing pass: "common::reduce_transposes"
[20200630 16:33:10 DEBUG /Volumes/data/work/1duo-coremltools/coremltools/converters/mil/mil/passes/reduce_transposes.py:989] Block before optimize transpose transform:
function(%input: (1, 2, 5, 5, fp32)) {
  block15() {
    %1: (2,fp32)* = const(val=[1.0, 1.0], name="1")
    %2: (2,fp32)* = const(val=[0.0, 0.0], name="2")
    %3: (2,fp32)* = const(val=[0.0, 0.0], name="3")
    %4: (2,fp32)* = const(val=[1.0, 1.0], name="4")
    %5: (bool)* = const(val=False, name="5")
    %6: (fp32)* = const(val=0.1, name="6")
    %7: (fp32)* = const(val=0.1, name="7")
    %8: (bool)* = const(val=True, name="8")
    %9: (1, 2, 5, 5, fp32) = batch_norm(x=%input, mean=%3, variance=%4, gamma=%1, beta=%2, epsilon=%7, name="9")
  } -> (%9)
}

[20200630 16:33:10 DEBUG /Volumes/data/work/1duo-coremltools/coremltools/converters/mil/mil/passes/reduce_transposes.py:1024] Block after optimize transpose transform:
function(%input: (1, 2, 5, 5, fp32)) {
  block15() {
    %1: (2,fp32)* = const(val=[1.0, 1.0], name="1")
    %2: (2,fp32)* = const(val=[0.0, 0.0], name="2")
    %3: (2,fp32)* = const(val=[0.0, 0.0], name="3")
    %4: (2,fp32)* = const(val=[1.0, 1.0], name="4")
    %5: (bool)* = const(val=False, name="5")
    %6: (fp32)* = const(val=0.1, name="6")
    %7: (fp32)* = const(val=0.1, name="7")
    %8: (bool)* = const(val=True, name="8")
    %9: (1, 2, 5, 5, fp32) = batch_norm(x=%input, mean=%3, variance=%4, gamma=%1, beta=%2, epsilon=%7, name="9")
  } -> (%9)
}

[20200630 16:33:10 INFO /Volumes/data/work/1duo-coremltools/coremltools/converters/mil/mil/passes/common_pass.py:34] Performing pass: "common::fuse_bias_conv"
[20200630 16:33:10 INFO /Volumes/data/work/1duo-coremltools/coremltools/converters/mil/mil/passes/common_pass.py:34] Performing pass: "common::fuse_elementwise_to_batchnorm"
[20200630 16:33:10 INFO /Volumes/data/work/1duo-coremltools/coremltools/converters/mil/mil/passes/common_pass.py:34] Performing pass: "common::fuse_onehot_matmul_to_gather"
[20200630 16:33:10 INFO /Volumes/data/work/1duo-coremltools/coremltools/converters/mil/mil/passes/common_pass.py:34] Performing pass: "common::fuse_layernorm_or_instancenorm"
[20200630 16:33:10 INFO /Volumes/data/work/1duo-coremltools/coremltools/converters/mil/mil/passes/common_pass.py:34] Performing pass: "common::dead_code_elimination"
[20200630 16:33:10 INFO /Volumes/data/work/1duo-coremltools/coremltools/converters/mil/mil/passes/dead_code_elimination.py:35] Removing op "8" (type: const)
[20200630 16:33:10 INFO /Volumes/data/work/1duo-coremltools/coremltools/converters/mil/mil/passes/dead_code_elimination.py:35] Removing op "6" (type: const)
[20200630 16:33:10 INFO /Volumes/data/work/1duo-coremltools/coremltools/converters/mil/mil/passes/dead_code_elimination.py:35] Removing op "5" (type: const)
[20200630 16:33:10 DEBUG /Volumes/data/work/1duo-coremltools/coremltools/converters/mil/mil/passes/common_pass.py:38] Program after common passes:
main(%input: (1, 2, 5, 5, fp32)) {
  block15() {
    %1: (2,fp32)* = const(val=[1.0, 1.0], name="1")
    %2: (2,fp32)* = const(val=[0.0, 0.0], name="2")
    %3: (2,fp32)* = const(val=[0.0, 0.0], name="3")
    %4: (2,fp32)* = const(val=[1.0, 1.0], name="4")
    %7: (fp32)* = const(val=0.1, name="7")
    %9: (1, 2, 5, 5, fp32) = batch_norm(x=%input, mean=%3, variance=%4, gamma=%1, beta=%2, epsilon=%7, name="9")
  } -> (%9)
}

[20200630 16:33:10 INFO /Volumes/data/work/1duo-coremltools/coremltools/converters/mil/backend/nn/passes/nn_passes.py:22] Performing passes for nn_backend: "nn_backend::commingle_loop_vars"
[20200630 16:33:10 INFO /Volumes/data/work/1duo-coremltools/coremltools/converters/mil/backend/nn/passes/nn_passes.py:22] Performing passes for nn_backend: "nn_backend::handle_return_inputs_as_outputs"
[20200630 16:33:10 INFO /Volumes/data/work/1duo-coremltools/coremltools/converters/mil/backend/nn/passes/nn_passes.py:22] Performing passes for nn_backend: "common::const_elimination"
[20200630 16:33:10 INFO /Volumes/data/work/1duo-coremltools/coremltools/converters/mil/backend/nn/passes/nn_passes.py:22] Performing passes for nn_backend: "common::dead_code_elimination"
[20200630 16:33:10 INFO /Volumes/data/work/1duo-coremltools/coremltools/converters/mil/backend/nn/passes/nn_passes.py:22] Performing passes for nn_backend: "nn_backend::handle_unused_inputs"
[20200630 16:33:10 INFO /Volumes/data/work/1duo-coremltools/coremltools/converters/mil/backend/nn/passes/nn_passes.py:22] Performing passes for nn_backend: "nn_backend::alert_return_type_cast"
[20200630 16:33:10 DEBUG /Volumes/data/work/1duo-coremltools/coremltools/converters/mil/backend/nn/passes/nn_passes.py:26] Program after nn backend passes:
main(%input: (1, 2, 5, 5, fp32)) {
  block15() {
    %1: (2,fp32)* = const(val=[1.0, 1.0], name="1")
    %2: (2,fp32)* = const(val=[0.0, 0.0], name="2")
    %3: (2,fp32)* = const(val=[0.0, 0.0], name="3")
    %4: (2,fp32)* = const(val=[1.0, 1.0], name="4")
    %7: (fp32)* = const(val=0.1, name="7")
    %9: (1, 2, 5, 5, fp32) = batch_norm(x=%input, mean=%3, variance=%4, gamma=%1, beta=%2, epsilon=%7, name="9")
  } -> (%9)
}

[20200630 16:33:10 INFO /Volumes/data/work/1duo-coremltools/coremltools/converters/mil/frontend/torch/converter.py:269] Converting graph.
[20200630 16:33:10 INFO /Volumes/data/work/1duo-coremltools/coremltools/converters/mil/mil/builder.py:181] Adding op '1' of type const
[20200630 16:33:10 INFO /Volumes/data/work/1duo-coremltools/coremltools/converters/mil/mil/builder.py:181] Adding op '2' of type const
[20200630 16:33:10 INFO /Volumes/data/work/1duo-coremltools/coremltools/converters/mil/mil/builder.py:181] Adding op '3' of type const
[20200630 16:33:10 INFO /Volumes/data/work/1duo-coremltools/coremltools/converters/mil/mil/builder.py:181] Adding op '4' of type const
[20200630 16:33:10 INFO /Volumes/data/work/1duo-coremltools/coremltools/converters/mil/frontend/torch/ops.py:49] Converting op 5 : constant
[20200630 16:33:10 INFO /Volumes/data/work/1duo-coremltools/coremltools/converters/mil/mil/builder.py:181] Adding op '5' of type const
[20200630 16:33:10 INFO /Volumes/data/work/1duo-coremltools/coremltools/converters/mil/frontend/torch/ops.py:49] Converting op 6 : constant
[20200630 16:33:10 INFO /Volumes/data/work/1duo-coremltools/coremltools/converters/mil/mil/builder.py:181] Adding op '6' of type const
[20200630 16:33:10 INFO /Volumes/data/work/1duo-coremltools/coremltools/converters/mil/frontend/torch/ops.py:49] Converting op 7 : constant
[20200630 16:33:10 INFO /Volumes/data/work/1duo-coremltools/coremltools/converters/mil/mil/builder.py:181] Adding op '7' of type const
[20200630 16:33:10 INFO /Volumes/data/work/1duo-coremltools/coremltools/converters/mil/frontend/torch/ops.py:49] Converting op 8 : constant
[20200630 16:33:10 INFO /Volumes/data/work/1duo-coremltools/coremltools/converters/mil/mil/builder.py:181] Adding op '8' of type const
[20200630 16:33:10 INFO /Volumes/data/work/1duo-coremltools/coremltools/converters/mil/frontend/torch/ops.py:49] Converting op 9 : batch_norm
[20200630 16:33:10 INFO /Volumes/data/work/1duo-coremltools/coremltools/converters/mil/mil/builder.py:181] Adding op '9' of type batch_norm
[20200630 16:33:10 DEBUG /Volumes/data/work/1duo-coremltools/coremltools/converters/mil/mil/passes/common_pass.py:30] Program before common passes:
main(%input: (1, 2, 5, 5, fp32)) {
  block16() {
    %1: (2,fp32)* = const(val=[1.0, 1.0], name="1")
    %2: (2,fp32)* = const(val=[0.0, 0.0], name="2")
    %3: (2,fp32)* = const(val=[0.0, 0.0], name="3")
    %4: (2,fp32)* = const(val=[1.0, 1.0], name="4")
    %5: (bool)* = const(val=False, name="5")
    %6: (fp32)* = const(val=0.1, name="6")
    %7: (fp32)* = const(val=1e-05, name="7")
    %8: (bool)* = const(val=True, name="8")
    %9: (1, 2, 5, 5, fp32) = batch_norm(x=%input, mean=%3, variance=%4, gamma=%1, beta=%2, epsilon=%7, name="9")
  } -> (%9)
}

[20200630 16:33:10 INFO /Volumes/data/work/1duo-coremltools/coremltools/converters/mil/mil/passes/common_pass.py:34] Performing pass: "common::const_elimination"
[20200630 16:33:10 INFO /Volumes/data/work/1duo-coremltools/coremltools/converters/mil/mil/passes/common_pass.py:34] Performing pass: "common::divide_to_multiply"
[20200630 16:33:10 INFO /Volumes/data/work/1duo-coremltools/coremltools/converters/mil/mil/passes/common_pass.py:34] Performing pass: "common::fuse_matmul_weight_bias"
[20200630 16:33:10 INFO /Volumes/data/work/1duo-coremltools/coremltools/converters/mil/mil/passes/common_pass.py:34] Performing pass: "common::const_elimination"
[20200630 16:33:10 INFO /Volumes/data/work/1duo-coremltools/coremltools/converters/mil/mil/passes/common_pass.py:34] Performing pass: "common::loop_invariant_elimination"
[20200630 16:33:10 INFO /Volumes/data/work/1duo-coremltools/coremltools/converters/mil/mil/passes/common_pass.py:34] Performing pass: "common::remove_symbolic_reshape"
[20200630 16:33:10 INFO /Volumes/data/work/1duo-coremltools/coremltools/converters/mil/mil/passes/remove_symbolic_reshape.py:104] remove_symbolic_reshape: changed 0 reshapes.
[20200630 16:33:10 INFO /Volumes/data/work/1duo-coremltools/coremltools/converters/mil/mil/passes/common_pass.py:34] Performing pass: "common::fuse_gelu_tanh_approximation"
[20200630 16:33:10 INFO /Volumes/data/work/1duo-coremltools/coremltools/converters/mil/mil/passes/common_pass.py:34] Performing pass: "common::reduce_transposes"
[20200630 16:33:10 DEBUG /Volumes/data/work/1duo-coremltools/coremltools/converters/mil/mil/passes/reduce_transposes.py:989] Block before optimize transpose transform:
function(%input: (1, 2, 5, 5, fp32)) {
  block16() {
    %1: (2,fp32)* = const(val=[1.0, 1.0], name="1")
    %2: (2,fp32)* = const(val=[0.0, 0.0], name="2")
    %3: (2,fp32)* = const(val=[0.0, 0.0], name="3")
    %4: (2,fp32)* = const(val=[1.0, 1.0], name="4")
    %5: (bool)* = const(val=False, name="5")
    %6: (fp32)* = const(val=0.1, name="6")
    %7: (fp32)* = const(val=1e-05, name="7")
    %8: (bool)* = const(val=True, name="8")
    %9: (1, 2, 5, 5, fp32) = batch_norm(x=%input, mean=%3, variance=%4, gamma=%1, beta=%2, epsilon=%7, name="9")
  } -> (%9)
}

[20200630 16:33:10 DEBUG /Volumes/data/work/1duo-coremltools/coremltools/converters/mil/mil/passes/reduce_transposes.py:1024] Block after optimize transpose transform:
function(%input: (1, 2, 5, 5, fp32)) {
  block16() {
    %1: (2,fp32)* = const(val=[1.0, 1.0], name="1")
    %2: (2,fp32)* = const(val=[0.0, 0.0], name="2")
    %3: (2,fp32)* = const(val=[0.0, 0.0], name="3")
    %4: (2,fp32)* = const(val=[1.0, 1.0], name="4")
    %5: (bool)* = const(val=False, name="5")
    %6: (fp32)* = const(val=0.1, name="6")
    %7: (fp32)* = const(val=1e-05, name="7")
    %8: (bool)* = const(val=True, name="8")
    %9: (1, 2, 5, 5, fp32) = batch_norm(x=%input, mean=%3, variance=%4, gamma=%1, beta=%2, epsilon=%7, name="9")
  } -> (%9)
}

[20200630 16:33:10 INFO /Volumes/data/work/1duo-coremltools/coremltools/converters/mil/mil/passes/common_pass.py:34] Performing pass: "common::fuse_bias_conv"
[20200630 16:33:10 INFO /Volumes/data/work/1duo-coremltools/coremltools/converters/mil/mil/passes/common_pass.py:34] Performing pass: "common::fuse_elementwise_to_batchnorm"
[20200630 16:33:10 INFO /Volumes/data/work/1duo-coremltools/coremltools/converters/mil/mil/passes/common_pass.py:34] Performing pass: "common::fuse_onehot_matmul_to_gather"
[20200630 16:33:10 INFO /Volumes/data/work/1duo-coremltools/coremltools/converters/mil/mil/passes/common_pass.py:34] Performing pass: "common::fuse_layernorm_or_instancenorm"
[20200630 16:33:10 INFO /Volumes/data/work/1duo-coremltools/coremltools/converters/mil/mil/passes/common_pass.py:34] Performing pass: "common::dead_code_elimination"
[20200630 16:33:10 INFO /Volumes/data/work/1duo-coremltools/coremltools/converters/mil/mil/passes/dead_code_elimination.py:35] Removing op "8" (type: const)
[20200630 16:33:10 INFO /Volumes/data/work/1duo-coremltools/coremltools/converters/mil/mil/passes/dead_code_elimination.py:35] Removing op "6" (type: const)
[20200630 16:33:10 INFO /Volumes/data/work/1duo-coremltools/coremltools/converters/mil/mil/passes/dead_code_elimination.py:35] Removing op "5" (type: const)
[20200630 16:33:10 DEBUG /Volumes/data/work/1duo-coremltools/coremltools/converters/mil/mil/passes/common_pass.py:38] Program after common passes:
main(%input: (1, 2, 5, 5, fp32)) {
  block16() {
    %1: (2,fp32)* = const(val=[1.0, 1.0], name="1")
    %2: (2,fp32)* = const(val=[0.0, 0.0], name="2")
    %3: (2,fp32)* = const(val=[0.0, 0.0], name="3")
    %4: (2,fp32)* = const(val=[1.0, 1.0], name="4")
    %7: (fp32)* = const(val=1e-05, name="7")
    %9: (1, 2, 5, 5, fp32) = batch_norm(x=%input, mean=%3, variance=%4, gamma=%1, beta=%2, epsilon=%7, name="9")
  } -> (%9)
}

[20200630 16:33:10 INFO /Volumes/data/work/1duo-coremltools/coremltools/converters/mil/backend/nn/passes/nn_passes.py:22] Performing passes for nn_backend: "nn_backend::commingle_loop_vars"
[20200630 16:33:10 INFO /Volumes/data/work/1duo-coremltools/coremltools/converters/mil/backend/nn/passes/nn_passes.py:22] Performing passes for nn_backend: "nn_backend::handle_return_inputs_as_outputs"
[20200630 16:33:10 INFO /Volumes/data/work/1duo-coremltools/coremltools/converters/mil/backend/nn/passes/nn_passes.py:22] Performing passes for nn_backend: "common::const_elimination"
[20200630 16:33:10 INFO /Volumes/data/work/1duo-coremltools/coremltools/converters/mil/backend/nn/passes/nn_passes.py:22] Performing passes for nn_backend: "common::dead_code_elimination"
[20200630 16:33:10 INFO /Volumes/data/work/1duo-coremltools/coremltools/converters/mil/backend/nn/passes/nn_passes.py:22] Performing passes for nn_backend: "nn_backend::handle_unused_inputs"
[20200630 16:33:10 INFO /Volumes/data/work/1duo-coremltools/coremltools/converters/mil/backend/nn/passes/nn_passes.py:22] Performing passes for nn_backend: "nn_backend::alert_return_type_cast"
[20200630 16:33:10 DEBUG /Volumes/data/work/1duo-coremltools/coremltools/converters/mil/backend/nn/passes/nn_passes.py:26] Program after nn backend passes:
main(%input: (1, 2, 5, 5, fp32)) {
  block16() {
    %1: (2,fp32)* = const(val=[1.0, 1.0], name="1")
    %2: (2,fp32)* = const(val=[0.0, 0.0], name="2")
    %3: (2,fp32)* = const(val=[0.0, 0.0], name="3")
    %4: (2,fp32)* = const(val=[1.0, 1.0], name="4")
    %7: (fp32)* = const(val=1e-05, name="7")
    %9: (1, 2, 5, 5, fp32) = batch_norm(x=%input, mean=%3, variance=%4, gamma=%1, beta=%2, epsilon=%7, name="9")
  } -> (%9)
}

[20200630 16:33:11 INFO /Volumes/data/work/1duo-coremltools/coremltools/converters/mil/frontend/torch/converter.py:269] Converting graph.
[20200630 16:33:11 INFO /Volumes/data/work/1duo-coremltools/coremltools/converters/mil/mil/builder.py:181] Adding op '1' of type const
[20200630 16:33:11 INFO /Volumes/data/work/1duo-coremltools/coremltools/converters/mil/mil/builder.py:181] Adding op '2' of type const
[20200630 16:33:11 INFO /Volumes/data/work/1duo-coremltools/coremltools/converters/mil/mil/builder.py:181] Adding op '3' of type const
[20200630 16:33:11 INFO /Volumes/data/work/1duo-coremltools/coremltools/converters/mil/mil/builder.py:181] Adding op '4' of type const
[20200630 16:33:11 INFO /Volumes/data/work/1duo-coremltools/coremltools/converters/mil/frontend/torch/ops.py:49] Converting op 5 : constant
[20200630 16:33:11 INFO /Volumes/data/work/1duo-coremltools/coremltools/converters/mil/mil/builder.py:181] Adding op '5' of type const
[20200630 16:33:11 INFO /Volumes/data/work/1duo-coremltools/coremltools/converters/mil/frontend/torch/ops.py:49] Converting op 6 : constant
[20200630 16:33:11 INFO /Volumes/data/work/1duo-coremltools/coremltools/converters/mil/mil/builder.py:181] Adding op '6' of type const
[20200630 16:33:11 INFO /Volumes/data/work/1duo-coremltools/coremltools/converters/mil/frontend/torch/ops.py:49] Converting op 7 : constant
[20200630 16:33:11 INFO /Volumes/data/work/1duo-coremltools/coremltools/converters/mil/mil/builder.py:181] Adding op '7' of type const
[20200630 16:33:11 INFO /Volumes/data/work/1duo-coremltools/coremltools/converters/mil/frontend/torch/ops.py:49] Converting op 8 : constant
[20200630 16:33:11 INFO /Volumes/data/work/1duo-coremltools/coremltools/converters/mil/mil/builder.py:181] Adding op '8' of type const
[20200630 16:33:11 INFO /Volumes/data/work/1duo-coremltools/coremltools/converters/mil/frontend/torch/ops.py:49] Converting op 9 : batch_norm
[20200630 16:33:11 INFO /Volumes/data/work/1duo-coremltools/coremltools/converters/mil/mil/builder.py:181] Adding op '9' of type batch_norm
[20200630 16:33:11 DEBUG /Volumes/data/work/1duo-coremltools/coremltools/converters/mil/mil/passes/common_pass.py:30] Program before common passes:
main(%input: (1, 1, 5, 5, fp32)) {
  block17() {
    %1: (1,fp32)* = const(val=[1.0], name="1")
    %2: (1,fp32)* = const(val=[0.0], name="2")
    %3: (1,fp32)* = const(val=[0.0], name="3")
    %4: (1,fp32)* = const(val=[1.0], name="4")
    %5: (bool)* = const(val=False, name="5")
    %6: (fp32)* = const(val=0.1, name="6")
    %7: (fp32)* = const(val=0.1, name="7")
    %8: (bool)* = const(val=True, name="8")
    %9: (1, 1, 5, 5, fp32) = batch_norm(x=%input, mean=%3, variance=%4, gamma=%1, beta=%2, epsilon=%7, name="9")
  } -> (%9)
}

[20200630 16:33:11 INFO /Volumes/data/work/1duo-coremltools/coremltools/converters/mil/mil/passes/common_pass.py:34] Performing pass: "common::const_elimination"
[20200630 16:33:11 INFO /Volumes/data/work/1duo-coremltools/coremltools/converters/mil/mil/passes/common_pass.py:34] Performing pass: "common::divide_to_multiply"
[20200630 16:33:11 INFO /Volumes/data/work/1duo-coremltools/coremltools/converters/mil/mil/passes/common_pass.py:34] Performing pass: "common::fuse_matmul_weight_bias"
[20200630 16:33:11 INFO /Volumes/data/work/1duo-coremltools/coremltools/converters/mil/mil/passes/common_pass.py:34] Performing pass: "common::const_elimination"
[20200630 16:33:11 INFO /Volumes/data/work/1duo-coremltools/coremltools/converters/mil/mil/passes/common_pass.py:34] Performing pass: "common::loop_invariant_elimination"
[20200630 16:33:11 INFO /Volumes/data/work/1duo-coremltools/coremltools/converters/mil/mil/passes/common_pass.py:34] Performing pass: "common::remove_symbolic_reshape"
[20200630 16:33:11 INFO /Volumes/data/work/1duo-coremltools/coremltools/converters/mil/mil/passes/remove_symbolic_reshape.py:104] remove_symbolic_reshape: changed 0 reshapes.
[20200630 16:33:11 INFO /Volumes/data/work/1duo-coremltools/coremltools/converters/mil/mil/passes/common_pass.py:34] Performing pass: "common::fuse_gelu_tanh_approximation"
[20200630 16:33:11 INFO /Volumes/data/work/1duo-coremltools/coremltools/converters/mil/mil/passes/common_pass.py:34] Performing pass: "common::reduce_transposes"
[20200630 16:33:11 DEBUG /Volumes/data/work/1duo-coremltools/coremltools/converters/mil/mil/passes/reduce_transposes.py:989] Block before optimize transpose transform:
function(%input: (1, 1, 5, 5, fp32)) {
  block17() {
    %1: (1,fp32)* = const(val=[1.0], name="1")
    %2: (1,fp32)* = const(val=[0.0], name="2")
    %3: (1,fp32)* = const(val=[0.0], name="3")
    %4: (1,fp32)* = const(val=[1.0], name="4")
    %5: (bool)* = const(val=False, name="5")
    %6: (fp32)* = const(val=0.1, name="6")
    %7: (fp32)* = const(val=0.1, name="7")
    %8: (bool)* = const(val=True, name="8")
    %9: (1, 1, 5, 5, fp32) = batch_norm(x=%input, mean=%3, variance=%4, gamma=%1, beta=%2, epsilon=%7, name="9")
  } -> (%9)
}

[20200630 16:33:11 DEBUG /Volumes/data/work/1duo-coremltools/coremltools/converters/mil/mil/passes/reduce_transposes.py:1024] Block after optimize transpose transform:
function(%input: (1, 1, 5, 5, fp32)) {
  block17() {
    %1: (1,fp32)* = const(val=[1.0], name="1")
    %2: (1,fp32)* = const(val=[0.0], name="2")
    %3: (1,fp32)* = const(val=[0.0], name="3")
    %4: (1,fp32)* = const(val=[1.0], name="4")
    %5: (bool)* = const(val=False, name="5")
    %6: (fp32)* = const(val=0.1, name="6")
    %7: (fp32)* = const(val=0.1, name="7")
    %8: (bool)* = const(val=True, name="8")
    %9: (1, 1, 5, 5, fp32) = batch_norm(x=%input, mean=%3, variance=%4, gamma=%1, beta=%2, epsilon=%7, name="9")
  } -> (%9)
}

[20200630 16:33:11 INFO /Volumes/data/work/1duo-coremltools/coremltools/converters/mil/mil/passes/common_pass.py:34] Performing pass: "common::fuse_bias_conv"
[20200630 16:33:11 INFO /Volumes/data/work/1duo-coremltools/coremltools/converters/mil/mil/passes/common_pass.py:34] Performing pass: "common::fuse_elementwise_to_batchnorm"
[20200630 16:33:11 INFO /Volumes/data/work/1duo-coremltools/coremltools/converters/mil/mil/passes/common_pass.py:34] Performing pass: "common::fuse_onehot_matmul_to_gather"
[20200630 16:33:11 INFO /Volumes/data/work/1duo-coremltools/coremltools/converters/mil/mil/passes/common_pass.py:34] Performing pass: "common::fuse_layernorm_or_instancenorm"
[20200630 16:33:11 INFO /Volumes/data/work/1duo-coremltools/coremltools/converters/mil/mil/passes/common_pass.py:34] Performing pass: "common::dead_code_elimination"
[20200630 16:33:11 INFO /Volumes/data/work/1duo-coremltools/coremltools/converters/mil/mil/passes/dead_code_elimination.py:35] Removing op "8" (type: const)
[20200630 16:33:11 INFO /Volumes/data/work/1duo-coremltools/coremltools/converters/mil/mil/passes/dead_code_elimination.py:35] Removing op "6" (type: const)
[20200630 16:33:11 INFO /Volumes/data/work/1duo-coremltools/coremltools/converters/mil/mil/passes/dead_code_elimination.py:35] Removing op "5" (type: const)
[20200630 16:33:11 DEBUG /Volumes/data/work/1duo-coremltools/coremltools/converters/mil/mil/passes/common_pass.py:38] Program after common passes:
main(%input: (1, 1, 5, 5, fp32)) {
  block17() {
    %1: (1,fp32)* = const(val=[1.0], name="1")
    %2: (1,fp32)* = const(val=[0.0], name="2")
    %3: (1,fp32)* = const(val=[0.0], name="3")
    %4: (1,fp32)* = const(val=[1.0], name="4")
    %7: (fp32)* = const(val=0.1, name="7")
    %9: (1, 1, 5, 5, fp32) = batch_norm(x=%input, mean=%3, variance=%4, gamma=%1, beta=%2, epsilon=%7, name="9")
  } -> (%9)
}

[20200630 16:33:11 INFO /Volumes/data/work/1duo-coremltools/coremltools/converters/mil/backend/nn/passes/nn_passes.py:22] Performing passes for nn_backend: "nn_backend::commingle_loop_vars"
[20200630 16:33:11 INFO /Volumes/data/work/1duo-coremltools/coremltools/converters/mil/backend/nn/passes/nn_passes.py:22] Performing passes for nn_backend: "nn_backend::handle_return_inputs_as_outputs"
[20200630 16:33:11 INFO /Volumes/data/work/1duo-coremltools/coremltools/converters/mil/backend/nn/passes/nn_passes.py:22] Performing passes for nn_backend: "common::const_elimination"
[20200630 16:33:11 INFO /Volumes/data/work/1duo-coremltools/coremltools/converters/mil/backend/nn/passes/nn_passes.py:22] Performing passes for nn_backend: "common::dead_code_elimination"
[20200630 16:33:11 INFO /Volumes/data/work/1duo-coremltools/coremltools/converters/mil/backend/nn/passes/nn_passes.py:22] Performing passes for nn_backend: "nn_backend::handle_unused_inputs"
[20200630 16:33:11 INFO /Volumes/data/work/1duo-coremltools/coremltools/converters/mil/backend/nn/passes/nn_passes.py:22] Performing passes for nn_backend: "nn_backend::alert_return_type_cast"
[20200630 16:33:11 DEBUG /Volumes/data/work/1duo-coremltools/coremltools/converters/mil/backend/nn/passes/nn_passes.py:26] Program after nn backend passes:
main(%input: (1, 1, 5, 5, fp32)) {
  block17() {
    %1: (1,fp32)* = const(val=[1.0], name="1")
    %2: (1,fp32)* = const(val=[0.0], name="2")
    %3: (1,fp32)* = const(val=[0.0], name="3")
    %4: (1,fp32)* = const(val=[1.0], name="4")
    %7: (fp32)* = const(val=0.1, name="7")
    %9: (1, 1, 5, 5, fp32) = batch_norm(x=%input, mean=%3, variance=%4, gamma=%1, beta=%2, epsilon=%7, name="9")
  } -> (%9)
}

[20200630 16:33:11 INFO /Volumes/data/work/1duo-coremltools/coremltools/converters/mil/frontend/torch/converter.py:269] Converting graph.
[20200630 16:33:11 INFO /Volumes/data/work/1duo-coremltools/coremltools/converters/mil/mil/builder.py:181] Adding op '1' of type const
[20200630 16:33:11 INFO /Volumes/data/work/1duo-coremltools/coremltools/converters/mil/mil/builder.py:181] Adding op '2' of type const
[20200630 16:33:11 INFO /Volumes/data/work/1duo-coremltools/coremltools/converters/mil/mil/builder.py:181] Adding op '3' of type const
[20200630 16:33:11 INFO /Volumes/data/work/1duo-coremltools/coremltools/converters/mil/mil/builder.py:181] Adding op '4' of type const
[20200630 16:33:11 INFO /Volumes/data/work/1duo-coremltools/coremltools/converters/mil/frontend/torch/ops.py:49] Converting op 5 : constant
[20200630 16:33:11 INFO /Volumes/data/work/1duo-coremltools/coremltools/converters/mil/mil/builder.py:181] Adding op '5' of type const
[20200630 16:33:11 INFO /Volumes/data/work/1duo-coremltools/coremltools/converters/mil/frontend/torch/ops.py:49] Converting op 6 : constant
[20200630 16:33:11 INFO /Volumes/data/work/1duo-coremltools/coremltools/converters/mil/mil/builder.py:181] Adding op '6' of type const
[20200630 16:33:11 INFO /Volumes/data/work/1duo-coremltools/coremltools/converters/mil/frontend/torch/ops.py:49] Converting op 7 : constant
[20200630 16:33:11 INFO /Volumes/data/work/1duo-coremltools/coremltools/converters/mil/mil/builder.py:181] Adding op '7' of type const
[20200630 16:33:11 INFO /Volumes/data/work/1duo-coremltools/coremltools/converters/mil/frontend/torch/ops.py:49] Converting op 8 : constant
[20200630 16:33:11 INFO /Volumes/data/work/1duo-coremltools/coremltools/converters/mil/mil/builder.py:181] Adding op '8' of type const
[20200630 16:33:11 INFO /Volumes/data/work/1duo-coremltools/coremltools/converters/mil/frontend/torch/ops.py:49] Converting op 9 : batch_norm
[20200630 16:33:11 INFO /Volumes/data/work/1duo-coremltools/coremltools/converters/mil/mil/builder.py:181] Adding op '9' of type batch_norm
[20200630 16:33:11 DEBUG /Volumes/data/work/1duo-coremltools/coremltools/converters/mil/mil/passes/common_pass.py:30] Program before common passes:
main(%input: (1, 1, 5, 5, fp32)) {
  block18() {
    %1: (1,fp32)* = const(val=[1.0], name="1")
    %2: (1,fp32)* = const(val=[0.0], name="2")
    %3: (1,fp32)* = const(val=[0.0], name="3")
    %4: (1,fp32)* = const(val=[1.0], name="4")
    %5: (bool)* = const(val=False, name="5")
    %6: (fp32)* = const(val=0.1, name="6")
    %7: (fp32)* = const(val=1e-05, name="7")
    %8: (bool)* = const(val=True, name="8")
    %9: (1, 1, 5, 5, fp32) = batch_norm(x=%input, mean=%3, variance=%4, gamma=%1, beta=%2, epsilon=%7, name="9")
  } -> (%9)
}

[20200630 16:33:11 INFO /Volumes/data/work/1duo-coremltools/coremltools/converters/mil/mil/passes/common_pass.py:34] Performing pass: "common::const_elimination"
[20200630 16:33:11 INFO /Volumes/data/work/1duo-coremltools/coremltools/converters/mil/mil/passes/common_pass.py:34] Performing pass: "common::divide_to_multiply"
[20200630 16:33:11 INFO /Volumes/data/work/1duo-coremltools/coremltools/converters/mil/mil/passes/common_pass.py:34] Performing pass: "common::fuse_matmul_weight_bias"
[20200630 16:33:11 INFO /Volumes/data/work/1duo-coremltools/coremltools/converters/mil/mil/passes/common_pass.py:34] Performing pass: "common::const_elimination"
[20200630 16:33:11 INFO /Volumes/data/work/1duo-coremltools/coremltools/converters/mil/mil/passes/common_pass.py:34] Performing pass: "common::loop_invariant_elimination"
[20200630 16:33:11 INFO /Volumes/data/work/1duo-coremltools/coremltools/converters/mil/mil/passes/common_pass.py:34] Performing pass: "common::remove_symbolic_reshape"
[20200630 16:33:11 INFO /Volumes/data/work/1duo-coremltools/coremltools/converters/mil/mil/passes/remove_symbolic_reshape.py:104] remove_symbolic_reshape: changed 0 reshapes.
[20200630 16:33:11 INFO /Volumes/data/work/1duo-coremltools/coremltools/converters/mil/mil/passes/common_pass.py:34] Performing pass: "common::fuse_gelu_tanh_approximation"
[20200630 16:33:11 INFO /Volumes/data/work/1duo-coremltools/coremltools/converters/mil/mil/passes/common_pass.py:34] Performing pass: "common::reduce_transposes"
[20200630 16:33:11 DEBUG /Volumes/data/work/1duo-coremltools/coremltools/converters/mil/mil/passes/reduce_transposes.py:989] Block before optimize transpose transform:
function(%input: (1, 1, 5, 5, fp32)) {
  block18() {
    %1: (1,fp32)* = const(val=[1.0], name="1")
    %2: (1,fp32)* = const(val=[0.0], name="2")
    %3: (1,fp32)* = const(val=[0.0], name="3")
    %4: (1,fp32)* = const(val=[1.0], name="4")
    %5: (bool)* = const(val=False, name="5")
    %6: (fp32)* = const(val=0.1, name="6")
    %7: (fp32)* = const(val=1e-05, name="7")
    %8: (bool)* = const(val=True, name="8")
    %9: (1, 1, 5, 5, fp32) = batch_norm(x=%input, mean=%3, variance=%4, gamma=%1, beta=%2, epsilon=%7, name="9")
  } -> (%9)
}

[20200630 16:33:11 DEBUG /Volumes/data/work/1duo-coremltools/coremltools/converters/mil/mil/passes/reduce_transposes.py:1024] Block after optimize transpose transform:
function(%input: (1, 1, 5, 5, fp32)) {
  block18() {
    %1: (1,fp32)* = const(val=[1.0], name="1")
    %2: (1,fp32)* = const(val=[0.0], name="2")
    %3: (1,fp32)* = const(val=[0.0], name="3")
    %4: (1,fp32)* = const(val=[1.0], name="4")
    %5: (bool)* = const(val=False, name="5")
    %6: (fp32)* = const(val=0.1, name="6")
    %7: (fp32)* = const(val=1e-05, name="7")
    %8: (bool)* = const(val=True, name="8")
    %9: (1, 1, 5, 5, fp32) = batch_norm(x=%input, mean=%3, variance=%4, gamma=%1, beta=%2, epsilon=%7, name="9")
  } -> (%9)
}

[20200630 16:33:11 INFO /Volumes/data/work/1duo-coremltools/coremltools/converters/mil/mil/passes/common_pass.py:34] Performing pass: "common::fuse_bias_conv"
[20200630 16:33:11 INFO /Volumes/data/work/1duo-coremltools/coremltools/converters/mil/mil/passes/common_pass.py:34] Performing pass: "common::fuse_elementwise_to_batchnorm"
[20200630 16:33:11 INFO /Volumes/data/work/1duo-coremltools/coremltools/converters/mil/mil/passes/common_pass.py:34] Performing pass: "common::fuse_onehot_matmul_to_gather"
[20200630 16:33:11 INFO /Volumes/data/work/1duo-coremltools/coremltools/converters/mil/mil/passes/common_pass.py:34] Performing pass: "common::fuse_layernorm_or_instancenorm"
[20200630 16:33:11 INFO /Volumes/data/work/1duo-coremltools/coremltools/converters/mil/mil/passes/common_pass.py:34] Performing pass: "common::dead_code_elimination"
[20200630 16:33:11 INFO /Volumes/data/work/1duo-coremltools/coremltools/converters/mil/mil/passes/dead_code_elimination.py:35] Removing op "8" (type: const)
[20200630 16:33:11 INFO /Volumes/data/work/1duo-coremltools/coremltools/converters/mil/mil/passes/dead_code_elimination.py:35] Removing op "6" (type: const)
[20200630 16:33:11 INFO /Volumes/data/work/1duo-coremltools/coremltools/converters/mil/mil/passes/dead_code_elimination.py:35] Removing op "5" (type: const)
[20200630 16:33:11 DEBUG /Volumes/data/work/1duo-coremltools/coremltools/converters/mil/mil/passes/common_pass.py:38] Program after common passes:
main(%input: (1, 1, 5, 5, fp32)) {
  block18() {
    %1: (1,fp32)* = const(val=[1.0], name="1")
    %2: (1,fp32)* = const(val=[0.0], name="2")
    %3: (1,fp32)* = const(val=[0.0], name="3")
    %4: (1,fp32)* = const(val=[1.0], name="4")
    %7: (fp32)* = const(val=1e-05, name="7")
    %9: (1, 1, 5, 5, fp32) = batch_norm(x=%input, mean=%3, variance=%4, gamma=%1, beta=%2, epsilon=%7, name="9")
  } -> (%9)
}

[20200630 16:33:11 INFO /Volumes/data/work/1duo-coremltools/coremltools/converters/mil/backend/nn/passes/nn_passes.py:22] Performing passes for nn_backend: "nn_backend::commingle_loop_vars"
[20200630 16:33:11 INFO /Volumes/data/work/1duo-coremltools/coremltools/converters/mil/backend/nn/passes/nn_passes.py:22] Performing passes for nn_backend: "nn_backend::handle_return_inputs_as_outputs"
[20200630 16:33:11 INFO /Volumes/data/work/1duo-coremltools/coremltools/converters/mil/backend/nn/passes/nn_passes.py:22] Performing passes for nn_backend: "common::const_elimination"
[20200630 16:33:11 INFO /Volumes/data/work/1duo-coremltools/coremltools/converters/mil/backend/nn/passes/nn_passes.py:22] Performing passes for nn_backend: "common::dead_code_elimination"
[20200630 16:33:11 INFO /Volumes/data/work/1duo-coremltools/coremltools/converters/mil/backend/nn/passes/nn_passes.py:22] Performing passes for nn_backend: "nn_backend::handle_unused_inputs"
[20200630 16:33:11 INFO /Volumes/data/work/1duo-coremltools/coremltools/converters/mil/backend/nn/passes/nn_passes.py:22] Performing passes for nn_backend: "nn_backend::alert_return_type_cast"
[20200630 16:33:11 DEBUG /Volumes/data/work/1duo-coremltools/coremltools/converters/mil/backend/nn/passes/nn_passes.py:26] Program after nn backend passes:
main(%input: (1, 1, 5, 5, fp32)) {
  block18() {
    %1: (1,fp32)* = const(val=[1.0], name="1")
    %2: (1,fp32)* = const(val=[0.0], name="2")
    %3: (1,fp32)* = const(val=[0.0], name="3")
    %4: (1,fp32)* = const(val=[1.0], name="4")
    %7: (fp32)* = const(val=1e-05, name="7")
    %9: (1, 1, 5, 5, fp32) = batch_norm(x=%input, mean=%3, variance=%4, gamma=%1, beta=%2, epsilon=%7, name="9")
  } -> (%9)
}

[20200630 16:33:11 INFO /Volumes/data/work/1duo-coremltools/coremltools/converters/mil/frontend/torch/converter.py:269] Converting graph.
[20200630 16:33:11 INFO /Volumes/data/work/1duo-coremltools/coremltools/converters/mil/mil/builder.py:181] Adding op '1' of type const
[20200630 16:33:11 INFO /Volumes/data/work/1duo-coremltools/coremltools/converters/mil/mil/builder.py:181] Adding op '2' of type const
[20200630 16:33:11 INFO /Volumes/data/work/1duo-coremltools/coremltools/converters/mil/frontend/torch/ops.py:49] Converting op 21 : constant
[20200630 16:33:11 INFO /Volumes/data/work/1duo-coremltools/coremltools/converters/mil/mil/builder.py:181] Adding op '21' of type const
[20200630 16:33:11 INFO /Volumes/data/work/1duo-coremltools/coremltools/converters/mil/frontend/torch/ops.py:49] Converting op 22 : constant
[20200630 16:33:11 INFO /Volumes/data/work/1duo-coremltools/coremltools/converters/mil/mil/builder.py:181] Adding op '22' of type const
[20200630 16:33:11 INFO /Volumes/data/work/1duo-coremltools/coremltools/converters/mil/frontend/torch/ops.py:49] Converting op 23 : constant
[20200630 16:33:11 INFO /Volumes/data/work/1duo-coremltools/coremltools/converters/mil/mil/builder.py:181] Adding op '23' of type const
[20200630 16:33:11 INFO /Volumes/data/work/1duo-coremltools/coremltools/converters/mil/frontend/torch/ops.py:49] Converting op 12 : constant
[20200630 16:33:11 INFO /Volumes/data/work/1duo-coremltools/coremltools/converters/mil/mil/builder.py:181] Adding op '12' of type const
[20200630 16:33:11 INFO /Volumes/data/work/1duo-coremltools/coremltools/converters/mil/frontend/torch/ops.py:49] Converting op 24 : constant
[20200630 16:33:11 INFO /Volumes/data/work/1duo-coremltools/coremltools/converters/mil/mil/builder.py:181] Adding op '24' of type const
[20200630 16:33:11 INFO /Volumes/data/work/1duo-coremltools/coremltools/converters/mil/frontend/torch/ops.py:49] Converting op 16 : constant
[20200630 16:33:11 INFO /Volumes/data/work/1duo-coremltools/coremltools/converters/mil/mil/builder.py:181] Adding op '16' of type const
[20200630 16:33:11 INFO /Volumes/data/work/1duo-coremltools/coremltools/converters/mil/frontend/torch/ops.py:49] Converting op 17 : constant
[20200630 16:33:11 INFO /Volumes/data/work/1duo-coremltools/coremltools/converters/mil/mil/builder.py:181] Adding op '17' of type const
[20200630 16:33:11 INFO /Volumes/data/work/1duo-coremltools/coremltools/converters/mil/frontend/torch/ops.py:49] Converting op 18 : constant
[20200630 16:33:11 INFO /Volumes/data/work/1duo-coremltools/coremltools/converters/mil/mil/builder.py:181] Adding op '18' of type const
[20200630 16:33:11 INFO /Volumes/data/work/1duo-coremltools/coremltools/converters/mil/frontend/torch/ops.py:49] Converting op 19 : constant
[20200630 16:33:11 INFO /Volumes/data/work/1duo-coremltools/coremltools/converters/mil/mil/builder.py:181] Adding op '19' of type const
[20200630 16:33:11 INFO /Volumes/data/work/1duo-coremltools/coremltools/converters/mil/frontend/torch/ops.py:49] Converting op 20 : _convolution
[20200630 16:33:11 INFO /Volumes/data/work/1duo-coremltools/coremltools/converters/mil/mil/builder.py:181] Adding op '20' of type conv
[20200630 16:33:11 DEBUG /Volumes/data/work/1duo-coremltools/coremltools/converters/mil/mil/builder.py:93] Adding const op '20_pad_type_0'
[20200630 16:33:11 INFO /Volumes/data/work/1duo-coremltools/coremltools/converters/mil/mil/builder.py:181] Adding op '20_pad_type_0' of type const
[20200630 16:33:11 DEBUG /Volumes/data/work/1duo-coremltools/coremltools/converters/mil/mil/builder.py:93] Adding const op '20_pad_0'
[20200630 16:33:11 INFO /Volumes/data/work/1duo-coremltools/coremltools/converters/mil/mil/builder.py:181] Adding op '20_pad_0' of type const
[20200630 16:33:11 DEBUG /Volumes/data/work/1duo-coremltools/coremltools/converters/mil/mil/passes/common_pass.py:30] Program before common passes:
main(%input: (1, 1, 5, 5, fp32)) {
  block19() {
    %1: (1, 1, 1, 1, fp32)* = const(val=[[[[-0.5945169925689697]]]], name="1")
    %2: (1,fp32)* = const(val=[-0.39707136154174805], name="2")
    %21: (2,i32)* = const(val=[1, 1], name="21")
    %22: (2,i32)* = const(val=[1, 1], name="22")
    %23: (2,i32)* = const(val=[1, 1], name="23")
    %12: (bool)* = const(val=False, name="12")
    %24: (2,i32)* = const(val=[0, 0], name="24")
    %16: (i32)* = const(val=1, name="16")
    %17: (bool)* = const(val=False, name="17")
    %18: (bool)* = const(val=False, name="18")
    %19: (bool)* = const(val=True, name="19")
    %20_pad_type_0: (str)* = const(val="custom", name="20_pad_type_0")
    %20_pad_0: (4,i32)* = const(val=[1, 1, 1, 1], name="20_pad_0")
    %20: (1, 1, 7, 7, fp32) = conv(x=%input, weight=%1, bias=%2, strides=%21, pad_type=%20_pad_type_0, pad=%20_pad_0, dilations=%23, groups=%16, name="20")
  } -> (%20)
}

[20200630 16:33:11 INFO /Volumes/data/work/1duo-coremltools/coremltools/converters/mil/mil/passes/common_pass.py:34] Performing pass: "common::const_elimination"
[20200630 16:33:11 INFO /Volumes/data/work/1duo-coremltools/coremltools/converters/mil/mil/passes/common_pass.py:34] Performing pass: "common::divide_to_multiply"
[20200630 16:33:11 INFO /Volumes/data/work/1duo-coremltools/coremltools/converters/mil/mil/passes/common_pass.py:34] Performing pass: "common::fuse_matmul_weight_bias"
[20200630 16:33:11 INFO /Volumes/data/work/1duo-coremltools/coremltools/converters/mil/mil/passes/common_pass.py:34] Performing pass: "common::const_elimination"
[20200630 16:33:11 INFO /Volumes/data/work/1duo-coremltools/coremltools/converters/mil/mil/passes/common_pass.py:34] Performing pass: "common::loop_invariant_elimination"
[20200630 16:33:11 INFO /Volumes/data/work/1duo-coremltools/coremltools/converters/mil/mil/passes/common_pass.py:34] Performing pass: "common::remove_symbolic_reshape"
[20200630 16:33:11 INFO /Volumes/data/work/1duo-coremltools/coremltools/converters/mil/mil/passes/remove_symbolic_reshape.py:104] remove_symbolic_reshape: changed 0 reshapes.
[20200630 16:33:11 INFO /Volumes/data/work/1duo-coremltools/coremltools/converters/mil/mil/passes/common_pass.py:34] Performing pass: "common::fuse_gelu_tanh_approximation"
[20200630 16:33:11 INFO /Volumes/data/work/1duo-coremltools/coremltools/converters/mil/mil/passes/common_pass.py:34] Performing pass: "common::reduce_transposes"
[20200630 16:33:11 DEBUG /Volumes/data/work/1duo-coremltools/coremltools/converters/mil/mil/passes/reduce_transposes.py:989] Block before optimize transpose transform:
function(%input: (1, 1, 5, 5, fp32)) {
  block19() {
    %1: (1, 1, 1, 1, fp32)* = const(val=[[[[-0.5945169925689697]]]], name="1")
    %2: (1,fp32)* = const(val=[-0.39707136154174805], name="2")
    %21: (2,i32)* = const(val=[1, 1], name="21")
    %22: (2,i32)* = const(val=[1, 1], name="22")
    %23: (2,i32)* = const(val=[1, 1], name="23")
    %12: (bool)* = const(val=False, name="12")
    %24: (2,i32)* = const(val=[0, 0], name="24")
    %16: (i32)* = const(val=1, name="16")
    %17: (bool)* = const(val=False, name="17")
    %18: (bool)* = const(val=False, name="18")
    %19: (bool)* = const(val=True, name="19")
    %20_pad_type_0: (str)* = const(val="custom", name="20_pad_type_0")
    %20_pad_0: (4,i32)* = const(val=[1, 1, 1, 1], name="20_pad_0")
    %20: (1, 1, 7, 7, fp32) = conv(x=%input, weight=%1, bias=%2, strides=%21, pad_type=%20_pad_type_0, pad=%20_pad_0, dilations=%23, groups=%16, name="20")
  } -> (%20)
}

[20200630 16:33:11 DEBUG /Volumes/data/work/1duo-coremltools/coremltools/converters/mil/mil/passes/reduce_transposes.py:1024] Block after optimize transpose transform:
function(%input: (1, 1, 5, 5, fp32)) {
  block19() {
    %1: (1, 1, 1, 1, fp32)* = const(val=[[[[-0.5945169925689697]]]], name="1")
    %2: (1,fp32)* = const(val=[-0.39707136154174805], name="2")
    %21: (2,i32)* = const(val=[1, 1], name="21")
    %22: (2,i32)* = const(val=[1, 1], name="22")
    %23: (2,i32)* = const(val=[1, 1], name="23")
    %12: (bool)* = const(val=False, name="12")
    %24: (2,i32)* = const(val=[0, 0], name="24")
    %16: (i32)* = const(val=1, name="16")
    %17: (bool)* = const(val=False, name="17")
    %18: (bool)* = const(val=False, name="18")
    %19: (bool)* = const(val=True, name="19")
    %20_pad_type_0: (str)* = const(val="custom", name="20_pad_type_0")
    %20_pad_0: (4,i32)* = const(val=[1, 1, 1, 1], name="20_pad_0")
    %20: (1, 1, 7, 7, fp32) = conv(x=%input, weight=%1, bias=%2, strides=%21, pad_type=%20_pad_type_0, pad=%20_pad_0, dilations=%23, groups=%16, name="20")
  } -> (%20)
}

[20200630 16:33:11 INFO /Volumes/data/work/1duo-coremltools/coremltools/converters/mil/mil/passes/common_pass.py:34] Performing pass: "common::fuse_bias_conv"
[20200630 16:33:11 INFO /Volumes/data/work/1duo-coremltools/coremltools/converters/mil/mil/passes/common_pass.py:34] Performing pass: "common::fuse_elementwise_to_batchnorm"
[20200630 16:33:11 INFO /Volumes/data/work/1duo-coremltools/coremltools/converters/mil/mil/passes/common_pass.py:34] Performing pass: "common::fuse_onehot_matmul_to_gather"
[20200630 16:33:11 INFO /Volumes/data/work/1duo-coremltools/coremltools/converters/mil/mil/passes/common_pass.py:34] Performing pass: "common::fuse_layernorm_or_instancenorm"
[20200630 16:33:11 INFO /Volumes/data/work/1duo-coremltools/coremltools/converters/mil/mil/passes/common_pass.py:34] Performing pass: "common::dead_code_elimination"
[20200630 16:33:11 INFO /Volumes/data/work/1duo-coremltools/coremltools/converters/mil/mil/passes/dead_code_elimination.py:35] Removing op "19" (type: const)
[20200630 16:33:11 INFO /Volumes/data/work/1duo-coremltools/coremltools/converters/mil/mil/passes/dead_code_elimination.py:35] Removing op "18" (type: const)
[20200630 16:33:11 INFO /Volumes/data/work/1duo-coremltools/coremltools/converters/mil/mil/passes/dead_code_elimination.py:35] Removing op "17" (type: const)
[20200630 16:33:11 INFO /Volumes/data/work/1duo-coremltools/coremltools/converters/mil/mil/passes/dead_code_elimination.py:35] Removing op "24" (type: const)
[20200630 16:33:11 INFO /Volumes/data/work/1duo-coremltools/coremltools/converters/mil/mil/passes/dead_code_elimination.py:35] Removing op "12" (type: const)
[20200630 16:33:11 INFO /Volumes/data/work/1duo-coremltools/coremltools/converters/mil/mil/passes/dead_code_elimination.py:35] Removing op "22" (type: const)
[20200630 16:33:11 DEBUG /Volumes/data/work/1duo-coremltools/coremltools/converters/mil/mil/passes/common_pass.py:38] Program after common passes:
main(%input: (1, 1, 5, 5, fp32)) {
  block19() {
    %1: (1, 1, 1, 1, fp32)* = const(val=[[[[-0.5945169925689697]]]], name="1")
    %2: (1,fp32)* = const(val=[-0.39707136154174805], name="2")
    %21: (2,i32)* = const(val=[1, 1], name="21")
    %23: (2,i32)* = const(val=[1, 1], name="23")
    %16: (i32)* = const(val=1, name="16")
    %20_pad_type_0: (str)* = const(val="custom", name="20_pad_type_0")
    %20_pad_0: (4,i32)* = const(val=[1, 1, 1, 1], name="20_pad_0")
    %20: (1, 1, 7, 7, fp32) = conv(x=%input, weight=%1, bias=%2, strides=%21, pad_type=%20_pad_type_0, pad=%20_pad_0, dilations=%23, groups=%16, name="20")
  } -> (%20)
}

[20200630 16:33:11 INFO /Volumes/data/work/1duo-coremltools/coremltools/converters/mil/backend/nn/passes/nn_passes.py:22] Performing passes for nn_backend: "nn_backend::commingle_loop_vars"
[20200630 16:33:11 INFO /Volumes/data/work/1duo-coremltools/coremltools/converters/mil/backend/nn/passes/nn_passes.py:22] Performing passes for nn_backend: "nn_backend::handle_return_inputs_as_outputs"
[20200630 16:33:11 INFO /Volumes/data/work/1duo-coremltools/coremltools/converters/mil/backend/nn/passes/nn_passes.py:22] Performing passes for nn_backend: "common::const_elimination"
[20200630 16:33:11 INFO /Volumes/data/work/1duo-coremltools/coremltools/converters/mil/backend/nn/passes/nn_passes.py:22] Performing passes for nn_backend: "common::dead_code_elimination"
[20200630 16:33:11 INFO /Volumes/data/work/1duo-coremltools/coremltools/converters/mil/backend/nn/passes/nn_passes.py:22] Performing passes for nn_backend: "nn_backend::handle_unused_inputs"
[20200630 16:33:11 INFO /Volumes/data/work/1duo-coremltools/coremltools/converters/mil/backend/nn/passes/nn_passes.py:22] Performing passes for nn_backend: "nn_backend::alert_return_type_cast"
[20200630 16:33:11 DEBUG /Volumes/data/work/1duo-coremltools/coremltools/converters/mil/backend/nn/passes/nn_passes.py:26] Program after nn backend passes:
main(%input: (1, 1, 5, 5, fp32)) {
  block19() {
    %1: (1, 1, 1, 1, fp32)* = const(val=[[[[-0.5945169925689697]]]], name="1")
    %2: (1,fp32)* = const(val=[-0.39707136154174805], name="2")
    %21: (2,i32)* = const(val=[1, 1], name="21")
    %23: (2,i32)* = const(val=[1, 1], name="23")
    %16: (i32)* = const(val=1, name="16")
    %20_pad_type_0: (str)* = const(val="custom", name="20_pad_type_0")
    %20_pad_0: (4,i32)* = const(val=[1, 1, 1, 1], name="20_pad_0")
    %20: (1, 1, 7, 7, fp32) = conv(x=%input, weight=%1, bias=%2, strides=%21, pad_type=%20_pad_type_0, pad=%20_pad_0, dilations=%23, groups=%16, name="20")
  } -> (%20)
}

[20200630 16:33:11 INFO /Volumes/data/work/1duo-coremltools/coremltools/converters/mil/frontend/torch/converter.py:269] Converting graph.
[20200630 16:33:11 INFO /Volumes/data/work/1duo-coremltools/coremltools/converters/mil/mil/builder.py:181] Adding op '1' of type const
[20200630 16:33:11 INFO /Volumes/data/work/1duo-coremltools/coremltools/converters/mil/mil/builder.py:181] Adding op '2' of type const
[20200630 16:33:11 INFO /Volumes/data/work/1duo-coremltools/coremltools/converters/mil/frontend/torch/ops.py:49] Converting op 21 : constant
[20200630 16:33:11 INFO /Volumes/data/work/1duo-coremltools/coremltools/converters/mil/mil/builder.py:181] Adding op '21' of type const
[20200630 16:33:11 INFO /Volumes/data/work/1duo-coremltools/coremltools/converters/mil/frontend/torch/ops.py:49] Converting op 22 : constant
[20200630 16:33:11 INFO /Volumes/data/work/1duo-coremltools/coremltools/converters/mil/mil/builder.py:181] Adding op '22' of type const
[20200630 16:33:11 INFO /Volumes/data/work/1duo-coremltools/coremltools/converters/mil/frontend/torch/ops.py:49] Converting op 23 : constant
[20200630 16:33:11 INFO /Volumes/data/work/1duo-coremltools/coremltools/converters/mil/mil/builder.py:181] Adding op '23' of type const
[20200630 16:33:11 INFO /Volumes/data/work/1duo-coremltools/coremltools/converters/mil/frontend/torch/ops.py:49] Converting op 12 : constant
[20200630 16:33:11 INFO /Volumes/data/work/1duo-coremltools/coremltools/converters/mil/mil/builder.py:181] Adding op '12' of type const
[20200630 16:33:11 INFO /Volumes/data/work/1duo-coremltools/coremltools/converters/mil/frontend/torch/ops.py:49] Converting op 24 : constant
[20200630 16:33:11 INFO /Volumes/data/work/1duo-coremltools/coremltools/converters/mil/mil/builder.py:181] Adding op '24' of type const
[20200630 16:33:11 INFO /Volumes/data/work/1duo-coremltools/coremltools/converters/mil/frontend/torch/ops.py:49] Converting op 16 : constant
[20200630 16:33:11 INFO /Volumes/data/work/1duo-coremltools/coremltools/converters/mil/mil/builder.py:181] Adding op '16' of type const
[20200630 16:33:11 INFO /Volumes/data/work/1duo-coremltools/coremltools/converters/mil/frontend/torch/ops.py:49] Converting op 17 : constant
[20200630 16:33:11 INFO /Volumes/data/work/1duo-coremltools/coremltools/converters/mil/mil/builder.py:181] Adding op '17' of type const
[20200630 16:33:11 INFO /Volumes/data/work/1duo-coremltools/coremltools/converters/mil/frontend/torch/ops.py:49] Converting op 18 : constant
[20200630 16:33:11 INFO /Volumes/data/work/1duo-coremltools/coremltools/converters/mil/mil/builder.py:181] Adding op '18' of type const
[20200630 16:33:11 INFO /Volumes/data/work/1duo-coremltools/coremltools/converters/mil/frontend/torch/ops.py:49] Converting op 19 : constant
[20200630 16:33:11 INFO /Volumes/data/work/1duo-coremltools/coremltools/converters/mil/mil/builder.py:181] Adding op '19' of type const
[20200630 16:33:11 INFO /Volumes/data/work/1duo-coremltools/coremltools/converters/mil/frontend/torch/ops.py:49] Converting op 20 : _convolution
[20200630 16:33:11 INFO /Volumes/data/work/1duo-coremltools/coremltools/converters/mil/mil/builder.py:181] Adding op '20' of type conv
[20200630 16:33:11 DEBUG /Volumes/data/work/1duo-coremltools/coremltools/converters/mil/mil/builder.py:93] Adding const op '20_pad_type_1'
[20200630 16:33:11 INFO /Volumes/data/work/1duo-coremltools/coremltools/converters/mil/mil/builder.py:181] Adding op '20_pad_type_1' of type const
[20200630 16:33:11 DEBUG /Volumes/data/work/1duo-coremltools/coremltools/converters/mil/mil/builder.py:93] Adding const op '20_pad_1'
[20200630 16:33:11 INFO /Volumes/data/work/1duo-coremltools/coremltools/converters/mil/mil/builder.py:181] Adding op '20_pad_1' of type const
[20200630 16:33:11 DEBUG /Volumes/data/work/1duo-coremltools/coremltools/converters/mil/mil/passes/common_pass.py:30] Program before common passes:
main(%input: (1, 1, 5, 5, fp32)) {
  block20() {
    %1: (1, 1, 1, 1, fp32)* = const(val=[[[[-0.823262095451355]]]], name="1")
    %2: (1,fp32)* = const(val=[0.08585405349731445], name="2")
    %21: (2,i32)* = const(val=[1, 1], name="21")
    %22: (2,i32)* = const(val=[1, 1], name="22")
    %23: (2,i32)* = const(val=[3, 3], name="23")
    %12: (bool)* = const(val=False, name="12")
    %24: (2,i32)* = const(val=[0, 0], name="24")
    %16: (i32)* = const(val=1, name="16")
    %17: (bool)* = const(val=False, name="17")
    %18: (bool)* = const(val=False, name="18")
    %19: (bool)* = const(val=True, name="19")
    %20_pad_type_1: (str)* = const(val="custom", name="20_pad_type_1")
    %20_pad_1: (4,i32)* = const(val=[1, 1, 1, 1], name="20_pad_1")
    %20: (1, 1, 7, 7, fp32) = conv(x=%input, weight=%1, bias=%2, strides=%21, pad_type=%20_pad_type_1, pad=%20_pad_1, dilations=%23, groups=%16, name="20")
  } -> (%20)
}

[20200630 16:33:11 INFO /Volumes/data/work/1duo-coremltools/coremltools/converters/mil/mil/passes/common_pass.py:34] Performing pass: "common::const_elimination"
[20200630 16:33:11 INFO /Volumes/data/work/1duo-coremltools/coremltools/converters/mil/mil/passes/common_pass.py:34] Performing pass: "common::divide_to_multiply"
[20200630 16:33:11 INFO /Volumes/data/work/1duo-coremltools/coremltools/converters/mil/mil/passes/common_pass.py:34] Performing pass: "common::fuse_matmul_weight_bias"
[20200630 16:33:11 INFO /Volumes/data/work/1duo-coremltools/coremltools/converters/mil/mil/passes/common_pass.py:34] Performing pass: "common::const_elimination"
[20200630 16:33:11 INFO /Volumes/data/work/1duo-coremltools/coremltools/converters/mil/mil/passes/common_pass.py:34] Performing pass: "common::loop_invariant_elimination"
[20200630 16:33:11 INFO /Volumes/data/work/1duo-coremltools/coremltools/converters/mil/mil/passes/common_pass.py:34] Performing pass: "common::remove_symbolic_reshape"
[20200630 16:33:11 INFO /Volumes/data/work/1duo-coremltools/coremltools/converters/mil/mil/passes/remove_symbolic_reshape.py:104] remove_symbolic_reshape: changed 0 reshapes.
[20200630 16:33:11 INFO /Volumes/data/work/1duo-coremltools/coremltools/converters/mil/mil/passes/common_pass.py:34] Performing pass: "common::fuse_gelu_tanh_approximation"
[20200630 16:33:11 INFO /Volumes/data/work/1duo-coremltools/coremltools/converters/mil/mil/passes/common_pass.py:34] Performing pass: "common::reduce_transposes"
[20200630 16:33:11 DEBUG /Volumes/data/work/1duo-coremltools/coremltools/converters/mil/mil/passes/reduce_transposes.py:989] Block before optimize transpose transform:
function(%input: (1, 1, 5, 5, fp32)) {
  block20() {
    %1: (1, 1, 1, 1, fp32)* = const(val=[[[[-0.823262095451355]]]], name="1")
    %2: (1,fp32)* = const(val=[0.08585405349731445], name="2")
    %21: (2,i32)* = const(val=[1, 1], name="21")
    %22: (2,i32)* = const(val=[1, 1], name="22")
    %23: (2,i32)* = const(val=[3, 3], name="23")
    %12: (bool)* = const(val=False, name="12")
    %24: (2,i32)* = const(val=[0, 0], name="24")
    %16: (i32)* = const(val=1, name="16")
    %17: (bool)* = const(val=False, name="17")
    %18: (bool)* = const(val=False, name="18")
    %19: (bool)* = const(val=True, name="19")
    %20_pad_type_1: (str)* = const(val="custom", name="20_pad_type_1")
    %20_pad_1: (4,i32)* = const(val=[1, 1, 1, 1], name="20_pad_1")
    %20: (1, 1, 7, 7, fp32) = conv(x=%input, weight=%1, bias=%2, strides=%21, pad_type=%20_pad_type_1, pad=%20_pad_1, dilations=%23, groups=%16, name="20")
  } -> (%20)
}

[20200630 16:33:11 DEBUG /Volumes/data/work/1duo-coremltools/coremltools/converters/mil/mil/passes/reduce_transposes.py:1024] Block after optimize transpose transform:
function(%input: (1, 1, 5, 5, fp32)) {
  block20() {
    %1: (1, 1, 1, 1, fp32)* = const(val=[[[[-0.823262095451355]]]], name="1")
    %2: (1,fp32)* = const(val=[0.08585405349731445], name="2")
    %21: (2,i32)* = const(val=[1, 1], name="21")
    %22: (2,i32)* = const(val=[1, 1], name="22")
    %23: (2,i32)* = const(val=[3, 3], name="23")
    %12: (bool)* = const(val=False, name="12")
    %24: (2,i32)* = const(val=[0, 0], name="24")
    %16: (i32)* = const(val=1, name="16")
    %17: (bool)* = const(val=False, name="17")
    %18: (bool)* = const(val=False, name="18")
    %19: (bool)* = const(val=True, name="19")
    %20_pad_type_1: (str)* = const(val="custom", name="20_pad_type_1")
    %20_pad_1: (4,i32)* = const(val=[1, 1, 1, 1], name="20_pad_1")
    %20: (1, 1, 7, 7, fp32) = conv(x=%input, weight=%1, bias=%2, strides=%21, pad_type=%20_pad_type_1, pad=%20_pad_1, dilations=%23, groups=%16, name="20")
  } -> (%20)
}

[20200630 16:33:11 INFO /Volumes/data/work/1duo-coremltools/coremltools/converters/mil/mil/passes/common_pass.py:34] Performing pass: "common::fuse_bias_conv"
[20200630 16:33:11 INFO /Volumes/data/work/1duo-coremltools/coremltools/converters/mil/mil/passes/common_pass.py:34] Performing pass: "common::fuse_elementwise_to_batchnorm"
[20200630 16:33:11 INFO /Volumes/data/work/1duo-coremltools/coremltools/converters/mil/mil/passes/common_pass.py:34] Performing pass: "common::fuse_onehot_matmul_to_gather"
[20200630 16:33:11 INFO /Volumes/data/work/1duo-coremltools/coremltools/converters/mil/mil/passes/common_pass.py:34] Performing pass: "common::fuse_layernorm_or_instancenorm"
[20200630 16:33:11 INFO /Volumes/data/work/1duo-coremltools/coremltools/converters/mil/mil/passes/common_pass.py:34] Performing pass: "common::dead_code_elimination"
[20200630 16:33:11 INFO /Volumes/data/work/1duo-coremltools/coremltools/converters/mil/mil/passes/dead_code_elimination.py:35] Removing op "19" (type: const)
[20200630 16:33:11 INFO /Volumes/data/work/1duo-coremltools/coremltools/converters/mil/mil/passes/dead_code_elimination.py:35] Removing op "18" (type: const)
[20200630 16:33:11 INFO /Volumes/data/work/1duo-coremltools/coremltools/converters/mil/mil/passes/dead_code_elimination.py:35] Removing op "17" (type: const)
[20200630 16:33:11 INFO /Volumes/data/work/1duo-coremltools/coremltools/converters/mil/mil/passes/dead_code_elimination.py:35] Removing op "24" (type: const)
[20200630 16:33:11 INFO /Volumes/data/work/1duo-coremltools/coremltools/converters/mil/mil/passes/dead_code_elimination.py:35] Removing op "12" (type: const)
[20200630 16:33:11 INFO /Volumes/data/work/1duo-coremltools/coremltools/converters/mil/mil/passes/dead_code_elimination.py:35] Removing op "22" (type: const)
[20200630 16:33:11 DEBUG /Volumes/data/work/1duo-coremltools/coremltools/converters/mil/mil/passes/common_pass.py:38] Program after common passes:
main(%input: (1, 1, 5, 5, fp32)) {
  block20() {
    %1: (1, 1, 1, 1, fp32)* = const(val=[[[[-0.823262095451355]]]], name="1")
    %2: (1,fp32)* = const(val=[0.08585405349731445], name="2")
    %21: (2,i32)* = const(val=[1, 1], name="21")
    %23: (2,i32)* = const(val=[3, 3], name="23")
    %16: (i32)* = const(val=1, name="16")
    %20_pad_type_1: (str)* = const(val="custom", name="20_pad_type_1")
    %20_pad_1: (4,i32)* = const(val=[1, 1, 1, 1], name="20_pad_1")
    %20: (1, 1, 7, 7, fp32) = conv(x=%input, weight=%1, bias=%2, strides=%21, pad_type=%20_pad_type_1, pad=%20_pad_1, dilations=%23, groups=%16, name="20")
  } -> (%20)
}

[20200630 16:33:11 INFO /Volumes/data/work/1duo-coremltools/coremltools/converters/mil/backend/nn/passes/nn_passes.py:22] Performing passes for nn_backend: "nn_backend::commingle_loop_vars"
[20200630 16:33:11 INFO /Volumes/data/work/1duo-coremltools/coremltools/converters/mil/backend/nn/passes/nn_passes.py:22] Performing passes for nn_backend: "nn_backend::handle_return_inputs_as_outputs"
[20200630 16:33:11 INFO /Volumes/data/work/1duo-coremltools/coremltools/converters/mil/backend/nn/passes/nn_passes.py:22] Performing passes for nn_backend: "common::const_elimination"
[20200630 16:33:11 INFO /Volumes/data/work/1duo-coremltools/coremltools/converters/mil/backend/nn/passes/nn_passes.py:22] Performing passes for nn_backend: "common::dead_code_elimination"
[20200630 16:33:11 INFO /Volumes/data/work/1duo-coremltools/coremltools/converters/mil/backend/nn/passes/nn_passes.py:22] Performing passes for nn_backend: "nn_backend::handle_unused_inputs"
[20200630 16:33:11 INFO /Volumes/data/work/1duo-coremltools/coremltools/converters/mil/backend/nn/passes/nn_passes.py:22] Performing passes for nn_backend: "nn_backend::alert_return_type_cast"
[20200630 16:33:11 DEBUG /Volumes/data/work/1duo-coremltools/coremltools/converters/mil/backend/nn/passes/nn_passes.py:26] Program after nn backend passes:
main(%input: (1, 1, 5, 5, fp32)) {
  block20() {
    %1: (1, 1, 1, 1, fp32)* = const(val=[[[[-0.823262095451355]]]], name="1")
    %2: (1,fp32)* = const(val=[0.08585405349731445], name="2")
    %21: (2,i32)* = const(val=[1, 1], name="21")
    %23: (2,i32)* = const(val=[3, 3], name="23")
    %16: (i32)* = const(val=1, name="16")
    %20_pad_type_1: (str)* = const(val="custom", name="20_pad_type_1")
    %20_pad_1: (4,i32)* = const(val=[1, 1, 1, 1], name="20_pad_1")
    %20: (1, 1, 7, 7, fp32) = conv(x=%input, weight=%1, bias=%2, strides=%21, pad_type=%20_pad_type_1, pad=%20_pad_1, dilations=%23, groups=%16, name="20")
  } -> (%20)
}

[20200630 16:33:11 INFO /Volumes/data/work/1duo-coremltools/coremltools/converters/mil/frontend/torch/converter.py:269] Converting graph.
[20200630 16:33:11 INFO /Volumes/data/work/1duo-coremltools/coremltools/converters/mil/mil/builder.py:181] Adding op '1' of type const
[20200630 16:33:11 INFO /Volumes/data/work/1duo-coremltools/coremltools/converters/mil/mil/builder.py:181] Adding op '2' of type const
[20200630 16:33:11 INFO /Volumes/data/work/1duo-coremltools/coremltools/converters/mil/frontend/torch/ops.py:49] Converting op 21 : constant
[20200630 16:33:11 INFO /Volumes/data/work/1duo-coremltools/coremltools/converters/mil/mil/builder.py:181] Adding op '21' of type const
[20200630 16:33:11 INFO /Volumes/data/work/1duo-coremltools/coremltools/converters/mil/frontend/torch/ops.py:49] Converting op 22 : constant
[20200630 16:33:11 INFO /Volumes/data/work/1duo-coremltools/coremltools/converters/mil/mil/builder.py:181] Adding op '22' of type const
[20200630 16:33:11 INFO /Volumes/data/work/1duo-coremltools/coremltools/converters/mil/frontend/torch/ops.py:49] Converting op 23 : constant
[20200630 16:33:11 INFO /Volumes/data/work/1duo-coremltools/coremltools/converters/mil/mil/builder.py:181] Adding op '23' of type const
[20200630 16:33:11 INFO /Volumes/data/work/1duo-coremltools/coremltools/converters/mil/frontend/torch/ops.py:49] Converting op 12 : constant
[20200630 16:33:11 INFO /Volumes/data/work/1duo-coremltools/coremltools/converters/mil/mil/builder.py:181] Adding op '12' of type const
[20200630 16:33:11 INFO /Volumes/data/work/1duo-coremltools/coremltools/converters/mil/frontend/torch/ops.py:49] Converting op 24 : constant
[20200630 16:33:11 INFO /Volumes/data/work/1duo-coremltools/coremltools/converters/mil/mil/builder.py:181] Adding op '24' of type const
[20200630 16:33:11 INFO /Volumes/data/work/1duo-coremltools/coremltools/converters/mil/frontend/torch/ops.py:49] Converting op 16 : constant
[20200630 16:33:11 INFO /Volumes/data/work/1duo-coremltools/coremltools/converters/mil/mil/builder.py:181] Adding op '16' of type const
[20200630 16:33:11 INFO /Volumes/data/work/1duo-coremltools/coremltools/converters/mil/frontend/torch/ops.py:49] Converting op 17 : constant
[20200630 16:33:11 INFO /Volumes/data/work/1duo-coremltools/coremltools/converters/mil/mil/builder.py:181] Adding op '17' of type const
[20200630 16:33:11 INFO /Volumes/data/work/1duo-coremltools/coremltools/converters/mil/frontend/torch/ops.py:49] Converting op 18 : constant
[20200630 16:33:11 INFO /Volumes/data/work/1duo-coremltools/coremltools/converters/mil/mil/builder.py:181] Adding op '18' of type const
[20200630 16:33:11 INFO /Volumes/data/work/1duo-coremltools/coremltools/converters/mil/frontend/torch/ops.py:49] Converting op 19 : constant
[20200630 16:33:11 INFO /Volumes/data/work/1duo-coremltools/coremltools/converters/mil/mil/builder.py:181] Adding op '19' of type const
[20200630 16:33:11 INFO /Volumes/data/work/1duo-coremltools/coremltools/converters/mil/frontend/torch/ops.py:49] Converting op 20 : _convolution
[20200630 16:33:11 INFO /Volumes/data/work/1duo-coremltools/coremltools/converters/mil/mil/builder.py:181] Adding op '20' of type conv
[20200630 16:33:11 DEBUG /Volumes/data/work/1duo-coremltools/coremltools/converters/mil/mil/builder.py:93] Adding const op '20_pad_type_2'
[20200630 16:33:11 INFO /Volumes/data/work/1duo-coremltools/coremltools/converters/mil/mil/builder.py:181] Adding op '20_pad_type_2' of type const
[20200630 16:33:11 DEBUG /Volumes/data/work/1duo-coremltools/coremltools/converters/mil/mil/builder.py:93] Adding const op '20_pad_2'
[20200630 16:33:11 INFO /Volumes/data/work/1duo-coremltools/coremltools/converters/mil/mil/builder.py:181] Adding op '20_pad_2' of type const
[20200630 16:33:11 DEBUG /Volumes/data/work/1duo-coremltools/coremltools/converters/mil/mil/passes/common_pass.py:30] Program before common passes:
main(%input: (1, 1, 5, 5, fp32)) {
  block21() {
    %1: (1, 1, 1, 1, fp32)* = const(val=[[[[-0.3004422187805176]]]], name="1")
    %2: (1,fp32)* = const(val=[0.6359517574310303], name="2")
    %21: (2,i32)* = const(val=[1, 1], name="21")
    %22: (2,i32)* = const(val=[3, 3], name="22")
    %23: (2,i32)* = const(val=[1, 1], name="23")
    %12: (bool)* = const(val=False, name="12")
    %24: (2,i32)* = const(val=[0, 0], name="24")
    %16: (i32)* = const(val=1, name="16")
    %17: (bool)* = const(val=False, name="17")
    %18: (bool)* = const(val=False, name="18")
    %19: (bool)* = const(val=True, name="19")
    %20_pad_type_2: (str)* = const(val="custom", name="20_pad_type_2")
    %20_pad_2: (4,i32)* = const(val=[3, 3, 3, 3], name="20_pad_2")
    %20: (1, 1, 11, 11, fp32) = conv(x=%input, weight=%1, bias=%2, strides=%21, pad_type=%20_pad_type_2, pad=%20_pad_2, dilations=%23, groups=%16, name="20")
  } -> (%20)
}

[20200630 16:33:11 INFO /Volumes/data/work/1duo-coremltools/coremltools/converters/mil/mil/passes/common_pass.py:34] Performing pass: "common::const_elimination"
[20200630 16:33:11 INFO /Volumes/data/work/1duo-coremltools/coremltools/converters/mil/mil/passes/common_pass.py:34] Performing pass: "common::divide_to_multiply"
[20200630 16:33:11 INFO /Volumes/data/work/1duo-coremltools/coremltools/converters/mil/mil/passes/common_pass.py:34] Performing pass: "common::fuse_matmul_weight_bias"
[20200630 16:33:11 INFO /Volumes/data/work/1duo-coremltools/coremltools/converters/mil/mil/passes/common_pass.py:34] Performing pass: "common::const_elimination"
[20200630 16:33:11 INFO /Volumes/data/work/1duo-coremltools/coremltools/converters/mil/mil/passes/common_pass.py:34] Performing pass: "common::loop_invariant_elimination"
[20200630 16:33:11 INFO /Volumes/data/work/1duo-coremltools/coremltools/converters/mil/mil/passes/common_pass.py:34] Performing pass: "common::remove_symbolic_reshape"
[20200630 16:33:11 INFO /Volumes/data/work/1duo-coremltools/coremltools/converters/mil/mil/passes/remove_symbolic_reshape.py:104] remove_symbolic_reshape: changed 0 reshapes.
[20200630 16:33:11 INFO /Volumes/data/work/1duo-coremltools/coremltools/converters/mil/mil/passes/common_pass.py:34] Performing pass: "common::fuse_gelu_tanh_approximation"
[20200630 16:33:11 INFO /Volumes/data/work/1duo-coremltools/coremltools/converters/mil/mil/passes/common_pass.py:34] Performing pass: "common::reduce_transposes"
[20200630 16:33:11 DEBUG /Volumes/data/work/1duo-coremltools/coremltools/converters/mil/mil/passes/reduce_transposes.py:989] Block before optimize transpose transform:
function(%input: (1, 1, 5, 5, fp32)) {
  block21() {
    %1: (1, 1, 1, 1, fp32)* = const(val=[[[[-0.3004422187805176]]]], name="1")
    %2: (1,fp32)* = const(val=[0.6359517574310303], name="2")
    %21: (2,i32)* = const(val=[1, 1], name="21")
    %22: (2,i32)* = const(val=[3, 3], name="22")
    %23: (2,i32)* = const(val=[1, 1], name="23")
    %12: (bool)* = const(val=False, name="12")
    %24: (2,i32)* = const(val=[0, 0], name="24")
    %16: (i32)* = const(val=1, name="16")
    %17: (bool)* = const(val=False, name="17")
    %18: (bool)* = const(val=False, name="18")
    %19: (bool)* = const(val=True, name="19")
    %20_pad_type_2: (str)* = const(val="custom", name="20_pad_type_2")
    %20_pad_2: (4,i32)* = const(val=[3, 3, 3, 3], name="20_pad_2")
    %20: (1, 1, 11, 11, fp32) = conv(x=%input, weight=%1, bias=%2, strides=%21, pad_type=%20_pad_type_2, pad=%20_pad_2, dilations=%23, groups=%16, name="20")
  } -> (%20)
}

[20200630 16:33:11 DEBUG /Volumes/data/work/1duo-coremltools/coremltools/converters/mil/mil/passes/reduce_transposes.py:1024] Block after optimize transpose transform:
function(%input: (1, 1, 5, 5, fp32)) {
  block21() {
    %1: (1, 1, 1, 1, fp32)* = const(val=[[[[-0.3004422187805176]]]], name="1")
    %2: (1,fp32)* = const(val=[0.6359517574310303], name="2")
    %21: (2,i32)* = const(val=[1, 1], name="21")
    %22: (2,i32)* = const(val=[3, 3], name="22")
    %23: (2,i32)* = const(val=[1, 1], name="23")
    %12: (bool)* = const(val=False, name="12")
    %24: (2,i32)* = const(val=[0, 0], name="24")
    %16: (i32)* = const(val=1, name="16")
    %17: (bool)* = const(val=False, name="17")
    %18: (bool)* = const(val=False, name="18")
    %19: (bool)* = const(val=True, name="19")
    %20_pad_type_2: (str)* = const(val="custom", name="20_pad_type_2")
    %20_pad_2: (4,i32)* = const(val=[3, 3, 3, 3], name="20_pad_2")
    %20: (1, 1, 11, 11, fp32) = conv(x=%input, weight=%1, bias=%2, strides=%21, pad_type=%20_pad_type_2, pad=%20_pad_2, dilations=%23, groups=%16, name="20")
  } -> (%20)
}

[20200630 16:33:11 INFO /Volumes/data/work/1duo-coremltools/coremltools/converters/mil/mil/passes/common_pass.py:34] Performing pass: "common::fuse_bias_conv"
[20200630 16:33:11 INFO /Volumes/data/work/1duo-coremltools/coremltools/converters/mil/mil/passes/common_pass.py:34] Performing pass: "common::fuse_elementwise_to_batchnorm"
[20200630 16:33:11 INFO /Volumes/data/work/1duo-coremltools/coremltools/converters/mil/mil/passes/common_pass.py:34] Performing pass: "common::fuse_onehot_matmul_to_gather"
[20200630 16:33:11 INFO /Volumes/data/work/1duo-coremltools/coremltools/converters/mil/mil/passes/common_pass.py:34] Performing pass: "common::fuse_layernorm_or_instancenorm"
[20200630 16:33:11 INFO /Volumes/data/work/1duo-coremltools/coremltools/converters/mil/mil/passes/common_pass.py:34] Performing pass: "common::dead_code_elimination"
[20200630 16:33:11 INFO /Volumes/data/work/1duo-coremltools/coremltools/converters/mil/mil/passes/dead_code_elimination.py:35] Removing op "19" (type: const)
[20200630 16:33:11 INFO /Volumes/data/work/1duo-coremltools/coremltools/converters/mil/mil/passes/dead_code_elimination.py:35] Removing op "18" (type: const)
[20200630 16:33:11 INFO /Volumes/data/work/1duo-coremltools/coremltools/converters/mil/mil/passes/dead_code_elimination.py:35] Removing op "17" (type: const)
[20200630 16:33:11 INFO /Volumes/data/work/1duo-coremltools/coremltools/converters/mil/mil/passes/dead_code_elimination.py:35] Removing op "24" (type: const)
[20200630 16:33:11 INFO /Volumes/data/work/1duo-coremltools/coremltools/converters/mil/mil/passes/dead_code_elimination.py:35] Removing op "12" (type: const)
[20200630 16:33:11 INFO /Volumes/data/work/1duo-coremltools/coremltools/converters/mil/mil/passes/dead_code_elimination.py:35] Removing op "22" (type: const)
[20200630 16:33:11 DEBUG /Volumes/data/work/1duo-coremltools/coremltools/converters/mil/mil/passes/common_pass.py:38] Program after common passes:
main(%input: (1, 1, 5, 5, fp32)) {
  block21() {
    %1: (1, 1, 1, 1, fp32)* = const(val=[[[[-0.3004422187805176]]]], name="1")
    %2: (1,fp32)* = const(val=[0.6359517574310303], name="2")
    %21: (2,i32)* = const(val=[1, 1], name="21")
    %23: (2,i32)* = const(val=[1, 1], name="23")
    %16: (i32)* = const(val=1, name="16")
    %20_pad_type_2: (str)* = const(val="custom", name="20_pad_type_2")
    %20_pad_2: (4,i32)* = const(val=[3, 3, 3, 3], name="20_pad_2")
    %20: (1, 1, 11, 11, fp32) = conv(x=%input, weight=%1, bias=%2, strides=%21, pad_type=%20_pad_type_2, pad=%20_pad_2, dilations=%23, groups=%16, name="20")
  } -> (%20)
}

[20200630 16:33:11 INFO /Volumes/data/work/1duo-coremltools/coremltools/converters/mil/backend/nn/passes/nn_passes.py:22] Performing passes for nn_backend: "nn_backend::commingle_loop_vars"
[20200630 16:33:11 INFO /Volumes/data/work/1duo-coremltools/coremltools/converters/mil/backend/nn/passes/nn_passes.py:22] Performing passes for nn_backend: "nn_backend::handle_return_inputs_as_outputs"
[20200630 16:33:11 INFO /Volumes/data/work/1duo-coremltools/coremltools/converters/mil/backend/nn/passes/nn_passes.py:22] Performing passes for nn_backend: "common::const_elimination"
[20200630 16:33:11 INFO /Volumes/data/work/1duo-coremltools/coremltools/converters/mil/backend/nn/passes/nn_passes.py:22] Performing passes for nn_backend: "common::dead_code_elimination"
[20200630 16:33:11 INFO /Volumes/data/work/1duo-coremltools/coremltools/converters/mil/backend/nn/passes/nn_passes.py:22] Performing passes for nn_backend: "nn_backend::handle_unused_inputs"
[20200630 16:33:11 INFO /Volumes/data/work/1duo-coremltools/coremltools/converters/mil/backend/nn/passes/nn_passes.py:22] Performing passes for nn_backend: "nn_backend::alert_return_type_cast"
[20200630 16:33:11 DEBUG /Volumes/data/work/1duo-coremltools/coremltools/converters/mil/backend/nn/passes/nn_passes.py:26] Program after nn backend passes:
main(%input: (1, 1, 5, 5, fp32)) {
  block21() {
    %1: (1, 1, 1, 1, fp32)* = const(val=[[[[-0.3004422187805176]]]], name="1")
    %2: (1,fp32)* = const(val=[0.6359517574310303], name="2")
    %21: (2,i32)* = const(val=[1, 1], name="21")
    %23: (2,i32)* = const(val=[1, 1], name="23")
    %16: (i32)* = const(val=1, name="16")
    %20_pad_type_2: (str)* = const(val="custom", name="20_pad_type_2")
    %20_pad_2: (4,i32)* = const(val=[3, 3, 3, 3], name="20_pad_2")
    %20: (1, 1, 11, 11, fp32) = conv(x=%input, weight=%1, bias=%2, strides=%21, pad_type=%20_pad_type_2, pad=%20_pad_2, dilations=%23, groups=%16, name="20")
  } -> (%20)
}

[20200630 16:33:11 INFO /Volumes/data/work/1duo-coremltools/coremltools/converters/mil/frontend/torch/converter.py:269] Converting graph.
[20200630 16:33:11 INFO /Volumes/data/work/1duo-coremltools/coremltools/converters/mil/mil/builder.py:181] Adding op '1' of type const
[20200630 16:33:11 INFO /Volumes/data/work/1duo-coremltools/coremltools/converters/mil/mil/builder.py:181] Adding op '2' of type const
[20200630 16:33:11 INFO /Volumes/data/work/1duo-coremltools/coremltools/converters/mil/frontend/torch/ops.py:49] Converting op 21 : constant
[20200630 16:33:11 INFO /Volumes/data/work/1duo-coremltools/coremltools/converters/mil/mil/builder.py:181] Adding op '21' of type const
[20200630 16:33:11 INFO /Volumes/data/work/1duo-coremltools/coremltools/converters/mil/frontend/torch/ops.py:49] Converting op 22 : constant
[20200630 16:33:11 INFO /Volumes/data/work/1duo-coremltools/coremltools/converters/mil/mil/builder.py:181] Adding op '22' of type const
[20200630 16:33:11 INFO /Volumes/data/work/1duo-coremltools/coremltools/converters/mil/frontend/torch/ops.py:49] Converting op 23 : constant
[20200630 16:33:11 INFO /Volumes/data/work/1duo-coremltools/coremltools/converters/mil/mil/builder.py:181] Adding op '23' of type const
[20200630 16:33:11 INFO /Volumes/data/work/1duo-coremltools/coremltools/converters/mil/frontend/torch/ops.py:49] Converting op 12 : constant
[20200630 16:33:11 INFO /Volumes/data/work/1duo-coremltools/coremltools/converters/mil/mil/builder.py:181] Adding op '12' of type const
[20200630 16:33:11 INFO /Volumes/data/work/1duo-coremltools/coremltools/converters/mil/frontend/torch/ops.py:49] Converting op 24 : constant
[20200630 16:33:11 INFO /Volumes/data/work/1duo-coremltools/coremltools/converters/mil/mil/builder.py:181] Adding op '24' of type const
[20200630 16:33:11 INFO /Volumes/data/work/1duo-coremltools/coremltools/converters/mil/frontend/torch/ops.py:49] Converting op 16 : constant
[20200630 16:33:11 INFO /Volumes/data/work/1duo-coremltools/coremltools/converters/mil/mil/builder.py:181] Adding op '16' of type const
[20200630 16:33:11 INFO /Volumes/data/work/1duo-coremltools/coremltools/converters/mil/frontend/torch/ops.py:49] Converting op 17 : constant
[20200630 16:33:11 INFO /Volumes/data/work/1duo-coremltools/coremltools/converters/mil/mil/builder.py:181] Adding op '17' of type const
[20200630 16:33:11 INFO /Volumes/data/work/1duo-coremltools/coremltools/converters/mil/frontend/torch/ops.py:49] Converting op 18 : constant
[20200630 16:33:11 INFO /Volumes/data/work/1duo-coremltools/coremltools/converters/mil/mil/builder.py:181] Adding op '18' of type const
[20200630 16:33:11 INFO /Volumes/data/work/1duo-coremltools/coremltools/converters/mil/frontend/torch/ops.py:49] Converting op 19 : constant
[20200630 16:33:11 INFO /Volumes/data/work/1duo-coremltools/coremltools/converters/mil/mil/builder.py:181] Adding op '19' of type const
[20200630 16:33:11 INFO /Volumes/data/work/1duo-coremltools/coremltools/converters/mil/frontend/torch/ops.py:49] Converting op 20 : _convolution
[20200630 16:33:11 INFO /Volumes/data/work/1duo-coremltools/coremltools/converters/mil/mil/builder.py:181] Adding op '20' of type conv
[20200630 16:33:11 DEBUG /Volumes/data/work/1duo-coremltools/coremltools/converters/mil/mil/builder.py:93] Adding const op '20_pad_type_3'
[20200630 16:33:11 INFO /Volumes/data/work/1duo-coremltools/coremltools/converters/mil/mil/builder.py:181] Adding op '20_pad_type_3' of type const
[20200630 16:33:11 DEBUG /Volumes/data/work/1duo-coremltools/coremltools/converters/mil/mil/builder.py:93] Adding const op '20_pad_3'
[20200630 16:33:11 INFO /Volumes/data/work/1duo-coremltools/coremltools/converters/mil/mil/builder.py:181] Adding op '20_pad_3' of type const
[20200630 16:33:11 DEBUG /Volumes/data/work/1duo-coremltools/coremltools/converters/mil/mil/passes/common_pass.py:30] Program before common passes:
main(%input: (1, 1, 5, 5, fp32)) {
  block22() {
    %1: (1, 1, 1, 1, fp32)* = const(val=[[[[-0.7348067760467529]]]], name="1")
    %2: (1,fp32)* = const(val=[0.07591450214385986], name="2")
    %21: (2,i32)* = const(val=[1, 1], name="21")
    %22: (2,i32)* = const(val=[3, 3], name="22")
    %23: (2,i32)* = const(val=[3, 3], name="23")
    %12: (bool)* = const(val=False, name="12")
    %24: (2,i32)* = const(val=[0, 0], name="24")
    %16: (i32)* = const(val=1, name="16")
    %17: (bool)* = const(val=False, name="17")
    %18: (bool)* = const(val=False, name="18")
    %19: (bool)* = const(val=True, name="19")
    %20_pad_type_3: (str)* = const(val="custom", name="20_pad_type_3")
    %20_pad_3: (4,i32)* = const(val=[3, 3, 3, 3], name="20_pad_3")
    %20: (1, 1, 11, 11, fp32) = conv(x=%input, weight=%1, bias=%2, strides=%21, pad_type=%20_pad_type_3, pad=%20_pad_3, dilations=%23, groups=%16, name="20")
  } -> (%20)
}

[20200630 16:33:11 INFO /Volumes/data/work/1duo-coremltools/coremltools/converters/mil/mil/passes/common_pass.py:34] Performing pass: "common::const_elimination"
[20200630 16:33:11 INFO /Volumes/data/work/1duo-coremltools/coremltools/converters/mil/mil/passes/common_pass.py:34] Performing pass: "common::divide_to_multiply"
[20200630 16:33:11 INFO /Volumes/data/work/1duo-coremltools/coremltools/converters/mil/mil/passes/common_pass.py:34] Performing pass: "common::fuse_matmul_weight_bias"
[20200630 16:33:11 INFO /Volumes/data/work/1duo-coremltools/coremltools/converters/mil/mil/passes/common_pass.py:34] Performing pass: "common::const_elimination"
[20200630 16:33:11 INFO /Volumes/data/work/1duo-coremltools/coremltools/converters/mil/mil/passes/common_pass.py:34] Performing pass: "common::loop_invariant_elimination"
[20200630 16:33:11 INFO /Volumes/data/work/1duo-coremltools/coremltools/converters/mil/mil/passes/common_pass.py:34] Performing pass: "common::remove_symbolic_reshape"
[20200630 16:33:11 INFO /Volumes/data/work/1duo-coremltools/coremltools/converters/mil/mil/passes/remove_symbolic_reshape.py:104] remove_symbolic_reshape: changed 0 reshapes.
[20200630 16:33:11 INFO /Volumes/data/work/1duo-coremltools/coremltools/converters/mil/mil/passes/common_pass.py:34] Performing pass: "common::fuse_gelu_tanh_approximation"
[20200630 16:33:11 INFO /Volumes/data/work/1duo-coremltools/coremltools/converters/mil/mil/passes/common_pass.py:34] Performing pass: "common::reduce_transposes"
[20200630 16:33:11 DEBUG /Volumes/data/work/1duo-coremltools/coremltools/converters/mil/mil/passes/reduce_transposes.py:989] Block before optimize transpose transform:
function(%input: (1, 1, 5, 5, fp32)) {
  block22() {
    %1: (1, 1, 1, 1, fp32)* = const(val=[[[[-0.7348067760467529]]]], name="1")
    %2: (1,fp32)* = const(val=[0.07591450214385986], name="2")
    %21: (2,i32)* = const(val=[1, 1], name="21")
    %22: (2,i32)* = const(val=[3, 3], name="22")
    %23: (2,i32)* = const(val=[3, 3], name="23")
    %12: (bool)* = const(val=False, name="12")
    %24: (2,i32)* = const(val=[0, 0], name="24")
    %16: (i32)* = const(val=1, name="16")
    %17: (bool)* = const(val=False, name="17")
    %18: (bool)* = const(val=False, name="18")
    %19: (bool)* = const(val=True, name="19")
    %20_pad_type_3: (str)* = const(val="custom", name="20_pad_type_3")
    %20_pad_3: (4,i32)* = const(val=[3, 3, 3, 3], name="20_pad_3")
    %20: (1, 1, 11, 11, fp32) = conv(x=%input, weight=%1, bias=%2, strides=%21, pad_type=%20_pad_type_3, pad=%20_pad_3, dilations=%23, groups=%16, name="20")
  } -> (%20)
}

[20200630 16:33:11 DEBUG /Volumes/data/work/1duo-coremltools/coremltools/converters/mil/mil/passes/reduce_transposes.py:1024] Block after optimize transpose transform:
function(%input: (1, 1, 5, 5, fp32)) {
  block22() {
    %1: (1, 1, 1, 1, fp32)* = const(val=[[[[-0.7348067760467529]]]], name="1")
    %2: (1,fp32)* = const(val=[0.07591450214385986], name="2")
    %21: (2,i32)* = const(val=[1, 1], name="21")
    %22: (2,i32)* = const(val=[3, 3], name="22")
    %23: (2,i32)* = const(val=[3, 3], name="23")
    %12: (bool)* = const(val=False, name="12")
    %24: (2,i32)* = const(val=[0, 0], name="24")
    %16: (i32)* = const(val=1, name="16")
    %17: (bool)* = const(val=False, name="17")
    %18: (bool)* = const(val=False, name="18")
    %19: (bool)* = const(val=True, name="19")
    %20_pad_type_3: (str)* = const(val="custom", name="20_pad_type_3")
    %20_pad_3: (4,i32)* = const(val=[3, 3, 3, 3], name="20_pad_3")
    %20: (1, 1, 11, 11, fp32) = conv(x=%input, weight=%1, bias=%2, strides=%21, pad_type=%20_pad_type_3, pad=%20_pad_3, dilations=%23, groups=%16, name="20")
  } -> (%20)
}

[20200630 16:33:11 INFO /Volumes/data/work/1duo-coremltools/coremltools/converters/mil/mil/passes/common_pass.py:34] Performing pass: "common::fuse_bias_conv"
[20200630 16:33:11 INFO /Volumes/data/work/1duo-coremltools/coremltools/converters/mil/mil/passes/common_pass.py:34] Performing pass: "common::fuse_elementwise_to_batchnorm"
[20200630 16:33:11 INFO /Volumes/data/work/1duo-coremltools/coremltools/converters/mil/mil/passes/common_pass.py:34] Performing pass: "common::fuse_onehot_matmul_to_gather"
[20200630 16:33:11 INFO /Volumes/data/work/1duo-coremltools/coremltools/converters/mil/mil/passes/common_pass.py:34] Performing pass: "common::fuse_layernorm_or_instancenorm"
[20200630 16:33:11 INFO /Volumes/data/work/1duo-coremltools/coremltools/converters/mil/mil/passes/common_pass.py:34] Performing pass: "common::dead_code_elimination"
[20200630 16:33:11 INFO /Volumes/data/work/1duo-coremltools/coremltools/converters/mil/mil/passes/dead_code_elimination.py:35] Removing op "19" (type: const)
[20200630 16:33:11 INFO /Volumes/data/work/1duo-coremltools/coremltools/converters/mil/mil/passes/dead_code_elimination.py:35] Removing op "18" (type: const)
[20200630 16:33:11 INFO /Volumes/data/work/1duo-coremltools/coremltools/converters/mil/mil/passes/dead_code_elimination.py:35] Removing op "17" (type: const)
[20200630 16:33:11 INFO /Volumes/data/work/1duo-coremltools/coremltools/converters/mil/mil/passes/dead_code_elimination.py:35] Removing op "24" (type: const)
[20200630 16:33:11 INFO /Volumes/data/work/1duo-coremltools/coremltools/converters/mil/mil/passes/dead_code_elimination.py:35] Removing op "12" (type: const)
[20200630 16:33:11 INFO /Volumes/data/work/1duo-coremltools/coremltools/converters/mil/mil/passes/dead_code_elimination.py:35] Removing op "22" (type: const)
[20200630 16:33:11 DEBUG /Volumes/data/work/1duo-coremltools/coremltools/converters/mil/mil/passes/common_pass.py:38] Program after common passes:
main(%input: (1, 1, 5, 5, fp32)) {
  block22() {
    %1: (1, 1, 1, 1, fp32)* = const(val=[[[[-0.7348067760467529]]]], name="1")
    %2: (1,fp32)* = const(val=[0.07591450214385986], name="2")
    %21: (2,i32)* = const(val=[1, 1], name="21")
    %23: (2,i32)* = const(val=[3, 3], name="23")
    %16: (i32)* = const(val=1, name="16")
    %20_pad_type_3: (str)* = const(val="custom", name="20_pad_type_3")
    %20_pad_3: (4,i32)* = const(val=[3, 3, 3, 3], name="20_pad_3")
    %20: (1, 1, 11, 11, fp32) = conv(x=%input, weight=%1, bias=%2, strides=%21, pad_type=%20_pad_type_3, pad=%20_pad_3, dilations=%23, groups=%16, name="20")
  } -> (%20)
}

[20200630 16:33:11 INFO /Volumes/data/work/1duo-coremltools/coremltools/converters/mil/backend/nn/passes/nn_passes.py:22] Performing passes for nn_backend: "nn_backend::commingle_loop_vars"
[20200630 16:33:11 INFO /Volumes/data/work/1duo-coremltools/coremltools/converters/mil/backend/nn/passes/nn_passes.py:22] Performing passes for nn_backend: "nn_backend::handle_return_inputs_as_outputs"
[20200630 16:33:11 INFO /Volumes/data/work/1duo-coremltools/coremltools/converters/mil/backend/nn/passes/nn_passes.py:22] Performing passes for nn_backend: "common::const_elimination"
[20200630 16:33:11 INFO /Volumes/data/work/1duo-coremltools/coremltools/converters/mil/backend/nn/passes/nn_passes.py:22] Performing passes for nn_backend: "common::dead_code_elimination"
[20200630 16:33:11 INFO /Volumes/data/work/1duo-coremltools/coremltools/converters/mil/backend/nn/passes/nn_passes.py:22] Performing passes for nn_backend: "nn_backend::handle_unused_inputs"
[20200630 16:33:11 INFO /Volumes/data/work/1duo-coremltools/coremltools/converters/mil/backend/nn/passes/nn_passes.py:22] Performing passes for nn_backend: "nn_backend::alert_return_type_cast"
[20200630 16:33:11 DEBUG /Volumes/data/work/1duo-coremltools/coremltools/converters/mil/backend/nn/passes/nn_passes.py:26] Program after nn backend passes:
main(%input: (1, 1, 5, 5, fp32)) {
  block22() {
    %1: (1, 1, 1, 1, fp32)* = const(val=[[[[-0.7348067760467529]]]], name="1")
    %2: (1,fp32)* = const(val=[0.07591450214385986], name="2")
    %21: (2,i32)* = const(val=[1, 1], name="21")
    %23: (2,i32)* = const(val=[3, 3], name="23")
    %16: (i32)* = const(val=1, name="16")
    %20_pad_type_3: (str)* = const(val="custom", name="20_pad_type_3")
    %20_pad_3: (4,i32)* = const(val=[3, 3, 3, 3], name="20_pad_3")
    %20: (1, 1, 11, 11, fp32) = conv(x=%input, weight=%1, bias=%2, strides=%21, pad_type=%20_pad_type_3, pad=%20_pad_3, dilations=%23, groups=%16, name="20")
  } -> (%20)
}

[20200630 16:33:11 INFO /Volumes/data/work/1duo-coremltools/coremltools/converters/mil/frontend/torch/converter.py:269] Converting graph.
[20200630 16:33:11 INFO /Volumes/data/work/1duo-coremltools/coremltools/converters/mil/mil/builder.py:181] Adding op '1' of type const
[20200630 16:33:11 INFO /Volumes/data/work/1duo-coremltools/coremltools/converters/mil/mil/builder.py:181] Adding op '2' of type const
[20200630 16:33:11 INFO /Volumes/data/work/1duo-coremltools/coremltools/converters/mil/frontend/torch/ops.py:49] Converting op 21 : constant
[20200630 16:33:11 INFO /Volumes/data/work/1duo-coremltools/coremltools/converters/mil/mil/builder.py:181] Adding op '21' of type const
[20200630 16:33:11 INFO /Volumes/data/work/1duo-coremltools/coremltools/converters/mil/frontend/torch/ops.py:49] Converting op 22 : constant
[20200630 16:33:11 INFO /Volumes/data/work/1duo-coremltools/coremltools/converters/mil/mil/builder.py:181] Adding op '22' of type const
[20200630 16:33:11 INFO /Volumes/data/work/1duo-coremltools/coremltools/converters/mil/frontend/torch/ops.py:49] Converting op 23 : constant
[20200630 16:33:11 INFO /Volumes/data/work/1duo-coremltools/coremltools/converters/mil/mil/builder.py:181] Adding op '23' of type const
[20200630 16:33:11 INFO /Volumes/data/work/1duo-coremltools/coremltools/converters/mil/frontend/torch/ops.py:49] Converting op 12 : constant
[20200630 16:33:11 INFO /Volumes/data/work/1duo-coremltools/coremltools/converters/mil/mil/builder.py:181] Adding op '12' of type const
[20200630 16:33:11 INFO /Volumes/data/work/1duo-coremltools/coremltools/converters/mil/frontend/torch/ops.py:49] Converting op 24 : constant
[20200630 16:33:11 INFO /Volumes/data/work/1duo-coremltools/coremltools/converters/mil/mil/builder.py:181] Adding op '24' of type const
[20200630 16:33:11 INFO /Volumes/data/work/1duo-coremltools/coremltools/converters/mil/frontend/torch/ops.py:49] Converting op 16 : constant
[20200630 16:33:11 INFO /Volumes/data/work/1duo-coremltools/coremltools/converters/mil/mil/builder.py:181] Adding op '16' of type const
[20200630 16:33:11 INFO /Volumes/data/work/1duo-coremltools/coremltools/converters/mil/frontend/torch/ops.py:49] Converting op 17 : constant
[20200630 16:33:11 INFO /Volumes/data/work/1duo-coremltools/coremltools/converters/mil/mil/builder.py:181] Adding op '17' of type const
[20200630 16:33:11 INFO /Volumes/data/work/1duo-coremltools/coremltools/converters/mil/frontend/torch/ops.py:49] Converting op 18 : constant
[20200630 16:33:11 INFO /Volumes/data/work/1duo-coremltools/coremltools/converters/mil/mil/builder.py:181] Adding op '18' of type const
[20200630 16:33:11 INFO /Volumes/data/work/1duo-coremltools/coremltools/converters/mil/frontend/torch/ops.py:49] Converting op 19 : constant
[20200630 16:33:11 INFO /Volumes/data/work/1duo-coremltools/coremltools/converters/mil/mil/builder.py:181] Adding op '19' of type const
[20200630 16:33:11 INFO /Volumes/data/work/1duo-coremltools/coremltools/converters/mil/frontend/torch/ops.py:49] Converting op 20 : _convolution
[20200630 16:33:11 INFO /Volumes/data/work/1duo-coremltools/coremltools/converters/mil/mil/builder.py:181] Adding op '20' of type conv
[20200630 16:33:11 DEBUG /Volumes/data/work/1duo-coremltools/coremltools/converters/mil/mil/builder.py:93] Adding const op '20_pad_type_4'
[20200630 16:33:11 INFO /Volumes/data/work/1duo-coremltools/coremltools/converters/mil/mil/builder.py:181] Adding op '20_pad_type_4' of type const
[20200630 16:33:11 DEBUG /Volumes/data/work/1duo-coremltools/coremltools/converters/mil/mil/builder.py:93] Adding const op '20_pad_4'
[20200630 16:33:11 INFO /Volumes/data/work/1duo-coremltools/coremltools/converters/mil/mil/builder.py:181] Adding op '20_pad_4' of type const
[20200630 16:33:11 DEBUG /Volumes/data/work/1duo-coremltools/coremltools/converters/mil/mil/passes/common_pass.py:30] Program before common passes:
main(%input: (1, 1, 5, 5, fp32)) {
  block23() {
    %1: (1, 1, 1, 1, fp32)* = const(val=[[[[0.43656301498413086]]]], name="1")
    %2: (1,fp32)* = const(val=[0.8521780967712402], name="2")
    %21: (2,i32)* = const(val=[3, 3], name="21")
    %22: (2,i32)* = const(val=[1, 1], name="22")
    %23: (2,i32)* = const(val=[1, 1], name="23")
    %12: (bool)* = const(val=False, name="12")
    %24: (2,i32)* = const(val=[0, 0], name="24")
    %16: (i32)* = const(val=1, name="16")
    %17: (bool)* = const(val=False, name="17")
    %18: (bool)* = const(val=False, name="18")
    %19: (bool)* = const(val=True, name="19")
    %20_pad_type_4: (str)* = const(val="custom", name="20_pad_type_4")
    %20_pad_4: (4,i32)* = const(val=[1, 1, 1, 1], name="20_pad_4")
    %20: (1, 1, 3, 3, fp32) = conv(x=%input, weight=%1, bias=%2, strides=%21, pad_type=%20_pad_type_4, pad=%20_pad_4, dilations=%23, groups=%16, name="20")
  } -> (%20)
}

[20200630 16:33:11 INFO /Volumes/data/work/1duo-coremltools/coremltools/converters/mil/mil/passes/common_pass.py:34] Performing pass: "common::const_elimination"
[20200630 16:33:11 INFO /Volumes/data/work/1duo-coremltools/coremltools/converters/mil/mil/passes/common_pass.py:34] Performing pass: "common::divide_to_multiply"
[20200630 16:33:11 INFO /Volumes/data/work/1duo-coremltools/coremltools/converters/mil/mil/passes/common_pass.py:34] Performing pass: "common::fuse_matmul_weight_bias"
[20200630 16:33:11 INFO /Volumes/data/work/1duo-coremltools/coremltools/converters/mil/mil/passes/common_pass.py:34] Performing pass: "common::const_elimination"
[20200630 16:33:11 INFO /Volumes/data/work/1duo-coremltools/coremltools/converters/mil/mil/passes/common_pass.py:34] Performing pass: "common::loop_invariant_elimination"
[20200630 16:33:11 INFO /Volumes/data/work/1duo-coremltools/coremltools/converters/mil/mil/passes/common_pass.py:34] Performing pass: "common::remove_symbolic_reshape"
[20200630 16:33:11 INFO /Volumes/data/work/1duo-coremltools/coremltools/converters/mil/mil/passes/remove_symbolic_reshape.py:104] remove_symbolic_reshape: changed 0 reshapes.
[20200630 16:33:11 INFO /Volumes/data/work/1duo-coremltools/coremltools/converters/mil/mil/passes/common_pass.py:34] Performing pass: "common::fuse_gelu_tanh_approximation"
[20200630 16:33:11 INFO /Volumes/data/work/1duo-coremltools/coremltools/converters/mil/mil/passes/common_pass.py:34] Performing pass: "common::reduce_transposes"
[20200630 16:33:11 DEBUG /Volumes/data/work/1duo-coremltools/coremltools/converters/mil/mil/passes/reduce_transposes.py:989] Block before optimize transpose transform:
function(%input: (1, 1, 5, 5, fp32)) {
  block23() {
    %1: (1, 1, 1, 1, fp32)* = const(val=[[[[0.43656301498413086]]]], name="1")
    %2: (1,fp32)* = const(val=[0.8521780967712402], name="2")
    %21: (2,i32)* = const(val=[3, 3], name="21")
    %22: (2,i32)* = const(val=[1, 1], name="22")
    %23: (2,i32)* = const(val=[1, 1], name="23")
    %12: (bool)* = const(val=False, name="12")
    %24: (2,i32)* = const(val=[0, 0], name="24")
    %16: (i32)* = const(val=1, name="16")
    %17: (bool)* = const(val=False, name="17")
    %18: (bool)* = const(val=False, name="18")
    %19: (bool)* = const(val=True, name="19")
    %20_pad_type_4: (str)* = const(val="custom", name="20_pad_type_4")
    %20_pad_4: (4,i32)* = const(val=[1, 1, 1, 1], name="20_pad_4")
    %20: (1, 1, 3, 3, fp32) = conv(x=%input, weight=%1, bias=%2, strides=%21, pad_type=%20_pad_type_4, pad=%20_pad_4, dilations=%23, groups=%16, name="20")
  } -> (%20)
}

[20200630 16:33:11 DEBUG /Volumes/data/work/1duo-coremltools/coremltools/converters/mil/mil/passes/reduce_transposes.py:1024] Block after optimize transpose transform:
function(%input: (1, 1, 5, 5, fp32)) {
  block23() {
    %1: (1, 1, 1, 1, fp32)* = const(val=[[[[0.43656301498413086]]]], name="1")
    %2: (1,fp32)* = const(val=[0.8521780967712402], name="2")
    %21: (2,i32)* = const(val=[3, 3], name="21")
    %22: (2,i32)* = const(val=[1, 1], name="22")
    %23: (2,i32)* = const(val=[1, 1], name="23")
    %12: (bool)* = const(val=False, name="12")
    %24: (2,i32)* = const(val=[0, 0], name="24")
    %16: (i32)* = const(val=1, name="16")
    %17: (bool)* = const(val=False, name="17")
    %18: (bool)* = const(val=False, name="18")
    %19: (bool)* = const(val=True, name="19")
    %20_pad_type_4: (str)* = const(val="custom", name="20_pad_type_4")
    %20_pad_4: (4,i32)* = const(val=[1, 1, 1, 1], name="20_pad_4")
    %20: (1, 1, 3, 3, fp32) = conv(x=%input, weight=%1, bias=%2, strides=%21, pad_type=%20_pad_type_4, pad=%20_pad_4, dilations=%23, groups=%16, name="20")
  } -> (%20)
}

[20200630 16:33:11 INFO /Volumes/data/work/1duo-coremltools/coremltools/converters/mil/mil/passes/common_pass.py:34] Performing pass: "common::fuse_bias_conv"
[20200630 16:33:11 INFO /Volumes/data/work/1duo-coremltools/coremltools/converters/mil/mil/passes/common_pass.py:34] Performing pass: "common::fuse_elementwise_to_batchnorm"
[20200630 16:33:11 INFO /Volumes/data/work/1duo-coremltools/coremltools/converters/mil/mil/passes/common_pass.py:34] Performing pass: "common::fuse_onehot_matmul_to_gather"
[20200630 16:33:11 INFO /Volumes/data/work/1duo-coremltools/coremltools/converters/mil/mil/passes/common_pass.py:34] Performing pass: "common::fuse_layernorm_or_instancenorm"
[20200630 16:33:11 INFO /Volumes/data/work/1duo-coremltools/coremltools/converters/mil/mil/passes/common_pass.py:34] Performing pass: "common::dead_code_elimination"
[20200630 16:33:11 INFO /Volumes/data/work/1duo-coremltools/coremltools/converters/mil/mil/passes/dead_code_elimination.py:35] Removing op "19" (type: const)
[20200630 16:33:11 INFO /Volumes/data/work/1duo-coremltools/coremltools/converters/mil/mil/passes/dead_code_elimination.py:35] Removing op "18" (type: const)
[20200630 16:33:11 INFO /Volumes/data/work/1duo-coremltools/coremltools/converters/mil/mil/passes/dead_code_elimination.py:35] Removing op "17" (type: const)
[20200630 16:33:11 INFO /Volumes/data/work/1duo-coremltools/coremltools/converters/mil/mil/passes/dead_code_elimination.py:35] Removing op "24" (type: const)
[20200630 16:33:11 INFO /Volumes/data/work/1duo-coremltools/coremltools/converters/mil/mil/passes/dead_code_elimination.py:35] Removing op "12" (type: const)
[20200630 16:33:11 INFO /Volumes/data/work/1duo-coremltools/coremltools/converters/mil/mil/passes/dead_code_elimination.py:35] Removing op "22" (type: const)
[20200630 16:33:11 DEBUG /Volumes/data/work/1duo-coremltools/coremltools/converters/mil/mil/passes/common_pass.py:38] Program after common passes:
main(%input: (1, 1, 5, 5, fp32)) {
  block23() {
    %1: (1, 1, 1, 1, fp32)* = const(val=[[[[0.43656301498413086]]]], name="1")
    %2: (1,fp32)* = const(val=[0.8521780967712402], name="2")
    %21: (2,i32)* = const(val=[3, 3], name="21")
    %23: (2,i32)* = const(val=[1, 1], name="23")
    %16: (i32)* = const(val=1, name="16")
    %20_pad_type_4: (str)* = const(val="custom", name="20_pad_type_4")
    %20_pad_4: (4,i32)* = const(val=[1, 1, 1, 1], name="20_pad_4")
    %20: (1, 1, 3, 3, fp32) = conv(x=%input, weight=%1, bias=%2, strides=%21, pad_type=%20_pad_type_4, pad=%20_pad_4, dilations=%23, groups=%16, name="20")
  } -> (%20)
}

[20200630 16:33:11 INFO /Volumes/data/work/1duo-coremltools/coremltools/converters/mil/backend/nn/passes/nn_passes.py:22] Performing passes for nn_backend: "nn_backend::commingle_loop_vars"
[20200630 16:33:11 INFO /Volumes/data/work/1duo-coremltools/coremltools/converters/mil/backend/nn/passes/nn_passes.py:22] Performing passes for nn_backend: "nn_backend::handle_return_inputs_as_outputs"
[20200630 16:33:11 INFO /Volumes/data/work/1duo-coremltools/coremltools/converters/mil/backend/nn/passes/nn_passes.py:22] Performing passes for nn_backend: "common::const_elimination"
[20200630 16:33:11 INFO /Volumes/data/work/1duo-coremltools/coremltools/converters/mil/backend/nn/passes/nn_passes.py:22] Performing passes for nn_backend: "common::dead_code_elimination"
[20200630 16:33:11 INFO /Volumes/data/work/1duo-coremltools/coremltools/converters/mil/backend/nn/passes/nn_passes.py:22] Performing passes for nn_backend: "nn_backend::handle_unused_inputs"
[20200630 16:33:11 INFO /Volumes/data/work/1duo-coremltools/coremltools/converters/mil/backend/nn/passes/nn_passes.py:22] Performing passes for nn_backend: "nn_backend::alert_return_type_cast"
[20200630 16:33:11 DEBUG /Volumes/data/work/1duo-coremltools/coremltools/converters/mil/backend/nn/passes/nn_passes.py:26] Program after nn backend passes:
main(%input: (1, 1, 5, 5, fp32)) {
  block23() {
    %1: (1, 1, 1, 1, fp32)* = const(val=[[[[0.43656301498413086]]]], name="1")
    %2: (1,fp32)* = const(val=[0.8521780967712402], name="2")
    %21: (2,i32)* = const(val=[3, 3], name="21")
    %23: (2,i32)* = const(val=[1, 1], name="23")
    %16: (i32)* = const(val=1, name="16")
    %20_pad_type_4: (str)* = const(val="custom", name="20_pad_type_4")
    %20_pad_4: (4,i32)* = const(val=[1, 1, 1, 1], name="20_pad_4")
    %20: (1, 1, 3, 3, fp32) = conv(x=%input, weight=%1, bias=%2, strides=%21, pad_type=%20_pad_type_4, pad=%20_pad_4, dilations=%23, groups=%16, name="20")
  } -> (%20)
}

[20200630 16:33:12 INFO /Volumes/data/work/1duo-coremltools/coremltools/converters/mil/frontend/torch/converter.py:269] Converting graph.
[20200630 16:33:12 INFO /Volumes/data/work/1duo-coremltools/coremltools/converters/mil/mil/builder.py:181] Adding op '1' of type const
[20200630 16:33:12 INFO /Volumes/data/work/1duo-coremltools/coremltools/converters/mil/mil/builder.py:181] Adding op '2' of type const
[20200630 16:33:12 INFO /Volumes/data/work/1duo-coremltools/coremltools/converters/mil/frontend/torch/ops.py:49] Converting op 21 : constant
[20200630 16:33:12 INFO /Volumes/data/work/1duo-coremltools/coremltools/converters/mil/mil/builder.py:181] Adding op '21' of type const
[20200630 16:33:12 INFO /Volumes/data/work/1duo-coremltools/coremltools/converters/mil/frontend/torch/ops.py:49] Converting op 22 : constant
[20200630 16:33:12 INFO /Volumes/data/work/1duo-coremltools/coremltools/converters/mil/mil/builder.py:181] Adding op '22' of type const
[20200630 16:33:12 INFO /Volumes/data/work/1duo-coremltools/coremltools/converters/mil/frontend/torch/ops.py:49] Converting op 23 : constant
[20200630 16:33:12 INFO /Volumes/data/work/1duo-coremltools/coremltools/converters/mil/mil/builder.py:181] Adding op '23' of type const
[20200630 16:33:12 INFO /Volumes/data/work/1duo-coremltools/coremltools/converters/mil/frontend/torch/ops.py:49] Converting op 12 : constant
[20200630 16:33:12 INFO /Volumes/data/work/1duo-coremltools/coremltools/converters/mil/mil/builder.py:181] Adding op '12' of type const
[20200630 16:33:12 INFO /Volumes/data/work/1duo-coremltools/coremltools/converters/mil/frontend/torch/ops.py:49] Converting op 24 : constant
[20200630 16:33:12 INFO /Volumes/data/work/1duo-coremltools/coremltools/converters/mil/mil/builder.py:181] Adding op '24' of type const
[20200630 16:33:12 INFO /Volumes/data/work/1duo-coremltools/coremltools/converters/mil/frontend/torch/ops.py:49] Converting op 16 : constant
[20200630 16:33:12 INFO /Volumes/data/work/1duo-coremltools/coremltools/converters/mil/mil/builder.py:181] Adding op '16' of type const
[20200630 16:33:12 INFO /Volumes/data/work/1duo-coremltools/coremltools/converters/mil/frontend/torch/ops.py:49] Converting op 17 : constant
[20200630 16:33:12 INFO /Volumes/data/work/1duo-coremltools/coremltools/converters/mil/mil/builder.py:181] Adding op '17' of type const
[20200630 16:33:12 INFO /Volumes/data/work/1duo-coremltools/coremltools/converters/mil/frontend/torch/ops.py:49] Converting op 18 : constant
[20200630 16:33:12 INFO /Volumes/data/work/1duo-coremltools/coremltools/converters/mil/mil/builder.py:181] Adding op '18' of type const
[20200630 16:33:12 INFO /Volumes/data/work/1duo-coremltools/coremltools/converters/mil/frontend/torch/ops.py:49] Converting op 19 : constant
[20200630 16:33:12 INFO /Volumes/data/work/1duo-coremltools/coremltools/converters/mil/mil/builder.py:181] Adding op '19' of type const
[20200630 16:33:12 INFO /Volumes/data/work/1duo-coremltools/coremltools/converters/mil/frontend/torch/ops.py:49] Converting op 20 : _convolution
[20200630 16:33:12 INFO /Volumes/data/work/1duo-coremltools/coremltools/converters/mil/mil/builder.py:181] Adding op '20' of type conv
[20200630 16:33:12 DEBUG /Volumes/data/work/1duo-coremltools/coremltools/converters/mil/mil/builder.py:93] Adding const op '20_pad_type_5'
[20200630 16:33:12 INFO /Volumes/data/work/1duo-coremltools/coremltools/converters/mil/mil/builder.py:181] Adding op '20_pad_type_5' of type const
[20200630 16:33:12 DEBUG /Volumes/data/work/1duo-coremltools/coremltools/converters/mil/mil/builder.py:93] Adding const op '20_pad_5'
[20200630 16:33:12 INFO /Volumes/data/work/1duo-coremltools/coremltools/converters/mil/mil/builder.py:181] Adding op '20_pad_5' of type const
[20200630 16:33:12 DEBUG /Volumes/data/work/1duo-coremltools/coremltools/converters/mil/mil/passes/common_pass.py:30] Program before common passes:
main(%input: (1, 1, 5, 5, fp32)) {
  block24() {
    %1: (1, 1, 1, 1, fp32)* = const(val=[[[[0.874548077583313]]]], name="1")
    %2: (1,fp32)* = const(val=[0.1472606658935547], name="2")
    %21: (2,i32)* = const(val=[3, 3], name="21")
    %22: (2,i32)* = const(val=[1, 1], name="22")
    %23: (2,i32)* = const(val=[3, 3], name="23")
    %12: (bool)* = const(val=False, name="12")
    %24: (2,i32)* = const(val=[0, 0], name="24")
    %16: (i32)* = const(val=1, name="16")
    %17: (bool)* = const(val=False, name="17")
    %18: (bool)* = const(val=False, name="18")
    %19: (bool)* = const(val=True, name="19")
    %20_pad_type_5: (str)* = const(val="custom", name="20_pad_type_5")
    %20_pad_5: (4,i32)* = const(val=[1, 1, 1, 1], name="20_pad_5")
    %20: (1, 1, 3, 3, fp32) = conv(x=%input, weight=%1, bias=%2, strides=%21, pad_type=%20_pad_type_5, pad=%20_pad_5, dilations=%23, groups=%16, name="20")
  } -> (%20)
}

[20200630 16:33:12 INFO /Volumes/data/work/1duo-coremltools/coremltools/converters/mil/mil/passes/common_pass.py:34] Performing pass: "common::const_elimination"
[20200630 16:33:12 INFO /Volumes/data/work/1duo-coremltools/coremltools/converters/mil/mil/passes/common_pass.py:34] Performing pass: "common::divide_to_multiply"
[20200630 16:33:12 INFO /Volumes/data/work/1duo-coremltools/coremltools/converters/mil/mil/passes/common_pass.py:34] Performing pass: "common::fuse_matmul_weight_bias"
[20200630 16:33:12 INFO /Volumes/data/work/1duo-coremltools/coremltools/converters/mil/mil/passes/common_pass.py:34] Performing pass: "common::const_elimination"
[20200630 16:33:12 INFO /Volumes/data/work/1duo-coremltools/coremltools/converters/mil/mil/passes/common_pass.py:34] Performing pass: "common::loop_invariant_elimination"
[20200630 16:33:12 INFO /Volumes/data/work/1duo-coremltools/coremltools/converters/mil/mil/passes/common_pass.py:34] Performing pass: "common::remove_symbolic_reshape"
[20200630 16:33:12 INFO /Volumes/data/work/1duo-coremltools/coremltools/converters/mil/mil/passes/remove_symbolic_reshape.py:104] remove_symbolic_reshape: changed 0 reshapes.
[20200630 16:33:12 INFO /Volumes/data/work/1duo-coremltools/coremltools/converters/mil/mil/passes/common_pass.py:34] Performing pass: "common::fuse_gelu_tanh_approximation"
[20200630 16:33:12 INFO /Volumes/data/work/1duo-coremltools/coremltools/converters/mil/mil/passes/common_pass.py:34] Performing pass: "common::reduce_transposes"
[20200630 16:33:12 DEBUG /Volumes/data/work/1duo-coremltools/coremltools/converters/mil/mil/passes/reduce_transposes.py:989] Block before optimize transpose transform:
function(%input: (1, 1, 5, 5, fp32)) {
  block24() {
    %1: (1, 1, 1, 1, fp32)* = const(val=[[[[0.874548077583313]]]], name="1")
    %2: (1,fp32)* = const(val=[0.1472606658935547], name="2")
    %21: (2,i32)* = const(val=[3, 3], name="21")
    %22: (2,i32)* = const(val=[1, 1], name="22")
    %23: (2,i32)* = const(val=[3, 3], name="23")
    %12: (bool)* = const(val=False, name="12")
    %24: (2,i32)* = const(val=[0, 0], name="24")
    %16: (i32)* = const(val=1, name="16")
    %17: (bool)* = const(val=False, name="17")
    %18: (bool)* = const(val=False, name="18")
    %19: (bool)* = const(val=True, name="19")
    %20_pad_type_5: (str)* = const(val="custom", name="20_pad_type_5")
    %20_pad_5: (4,i32)* = const(val=[1, 1, 1, 1], name="20_pad_5")
    %20: (1, 1, 3, 3, fp32) = conv(x=%input, weight=%1, bias=%2, strides=%21, pad_type=%20_pad_type_5, pad=%20_pad_5, dilations=%23, groups=%16, name="20")
  } -> (%20)
}

[20200630 16:33:12 DEBUG /Volumes/data/work/1duo-coremltools/coremltools/converters/mil/mil/passes/reduce_transposes.py:1024] Block after optimize transpose transform:
function(%input: (1, 1, 5, 5, fp32)) {
  block24() {
    %1: (1, 1, 1, 1, fp32)* = const(val=[[[[0.874548077583313]]]], name="1")
    %2: (1,fp32)* = const(val=[0.1472606658935547], name="2")
    %21: (2,i32)* = const(val=[3, 3], name="21")
    %22: (2,i32)* = const(val=[1, 1], name="22")
    %23: (2,i32)* = const(val=[3, 3], name="23")
    %12: (bool)* = const(val=False, name="12")
    %24: (2,i32)* = const(val=[0, 0], name="24")
    %16: (i32)* = const(val=1, name="16")
    %17: (bool)* = const(val=False, name="17")
    %18: (bool)* = const(val=False, name="18")
    %19: (bool)* = const(val=True, name="19")
    %20_pad_type_5: (str)* = const(val="custom", name="20_pad_type_5")
    %20_pad_5: (4,i32)* = const(val=[1, 1, 1, 1], name="20_pad_5")
    %20: (1, 1, 3, 3, fp32) = conv(x=%input, weight=%1, bias=%2, strides=%21, pad_type=%20_pad_type_5, pad=%20_pad_5, dilations=%23, groups=%16, name="20")
  } -> (%20)
}

[20200630 16:33:12 INFO /Volumes/data/work/1duo-coremltools/coremltools/converters/mil/mil/passes/common_pass.py:34] Performing pass: "common::fuse_bias_conv"
[20200630 16:33:12 INFO /Volumes/data/work/1duo-coremltools/coremltools/converters/mil/mil/passes/common_pass.py:34] Performing pass: "common::fuse_elementwise_to_batchnorm"
[20200630 16:33:12 INFO /Volumes/data/work/1duo-coremltools/coremltools/converters/mil/mil/passes/common_pass.py:34] Performing pass: "common::fuse_onehot_matmul_to_gather"
[20200630 16:33:12 INFO /Volumes/data/work/1duo-coremltools/coremltools/converters/mil/mil/passes/common_pass.py:34] Performing pass: "common::fuse_layernorm_or_instancenorm"
[20200630 16:33:12 INFO /Volumes/data/work/1duo-coremltools/coremltools/converters/mil/mil/passes/common_pass.py:34] Performing pass: "common::dead_code_elimination"
[20200630 16:33:12 INFO /Volumes/data/work/1duo-coremltools/coremltools/converters/mil/mil/passes/dead_code_elimination.py:35] Removing op "19" (type: const)
[20200630 16:33:12 INFO /Volumes/data/work/1duo-coremltools/coremltools/converters/mil/mil/passes/dead_code_elimination.py:35] Removing op "18" (type: const)
[20200630 16:33:12 INFO /Volumes/data/work/1duo-coremltools/coremltools/converters/mil/mil/passes/dead_code_elimination.py:35] Removing op "17" (type: const)
[20200630 16:33:12 INFO /Volumes/data/work/1duo-coremltools/coremltools/converters/mil/mil/passes/dead_code_elimination.py:35] Removing op "24" (type: const)
[20200630 16:33:12 INFO /Volumes/data/work/1duo-coremltools/coremltools/converters/mil/mil/passes/dead_code_elimination.py:35] Removing op "12" (type: const)
[20200630 16:33:12 INFO /Volumes/data/work/1duo-coremltools/coremltools/converters/mil/mil/passes/dead_code_elimination.py:35] Removing op "22" (type: const)
[20200630 16:33:12 DEBUG /Volumes/data/work/1duo-coremltools/coremltools/converters/mil/mil/passes/common_pass.py:38] Program after common passes:
main(%input: (1, 1, 5, 5, fp32)) {
  block24() {
    %1: (1, 1, 1, 1, fp32)* = const(val=[[[[0.874548077583313]]]], name="1")
    %2: (1,fp32)* = const(val=[0.1472606658935547], name="2")
    %21: (2,i32)* = const(val=[3, 3], name="21")
    %23: (2,i32)* = const(val=[3, 3], name="23")
    %16: (i32)* = const(val=1, name="16")
    %20_pad_type_5: (str)* = const(val="custom", name="20_pad_type_5")
    %20_pad_5: (4,i32)* = const(val=[1, 1, 1, 1], name="20_pad_5")
    %20: (1, 1, 3, 3, fp32) = conv(x=%input, weight=%1, bias=%2, strides=%21, pad_type=%20_pad_type_5, pad=%20_pad_5, dilations=%23, groups=%16, name="20")
  } -> (%20)
}

[20200630 16:33:12 INFO /Volumes/data/work/1duo-coremltools/coremltools/converters/mil/backend/nn/passes/nn_passes.py:22] Performing passes for nn_backend: "nn_backend::commingle_loop_vars"
[20200630 16:33:12 INFO /Volumes/data/work/1duo-coremltools/coremltools/converters/mil/backend/nn/passes/nn_passes.py:22] Performing passes for nn_backend: "nn_backend::handle_return_inputs_as_outputs"
[20200630 16:33:12 INFO /Volumes/data/work/1duo-coremltools/coremltools/converters/mil/backend/nn/passes/nn_passes.py:22] Performing passes for nn_backend: "common::const_elimination"
[20200630 16:33:12 INFO /Volumes/data/work/1duo-coremltools/coremltools/converters/mil/backend/nn/passes/nn_passes.py:22] Performing passes for nn_backend: "common::dead_code_elimination"
[20200630 16:33:12 INFO /Volumes/data/work/1duo-coremltools/coremltools/converters/mil/backend/nn/passes/nn_passes.py:22] Performing passes for nn_backend: "nn_backend::handle_unused_inputs"
[20200630 16:33:12 INFO /Volumes/data/work/1duo-coremltools/coremltools/converters/mil/backend/nn/passes/nn_passes.py:22] Performing passes for nn_backend: "nn_backend::alert_return_type_cast"
[20200630 16:33:12 DEBUG /Volumes/data/work/1duo-coremltools/coremltools/converters/mil/backend/nn/passes/nn_passes.py:26] Program after nn backend passes:
main(%input: (1, 1, 5, 5, fp32)) {
  block24() {
    %1: (1, 1, 1, 1, fp32)* = const(val=[[[[0.874548077583313]]]], name="1")
    %2: (1,fp32)* = const(val=[0.1472606658935547], name="2")
    %21: (2,i32)* = const(val=[3, 3], name="21")
    %23: (2,i32)* = const(val=[3, 3], name="23")
    %16: (i32)* = const(val=1, name="16")
    %20_pad_type_5: (str)* = const(val="custom", name="20_pad_type_5")
    %20_pad_5: (4,i32)* = const(val=[1, 1, 1, 1], name="20_pad_5")
    %20: (1, 1, 3, 3, fp32) = conv(x=%input, weight=%1, bias=%2, strides=%21, pad_type=%20_pad_type_5, pad=%20_pad_5, dilations=%23, groups=%16, name="20")
  } -> (%20)
}

[20200630 16:33:12 INFO /Volumes/data/work/1duo-coremltools/coremltools/converters/mil/frontend/torch/converter.py:269] Converting graph.
[20200630 16:33:12 INFO /Volumes/data/work/1duo-coremltools/coremltools/converters/mil/mil/builder.py:181] Adding op '1' of type const
[20200630 16:33:12 INFO /Volumes/data/work/1duo-coremltools/coremltools/converters/mil/mil/builder.py:181] Adding op '2' of type const
[20200630 16:33:12 INFO /Volumes/data/work/1duo-coremltools/coremltools/converters/mil/frontend/torch/ops.py:49] Converting op 21 : constant
[20200630 16:33:12 INFO /Volumes/data/work/1duo-coremltools/coremltools/converters/mil/mil/builder.py:181] Adding op '21' of type const
[20200630 16:33:12 INFO /Volumes/data/work/1duo-coremltools/coremltools/converters/mil/frontend/torch/ops.py:49] Converting op 22 : constant
[20200630 16:33:12 INFO /Volumes/data/work/1duo-coremltools/coremltools/converters/mil/mil/builder.py:181] Adding op '22' of type const
[20200630 16:33:12 INFO /Volumes/data/work/1duo-coremltools/coremltools/converters/mil/frontend/torch/ops.py:49] Converting op 23 : constant
[20200630 16:33:12 INFO /Volumes/data/work/1duo-coremltools/coremltools/converters/mil/mil/builder.py:181] Adding op '23' of type const
[20200630 16:33:12 INFO /Volumes/data/work/1duo-coremltools/coremltools/converters/mil/frontend/torch/ops.py:49] Converting op 12 : constant
[20200630 16:33:12 INFO /Volumes/data/work/1duo-coremltools/coremltools/converters/mil/mil/builder.py:181] Adding op '12' of type const
[20200630 16:33:12 INFO /Volumes/data/work/1duo-coremltools/coremltools/converters/mil/frontend/torch/ops.py:49] Converting op 24 : constant
[20200630 16:33:12 INFO /Volumes/data/work/1duo-coremltools/coremltools/converters/mil/mil/builder.py:181] Adding op '24' of type const
[20200630 16:33:12 INFO /Volumes/data/work/1duo-coremltools/coremltools/converters/mil/frontend/torch/ops.py:49] Converting op 16 : constant
[20200630 16:33:12 INFO /Volumes/data/work/1duo-coremltools/coremltools/converters/mil/mil/builder.py:181] Adding op '16' of type const
[20200630 16:33:12 INFO /Volumes/data/work/1duo-coremltools/coremltools/converters/mil/frontend/torch/ops.py:49] Converting op 17 : constant
[20200630 16:33:12 INFO /Volumes/data/work/1duo-coremltools/coremltools/converters/mil/mil/builder.py:181] Adding op '17' of type const
[20200630 16:33:12 INFO /Volumes/data/work/1duo-coremltools/coremltools/converters/mil/frontend/torch/ops.py:49] Converting op 18 : constant
[20200630 16:33:12 INFO /Volumes/data/work/1duo-coremltools/coremltools/converters/mil/mil/builder.py:181] Adding op '18' of type const
[20200630 16:33:12 INFO /Volumes/data/work/1duo-coremltools/coremltools/converters/mil/frontend/torch/ops.py:49] Converting op 19 : constant
[20200630 16:33:12 INFO /Volumes/data/work/1duo-coremltools/coremltools/converters/mil/mil/builder.py:181] Adding op '19' of type const
[20200630 16:33:12 INFO /Volumes/data/work/1duo-coremltools/coremltools/converters/mil/frontend/torch/ops.py:49] Converting op 20 : _convolution
[20200630 16:33:12 INFO /Volumes/data/work/1duo-coremltools/coremltools/converters/mil/mil/builder.py:181] Adding op '20' of type conv
[20200630 16:33:12 DEBUG /Volumes/data/work/1duo-coremltools/coremltools/converters/mil/mil/builder.py:93] Adding const op '20_pad_type_6'
[20200630 16:33:12 INFO /Volumes/data/work/1duo-coremltools/coremltools/converters/mil/mil/builder.py:181] Adding op '20_pad_type_6' of type const
[20200630 16:33:12 DEBUG /Volumes/data/work/1duo-coremltools/coremltools/converters/mil/mil/builder.py:93] Adding const op '20_pad_6'
[20200630 16:33:12 INFO /Volumes/data/work/1duo-coremltools/coremltools/converters/mil/mil/builder.py:181] Adding op '20_pad_6' of type const
[20200630 16:33:12 DEBUG /Volumes/data/work/1duo-coremltools/coremltools/converters/mil/mil/passes/common_pass.py:30] Program before common passes:
main(%input: (1, 1, 5, 5, fp32)) {
  block25() {
    %1: (1, 1, 1, 1, fp32)* = const(val=[[[[-0.7666884660720825]]]], name="1")
    %2: (1,fp32)* = const(val=[-0.6459920406341553], name="2")
    %21: (2,i32)* = const(val=[3, 3], name="21")
    %22: (2,i32)* = const(val=[3, 3], name="22")
    %23: (2,i32)* = const(val=[1, 1], name="23")
    %12: (bool)* = const(val=False, name="12")
    %24: (2,i32)* = const(val=[0, 0], name="24")
    %16: (i32)* = const(val=1, name="16")
    %17: (bool)* = const(val=False, name="17")
    %18: (bool)* = const(val=False, name="18")
    %19: (bool)* = const(val=True, name="19")
    %20_pad_type_6: (str)* = const(val="custom", name="20_pad_type_6")
    %20_pad_6: (4,i32)* = const(val=[3, 3, 3, 3], name="20_pad_6")
    %20: (1, 1, 4, 4, fp32) = conv(x=%input, weight=%1, bias=%2, strides=%21, pad_type=%20_pad_type_6, pad=%20_pad_6, dilations=%23, groups=%16, name="20")
  } -> (%20)
}

[20200630 16:33:12 INFO /Volumes/data/work/1duo-coremltools/coremltools/converters/mil/mil/passes/common_pass.py:34] Performing pass: "common::const_elimination"
[20200630 16:33:12 INFO /Volumes/data/work/1duo-coremltools/coremltools/converters/mil/mil/passes/common_pass.py:34] Performing pass: "common::divide_to_multiply"
[20200630 16:33:12 INFO /Volumes/data/work/1duo-coremltools/coremltools/converters/mil/mil/passes/common_pass.py:34] Performing pass: "common::fuse_matmul_weight_bias"
[20200630 16:33:12 INFO /Volumes/data/work/1duo-coremltools/coremltools/converters/mil/mil/passes/common_pass.py:34] Performing pass: "common::const_elimination"
[20200630 16:33:12 INFO /Volumes/data/work/1duo-coremltools/coremltools/converters/mil/mil/passes/common_pass.py:34] Performing pass: "common::loop_invariant_elimination"
[20200630 16:33:12 INFO /Volumes/data/work/1duo-coremltools/coremltools/converters/mil/mil/passes/common_pass.py:34] Performing pass: "common::remove_symbolic_reshape"
[20200630 16:33:12 INFO /Volumes/data/work/1duo-coremltools/coremltools/converters/mil/mil/passes/remove_symbolic_reshape.py:104] remove_symbolic_reshape: changed 0 reshapes.
[20200630 16:33:12 INFO /Volumes/data/work/1duo-coremltools/coremltools/converters/mil/mil/passes/common_pass.py:34] Performing pass: "common::fuse_gelu_tanh_approximation"
[20200630 16:33:12 INFO /Volumes/data/work/1duo-coremltools/coremltools/converters/mil/mil/passes/common_pass.py:34] Performing pass: "common::reduce_transposes"
[20200630 16:33:12 DEBUG /Volumes/data/work/1duo-coremltools/coremltools/converters/mil/mil/passes/reduce_transposes.py:989] Block before optimize transpose transform:
function(%input: (1, 1, 5, 5, fp32)) {
  block25() {
    %1: (1, 1, 1, 1, fp32)* = const(val=[[[[-0.7666884660720825]]]], name="1")
    %2: (1,fp32)* = const(val=[-0.6459920406341553], name="2")
    %21: (2,i32)* = const(val=[3, 3], name="21")
    %22: (2,i32)* = const(val=[3, 3], name="22")
    %23: (2,i32)* = const(val=[1, 1], name="23")
    %12: (bool)* = const(val=False, name="12")
    %24: (2,i32)* = const(val=[0, 0], name="24")
    %16: (i32)* = const(val=1, name="16")
    %17: (bool)* = const(val=False, name="17")
    %18: (bool)* = const(val=False, name="18")
    %19: (bool)* = const(val=True, name="19")
    %20_pad_type_6: (str)* = const(val="custom", name="20_pad_type_6")
    %20_pad_6: (4,i32)* = const(val=[3, 3, 3, 3], name="20_pad_6")
    %20: (1, 1, 4, 4, fp32) = conv(x=%input, weight=%1, bias=%2, strides=%21, pad_type=%20_pad_type_6, pad=%20_pad_6, dilations=%23, groups=%16, name="20")
  } -> (%20)
}

[20200630 16:33:12 DEBUG /Volumes/data/work/1duo-coremltools/coremltools/converters/mil/mil/passes/reduce_transposes.py:1024] Block after optimize transpose transform:
function(%input: (1, 1, 5, 5, fp32)) {
  block25() {
    %1: (1, 1, 1, 1, fp32)* = const(val=[[[[-0.7666884660720825]]]], name="1")
    %2: (1,fp32)* = const(val=[-0.6459920406341553], name="2")
    %21: (2,i32)* = const(val=[3, 3], name="21")
    %22: (2,i32)* = const(val=[3, 3], name="22")
    %23: (2,i32)* = const(val=[1, 1], name="23")
    %12: (bool)* = const(val=False, name="12")
    %24: (2,i32)* = const(val=[0, 0], name="24")
    %16: (i32)* = const(val=1, name="16")
    %17: (bool)* = const(val=False, name="17")
    %18: (bool)* = const(val=False, name="18")
    %19: (bool)* = const(val=True, name="19")
    %20_pad_type_6: (str)* = const(val="custom", name="20_pad_type_6")
    %20_pad_6: (4,i32)* = const(val=[3, 3, 3, 3], name="20_pad_6")
    %20: (1, 1, 4, 4, fp32) = conv(x=%input, weight=%1, bias=%2, strides=%21, pad_type=%20_pad_type_6, pad=%20_pad_6, dilations=%23, groups=%16, name="20")
  } -> (%20)
}

[20200630 16:33:12 INFO /Volumes/data/work/1duo-coremltools/coremltools/converters/mil/mil/passes/common_pass.py:34] Performing pass: "common::fuse_bias_conv"
[20200630 16:33:12 INFO /Volumes/data/work/1duo-coremltools/coremltools/converters/mil/mil/passes/common_pass.py:34] Performing pass: "common::fuse_elementwise_to_batchnorm"
[20200630 16:33:12 INFO /Volumes/data/work/1duo-coremltools/coremltools/converters/mil/mil/passes/common_pass.py:34] Performing pass: "common::fuse_onehot_matmul_to_gather"
[20200630 16:33:12 INFO /Volumes/data/work/1duo-coremltools/coremltools/converters/mil/mil/passes/common_pass.py:34] Performing pass: "common::fuse_layernorm_or_instancenorm"
[20200630 16:33:12 INFO /Volumes/data/work/1duo-coremltools/coremltools/converters/mil/mil/passes/common_pass.py:34] Performing pass: "common::dead_code_elimination"
[20200630 16:33:12 INFO /Volumes/data/work/1duo-coremltools/coremltools/converters/mil/mil/passes/dead_code_elimination.py:35] Removing op "19" (type: const)
[20200630 16:33:12 INFO /Volumes/data/work/1duo-coremltools/coremltools/converters/mil/mil/passes/dead_code_elimination.py:35] Removing op "18" (type: const)
[20200630 16:33:12 INFO /Volumes/data/work/1duo-coremltools/coremltools/converters/mil/mil/passes/dead_code_elimination.py:35] Removing op "17" (type: const)
[20200630 16:33:12 INFO /Volumes/data/work/1duo-coremltools/coremltools/converters/mil/mil/passes/dead_code_elimination.py:35] Removing op "24" (type: const)
[20200630 16:33:12 INFO /Volumes/data/work/1duo-coremltools/coremltools/converters/mil/mil/passes/dead_code_elimination.py:35] Removing op "12" (type: const)
[20200630 16:33:12 INFO /Volumes/data/work/1duo-coremltools/coremltools/converters/mil/mil/passes/dead_code_elimination.py:35] Removing op "22" (type: const)
[20200630 16:33:12 DEBUG /Volumes/data/work/1duo-coremltools/coremltools/converters/mil/mil/passes/common_pass.py:38] Program after common passes:
main(%input: (1, 1, 5, 5, fp32)) {
  block25() {
    %1: (1, 1, 1, 1, fp32)* = const(val=[[[[-0.7666884660720825]]]], name="1")
    %2: (1,fp32)* = const(val=[-0.6459920406341553], name="2")
    %21: (2,i32)* = const(val=[3, 3], name="21")
    %23: (2,i32)* = const(val=[1, 1], name="23")
    %16: (i32)* = const(val=1, name="16")
    %20_pad_type_6: (str)* = const(val="custom", name="20_pad_type_6")
    %20_pad_6: (4,i32)* = const(val=[3, 3, 3, 3], name="20_pad_6")
    %20: (1, 1, 4, 4, fp32) = conv(x=%input, weight=%1, bias=%2, strides=%21, pad_type=%20_pad_type_6, pad=%20_pad_6, dilations=%23, groups=%16, name="20")
  } -> (%20)
}

[20200630 16:33:12 INFO /Volumes/data/work/1duo-coremltools/coremltools/converters/mil/backend/nn/passes/nn_passes.py:22] Performing passes for nn_backend: "nn_backend::commingle_loop_vars"
[20200630 16:33:12 INFO /Volumes/data/work/1duo-coremltools/coremltools/converters/mil/backend/nn/passes/nn_passes.py:22] Performing passes for nn_backend: "nn_backend::handle_return_inputs_as_outputs"
[20200630 16:33:12 INFO /Volumes/data/work/1duo-coremltools/coremltools/converters/mil/backend/nn/passes/nn_passes.py:22] Performing passes for nn_backend: "common::const_elimination"
[20200630 16:33:12 INFO /Volumes/data/work/1duo-coremltools/coremltools/converters/mil/backend/nn/passes/nn_passes.py:22] Performing passes for nn_backend: "common::dead_code_elimination"
[20200630 16:33:12 INFO /Volumes/data/work/1duo-coremltools/coremltools/converters/mil/backend/nn/passes/nn_passes.py:22] Performing passes for nn_backend: "nn_backend::handle_unused_inputs"
[20200630 16:33:12 INFO /Volumes/data/work/1duo-coremltools/coremltools/converters/mil/backend/nn/passes/nn_passes.py:22] Performing passes for nn_backend: "nn_backend::alert_return_type_cast"
[20200630 16:33:12 DEBUG /Volumes/data/work/1duo-coremltools/coremltools/converters/mil/backend/nn/passes/nn_passes.py:26] Program after nn backend passes:
main(%input: (1, 1, 5, 5, fp32)) {
  block25() {
    %1: (1, 1, 1, 1, fp32)* = const(val=[[[[-0.7666884660720825]]]], name="1")
    %2: (1,fp32)* = const(val=[-0.6459920406341553], name="2")
    %21: (2,i32)* = const(val=[3, 3], name="21")
    %23: (2,i32)* = const(val=[1, 1], name="23")
    %16: (i32)* = const(val=1, name="16")
    %20_pad_type_6: (str)* = const(val="custom", name="20_pad_type_6")
    %20_pad_6: (4,i32)* = const(val=[3, 3, 3, 3], name="20_pad_6")
    %20: (1, 1, 4, 4, fp32) = conv(x=%input, weight=%1, bias=%2, strides=%21, pad_type=%20_pad_type_6, pad=%20_pad_6, dilations=%23, groups=%16, name="20")
  } -> (%20)
}

[20200630 16:33:12 INFO /Volumes/data/work/1duo-coremltools/coremltools/converters/mil/frontend/torch/converter.py:269] Converting graph.
[20200630 16:33:12 INFO /Volumes/data/work/1duo-coremltools/coremltools/converters/mil/mil/builder.py:181] Adding op '1' of type const
[20200630 16:33:12 INFO /Volumes/data/work/1duo-coremltools/coremltools/converters/mil/mil/builder.py:181] Adding op '2' of type const
[20200630 16:33:12 INFO /Volumes/data/work/1duo-coremltools/coremltools/converters/mil/frontend/torch/ops.py:49] Converting op 21 : constant
[20200630 16:33:12 INFO /Volumes/data/work/1duo-coremltools/coremltools/converters/mil/mil/builder.py:181] Adding op '21' of type const
[20200630 16:33:12 INFO /Volumes/data/work/1duo-coremltools/coremltools/converters/mil/frontend/torch/ops.py:49] Converting op 22 : constant
[20200630 16:33:12 INFO /Volumes/data/work/1duo-coremltools/coremltools/converters/mil/mil/builder.py:181] Adding op '22' of type const
[20200630 16:33:12 INFO /Volumes/data/work/1duo-coremltools/coremltools/converters/mil/frontend/torch/ops.py:49] Converting op 23 : constant
[20200630 16:33:12 INFO /Volumes/data/work/1duo-coremltools/coremltools/converters/mil/mil/builder.py:181] Adding op '23' of type const
[20200630 16:33:12 INFO /Volumes/data/work/1duo-coremltools/coremltools/converters/mil/frontend/torch/ops.py:49] Converting op 12 : constant
[20200630 16:33:12 INFO /Volumes/data/work/1duo-coremltools/coremltools/converters/mil/mil/builder.py:181] Adding op '12' of type const
[20200630 16:33:12 INFO /Volumes/data/work/1duo-coremltools/coremltools/converters/mil/frontend/torch/ops.py:49] Converting op 24 : constant
[20200630 16:33:12 INFO /Volumes/data/work/1duo-coremltools/coremltools/converters/mil/mil/builder.py:181] Adding op '24' of type const
[20200630 16:33:12 INFO /Volumes/data/work/1duo-coremltools/coremltools/converters/mil/frontend/torch/ops.py:49] Converting op 16 : constant
[20200630 16:33:12 INFO /Volumes/data/work/1duo-coremltools/coremltools/converters/mil/mil/builder.py:181] Adding op '16' of type const
[20200630 16:33:12 INFO /Volumes/data/work/1duo-coremltools/coremltools/converters/mil/frontend/torch/ops.py:49] Converting op 17 : constant
[20200630 16:33:12 INFO /Volumes/data/work/1duo-coremltools/coremltools/converters/mil/mil/builder.py:181] Adding op '17' of type const
[20200630 16:33:12 INFO /Volumes/data/work/1duo-coremltools/coremltools/converters/mil/frontend/torch/ops.py:49] Converting op 18 : constant
[20200630 16:33:12 INFO /Volumes/data/work/1duo-coremltools/coremltools/converters/mil/mil/builder.py:181] Adding op '18' of type const
[20200630 16:33:12 INFO /Volumes/data/work/1duo-coremltools/coremltools/converters/mil/frontend/torch/ops.py:49] Converting op 19 : constant
[20200630 16:33:12 INFO /Volumes/data/work/1duo-coremltools/coremltools/converters/mil/mil/builder.py:181] Adding op '19' of type const
[20200630 16:33:12 INFO /Volumes/data/work/1duo-coremltools/coremltools/converters/mil/frontend/torch/ops.py:49] Converting op 20 : _convolution
[20200630 16:33:12 INFO /Volumes/data/work/1duo-coremltools/coremltools/converters/mil/mil/builder.py:181] Adding op '20' of type conv
[20200630 16:33:12 DEBUG /Volumes/data/work/1duo-coremltools/coremltools/converters/mil/mil/builder.py:93] Adding const op '20_pad_type_7'
[20200630 16:33:12 INFO /Volumes/data/work/1duo-coremltools/coremltools/converters/mil/mil/builder.py:181] Adding op '20_pad_type_7' of type const
[20200630 16:33:12 DEBUG /Volumes/data/work/1duo-coremltools/coremltools/converters/mil/mil/builder.py:93] Adding const op '20_pad_7'
[20200630 16:33:12 INFO /Volumes/data/work/1duo-coremltools/coremltools/converters/mil/mil/builder.py:181] Adding op '20_pad_7' of type const
[20200630 16:33:12 DEBUG /Volumes/data/work/1duo-coremltools/coremltools/converters/mil/mil/passes/common_pass.py:30] Program before common passes:
main(%input: (1, 1, 5, 5, fp32)) {
  block26() {
    %1: (1, 1, 1, 1, fp32)* = const(val=[[[[0.09326505661010742]]]], name="1")
    %2: (1,fp32)* = const(val=[-0.40712833404541016], name="2")
    %21: (2,i32)* = const(val=[3, 3], name="21")
    %22: (2,i32)* = const(val=[3, 3], name="22")
    %23: (2,i32)* = const(val=[3, 3], name="23")
    %12: (bool)* = const(val=False, name="12")
    %24: (2,i32)* = const(val=[0, 0], name="24")
    %16: (i32)* = const(val=1, name="16")
    %17: (bool)* = const(val=False, name="17")
    %18: (bool)* = const(val=False, name="18")
    %19: (bool)* = const(val=True, name="19")
    %20_pad_type_7: (str)* = const(val="custom", name="20_pad_type_7")
    %20_pad_7: (4,i32)* = const(val=[3, 3, 3, 3], name="20_pad_7")
    %20: (1, 1, 4, 4, fp32) = conv(x=%input, weight=%1, bias=%2, strides=%21, pad_type=%20_pad_type_7, pad=%20_pad_7, dilations=%23, groups=%16, name="20")
  } -> (%20)
}

[20200630 16:33:12 INFO /Volumes/data/work/1duo-coremltools/coremltools/converters/mil/mil/passes/common_pass.py:34] Performing pass: "common::const_elimination"
[20200630 16:33:12 INFO /Volumes/data/work/1duo-coremltools/coremltools/converters/mil/mil/passes/common_pass.py:34] Performing pass: "common::divide_to_multiply"
[20200630 16:33:12 INFO /Volumes/data/work/1duo-coremltools/coremltools/converters/mil/mil/passes/common_pass.py:34] Performing pass: "common::fuse_matmul_weight_bias"
[20200630 16:33:12 INFO /Volumes/data/work/1duo-coremltools/coremltools/converters/mil/mil/passes/common_pass.py:34] Performing pass: "common::const_elimination"
[20200630 16:33:12 INFO /Volumes/data/work/1duo-coremltools/coremltools/converters/mil/mil/passes/common_pass.py:34] Performing pass: "common::loop_invariant_elimination"
[20200630 16:33:12 INFO /Volumes/data/work/1duo-coremltools/coremltools/converters/mil/mil/passes/common_pass.py:34] Performing pass: "common::remove_symbolic_reshape"
[20200630 16:33:12 INFO /Volumes/data/work/1duo-coremltools/coremltools/converters/mil/mil/passes/remove_symbolic_reshape.py:104] remove_symbolic_reshape: changed 0 reshapes.
[20200630 16:33:12 INFO /Volumes/data/work/1duo-coremltools/coremltools/converters/mil/mil/passes/common_pass.py:34] Performing pass: "common::fuse_gelu_tanh_approximation"
[20200630 16:33:12 INFO /Volumes/data/work/1duo-coremltools/coremltools/converters/mil/mil/passes/common_pass.py:34] Performing pass: "common::reduce_transposes"
[20200630 16:33:12 DEBUG /Volumes/data/work/1duo-coremltools/coremltools/converters/mil/mil/passes/reduce_transposes.py:989] Block before optimize transpose transform:
function(%input: (1, 1, 5, 5, fp32)) {
  block26() {
    %1: (1, 1, 1, 1, fp32)* = const(val=[[[[0.09326505661010742]]]], name="1")
    %2: (1,fp32)* = const(val=[-0.40712833404541016], name="2")
    %21: (2,i32)* = const(val=[3, 3], name="21")
    %22: (2,i32)* = const(val=[3, 3], name="22")
    %23: (2,i32)* = const(val=[3, 3], name="23")
    %12: (bool)* = const(val=False, name="12")
    %24: (2,i32)* = const(val=[0, 0], name="24")
    %16: (i32)* = const(val=1, name="16")
    %17: (bool)* = const(val=False, name="17")
    %18: (bool)* = const(val=False, name="18")
    %19: (bool)* = const(val=True, name="19")
    %20_pad_type_7: (str)* = const(val="custom", name="20_pad_type_7")
    %20_pad_7: (4,i32)* = const(val=[3, 3, 3, 3], name="20_pad_7")
    %20: (1, 1, 4, 4, fp32) = conv(x=%input, weight=%1, bias=%2, strides=%21, pad_type=%20_pad_type_7, pad=%20_pad_7, dilations=%23, groups=%16, name="20")
  } -> (%20)
}

[20200630 16:33:12 DEBUG /Volumes/data/work/1duo-coremltools/coremltools/converters/mil/mil/passes/reduce_transposes.py:1024] Block after optimize transpose transform:
function(%input: (1, 1, 5, 5, fp32)) {
  block26() {
    %1: (1, 1, 1, 1, fp32)* = const(val=[[[[0.09326505661010742]]]], name="1")
    %2: (1,fp32)* = const(val=[-0.40712833404541016], name="2")
    %21: (2,i32)* = const(val=[3, 3], name="21")
    %22: (2,i32)* = const(val=[3, 3], name="22")
    %23: (2,i32)* = const(val=[3, 3], name="23")
    %12: (bool)* = const(val=False, name="12")
    %24: (2,i32)* = const(val=[0, 0], name="24")
    %16: (i32)* = const(val=1, name="16")
    %17: (bool)* = const(val=False, name="17")
    %18: (bool)* = const(val=False, name="18")
    %19: (bool)* = const(val=True, name="19")
    %20_pad_type_7: (str)* = const(val="custom", name="20_pad_type_7")
    %20_pad_7: (4,i32)* = const(val=[3, 3, 3, 3], name="20_pad_7")
    %20: (1, 1, 4, 4, fp32) = conv(x=%input, weight=%1, bias=%2, strides=%21, pad_type=%20_pad_type_7, pad=%20_pad_7, dilations=%23, groups=%16, name="20")
  } -> (%20)
}

[20200630 16:33:12 INFO /Volumes/data/work/1duo-coremltools/coremltools/converters/mil/mil/passes/common_pass.py:34] Performing pass: "common::fuse_bias_conv"
[20200630 16:33:12 INFO /Volumes/data/work/1duo-coremltools/coremltools/converters/mil/mil/passes/common_pass.py:34] Performing pass: "common::fuse_elementwise_to_batchnorm"
[20200630 16:33:12 INFO /Volumes/data/work/1duo-coremltools/coremltools/converters/mil/mil/passes/common_pass.py:34] Performing pass: "common::fuse_onehot_matmul_to_gather"
[20200630 16:33:12 INFO /Volumes/data/work/1duo-coremltools/coremltools/converters/mil/mil/passes/common_pass.py:34] Performing pass: "common::fuse_layernorm_or_instancenorm"
[20200630 16:33:12 INFO /Volumes/data/work/1duo-coremltools/coremltools/converters/mil/mil/passes/common_pass.py:34] Performing pass: "common::dead_code_elimination"
[20200630 16:33:12 INFO /Volumes/data/work/1duo-coremltools/coremltools/converters/mil/mil/passes/dead_code_elimination.py:35] Removing op "19" (type: const)
[20200630 16:33:12 INFO /Volumes/data/work/1duo-coremltools/coremltools/converters/mil/mil/passes/dead_code_elimination.py:35] Removing op "18" (type: const)
[20200630 16:33:12 INFO /Volumes/data/work/1duo-coremltools/coremltools/converters/mil/mil/passes/dead_code_elimination.py:35] Removing op "17" (type: const)
[20200630 16:33:12 INFO /Volumes/data/work/1duo-coremltools/coremltools/converters/mil/mil/passes/dead_code_elimination.py:35] Removing op "24" (type: const)
[20200630 16:33:12 INFO /Volumes/data/work/1duo-coremltools/coremltools/converters/mil/mil/passes/dead_code_elimination.py:35] Removing op "12" (type: const)
[20200630 16:33:12 INFO /Volumes/data/work/1duo-coremltools/coremltools/converters/mil/mil/passes/dead_code_elimination.py:35] Removing op "22" (type: const)
[20200630 16:33:12 DEBUG /Volumes/data/work/1duo-coremltools/coremltools/converters/mil/mil/passes/common_pass.py:38] Program after common passes:
main(%input: (1, 1, 5, 5, fp32)) {
  block26() {
    %1: (1, 1, 1, 1, fp32)* = const(val=[[[[0.09326505661010742]]]], name="1")
    %2: (1,fp32)* = const(val=[-0.40712833404541016], name="2")
    %21: (2,i32)* = const(val=[3, 3], name="21")
    %23: (2,i32)* = const(val=[3, 3], name="23")
    %16: (i32)* = const(val=1, name="16")
    %20_pad_type_7: (str)* = const(val="custom", name="20_pad_type_7")
    %20_pad_7: (4,i32)* = const(val=[3, 3, 3, 3], name="20_pad_7")
    %20: (1, 1, 4, 4, fp32) = conv(x=%input, weight=%1, bias=%2, strides=%21, pad_type=%20_pad_type_7, pad=%20_pad_7, dilations=%23, groups=%16, name="20")
  } -> (%20)
}

[20200630 16:33:12 INFO /Volumes/data/work/1duo-coremltools/coremltools/converters/mil/backend/nn/passes/nn_passes.py:22] Performing passes for nn_backend: "nn_backend::commingle_loop_vars"
[20200630 16:33:12 INFO /Volumes/data/work/1duo-coremltools/coremltools/converters/mil/backend/nn/passes/nn_passes.py:22] Performing passes for nn_backend: "nn_backend::handle_return_inputs_as_outputs"
[20200630 16:33:12 INFO /Volumes/data/work/1duo-coremltools/coremltools/converters/mil/backend/nn/passes/nn_passes.py:22] Performing passes for nn_backend: "common::const_elimination"
[20200630 16:33:12 INFO /Volumes/data/work/1duo-coremltools/coremltools/converters/mil/backend/nn/passes/nn_passes.py:22] Performing passes for nn_backend: "common::dead_code_elimination"
[20200630 16:33:12 INFO /Volumes/data/work/1duo-coremltools/coremltools/converters/mil/backend/nn/passes/nn_passes.py:22] Performing passes for nn_backend: "nn_backend::handle_unused_inputs"
[20200630 16:33:12 INFO /Volumes/data/work/1duo-coremltools/coremltools/converters/mil/backend/nn/passes/nn_passes.py:22] Performing passes for nn_backend: "nn_backend::alert_return_type_cast"
[20200630 16:33:12 DEBUG /Volumes/data/work/1duo-coremltools/coremltools/converters/mil/backend/nn/passes/nn_passes.py:26] Program after nn backend passes:
main(%input: (1, 1, 5, 5, fp32)) {
  block26() {
    %1: (1, 1, 1, 1, fp32)* = const(val=[[[[0.09326505661010742]]]], name="1")
    %2: (1,fp32)* = const(val=[-0.40712833404541016], name="2")
    %21: (2,i32)* = const(val=[3, 3], name="21")
    %23: (2,i32)* = const(val=[3, 3], name="23")
    %16: (i32)* = const(val=1, name="16")
    %20_pad_type_7: (str)* = const(val="custom", name="20_pad_type_7")
    %20_pad_7: (4,i32)* = const(val=[3, 3, 3, 3], name="20_pad_7")
    %20: (1, 1, 4, 4, fp32) = conv(x=%input, weight=%1, bias=%2, strides=%21, pad_type=%20_pad_type_7, pad=%20_pad_7, dilations=%23, groups=%16, name="20")
  } -> (%20)
}

[20200630 16:33:12 INFO /Volumes/data/work/1duo-coremltools/coremltools/converters/mil/frontend/torch/converter.py:269] Converting graph.
[20200630 16:33:12 INFO /Volumes/data/work/1duo-coremltools/coremltools/converters/mil/mil/builder.py:181] Adding op '1' of type const
[20200630 16:33:12 INFO /Volumes/data/work/1duo-coremltools/coremltools/converters/mil/mil/builder.py:181] Adding op '2' of type const
[20200630 16:33:12 INFO /Volumes/data/work/1duo-coremltools/coremltools/converters/mil/frontend/torch/ops.py:49] Converting op 21 : constant
[20200630 16:33:12 INFO /Volumes/data/work/1duo-coremltools/coremltools/converters/mil/mil/builder.py:181] Adding op '21' of type const
[20200630 16:33:12 INFO /Volumes/data/work/1duo-coremltools/coremltools/converters/mil/frontend/torch/ops.py:49] Converting op 22 : constant
[20200630 16:33:12 INFO /Volumes/data/work/1duo-coremltools/coremltools/converters/mil/mil/builder.py:181] Adding op '22' of type const
[20200630 16:33:12 INFO /Volumes/data/work/1duo-coremltools/coremltools/converters/mil/frontend/torch/ops.py:49] Converting op 23 : constant
[20200630 16:33:12 INFO /Volumes/data/work/1duo-coremltools/coremltools/converters/mil/mil/builder.py:181] Adding op '23' of type const
[20200630 16:33:12 INFO /Volumes/data/work/1duo-coremltools/coremltools/converters/mil/frontend/torch/ops.py:49] Converting op 12 : constant
[20200630 16:33:12 INFO /Volumes/data/work/1duo-coremltools/coremltools/converters/mil/mil/builder.py:181] Adding op '12' of type const
[20200630 16:33:12 INFO /Volumes/data/work/1duo-coremltools/coremltools/converters/mil/frontend/torch/ops.py:49] Converting op 24 : constant
[20200630 16:33:12 INFO /Volumes/data/work/1duo-coremltools/coremltools/converters/mil/mil/builder.py:181] Adding op '24' of type const
[20200630 16:33:12 INFO /Volumes/data/work/1duo-coremltools/coremltools/converters/mil/frontend/torch/ops.py:49] Converting op 16 : constant
[20200630 16:33:12 INFO /Volumes/data/work/1duo-coremltools/coremltools/converters/mil/mil/builder.py:181] Adding op '16' of type const
[20200630 16:33:12 INFO /Volumes/data/work/1duo-coremltools/coremltools/converters/mil/frontend/torch/ops.py:49] Converting op 17 : constant
[20200630 16:33:12 INFO /Volumes/data/work/1duo-coremltools/coremltools/converters/mil/mil/builder.py:181] Adding op '17' of type const
[20200630 16:33:12 INFO /Volumes/data/work/1duo-coremltools/coremltools/converters/mil/frontend/torch/ops.py:49] Converting op 18 : constant
[20200630 16:33:12 INFO /Volumes/data/work/1duo-coremltools/coremltools/converters/mil/mil/builder.py:181] Adding op '18' of type const
[20200630 16:33:12 INFO /Volumes/data/work/1duo-coremltools/coremltools/converters/mil/frontend/torch/ops.py:49] Converting op 19 : constant
[20200630 16:33:12 INFO /Volumes/data/work/1duo-coremltools/coremltools/converters/mil/mil/builder.py:181] Adding op '19' of type const
[20200630 16:33:12 INFO /Volumes/data/work/1duo-coremltools/coremltools/converters/mil/frontend/torch/ops.py:49] Converting op 20 : _convolution
[20200630 16:33:12 INFO /Volumes/data/work/1duo-coremltools/coremltools/converters/mil/mil/builder.py:181] Adding op '20' of type conv
[20200630 16:33:12 DEBUG /Volumes/data/work/1duo-coremltools/coremltools/converters/mil/mil/builder.py:93] Adding const op '20_pad_type_8'
[20200630 16:33:12 INFO /Volumes/data/work/1duo-coremltools/coremltools/converters/mil/mil/builder.py:181] Adding op '20_pad_type_8' of type const
[20200630 16:33:12 DEBUG /Volumes/data/work/1duo-coremltools/coremltools/converters/mil/mil/builder.py:93] Adding const op '20_pad_8'
[20200630 16:33:12 INFO /Volumes/data/work/1duo-coremltools/coremltools/converters/mil/mil/builder.py:181] Adding op '20_pad_8' of type const
[20200630 16:33:12 DEBUG /Volumes/data/work/1duo-coremltools/coremltools/converters/mil/mil/passes/common_pass.py:30] Program before common passes:
main(%input: (1, 1, 5, 5, fp32)) {
  block27() {
    %1: (1, 1, 3, 3, fp32)* = const(val=[[[[0.24819770455360413, 0.053827881813049316, 0.07492494583129883], [-0.31354355812072754, 0.17005041241645813, 0.29689839482307434], [0.12335371971130371, -0.07308840751647949, -0.314655065536499]]]], name="1")
    %2: (1,fp32)* = const(val=[-0.27126431465148926], name="2")
    %21: (2,i32)* = const(val=[1, 1], name="21")
    %22: (2,i32)* = const(val=[1, 1], name="22")
    %23: (2,i32)* = const(val=[1, 1], name="23")
    %12: (bool)* = const(val=False, name="12")
    %24: (2,i32)* = const(val=[0, 0], name="24")
    %16: (i32)* = const(val=1, name="16")
    %17: (bool)* = const(val=False, name="17")
    %18: (bool)* = const(val=False, name="18")
    %19: (bool)* = const(val=True, name="19")
    %20_pad_type_8: (str)* = const(val="custom", name="20_pad_type_8")
    %20_pad_8: (4,i32)* = const(val=[1, 1, 1, 1], name="20_pad_8")
    %20: (1, 1, 5, 5, fp32) = conv(x=%input, weight=%1, bias=%2, strides=%21, pad_type=%20_pad_type_8, pad=%20_pad_8, dilations=%23, groups=%16, name="20")
  } -> (%20)
}

[20200630 16:33:12 INFO /Volumes/data/work/1duo-coremltools/coremltools/converters/mil/mil/passes/common_pass.py:34] Performing pass: "common::const_elimination"
[20200630 16:33:12 INFO /Volumes/data/work/1duo-coremltools/coremltools/converters/mil/mil/passes/common_pass.py:34] Performing pass: "common::divide_to_multiply"
[20200630 16:33:12 INFO /Volumes/data/work/1duo-coremltools/coremltools/converters/mil/mil/passes/common_pass.py:34] Performing pass: "common::fuse_matmul_weight_bias"
[20200630 16:33:12 INFO /Volumes/data/work/1duo-coremltools/coremltools/converters/mil/mil/passes/common_pass.py:34] Performing pass: "common::const_elimination"
[20200630 16:33:12 INFO /Volumes/data/work/1duo-coremltools/coremltools/converters/mil/mil/passes/common_pass.py:34] Performing pass: "common::loop_invariant_elimination"
[20200630 16:33:12 INFO /Volumes/data/work/1duo-coremltools/coremltools/converters/mil/mil/passes/common_pass.py:34] Performing pass: "common::remove_symbolic_reshape"
[20200630 16:33:12 INFO /Volumes/data/work/1duo-coremltools/coremltools/converters/mil/mil/passes/remove_symbolic_reshape.py:104] remove_symbolic_reshape: changed 0 reshapes.
[20200630 16:33:12 INFO /Volumes/data/work/1duo-coremltools/coremltools/converters/mil/mil/passes/common_pass.py:34] Performing pass: "common::fuse_gelu_tanh_approximation"
[20200630 16:33:12 INFO /Volumes/data/work/1duo-coremltools/coremltools/converters/mil/mil/passes/common_pass.py:34] Performing pass: "common::reduce_transposes"
[20200630 16:33:12 DEBUG /Volumes/data/work/1duo-coremltools/coremltools/converters/mil/mil/passes/reduce_transposes.py:989] Block before optimize transpose transform:
function(%input: (1, 1, 5, 5, fp32)) {
  block27() {
    %1: (1, 1, 3, 3, fp32)* = const(val=[[[[0.24819770455360413, 0.053827881813049316, 0.07492494583129883], [-0.31354355812072754, 0.17005041241645813, 0.29689839482307434], [0.12335371971130371, -0.07308840751647949, -0.314655065536499]]]], name="1")
    %2: (1,fp32)* = const(val=[-0.27126431465148926], name="2")
    %21: (2,i32)* = const(val=[1, 1], name="21")
    %22: (2,i32)* = const(val=[1, 1], name="22")
    %23: (2,i32)* = const(val=[1, 1], name="23")
    %12: (bool)* = const(val=False, name="12")
    %24: (2,i32)* = const(val=[0, 0], name="24")
    %16: (i32)* = const(val=1, name="16")
    %17: (bool)* = const(val=False, name="17")
    %18: (bool)* = const(val=False, name="18")
    %19: (bool)* = const(val=True, name="19")
    %20_pad_type_8: (str)* = const(val="custom", name="20_pad_type_8")
    %20_pad_8: (4,i32)* = const(val=[1, 1, 1, 1], name="20_pad_8")
    %20: (1, 1, 5, 5, fp32) = conv(x=%input, weight=%1, bias=%2, strides=%21, pad_type=%20_pad_type_8, pad=%20_pad_8, dilations=%23, groups=%16, name="20")
  } -> (%20)
}

[20200630 16:33:12 DEBUG /Volumes/data/work/1duo-coremltools/coremltools/converters/mil/mil/passes/reduce_transposes.py:1024] Block after optimize transpose transform:
function(%input: (1, 1, 5, 5, fp32)) {
  block27() {
    %1: (1, 1, 3, 3, fp32)* = const(val=[[[[0.24819770455360413, 0.053827881813049316, 0.07492494583129883], [-0.31354355812072754, 0.17005041241645813, 0.29689839482307434], [0.12335371971130371, -0.07308840751647949, -0.314655065536499]]]], name="1")
    %2: (1,fp32)* = const(val=[-0.27126431465148926], name="2")
    %21: (2,i32)* = const(val=[1, 1], name="21")
    %22: (2,i32)* = const(val=[1, 1], name="22")
    %23: (2,i32)* = const(val=[1, 1], name="23")
    %12: (bool)* = const(val=False, name="12")
    %24: (2,i32)* = const(val=[0, 0], name="24")
    %16: (i32)* = const(val=1, name="16")
    %17: (bool)* = const(val=False, name="17")
    %18: (bool)* = const(val=False, name="18")
    %19: (bool)* = const(val=True, name="19")
    %20_pad_type_8: (str)* = const(val="custom", name="20_pad_type_8")
    %20_pad_8: (4,i32)* = const(val=[1, 1, 1, 1], name="20_pad_8")
    %20: (1, 1, 5, 5, fp32) = conv(x=%input, weight=%1, bias=%2, strides=%21, pad_type=%20_pad_type_8, pad=%20_pad_8, dilations=%23, groups=%16, name="20")
  } -> (%20)
}

[20200630 16:33:12 INFO /Volumes/data/work/1duo-coremltools/coremltools/converters/mil/mil/passes/common_pass.py:34] Performing pass: "common::fuse_bias_conv"
[20200630 16:33:12 INFO /Volumes/data/work/1duo-coremltools/coremltools/converters/mil/mil/passes/common_pass.py:34] Performing pass: "common::fuse_elementwise_to_batchnorm"
[20200630 16:33:12 INFO /Volumes/data/work/1duo-coremltools/coremltools/converters/mil/mil/passes/common_pass.py:34] Performing pass: "common::fuse_onehot_matmul_to_gather"
[20200630 16:33:12 INFO /Volumes/data/work/1duo-coremltools/coremltools/converters/mil/mil/passes/common_pass.py:34] Performing pass: "common::fuse_layernorm_or_instancenorm"
[20200630 16:33:12 INFO /Volumes/data/work/1duo-coremltools/coremltools/converters/mil/mil/passes/common_pass.py:34] Performing pass: "common::dead_code_elimination"
[20200630 16:33:12 INFO /Volumes/data/work/1duo-coremltools/coremltools/converters/mil/mil/passes/dead_code_elimination.py:35] Removing op "19" (type: const)
[20200630 16:33:12 INFO /Volumes/data/work/1duo-coremltools/coremltools/converters/mil/mil/passes/dead_code_elimination.py:35] Removing op "18" (type: const)
[20200630 16:33:12 INFO /Volumes/data/work/1duo-coremltools/coremltools/converters/mil/mil/passes/dead_code_elimination.py:35] Removing op "17" (type: const)
[20200630 16:33:12 INFO /Volumes/data/work/1duo-coremltools/coremltools/converters/mil/mil/passes/dead_code_elimination.py:35] Removing op "24" (type: const)
[20200630 16:33:12 INFO /Volumes/data/work/1duo-coremltools/coremltools/converters/mil/mil/passes/dead_code_elimination.py:35] Removing op "12" (type: const)
[20200630 16:33:12 INFO /Volumes/data/work/1duo-coremltools/coremltools/converters/mil/mil/passes/dead_code_elimination.py:35] Removing op "22" (type: const)
[20200630 16:33:12 DEBUG /Volumes/data/work/1duo-coremltools/coremltools/converters/mil/mil/passes/common_pass.py:38] Program after common passes:
main(%input: (1, 1, 5, 5, fp32)) {
  block27() {
    %1: (1, 1, 3, 3, fp32)* = const(val=[[[[0.24819770455360413, 0.053827881813049316, 0.07492494583129883], [-0.31354355812072754, 0.17005041241645813, 0.29689839482307434], [0.12335371971130371, -0.07308840751647949, -0.314655065536499]]]], name="1")
    %2: (1,fp32)* = const(val=[-0.27126431465148926], name="2")
    %21: (2,i32)* = const(val=[1, 1], name="21")
    %23: (2,i32)* = const(val=[1, 1], name="23")
    %16: (i32)* = const(val=1, name="16")
    %20_pad_type_8: (str)* = const(val="custom", name="20_pad_type_8")
    %20_pad_8: (4,i32)* = const(val=[1, 1, 1, 1], name="20_pad_8")
    %20: (1, 1, 5, 5, fp32) = conv(x=%input, weight=%1, bias=%2, strides=%21, pad_type=%20_pad_type_8, pad=%20_pad_8, dilations=%23, groups=%16, name="20")
  } -> (%20)
}

[20200630 16:33:12 INFO /Volumes/data/work/1duo-coremltools/coremltools/converters/mil/backend/nn/passes/nn_passes.py:22] Performing passes for nn_backend: "nn_backend::commingle_loop_vars"
[20200630 16:33:12 INFO /Volumes/data/work/1duo-coremltools/coremltools/converters/mil/backend/nn/passes/nn_passes.py:22] Performing passes for nn_backend: "nn_backend::handle_return_inputs_as_outputs"
[20200630 16:33:12 INFO /Volumes/data/work/1duo-coremltools/coremltools/converters/mil/backend/nn/passes/nn_passes.py:22] Performing passes for nn_backend: "common::const_elimination"
[20200630 16:33:12 INFO /Volumes/data/work/1duo-coremltools/coremltools/converters/mil/backend/nn/passes/nn_passes.py:22] Performing passes for nn_backend: "common::dead_code_elimination"
[20200630 16:33:12 INFO /Volumes/data/work/1duo-coremltools/coremltools/converters/mil/backend/nn/passes/nn_passes.py:22] Performing passes for nn_backend: "nn_backend::handle_unused_inputs"
[20200630 16:33:12 INFO /Volumes/data/work/1duo-coremltools/coremltools/converters/mil/backend/nn/passes/nn_passes.py:22] Performing passes for nn_backend: "nn_backend::alert_return_type_cast"
[20200630 16:33:12 DEBUG /Volumes/data/work/1duo-coremltools/coremltools/converters/mil/backend/nn/passes/nn_passes.py:26] Program after nn backend passes:
main(%input: (1, 1, 5, 5, fp32)) {
  block27() {
    %1: (1, 1, 3, 3, fp32)* = const(val=[[[[0.24819770455360413, 0.053827881813049316, 0.07492494583129883], [-0.31354355812072754, 0.17005041241645813, 0.29689839482307434], [0.12335371971130371, -0.07308840751647949, -0.314655065536499]]]], name="1")
    %2: (1,fp32)* = const(val=[-0.27126431465148926], name="2")
    %21: (2,i32)* = const(val=[1, 1], name="21")
    %23: (2,i32)* = const(val=[1, 1], name="23")
    %16: (i32)* = const(val=1, name="16")
    %20_pad_type_8: (str)* = const(val="custom", name="20_pad_type_8")
    %20_pad_8: (4,i32)* = const(val=[1, 1, 1, 1], name="20_pad_8")
    %20: (1, 1, 5, 5, fp32) = conv(x=%input, weight=%1, bias=%2, strides=%21, pad_type=%20_pad_type_8, pad=%20_pad_8, dilations=%23, groups=%16, name="20")
  } -> (%20)
}

[20200630 16:33:12 INFO /Volumes/data/work/1duo-coremltools/coremltools/converters/mil/frontend/torch/converter.py:269] Converting graph.
[20200630 16:33:12 INFO /Volumes/data/work/1duo-coremltools/coremltools/converters/mil/mil/builder.py:181] Adding op '1' of type const
[20200630 16:33:12 INFO /Volumes/data/work/1duo-coremltools/coremltools/converters/mil/mil/builder.py:181] Adding op '2' of type const
[20200630 16:33:12 INFO /Volumes/data/work/1duo-coremltools/coremltools/converters/mil/frontend/torch/ops.py:49] Converting op 21 : constant
[20200630 16:33:12 INFO /Volumes/data/work/1duo-coremltools/coremltools/converters/mil/mil/builder.py:181] Adding op '21' of type const
[20200630 16:33:12 INFO /Volumes/data/work/1duo-coremltools/coremltools/converters/mil/frontend/torch/ops.py:49] Converting op 22 : constant
[20200630 16:33:12 INFO /Volumes/data/work/1duo-coremltools/coremltools/converters/mil/mil/builder.py:181] Adding op '22' of type const
[20200630 16:33:12 INFO /Volumes/data/work/1duo-coremltools/coremltools/converters/mil/frontend/torch/ops.py:49] Converting op 23 : constant
[20200630 16:33:12 INFO /Volumes/data/work/1duo-coremltools/coremltools/converters/mil/mil/builder.py:181] Adding op '23' of type const
[20200630 16:33:12 INFO /Volumes/data/work/1duo-coremltools/coremltools/converters/mil/frontend/torch/ops.py:49] Converting op 12 : constant
[20200630 16:33:12 INFO /Volumes/data/work/1duo-coremltools/coremltools/converters/mil/mil/builder.py:181] Adding op '12' of type const
[20200630 16:33:12 INFO /Volumes/data/work/1duo-coremltools/coremltools/converters/mil/frontend/torch/ops.py:49] Converting op 24 : constant
[20200630 16:33:12 INFO /Volumes/data/work/1duo-coremltools/coremltools/converters/mil/mil/builder.py:181] Adding op '24' of type const
[20200630 16:33:12 INFO /Volumes/data/work/1duo-coremltools/coremltools/converters/mil/frontend/torch/ops.py:49] Converting op 16 : constant
[20200630 16:33:12 INFO /Volumes/data/work/1duo-coremltools/coremltools/converters/mil/mil/builder.py:181] Adding op '16' of type const
[20200630 16:33:12 INFO /Volumes/data/work/1duo-coremltools/coremltools/converters/mil/frontend/torch/ops.py:49] Converting op 17 : constant
[20200630 16:33:12 INFO /Volumes/data/work/1duo-coremltools/coremltools/converters/mil/mil/builder.py:181] Adding op '17' of type const
[20200630 16:33:12 INFO /Volumes/data/work/1duo-coremltools/coremltools/converters/mil/frontend/torch/ops.py:49] Converting op 18 : constant
[20200630 16:33:12 INFO /Volumes/data/work/1duo-coremltools/coremltools/converters/mil/mil/builder.py:181] Adding op '18' of type const
[20200630 16:33:12 INFO /Volumes/data/work/1duo-coremltools/coremltools/converters/mil/frontend/torch/ops.py:49] Converting op 19 : constant
[20200630 16:33:12 INFO /Volumes/data/work/1duo-coremltools/coremltools/converters/mil/mil/builder.py:181] Adding op '19' of type const
[20200630 16:33:12 INFO /Volumes/data/work/1duo-coremltools/coremltools/converters/mil/frontend/torch/ops.py:49] Converting op 20 : _convolution
[20200630 16:33:12 INFO /Volumes/data/work/1duo-coremltools/coremltools/converters/mil/mil/builder.py:181] Adding op '20' of type conv
[20200630 16:33:12 DEBUG /Volumes/data/work/1duo-coremltools/coremltools/converters/mil/mil/builder.py:93] Adding const op '20_pad_type_9'
[20200630 16:33:12 INFO /Volumes/data/work/1duo-coremltools/coremltools/converters/mil/mil/builder.py:181] Adding op '20_pad_type_9' of type const
[20200630 16:33:12 DEBUG /Volumes/data/work/1duo-coremltools/coremltools/converters/mil/mil/builder.py:93] Adding const op '20_pad_9'
[20200630 16:33:12 INFO /Volumes/data/work/1duo-coremltools/coremltools/converters/mil/mil/builder.py:181] Adding op '20_pad_9' of type const
[20200630 16:33:12 DEBUG /Volumes/data/work/1duo-coremltools/coremltools/converters/mil/mil/passes/common_pass.py:30] Program before common passes:
main(%input: (1, 1, 5, 5, fp32)) {
  block28() {
    %1: (1, 1, 3, 3, fp32)* = const(val=[[[[-0.24569980800151825, -0.09507052600383759, -0.04532960057258606], [0.08228603005409241, 0.20248541235923767, 0.18693986535072327], [-0.25508758425712585, 0.1782803237438202, -0.25371772050857544]]]], name="1")
    %2: (1,fp32)* = const(val=[0.08009812235832214], name="2")
    %21: (2,i32)* = const(val=[1, 1], name="21")
    %22: (2,i32)* = const(val=[1, 1], name="22")
    %23: (2,i32)* = const(val=[3, 3], name="23")
    %12: (bool)* = const(val=False, name="12")
    %24: (2,i32)* = const(val=[0, 0], name="24")
    %16: (i32)* = const(val=1, name="16")
    %17: (bool)* = const(val=False, name="17")
    %18: (bool)* = const(val=False, name="18")
    %19: (bool)* = const(val=True, name="19")
    %20_pad_type_9: (str)* = const(val="custom", name="20_pad_type_9")
    %20_pad_9: (4,i32)* = const(val=[1, 1, 1, 1], name="20_pad_9")
    %20: (1, 1, 1, 1, fp32) = conv(x=%input, weight=%1, bias=%2, strides=%21, pad_type=%20_pad_type_9, pad=%20_pad_9, dilations=%23, groups=%16, name="20")
  } -> (%20)
}

[20200630 16:33:12 INFO /Volumes/data/work/1duo-coremltools/coremltools/converters/mil/mil/passes/common_pass.py:34] Performing pass: "common::const_elimination"
[20200630 16:33:12 INFO /Volumes/data/work/1duo-coremltools/coremltools/converters/mil/mil/passes/common_pass.py:34] Performing pass: "common::divide_to_multiply"
[20200630 16:33:12 INFO /Volumes/data/work/1duo-coremltools/coremltools/converters/mil/mil/passes/common_pass.py:34] Performing pass: "common::fuse_matmul_weight_bias"
[20200630 16:33:12 INFO /Volumes/data/work/1duo-coremltools/coremltools/converters/mil/mil/passes/common_pass.py:34] Performing pass: "common::const_elimination"
[20200630 16:33:12 INFO /Volumes/data/work/1duo-coremltools/coremltools/converters/mil/mil/passes/common_pass.py:34] Performing pass: "common::loop_invariant_elimination"
[20200630 16:33:12 INFO /Volumes/data/work/1duo-coremltools/coremltools/converters/mil/mil/passes/common_pass.py:34] Performing pass: "common::remove_symbolic_reshape"
[20200630 16:33:12 INFO /Volumes/data/work/1duo-coremltools/coremltools/converters/mil/mil/passes/remove_symbolic_reshape.py:104] remove_symbolic_reshape: changed 0 reshapes.
[20200630 16:33:12 INFO /Volumes/data/work/1duo-coremltools/coremltools/converters/mil/mil/passes/common_pass.py:34] Performing pass: "common::fuse_gelu_tanh_approximation"
[20200630 16:33:12 INFO /Volumes/data/work/1duo-coremltools/coremltools/converters/mil/mil/passes/common_pass.py:34] Performing pass: "common::reduce_transposes"
[20200630 16:33:12 DEBUG /Volumes/data/work/1duo-coremltools/coremltools/converters/mil/mil/passes/reduce_transposes.py:989] Block before optimize transpose transform:
function(%input: (1, 1, 5, 5, fp32)) {
  block28() {
    %1: (1, 1, 3, 3, fp32)* = const(val=[[[[-0.24569980800151825, -0.09507052600383759, -0.04532960057258606], [0.08228603005409241, 0.20248541235923767, 0.18693986535072327], [-0.25508758425712585, 0.1782803237438202, -0.25371772050857544]]]], name="1")
    %2: (1,fp32)* = const(val=[0.08009812235832214], name="2")
    %21: (2,i32)* = const(val=[1, 1], name="21")
    %22: (2,i32)* = const(val=[1, 1], name="22")
    %23: (2,i32)* = const(val=[3, 3], name="23")
    %12: (bool)* = const(val=False, name="12")
    %24: (2,i32)* = const(val=[0, 0], name="24")
    %16: (i32)* = const(val=1, name="16")
    %17: (bool)* = const(val=False, name="17")
    %18: (bool)* = const(val=False, name="18")
    %19: (bool)* = const(val=True, name="19")
    %20_pad_type_9: (str)* = const(val="custom", name="20_pad_type_9")
    %20_pad_9: (4,i32)* = const(val=[1, 1, 1, 1], name="20_pad_9")
    %20: (1, 1, 1, 1, fp32) = conv(x=%input, weight=%1, bias=%2, strides=%21, pad_type=%20_pad_type_9, pad=%20_pad_9, dilations=%23, groups=%16, name="20")
  } -> (%20)
}

[20200630 16:33:12 DEBUG /Volumes/data/work/1duo-coremltools/coremltools/converters/mil/mil/passes/reduce_transposes.py:1024] Block after optimize transpose transform:
function(%input: (1, 1, 5, 5, fp32)) {
  block28() {
    %1: (1, 1, 3, 3, fp32)* = const(val=[[[[-0.24569980800151825, -0.09507052600383759, -0.04532960057258606], [0.08228603005409241, 0.20248541235923767, 0.18693986535072327], [-0.25508758425712585, 0.1782803237438202, -0.25371772050857544]]]], name="1")
    %2: (1,fp32)* = const(val=[0.08009812235832214], name="2")
    %21: (2,i32)* = const(val=[1, 1], name="21")
    %22: (2,i32)* = const(val=[1, 1], name="22")
    %23: (2,i32)* = const(val=[3, 3], name="23")
    %12: (bool)* = const(val=False, name="12")
    %24: (2,i32)* = const(val=[0, 0], name="24")
    %16: (i32)* = const(val=1, name="16")
    %17: (bool)* = const(val=False, name="17")
    %18: (bool)* = const(val=False, name="18")
    %19: (bool)* = const(val=True, name="19")
    %20_pad_type_9: (str)* = const(val="custom", name="20_pad_type_9")
    %20_pad_9: (4,i32)* = const(val=[1, 1, 1, 1], name="20_pad_9")
    %20: (1, 1, 1, 1, fp32) = conv(x=%input, weight=%1, bias=%2, strides=%21, pad_type=%20_pad_type_9, pad=%20_pad_9, dilations=%23, groups=%16, name="20")
  } -> (%20)
}

[20200630 16:33:12 INFO /Volumes/data/work/1duo-coremltools/coremltools/converters/mil/mil/passes/common_pass.py:34] Performing pass: "common::fuse_bias_conv"
[20200630 16:33:12 INFO /Volumes/data/work/1duo-coremltools/coremltools/converters/mil/mil/passes/common_pass.py:34] Performing pass: "common::fuse_elementwise_to_batchnorm"
[20200630 16:33:12 INFO /Volumes/data/work/1duo-coremltools/coremltools/converters/mil/mil/passes/common_pass.py:34] Performing pass: "common::fuse_onehot_matmul_to_gather"
[20200630 16:33:12 INFO /Volumes/data/work/1duo-coremltools/coremltools/converters/mil/mil/passes/common_pass.py:34] Performing pass: "common::fuse_layernorm_or_instancenorm"
[20200630 16:33:12 INFO /Volumes/data/work/1duo-coremltools/coremltools/converters/mil/mil/passes/common_pass.py:34] Performing pass: "common::dead_code_elimination"
[20200630 16:33:12 INFO /Volumes/data/work/1duo-coremltools/coremltools/converters/mil/mil/passes/dead_code_elimination.py:35] Removing op "19" (type: const)
[20200630 16:33:12 INFO /Volumes/data/work/1duo-coremltools/coremltools/converters/mil/mil/passes/dead_code_elimination.py:35] Removing op "18" (type: const)
[20200630 16:33:12 INFO /Volumes/data/work/1duo-coremltools/coremltools/converters/mil/mil/passes/dead_code_elimination.py:35] Removing op "17" (type: const)
[20200630 16:33:12 INFO /Volumes/data/work/1duo-coremltools/coremltools/converters/mil/mil/passes/dead_code_elimination.py:35] Removing op "24" (type: const)
[20200630 16:33:12 INFO /Volumes/data/work/1duo-coremltools/coremltools/converters/mil/mil/passes/dead_code_elimination.py:35] Removing op "12" (type: const)
[20200630 16:33:12 INFO /Volumes/data/work/1duo-coremltools/coremltools/converters/mil/mil/passes/dead_code_elimination.py:35] Removing op "22" (type: const)
[20200630 16:33:12 DEBUG /Volumes/data/work/1duo-coremltools/coremltools/converters/mil/mil/passes/common_pass.py:38] Program after common passes:
main(%input: (1, 1, 5, 5, fp32)) {
  block28() {
    %1: (1, 1, 3, 3, fp32)* = const(val=[[[[-0.24569980800151825, -0.09507052600383759, -0.04532960057258606], [0.08228603005409241, 0.20248541235923767, 0.18693986535072327], [-0.25508758425712585, 0.1782803237438202, -0.25371772050857544]]]], name="1")
    %2: (1,fp32)* = const(val=[0.08009812235832214], name="2")
    %21: (2,i32)* = const(val=[1, 1], name="21")
    %23: (2,i32)* = const(val=[3, 3], name="23")
    %16: (i32)* = const(val=1, name="16")
    %20_pad_type_9: (str)* = const(val="custom", name="20_pad_type_9")
    %20_pad_9: (4,i32)* = const(val=[1, 1, 1, 1], name="20_pad_9")
    %20: (1, 1, 1, 1, fp32) = conv(x=%input, weight=%1, bias=%2, strides=%21, pad_type=%20_pad_type_9, pad=%20_pad_9, dilations=%23, groups=%16, name="20")
  } -> (%20)
}

[20200630 16:33:12 INFO /Volumes/data/work/1duo-coremltools/coremltools/converters/mil/backend/nn/passes/nn_passes.py:22] Performing passes for nn_backend: "nn_backend::commingle_loop_vars"
[20200630 16:33:12 INFO /Volumes/data/work/1duo-coremltools/coremltools/converters/mil/backend/nn/passes/nn_passes.py:22] Performing passes for nn_backend: "nn_backend::handle_return_inputs_as_outputs"
[20200630 16:33:12 INFO /Volumes/data/work/1duo-coremltools/coremltools/converters/mil/backend/nn/passes/nn_passes.py:22] Performing passes for nn_backend: "common::const_elimination"
[20200630 16:33:12 INFO /Volumes/data/work/1duo-coremltools/coremltools/converters/mil/backend/nn/passes/nn_passes.py:22] Performing passes for nn_backend: "common::dead_code_elimination"
[20200630 16:33:12 INFO /Volumes/data/work/1duo-coremltools/coremltools/converters/mil/backend/nn/passes/nn_passes.py:22] Performing passes for nn_backend: "nn_backend::handle_unused_inputs"
[20200630 16:33:12 INFO /Volumes/data/work/1duo-coremltools/coremltools/converters/mil/backend/nn/passes/nn_passes.py:22] Performing passes for nn_backend: "nn_backend::alert_return_type_cast"
[20200630 16:33:12 DEBUG /Volumes/data/work/1duo-coremltools/coremltools/converters/mil/backend/nn/passes/nn_passes.py:26] Program after nn backend passes:
main(%input: (1, 1, 5, 5, fp32)) {
  block28() {
    %1: (1, 1, 3, 3, fp32)* = const(val=[[[[-0.24569980800151825, -0.09507052600383759, -0.04532960057258606], [0.08228603005409241, 0.20248541235923767, 0.18693986535072327], [-0.25508758425712585, 0.1782803237438202, -0.25371772050857544]]]], name="1")
    %2: (1,fp32)* = const(val=[0.08009812235832214], name="2")
    %21: (2,i32)* = const(val=[1, 1], name="21")
    %23: (2,i32)* = const(val=[3, 3], name="23")
    %16: (i32)* = const(val=1, name="16")
    %20_pad_type_9: (str)* = const(val="custom", name="20_pad_type_9")
    %20_pad_9: (4,i32)* = const(val=[1, 1, 1, 1], name="20_pad_9")
    %20: (1, 1, 1, 1, fp32) = conv(x=%input, weight=%1, bias=%2, strides=%21, pad_type=%20_pad_type_9, pad=%20_pad_9, dilations=%23, groups=%16, name="20")
  } -> (%20)
}

[20200630 16:33:12 INFO /Volumes/data/work/1duo-coremltools/coremltools/converters/mil/frontend/torch/converter.py:269] Converting graph.
[20200630 16:33:12 INFO /Volumes/data/work/1duo-coremltools/coremltools/converters/mil/mil/builder.py:181] Adding op '1' of type const
[20200630 16:33:12 INFO /Volumes/data/work/1duo-coremltools/coremltools/converters/mil/mil/builder.py:181] Adding op '2' of type const
[20200630 16:33:12 INFO /Volumes/data/work/1duo-coremltools/coremltools/converters/mil/frontend/torch/ops.py:49] Converting op 21 : constant
[20200630 16:33:12 INFO /Volumes/data/work/1duo-coremltools/coremltools/converters/mil/mil/builder.py:181] Adding op '21' of type const
[20200630 16:33:12 INFO /Volumes/data/work/1duo-coremltools/coremltools/converters/mil/frontend/torch/ops.py:49] Converting op 22 : constant
[20200630 16:33:12 INFO /Volumes/data/work/1duo-coremltools/coremltools/converters/mil/mil/builder.py:181] Adding op '22' of type const
[20200630 16:33:12 INFO /Volumes/data/work/1duo-coremltools/coremltools/converters/mil/frontend/torch/ops.py:49] Converting op 23 : constant
[20200630 16:33:12 INFO /Volumes/data/work/1duo-coremltools/coremltools/converters/mil/mil/builder.py:181] Adding op '23' of type const
[20200630 16:33:12 INFO /Volumes/data/work/1duo-coremltools/coremltools/converters/mil/frontend/torch/ops.py:49] Converting op 12 : constant
[20200630 16:33:12 INFO /Volumes/data/work/1duo-coremltools/coremltools/converters/mil/mil/builder.py:181] Adding op '12' of type const
[20200630 16:33:12 INFO /Volumes/data/work/1duo-coremltools/coremltools/converters/mil/frontend/torch/ops.py:49] Converting op 24 : constant
[20200630 16:33:12 INFO /Volumes/data/work/1duo-coremltools/coremltools/converters/mil/mil/builder.py:181] Adding op '24' of type const
[20200630 16:33:12 INFO /Volumes/data/work/1duo-coremltools/coremltools/converters/mil/frontend/torch/ops.py:49] Converting op 16 : constant
[20200630 16:33:12 INFO /Volumes/data/work/1duo-coremltools/coremltools/converters/mil/mil/builder.py:181] Adding op '16' of type const
[20200630 16:33:12 INFO /Volumes/data/work/1duo-coremltools/coremltools/converters/mil/frontend/torch/ops.py:49] Converting op 17 : constant
[20200630 16:33:12 INFO /Volumes/data/work/1duo-coremltools/coremltools/converters/mil/mil/builder.py:181] Adding op '17' of type const
[20200630 16:33:12 INFO /Volumes/data/work/1duo-coremltools/coremltools/converters/mil/frontend/torch/ops.py:49] Converting op 18 : constant
[20200630 16:33:12 INFO /Volumes/data/work/1duo-coremltools/coremltools/converters/mil/mil/builder.py:181] Adding op '18' of type const
[20200630 16:33:12 INFO /Volumes/data/work/1duo-coremltools/coremltools/converters/mil/frontend/torch/ops.py:49] Converting op 19 : constant
[20200630 16:33:12 INFO /Volumes/data/work/1duo-coremltools/coremltools/converters/mil/mil/builder.py:181] Adding op '19' of type const
[20200630 16:33:12 INFO /Volumes/data/work/1duo-coremltools/coremltools/converters/mil/frontend/torch/ops.py:49] Converting op 20 : _convolution
[20200630 16:33:12 INFO /Volumes/data/work/1duo-coremltools/coremltools/converters/mil/mil/builder.py:181] Adding op '20' of type conv
[20200630 16:33:12 DEBUG /Volumes/data/work/1duo-coremltools/coremltools/converters/mil/mil/builder.py:93] Adding const op '20_pad_type_10'
[20200630 16:33:12 INFO /Volumes/data/work/1duo-coremltools/coremltools/converters/mil/mil/builder.py:181] Adding op '20_pad_type_10' of type const
[20200630 16:33:12 DEBUG /Volumes/data/work/1duo-coremltools/coremltools/converters/mil/mil/builder.py:93] Adding const op '20_pad_10'
[20200630 16:33:12 INFO /Volumes/data/work/1duo-coremltools/coremltools/converters/mil/mil/builder.py:181] Adding op '20_pad_10' of type const
[20200630 16:33:12 DEBUG /Volumes/data/work/1duo-coremltools/coremltools/converters/mil/mil/passes/common_pass.py:30] Program before common passes:
main(%input: (1, 1, 5, 5, fp32)) {
  block29() {
    %1: (1, 1, 3, 3, fp32)* = const(val=[[[[-0.18774792551994324, 0.21849790215492249, 0.28366389870643616], [0.3046553432941437, -0.02668192982673645, -0.10568682849407196], [-0.30557864904403687, 0.18048861622810364, 0.11457130312919617]]]], name="1")
    %2: (1,fp32)* = const(val=[-0.10893258452415466], name="2")
    %21: (2,i32)* = const(val=[1, 1], name="21")
    %22: (2,i32)* = const(val=[3, 3], name="22")
    %23: (2,i32)* = const(val=[1, 1], name="23")
    %12: (bool)* = const(val=False, name="12")
    %24: (2,i32)* = const(val=[0, 0], name="24")
    %16: (i32)* = const(val=1, name="16")
    %17: (bool)* = const(val=False, name="17")
    %18: (bool)* = const(val=False, name="18")
    %19: (bool)* = const(val=True, name="19")
    %20_pad_type_10: (str)* = const(val="custom", name="20_pad_type_10")
    %20_pad_10: (4,i32)* = const(val=[3, 3, 3, 3], name="20_pad_10")
    %20: (1, 1, 9, 9, fp32) = conv(x=%input, weight=%1, bias=%2, strides=%21, pad_type=%20_pad_type_10, pad=%20_pad_10, dilations=%23, groups=%16, name="20")
  } -> (%20)
}

[20200630 16:33:12 INFO /Volumes/data/work/1duo-coremltools/coremltools/converters/mil/mil/passes/common_pass.py:34] Performing pass: "common::const_elimination"
[20200630 16:33:12 INFO /Volumes/data/work/1duo-coremltools/coremltools/converters/mil/mil/passes/common_pass.py:34] Performing pass: "common::divide_to_multiply"
[20200630 16:33:12 INFO /Volumes/data/work/1duo-coremltools/coremltools/converters/mil/mil/passes/common_pass.py:34] Performing pass: "common::fuse_matmul_weight_bias"
[20200630 16:33:12 INFO /Volumes/data/work/1duo-coremltools/coremltools/converters/mil/mil/passes/common_pass.py:34] Performing pass: "common::const_elimination"
[20200630 16:33:12 INFO /Volumes/data/work/1duo-coremltools/coremltools/converters/mil/mil/passes/common_pass.py:34] Performing pass: "common::loop_invariant_elimination"
[20200630 16:33:12 INFO /Volumes/data/work/1duo-coremltools/coremltools/converters/mil/mil/passes/common_pass.py:34] Performing pass: "common::remove_symbolic_reshape"
[20200630 16:33:12 INFO /Volumes/data/work/1duo-coremltools/coremltools/converters/mil/mil/passes/remove_symbolic_reshape.py:104] remove_symbolic_reshape: changed 0 reshapes.
[20200630 16:33:12 INFO /Volumes/data/work/1duo-coremltools/coremltools/converters/mil/mil/passes/common_pass.py:34] Performing pass: "common::fuse_gelu_tanh_approximation"
[20200630 16:33:12 INFO /Volumes/data/work/1duo-coremltools/coremltools/converters/mil/mil/passes/common_pass.py:34] Performing pass: "common::reduce_transposes"
[20200630 16:33:12 DEBUG /Volumes/data/work/1duo-coremltools/coremltools/converters/mil/mil/passes/reduce_transposes.py:989] Block before optimize transpose transform:
function(%input: (1, 1, 5, 5, fp32)) {
  block29() {
    %1: (1, 1, 3, 3, fp32)* = const(val=[[[[-0.18774792551994324, 0.21849790215492249, 0.28366389870643616], [0.3046553432941437, -0.02668192982673645, -0.10568682849407196], [-0.30557864904403687, 0.18048861622810364, 0.11457130312919617]]]], name="1")
    %2: (1,fp32)* = const(val=[-0.10893258452415466], name="2")
    %21: (2,i32)* = const(val=[1, 1], name="21")
    %22: (2,i32)* = const(val=[3, 3], name="22")
    %23: (2,i32)* = const(val=[1, 1], name="23")
    %12: (bool)* = const(val=False, name="12")
    %24: (2,i32)* = const(val=[0, 0], name="24")
    %16: (i32)* = const(val=1, name="16")
    %17: (bool)* = const(val=False, name="17")
    %18: (bool)* = const(val=False, name="18")
    %19: (bool)* = const(val=True, name="19")
    %20_pad_type_10: (str)* = const(val="custom", name="20_pad_type_10")
    %20_pad_10: (4,i32)* = const(val=[3, 3, 3, 3], name="20_pad_10")
    %20: (1, 1, 9, 9, fp32) = conv(x=%input, weight=%1, bias=%2, strides=%21, pad_type=%20_pad_type_10, pad=%20_pad_10, dilations=%23, groups=%16, name="20")
  } -> (%20)
}

[20200630 16:33:12 DEBUG /Volumes/data/work/1duo-coremltools/coremltools/converters/mil/mil/passes/reduce_transposes.py:1024] Block after optimize transpose transform:
function(%input: (1, 1, 5, 5, fp32)) {
  block29() {
    %1: (1, 1, 3, 3, fp32)* = const(val=[[[[-0.18774792551994324, 0.21849790215492249, 0.28366389870643616], [0.3046553432941437, -0.02668192982673645, -0.10568682849407196], [-0.30557864904403687, 0.18048861622810364, 0.11457130312919617]]]], name="1")
    %2: (1,fp32)* = const(val=[-0.10893258452415466], name="2")
    %21: (2,i32)* = const(val=[1, 1], name="21")
    %22: (2,i32)* = const(val=[3, 3], name="22")
    %23: (2,i32)* = const(val=[1, 1], name="23")
    %12: (bool)* = const(val=False, name="12")
    %24: (2,i32)* = const(val=[0, 0], name="24")
    %16: (i32)* = const(val=1, name="16")
    %17: (bool)* = const(val=False, name="17")
    %18: (bool)* = const(val=False, name="18")
    %19: (bool)* = const(val=True, name="19")
    %20_pad_type_10: (str)* = const(val="custom", name="20_pad_type_10")
    %20_pad_10: (4,i32)* = const(val=[3, 3, 3, 3], name="20_pad_10")
    %20: (1, 1, 9, 9, fp32) = conv(x=%input, weight=%1, bias=%2, strides=%21, pad_type=%20_pad_type_10, pad=%20_pad_10, dilations=%23, groups=%16, name="20")
  } -> (%20)
}

[20200630 16:33:12 INFO /Volumes/data/work/1duo-coremltools/coremltools/converters/mil/mil/passes/common_pass.py:34] Performing pass: "common::fuse_bias_conv"
[20200630 16:33:12 INFO /Volumes/data/work/1duo-coremltools/coremltools/converters/mil/mil/passes/common_pass.py:34] Performing pass: "common::fuse_elementwise_to_batchnorm"
[20200630 16:33:12 INFO /Volumes/data/work/1duo-coremltools/coremltools/converters/mil/mil/passes/common_pass.py:34] Performing pass: "common::fuse_onehot_matmul_to_gather"
[20200630 16:33:12 INFO /Volumes/data/work/1duo-coremltools/coremltools/converters/mil/mil/passes/common_pass.py:34] Performing pass: "common::fuse_layernorm_or_instancenorm"
[20200630 16:33:12 INFO /Volumes/data/work/1duo-coremltools/coremltools/converters/mil/mil/passes/common_pass.py:34] Performing pass: "common::dead_code_elimination"
[20200630 16:33:12 INFO /Volumes/data/work/1duo-coremltools/coremltools/converters/mil/mil/passes/dead_code_elimination.py:35] Removing op "19" (type: const)
[20200630 16:33:12 INFO /Volumes/data/work/1duo-coremltools/coremltools/converters/mil/mil/passes/dead_code_elimination.py:35] Removing op "18" (type: const)
[20200630 16:33:12 INFO /Volumes/data/work/1duo-coremltools/coremltools/converters/mil/mil/passes/dead_code_elimination.py:35] Removing op "17" (type: const)
[20200630 16:33:12 INFO /Volumes/data/work/1duo-coremltools/coremltools/converters/mil/mil/passes/dead_code_elimination.py:35] Removing op "24" (type: const)
[20200630 16:33:12 INFO /Volumes/data/work/1duo-coremltools/coremltools/converters/mil/mil/passes/dead_code_elimination.py:35] Removing op "12" (type: const)
[20200630 16:33:12 INFO /Volumes/data/work/1duo-coremltools/coremltools/converters/mil/mil/passes/dead_code_elimination.py:35] Removing op "22" (type: const)
[20200630 16:33:12 DEBUG /Volumes/data/work/1duo-coremltools/coremltools/converters/mil/mil/passes/common_pass.py:38] Program after common passes:
main(%input: (1, 1, 5, 5, fp32)) {
  block29() {
    %1: (1, 1, 3, 3, fp32)* = const(val=[[[[-0.18774792551994324, 0.21849790215492249, 0.28366389870643616], [0.3046553432941437, -0.02668192982673645, -0.10568682849407196], [-0.30557864904403687, 0.18048861622810364, 0.11457130312919617]]]], name="1")
    %2: (1,fp32)* = const(val=[-0.10893258452415466], name="2")
    %21: (2,i32)* = const(val=[1, 1], name="21")
    %23: (2,i32)* = const(val=[1, 1], name="23")
    %16: (i32)* = const(val=1, name="16")
    %20_pad_type_10: (str)* = const(val="custom", name="20_pad_type_10")
    %20_pad_10: (4,i32)* = const(val=[3, 3, 3, 3], name="20_pad_10")
    %20: (1, 1, 9, 9, fp32) = conv(x=%input, weight=%1, bias=%2, strides=%21, pad_type=%20_pad_type_10, pad=%20_pad_10, dilations=%23, groups=%16, name="20")
  } -> (%20)
}

[20200630 16:33:12 INFO /Volumes/data/work/1duo-coremltools/coremltools/converters/mil/backend/nn/passes/nn_passes.py:22] Performing passes for nn_backend: "nn_backend::commingle_loop_vars"
[20200630 16:33:12 INFO /Volumes/data/work/1duo-coremltools/coremltools/converters/mil/backend/nn/passes/nn_passes.py:22] Performing passes for nn_backend: "nn_backend::handle_return_inputs_as_outputs"
[20200630 16:33:12 INFO /Volumes/data/work/1duo-coremltools/coremltools/converters/mil/backend/nn/passes/nn_passes.py:22] Performing passes for nn_backend: "common::const_elimination"
[20200630 16:33:12 INFO /Volumes/data/work/1duo-coremltools/coremltools/converters/mil/backend/nn/passes/nn_passes.py:22] Performing passes for nn_backend: "common::dead_code_elimination"
[20200630 16:33:12 INFO /Volumes/data/work/1duo-coremltools/coremltools/converters/mil/backend/nn/passes/nn_passes.py:22] Performing passes for nn_backend: "nn_backend::handle_unused_inputs"
[20200630 16:33:12 INFO /Volumes/data/work/1duo-coremltools/coremltools/converters/mil/backend/nn/passes/nn_passes.py:22] Performing passes for nn_backend: "nn_backend::alert_return_type_cast"
[20200630 16:33:12 DEBUG /Volumes/data/work/1duo-coremltools/coremltools/converters/mil/backend/nn/passes/nn_passes.py:26] Program after nn backend passes:
main(%input: (1, 1, 5, 5, fp32)) {
  block29() {
    %1: (1, 1, 3, 3, fp32)* = const(val=[[[[-0.18774792551994324, 0.21849790215492249, 0.28366389870643616], [0.3046553432941437, -0.02668192982673645, -0.10568682849407196], [-0.30557864904403687, 0.18048861622810364, 0.11457130312919617]]]], name="1")
    %2: (1,fp32)* = const(val=[-0.10893258452415466], name="2")
    %21: (2,i32)* = const(val=[1, 1], name="21")
    %23: (2,i32)* = const(val=[1, 1], name="23")
    %16: (i32)* = const(val=1, name="16")
    %20_pad_type_10: (str)* = const(val="custom", name="20_pad_type_10")
    %20_pad_10: (4,i32)* = const(val=[3, 3, 3, 3], name="20_pad_10")
    %20: (1, 1, 9, 9, fp32) = conv(x=%input, weight=%1, bias=%2, strides=%21, pad_type=%20_pad_type_10, pad=%20_pad_10, dilations=%23, groups=%16, name="20")
  } -> (%20)
}

[20200630 16:33:12 INFO /Volumes/data/work/1duo-coremltools/coremltools/converters/mil/frontend/torch/converter.py:269] Converting graph.
[20200630 16:33:12 INFO /Volumes/data/work/1duo-coremltools/coremltools/converters/mil/mil/builder.py:181] Adding op '1' of type const
[20200630 16:33:12 INFO /Volumes/data/work/1duo-coremltools/coremltools/converters/mil/mil/builder.py:181] Adding op '2' of type const
[20200630 16:33:12 INFO /Volumes/data/work/1duo-coremltools/coremltools/converters/mil/frontend/torch/ops.py:49] Converting op 21 : constant
[20200630 16:33:12 INFO /Volumes/data/work/1duo-coremltools/coremltools/converters/mil/mil/builder.py:181] Adding op '21' of type const
[20200630 16:33:12 INFO /Volumes/data/work/1duo-coremltools/coremltools/converters/mil/frontend/torch/ops.py:49] Converting op 22 : constant
[20200630 16:33:12 INFO /Volumes/data/work/1duo-coremltools/coremltools/converters/mil/mil/builder.py:181] Adding op '22' of type const
[20200630 16:33:12 INFO /Volumes/data/work/1duo-coremltools/coremltools/converters/mil/frontend/torch/ops.py:49] Converting op 23 : constant
[20200630 16:33:12 INFO /Volumes/data/work/1duo-coremltools/coremltools/converters/mil/mil/builder.py:181] Adding op '23' of type const
[20200630 16:33:12 INFO /Volumes/data/work/1duo-coremltools/coremltools/converters/mil/frontend/torch/ops.py:49] Converting op 12 : constant
[20200630 16:33:12 INFO /Volumes/data/work/1duo-coremltools/coremltools/converters/mil/mil/builder.py:181] Adding op '12' of type const
[20200630 16:33:12 INFO /Volumes/data/work/1duo-coremltools/coremltools/converters/mil/frontend/torch/ops.py:49] Converting op 24 : constant
[20200630 16:33:12 INFO /Volumes/data/work/1duo-coremltools/coremltools/converters/mil/mil/builder.py:181] Adding op '24' of type const
[20200630 16:33:12 INFO /Volumes/data/work/1duo-coremltools/coremltools/converters/mil/frontend/torch/ops.py:49] Converting op 16 : constant
[20200630 16:33:12 INFO /Volumes/data/work/1duo-coremltools/coremltools/converters/mil/mil/builder.py:181] Adding op '16' of type const
[20200630 16:33:12 INFO /Volumes/data/work/1duo-coremltools/coremltools/converters/mil/frontend/torch/ops.py:49] Converting op 17 : constant
[20200630 16:33:12 INFO /Volumes/data/work/1duo-coremltools/coremltools/converters/mil/mil/builder.py:181] Adding op '17' of type const
[20200630 16:33:12 INFO /Volumes/data/work/1duo-coremltools/coremltools/converters/mil/frontend/torch/ops.py:49] Converting op 18 : constant
[20200630 16:33:12 INFO /Volumes/data/work/1duo-coremltools/coremltools/converters/mil/mil/builder.py:181] Adding op '18' of type const
[20200630 16:33:12 INFO /Volumes/data/work/1duo-coremltools/coremltools/converters/mil/frontend/torch/ops.py:49] Converting op 19 : constant
[20200630 16:33:12 INFO /Volumes/data/work/1duo-coremltools/coremltools/converters/mil/mil/builder.py:181] Adding op '19' of type const
[20200630 16:33:12 INFO /Volumes/data/work/1duo-coremltools/coremltools/converters/mil/frontend/torch/ops.py:49] Converting op 20 : _convolution
[20200630 16:33:12 INFO /Volumes/data/work/1duo-coremltools/coremltools/converters/mil/mil/builder.py:181] Adding op '20' of type conv
[20200630 16:33:12 DEBUG /Volumes/data/work/1duo-coremltools/coremltools/converters/mil/mil/builder.py:93] Adding const op '20_pad_type_11'
[20200630 16:33:12 INFO /Volumes/data/work/1duo-coremltools/coremltools/converters/mil/mil/builder.py:181] Adding op '20_pad_type_11' of type const
[20200630 16:33:12 DEBUG /Volumes/data/work/1duo-coremltools/coremltools/converters/mil/mil/builder.py:93] Adding const op '20_pad_11'
[20200630 16:33:12 INFO /Volumes/data/work/1duo-coremltools/coremltools/converters/mil/mil/builder.py:181] Adding op '20_pad_11' of type const
[20200630 16:33:12 DEBUG /Volumes/data/work/1duo-coremltools/coremltools/converters/mil/mil/passes/common_pass.py:30] Program before common passes:
main(%input: (1, 1, 5, 5, fp32)) {
  block30() {
    %1: (1, 1, 3, 3, fp32)* = const(val=[[[[-0.16143572330474854, 0.05516314506530762, 0.08255958557128906], [0.07151731848716736, -0.24426285922527313, -0.08063888549804688], [0.23773643374443054, 0.03584209084510803, 0.1097850501537323]]]], name="1")
    %2: (1,fp32)* = const(val=[0.16426372528076172], name="2")
    %21: (2,i32)* = const(val=[1, 1], name="21")
    %22: (2,i32)* = const(val=[3, 3], name="22")
    %23: (2,i32)* = const(val=[3, 3], name="23")
    %12: (bool)* = const(val=False, name="12")
    %24: (2,i32)* = const(val=[0, 0], name="24")
    %16: (i32)* = const(val=1, name="16")
    %17: (bool)* = const(val=False, name="17")
    %18: (bool)* = const(val=False, name="18")
    %19: (bool)* = const(val=True, name="19")
    %20_pad_type_11: (str)* = const(val="custom", name="20_pad_type_11")
    %20_pad_11: (4,i32)* = const(val=[3, 3, 3, 3], name="20_pad_11")
    %20: (1, 1, 5, 5, fp32) = conv(x=%input, weight=%1, bias=%2, strides=%21, pad_type=%20_pad_type_11, pad=%20_pad_11, dilations=%23, groups=%16, name="20")
  } -> (%20)
}

[20200630 16:33:12 INFO /Volumes/data/work/1duo-coremltools/coremltools/converters/mil/mil/passes/common_pass.py:34] Performing pass: "common::const_elimination"
[20200630 16:33:12 INFO /Volumes/data/work/1duo-coremltools/coremltools/converters/mil/mil/passes/common_pass.py:34] Performing pass: "common::divide_to_multiply"
[20200630 16:33:12 INFO /Volumes/data/work/1duo-coremltools/coremltools/converters/mil/mil/passes/common_pass.py:34] Performing pass: "common::fuse_matmul_weight_bias"
[20200630 16:33:12 INFO /Volumes/data/work/1duo-coremltools/coremltools/converters/mil/mil/passes/common_pass.py:34] Performing pass: "common::const_elimination"
[20200630 16:33:12 INFO /Volumes/data/work/1duo-coremltools/coremltools/converters/mil/mil/passes/common_pass.py:34] Performing pass: "common::loop_invariant_elimination"
[20200630 16:33:12 INFO /Volumes/data/work/1duo-coremltools/coremltools/converters/mil/mil/passes/common_pass.py:34] Performing pass: "common::remove_symbolic_reshape"
[20200630 16:33:12 INFO /Volumes/data/work/1duo-coremltools/coremltools/converters/mil/mil/passes/remove_symbolic_reshape.py:104] remove_symbolic_reshape: changed 0 reshapes.
[20200630 16:33:12 INFO /Volumes/data/work/1duo-coremltools/coremltools/converters/mil/mil/passes/common_pass.py:34] Performing pass: "common::fuse_gelu_tanh_approximation"
[20200630 16:33:12 INFO /Volumes/data/work/1duo-coremltools/coremltools/converters/mil/mil/passes/common_pass.py:34] Performing pass: "common::reduce_transposes"
[20200630 16:33:12 DEBUG /Volumes/data/work/1duo-coremltools/coremltools/converters/mil/mil/passes/reduce_transposes.py:989] Block before optimize transpose transform:
function(%input: (1, 1, 5, 5, fp32)) {
  block30() {
    %1: (1, 1, 3, 3, fp32)* = const(val=[[[[-0.16143572330474854, 0.05516314506530762, 0.08255958557128906], [0.07151731848716736, -0.24426285922527313, -0.08063888549804688], [0.23773643374443054, 0.03584209084510803, 0.1097850501537323]]]], name="1")
    %2: (1,fp32)* = const(val=[0.16426372528076172], name="2")
    %21: (2,i32)* = const(val=[1, 1], name="21")
    %22: (2,i32)* = const(val=[3, 3], name="22")
    %23: (2,i32)* = const(val=[3, 3], name="23")
    %12: (bool)* = const(val=False, name="12")
    %24: (2,i32)* = const(val=[0, 0], name="24")
    %16: (i32)* = const(val=1, name="16")
    %17: (bool)* = const(val=False, name="17")
    %18: (bool)* = const(val=False, name="18")
    %19: (bool)* = const(val=True, name="19")
    %20_pad_type_11: (str)* = const(val="custom", name="20_pad_type_11")
    %20_pad_11: (4,i32)* = const(val=[3, 3, 3, 3], name="20_pad_11")
    %20: (1, 1, 5, 5, fp32) = conv(x=%input, weight=%1, bias=%2, strides=%21, pad_type=%20_pad_type_11, pad=%20_pad_11, dilations=%23, groups=%16, name="20")
  } -> (%20)
}

[20200630 16:33:12 DEBUG /Volumes/data/work/1duo-coremltools/coremltools/converters/mil/mil/passes/reduce_transposes.py:1024] Block after optimize transpose transform:
function(%input: (1, 1, 5, 5, fp32)) {
  block30() {
    %1: (1, 1, 3, 3, fp32)* = const(val=[[[[-0.16143572330474854, 0.05516314506530762, 0.08255958557128906], [0.07151731848716736, -0.24426285922527313, -0.08063888549804688], [0.23773643374443054, 0.03584209084510803, 0.1097850501537323]]]], name="1")
    %2: (1,fp32)* = const(val=[0.16426372528076172], name="2")
    %21: (2,i32)* = const(val=[1, 1], name="21")
    %22: (2,i32)* = const(val=[3, 3], name="22")
    %23: (2,i32)* = const(val=[3, 3], name="23")
    %12: (bool)* = const(val=False, name="12")
    %24: (2,i32)* = const(val=[0, 0], name="24")
    %16: (i32)* = const(val=1, name="16")
    %17: (bool)* = const(val=False, name="17")
    %18: (bool)* = const(val=False, name="18")
    %19: (bool)* = const(val=True, name="19")
    %20_pad_type_11: (str)* = const(val="custom", name="20_pad_type_11")
    %20_pad_11: (4,i32)* = const(val=[3, 3, 3, 3], name="20_pad_11")
    %20: (1, 1, 5, 5, fp32) = conv(x=%input, weight=%1, bias=%2, strides=%21, pad_type=%20_pad_type_11, pad=%20_pad_11, dilations=%23, groups=%16, name="20")
  } -> (%20)
}

[20200630 16:33:12 INFO /Volumes/data/work/1duo-coremltools/coremltools/converters/mil/mil/passes/common_pass.py:34] Performing pass: "common::fuse_bias_conv"
[20200630 16:33:12 INFO /Volumes/data/work/1duo-coremltools/coremltools/converters/mil/mil/passes/common_pass.py:34] Performing pass: "common::fuse_elementwise_to_batchnorm"
[20200630 16:33:12 INFO /Volumes/data/work/1duo-coremltools/coremltools/converters/mil/mil/passes/common_pass.py:34] Performing pass: "common::fuse_onehot_matmul_to_gather"
[20200630 16:33:12 INFO /Volumes/data/work/1duo-coremltools/coremltools/converters/mil/mil/passes/common_pass.py:34] Performing pass: "common::fuse_layernorm_or_instancenorm"
[20200630 16:33:12 INFO /Volumes/data/work/1duo-coremltools/coremltools/converters/mil/mil/passes/common_pass.py:34] Performing pass: "common::dead_code_elimination"
[20200630 16:33:12 INFO /Volumes/data/work/1duo-coremltools/coremltools/converters/mil/mil/passes/dead_code_elimination.py:35] Removing op "19" (type: const)
[20200630 16:33:12 INFO /Volumes/data/work/1duo-coremltools/coremltools/converters/mil/mil/passes/dead_code_elimination.py:35] Removing op "18" (type: const)
[20200630 16:33:12 INFO /Volumes/data/work/1duo-coremltools/coremltools/converters/mil/mil/passes/dead_code_elimination.py:35] Removing op "17" (type: const)
[20200630 16:33:12 INFO /Volumes/data/work/1duo-coremltools/coremltools/converters/mil/mil/passes/dead_code_elimination.py:35] Removing op "24" (type: const)
[20200630 16:33:12 INFO /Volumes/data/work/1duo-coremltools/coremltools/converters/mil/mil/passes/dead_code_elimination.py:35] Removing op "12" (type: const)
[20200630 16:33:12 INFO /Volumes/data/work/1duo-coremltools/coremltools/converters/mil/mil/passes/dead_code_elimination.py:35] Removing op "22" (type: const)
[20200630 16:33:12 DEBUG /Volumes/data/work/1duo-coremltools/coremltools/converters/mil/mil/passes/common_pass.py:38] Program after common passes:
main(%input: (1, 1, 5, 5, fp32)) {
  block30() {
    %1: (1, 1, 3, 3, fp32)* = const(val=[[[[-0.16143572330474854, 0.05516314506530762, 0.08255958557128906], [0.07151731848716736, -0.24426285922527313, -0.08063888549804688], [0.23773643374443054, 0.03584209084510803, 0.1097850501537323]]]], name="1")
    %2: (1,fp32)* = const(val=[0.16426372528076172], name="2")
    %21: (2,i32)* = const(val=[1, 1], name="21")
    %23: (2,i32)* = const(val=[3, 3], name="23")
    %16: (i32)* = const(val=1, name="16")
    %20_pad_type_11: (str)* = const(val="custom", name="20_pad_type_11")
    %20_pad_11: (4,i32)* = const(val=[3, 3, 3, 3], name="20_pad_11")
    %20: (1, 1, 5, 5, fp32) = conv(x=%input, weight=%1, bias=%2, strides=%21, pad_type=%20_pad_type_11, pad=%20_pad_11, dilations=%23, groups=%16, name="20")
  } -> (%20)
}

[20200630 16:33:12 INFO /Volumes/data/work/1duo-coremltools/coremltools/converters/mil/backend/nn/passes/nn_passes.py:22] Performing passes for nn_backend: "nn_backend::commingle_loop_vars"
[20200630 16:33:12 INFO /Volumes/data/work/1duo-coremltools/coremltools/converters/mil/backend/nn/passes/nn_passes.py:22] Performing passes for nn_backend: "nn_backend::handle_return_inputs_as_outputs"
[20200630 16:33:12 INFO /Volumes/data/work/1duo-coremltools/coremltools/converters/mil/backend/nn/passes/nn_passes.py:22] Performing passes for nn_backend: "common::const_elimination"
[20200630 16:33:12 INFO /Volumes/data/work/1duo-coremltools/coremltools/converters/mil/backend/nn/passes/nn_passes.py:22] Performing passes for nn_backend: "common::dead_code_elimination"
[20200630 16:33:12 INFO /Volumes/data/work/1duo-coremltools/coremltools/converters/mil/backend/nn/passes/nn_passes.py:22] Performing passes for nn_backend: "nn_backend::handle_unused_inputs"
[20200630 16:33:12 INFO /Volumes/data/work/1duo-coremltools/coremltools/converters/mil/backend/nn/passes/nn_passes.py:22] Performing passes for nn_backend: "nn_backend::alert_return_type_cast"
[20200630 16:33:12 DEBUG /Volumes/data/work/1duo-coremltools/coremltools/converters/mil/backend/nn/passes/nn_passes.py:26] Program after nn backend passes:
main(%input: (1, 1, 5, 5, fp32)) {
  block30() {
    %1: (1, 1, 3, 3, fp32)* = const(val=[[[[-0.16143572330474854, 0.05516314506530762, 0.08255958557128906], [0.07151731848716736, -0.24426285922527313, -0.08063888549804688], [0.23773643374443054, 0.03584209084510803, 0.1097850501537323]]]], name="1")
    %2: (1,fp32)* = const(val=[0.16426372528076172], name="2")
    %21: (2,i32)* = const(val=[1, 1], name="21")
    %23: (2,i32)* = const(val=[3, 3], name="23")
    %16: (i32)* = const(val=1, name="16")
    %20_pad_type_11: (str)* = const(val="custom", name="20_pad_type_11")
    %20_pad_11: (4,i32)* = const(val=[3, 3, 3, 3], name="20_pad_11")
    %20: (1, 1, 5, 5, fp32) = conv(x=%input, weight=%1, bias=%2, strides=%21, pad_type=%20_pad_type_11, pad=%20_pad_11, dilations=%23, groups=%16, name="20")
  } -> (%20)
}

[20200630 16:33:13 INFO /Volumes/data/work/1duo-coremltools/coremltools/converters/mil/frontend/torch/converter.py:269] Converting graph.
[20200630 16:33:13 INFO /Volumes/data/work/1duo-coremltools/coremltools/converters/mil/mil/builder.py:181] Adding op '1' of type const
[20200630 16:33:13 INFO /Volumes/data/work/1duo-coremltools/coremltools/converters/mil/mil/builder.py:181] Adding op '2' of type const
[20200630 16:33:13 INFO /Volumes/data/work/1duo-coremltools/coremltools/converters/mil/frontend/torch/ops.py:49] Converting op 21 : constant
[20200630 16:33:13 INFO /Volumes/data/work/1duo-coremltools/coremltools/converters/mil/mil/builder.py:181] Adding op '21' of type const
[20200630 16:33:13 INFO /Volumes/data/work/1duo-coremltools/coremltools/converters/mil/frontend/torch/ops.py:49] Converting op 22 : constant
[20200630 16:33:13 INFO /Volumes/data/work/1duo-coremltools/coremltools/converters/mil/mil/builder.py:181] Adding op '22' of type const
[20200630 16:33:13 INFO /Volumes/data/work/1duo-coremltools/coremltools/converters/mil/frontend/torch/ops.py:49] Converting op 23 : constant
[20200630 16:33:13 INFO /Volumes/data/work/1duo-coremltools/coremltools/converters/mil/mil/builder.py:181] Adding op '23' of type const
[20200630 16:33:13 INFO /Volumes/data/work/1duo-coremltools/coremltools/converters/mil/frontend/torch/ops.py:49] Converting op 12 : constant
[20200630 16:33:13 INFO /Volumes/data/work/1duo-coremltools/coremltools/converters/mil/mil/builder.py:181] Adding op '12' of type const
[20200630 16:33:13 INFO /Volumes/data/work/1duo-coremltools/coremltools/converters/mil/frontend/torch/ops.py:49] Converting op 24 : constant
[20200630 16:33:13 INFO /Volumes/data/work/1duo-coremltools/coremltools/converters/mil/mil/builder.py:181] Adding op '24' of type const
[20200630 16:33:13 INFO /Volumes/data/work/1duo-coremltools/coremltools/converters/mil/frontend/torch/ops.py:49] Converting op 16 : constant
[20200630 16:33:13 INFO /Volumes/data/work/1duo-coremltools/coremltools/converters/mil/mil/builder.py:181] Adding op '16' of type const
[20200630 16:33:13 INFO /Volumes/data/work/1duo-coremltools/coremltools/converters/mil/frontend/torch/ops.py:49] Converting op 17 : constant
[20200630 16:33:13 INFO /Volumes/data/work/1duo-coremltools/coremltools/converters/mil/mil/builder.py:181] Adding op '17' of type const
[20200630 16:33:13 INFO /Volumes/data/work/1duo-coremltools/coremltools/converters/mil/frontend/torch/ops.py:49] Converting op 18 : constant
[20200630 16:33:13 INFO /Volumes/data/work/1duo-coremltools/coremltools/converters/mil/mil/builder.py:181] Adding op '18' of type const
[20200630 16:33:13 INFO /Volumes/data/work/1duo-coremltools/coremltools/converters/mil/frontend/torch/ops.py:49] Converting op 19 : constant
[20200630 16:33:13 INFO /Volumes/data/work/1duo-coremltools/coremltools/converters/mil/mil/builder.py:181] Adding op '19' of type const
[20200630 16:33:13 INFO /Volumes/data/work/1duo-coremltools/coremltools/converters/mil/frontend/torch/ops.py:49] Converting op 20 : _convolution
[20200630 16:33:13 INFO /Volumes/data/work/1duo-coremltools/coremltools/converters/mil/mil/builder.py:181] Adding op '20' of type conv
[20200630 16:33:13 DEBUG /Volumes/data/work/1duo-coremltools/coremltools/converters/mil/mil/builder.py:93] Adding const op '20_pad_type_12'
[20200630 16:33:13 INFO /Volumes/data/work/1duo-coremltools/coremltools/converters/mil/mil/builder.py:181] Adding op '20_pad_type_12' of type const
[20200630 16:33:13 DEBUG /Volumes/data/work/1duo-coremltools/coremltools/converters/mil/mil/builder.py:93] Adding const op '20_pad_12'
[20200630 16:33:13 INFO /Volumes/data/work/1duo-coremltools/coremltools/converters/mil/mil/builder.py:181] Adding op '20_pad_12' of type const
[20200630 16:33:13 DEBUG /Volumes/data/work/1duo-coremltools/coremltools/converters/mil/mil/passes/common_pass.py:30] Program before common passes:
main(%input: (1, 1, 5, 5, fp32)) {
  block31() {
    %1: (1, 1, 3, 3, fp32)* = const(val=[[[[-0.0018443167209625244, -0.2701612412929535, 0.2495669424533844], [0.2945326864719391, -0.024494677782058716, 0.016393452882766724], [0.1356789767742157, -0.10646967589855194, -0.21615099906921387]]]], name="1")
    %2: (1,fp32)* = const(val=[0.21618255972862244], name="2")
    %21: (2,i32)* = const(val=[3, 3], name="21")
    %22: (2,i32)* = const(val=[1, 1], name="22")
    %23: (2,i32)* = const(val=[1, 1], name="23")
    %12: (bool)* = const(val=False, name="12")
    %24: (2,i32)* = const(val=[0, 0], name="24")
    %16: (i32)* = const(val=1, name="16")
    %17: (bool)* = const(val=False, name="17")
    %18: (bool)* = const(val=False, name="18")
    %19: (bool)* = const(val=True, name="19")
    %20_pad_type_12: (str)* = const(val="custom", name="20_pad_type_12")
    %20_pad_12: (4,i32)* = const(val=[1, 1, 1, 1], name="20_pad_12")
    %20: (1, 1, 2, 2, fp32) = conv(x=%input, weight=%1, bias=%2, strides=%21, pad_type=%20_pad_type_12, pad=%20_pad_12, dilations=%23, groups=%16, name="20")
  } -> (%20)
}

[20200630 16:33:13 INFO /Volumes/data/work/1duo-coremltools/coremltools/converters/mil/mil/passes/common_pass.py:34] Performing pass: "common::const_elimination"
[20200630 16:33:13 INFO /Volumes/data/work/1duo-coremltools/coremltools/converters/mil/mil/passes/common_pass.py:34] Performing pass: "common::divide_to_multiply"
[20200630 16:33:13 INFO /Volumes/data/work/1duo-coremltools/coremltools/converters/mil/mil/passes/common_pass.py:34] Performing pass: "common::fuse_matmul_weight_bias"
[20200630 16:33:13 INFO /Volumes/data/work/1duo-coremltools/coremltools/converters/mil/mil/passes/common_pass.py:34] Performing pass: "common::const_elimination"
[20200630 16:33:13 INFO /Volumes/data/work/1duo-coremltools/coremltools/converters/mil/mil/passes/common_pass.py:34] Performing pass: "common::loop_invariant_elimination"
[20200630 16:33:13 INFO /Volumes/data/work/1duo-coremltools/coremltools/converters/mil/mil/passes/common_pass.py:34] Performing pass: "common::remove_symbolic_reshape"
[20200630 16:33:13 INFO /Volumes/data/work/1duo-coremltools/coremltools/converters/mil/mil/passes/remove_symbolic_reshape.py:104] remove_symbolic_reshape: changed 0 reshapes.
[20200630 16:33:13 INFO /Volumes/data/work/1duo-coremltools/coremltools/converters/mil/mil/passes/common_pass.py:34] Performing pass: "common::fuse_gelu_tanh_approximation"
[20200630 16:33:13 INFO /Volumes/data/work/1duo-coremltools/coremltools/converters/mil/mil/passes/common_pass.py:34] Performing pass: "common::reduce_transposes"
[20200630 16:33:13 DEBUG /Volumes/data/work/1duo-coremltools/coremltools/converters/mil/mil/passes/reduce_transposes.py:989] Block before optimize transpose transform:
function(%input: (1, 1, 5, 5, fp32)) {
  block31() {
    %1: (1, 1, 3, 3, fp32)* = const(val=[[[[-0.0018443167209625244, -0.2701612412929535, 0.2495669424533844], [0.2945326864719391, -0.024494677782058716, 0.016393452882766724], [0.1356789767742157, -0.10646967589855194, -0.21615099906921387]]]], name="1")
    %2: (1,fp32)* = const(val=[0.21618255972862244], name="2")
    %21: (2,i32)* = const(val=[3, 3], name="21")
    %22: (2,i32)* = const(val=[1, 1], name="22")
    %23: (2,i32)* = const(val=[1, 1], name="23")
    %12: (bool)* = const(val=False, name="12")
    %24: (2,i32)* = const(val=[0, 0], name="24")
    %16: (i32)* = const(val=1, name="16")
    %17: (bool)* = const(val=False, name="17")
    %18: (bool)* = const(val=False, name="18")
    %19: (bool)* = const(val=True, name="19")
    %20_pad_type_12: (str)* = const(val="custom", name="20_pad_type_12")
    %20_pad_12: (4,i32)* = const(val=[1, 1, 1, 1], name="20_pad_12")
    %20: (1, 1, 2, 2, fp32) = conv(x=%input, weight=%1, bias=%2, strides=%21, pad_type=%20_pad_type_12, pad=%20_pad_12, dilations=%23, groups=%16, name="20")
  } -> (%20)
}

[20200630 16:33:13 DEBUG /Volumes/data/work/1duo-coremltools/coremltools/converters/mil/mil/passes/reduce_transposes.py:1024] Block after optimize transpose transform:
function(%input: (1, 1, 5, 5, fp32)) {
  block31() {
    %1: (1, 1, 3, 3, fp32)* = const(val=[[[[-0.0018443167209625244, -0.2701612412929535, 0.2495669424533844], [0.2945326864719391, -0.024494677782058716, 0.016393452882766724], [0.1356789767742157, -0.10646967589855194, -0.21615099906921387]]]], name="1")
    %2: (1,fp32)* = const(val=[0.21618255972862244], name="2")
    %21: (2,i32)* = const(val=[3, 3], name="21")
    %22: (2,i32)* = const(val=[1, 1], name="22")
    %23: (2,i32)* = const(val=[1, 1], name="23")
    %12: (bool)* = const(val=False, name="12")
    %24: (2,i32)* = const(val=[0, 0], name="24")
    %16: (i32)* = const(val=1, name="16")
    %17: (bool)* = const(val=False, name="17")
    %18: (bool)* = const(val=False, name="18")
    %19: (bool)* = const(val=True, name="19")
    %20_pad_type_12: (str)* = const(val="custom", name="20_pad_type_12")
    %20_pad_12: (4,i32)* = const(val=[1, 1, 1, 1], name="20_pad_12")
    %20: (1, 1, 2, 2, fp32) = conv(x=%input, weight=%1, bias=%2, strides=%21, pad_type=%20_pad_type_12, pad=%20_pad_12, dilations=%23, groups=%16, name="20")
  } -> (%20)
}

[20200630 16:33:13 INFO /Volumes/data/work/1duo-coremltools/coremltools/converters/mil/mil/passes/common_pass.py:34] Performing pass: "common::fuse_bias_conv"
[20200630 16:33:13 INFO /Volumes/data/work/1duo-coremltools/coremltools/converters/mil/mil/passes/common_pass.py:34] Performing pass: "common::fuse_elementwise_to_batchnorm"
[20200630 16:33:13 INFO /Volumes/data/work/1duo-coremltools/coremltools/converters/mil/mil/passes/common_pass.py:34] Performing pass: "common::fuse_onehot_matmul_to_gather"
[20200630 16:33:13 INFO /Volumes/data/work/1duo-coremltools/coremltools/converters/mil/mil/passes/common_pass.py:34] Performing pass: "common::fuse_layernorm_or_instancenorm"
[20200630 16:33:13 INFO /Volumes/data/work/1duo-coremltools/coremltools/converters/mil/mil/passes/common_pass.py:34] Performing pass: "common::dead_code_elimination"
[20200630 16:33:13 INFO /Volumes/data/work/1duo-coremltools/coremltools/converters/mil/mil/passes/dead_code_elimination.py:35] Removing op "19" (type: const)
[20200630 16:33:13 INFO /Volumes/data/work/1duo-coremltools/coremltools/converters/mil/mil/passes/dead_code_elimination.py:35] Removing op "18" (type: const)
[20200630 16:33:13 INFO /Volumes/data/work/1duo-coremltools/coremltools/converters/mil/mil/passes/dead_code_elimination.py:35] Removing op "17" (type: const)
[20200630 16:33:13 INFO /Volumes/data/work/1duo-coremltools/coremltools/converters/mil/mil/passes/dead_code_elimination.py:35] Removing op "24" (type: const)
[20200630 16:33:13 INFO /Volumes/data/work/1duo-coremltools/coremltools/converters/mil/mil/passes/dead_code_elimination.py:35] Removing op "12" (type: const)
[20200630 16:33:13 INFO /Volumes/data/work/1duo-coremltools/coremltools/converters/mil/mil/passes/dead_code_elimination.py:35] Removing op "22" (type: const)
[20200630 16:33:13 DEBUG /Volumes/data/work/1duo-coremltools/coremltools/converters/mil/mil/passes/common_pass.py:38] Program after common passes:
main(%input: (1, 1, 5, 5, fp32)) {
  block31() {
    %1: (1, 1, 3, 3, fp32)* = const(val=[[[[-0.0018443167209625244, -0.2701612412929535, 0.2495669424533844], [0.2945326864719391, -0.024494677782058716, 0.016393452882766724], [0.1356789767742157, -0.10646967589855194, -0.21615099906921387]]]], name="1")
    %2: (1,fp32)* = const(val=[0.21618255972862244], name="2")
    %21: (2,i32)* = const(val=[3, 3], name="21")
    %23: (2,i32)* = const(val=[1, 1], name="23")
    %16: (i32)* = const(val=1, name="16")
    %20_pad_type_12: (str)* = const(val="custom", name="20_pad_type_12")
    %20_pad_12: (4,i32)* = const(val=[1, 1, 1, 1], name="20_pad_12")
    %20: (1, 1, 2, 2, fp32) = conv(x=%input, weight=%1, bias=%2, strides=%21, pad_type=%20_pad_type_12, pad=%20_pad_12, dilations=%23, groups=%16, name="20")
  } -> (%20)
}

[20200630 16:33:13 INFO /Volumes/data/work/1duo-coremltools/coremltools/converters/mil/backend/nn/passes/nn_passes.py:22] Performing passes for nn_backend: "nn_backend::commingle_loop_vars"
[20200630 16:33:13 INFO /Volumes/data/work/1duo-coremltools/coremltools/converters/mil/backend/nn/passes/nn_passes.py:22] Performing passes for nn_backend: "nn_backend::handle_return_inputs_as_outputs"
[20200630 16:33:13 INFO /Volumes/data/work/1duo-coremltools/coremltools/converters/mil/backend/nn/passes/nn_passes.py:22] Performing passes for nn_backend: "common::const_elimination"
[20200630 16:33:13 INFO /Volumes/data/work/1duo-coremltools/coremltools/converters/mil/backend/nn/passes/nn_passes.py:22] Performing passes for nn_backend: "common::dead_code_elimination"
[20200630 16:33:13 INFO /Volumes/data/work/1duo-coremltools/coremltools/converters/mil/backend/nn/passes/nn_passes.py:22] Performing passes for nn_backend: "nn_backend::handle_unused_inputs"
[20200630 16:33:13 INFO /Volumes/data/work/1duo-coremltools/coremltools/converters/mil/backend/nn/passes/nn_passes.py:22] Performing passes for nn_backend: "nn_backend::alert_return_type_cast"
[20200630 16:33:13 DEBUG /Volumes/data/work/1duo-coremltools/coremltools/converters/mil/backend/nn/passes/nn_passes.py:26] Program after nn backend passes:
main(%input: (1, 1, 5, 5, fp32)) {
  block31() {
    %1: (1, 1, 3, 3, fp32)* = const(val=[[[[-0.0018443167209625244, -0.2701612412929535, 0.2495669424533844], [0.2945326864719391, -0.024494677782058716, 0.016393452882766724], [0.1356789767742157, -0.10646967589855194, -0.21615099906921387]]]], name="1")
    %2: (1,fp32)* = const(val=[0.21618255972862244], name="2")
    %21: (2,i32)* = const(val=[3, 3], name="21")
    %23: (2,i32)* = const(val=[1, 1], name="23")
    %16: (i32)* = const(val=1, name="16")
    %20_pad_type_12: (str)* = const(val="custom", name="20_pad_type_12")
    %20_pad_12: (4,i32)* = const(val=[1, 1, 1, 1], name="20_pad_12")
    %20: (1, 1, 2, 2, fp32) = conv(x=%input, weight=%1, bias=%2, strides=%21, pad_type=%20_pad_type_12, pad=%20_pad_12, dilations=%23, groups=%16, name="20")
  } -> (%20)
}

[20200630 16:33:13 INFO /Volumes/data/work/1duo-coremltools/coremltools/converters/mil/frontend/torch/converter.py:269] Converting graph.
[20200630 16:33:13 INFO /Volumes/data/work/1duo-coremltools/coremltools/converters/mil/mil/builder.py:181] Adding op '1' of type const
[20200630 16:33:13 INFO /Volumes/data/work/1duo-coremltools/coremltools/converters/mil/mil/builder.py:181] Adding op '2' of type const
[20200630 16:33:13 INFO /Volumes/data/work/1duo-coremltools/coremltools/converters/mil/frontend/torch/ops.py:49] Converting op 21 : constant
[20200630 16:33:13 INFO /Volumes/data/work/1duo-coremltools/coremltools/converters/mil/mil/builder.py:181] Adding op '21' of type const
[20200630 16:33:13 INFO /Volumes/data/work/1duo-coremltools/coremltools/converters/mil/frontend/torch/ops.py:49] Converting op 22 : constant
[20200630 16:33:13 INFO /Volumes/data/work/1duo-coremltools/coremltools/converters/mil/mil/builder.py:181] Adding op '22' of type const
[20200630 16:33:13 INFO /Volumes/data/work/1duo-coremltools/coremltools/converters/mil/frontend/torch/ops.py:49] Converting op 23 : constant
[20200630 16:33:13 INFO /Volumes/data/work/1duo-coremltools/coremltools/converters/mil/mil/builder.py:181] Adding op '23' of type const
[20200630 16:33:13 INFO /Volumes/data/work/1duo-coremltools/coremltools/converters/mil/frontend/torch/ops.py:49] Converting op 12 : constant
[20200630 16:33:13 INFO /Volumes/data/work/1duo-coremltools/coremltools/converters/mil/mil/builder.py:181] Adding op '12' of type const
[20200630 16:33:13 INFO /Volumes/data/work/1duo-coremltools/coremltools/converters/mil/frontend/torch/ops.py:49] Converting op 24 : constant
[20200630 16:33:13 INFO /Volumes/data/work/1duo-coremltools/coremltools/converters/mil/mil/builder.py:181] Adding op '24' of type const
[20200630 16:33:13 INFO /Volumes/data/work/1duo-coremltools/coremltools/converters/mil/frontend/torch/ops.py:49] Converting op 16 : constant
[20200630 16:33:13 INFO /Volumes/data/work/1duo-coremltools/coremltools/converters/mil/mil/builder.py:181] Adding op '16' of type const
[20200630 16:33:13 INFO /Volumes/data/work/1duo-coremltools/coremltools/converters/mil/frontend/torch/ops.py:49] Converting op 17 : constant
[20200630 16:33:13 INFO /Volumes/data/work/1duo-coremltools/coremltools/converters/mil/mil/builder.py:181] Adding op '17' of type const
[20200630 16:33:13 INFO /Volumes/data/work/1duo-coremltools/coremltools/converters/mil/frontend/torch/ops.py:49] Converting op 18 : constant
[20200630 16:33:13 INFO /Volumes/data/work/1duo-coremltools/coremltools/converters/mil/mil/builder.py:181] Adding op '18' of type const
[20200630 16:33:13 INFO /Volumes/data/work/1duo-coremltools/coremltools/converters/mil/frontend/torch/ops.py:49] Converting op 19 : constant
[20200630 16:33:13 INFO /Volumes/data/work/1duo-coremltools/coremltools/converters/mil/mil/builder.py:181] Adding op '19' of type const
[20200630 16:33:13 INFO /Volumes/data/work/1duo-coremltools/coremltools/converters/mil/frontend/torch/ops.py:49] Converting op 20 : _convolution
[20200630 16:33:13 INFO /Volumes/data/work/1duo-coremltools/coremltools/converters/mil/mil/builder.py:181] Adding op '20' of type conv
[20200630 16:33:13 DEBUG /Volumes/data/work/1duo-coremltools/coremltools/converters/mil/mil/builder.py:93] Adding const op '20_pad_type_13'
[20200630 16:33:13 INFO /Volumes/data/work/1duo-coremltools/coremltools/converters/mil/mil/builder.py:181] Adding op '20_pad_type_13' of type const
[20200630 16:33:13 DEBUG /Volumes/data/work/1duo-coremltools/coremltools/converters/mil/mil/builder.py:93] Adding const op '20_pad_13'
[20200630 16:33:13 INFO /Volumes/data/work/1duo-coremltools/coremltools/converters/mil/mil/builder.py:181] Adding op '20_pad_13' of type const
[20200630 16:33:13 DEBUG /Volumes/data/work/1duo-coremltools/coremltools/converters/mil/mil/passes/common_pass.py:30] Program before common passes:
main(%input: (1, 1, 5, 5, fp32)) {
  block32() {
    %1: (1, 1, 3, 3, fp32)* = const(val=[[[[-0.16312651336193085, 0.1807328760623932, -0.32179707288742065], [-0.027674198150634766, -0.19376933574676514, 0.09758281707763672], [0.12739264965057373, -0.3034636378288269, 0.1162596046924591]]]], name="1")
    %2: (1,fp32)* = const(val=[0.04201924800872803], name="2")
    %21: (2,i32)* = const(val=[3, 3], name="21")
    %22: (2,i32)* = const(val=[1, 1], name="22")
    %23: (2,i32)* = const(val=[3, 3], name="23")
    %12: (bool)* = const(val=False, name="12")
    %24: (2,i32)* = const(val=[0, 0], name="24")
    %16: (i32)* = const(val=1, name="16")
    %17: (bool)* = const(val=False, name="17")
    %18: (bool)* = const(val=False, name="18")
    %19: (bool)* = const(val=True, name="19")
    %20_pad_type_13: (str)* = const(val="custom", name="20_pad_type_13")
    %20_pad_13: (4,i32)* = const(val=[1, 1, 1, 1], name="20_pad_13")
    %20: (1, 1, 1, 1, fp32) = conv(x=%input, weight=%1, bias=%2, strides=%21, pad_type=%20_pad_type_13, pad=%20_pad_13, dilations=%23, groups=%16, name="20")
  } -> (%20)
}

[20200630 16:33:13 INFO /Volumes/data/work/1duo-coremltools/coremltools/converters/mil/mil/passes/common_pass.py:34] Performing pass: "common::const_elimination"
[20200630 16:33:13 INFO /Volumes/data/work/1duo-coremltools/coremltools/converters/mil/mil/passes/common_pass.py:34] Performing pass: "common::divide_to_multiply"
[20200630 16:33:13 INFO /Volumes/data/work/1duo-coremltools/coremltools/converters/mil/mil/passes/common_pass.py:34] Performing pass: "common::fuse_matmul_weight_bias"
[20200630 16:33:13 INFO /Volumes/data/work/1duo-coremltools/coremltools/converters/mil/mil/passes/common_pass.py:34] Performing pass: "common::const_elimination"
[20200630 16:33:13 INFO /Volumes/data/work/1duo-coremltools/coremltools/converters/mil/mil/passes/common_pass.py:34] Performing pass: "common::loop_invariant_elimination"
[20200630 16:33:13 INFO /Volumes/data/work/1duo-coremltools/coremltools/converters/mil/mil/passes/common_pass.py:34] Performing pass: "common::remove_symbolic_reshape"
[20200630 16:33:13 INFO /Volumes/data/work/1duo-coremltools/coremltools/converters/mil/mil/passes/remove_symbolic_reshape.py:104] remove_symbolic_reshape: changed 0 reshapes.
[20200630 16:33:13 INFO /Volumes/data/work/1duo-coremltools/coremltools/converters/mil/mil/passes/common_pass.py:34] Performing pass: "common::fuse_gelu_tanh_approximation"
[20200630 16:33:13 INFO /Volumes/data/work/1duo-coremltools/coremltools/converters/mil/mil/passes/common_pass.py:34] Performing pass: "common::reduce_transposes"
[20200630 16:33:13 DEBUG /Volumes/data/work/1duo-coremltools/coremltools/converters/mil/mil/passes/reduce_transposes.py:989] Block before optimize transpose transform:
function(%input: (1, 1, 5, 5, fp32)) {
  block32() {
    %1: (1, 1, 3, 3, fp32)* = const(val=[[[[-0.16312651336193085, 0.1807328760623932, -0.32179707288742065], [-0.027674198150634766, -0.19376933574676514, 0.09758281707763672], [0.12739264965057373, -0.3034636378288269, 0.1162596046924591]]]], name="1")
    %2: (1,fp32)* = const(val=[0.04201924800872803], name="2")
    %21: (2,i32)* = const(val=[3, 3], name="21")
    %22: (2,i32)* = const(val=[1, 1], name="22")
    %23: (2,i32)* = const(val=[3, 3], name="23")
    %12: (bool)* = const(val=False, name="12")
    %24: (2,i32)* = const(val=[0, 0], name="24")
    %16: (i32)* = const(val=1, name="16")
    %17: (bool)* = const(val=False, name="17")
    %18: (bool)* = const(val=False, name="18")
    %19: (bool)* = const(val=True, name="19")
    %20_pad_type_13: (str)* = const(val="custom", name="20_pad_type_13")
    %20_pad_13: (4,i32)* = const(val=[1, 1, 1, 1], name="20_pad_13")
    %20: (1, 1, 1, 1, fp32) = conv(x=%input, weight=%1, bias=%2, strides=%21, pad_type=%20_pad_type_13, pad=%20_pad_13, dilations=%23, groups=%16, name="20")
  } -> (%20)
}

[20200630 16:33:13 DEBUG /Volumes/data/work/1duo-coremltools/coremltools/converters/mil/mil/passes/reduce_transposes.py:1024] Block after optimize transpose transform:
function(%input: (1, 1, 5, 5, fp32)) {
  block32() {
    %1: (1, 1, 3, 3, fp32)* = const(val=[[[[-0.16312651336193085, 0.1807328760623932, -0.32179707288742065], [-0.027674198150634766, -0.19376933574676514, 0.09758281707763672], [0.12739264965057373, -0.3034636378288269, 0.1162596046924591]]]], name="1")
    %2: (1,fp32)* = const(val=[0.04201924800872803], name="2")
    %21: (2,i32)* = const(val=[3, 3], name="21")
    %22: (2,i32)* = const(val=[1, 1], name="22")
    %23: (2,i32)* = const(val=[3, 3], name="23")
    %12: (bool)* = const(val=False, name="12")
    %24: (2,i32)* = const(val=[0, 0], name="24")
    %16: (i32)* = const(val=1, name="16")
    %17: (bool)* = const(val=False, name="17")
    %18: (bool)* = const(val=False, name="18")
    %19: (bool)* = const(val=True, name="19")
    %20_pad_type_13: (str)* = const(val="custom", name="20_pad_type_13")
    %20_pad_13: (4,i32)* = const(val=[1, 1, 1, 1], name="20_pad_13")
    %20: (1, 1, 1, 1, fp32) = conv(x=%input, weight=%1, bias=%2, strides=%21, pad_type=%20_pad_type_13, pad=%20_pad_13, dilations=%23, groups=%16, name="20")
  } -> (%20)
}

[20200630 16:33:13 INFO /Volumes/data/work/1duo-coremltools/coremltools/converters/mil/mil/passes/common_pass.py:34] Performing pass: "common::fuse_bias_conv"
[20200630 16:33:13 INFO /Volumes/data/work/1duo-coremltools/coremltools/converters/mil/mil/passes/common_pass.py:34] Performing pass: "common::fuse_elementwise_to_batchnorm"
[20200630 16:33:13 INFO /Volumes/data/work/1duo-coremltools/coremltools/converters/mil/mil/passes/common_pass.py:34] Performing pass: "common::fuse_onehot_matmul_to_gather"
[20200630 16:33:13 INFO /Volumes/data/work/1duo-coremltools/coremltools/converters/mil/mil/passes/common_pass.py:34] Performing pass: "common::fuse_layernorm_or_instancenorm"
[20200630 16:33:13 INFO /Volumes/data/work/1duo-coremltools/coremltools/converters/mil/mil/passes/common_pass.py:34] Performing pass: "common::dead_code_elimination"
[20200630 16:33:13 INFO /Volumes/data/work/1duo-coremltools/coremltools/converters/mil/mil/passes/dead_code_elimination.py:35] Removing op "19" (type: const)
[20200630 16:33:13 INFO /Volumes/data/work/1duo-coremltools/coremltools/converters/mil/mil/passes/dead_code_elimination.py:35] Removing op "18" (type: const)
[20200630 16:33:13 INFO /Volumes/data/work/1duo-coremltools/coremltools/converters/mil/mil/passes/dead_code_elimination.py:35] Removing op "17" (type: const)
[20200630 16:33:13 INFO /Volumes/data/work/1duo-coremltools/coremltools/converters/mil/mil/passes/dead_code_elimination.py:35] Removing op "24" (type: const)
[20200630 16:33:13 INFO /Volumes/data/work/1duo-coremltools/coremltools/converters/mil/mil/passes/dead_code_elimination.py:35] Removing op "12" (type: const)
[20200630 16:33:13 INFO /Volumes/data/work/1duo-coremltools/coremltools/converters/mil/mil/passes/dead_code_elimination.py:35] Removing op "22" (type: const)
[20200630 16:33:13 DEBUG /Volumes/data/work/1duo-coremltools/coremltools/converters/mil/mil/passes/common_pass.py:38] Program after common passes:
main(%input: (1, 1, 5, 5, fp32)) {
  block32() {
    %1: (1, 1, 3, 3, fp32)* = const(val=[[[[-0.16312651336193085, 0.1807328760623932, -0.32179707288742065], [-0.027674198150634766, -0.19376933574676514, 0.09758281707763672], [0.12739264965057373, -0.3034636378288269, 0.1162596046924591]]]], name="1")
    %2: (1,fp32)* = const(val=[0.04201924800872803], name="2")
    %21: (2,i32)* = const(val=[3, 3], name="21")
    %23: (2,i32)* = const(val=[3, 3], name="23")
    %16: (i32)* = const(val=1, name="16")
    %20_pad_type_13: (str)* = const(val="custom", name="20_pad_type_13")
    %20_pad_13: (4,i32)* = const(val=[1, 1, 1, 1], name="20_pad_13")
    %20: (1, 1, 1, 1, fp32) = conv(x=%input, weight=%1, bias=%2, strides=%21, pad_type=%20_pad_type_13, pad=%20_pad_13, dilations=%23, groups=%16, name="20")
  } -> (%20)
}

[20200630 16:33:13 INFO /Volumes/data/work/1duo-coremltools/coremltools/converters/mil/backend/nn/passes/nn_passes.py:22] Performing passes for nn_backend: "nn_backend::commingle_loop_vars"
[20200630 16:33:13 INFO /Volumes/data/work/1duo-coremltools/coremltools/converters/mil/backend/nn/passes/nn_passes.py:22] Performing passes for nn_backend: "nn_backend::handle_return_inputs_as_outputs"
[20200630 16:33:13 INFO /Volumes/data/work/1duo-coremltools/coremltools/converters/mil/backend/nn/passes/nn_passes.py:22] Performing passes for nn_backend: "common::const_elimination"
[20200630 16:33:13 INFO /Volumes/data/work/1duo-coremltools/coremltools/converters/mil/backend/nn/passes/nn_passes.py:22] Performing passes for nn_backend: "common::dead_code_elimination"
[20200630 16:33:13 INFO /Volumes/data/work/1duo-coremltools/coremltools/converters/mil/backend/nn/passes/nn_passes.py:22] Performing passes for nn_backend: "nn_backend::handle_unused_inputs"
[20200630 16:33:13 INFO /Volumes/data/work/1duo-coremltools/coremltools/converters/mil/backend/nn/passes/nn_passes.py:22] Performing passes for nn_backend: "nn_backend::alert_return_type_cast"
[20200630 16:33:13 DEBUG /Volumes/data/work/1duo-coremltools/coremltools/converters/mil/backend/nn/passes/nn_passes.py:26] Program after nn backend passes:
main(%input: (1, 1, 5, 5, fp32)) {
  block32() {
    %1: (1, 1, 3, 3, fp32)* = const(val=[[[[-0.16312651336193085, 0.1807328760623932, -0.32179707288742065], [-0.027674198150634766, -0.19376933574676514, 0.09758281707763672], [0.12739264965057373, -0.3034636378288269, 0.1162596046924591]]]], name="1")
    %2: (1,fp32)* = const(val=[0.04201924800872803], name="2")
    %21: (2,i32)* = const(val=[3, 3], name="21")
    %23: (2,i32)* = const(val=[3, 3], name="23")
    %16: (i32)* = const(val=1, name="16")
    %20_pad_type_13: (str)* = const(val="custom", name="20_pad_type_13")
    %20_pad_13: (4,i32)* = const(val=[1, 1, 1, 1], name="20_pad_13")
    %20: (1, 1, 1, 1, fp32) = conv(x=%input, weight=%1, bias=%2, strides=%21, pad_type=%20_pad_type_13, pad=%20_pad_13, dilations=%23, groups=%16, name="20")
  } -> (%20)
}

[20200630 16:33:13 INFO /Volumes/data/work/1duo-coremltools/coremltools/converters/mil/frontend/torch/converter.py:269] Converting graph.
[20200630 16:33:13 INFO /Volumes/data/work/1duo-coremltools/coremltools/converters/mil/mil/builder.py:181] Adding op '1' of type const
[20200630 16:33:13 INFO /Volumes/data/work/1duo-coremltools/coremltools/converters/mil/mil/builder.py:181] Adding op '2' of type const
[20200630 16:33:13 INFO /Volumes/data/work/1duo-coremltools/coremltools/converters/mil/frontend/torch/ops.py:49] Converting op 21 : constant
[20200630 16:33:13 INFO /Volumes/data/work/1duo-coremltools/coremltools/converters/mil/mil/builder.py:181] Adding op '21' of type const
[20200630 16:33:13 INFO /Volumes/data/work/1duo-coremltools/coremltools/converters/mil/frontend/torch/ops.py:49] Converting op 22 : constant
[20200630 16:33:13 INFO /Volumes/data/work/1duo-coremltools/coremltools/converters/mil/mil/builder.py:181] Adding op '22' of type const
[20200630 16:33:13 INFO /Volumes/data/work/1duo-coremltools/coremltools/converters/mil/frontend/torch/ops.py:49] Converting op 23 : constant
[20200630 16:33:13 INFO /Volumes/data/work/1duo-coremltools/coremltools/converters/mil/mil/builder.py:181] Adding op '23' of type const
[20200630 16:33:13 INFO /Volumes/data/work/1duo-coremltools/coremltools/converters/mil/frontend/torch/ops.py:49] Converting op 12 : constant
[20200630 16:33:13 INFO /Volumes/data/work/1duo-coremltools/coremltools/converters/mil/mil/builder.py:181] Adding op '12' of type const
[20200630 16:33:13 INFO /Volumes/data/work/1duo-coremltools/coremltools/converters/mil/frontend/torch/ops.py:49] Converting op 24 : constant
[20200630 16:33:13 INFO /Volumes/data/work/1duo-coremltools/coremltools/converters/mil/mil/builder.py:181] Adding op '24' of type const
[20200630 16:33:13 INFO /Volumes/data/work/1duo-coremltools/coremltools/converters/mil/frontend/torch/ops.py:49] Converting op 16 : constant
[20200630 16:33:13 INFO /Volumes/data/work/1duo-coremltools/coremltools/converters/mil/mil/builder.py:181] Adding op '16' of type const
[20200630 16:33:13 INFO /Volumes/data/work/1duo-coremltools/coremltools/converters/mil/frontend/torch/ops.py:49] Converting op 17 : constant
[20200630 16:33:13 INFO /Volumes/data/work/1duo-coremltools/coremltools/converters/mil/mil/builder.py:181] Adding op '17' of type const
[20200630 16:33:13 INFO /Volumes/data/work/1duo-coremltools/coremltools/converters/mil/frontend/torch/ops.py:49] Converting op 18 : constant
[20200630 16:33:13 INFO /Volumes/data/work/1duo-coremltools/coremltools/converters/mil/mil/builder.py:181] Adding op '18' of type const
[20200630 16:33:13 INFO /Volumes/data/work/1duo-coremltools/coremltools/converters/mil/frontend/torch/ops.py:49] Converting op 19 : constant
[20200630 16:33:13 INFO /Volumes/data/work/1duo-coremltools/coremltools/converters/mil/mil/builder.py:181] Adding op '19' of type const
[20200630 16:33:13 INFO /Volumes/data/work/1duo-coremltools/coremltools/converters/mil/frontend/torch/ops.py:49] Converting op 20 : _convolution
[20200630 16:33:13 INFO /Volumes/data/work/1duo-coremltools/coremltools/converters/mil/mil/builder.py:181] Adding op '20' of type conv
[20200630 16:33:13 DEBUG /Volumes/data/work/1duo-coremltools/coremltools/converters/mil/mil/builder.py:93] Adding const op '20_pad_type_14'
[20200630 16:33:13 INFO /Volumes/data/work/1duo-coremltools/coremltools/converters/mil/mil/builder.py:181] Adding op '20_pad_type_14' of type const
[20200630 16:33:13 DEBUG /Volumes/data/work/1duo-coremltools/coremltools/converters/mil/mil/builder.py:93] Adding const op '20_pad_14'
[20200630 16:33:13 INFO /Volumes/data/work/1duo-coremltools/coremltools/converters/mil/mil/builder.py:181] Adding op '20_pad_14' of type const
[20200630 16:33:13 DEBUG /Volumes/data/work/1duo-coremltools/coremltools/converters/mil/mil/passes/common_pass.py:30] Program before common passes:
main(%input: (1, 1, 5, 5, fp32)) {
  block33() {
    %1: (1, 1, 3, 3, fp32)* = const(val=[[[[0.08381655812263489, -0.14722101390361786, 0.14486661553382874], [0.23038485646247864, -0.03706708550453186, -0.19841575622558594], [-0.13163816928863525, -0.2535179555416107, 0.2397707998752594]]]], name="1")
    %2: (1,fp32)* = const(val=[-0.07705792784690857], name="2")
    %21: (2,i32)* = const(val=[3, 3], name="21")
    %22: (2,i32)* = const(val=[3, 3], name="22")
    %23: (2,i32)* = const(val=[1, 1], name="23")
    %12: (bool)* = const(val=False, name="12")
    %24: (2,i32)* = const(val=[0, 0], name="24")
    %16: (i32)* = const(val=1, name="16")
    %17: (bool)* = const(val=False, name="17")
    %18: (bool)* = const(val=False, name="18")
    %19: (bool)* = const(val=True, name="19")
    %20_pad_type_14: (str)* = const(val="custom", name="20_pad_type_14")
    %20_pad_14: (4,i32)* = const(val=[3, 3, 3, 3], name="20_pad_14")
    %20: (1, 1, 3, 3, fp32) = conv(x=%input, weight=%1, bias=%2, strides=%21, pad_type=%20_pad_type_14, pad=%20_pad_14, dilations=%23, groups=%16, name="20")
  } -> (%20)
}

[20200630 16:33:13 INFO /Volumes/data/work/1duo-coremltools/coremltools/converters/mil/mil/passes/common_pass.py:34] Performing pass: "common::const_elimination"
[20200630 16:33:13 INFO /Volumes/data/work/1duo-coremltools/coremltools/converters/mil/mil/passes/common_pass.py:34] Performing pass: "common::divide_to_multiply"
[20200630 16:33:13 INFO /Volumes/data/work/1duo-coremltools/coremltools/converters/mil/mil/passes/common_pass.py:34] Performing pass: "common::fuse_matmul_weight_bias"
[20200630 16:33:13 INFO /Volumes/data/work/1duo-coremltools/coremltools/converters/mil/mil/passes/common_pass.py:34] Performing pass: "common::const_elimination"
[20200630 16:33:13 INFO /Volumes/data/work/1duo-coremltools/coremltools/converters/mil/mil/passes/common_pass.py:34] Performing pass: "common::loop_invariant_elimination"
[20200630 16:33:13 INFO /Volumes/data/work/1duo-coremltools/coremltools/converters/mil/mil/passes/common_pass.py:34] Performing pass: "common::remove_symbolic_reshape"
[20200630 16:33:13 INFO /Volumes/data/work/1duo-coremltools/coremltools/converters/mil/mil/passes/remove_symbolic_reshape.py:104] remove_symbolic_reshape: changed 0 reshapes.
[20200630 16:33:13 INFO /Volumes/data/work/1duo-coremltools/coremltools/converters/mil/mil/passes/common_pass.py:34] Performing pass: "common::fuse_gelu_tanh_approximation"
[20200630 16:33:13 INFO /Volumes/data/work/1duo-coremltools/coremltools/converters/mil/mil/passes/common_pass.py:34] Performing pass: "common::reduce_transposes"
[20200630 16:33:13 DEBUG /Volumes/data/work/1duo-coremltools/coremltools/converters/mil/mil/passes/reduce_transposes.py:989] Block before optimize transpose transform:
function(%input: (1, 1, 5, 5, fp32)) {
  block33() {
    %1: (1, 1, 3, 3, fp32)* = const(val=[[[[0.08381655812263489, -0.14722101390361786, 0.14486661553382874], [0.23038485646247864, -0.03706708550453186, -0.19841575622558594], [-0.13163816928863525, -0.2535179555416107, 0.2397707998752594]]]], name="1")
    %2: (1,fp32)* = const(val=[-0.07705792784690857], name="2")
    %21: (2,i32)* = const(val=[3, 3], name="21")
    %22: (2,i32)* = const(val=[3, 3], name="22")
    %23: (2,i32)* = const(val=[1, 1], name="23")
    %12: (bool)* = const(val=False, name="12")
    %24: (2,i32)* = const(val=[0, 0], name="24")
    %16: (i32)* = const(val=1, name="16")
    %17: (bool)* = const(val=False, name="17")
    %18: (bool)* = const(val=False, name="18")
    %19: (bool)* = const(val=True, name="19")
    %20_pad_type_14: (str)* = const(val="custom", name="20_pad_type_14")
    %20_pad_14: (4,i32)* = const(val=[3, 3, 3, 3], name="20_pad_14")
    %20: (1, 1, 3, 3, fp32) = conv(x=%input, weight=%1, bias=%2, strides=%21, pad_type=%20_pad_type_14, pad=%20_pad_14, dilations=%23, groups=%16, name="20")
  } -> (%20)
}

[20200630 16:33:13 DEBUG /Volumes/data/work/1duo-coremltools/coremltools/converters/mil/mil/passes/reduce_transposes.py:1024] Block after optimize transpose transform:
function(%input: (1, 1, 5, 5, fp32)) {
  block33() {
    %1: (1, 1, 3, 3, fp32)* = const(val=[[[[0.08381655812263489, -0.14722101390361786, 0.14486661553382874], [0.23038485646247864, -0.03706708550453186, -0.19841575622558594], [-0.13163816928863525, -0.2535179555416107, 0.2397707998752594]]]], name="1")
    %2: (1,fp32)* = const(val=[-0.07705792784690857], name="2")
    %21: (2,i32)* = const(val=[3, 3], name="21")
    %22: (2,i32)* = const(val=[3, 3], name="22")
    %23: (2,i32)* = const(val=[1, 1], name="23")
    %12: (bool)* = const(val=False, name="12")
    %24: (2,i32)* = const(val=[0, 0], name="24")
    %16: (i32)* = const(val=1, name="16")
    %17: (bool)* = const(val=False, name="17")
    %18: (bool)* = const(val=False, name="18")
    %19: (bool)* = const(val=True, name="19")
    %20_pad_type_14: (str)* = const(val="custom", name="20_pad_type_14")
    %20_pad_14: (4,i32)* = const(val=[3, 3, 3, 3], name="20_pad_14")
    %20: (1, 1, 3, 3, fp32) = conv(x=%input, weight=%1, bias=%2, strides=%21, pad_type=%20_pad_type_14, pad=%20_pad_14, dilations=%23, groups=%16, name="20")
  } -> (%20)
}

[20200630 16:33:13 INFO /Volumes/data/work/1duo-coremltools/coremltools/converters/mil/mil/passes/common_pass.py:34] Performing pass: "common::fuse_bias_conv"
[20200630 16:33:13 INFO /Volumes/data/work/1duo-coremltools/coremltools/converters/mil/mil/passes/common_pass.py:34] Performing pass: "common::fuse_elementwise_to_batchnorm"
[20200630 16:33:13 INFO /Volumes/data/work/1duo-coremltools/coremltools/converters/mil/mil/passes/common_pass.py:34] Performing pass: "common::fuse_onehot_matmul_to_gather"
[20200630 16:33:13 INFO /Volumes/data/work/1duo-coremltools/coremltools/converters/mil/mil/passes/common_pass.py:34] Performing pass: "common::fuse_layernorm_or_instancenorm"
[20200630 16:33:13 INFO /Volumes/data/work/1duo-coremltools/coremltools/converters/mil/mil/passes/common_pass.py:34] Performing pass: "common::dead_code_elimination"
[20200630 16:33:13 INFO /Volumes/data/work/1duo-coremltools/coremltools/converters/mil/mil/passes/dead_code_elimination.py:35] Removing op "19" (type: const)
[20200630 16:33:13 INFO /Volumes/data/work/1duo-coremltools/coremltools/converters/mil/mil/passes/dead_code_elimination.py:35] Removing op "18" (type: const)
[20200630 16:33:13 INFO /Volumes/data/work/1duo-coremltools/coremltools/converters/mil/mil/passes/dead_code_elimination.py:35] Removing op "17" (type: const)
[20200630 16:33:13 INFO /Volumes/data/work/1duo-coremltools/coremltools/converters/mil/mil/passes/dead_code_elimination.py:35] Removing op "24" (type: const)
[20200630 16:33:13 INFO /Volumes/data/work/1duo-coremltools/coremltools/converters/mil/mil/passes/dead_code_elimination.py:35] Removing op "12" (type: const)
[20200630 16:33:13 INFO /Volumes/data/work/1duo-coremltools/coremltools/converters/mil/mil/passes/dead_code_elimination.py:35] Removing op "22" (type: const)
[20200630 16:33:13 DEBUG /Volumes/data/work/1duo-coremltools/coremltools/converters/mil/mil/passes/common_pass.py:38] Program after common passes:
main(%input: (1, 1, 5, 5, fp32)) {
  block33() {
    %1: (1, 1, 3, 3, fp32)* = const(val=[[[[0.08381655812263489, -0.14722101390361786, 0.14486661553382874], [0.23038485646247864, -0.03706708550453186, -0.19841575622558594], [-0.13163816928863525, -0.2535179555416107, 0.2397707998752594]]]], name="1")
    %2: (1,fp32)* = const(val=[-0.07705792784690857], name="2")
    %21: (2,i32)* = const(val=[3, 3], name="21")
    %23: (2,i32)* = const(val=[1, 1], name="23")
    %16: (i32)* = const(val=1, name="16")
    %20_pad_type_14: (str)* = const(val="custom", name="20_pad_type_14")
    %20_pad_14: (4,i32)* = const(val=[3, 3, 3, 3], name="20_pad_14")
    %20: (1, 1, 3, 3, fp32) = conv(x=%input, weight=%1, bias=%2, strides=%21, pad_type=%20_pad_type_14, pad=%20_pad_14, dilations=%23, groups=%16, name="20")
  } -> (%20)
}

[20200630 16:33:13 INFO /Volumes/data/work/1duo-coremltools/coremltools/converters/mil/backend/nn/passes/nn_passes.py:22] Performing passes for nn_backend: "nn_backend::commingle_loop_vars"
[20200630 16:33:13 INFO /Volumes/data/work/1duo-coremltools/coremltools/converters/mil/backend/nn/passes/nn_passes.py:22] Performing passes for nn_backend: "nn_backend::handle_return_inputs_as_outputs"
[20200630 16:33:13 INFO /Volumes/data/work/1duo-coremltools/coremltools/converters/mil/backend/nn/passes/nn_passes.py:22] Performing passes for nn_backend: "common::const_elimination"
[20200630 16:33:13 INFO /Volumes/data/work/1duo-coremltools/coremltools/converters/mil/backend/nn/passes/nn_passes.py:22] Performing passes for nn_backend: "common::dead_code_elimination"
[20200630 16:33:13 INFO /Volumes/data/work/1duo-coremltools/coremltools/converters/mil/backend/nn/passes/nn_passes.py:22] Performing passes for nn_backend: "nn_backend::handle_unused_inputs"
[20200630 16:33:13 INFO /Volumes/data/work/1duo-coremltools/coremltools/converters/mil/backend/nn/passes/nn_passes.py:22] Performing passes for nn_backend: "nn_backend::alert_return_type_cast"
[20200630 16:33:13 DEBUG /Volumes/data/work/1duo-coremltools/coremltools/converters/mil/backend/nn/passes/nn_passes.py:26] Program after nn backend passes:
main(%input: (1, 1, 5, 5, fp32)) {
  block33() {
    %1: (1, 1, 3, 3, fp32)* = const(val=[[[[0.08381655812263489, -0.14722101390361786, 0.14486661553382874], [0.23038485646247864, -0.03706708550453186, -0.19841575622558594], [-0.13163816928863525, -0.2535179555416107, 0.2397707998752594]]]], name="1")
    %2: (1,fp32)* = const(val=[-0.07705792784690857], name="2")
    %21: (2,i32)* = const(val=[3, 3], name="21")
    %23: (2,i32)* = const(val=[1, 1], name="23")
    %16: (i32)* = const(val=1, name="16")
    %20_pad_type_14: (str)* = const(val="custom", name="20_pad_type_14")
    %20_pad_14: (4,i32)* = const(val=[3, 3, 3, 3], name="20_pad_14")
    %20: (1, 1, 3, 3, fp32) = conv(x=%input, weight=%1, bias=%2, strides=%21, pad_type=%20_pad_type_14, pad=%20_pad_14, dilations=%23, groups=%16, name="20")
  } -> (%20)
}

[20200630 16:33:13 INFO /Volumes/data/work/1duo-coremltools/coremltools/converters/mil/frontend/torch/converter.py:269] Converting graph.
[20200630 16:33:13 INFO /Volumes/data/work/1duo-coremltools/coremltools/converters/mil/mil/builder.py:181] Adding op '1' of type const
[20200630 16:33:13 INFO /Volumes/data/work/1duo-coremltools/coremltools/converters/mil/mil/builder.py:181] Adding op '2' of type const
[20200630 16:33:13 INFO /Volumes/data/work/1duo-coremltools/coremltools/converters/mil/frontend/torch/ops.py:49] Converting op 21 : constant
[20200630 16:33:13 INFO /Volumes/data/work/1duo-coremltools/coremltools/converters/mil/mil/builder.py:181] Adding op '21' of type const
[20200630 16:33:13 INFO /Volumes/data/work/1duo-coremltools/coremltools/converters/mil/frontend/torch/ops.py:49] Converting op 22 : constant
[20200630 16:33:13 INFO /Volumes/data/work/1duo-coremltools/coremltools/converters/mil/mil/builder.py:181] Adding op '22' of type const
[20200630 16:33:13 INFO /Volumes/data/work/1duo-coremltools/coremltools/converters/mil/frontend/torch/ops.py:49] Converting op 23 : constant
[20200630 16:33:13 INFO /Volumes/data/work/1duo-coremltools/coremltools/converters/mil/mil/builder.py:181] Adding op '23' of type const
[20200630 16:33:13 INFO /Volumes/data/work/1duo-coremltools/coremltools/converters/mil/frontend/torch/ops.py:49] Converting op 12 : constant
[20200630 16:33:13 INFO /Volumes/data/work/1duo-coremltools/coremltools/converters/mil/mil/builder.py:181] Adding op '12' of type const
[20200630 16:33:13 INFO /Volumes/data/work/1duo-coremltools/coremltools/converters/mil/frontend/torch/ops.py:49] Converting op 24 : constant
[20200630 16:33:13 INFO /Volumes/data/work/1duo-coremltools/coremltools/converters/mil/mil/builder.py:181] Adding op '24' of type const
[20200630 16:33:13 INFO /Volumes/data/work/1duo-coremltools/coremltools/converters/mil/frontend/torch/ops.py:49] Converting op 16 : constant
[20200630 16:33:13 INFO /Volumes/data/work/1duo-coremltools/coremltools/converters/mil/mil/builder.py:181] Adding op '16' of type const
[20200630 16:33:13 INFO /Volumes/data/work/1duo-coremltools/coremltools/converters/mil/frontend/torch/ops.py:49] Converting op 17 : constant
[20200630 16:33:13 INFO /Volumes/data/work/1duo-coremltools/coremltools/converters/mil/mil/builder.py:181] Adding op '17' of type const
[20200630 16:33:13 INFO /Volumes/data/work/1duo-coremltools/coremltools/converters/mil/frontend/torch/ops.py:49] Converting op 18 : constant
[20200630 16:33:13 INFO /Volumes/data/work/1duo-coremltools/coremltools/converters/mil/mil/builder.py:181] Adding op '18' of type const
[20200630 16:33:13 INFO /Volumes/data/work/1duo-coremltools/coremltools/converters/mil/frontend/torch/ops.py:49] Converting op 19 : constant
[20200630 16:33:13 INFO /Volumes/data/work/1duo-coremltools/coremltools/converters/mil/mil/builder.py:181] Adding op '19' of type const
[20200630 16:33:13 INFO /Volumes/data/work/1duo-coremltools/coremltools/converters/mil/frontend/torch/ops.py:49] Converting op 20 : _convolution
[20200630 16:33:13 INFO /Volumes/data/work/1duo-coremltools/coremltools/converters/mil/mil/builder.py:181] Adding op '20' of type conv
[20200630 16:33:13 DEBUG /Volumes/data/work/1duo-coremltools/coremltools/converters/mil/mil/builder.py:93] Adding const op '20_pad_type_15'
[20200630 16:33:13 INFO /Volumes/data/work/1duo-coremltools/coremltools/converters/mil/mil/builder.py:181] Adding op '20_pad_type_15' of type const
[20200630 16:33:13 DEBUG /Volumes/data/work/1duo-coremltools/coremltools/converters/mil/mil/builder.py:93] Adding const op '20_pad_15'
[20200630 16:33:13 INFO /Volumes/data/work/1duo-coremltools/coremltools/converters/mil/mil/builder.py:181] Adding op '20_pad_15' of type const
[20200630 16:33:13 DEBUG /Volumes/data/work/1duo-coremltools/coremltools/converters/mil/mil/passes/common_pass.py:30] Program before common passes:
main(%input: (1, 1, 5, 5, fp32)) {
  block34() {
    %1: (1, 1, 3, 3, fp32)* = const(val=[[[[0.28076234459877014, 0.14524421095848083, -0.10316741466522217], [0.15874257683753967, 0.14169570803642273, 0.2412416636943817], [0.12185433506965637, 0.1105511486530304, -0.24084731936454773]]]], name="1")
    %2: (1,fp32)* = const(val=[-0.19346973299980164], name="2")
    %21: (2,i32)* = const(val=[3, 3], name="21")
    %22: (2,i32)* = const(val=[3, 3], name="22")
    %23: (2,i32)* = const(val=[3, 3], name="23")
    %12: (bool)* = const(val=False, name="12")
    %24: (2,i32)* = const(val=[0, 0], name="24")
    %16: (i32)* = const(val=1, name="16")
    %17: (bool)* = const(val=False, name="17")
    %18: (bool)* = const(val=False, name="18")
    %19: (bool)* = const(val=True, name="19")
    %20_pad_type_15: (str)* = const(val="custom", name="20_pad_type_15")
    %20_pad_15: (4,i32)* = const(val=[3, 3, 3, 3], name="20_pad_15")
    %20: (1, 1, 2, 2, fp32) = conv(x=%input, weight=%1, bias=%2, strides=%21, pad_type=%20_pad_type_15, pad=%20_pad_15, dilations=%23, groups=%16, name="20")
  } -> (%20)
}

[20200630 16:33:13 INFO /Volumes/data/work/1duo-coremltools/coremltools/converters/mil/mil/passes/common_pass.py:34] Performing pass: "common::const_elimination"
[20200630 16:33:13 INFO /Volumes/data/work/1duo-coremltools/coremltools/converters/mil/mil/passes/common_pass.py:34] Performing pass: "common::divide_to_multiply"
[20200630 16:33:13 INFO /Volumes/data/work/1duo-coremltools/coremltools/converters/mil/mil/passes/common_pass.py:34] Performing pass: "common::fuse_matmul_weight_bias"
[20200630 16:33:13 INFO /Volumes/data/work/1duo-coremltools/coremltools/converters/mil/mil/passes/common_pass.py:34] Performing pass: "common::const_elimination"
[20200630 16:33:13 INFO /Volumes/data/work/1duo-coremltools/coremltools/converters/mil/mil/passes/common_pass.py:34] Performing pass: "common::loop_invariant_elimination"
[20200630 16:33:13 INFO /Volumes/data/work/1duo-coremltools/coremltools/converters/mil/mil/passes/common_pass.py:34] Performing pass: "common::remove_symbolic_reshape"
[20200630 16:33:13 INFO /Volumes/data/work/1duo-coremltools/coremltools/converters/mil/mil/passes/remove_symbolic_reshape.py:104] remove_symbolic_reshape: changed 0 reshapes.
[20200630 16:33:13 INFO /Volumes/data/work/1duo-coremltools/coremltools/converters/mil/mil/passes/common_pass.py:34] Performing pass: "common::fuse_gelu_tanh_approximation"
[20200630 16:33:13 INFO /Volumes/data/work/1duo-coremltools/coremltools/converters/mil/mil/passes/common_pass.py:34] Performing pass: "common::reduce_transposes"
[20200630 16:33:13 DEBUG /Volumes/data/work/1duo-coremltools/coremltools/converters/mil/mil/passes/reduce_transposes.py:989] Block before optimize transpose transform:
function(%input: (1, 1, 5, 5, fp32)) {
  block34() {
    %1: (1, 1, 3, 3, fp32)* = const(val=[[[[0.28076234459877014, 0.14524421095848083, -0.10316741466522217], [0.15874257683753967, 0.14169570803642273, 0.2412416636943817], [0.12185433506965637, 0.1105511486530304, -0.24084731936454773]]]], name="1")
    %2: (1,fp32)* = const(val=[-0.19346973299980164], name="2")
    %21: (2,i32)* = const(val=[3, 3], name="21")
    %22: (2,i32)* = const(val=[3, 3], name="22")
    %23: (2,i32)* = const(val=[3, 3], name="23")
    %12: (bool)* = const(val=False, name="12")
    %24: (2,i32)* = const(val=[0, 0], name="24")
    %16: (i32)* = const(val=1, name="16")
    %17: (bool)* = const(val=False, name="17")
    %18: (bool)* = const(val=False, name="18")
    %19: (bool)* = const(val=True, name="19")
    %20_pad_type_15: (str)* = const(val="custom", name="20_pad_type_15")
    %20_pad_15: (4,i32)* = const(val=[3, 3, 3, 3], name="20_pad_15")
    %20: (1, 1, 2, 2, fp32) = conv(x=%input, weight=%1, bias=%2, strides=%21, pad_type=%20_pad_type_15, pad=%20_pad_15, dilations=%23, groups=%16, name="20")
  } -> (%20)
}

[20200630 16:33:13 DEBUG /Volumes/data/work/1duo-coremltools/coremltools/converters/mil/mil/passes/reduce_transposes.py:1024] Block after optimize transpose transform:
function(%input: (1, 1, 5, 5, fp32)) {
  block34() {
    %1: (1, 1, 3, 3, fp32)* = const(val=[[[[0.28076234459877014, 0.14524421095848083, -0.10316741466522217], [0.15874257683753967, 0.14169570803642273, 0.2412416636943817], [0.12185433506965637, 0.1105511486530304, -0.24084731936454773]]]], name="1")
    %2: (1,fp32)* = const(val=[-0.19346973299980164], name="2")
    %21: (2,i32)* = const(val=[3, 3], name="21")
    %22: (2,i32)* = const(val=[3, 3], name="22")
    %23: (2,i32)* = const(val=[3, 3], name="23")
    %12: (bool)* = const(val=False, name="12")
    %24: (2,i32)* = const(val=[0, 0], name="24")
    %16: (i32)* = const(val=1, name="16")
    %17: (bool)* = const(val=False, name="17")
    %18: (bool)* = const(val=False, name="18")
    %19: (bool)* = const(val=True, name="19")
    %20_pad_type_15: (str)* = const(val="custom", name="20_pad_type_15")
    %20_pad_15: (4,i32)* = const(val=[3, 3, 3, 3], name="20_pad_15")
    %20: (1, 1, 2, 2, fp32) = conv(x=%input, weight=%1, bias=%2, strides=%21, pad_type=%20_pad_type_15, pad=%20_pad_15, dilations=%23, groups=%16, name="20")
  } -> (%20)
}

[20200630 16:33:13 INFO /Volumes/data/work/1duo-coremltools/coremltools/converters/mil/mil/passes/common_pass.py:34] Performing pass: "common::fuse_bias_conv"
[20200630 16:33:13 INFO /Volumes/data/work/1duo-coremltools/coremltools/converters/mil/mil/passes/common_pass.py:34] Performing pass: "common::fuse_elementwise_to_batchnorm"
[20200630 16:33:13 INFO /Volumes/data/work/1duo-coremltools/coremltools/converters/mil/mil/passes/common_pass.py:34] Performing pass: "common::fuse_onehot_matmul_to_gather"
[20200630 16:33:13 INFO /Volumes/data/work/1duo-coremltools/coremltools/converters/mil/mil/passes/common_pass.py:34] Performing pass: "common::fuse_layernorm_or_instancenorm"
[20200630 16:33:13 INFO /Volumes/data/work/1duo-coremltools/coremltools/converters/mil/mil/passes/common_pass.py:34] Performing pass: "common::dead_code_elimination"
[20200630 16:33:13 INFO /Volumes/data/work/1duo-coremltools/coremltools/converters/mil/mil/passes/dead_code_elimination.py:35] Removing op "19" (type: const)
[20200630 16:33:13 INFO /Volumes/data/work/1duo-coremltools/coremltools/converters/mil/mil/passes/dead_code_elimination.py:35] Removing op "18" (type: const)
[20200630 16:33:13 INFO /Volumes/data/work/1duo-coremltools/coremltools/converters/mil/mil/passes/dead_code_elimination.py:35] Removing op "17" (type: const)
[20200630 16:33:13 INFO /Volumes/data/work/1duo-coremltools/coremltools/converters/mil/mil/passes/dead_code_elimination.py:35] Removing op "24" (type: const)
[20200630 16:33:13 INFO /Volumes/data/work/1duo-coremltools/coremltools/converters/mil/mil/passes/dead_code_elimination.py:35] Removing op "12" (type: const)
[20200630 16:33:13 INFO /Volumes/data/work/1duo-coremltools/coremltools/converters/mil/mil/passes/dead_code_elimination.py:35] Removing op "22" (type: const)
[20200630 16:33:13 DEBUG /Volumes/data/work/1duo-coremltools/coremltools/converters/mil/mil/passes/common_pass.py:38] Program after common passes:
main(%input: (1, 1, 5, 5, fp32)) {
  block34() {
    %1: (1, 1, 3, 3, fp32)* = const(val=[[[[0.28076234459877014, 0.14524421095848083, -0.10316741466522217], [0.15874257683753967, 0.14169570803642273, 0.2412416636943817], [0.12185433506965637, 0.1105511486530304, -0.24084731936454773]]]], name="1")
    %2: (1,fp32)* = const(val=[-0.19346973299980164], name="2")
    %21: (2,i32)* = const(val=[3, 3], name="21")
    %23: (2,i32)* = const(val=[3, 3], name="23")
    %16: (i32)* = const(val=1, name="16")
    %20_pad_type_15: (str)* = const(val="custom", name="20_pad_type_15")
    %20_pad_15: (4,i32)* = const(val=[3, 3, 3, 3], name="20_pad_15")
    %20: (1, 1, 2, 2, fp32) = conv(x=%input, weight=%1, bias=%2, strides=%21, pad_type=%20_pad_type_15, pad=%20_pad_15, dilations=%23, groups=%16, name="20")
  } -> (%20)
}

[20200630 16:33:13 INFO /Volumes/data/work/1duo-coremltools/coremltools/converters/mil/backend/nn/passes/nn_passes.py:22] Performing passes for nn_backend: "nn_backend::commingle_loop_vars"
[20200630 16:33:13 INFO /Volumes/data/work/1duo-coremltools/coremltools/converters/mil/backend/nn/passes/nn_passes.py:22] Performing passes for nn_backend: "nn_backend::handle_return_inputs_as_outputs"
[20200630 16:33:13 INFO /Volumes/data/work/1duo-coremltools/coremltools/converters/mil/backend/nn/passes/nn_passes.py:22] Performing passes for nn_backend: "common::const_elimination"
[20200630 16:33:13 INFO /Volumes/data/work/1duo-coremltools/coremltools/converters/mil/backend/nn/passes/nn_passes.py:22] Performing passes for nn_backend: "common::dead_code_elimination"
[20200630 16:33:13 INFO /Volumes/data/work/1duo-coremltools/coremltools/converters/mil/backend/nn/passes/nn_passes.py:22] Performing passes for nn_backend: "nn_backend::handle_unused_inputs"
[20200630 16:33:13 INFO /Volumes/data/work/1duo-coremltools/coremltools/converters/mil/backend/nn/passes/nn_passes.py:22] Performing passes for nn_backend: "nn_backend::alert_return_type_cast"
[20200630 16:33:13 DEBUG /Volumes/data/work/1duo-coremltools/coremltools/converters/mil/backend/nn/passes/nn_passes.py:26] Program after nn backend passes:
main(%input: (1, 1, 5, 5, fp32)) {
  block34() {
    %1: (1, 1, 3, 3, fp32)* = const(val=[[[[0.28076234459877014, 0.14524421095848083, -0.10316741466522217], [0.15874257683753967, 0.14169570803642273, 0.2412416636943817], [0.12185433506965637, 0.1105511486530304, -0.24084731936454773]]]], name="1")
    %2: (1,fp32)* = const(val=[-0.19346973299980164], name="2")
    %21: (2,i32)* = const(val=[3, 3], name="21")
    %23: (2,i32)* = const(val=[3, 3], name="23")
    %16: (i32)* = const(val=1, name="16")
    %20_pad_type_15: (str)* = const(val="custom", name="20_pad_type_15")
    %20_pad_15: (4,i32)* = const(val=[3, 3, 3, 3], name="20_pad_15")
    %20: (1, 1, 2, 2, fp32) = conv(x=%input, weight=%1, bias=%2, strides=%21, pad_type=%20_pad_type_15, pad=%20_pad_15, dilations=%23, groups=%16, name="20")
  } -> (%20)
}

[20200630 16:33:13 INFO /Volumes/data/work/1duo-coremltools/coremltools/converters/mil/frontend/torch/converter.py:269] Converting graph.
[20200630 16:33:13 INFO /Volumes/data/work/1duo-coremltools/coremltools/converters/mil/mil/builder.py:181] Adding op '1' of type const
[20200630 16:33:13 INFO /Volumes/data/work/1duo-coremltools/coremltools/converters/mil/mil/builder.py:181] Adding op '2' of type const
[20200630 16:33:13 INFO /Volumes/data/work/1duo-coremltools/coremltools/converters/mil/frontend/torch/ops.py:49] Converting op 21 : constant
[20200630 16:33:13 INFO /Volumes/data/work/1duo-coremltools/coremltools/converters/mil/mil/builder.py:181] Adding op '21' of type const
[20200630 16:33:13 INFO /Volumes/data/work/1duo-coremltools/coremltools/converters/mil/frontend/torch/ops.py:49] Converting op 22 : constant
[20200630 16:33:13 INFO /Volumes/data/work/1duo-coremltools/coremltools/converters/mil/mil/builder.py:181] Adding op '22' of type const
[20200630 16:33:13 INFO /Volumes/data/work/1duo-coremltools/coremltools/converters/mil/frontend/torch/ops.py:49] Converting op 23 : constant
[20200630 16:33:13 INFO /Volumes/data/work/1duo-coremltools/coremltools/converters/mil/mil/builder.py:181] Adding op '23' of type const
[20200630 16:33:13 INFO /Volumes/data/work/1duo-coremltools/coremltools/converters/mil/frontend/torch/ops.py:49] Converting op 12 : constant
[20200630 16:33:13 INFO /Volumes/data/work/1duo-coremltools/coremltools/converters/mil/mil/builder.py:181] Adding op '12' of type const
[20200630 16:33:13 INFO /Volumes/data/work/1duo-coremltools/coremltools/converters/mil/frontend/torch/ops.py:49] Converting op 24 : constant
[20200630 16:33:13 INFO /Volumes/data/work/1duo-coremltools/coremltools/converters/mil/mil/builder.py:181] Adding op '24' of type const
[20200630 16:33:13 INFO /Volumes/data/work/1duo-coremltools/coremltools/converters/mil/frontend/torch/ops.py:49] Converting op 16 : constant
[20200630 16:33:13 INFO /Volumes/data/work/1duo-coremltools/coremltools/converters/mil/mil/builder.py:181] Adding op '16' of type const
[20200630 16:33:13 INFO /Volumes/data/work/1duo-coremltools/coremltools/converters/mil/frontend/torch/ops.py:49] Converting op 17 : constant
[20200630 16:33:13 INFO /Volumes/data/work/1duo-coremltools/coremltools/converters/mil/mil/builder.py:181] Adding op '17' of type const
[20200630 16:33:13 INFO /Volumes/data/work/1duo-coremltools/coremltools/converters/mil/frontend/torch/ops.py:49] Converting op 18 : constant
[20200630 16:33:13 INFO /Volumes/data/work/1duo-coremltools/coremltools/converters/mil/mil/builder.py:181] Adding op '18' of type const
[20200630 16:33:13 INFO /Volumes/data/work/1duo-coremltools/coremltools/converters/mil/frontend/torch/ops.py:49] Converting op 19 : constant
[20200630 16:33:13 INFO /Volumes/data/work/1duo-coremltools/coremltools/converters/mil/mil/builder.py:181] Adding op '19' of type const
[20200630 16:33:13 INFO /Volumes/data/work/1duo-coremltools/coremltools/converters/mil/frontend/torch/ops.py:49] Converting op 20 : _convolution
[20200630 16:33:13 INFO /Volumes/data/work/1duo-coremltools/coremltools/converters/mil/mil/builder.py:181] Adding op '20' of type conv
[20200630 16:33:13 DEBUG /Volumes/data/work/1duo-coremltools/coremltools/converters/mil/mil/builder.py:93] Adding const op '20_pad_type_16'
[20200630 16:33:13 INFO /Volumes/data/work/1duo-coremltools/coremltools/converters/mil/mil/builder.py:181] Adding op '20_pad_type_16' of type const
[20200630 16:33:13 DEBUG /Volumes/data/work/1duo-coremltools/coremltools/converters/mil/mil/builder.py:93] Adding const op '20_pad_16'
[20200630 16:33:13 INFO /Volumes/data/work/1duo-coremltools/coremltools/converters/mil/mil/builder.py:181] Adding op '20_pad_16' of type const
[20200630 16:33:13 DEBUG /Volumes/data/work/1duo-coremltools/coremltools/converters/mil/mil/passes/common_pass.py:30] Program before common passes:
main(%input: (1, 1, 5, 5, fp32)) {
  block35() {
    %1: (3, 1, 1, 1, fp32)* = const(val=[[[[-0.4445507526397705]]], [[[0.044481873512268066]]], [[[0.2695896625518799]]]], name="1")
    %2: (3,fp32)* = const(val=[0.31306910514831543, 0.6562697887420654, 0.5242167711257935], name="2")
    %21: (2,i32)* = const(val=[1, 1], name="21")
    %22: (2,i32)* = const(val=[1, 1], name="22")
    %23: (2,i32)* = const(val=[1, 1], name="23")
    %12: (bool)* = const(val=False, name="12")
    %24: (2,i32)* = const(val=[0, 0], name="24")
    %16: (i32)* = const(val=1, name="16")
    %17: (bool)* = const(val=False, name="17")
    %18: (bool)* = const(val=False, name="18")
    %19: (bool)* = const(val=True, name="19")
    %20_pad_type_16: (str)* = const(val="custom", name="20_pad_type_16")
    %20_pad_16: (4,i32)* = const(val=[1, 1, 1, 1], name="20_pad_16")
    %20: (1, 3, 7, 7, fp32) = conv(x=%input, weight=%1, bias=%2, strides=%21, pad_type=%20_pad_type_16, pad=%20_pad_16, dilations=%23, groups=%16, name="20")
  } -> (%20)
}

[20200630 16:33:13 INFO /Volumes/data/work/1duo-coremltools/coremltools/converters/mil/mil/passes/common_pass.py:34] Performing pass: "common::const_elimination"
[20200630 16:33:13 INFO /Volumes/data/work/1duo-coremltools/coremltools/converters/mil/mil/passes/common_pass.py:34] Performing pass: "common::divide_to_multiply"
[20200630 16:33:13 INFO /Volumes/data/work/1duo-coremltools/coremltools/converters/mil/mil/passes/common_pass.py:34] Performing pass: "common::fuse_matmul_weight_bias"
[20200630 16:33:13 INFO /Volumes/data/work/1duo-coremltools/coremltools/converters/mil/mil/passes/common_pass.py:34] Performing pass: "common::const_elimination"
[20200630 16:33:13 INFO /Volumes/data/work/1duo-coremltools/coremltools/converters/mil/mil/passes/common_pass.py:34] Performing pass: "common::loop_invariant_elimination"
[20200630 16:33:13 INFO /Volumes/data/work/1duo-coremltools/coremltools/converters/mil/mil/passes/common_pass.py:34] Performing pass: "common::remove_symbolic_reshape"
[20200630 16:33:13 INFO /Volumes/data/work/1duo-coremltools/coremltools/converters/mil/mil/passes/remove_symbolic_reshape.py:104] remove_symbolic_reshape: changed 0 reshapes.
[20200630 16:33:13 INFO /Volumes/data/work/1duo-coremltools/coremltools/converters/mil/mil/passes/common_pass.py:34] Performing pass: "common::fuse_gelu_tanh_approximation"
[20200630 16:33:13 INFO /Volumes/data/work/1duo-coremltools/coremltools/converters/mil/mil/passes/common_pass.py:34] Performing pass: "common::reduce_transposes"
[20200630 16:33:13 DEBUG /Volumes/data/work/1duo-coremltools/coremltools/converters/mil/mil/passes/reduce_transposes.py:989] Block before optimize transpose transform:
function(%input: (1, 1, 5, 5, fp32)) {
  block35() {
    %1: (3, 1, 1, 1, fp32)* = const(val=[[[[-0.4445507526397705]]], [[[0.044481873512268066]]], [[[0.2695896625518799]]]], name="1")
    %2: (3,fp32)* = const(val=[0.31306910514831543, 0.6562697887420654, 0.5242167711257935], name="2")
    %21: (2,i32)* = const(val=[1, 1], name="21")
    %22: (2,i32)* = const(val=[1, 1], name="22")
    %23: (2,i32)* = const(val=[1, 1], name="23")
    %12: (bool)* = const(val=False, name="12")
    %24: (2,i32)* = const(val=[0, 0], name="24")
    %16: (i32)* = const(val=1, name="16")
    %17: (bool)* = const(val=False, name="17")
    %18: (bool)* = const(val=False, name="18")
    %19: (bool)* = const(val=True, name="19")
    %20_pad_type_16: (str)* = const(val="custom", name="20_pad_type_16")
    %20_pad_16: (4,i32)* = const(val=[1, 1, 1, 1], name="20_pad_16")
    %20: (1, 3, 7, 7, fp32) = conv(x=%input, weight=%1, bias=%2, strides=%21, pad_type=%20_pad_type_16, pad=%20_pad_16, dilations=%23, groups=%16, name="20")
  } -> (%20)
}

[20200630 16:33:13 DEBUG /Volumes/data/work/1duo-coremltools/coremltools/converters/mil/mil/passes/reduce_transposes.py:1024] Block after optimize transpose transform:
function(%input: (1, 1, 5, 5, fp32)) {
  block35() {
    %1: (3, 1, 1, 1, fp32)* = const(val=[[[[-0.4445507526397705]]], [[[0.044481873512268066]]], [[[0.2695896625518799]]]], name="1")
    %2: (3,fp32)* = const(val=[0.31306910514831543, 0.6562697887420654, 0.5242167711257935], name="2")
    %21: (2,i32)* = const(val=[1, 1], name="21")
    %22: (2,i32)* = const(val=[1, 1], name="22")
    %23: (2,i32)* = const(val=[1, 1], name="23")
    %12: (bool)* = const(val=False, name="12")
    %24: (2,i32)* = const(val=[0, 0], name="24")
    %16: (i32)* = const(val=1, name="16")
    %17: (bool)* = const(val=False, name="17")
    %18: (bool)* = const(val=False, name="18")
    %19: (bool)* = const(val=True, name="19")
    %20_pad_type_16: (str)* = const(val="custom", name="20_pad_type_16")
    %20_pad_16: (4,i32)* = const(val=[1, 1, 1, 1], name="20_pad_16")
    %20: (1, 3, 7, 7, fp32) = conv(x=%input, weight=%1, bias=%2, strides=%21, pad_type=%20_pad_type_16, pad=%20_pad_16, dilations=%23, groups=%16, name="20")
  } -> (%20)
}

[20200630 16:33:13 INFO /Volumes/data/work/1duo-coremltools/coremltools/converters/mil/mil/passes/common_pass.py:34] Performing pass: "common::fuse_bias_conv"
[20200630 16:33:13 INFO /Volumes/data/work/1duo-coremltools/coremltools/converters/mil/mil/passes/common_pass.py:34] Performing pass: "common::fuse_elementwise_to_batchnorm"
[20200630 16:33:13 INFO /Volumes/data/work/1duo-coremltools/coremltools/converters/mil/mil/passes/common_pass.py:34] Performing pass: "common::fuse_onehot_matmul_to_gather"
[20200630 16:33:13 INFO /Volumes/data/work/1duo-coremltools/coremltools/converters/mil/mil/passes/common_pass.py:34] Performing pass: "common::fuse_layernorm_or_instancenorm"
[20200630 16:33:13 INFO /Volumes/data/work/1duo-coremltools/coremltools/converters/mil/mil/passes/common_pass.py:34] Performing pass: "common::dead_code_elimination"
[20200630 16:33:13 INFO /Volumes/data/work/1duo-coremltools/coremltools/converters/mil/mil/passes/dead_code_elimination.py:35] Removing op "19" (type: const)
[20200630 16:33:13 INFO /Volumes/data/work/1duo-coremltools/coremltools/converters/mil/mil/passes/dead_code_elimination.py:35] Removing op "18" (type: const)
[20200630 16:33:13 INFO /Volumes/data/work/1duo-coremltools/coremltools/converters/mil/mil/passes/dead_code_elimination.py:35] Removing op "17" (type: const)
[20200630 16:33:13 INFO /Volumes/data/work/1duo-coremltools/coremltools/converters/mil/mil/passes/dead_code_elimination.py:35] Removing op "24" (type: const)
[20200630 16:33:13 INFO /Volumes/data/work/1duo-coremltools/coremltools/converters/mil/mil/passes/dead_code_elimination.py:35] Removing op "12" (type: const)
[20200630 16:33:13 INFO /Volumes/data/work/1duo-coremltools/coremltools/converters/mil/mil/passes/dead_code_elimination.py:35] Removing op "22" (type: const)
[20200630 16:33:13 DEBUG /Volumes/data/work/1duo-coremltools/coremltools/converters/mil/mil/passes/common_pass.py:38] Program after common passes:
main(%input: (1, 1, 5, 5, fp32)) {
  block35() {
    %1: (3, 1, 1, 1, fp32)* = const(val=[[[[-0.4445507526397705]]], [[[0.044481873512268066]]], [[[0.2695896625518799]]]], name="1")
    %2: (3,fp32)* = const(val=[0.31306910514831543, 0.6562697887420654, 0.5242167711257935], name="2")
    %21: (2,i32)* = const(val=[1, 1], name="21")
    %23: (2,i32)* = const(val=[1, 1], name="23")
    %16: (i32)* = const(val=1, name="16")
    %20_pad_type_16: (str)* = const(val="custom", name="20_pad_type_16")
    %20_pad_16: (4,i32)* = const(val=[1, 1, 1, 1], name="20_pad_16")
    %20: (1, 3, 7, 7, fp32) = conv(x=%input, weight=%1, bias=%2, strides=%21, pad_type=%20_pad_type_16, pad=%20_pad_16, dilations=%23, groups=%16, name="20")
  } -> (%20)
}

[20200630 16:33:13 INFO /Volumes/data/work/1duo-coremltools/coremltools/converters/mil/backend/nn/passes/nn_passes.py:22] Performing passes for nn_backend: "nn_backend::commingle_loop_vars"
[20200630 16:33:13 INFO /Volumes/data/work/1duo-coremltools/coremltools/converters/mil/backend/nn/passes/nn_passes.py:22] Performing passes for nn_backend: "nn_backend::handle_return_inputs_as_outputs"
[20200630 16:33:13 INFO /Volumes/data/work/1duo-coremltools/coremltools/converters/mil/backend/nn/passes/nn_passes.py:22] Performing passes for nn_backend: "common::const_elimination"
[20200630 16:33:13 INFO /Volumes/data/work/1duo-coremltools/coremltools/converters/mil/backend/nn/passes/nn_passes.py:22] Performing passes for nn_backend: "common::dead_code_elimination"
[20200630 16:33:13 INFO /Volumes/data/work/1duo-coremltools/coremltools/converters/mil/backend/nn/passes/nn_passes.py:22] Performing passes for nn_backend: "nn_backend::handle_unused_inputs"
[20200630 16:33:13 INFO /Volumes/data/work/1duo-coremltools/coremltools/converters/mil/backend/nn/passes/nn_passes.py:22] Performing passes for nn_backend: "nn_backend::alert_return_type_cast"
[20200630 16:33:13 DEBUG /Volumes/data/work/1duo-coremltools/coremltools/converters/mil/backend/nn/passes/nn_passes.py:26] Program after nn backend passes:
main(%input: (1, 1, 5, 5, fp32)) {
  block35() {
    %1: (3, 1, 1, 1, fp32)* = const(val=[[[[-0.4445507526397705]]], [[[0.044481873512268066]]], [[[0.2695896625518799]]]], name="1")
    %2: (3,fp32)* = const(val=[0.31306910514831543, 0.6562697887420654, 0.5242167711257935], name="2")
    %21: (2,i32)* = const(val=[1, 1], name="21")
    %23: (2,i32)* = const(val=[1, 1], name="23")
    %16: (i32)* = const(val=1, name="16")
    %20_pad_type_16: (str)* = const(val="custom", name="20_pad_type_16")
    %20_pad_16: (4,i32)* = const(val=[1, 1, 1, 1], name="20_pad_16")
    %20: (1, 3, 7, 7, fp32) = conv(x=%input, weight=%1, bias=%2, strides=%21, pad_type=%20_pad_type_16, pad=%20_pad_16, dilations=%23, groups=%16, name="20")
  } -> (%20)
}

[20200630 16:33:13 INFO /Volumes/data/work/1duo-coremltools/coremltools/converters/mil/frontend/torch/converter.py:269] Converting graph.
[20200630 16:33:13 INFO /Volumes/data/work/1duo-coremltools/coremltools/converters/mil/mil/builder.py:181] Adding op '1' of type const
[20200630 16:33:13 INFO /Volumes/data/work/1duo-coremltools/coremltools/converters/mil/mil/builder.py:181] Adding op '2' of type const
[20200630 16:33:13 INFO /Volumes/data/work/1duo-coremltools/coremltools/converters/mil/frontend/torch/ops.py:49] Converting op 21 : constant
[20200630 16:33:13 INFO /Volumes/data/work/1duo-coremltools/coremltools/converters/mil/mil/builder.py:181] Adding op '21' of type const
[20200630 16:33:13 INFO /Volumes/data/work/1duo-coremltools/coremltools/converters/mil/frontend/torch/ops.py:49] Converting op 22 : constant
[20200630 16:33:13 INFO /Volumes/data/work/1duo-coremltools/coremltools/converters/mil/mil/builder.py:181] Adding op '22' of type const
[20200630 16:33:13 INFO /Volumes/data/work/1duo-coremltools/coremltools/converters/mil/frontend/torch/ops.py:49] Converting op 23 : constant
[20200630 16:33:13 INFO /Volumes/data/work/1duo-coremltools/coremltools/converters/mil/mil/builder.py:181] Adding op '23' of type const
[20200630 16:33:13 INFO /Volumes/data/work/1duo-coremltools/coremltools/converters/mil/frontend/torch/ops.py:49] Converting op 12 : constant
[20200630 16:33:13 INFO /Volumes/data/work/1duo-coremltools/coremltools/converters/mil/mil/builder.py:181] Adding op '12' of type const
[20200630 16:33:13 INFO /Volumes/data/work/1duo-coremltools/coremltools/converters/mil/frontend/torch/ops.py:49] Converting op 24 : constant
[20200630 16:33:13 INFO /Volumes/data/work/1duo-coremltools/coremltools/converters/mil/mil/builder.py:181] Adding op '24' of type const
[20200630 16:33:13 INFO /Volumes/data/work/1duo-coremltools/coremltools/converters/mil/frontend/torch/ops.py:49] Converting op 16 : constant
[20200630 16:33:13 INFO /Volumes/data/work/1duo-coremltools/coremltools/converters/mil/mil/builder.py:181] Adding op '16' of type const
[20200630 16:33:13 INFO /Volumes/data/work/1duo-coremltools/coremltools/converters/mil/frontend/torch/ops.py:49] Converting op 17 : constant
[20200630 16:33:13 INFO /Volumes/data/work/1duo-coremltools/coremltools/converters/mil/mil/builder.py:181] Adding op '17' of type const
[20200630 16:33:13 INFO /Volumes/data/work/1duo-coremltools/coremltools/converters/mil/frontend/torch/ops.py:49] Converting op 18 : constant
[20200630 16:33:13 INFO /Volumes/data/work/1duo-coremltools/coremltools/converters/mil/mil/builder.py:181] Adding op '18' of type const
[20200630 16:33:13 INFO /Volumes/data/work/1duo-coremltools/coremltools/converters/mil/frontend/torch/ops.py:49] Converting op 19 : constant
[20200630 16:33:13 INFO /Volumes/data/work/1duo-coremltools/coremltools/converters/mil/mil/builder.py:181] Adding op '19' of type const
[20200630 16:33:13 INFO /Volumes/data/work/1duo-coremltools/coremltools/converters/mil/frontend/torch/ops.py:49] Converting op 20 : _convolution
[20200630 16:33:13 INFO /Volumes/data/work/1duo-coremltools/coremltools/converters/mil/mil/builder.py:181] Adding op '20' of type conv
[20200630 16:33:13 DEBUG /Volumes/data/work/1duo-coremltools/coremltools/converters/mil/mil/builder.py:93] Adding const op '20_pad_type_17'
[20200630 16:33:13 INFO /Volumes/data/work/1duo-coremltools/coremltools/converters/mil/mil/builder.py:181] Adding op '20_pad_type_17' of type const
[20200630 16:33:13 DEBUG /Volumes/data/work/1duo-coremltools/coremltools/converters/mil/mil/builder.py:93] Adding const op '20_pad_17'
[20200630 16:33:13 INFO /Volumes/data/work/1duo-coremltools/coremltools/converters/mil/mil/builder.py:181] Adding op '20_pad_17' of type const
[20200630 16:33:13 DEBUG /Volumes/data/work/1duo-coremltools/coremltools/converters/mil/mil/passes/common_pass.py:30] Program before common passes:
main(%input: (1, 1, 5, 5, fp32)) {
  block36() {
    %1: (3, 1, 1, 1, fp32)* = const(val=[[[[-0.21140027046203613]]], [[[-0.4101386070251465]]], [[[0.4729381799697876]]]], name="1")
    %2: (3,fp32)* = const(val=[-0.03494524955749512, -0.26938438415527344, 0.21975481510162354], name="2")
    %21: (2,i32)* = const(val=[1, 1], name="21")
    %22: (2,i32)* = const(val=[1, 1], name="22")
    %23: (2,i32)* = const(val=[3, 3], name="23")
    %12: (bool)* = const(val=False, name="12")
    %24: (2,i32)* = const(val=[0, 0], name="24")
    %16: (i32)* = const(val=1, name="16")
    %17: (bool)* = const(val=False, name="17")
    %18: (bool)* = const(val=False, name="18")
    %19: (bool)* = const(val=True, name="19")
    %20_pad_type_17: (str)* = const(val="custom", name="20_pad_type_17")
    %20_pad_17: (4,i32)* = const(val=[1, 1, 1, 1], name="20_pad_17")
    %20: (1, 3, 7, 7, fp32) = conv(x=%input, weight=%1, bias=%2, strides=%21, pad_type=%20_pad_type_17, pad=%20_pad_17, dilations=%23, groups=%16, name="20")
  } -> (%20)
}

[20200630 16:33:13 INFO /Volumes/data/work/1duo-coremltools/coremltools/converters/mil/mil/passes/common_pass.py:34] Performing pass: "common::const_elimination"
[20200630 16:33:13 INFO /Volumes/data/work/1duo-coremltools/coremltools/converters/mil/mil/passes/common_pass.py:34] Performing pass: "common::divide_to_multiply"
[20200630 16:33:13 INFO /Volumes/data/work/1duo-coremltools/coremltools/converters/mil/mil/passes/common_pass.py:34] Performing pass: "common::fuse_matmul_weight_bias"
[20200630 16:33:13 INFO /Volumes/data/work/1duo-coremltools/coremltools/converters/mil/mil/passes/common_pass.py:34] Performing pass: "common::const_elimination"
[20200630 16:33:13 INFO /Volumes/data/work/1duo-coremltools/coremltools/converters/mil/mil/passes/common_pass.py:34] Performing pass: "common::loop_invariant_elimination"
[20200630 16:33:13 INFO /Volumes/data/work/1duo-coremltools/coremltools/converters/mil/mil/passes/common_pass.py:34] Performing pass: "common::remove_symbolic_reshape"
[20200630 16:33:13 INFO /Volumes/data/work/1duo-coremltools/coremltools/converters/mil/mil/passes/remove_symbolic_reshape.py:104] remove_symbolic_reshape: changed 0 reshapes.
[20200630 16:33:13 INFO /Volumes/data/work/1duo-coremltools/coremltools/converters/mil/mil/passes/common_pass.py:34] Performing pass: "common::fuse_gelu_tanh_approximation"
[20200630 16:33:13 INFO /Volumes/data/work/1duo-coremltools/coremltools/converters/mil/mil/passes/common_pass.py:34] Performing pass: "common::reduce_transposes"
[20200630 16:33:13 DEBUG /Volumes/data/work/1duo-coremltools/coremltools/converters/mil/mil/passes/reduce_transposes.py:989] Block before optimize transpose transform:
function(%input: (1, 1, 5, 5, fp32)) {
  block36() {
    %1: (3, 1, 1, 1, fp32)* = const(val=[[[[-0.21140027046203613]]], [[[-0.4101386070251465]]], [[[0.4729381799697876]]]], name="1")
    %2: (3,fp32)* = const(val=[-0.03494524955749512, -0.26938438415527344, 0.21975481510162354], name="2")
    %21: (2,i32)* = const(val=[1, 1], name="21")
    %22: (2,i32)* = const(val=[1, 1], name="22")
    %23: (2,i32)* = const(val=[3, 3], name="23")
    %12: (bool)* = const(val=False, name="12")
    %24: (2,i32)* = const(val=[0, 0], name="24")
    %16: (i32)* = const(val=1, name="16")
    %17: (bool)* = const(val=False, name="17")
    %18: (bool)* = const(val=False, name="18")
    %19: (bool)* = const(val=True, name="19")
    %20_pad_type_17: (str)* = const(val="custom", name="20_pad_type_17")
    %20_pad_17: (4,i32)* = const(val=[1, 1, 1, 1], name="20_pad_17")
    %20: (1, 3, 7, 7, fp32) = conv(x=%input, weight=%1, bias=%2, strides=%21, pad_type=%20_pad_type_17, pad=%20_pad_17, dilations=%23, groups=%16, name="20")
  } -> (%20)
}

[20200630 16:33:13 DEBUG /Volumes/data/work/1duo-coremltools/coremltools/converters/mil/mil/passes/reduce_transposes.py:1024] Block after optimize transpose transform:
function(%input: (1, 1, 5, 5, fp32)) {
  block36() {
    %1: (3, 1, 1, 1, fp32)* = const(val=[[[[-0.21140027046203613]]], [[[-0.4101386070251465]]], [[[0.4729381799697876]]]], name="1")
    %2: (3,fp32)* = const(val=[-0.03494524955749512, -0.26938438415527344, 0.21975481510162354], name="2")
    %21: (2,i32)* = const(val=[1, 1], name="21")
    %22: (2,i32)* = const(val=[1, 1], name="22")
    %23: (2,i32)* = const(val=[3, 3], name="23")
    %12: (bool)* = const(val=False, name="12")
    %24: (2,i32)* = const(val=[0, 0], name="24")
    %16: (i32)* = const(val=1, name="16")
    %17: (bool)* = const(val=False, name="17")
    %18: (bool)* = const(val=False, name="18")
    %19: (bool)* = const(val=True, name="19")
    %20_pad_type_17: (str)* = const(val="custom", name="20_pad_type_17")
    %20_pad_17: (4,i32)* = const(val=[1, 1, 1, 1], name="20_pad_17")
    %20: (1, 3, 7, 7, fp32) = conv(x=%input, weight=%1, bias=%2, strides=%21, pad_type=%20_pad_type_17, pad=%20_pad_17, dilations=%23, groups=%16, name="20")
  } -> (%20)
}

[20200630 16:33:13 INFO /Volumes/data/work/1duo-coremltools/coremltools/converters/mil/mil/passes/common_pass.py:34] Performing pass: "common::fuse_bias_conv"
[20200630 16:33:13 INFO /Volumes/data/work/1duo-coremltools/coremltools/converters/mil/mil/passes/common_pass.py:34] Performing pass: "common::fuse_elementwise_to_batchnorm"
[20200630 16:33:13 INFO /Volumes/data/work/1duo-coremltools/coremltools/converters/mil/mil/passes/common_pass.py:34] Performing pass: "common::fuse_onehot_matmul_to_gather"
[20200630 16:33:13 INFO /Volumes/data/work/1duo-coremltools/coremltools/converters/mil/mil/passes/common_pass.py:34] Performing pass: "common::fuse_layernorm_or_instancenorm"
[20200630 16:33:13 INFO /Volumes/data/work/1duo-coremltools/coremltools/converters/mil/mil/passes/common_pass.py:34] Performing pass: "common::dead_code_elimination"
[20200630 16:33:13 INFO /Volumes/data/work/1duo-coremltools/coremltools/converters/mil/mil/passes/dead_code_elimination.py:35] Removing op "19" (type: const)
[20200630 16:33:13 INFO /Volumes/data/work/1duo-coremltools/coremltools/converters/mil/mil/passes/dead_code_elimination.py:35] Removing op "18" (type: const)
[20200630 16:33:13 INFO /Volumes/data/work/1duo-coremltools/coremltools/converters/mil/mil/passes/dead_code_elimination.py:35] Removing op "17" (type: const)
[20200630 16:33:13 INFO /Volumes/data/work/1duo-coremltools/coremltools/converters/mil/mil/passes/dead_code_elimination.py:35] Removing op "24" (type: const)
[20200630 16:33:13 INFO /Volumes/data/work/1duo-coremltools/coremltools/converters/mil/mil/passes/dead_code_elimination.py:35] Removing op "12" (type: const)
[20200630 16:33:13 INFO /Volumes/data/work/1duo-coremltools/coremltools/converters/mil/mil/passes/dead_code_elimination.py:35] Removing op "22" (type: const)
[20200630 16:33:13 DEBUG /Volumes/data/work/1duo-coremltools/coremltools/converters/mil/mil/passes/common_pass.py:38] Program after common passes:
main(%input: (1, 1, 5, 5, fp32)) {
  block36() {
    %1: (3, 1, 1, 1, fp32)* = const(val=[[[[-0.21140027046203613]]], [[[-0.4101386070251465]]], [[[0.4729381799697876]]]], name="1")
    %2: (3,fp32)* = const(val=[-0.03494524955749512, -0.26938438415527344, 0.21975481510162354], name="2")
    %21: (2,i32)* = const(val=[1, 1], name="21")
    %23: (2,i32)* = const(val=[3, 3], name="23")
    %16: (i32)* = const(val=1, name="16")
    %20_pad_type_17: (str)* = const(val="custom", name="20_pad_type_17")
    %20_pad_17: (4,i32)* = const(val=[1, 1, 1, 1], name="20_pad_17")
    %20: (1, 3, 7, 7, fp32) = conv(x=%input, weight=%1, bias=%2, strides=%21, pad_type=%20_pad_type_17, pad=%20_pad_17, dilations=%23, groups=%16, name="20")
  } -> (%20)
}

[20200630 16:33:13 INFO /Volumes/data/work/1duo-coremltools/coremltools/converters/mil/backend/nn/passes/nn_passes.py:22] Performing passes for nn_backend: "nn_backend::commingle_loop_vars"
[20200630 16:33:13 INFO /Volumes/data/work/1duo-coremltools/coremltools/converters/mil/backend/nn/passes/nn_passes.py:22] Performing passes for nn_backend: "nn_backend::handle_return_inputs_as_outputs"
[20200630 16:33:13 INFO /Volumes/data/work/1duo-coremltools/coremltools/converters/mil/backend/nn/passes/nn_passes.py:22] Performing passes for nn_backend: "common::const_elimination"
[20200630 16:33:13 INFO /Volumes/data/work/1duo-coremltools/coremltools/converters/mil/backend/nn/passes/nn_passes.py:22] Performing passes for nn_backend: "common::dead_code_elimination"
[20200630 16:33:13 INFO /Volumes/data/work/1duo-coremltools/coremltools/converters/mil/backend/nn/passes/nn_passes.py:22] Performing passes for nn_backend: "nn_backend::handle_unused_inputs"
[20200630 16:33:13 INFO /Volumes/data/work/1duo-coremltools/coremltools/converters/mil/backend/nn/passes/nn_passes.py:22] Performing passes for nn_backend: "nn_backend::alert_return_type_cast"
[20200630 16:33:13 DEBUG /Volumes/data/work/1duo-coremltools/coremltools/converters/mil/backend/nn/passes/nn_passes.py:26] Program after nn backend passes:
main(%input: (1, 1, 5, 5, fp32)) {
  block36() {
    %1: (3, 1, 1, 1, fp32)* = const(val=[[[[-0.21140027046203613]]], [[[-0.4101386070251465]]], [[[0.4729381799697876]]]], name="1")
    %2: (3,fp32)* = const(val=[-0.03494524955749512, -0.26938438415527344, 0.21975481510162354], name="2")
    %21: (2,i32)* = const(val=[1, 1], name="21")
    %23: (2,i32)* = const(val=[3, 3], name="23")
    %16: (i32)* = const(val=1, name="16")
    %20_pad_type_17: (str)* = const(val="custom", name="20_pad_type_17")
    %20_pad_17: (4,i32)* = const(val=[1, 1, 1, 1], name="20_pad_17")
    %20: (1, 3, 7, 7, fp32) = conv(x=%input, weight=%1, bias=%2, strides=%21, pad_type=%20_pad_type_17, pad=%20_pad_17, dilations=%23, groups=%16, name="20")
  } -> (%20)
}

[20200630 16:33:13 INFO /Volumes/data/work/1duo-coremltools/coremltools/converters/mil/frontend/torch/converter.py:269] Converting graph.
[20200630 16:33:13 INFO /Volumes/data/work/1duo-coremltools/coremltools/converters/mil/mil/builder.py:181] Adding op '1' of type const
[20200630 16:33:13 INFO /Volumes/data/work/1duo-coremltools/coremltools/converters/mil/mil/builder.py:181] Adding op '2' of type const
[20200630 16:33:13 INFO /Volumes/data/work/1duo-coremltools/coremltools/converters/mil/frontend/torch/ops.py:49] Converting op 21 : constant
[20200630 16:33:13 INFO /Volumes/data/work/1duo-coremltools/coremltools/converters/mil/mil/builder.py:181] Adding op '21' of type const
[20200630 16:33:13 INFO /Volumes/data/work/1duo-coremltools/coremltools/converters/mil/frontend/torch/ops.py:49] Converting op 22 : constant
[20200630 16:33:13 INFO /Volumes/data/work/1duo-coremltools/coremltools/converters/mil/mil/builder.py:181] Adding op '22' of type const
[20200630 16:33:13 INFO /Volumes/data/work/1duo-coremltools/coremltools/converters/mil/frontend/torch/ops.py:49] Converting op 23 : constant
[20200630 16:33:13 INFO /Volumes/data/work/1duo-coremltools/coremltools/converters/mil/mil/builder.py:181] Adding op '23' of type const
[20200630 16:33:13 INFO /Volumes/data/work/1duo-coremltools/coremltools/converters/mil/frontend/torch/ops.py:49] Converting op 12 : constant
[20200630 16:33:13 INFO /Volumes/data/work/1duo-coremltools/coremltools/converters/mil/mil/builder.py:181] Adding op '12' of type const
[20200630 16:33:13 INFO /Volumes/data/work/1duo-coremltools/coremltools/converters/mil/frontend/torch/ops.py:49] Converting op 24 : constant
[20200630 16:33:13 INFO /Volumes/data/work/1duo-coremltools/coremltools/converters/mil/mil/builder.py:181] Adding op '24' of type const
[20200630 16:33:13 INFO /Volumes/data/work/1duo-coremltools/coremltools/converters/mil/frontend/torch/ops.py:49] Converting op 16 : constant
[20200630 16:33:13 INFO /Volumes/data/work/1duo-coremltools/coremltools/converters/mil/mil/builder.py:181] Adding op '16' of type const
[20200630 16:33:13 INFO /Volumes/data/work/1duo-coremltools/coremltools/converters/mil/frontend/torch/ops.py:49] Converting op 17 : constant
[20200630 16:33:13 INFO /Volumes/data/work/1duo-coremltools/coremltools/converters/mil/mil/builder.py:181] Adding op '17' of type const
[20200630 16:33:13 INFO /Volumes/data/work/1duo-coremltools/coremltools/converters/mil/frontend/torch/ops.py:49] Converting op 18 : constant
[20200630 16:33:13 INFO /Volumes/data/work/1duo-coremltools/coremltools/converters/mil/mil/builder.py:181] Adding op '18' of type const
[20200630 16:33:13 INFO /Volumes/data/work/1duo-coremltools/coremltools/converters/mil/frontend/torch/ops.py:49] Converting op 19 : constant
[20200630 16:33:13 INFO /Volumes/data/work/1duo-coremltools/coremltools/converters/mil/mil/builder.py:181] Adding op '19' of type const
[20200630 16:33:13 INFO /Volumes/data/work/1duo-coremltools/coremltools/converters/mil/frontend/torch/ops.py:49] Converting op 20 : _convolution
[20200630 16:33:13 INFO /Volumes/data/work/1duo-coremltools/coremltools/converters/mil/mil/builder.py:181] Adding op '20' of type conv
[20200630 16:33:13 DEBUG /Volumes/data/work/1duo-coremltools/coremltools/converters/mil/mil/builder.py:93] Adding const op '20_pad_type_18'
[20200630 16:33:13 INFO /Volumes/data/work/1duo-coremltools/coremltools/converters/mil/mil/builder.py:181] Adding op '20_pad_type_18' of type const
[20200630 16:33:13 DEBUG /Volumes/data/work/1duo-coremltools/coremltools/converters/mil/mil/builder.py:93] Adding const op '20_pad_18'
[20200630 16:33:13 INFO /Volumes/data/work/1duo-coremltools/coremltools/converters/mil/mil/builder.py:181] Adding op '20_pad_18' of type const
[20200630 16:33:13 DEBUG /Volumes/data/work/1duo-coremltools/coremltools/converters/mil/mil/passes/common_pass.py:30] Program before common passes:
main(%input: (1, 1, 5, 5, fp32)) {
  block37() {
    %1: (3, 1, 1, 1, fp32)* = const(val=[[[[-0.5636396408081055]]], [[[-0.04103648662567139]]], [[[0.32140302658081055]]]], name="1")
    %2: (3,fp32)* = const(val=[0.1631835699081421, -0.4117370843887329, -0.21320927143096924], name="2")
    %21: (2,i32)* = const(val=[1, 1], name="21")
    %22: (2,i32)* = const(val=[3, 3], name="22")
    %23: (2,i32)* = const(val=[1, 1], name="23")
    %12: (bool)* = const(val=False, name="12")
    %24: (2,i32)* = const(val=[0, 0], name="24")
    %16: (i32)* = const(val=1, name="16")
    %17: (bool)* = const(val=False, name="17")
    %18: (bool)* = const(val=False, name="18")
    %19: (bool)* = const(val=True, name="19")
    %20_pad_type_18: (str)* = const(val="custom", name="20_pad_type_18")
    %20_pad_18: (4,i32)* = const(val=[3, 3, 3, 3], name="20_pad_18")
    %20: (1, 3, 11, 11, fp32) = conv(x=%input, weight=%1, bias=%2, strides=%21, pad_type=%20_pad_type_18, pad=%20_pad_18, dilations=%23, groups=%16, name="20")
  } -> (%20)
}

[20200630 16:33:13 INFO /Volumes/data/work/1duo-coremltools/coremltools/converters/mil/mil/passes/common_pass.py:34] Performing pass: "common::const_elimination"
[20200630 16:33:13 INFO /Volumes/data/work/1duo-coremltools/coremltools/converters/mil/mil/passes/common_pass.py:34] Performing pass: "common::divide_to_multiply"
[20200630 16:33:13 INFO /Volumes/data/work/1duo-coremltools/coremltools/converters/mil/mil/passes/common_pass.py:34] Performing pass: "common::fuse_matmul_weight_bias"
[20200630 16:33:13 INFO /Volumes/data/work/1duo-coremltools/coremltools/converters/mil/mil/passes/common_pass.py:34] Performing pass: "common::const_elimination"
[20200630 16:33:13 INFO /Volumes/data/work/1duo-coremltools/coremltools/converters/mil/mil/passes/common_pass.py:34] Performing pass: "common::loop_invariant_elimination"
[20200630 16:33:13 INFO /Volumes/data/work/1duo-coremltools/coremltools/converters/mil/mil/passes/common_pass.py:34] Performing pass: "common::remove_symbolic_reshape"
[20200630 16:33:13 INFO /Volumes/data/work/1duo-coremltools/coremltools/converters/mil/mil/passes/remove_symbolic_reshape.py:104] remove_symbolic_reshape: changed 0 reshapes.
[20200630 16:33:13 INFO /Volumes/data/work/1duo-coremltools/coremltools/converters/mil/mil/passes/common_pass.py:34] Performing pass: "common::fuse_gelu_tanh_approximation"
[20200630 16:33:13 INFO /Volumes/data/work/1duo-coremltools/coremltools/converters/mil/mil/passes/common_pass.py:34] Performing pass: "common::reduce_transposes"
[20200630 16:33:13 DEBUG /Volumes/data/work/1duo-coremltools/coremltools/converters/mil/mil/passes/reduce_transposes.py:989] Block before optimize transpose transform:
function(%input: (1, 1, 5, 5, fp32)) {
  block37() {
    %1: (3, 1, 1, 1, fp32)* = const(val=[[[[-0.5636396408081055]]], [[[-0.04103648662567139]]], [[[0.32140302658081055]]]], name="1")
    %2: (3,fp32)* = const(val=[0.1631835699081421, -0.4117370843887329, -0.21320927143096924], name="2")
    %21: (2,i32)* = const(val=[1, 1], name="21")
    %22: (2,i32)* = const(val=[3, 3], name="22")
    %23: (2,i32)* = const(val=[1, 1], name="23")
    %12: (bool)* = const(val=False, name="12")
    %24: (2,i32)* = const(val=[0, 0], name="24")
    %16: (i32)* = const(val=1, name="16")
    %17: (bool)* = const(val=False, name="17")
    %18: (bool)* = const(val=False, name="18")
    %19: (bool)* = const(val=True, name="19")
    %20_pad_type_18: (str)* = const(val="custom", name="20_pad_type_18")
    %20_pad_18: (4,i32)* = const(val=[3, 3, 3, 3], name="20_pad_18")
    %20: (1, 3, 11, 11, fp32) = conv(x=%input, weight=%1, bias=%2, strides=%21, pad_type=%20_pad_type_18, pad=%20_pad_18, dilations=%23, groups=%16, name="20")
  } -> (%20)
}

[20200630 16:33:13 DEBUG /Volumes/data/work/1duo-coremltools/coremltools/converters/mil/mil/passes/reduce_transposes.py:1024] Block after optimize transpose transform:
function(%input: (1, 1, 5, 5, fp32)) {
  block37() {
    %1: (3, 1, 1, 1, fp32)* = const(val=[[[[-0.5636396408081055]]], [[[-0.04103648662567139]]], [[[0.32140302658081055]]]], name="1")
    %2: (3,fp32)* = const(val=[0.1631835699081421, -0.4117370843887329, -0.21320927143096924], name="2")
    %21: (2,i32)* = const(val=[1, 1], name="21")
    %22: (2,i32)* = const(val=[3, 3], name="22")
    %23: (2,i32)* = const(val=[1, 1], name="23")
    %12: (bool)* = const(val=False, name="12")
    %24: (2,i32)* = const(val=[0, 0], name="24")
    %16: (i32)* = const(val=1, name="16")
    %17: (bool)* = const(val=False, name="17")
    %18: (bool)* = const(val=False, name="18")
    %19: (bool)* = const(val=True, name="19")
    %20_pad_type_18: (str)* = const(val="custom", name="20_pad_type_18")
    %20_pad_18: (4,i32)* = const(val=[3, 3, 3, 3], name="20_pad_18")
    %20: (1, 3, 11, 11, fp32) = conv(x=%input, weight=%1, bias=%2, strides=%21, pad_type=%20_pad_type_18, pad=%20_pad_18, dilations=%23, groups=%16, name="20")
  } -> (%20)
}

[20200630 16:33:13 INFO /Volumes/data/work/1duo-coremltools/coremltools/converters/mil/mil/passes/common_pass.py:34] Performing pass: "common::fuse_bias_conv"
[20200630 16:33:13 INFO /Volumes/data/work/1duo-coremltools/coremltools/converters/mil/mil/passes/common_pass.py:34] Performing pass: "common::fuse_elementwise_to_batchnorm"
[20200630 16:33:13 INFO /Volumes/data/work/1duo-coremltools/coremltools/converters/mil/mil/passes/common_pass.py:34] Performing pass: "common::fuse_onehot_matmul_to_gather"
[20200630 16:33:13 INFO /Volumes/data/work/1duo-coremltools/coremltools/converters/mil/mil/passes/common_pass.py:34] Performing pass: "common::fuse_layernorm_or_instancenorm"
[20200630 16:33:13 INFO /Volumes/data/work/1duo-coremltools/coremltools/converters/mil/mil/passes/common_pass.py:34] Performing pass: "common::dead_code_elimination"
[20200630 16:33:13 INFO /Volumes/data/work/1duo-coremltools/coremltools/converters/mil/mil/passes/dead_code_elimination.py:35] Removing op "19" (type: const)
[20200630 16:33:13 INFO /Volumes/data/work/1duo-coremltools/coremltools/converters/mil/mil/passes/dead_code_elimination.py:35] Removing op "18" (type: const)
[20200630 16:33:13 INFO /Volumes/data/work/1duo-coremltools/coremltools/converters/mil/mil/passes/dead_code_elimination.py:35] Removing op "17" (type: const)
[20200630 16:33:13 INFO /Volumes/data/work/1duo-coremltools/coremltools/converters/mil/mil/passes/dead_code_elimination.py:35] Removing op "24" (type: const)
[20200630 16:33:13 INFO /Volumes/data/work/1duo-coremltools/coremltools/converters/mil/mil/passes/dead_code_elimination.py:35] Removing op "12" (type: const)
[20200630 16:33:13 INFO /Volumes/data/work/1duo-coremltools/coremltools/converters/mil/mil/passes/dead_code_elimination.py:35] Removing op "22" (type: const)
[20200630 16:33:13 DEBUG /Volumes/data/work/1duo-coremltools/coremltools/converters/mil/mil/passes/common_pass.py:38] Program after common passes:
main(%input: (1, 1, 5, 5, fp32)) {
  block37() {
    %1: (3, 1, 1, 1, fp32)* = const(val=[[[[-0.5636396408081055]]], [[[-0.04103648662567139]]], [[[0.32140302658081055]]]], name="1")
    %2: (3,fp32)* = const(val=[0.1631835699081421, -0.4117370843887329, -0.21320927143096924], name="2")
    %21: (2,i32)* = const(val=[1, 1], name="21")
    %23: (2,i32)* = const(val=[1, 1], name="23")
    %16: (i32)* = const(val=1, name="16")
    %20_pad_type_18: (str)* = const(val="custom", name="20_pad_type_18")
    %20_pad_18: (4,i32)* = const(val=[3, 3, 3, 3], name="20_pad_18")
    %20: (1, 3, 11, 11, fp32) = conv(x=%input, weight=%1, bias=%2, strides=%21, pad_type=%20_pad_type_18, pad=%20_pad_18, dilations=%23, groups=%16, name="20")
  } -> (%20)
}

[20200630 16:33:13 INFO /Volumes/data/work/1duo-coremltools/coremltools/converters/mil/backend/nn/passes/nn_passes.py:22] Performing passes for nn_backend: "nn_backend::commingle_loop_vars"
[20200630 16:33:13 INFO /Volumes/data/work/1duo-coremltools/coremltools/converters/mil/backend/nn/passes/nn_passes.py:22] Performing passes for nn_backend: "nn_backend::handle_return_inputs_as_outputs"
[20200630 16:33:13 INFO /Volumes/data/work/1duo-coremltools/coremltools/converters/mil/backend/nn/passes/nn_passes.py:22] Performing passes for nn_backend: "common::const_elimination"
[20200630 16:33:13 INFO /Volumes/data/work/1duo-coremltools/coremltools/converters/mil/backend/nn/passes/nn_passes.py:22] Performing passes for nn_backend: "common::dead_code_elimination"
[20200630 16:33:13 INFO /Volumes/data/work/1duo-coremltools/coremltools/converters/mil/backend/nn/passes/nn_passes.py:22] Performing passes for nn_backend: "nn_backend::handle_unused_inputs"
[20200630 16:33:13 INFO /Volumes/data/work/1duo-coremltools/coremltools/converters/mil/backend/nn/passes/nn_passes.py:22] Performing passes for nn_backend: "nn_backend::alert_return_type_cast"
[20200630 16:33:13 DEBUG /Volumes/data/work/1duo-coremltools/coremltools/converters/mil/backend/nn/passes/nn_passes.py:26] Program after nn backend passes:
main(%input: (1, 1, 5, 5, fp32)) {
  block37() {
    %1: (3, 1, 1, 1, fp32)* = const(val=[[[[-0.5636396408081055]]], [[[-0.04103648662567139]]], [[[0.32140302658081055]]]], name="1")
    %2: (3,fp32)* = const(val=[0.1631835699081421, -0.4117370843887329, -0.21320927143096924], name="2")
    %21: (2,i32)* = const(val=[1, 1], name="21")
    %23: (2,i32)* = const(val=[1, 1], name="23")
    %16: (i32)* = const(val=1, name="16")
    %20_pad_type_18: (str)* = const(val="custom", name="20_pad_type_18")
    %20_pad_18: (4,i32)* = const(val=[3, 3, 3, 3], name="20_pad_18")
    %20: (1, 3, 11, 11, fp32) = conv(x=%input, weight=%1, bias=%2, strides=%21, pad_type=%20_pad_type_18, pad=%20_pad_18, dilations=%23, groups=%16, name="20")
  } -> (%20)
}

[20200630 16:33:14 INFO /Volumes/data/work/1duo-coremltools/coremltools/converters/mil/frontend/torch/converter.py:269] Converting graph.
[20200630 16:33:14 INFO /Volumes/data/work/1duo-coremltools/coremltools/converters/mil/mil/builder.py:181] Adding op '1' of type const
[20200630 16:33:14 INFO /Volumes/data/work/1duo-coremltools/coremltools/converters/mil/mil/builder.py:181] Adding op '2' of type const
[20200630 16:33:14 INFO /Volumes/data/work/1duo-coremltools/coremltools/converters/mil/frontend/torch/ops.py:49] Converting op 21 : constant
[20200630 16:33:14 INFO /Volumes/data/work/1duo-coremltools/coremltools/converters/mil/mil/builder.py:181] Adding op '21' of type const
[20200630 16:33:14 INFO /Volumes/data/work/1duo-coremltools/coremltools/converters/mil/frontend/torch/ops.py:49] Converting op 22 : constant
[20200630 16:33:14 INFO /Volumes/data/work/1duo-coremltools/coremltools/converters/mil/mil/builder.py:181] Adding op '22' of type const
[20200630 16:33:14 INFO /Volumes/data/work/1duo-coremltools/coremltools/converters/mil/frontend/torch/ops.py:49] Converting op 23 : constant
[20200630 16:33:14 INFO /Volumes/data/work/1duo-coremltools/coremltools/converters/mil/mil/builder.py:181] Adding op '23' of type const
[20200630 16:33:14 INFO /Volumes/data/work/1duo-coremltools/coremltools/converters/mil/frontend/torch/ops.py:49] Converting op 12 : constant
[20200630 16:33:14 INFO /Volumes/data/work/1duo-coremltools/coremltools/converters/mil/mil/builder.py:181] Adding op '12' of type const
[20200630 16:33:14 INFO /Volumes/data/work/1duo-coremltools/coremltools/converters/mil/frontend/torch/ops.py:49] Converting op 24 : constant
[20200630 16:33:14 INFO /Volumes/data/work/1duo-coremltools/coremltools/converters/mil/mil/builder.py:181] Adding op '24' of type const
[20200630 16:33:14 INFO /Volumes/data/work/1duo-coremltools/coremltools/converters/mil/frontend/torch/ops.py:49] Converting op 16 : constant
[20200630 16:33:14 INFO /Volumes/data/work/1duo-coremltools/coremltools/converters/mil/mil/builder.py:181] Adding op '16' of type const
[20200630 16:33:14 INFO /Volumes/data/work/1duo-coremltools/coremltools/converters/mil/frontend/torch/ops.py:49] Converting op 17 : constant
[20200630 16:33:14 INFO /Volumes/data/work/1duo-coremltools/coremltools/converters/mil/mil/builder.py:181] Adding op '17' of type const
[20200630 16:33:14 INFO /Volumes/data/work/1duo-coremltools/coremltools/converters/mil/frontend/torch/ops.py:49] Converting op 18 : constant
[20200630 16:33:14 INFO /Volumes/data/work/1duo-coremltools/coremltools/converters/mil/mil/builder.py:181] Adding op '18' of type const
[20200630 16:33:14 INFO /Volumes/data/work/1duo-coremltools/coremltools/converters/mil/frontend/torch/ops.py:49] Converting op 19 : constant
[20200630 16:33:14 INFO /Volumes/data/work/1duo-coremltools/coremltools/converters/mil/mil/builder.py:181] Adding op '19' of type const
[20200630 16:33:14 INFO /Volumes/data/work/1duo-coremltools/coremltools/converters/mil/frontend/torch/ops.py:49] Converting op 20 : _convolution
[20200630 16:33:14 INFO /Volumes/data/work/1duo-coremltools/coremltools/converters/mil/mil/builder.py:181] Adding op '20' of type conv
[20200630 16:33:14 DEBUG /Volumes/data/work/1duo-coremltools/coremltools/converters/mil/mil/builder.py:93] Adding const op '20_pad_type_19'
[20200630 16:33:14 INFO /Volumes/data/work/1duo-coremltools/coremltools/converters/mil/mil/builder.py:181] Adding op '20_pad_type_19' of type const
[20200630 16:33:14 DEBUG /Volumes/data/work/1duo-coremltools/coremltools/converters/mil/mil/builder.py:93] Adding const op '20_pad_19'
[20200630 16:33:14 INFO /Volumes/data/work/1duo-coremltools/coremltools/converters/mil/mil/builder.py:181] Adding op '20_pad_19' of type const
[20200630 16:33:14 DEBUG /Volumes/data/work/1duo-coremltools/coremltools/converters/mil/mil/passes/common_pass.py:30] Program before common passes:
main(%input: (1, 1, 5, 5, fp32)) {
  block38() {
    %1: (3, 1, 1, 1, fp32)* = const(val=[[[[0.841147780418396]]], [[[0.9098012447357178]]], [[[0.31165993213653564]]]], name="1")
    %2: (3,fp32)* = const(val=[-0.4751940965652466, -0.039450645446777344, -0.8073536157608032], name="2")
    %21: (2,i32)* = const(val=[1, 1], name="21")
    %22: (2,i32)* = const(val=[3, 3], name="22")
    %23: (2,i32)* = const(val=[3, 3], name="23")
    %12: (bool)* = const(val=False, name="12")
    %24: (2,i32)* = const(val=[0, 0], name="24")
    %16: (i32)* = const(val=1, name="16")
    %17: (bool)* = const(val=False, name="17")
    %18: (bool)* = const(val=False, name="18")
    %19: (bool)* = const(val=True, name="19")
    %20_pad_type_19: (str)* = const(val="custom", name="20_pad_type_19")
    %20_pad_19: (4,i32)* = const(val=[3, 3, 3, 3], name="20_pad_19")
    %20: (1, 3, 11, 11, fp32) = conv(x=%input, weight=%1, bias=%2, strides=%21, pad_type=%20_pad_type_19, pad=%20_pad_19, dilations=%23, groups=%16, name="20")
  } -> (%20)
}

[20200630 16:33:14 INFO /Volumes/data/work/1duo-coremltools/coremltools/converters/mil/mil/passes/common_pass.py:34] Performing pass: "common::const_elimination"
[20200630 16:33:14 INFO /Volumes/data/work/1duo-coremltools/coremltools/converters/mil/mil/passes/common_pass.py:34] Performing pass: "common::divide_to_multiply"
[20200630 16:33:14 INFO /Volumes/data/work/1duo-coremltools/coremltools/converters/mil/mil/passes/common_pass.py:34] Performing pass: "common::fuse_matmul_weight_bias"
[20200630 16:33:14 INFO /Volumes/data/work/1duo-coremltools/coremltools/converters/mil/mil/passes/common_pass.py:34] Performing pass: "common::const_elimination"
[20200630 16:33:14 INFO /Volumes/data/work/1duo-coremltools/coremltools/converters/mil/mil/passes/common_pass.py:34] Performing pass: "common::loop_invariant_elimination"
[20200630 16:33:14 INFO /Volumes/data/work/1duo-coremltools/coremltools/converters/mil/mil/passes/common_pass.py:34] Performing pass: "common::remove_symbolic_reshape"
[20200630 16:33:14 INFO /Volumes/data/work/1duo-coremltools/coremltools/converters/mil/mil/passes/remove_symbolic_reshape.py:104] remove_symbolic_reshape: changed 0 reshapes.
[20200630 16:33:14 INFO /Volumes/data/work/1duo-coremltools/coremltools/converters/mil/mil/passes/common_pass.py:34] Performing pass: "common::fuse_gelu_tanh_approximation"
[20200630 16:33:14 INFO /Volumes/data/work/1duo-coremltools/coremltools/converters/mil/mil/passes/common_pass.py:34] Performing pass: "common::reduce_transposes"
[20200630 16:33:14 DEBUG /Volumes/data/work/1duo-coremltools/coremltools/converters/mil/mil/passes/reduce_transposes.py:989] Block before optimize transpose transform:
function(%input: (1, 1, 5, 5, fp32)) {
  block38() {
    %1: (3, 1, 1, 1, fp32)* = const(val=[[[[0.841147780418396]]], [[[0.9098012447357178]]], [[[0.31165993213653564]]]], name="1")
    %2: (3,fp32)* = const(val=[-0.4751940965652466, -0.039450645446777344, -0.8073536157608032], name="2")
    %21: (2,i32)* = const(val=[1, 1], name="21")
    %22: (2,i32)* = const(val=[3, 3], name="22")
    %23: (2,i32)* = const(val=[3, 3], name="23")
    %12: (bool)* = const(val=False, name="12")
    %24: (2,i32)* = const(val=[0, 0], name="24")
    %16: (i32)* = const(val=1, name="16")
    %17: (bool)* = const(val=False, name="17")
    %18: (bool)* = const(val=False, name="18")
    %19: (bool)* = const(val=True, name="19")
    %20_pad_type_19: (str)* = const(val="custom", name="20_pad_type_19")
    %20_pad_19: (4,i32)* = const(val=[3, 3, 3, 3], name="20_pad_19")
    %20: (1, 3, 11, 11, fp32) = conv(x=%input, weight=%1, bias=%2, strides=%21, pad_type=%20_pad_type_19, pad=%20_pad_19, dilations=%23, groups=%16, name="20")
  } -> (%20)
}

[20200630 16:33:14 DEBUG /Volumes/data/work/1duo-coremltools/coremltools/converters/mil/mil/passes/reduce_transposes.py:1024] Block after optimize transpose transform:
function(%input: (1, 1, 5, 5, fp32)) {
  block38() {
    %1: (3, 1, 1, 1, fp32)* = const(val=[[[[0.841147780418396]]], [[[0.9098012447357178]]], [[[0.31165993213653564]]]], name="1")
    %2: (3,fp32)* = const(val=[-0.4751940965652466, -0.039450645446777344, -0.8073536157608032], name="2")
    %21: (2,i32)* = const(val=[1, 1], name="21")
    %22: (2,i32)* = const(val=[3, 3], name="22")
    %23: (2,i32)* = const(val=[3, 3], name="23")
    %12: (bool)* = const(val=False, name="12")
    %24: (2,i32)* = const(val=[0, 0], name="24")
    %16: (i32)* = const(val=1, name="16")
    %17: (bool)* = const(val=False, name="17")
    %18: (bool)* = const(val=False, name="18")
    %19: (bool)* = const(val=True, name="19")
    %20_pad_type_19: (str)* = const(val="custom", name="20_pad_type_19")
    %20_pad_19: (4,i32)* = const(val=[3, 3, 3, 3], name="20_pad_19")
    %20: (1, 3, 11, 11, fp32) = conv(x=%input, weight=%1, bias=%2, strides=%21, pad_type=%20_pad_type_19, pad=%20_pad_19, dilations=%23, groups=%16, name="20")
  } -> (%20)
}

[20200630 16:33:14 INFO /Volumes/data/work/1duo-coremltools/coremltools/converters/mil/mil/passes/common_pass.py:34] Performing pass: "common::fuse_bias_conv"
[20200630 16:33:14 INFO /Volumes/data/work/1duo-coremltools/coremltools/converters/mil/mil/passes/common_pass.py:34] Performing pass: "common::fuse_elementwise_to_batchnorm"
[20200630 16:33:14 INFO /Volumes/data/work/1duo-coremltools/coremltools/converters/mil/mil/passes/common_pass.py:34] Performing pass: "common::fuse_onehot_matmul_to_gather"
[20200630 16:33:14 INFO /Volumes/data/work/1duo-coremltools/coremltools/converters/mil/mil/passes/common_pass.py:34] Performing pass: "common::fuse_layernorm_or_instancenorm"
[20200630 16:33:14 INFO /Volumes/data/work/1duo-coremltools/coremltools/converters/mil/mil/passes/common_pass.py:34] Performing pass: "common::dead_code_elimination"
[20200630 16:33:14 INFO /Volumes/data/work/1duo-coremltools/coremltools/converters/mil/mil/passes/dead_code_elimination.py:35] Removing op "19" (type: const)
[20200630 16:33:14 INFO /Volumes/data/work/1duo-coremltools/coremltools/converters/mil/mil/passes/dead_code_elimination.py:35] Removing op "18" (type: const)
[20200630 16:33:14 INFO /Volumes/data/work/1duo-coremltools/coremltools/converters/mil/mil/passes/dead_code_elimination.py:35] Removing op "17" (type: const)
[20200630 16:33:14 INFO /Volumes/data/work/1duo-coremltools/coremltools/converters/mil/mil/passes/dead_code_elimination.py:35] Removing op "24" (type: const)
[20200630 16:33:14 INFO /Volumes/data/work/1duo-coremltools/coremltools/converters/mil/mil/passes/dead_code_elimination.py:35] Removing op "12" (type: const)
[20200630 16:33:14 INFO /Volumes/data/work/1duo-coremltools/coremltools/converters/mil/mil/passes/dead_code_elimination.py:35] Removing op "22" (type: const)
[20200630 16:33:14 DEBUG /Volumes/data/work/1duo-coremltools/coremltools/converters/mil/mil/passes/common_pass.py:38] Program after common passes:
main(%input: (1, 1, 5, 5, fp32)) {
  block38() {
    %1: (3, 1, 1, 1, fp32)* = const(val=[[[[0.841147780418396]]], [[[0.9098012447357178]]], [[[0.31165993213653564]]]], name="1")
    %2: (3,fp32)* = const(val=[-0.4751940965652466, -0.039450645446777344, -0.8073536157608032], name="2")
    %21: (2,i32)* = const(val=[1, 1], name="21")
    %23: (2,i32)* = const(val=[3, 3], name="23")
    %16: (i32)* = const(val=1, name="16")
    %20_pad_type_19: (str)* = const(val="custom", name="20_pad_type_19")
    %20_pad_19: (4,i32)* = const(val=[3, 3, 3, 3], name="20_pad_19")
    %20: (1, 3, 11, 11, fp32) = conv(x=%input, weight=%1, bias=%2, strides=%21, pad_type=%20_pad_type_19, pad=%20_pad_19, dilations=%23, groups=%16, name="20")
  } -> (%20)
}

[20200630 16:33:14 INFO /Volumes/data/work/1duo-coremltools/coremltools/converters/mil/backend/nn/passes/nn_passes.py:22] Performing passes for nn_backend: "nn_backend::commingle_loop_vars"
[20200630 16:33:14 INFO /Volumes/data/work/1duo-coremltools/coremltools/converters/mil/backend/nn/passes/nn_passes.py:22] Performing passes for nn_backend: "nn_backend::handle_return_inputs_as_outputs"
[20200630 16:33:14 INFO /Volumes/data/work/1duo-coremltools/coremltools/converters/mil/backend/nn/passes/nn_passes.py:22] Performing passes for nn_backend: "common::const_elimination"
[20200630 16:33:14 INFO /Volumes/data/work/1duo-coremltools/coremltools/converters/mil/backend/nn/passes/nn_passes.py:22] Performing passes for nn_backend: "common::dead_code_elimination"
[20200630 16:33:14 INFO /Volumes/data/work/1duo-coremltools/coremltools/converters/mil/backend/nn/passes/nn_passes.py:22] Performing passes for nn_backend: "nn_backend::handle_unused_inputs"
[20200630 16:33:14 INFO /Volumes/data/work/1duo-coremltools/coremltools/converters/mil/backend/nn/passes/nn_passes.py:22] Performing passes for nn_backend: "nn_backend::alert_return_type_cast"
[20200630 16:33:14 DEBUG /Volumes/data/work/1duo-coremltools/coremltools/converters/mil/backend/nn/passes/nn_passes.py:26] Program after nn backend passes:
main(%input: (1, 1, 5, 5, fp32)) {
  block38() {
    %1: (3, 1, 1, 1, fp32)* = const(val=[[[[0.841147780418396]]], [[[0.9098012447357178]]], [[[0.31165993213653564]]]], name="1")
    %2: (3,fp32)* = const(val=[-0.4751940965652466, -0.039450645446777344, -0.8073536157608032], name="2")
    %21: (2,i32)* = const(val=[1, 1], name="21")
    %23: (2,i32)* = const(val=[3, 3], name="23")
    %16: (i32)* = const(val=1, name="16")
    %20_pad_type_19: (str)* = const(val="custom", name="20_pad_type_19")
    %20_pad_19: (4,i32)* = const(val=[3, 3, 3, 3], name="20_pad_19")
    %20: (1, 3, 11, 11, fp32) = conv(x=%input, weight=%1, bias=%2, strides=%21, pad_type=%20_pad_type_19, pad=%20_pad_19, dilations=%23, groups=%16, name="20")
  } -> (%20)
}

[20200630 16:33:14 INFO /Volumes/data/work/1duo-coremltools/coremltools/converters/mil/frontend/torch/converter.py:269] Converting graph.
[20200630 16:33:14 INFO /Volumes/data/work/1duo-coremltools/coremltools/converters/mil/mil/builder.py:181] Adding op '1' of type const
[20200630 16:33:14 INFO /Volumes/data/work/1duo-coremltools/coremltools/converters/mil/mil/builder.py:181] Adding op '2' of type const
[20200630 16:33:14 INFO /Volumes/data/work/1duo-coremltools/coremltools/converters/mil/frontend/torch/ops.py:49] Converting op 21 : constant
[20200630 16:33:14 INFO /Volumes/data/work/1duo-coremltools/coremltools/converters/mil/mil/builder.py:181] Adding op '21' of type const
[20200630 16:33:14 INFO /Volumes/data/work/1duo-coremltools/coremltools/converters/mil/frontend/torch/ops.py:49] Converting op 22 : constant
[20200630 16:33:14 INFO /Volumes/data/work/1duo-coremltools/coremltools/converters/mil/mil/builder.py:181] Adding op '22' of type const
[20200630 16:33:14 INFO /Volumes/data/work/1duo-coremltools/coremltools/converters/mil/frontend/torch/ops.py:49] Converting op 23 : constant
[20200630 16:33:14 INFO /Volumes/data/work/1duo-coremltools/coremltools/converters/mil/mil/builder.py:181] Adding op '23' of type const
[20200630 16:33:14 INFO /Volumes/data/work/1duo-coremltools/coremltools/converters/mil/frontend/torch/ops.py:49] Converting op 12 : constant
[20200630 16:33:14 INFO /Volumes/data/work/1duo-coremltools/coremltools/converters/mil/mil/builder.py:181] Adding op '12' of type const
[20200630 16:33:14 INFO /Volumes/data/work/1duo-coremltools/coremltools/converters/mil/frontend/torch/ops.py:49] Converting op 24 : constant
[20200630 16:33:14 INFO /Volumes/data/work/1duo-coremltools/coremltools/converters/mil/mil/builder.py:181] Adding op '24' of type const
[20200630 16:33:14 INFO /Volumes/data/work/1duo-coremltools/coremltools/converters/mil/frontend/torch/ops.py:49] Converting op 16 : constant
[20200630 16:33:14 INFO /Volumes/data/work/1duo-coremltools/coremltools/converters/mil/mil/builder.py:181] Adding op '16' of type const
[20200630 16:33:14 INFO /Volumes/data/work/1duo-coremltools/coremltools/converters/mil/frontend/torch/ops.py:49] Converting op 17 : constant
[20200630 16:33:14 INFO /Volumes/data/work/1duo-coremltools/coremltools/converters/mil/mil/builder.py:181] Adding op '17' of type const
[20200630 16:33:14 INFO /Volumes/data/work/1duo-coremltools/coremltools/converters/mil/frontend/torch/ops.py:49] Converting op 18 : constant
[20200630 16:33:14 INFO /Volumes/data/work/1duo-coremltools/coremltools/converters/mil/mil/builder.py:181] Adding op '18' of type const
[20200630 16:33:14 INFO /Volumes/data/work/1duo-coremltools/coremltools/converters/mil/frontend/torch/ops.py:49] Converting op 19 : constant
[20200630 16:33:14 INFO /Volumes/data/work/1duo-coremltools/coremltools/converters/mil/mil/builder.py:181] Adding op '19' of type const
[20200630 16:33:14 INFO /Volumes/data/work/1duo-coremltools/coremltools/converters/mil/frontend/torch/ops.py:49] Converting op 20 : _convolution
[20200630 16:33:14 INFO /Volumes/data/work/1duo-coremltools/coremltools/converters/mil/mil/builder.py:181] Adding op '20' of type conv
[20200630 16:33:14 DEBUG /Volumes/data/work/1duo-coremltools/coremltools/converters/mil/mil/builder.py:93] Adding const op '20_pad_type_20'
[20200630 16:33:14 INFO /Volumes/data/work/1duo-coremltools/coremltools/converters/mil/mil/builder.py:181] Adding op '20_pad_type_20' of type const
[20200630 16:33:14 DEBUG /Volumes/data/work/1duo-coremltools/coremltools/converters/mil/mil/builder.py:93] Adding const op '20_pad_20'
[20200630 16:33:14 INFO /Volumes/data/work/1duo-coremltools/coremltools/converters/mil/mil/builder.py:181] Adding op '20_pad_20' of type const
[20200630 16:33:14 DEBUG /Volumes/data/work/1duo-coremltools/coremltools/converters/mil/mil/passes/common_pass.py:30] Program before common passes:
main(%input: (1, 1, 5, 5, fp32)) {
  block39() {
    %1: (3, 1, 1, 1, fp32)* = const(val=[[[[0.6960238218307495]]], [[[-0.9343562126159668]]], [[[-0.7848426103591919]]]], name="1")
    %2: (3,fp32)* = const(val=[-0.4305999279022217, -0.47545599937438965, 0.37791907787323], name="2")
    %21: (2,i32)* = const(val=[3, 3], name="21")
    %22: (2,i32)* = const(val=[1, 1], name="22")
    %23: (2,i32)* = const(val=[1, 1], name="23")
    %12: (bool)* = const(val=False, name="12")
    %24: (2,i32)* = const(val=[0, 0], name="24")
    %16: (i32)* = const(val=1, name="16")
    %17: (bool)* = const(val=False, name="17")
    %18: (bool)* = const(val=False, name="18")
    %19: (bool)* = const(val=True, name="19")
    %20_pad_type_20: (str)* = const(val="custom", name="20_pad_type_20")
    %20_pad_20: (4,i32)* = const(val=[1, 1, 1, 1], name="20_pad_20")
    %20: (1, 3, 3, 3, fp32) = conv(x=%input, weight=%1, bias=%2, strides=%21, pad_type=%20_pad_type_20, pad=%20_pad_20, dilations=%23, groups=%16, name="20")
  } -> (%20)
}

[20200630 16:33:14 INFO /Volumes/data/work/1duo-coremltools/coremltools/converters/mil/mil/passes/common_pass.py:34] Performing pass: "common::const_elimination"
[20200630 16:33:14 INFO /Volumes/data/work/1duo-coremltools/coremltools/converters/mil/mil/passes/common_pass.py:34] Performing pass: "common::divide_to_multiply"
[20200630 16:33:14 INFO /Volumes/data/work/1duo-coremltools/coremltools/converters/mil/mil/passes/common_pass.py:34] Performing pass: "common::fuse_matmul_weight_bias"
[20200630 16:33:14 INFO /Volumes/data/work/1duo-coremltools/coremltools/converters/mil/mil/passes/common_pass.py:34] Performing pass: "common::const_elimination"
[20200630 16:33:14 INFO /Volumes/data/work/1duo-coremltools/coremltools/converters/mil/mil/passes/common_pass.py:34] Performing pass: "common::loop_invariant_elimination"
[20200630 16:33:14 INFO /Volumes/data/work/1duo-coremltools/coremltools/converters/mil/mil/passes/common_pass.py:34] Performing pass: "common::remove_symbolic_reshape"
[20200630 16:33:14 INFO /Volumes/data/work/1duo-coremltools/coremltools/converters/mil/mil/passes/remove_symbolic_reshape.py:104] remove_symbolic_reshape: changed 0 reshapes.
[20200630 16:33:14 INFO /Volumes/data/work/1duo-coremltools/coremltools/converters/mil/mil/passes/common_pass.py:34] Performing pass: "common::fuse_gelu_tanh_approximation"
[20200630 16:33:14 INFO /Volumes/data/work/1duo-coremltools/coremltools/converters/mil/mil/passes/common_pass.py:34] Performing pass: "common::reduce_transposes"
[20200630 16:33:14 DEBUG /Volumes/data/work/1duo-coremltools/coremltools/converters/mil/mil/passes/reduce_transposes.py:989] Block before optimize transpose transform:
function(%input: (1, 1, 5, 5, fp32)) {
  block39() {
    %1: (3, 1, 1, 1, fp32)* = const(val=[[[[0.6960238218307495]]], [[[-0.9343562126159668]]], [[[-0.7848426103591919]]]], name="1")
    %2: (3,fp32)* = const(val=[-0.4305999279022217, -0.47545599937438965, 0.37791907787323], name="2")
    %21: (2,i32)* = const(val=[3, 3], name="21")
    %22: (2,i32)* = const(val=[1, 1], name="22")
    %23: (2,i32)* = const(val=[1, 1], name="23")
    %12: (bool)* = const(val=False, name="12")
    %24: (2,i32)* = const(val=[0, 0], name="24")
    %16: (i32)* = const(val=1, name="16")
    %17: (bool)* = const(val=False, name="17")
    %18: (bool)* = const(val=False, name="18")
    %19: (bool)* = const(val=True, name="19")
    %20_pad_type_20: (str)* = const(val="custom", name="20_pad_type_20")
    %20_pad_20: (4,i32)* = const(val=[1, 1, 1, 1], name="20_pad_20")
    %20: (1, 3, 3, 3, fp32) = conv(x=%input, weight=%1, bias=%2, strides=%21, pad_type=%20_pad_type_20, pad=%20_pad_20, dilations=%23, groups=%16, name="20")
  } -> (%20)
}

[20200630 16:33:14 DEBUG /Volumes/data/work/1duo-coremltools/coremltools/converters/mil/mil/passes/reduce_transposes.py:1024] Block after optimize transpose transform:
function(%input: (1, 1, 5, 5, fp32)) {
  block39() {
    %1: (3, 1, 1, 1, fp32)* = const(val=[[[[0.6960238218307495]]], [[[-0.9343562126159668]]], [[[-0.7848426103591919]]]], name="1")
    %2: (3,fp32)* = const(val=[-0.4305999279022217, -0.47545599937438965, 0.37791907787323], name="2")
    %21: (2,i32)* = const(val=[3, 3], name="21")
    %22: (2,i32)* = const(val=[1, 1], name="22")
    %23: (2,i32)* = const(val=[1, 1], name="23")
    %12: (bool)* = const(val=False, name="12")
    %24: (2,i32)* = const(val=[0, 0], name="24")
    %16: (i32)* = const(val=1, name="16")
    %17: (bool)* = const(val=False, name="17")
    %18: (bool)* = const(val=False, name="18")
    %19: (bool)* = const(val=True, name="19")
    %20_pad_type_20: (str)* = const(val="custom", name="20_pad_type_20")
    %20_pad_20: (4,i32)* = const(val=[1, 1, 1, 1], name="20_pad_20")
    %20: (1, 3, 3, 3, fp32) = conv(x=%input, weight=%1, bias=%2, strides=%21, pad_type=%20_pad_type_20, pad=%20_pad_20, dilations=%23, groups=%16, name="20")
  } -> (%20)
}

[20200630 16:33:14 INFO /Volumes/data/work/1duo-coremltools/coremltools/converters/mil/mil/passes/common_pass.py:34] Performing pass: "common::fuse_bias_conv"
[20200630 16:33:14 INFO /Volumes/data/work/1duo-coremltools/coremltools/converters/mil/mil/passes/common_pass.py:34] Performing pass: "common::fuse_elementwise_to_batchnorm"
[20200630 16:33:14 INFO /Volumes/data/work/1duo-coremltools/coremltools/converters/mil/mil/passes/common_pass.py:34] Performing pass: "common::fuse_onehot_matmul_to_gather"
[20200630 16:33:14 INFO /Volumes/data/work/1duo-coremltools/coremltools/converters/mil/mil/passes/common_pass.py:34] Performing pass: "common::fuse_layernorm_or_instancenorm"
[20200630 16:33:14 INFO /Volumes/data/work/1duo-coremltools/coremltools/converters/mil/mil/passes/common_pass.py:34] Performing pass: "common::dead_code_elimination"
[20200630 16:33:14 INFO /Volumes/data/work/1duo-coremltools/coremltools/converters/mil/mil/passes/dead_code_elimination.py:35] Removing op "19" (type: const)
[20200630 16:33:14 INFO /Volumes/data/work/1duo-coremltools/coremltools/converters/mil/mil/passes/dead_code_elimination.py:35] Removing op "18" (type: const)
[20200630 16:33:14 INFO /Volumes/data/work/1duo-coremltools/coremltools/converters/mil/mil/passes/dead_code_elimination.py:35] Removing op "17" (type: const)
[20200630 16:33:14 INFO /Volumes/data/work/1duo-coremltools/coremltools/converters/mil/mil/passes/dead_code_elimination.py:35] Removing op "24" (type: const)
[20200630 16:33:14 INFO /Volumes/data/work/1duo-coremltools/coremltools/converters/mil/mil/passes/dead_code_elimination.py:35] Removing op "12" (type: const)
[20200630 16:33:14 INFO /Volumes/data/work/1duo-coremltools/coremltools/converters/mil/mil/passes/dead_code_elimination.py:35] Removing op "22" (type: const)
[20200630 16:33:14 DEBUG /Volumes/data/work/1duo-coremltools/coremltools/converters/mil/mil/passes/common_pass.py:38] Program after common passes:
main(%input: (1, 1, 5, 5, fp32)) {
  block39() {
    %1: (3, 1, 1, 1, fp32)* = const(val=[[[[0.6960238218307495]]], [[[-0.9343562126159668]]], [[[-0.7848426103591919]]]], name="1")
    %2: (3,fp32)* = const(val=[-0.4305999279022217, -0.47545599937438965, 0.37791907787323], name="2")
    %21: (2,i32)* = const(val=[3, 3], name="21")
    %23: (2,i32)* = const(val=[1, 1], name="23")
    %16: (i32)* = const(val=1, name="16")
    %20_pad_type_20: (str)* = const(val="custom", name="20_pad_type_20")
    %20_pad_20: (4,i32)* = const(val=[1, 1, 1, 1], name="20_pad_20")
    %20: (1, 3, 3, 3, fp32) = conv(x=%input, weight=%1, bias=%2, strides=%21, pad_type=%20_pad_type_20, pad=%20_pad_20, dilations=%23, groups=%16, name="20")
  } -> (%20)
}

[20200630 16:33:14 INFO /Volumes/data/work/1duo-coremltools/coremltools/converters/mil/backend/nn/passes/nn_passes.py:22] Performing passes for nn_backend: "nn_backend::commingle_loop_vars"
[20200630 16:33:14 INFO /Volumes/data/work/1duo-coremltools/coremltools/converters/mil/backend/nn/passes/nn_passes.py:22] Performing passes for nn_backend: "nn_backend::handle_return_inputs_as_outputs"
[20200630 16:33:14 INFO /Volumes/data/work/1duo-coremltools/coremltools/converters/mil/backend/nn/passes/nn_passes.py:22] Performing passes for nn_backend: "common::const_elimination"
[20200630 16:33:14 INFO /Volumes/data/work/1duo-coremltools/coremltools/converters/mil/backend/nn/passes/nn_passes.py:22] Performing passes for nn_backend: "common::dead_code_elimination"
[20200630 16:33:14 INFO /Volumes/data/work/1duo-coremltools/coremltools/converters/mil/backend/nn/passes/nn_passes.py:22] Performing passes for nn_backend: "nn_backend::handle_unused_inputs"
[20200630 16:33:14 INFO /Volumes/data/work/1duo-coremltools/coremltools/converters/mil/backend/nn/passes/nn_passes.py:22] Performing passes for nn_backend: "nn_backend::alert_return_type_cast"
[20200630 16:33:14 DEBUG /Volumes/data/work/1duo-coremltools/coremltools/converters/mil/backend/nn/passes/nn_passes.py:26] Program after nn backend passes:
main(%input: (1, 1, 5, 5, fp32)) {
  block39() {
    %1: (3, 1, 1, 1, fp32)* = const(val=[[[[0.6960238218307495]]], [[[-0.9343562126159668]]], [[[-0.7848426103591919]]]], name="1")
    %2: (3,fp32)* = const(val=[-0.4305999279022217, -0.47545599937438965, 0.37791907787323], name="2")
    %21: (2,i32)* = const(val=[3, 3], name="21")
    %23: (2,i32)* = const(val=[1, 1], name="23")
    %16: (i32)* = const(val=1, name="16")
    %20_pad_type_20: (str)* = const(val="custom", name="20_pad_type_20")
    %20_pad_20: (4,i32)* = const(val=[1, 1, 1, 1], name="20_pad_20")
    %20: (1, 3, 3, 3, fp32) = conv(x=%input, weight=%1, bias=%2, strides=%21, pad_type=%20_pad_type_20, pad=%20_pad_20, dilations=%23, groups=%16, name="20")
  } -> (%20)
}

[20200630 16:33:14 INFO /Volumes/data/work/1duo-coremltools/coremltools/converters/mil/frontend/torch/converter.py:269] Converting graph.
[20200630 16:33:14 INFO /Volumes/data/work/1duo-coremltools/coremltools/converters/mil/mil/builder.py:181] Adding op '1' of type const
[20200630 16:33:14 INFO /Volumes/data/work/1duo-coremltools/coremltools/converters/mil/mil/builder.py:181] Adding op '2' of type const
[20200630 16:33:14 INFO /Volumes/data/work/1duo-coremltools/coremltools/converters/mil/frontend/torch/ops.py:49] Converting op 21 : constant
[20200630 16:33:14 INFO /Volumes/data/work/1duo-coremltools/coremltools/converters/mil/mil/builder.py:181] Adding op '21' of type const
[20200630 16:33:14 INFO /Volumes/data/work/1duo-coremltools/coremltools/converters/mil/frontend/torch/ops.py:49] Converting op 22 : constant
[20200630 16:33:14 INFO /Volumes/data/work/1duo-coremltools/coremltools/converters/mil/mil/builder.py:181] Adding op '22' of type const
[20200630 16:33:14 INFO /Volumes/data/work/1duo-coremltools/coremltools/converters/mil/frontend/torch/ops.py:49] Converting op 23 : constant
[20200630 16:33:14 INFO /Volumes/data/work/1duo-coremltools/coremltools/converters/mil/mil/builder.py:181] Adding op '23' of type const
[20200630 16:33:14 INFO /Volumes/data/work/1duo-coremltools/coremltools/converters/mil/frontend/torch/ops.py:49] Converting op 12 : constant
[20200630 16:33:14 INFO /Volumes/data/work/1duo-coremltools/coremltools/converters/mil/mil/builder.py:181] Adding op '12' of type const
[20200630 16:33:14 INFO /Volumes/data/work/1duo-coremltools/coremltools/converters/mil/frontend/torch/ops.py:49] Converting op 24 : constant
[20200630 16:33:14 INFO /Volumes/data/work/1duo-coremltools/coremltools/converters/mil/mil/builder.py:181] Adding op '24' of type const
[20200630 16:33:14 INFO /Volumes/data/work/1duo-coremltools/coremltools/converters/mil/frontend/torch/ops.py:49] Converting op 16 : constant
[20200630 16:33:14 INFO /Volumes/data/work/1duo-coremltools/coremltools/converters/mil/mil/builder.py:181] Adding op '16' of type const
[20200630 16:33:14 INFO /Volumes/data/work/1duo-coremltools/coremltools/converters/mil/frontend/torch/ops.py:49] Converting op 17 : constant
[20200630 16:33:14 INFO /Volumes/data/work/1duo-coremltools/coremltools/converters/mil/mil/builder.py:181] Adding op '17' of type const
[20200630 16:33:14 INFO /Volumes/data/work/1duo-coremltools/coremltools/converters/mil/frontend/torch/ops.py:49] Converting op 18 : constant
[20200630 16:33:14 INFO /Volumes/data/work/1duo-coremltools/coremltools/converters/mil/mil/builder.py:181] Adding op '18' of type const
[20200630 16:33:14 INFO /Volumes/data/work/1duo-coremltools/coremltools/converters/mil/frontend/torch/ops.py:49] Converting op 19 : constant
[20200630 16:33:14 INFO /Volumes/data/work/1duo-coremltools/coremltools/converters/mil/mil/builder.py:181] Adding op '19' of type const
[20200630 16:33:14 INFO /Volumes/data/work/1duo-coremltools/coremltools/converters/mil/frontend/torch/ops.py:49] Converting op 20 : _convolution
[20200630 16:33:14 INFO /Volumes/data/work/1duo-coremltools/coremltools/converters/mil/mil/builder.py:181] Adding op '20' of type conv
[20200630 16:33:14 DEBUG /Volumes/data/work/1duo-coremltools/coremltools/converters/mil/mil/builder.py:93] Adding const op '20_pad_type_21'
[20200630 16:33:14 INFO /Volumes/data/work/1duo-coremltools/coremltools/converters/mil/mil/builder.py:181] Adding op '20_pad_type_21' of type const
[20200630 16:33:14 DEBUG /Volumes/data/work/1duo-coremltools/coremltools/converters/mil/mil/builder.py:93] Adding const op '20_pad_21'
[20200630 16:33:14 INFO /Volumes/data/work/1duo-coremltools/coremltools/converters/mil/mil/builder.py:181] Adding op '20_pad_21' of type const
[20200630 16:33:14 DEBUG /Volumes/data/work/1duo-coremltools/coremltools/converters/mil/mil/passes/common_pass.py:30] Program before common passes:
main(%input: (1, 1, 5, 5, fp32)) {
  block40() {
    %1: (3, 1, 1, 1, fp32)* = const(val=[[[[0.18278300762176514]]], [[[0.6949942111968994]]], [[[0.034336209297180176]]]], name="1")
    %2: (3,fp32)* = const(val=[0.9223967790603638, -0.6117587089538574, -0.12364363670349121], name="2")
    %21: (2,i32)* = const(val=[3, 3], name="21")
    %22: (2,i32)* = const(val=[1, 1], name="22")
    %23: (2,i32)* = const(val=[3, 3], name="23")
    %12: (bool)* = const(val=False, name="12")
    %24: (2,i32)* = const(val=[0, 0], name="24")
    %16: (i32)* = const(val=1, name="16")
    %17: (bool)* = const(val=False, name="17")
    %18: (bool)* = const(val=False, name="18")
    %19: (bool)* = const(val=True, name="19")
    %20_pad_type_21: (str)* = const(val="custom", name="20_pad_type_21")
    %20_pad_21: (4,i32)* = const(val=[1, 1, 1, 1], name="20_pad_21")
    %20: (1, 3, 3, 3, fp32) = conv(x=%input, weight=%1, bias=%2, strides=%21, pad_type=%20_pad_type_21, pad=%20_pad_21, dilations=%23, groups=%16, name="20")
  } -> (%20)
}

[20200630 16:33:14 INFO /Volumes/data/work/1duo-coremltools/coremltools/converters/mil/mil/passes/common_pass.py:34] Performing pass: "common::const_elimination"
[20200630 16:33:14 INFO /Volumes/data/work/1duo-coremltools/coremltools/converters/mil/mil/passes/common_pass.py:34] Performing pass: "common::divide_to_multiply"
[20200630 16:33:14 INFO /Volumes/data/work/1duo-coremltools/coremltools/converters/mil/mil/passes/common_pass.py:34] Performing pass: "common::fuse_matmul_weight_bias"
[20200630 16:33:14 INFO /Volumes/data/work/1duo-coremltools/coremltools/converters/mil/mil/passes/common_pass.py:34] Performing pass: "common::const_elimination"
[20200630 16:33:14 INFO /Volumes/data/work/1duo-coremltools/coremltools/converters/mil/mil/passes/common_pass.py:34] Performing pass: "common::loop_invariant_elimination"
[20200630 16:33:14 INFO /Volumes/data/work/1duo-coremltools/coremltools/converters/mil/mil/passes/common_pass.py:34] Performing pass: "common::remove_symbolic_reshape"
[20200630 16:33:14 INFO /Volumes/data/work/1duo-coremltools/coremltools/converters/mil/mil/passes/remove_symbolic_reshape.py:104] remove_symbolic_reshape: changed 0 reshapes.
[20200630 16:33:14 INFO /Volumes/data/work/1duo-coremltools/coremltools/converters/mil/mil/passes/common_pass.py:34] Performing pass: "common::fuse_gelu_tanh_approximation"
[20200630 16:33:14 INFO /Volumes/data/work/1duo-coremltools/coremltools/converters/mil/mil/passes/common_pass.py:34] Performing pass: "common::reduce_transposes"
[20200630 16:33:14 DEBUG /Volumes/data/work/1duo-coremltools/coremltools/converters/mil/mil/passes/reduce_transposes.py:989] Block before optimize transpose transform:
function(%input: (1, 1, 5, 5, fp32)) {
  block40() {
    %1: (3, 1, 1, 1, fp32)* = const(val=[[[[0.18278300762176514]]], [[[0.6949942111968994]]], [[[0.034336209297180176]]]], name="1")
    %2: (3,fp32)* = const(val=[0.9223967790603638, -0.6117587089538574, -0.12364363670349121], name="2")
    %21: (2,i32)* = const(val=[3, 3], name="21")
    %22: (2,i32)* = const(val=[1, 1], name="22")
    %23: (2,i32)* = const(val=[3, 3], name="23")
    %12: (bool)* = const(val=False, name="12")
    %24: (2,i32)* = const(val=[0, 0], name="24")
    %16: (i32)* = const(val=1, name="16")
    %17: (bool)* = const(val=False, name="17")
    %18: (bool)* = const(val=False, name="18")
    %19: (bool)* = const(val=True, name="19")
    %20_pad_type_21: (str)* = const(val="custom", name="20_pad_type_21")
    %20_pad_21: (4,i32)* = const(val=[1, 1, 1, 1], name="20_pad_21")
    %20: (1, 3, 3, 3, fp32) = conv(x=%input, weight=%1, bias=%2, strides=%21, pad_type=%20_pad_type_21, pad=%20_pad_21, dilations=%23, groups=%16, name="20")
  } -> (%20)
}

[20200630 16:33:14 DEBUG /Volumes/data/work/1duo-coremltools/coremltools/converters/mil/mil/passes/reduce_transposes.py:1024] Block after optimize transpose transform:
function(%input: (1, 1, 5, 5, fp32)) {
  block40() {
    %1: (3, 1, 1, 1, fp32)* = const(val=[[[[0.18278300762176514]]], [[[0.6949942111968994]]], [[[0.034336209297180176]]]], name="1")
    %2: (3,fp32)* = const(val=[0.9223967790603638, -0.6117587089538574, -0.12364363670349121], name="2")
    %21: (2,i32)* = const(val=[3, 3], name="21")
    %22: (2,i32)* = const(val=[1, 1], name="22")
    %23: (2,i32)* = const(val=[3, 3], name="23")
    %12: (bool)* = const(val=False, name="12")
    %24: (2,i32)* = const(val=[0, 0], name="24")
    %16: (i32)* = const(val=1, name="16")
    %17: (bool)* = const(val=False, name="17")
    %18: (bool)* = const(val=False, name="18")
    %19: (bool)* = const(val=True, name="19")
    %20_pad_type_21: (str)* = const(val="custom", name="20_pad_type_21")
    %20_pad_21: (4,i32)* = const(val=[1, 1, 1, 1], name="20_pad_21")
    %20: (1, 3, 3, 3, fp32) = conv(x=%input, weight=%1, bias=%2, strides=%21, pad_type=%20_pad_type_21, pad=%20_pad_21, dilations=%23, groups=%16, name="20")
  } -> (%20)
}

[20200630 16:33:14 INFO /Volumes/data/work/1duo-coremltools/coremltools/converters/mil/mil/passes/common_pass.py:34] Performing pass: "common::fuse_bias_conv"
[20200630 16:33:14 INFO /Volumes/data/work/1duo-coremltools/coremltools/converters/mil/mil/passes/common_pass.py:34] Performing pass: "common::fuse_elementwise_to_batchnorm"
[20200630 16:33:14 INFO /Volumes/data/work/1duo-coremltools/coremltools/converters/mil/mil/passes/common_pass.py:34] Performing pass: "common::fuse_onehot_matmul_to_gather"
[20200630 16:33:14 INFO /Volumes/data/work/1duo-coremltools/coremltools/converters/mil/mil/passes/common_pass.py:34] Performing pass: "common::fuse_layernorm_or_instancenorm"
[20200630 16:33:14 INFO /Volumes/data/work/1duo-coremltools/coremltools/converters/mil/mil/passes/common_pass.py:34] Performing pass: "common::dead_code_elimination"
[20200630 16:33:14 INFO /Volumes/data/work/1duo-coremltools/coremltools/converters/mil/mil/passes/dead_code_elimination.py:35] Removing op "19" (type: const)
[20200630 16:33:14 INFO /Volumes/data/work/1duo-coremltools/coremltools/converters/mil/mil/passes/dead_code_elimination.py:35] Removing op "18" (type: const)
[20200630 16:33:14 INFO /Volumes/data/work/1duo-coremltools/coremltools/converters/mil/mil/passes/dead_code_elimination.py:35] Removing op "17" (type: const)
[20200630 16:33:14 INFO /Volumes/data/work/1duo-coremltools/coremltools/converters/mil/mil/passes/dead_code_elimination.py:35] Removing op "24" (type: const)
[20200630 16:33:14 INFO /Volumes/data/work/1duo-coremltools/coremltools/converters/mil/mil/passes/dead_code_elimination.py:35] Removing op "12" (type: const)
[20200630 16:33:14 INFO /Volumes/data/work/1duo-coremltools/coremltools/converters/mil/mil/passes/dead_code_elimination.py:35] Removing op "22" (type: const)
[20200630 16:33:14 DEBUG /Volumes/data/work/1duo-coremltools/coremltools/converters/mil/mil/passes/common_pass.py:38] Program after common passes:
main(%input: (1, 1, 5, 5, fp32)) {
  block40() {
    %1: (3, 1, 1, 1, fp32)* = const(val=[[[[0.18278300762176514]]], [[[0.6949942111968994]]], [[[0.034336209297180176]]]], name="1")
    %2: (3,fp32)* = const(val=[0.9223967790603638, -0.6117587089538574, -0.12364363670349121], name="2")
    %21: (2,i32)* = const(val=[3, 3], name="21")
    %23: (2,i32)* = const(val=[3, 3], name="23")
    %16: (i32)* = const(val=1, name="16")
    %20_pad_type_21: (str)* = const(val="custom", name="20_pad_type_21")
    %20_pad_21: (4,i32)* = const(val=[1, 1, 1, 1], name="20_pad_21")
    %20: (1, 3, 3, 3, fp32) = conv(x=%input, weight=%1, bias=%2, strides=%21, pad_type=%20_pad_type_21, pad=%20_pad_21, dilations=%23, groups=%16, name="20")
  } -> (%20)
}

[20200630 16:33:14 INFO /Volumes/data/work/1duo-coremltools/coremltools/converters/mil/backend/nn/passes/nn_passes.py:22] Performing passes for nn_backend: "nn_backend::commingle_loop_vars"
[20200630 16:33:14 INFO /Volumes/data/work/1duo-coremltools/coremltools/converters/mil/backend/nn/passes/nn_passes.py:22] Performing passes for nn_backend: "nn_backend::handle_return_inputs_as_outputs"
[20200630 16:33:14 INFO /Volumes/data/work/1duo-coremltools/coremltools/converters/mil/backend/nn/passes/nn_passes.py:22] Performing passes for nn_backend: "common::const_elimination"
[20200630 16:33:14 INFO /Volumes/data/work/1duo-coremltools/coremltools/converters/mil/backend/nn/passes/nn_passes.py:22] Performing passes for nn_backend: "common::dead_code_elimination"
[20200630 16:33:14 INFO /Volumes/data/work/1duo-coremltools/coremltools/converters/mil/backend/nn/passes/nn_passes.py:22] Performing passes for nn_backend: "nn_backend::handle_unused_inputs"
[20200630 16:33:14 INFO /Volumes/data/work/1duo-coremltools/coremltools/converters/mil/backend/nn/passes/nn_passes.py:22] Performing passes for nn_backend: "nn_backend::alert_return_type_cast"
[20200630 16:33:14 DEBUG /Volumes/data/work/1duo-coremltools/coremltools/converters/mil/backend/nn/passes/nn_passes.py:26] Program after nn backend passes:
main(%input: (1, 1, 5, 5, fp32)) {
  block40() {
    %1: (3, 1, 1, 1, fp32)* = const(val=[[[[0.18278300762176514]]], [[[0.6949942111968994]]], [[[0.034336209297180176]]]], name="1")
    %2: (3,fp32)* = const(val=[0.9223967790603638, -0.6117587089538574, -0.12364363670349121], name="2")
    %21: (2,i32)* = const(val=[3, 3], name="21")
    %23: (2,i32)* = const(val=[3, 3], name="23")
    %16: (i32)* = const(val=1, name="16")
    %20_pad_type_21: (str)* = const(val="custom", name="20_pad_type_21")
    %20_pad_21: (4,i32)* = const(val=[1, 1, 1, 1], name="20_pad_21")
    %20: (1, 3, 3, 3, fp32) = conv(x=%input, weight=%1, bias=%2, strides=%21, pad_type=%20_pad_type_21, pad=%20_pad_21, dilations=%23, groups=%16, name="20")
  } -> (%20)
}

[20200630 16:33:14 INFO /Volumes/data/work/1duo-coremltools/coremltools/converters/mil/frontend/torch/converter.py:269] Converting graph.
[20200630 16:33:14 INFO /Volumes/data/work/1duo-coremltools/coremltools/converters/mil/mil/builder.py:181] Adding op '1' of type const
[20200630 16:33:14 INFO /Volumes/data/work/1duo-coremltools/coremltools/converters/mil/mil/builder.py:181] Adding op '2' of type const
[20200630 16:33:14 INFO /Volumes/data/work/1duo-coremltools/coremltools/converters/mil/frontend/torch/ops.py:49] Converting op 21 : constant
[20200630 16:33:14 INFO /Volumes/data/work/1duo-coremltools/coremltools/converters/mil/mil/builder.py:181] Adding op '21' of type const
[20200630 16:33:14 INFO /Volumes/data/work/1duo-coremltools/coremltools/converters/mil/frontend/torch/ops.py:49] Converting op 22 : constant
[20200630 16:33:14 INFO /Volumes/data/work/1duo-coremltools/coremltools/converters/mil/mil/builder.py:181] Adding op '22' of type const
[20200630 16:33:14 INFO /Volumes/data/work/1duo-coremltools/coremltools/converters/mil/frontend/torch/ops.py:49] Converting op 23 : constant
[20200630 16:33:14 INFO /Volumes/data/work/1duo-coremltools/coremltools/converters/mil/mil/builder.py:181] Adding op '23' of type const
[20200630 16:33:14 INFO /Volumes/data/work/1duo-coremltools/coremltools/converters/mil/frontend/torch/ops.py:49] Converting op 12 : constant
[20200630 16:33:14 INFO /Volumes/data/work/1duo-coremltools/coremltools/converters/mil/mil/builder.py:181] Adding op '12' of type const
[20200630 16:33:14 INFO /Volumes/data/work/1duo-coremltools/coremltools/converters/mil/frontend/torch/ops.py:49] Converting op 24 : constant
[20200630 16:33:14 INFO /Volumes/data/work/1duo-coremltools/coremltools/converters/mil/mil/builder.py:181] Adding op '24' of type const
[20200630 16:33:14 INFO /Volumes/data/work/1duo-coremltools/coremltools/converters/mil/frontend/torch/ops.py:49] Converting op 16 : constant
[20200630 16:33:14 INFO /Volumes/data/work/1duo-coremltools/coremltools/converters/mil/mil/builder.py:181] Adding op '16' of type const
[20200630 16:33:14 INFO /Volumes/data/work/1duo-coremltools/coremltools/converters/mil/frontend/torch/ops.py:49] Converting op 17 : constant
[20200630 16:33:14 INFO /Volumes/data/work/1duo-coremltools/coremltools/converters/mil/mil/builder.py:181] Adding op '17' of type const
[20200630 16:33:14 INFO /Volumes/data/work/1duo-coremltools/coremltools/converters/mil/frontend/torch/ops.py:49] Converting op 18 : constant
[20200630 16:33:14 INFO /Volumes/data/work/1duo-coremltools/coremltools/converters/mil/mil/builder.py:181] Adding op '18' of type const
[20200630 16:33:14 INFO /Volumes/data/work/1duo-coremltools/coremltools/converters/mil/frontend/torch/ops.py:49] Converting op 19 : constant
[20200630 16:33:14 INFO /Volumes/data/work/1duo-coremltools/coremltools/converters/mil/mil/builder.py:181] Adding op '19' of type const
[20200630 16:33:14 INFO /Volumes/data/work/1duo-coremltools/coremltools/converters/mil/frontend/torch/ops.py:49] Converting op 20 : _convolution
[20200630 16:33:14 INFO /Volumes/data/work/1duo-coremltools/coremltools/converters/mil/mil/builder.py:181] Adding op '20' of type conv
[20200630 16:33:14 DEBUG /Volumes/data/work/1duo-coremltools/coremltools/converters/mil/mil/builder.py:93] Adding const op '20_pad_type_22'
[20200630 16:33:14 INFO /Volumes/data/work/1duo-coremltools/coremltools/converters/mil/mil/builder.py:181] Adding op '20_pad_type_22' of type const
[20200630 16:33:14 DEBUG /Volumes/data/work/1duo-coremltools/coremltools/converters/mil/mil/builder.py:93] Adding const op '20_pad_22'
[20200630 16:33:14 INFO /Volumes/data/work/1duo-coremltools/coremltools/converters/mil/mil/builder.py:181] Adding op '20_pad_22' of type const
[20200630 16:33:14 DEBUG /Volumes/data/work/1duo-coremltools/coremltools/converters/mil/mil/passes/common_pass.py:30] Program before common passes:
main(%input: (1, 1, 5, 5, fp32)) {
  block41() {
    %1: (3, 1, 1, 1, fp32)* = const(val=[[[[0.7612178325653076]]], [[[-0.625457763671875]]], [[[0.7790220975875854]]]], name="1")
    %2: (3,fp32)* = const(val=[0.48349571228027344, 0.6995419263839722, 0.8466001749038696], name="2")
    %21: (2,i32)* = const(val=[3, 3], name="21")
    %22: (2,i32)* = const(val=[3, 3], name="22")
    %23: (2,i32)* = const(val=[1, 1], name="23")
    %12: (bool)* = const(val=False, name="12")
    %24: (2,i32)* = const(val=[0, 0], name="24")
    %16: (i32)* = const(val=1, name="16")
    %17: (bool)* = const(val=False, name="17")
    %18: (bool)* = const(val=False, name="18")
    %19: (bool)* = const(val=True, name="19")
    %20_pad_type_22: (str)* = const(val="custom", name="20_pad_type_22")
    %20_pad_22: (4,i32)* = const(val=[3, 3, 3, 3], name="20_pad_22")
    %20: (1, 3, 4, 4, fp32) = conv(x=%input, weight=%1, bias=%2, strides=%21, pad_type=%20_pad_type_22, pad=%20_pad_22, dilations=%23, groups=%16, name="20")
  } -> (%20)
}

[20200630 16:33:14 INFO /Volumes/data/work/1duo-coremltools/coremltools/converters/mil/mil/passes/common_pass.py:34] Performing pass: "common::const_elimination"
[20200630 16:33:14 INFO /Volumes/data/work/1duo-coremltools/coremltools/converters/mil/mil/passes/common_pass.py:34] Performing pass: "common::divide_to_multiply"
[20200630 16:33:14 INFO /Volumes/data/work/1duo-coremltools/coremltools/converters/mil/mil/passes/common_pass.py:34] Performing pass: "common::fuse_matmul_weight_bias"
[20200630 16:33:14 INFO /Volumes/data/work/1duo-coremltools/coremltools/converters/mil/mil/passes/common_pass.py:34] Performing pass: "common::const_elimination"
[20200630 16:33:14 INFO /Volumes/data/work/1duo-coremltools/coremltools/converters/mil/mil/passes/common_pass.py:34] Performing pass: "common::loop_invariant_elimination"
[20200630 16:33:14 INFO /Volumes/data/work/1duo-coremltools/coremltools/converters/mil/mil/passes/common_pass.py:34] Performing pass: "common::remove_symbolic_reshape"
[20200630 16:33:14 INFO /Volumes/data/work/1duo-coremltools/coremltools/converters/mil/mil/passes/remove_symbolic_reshape.py:104] remove_symbolic_reshape: changed 0 reshapes.
[20200630 16:33:14 INFO /Volumes/data/work/1duo-coremltools/coremltools/converters/mil/mil/passes/common_pass.py:34] Performing pass: "common::fuse_gelu_tanh_approximation"
[20200630 16:33:14 INFO /Volumes/data/work/1duo-coremltools/coremltools/converters/mil/mil/passes/common_pass.py:34] Performing pass: "common::reduce_transposes"
[20200630 16:33:14 DEBUG /Volumes/data/work/1duo-coremltools/coremltools/converters/mil/mil/passes/reduce_transposes.py:989] Block before optimize transpose transform:
function(%input: (1, 1, 5, 5, fp32)) {
  block41() {
    %1: (3, 1, 1, 1, fp32)* = const(val=[[[[0.7612178325653076]]], [[[-0.625457763671875]]], [[[0.7790220975875854]]]], name="1")
    %2: (3,fp32)* = const(val=[0.48349571228027344, 0.6995419263839722, 0.8466001749038696], name="2")
    %21: (2,i32)* = const(val=[3, 3], name="21")
    %22: (2,i32)* = const(val=[3, 3], name="22")
    %23: (2,i32)* = const(val=[1, 1], name="23")
    %12: (bool)* = const(val=False, name="12")
    %24: (2,i32)* = const(val=[0, 0], name="24")
    %16: (i32)* = const(val=1, name="16")
    %17: (bool)* = const(val=False, name="17")
    %18: (bool)* = const(val=False, name="18")
    %19: (bool)* = const(val=True, name="19")
    %20_pad_type_22: (str)* = const(val="custom", name="20_pad_type_22")
    %20_pad_22: (4,i32)* = const(val=[3, 3, 3, 3], name="20_pad_22")
    %20: (1, 3, 4, 4, fp32) = conv(x=%input, weight=%1, bias=%2, strides=%21, pad_type=%20_pad_type_22, pad=%20_pad_22, dilations=%23, groups=%16, name="20")
  } -> (%20)
}

[20200630 16:33:14 DEBUG /Volumes/data/work/1duo-coremltools/coremltools/converters/mil/mil/passes/reduce_transposes.py:1024] Block after optimize transpose transform:
function(%input: (1, 1, 5, 5, fp32)) {
  block41() {
    %1: (3, 1, 1, 1, fp32)* = const(val=[[[[0.7612178325653076]]], [[[-0.625457763671875]]], [[[0.7790220975875854]]]], name="1")
    %2: (3,fp32)* = const(val=[0.48349571228027344, 0.6995419263839722, 0.8466001749038696], name="2")
    %21: (2,i32)* = const(val=[3, 3], name="21")
    %22: (2,i32)* = const(val=[3, 3], name="22")
    %23: (2,i32)* = const(val=[1, 1], name="23")
    %12: (bool)* = const(val=False, name="12")
    %24: (2,i32)* = const(val=[0, 0], name="24")
    %16: (i32)* = const(val=1, name="16")
    %17: (bool)* = const(val=False, name="17")
    %18: (bool)* = const(val=False, name="18")
    %19: (bool)* = const(val=True, name="19")
    %20_pad_type_22: (str)* = const(val="custom", name="20_pad_type_22")
    %20_pad_22: (4,i32)* = const(val=[3, 3, 3, 3], name="20_pad_22")
    %20: (1, 3, 4, 4, fp32) = conv(x=%input, weight=%1, bias=%2, strides=%21, pad_type=%20_pad_type_22, pad=%20_pad_22, dilations=%23, groups=%16, name="20")
  } -> (%20)
}

[20200630 16:33:14 INFO /Volumes/data/work/1duo-coremltools/coremltools/converters/mil/mil/passes/common_pass.py:34] Performing pass: "common::fuse_bias_conv"
[20200630 16:33:14 INFO /Volumes/data/work/1duo-coremltools/coremltools/converters/mil/mil/passes/common_pass.py:34] Performing pass: "common::fuse_elementwise_to_batchnorm"
[20200630 16:33:14 INFO /Volumes/data/work/1duo-coremltools/coremltools/converters/mil/mil/passes/common_pass.py:34] Performing pass: "common::fuse_onehot_matmul_to_gather"
[20200630 16:33:14 INFO /Volumes/data/work/1duo-coremltools/coremltools/converters/mil/mil/passes/common_pass.py:34] Performing pass: "common::fuse_layernorm_or_instancenorm"
[20200630 16:33:14 INFO /Volumes/data/work/1duo-coremltools/coremltools/converters/mil/mil/passes/common_pass.py:34] Performing pass: "common::dead_code_elimination"
[20200630 16:33:14 INFO /Volumes/data/work/1duo-coremltools/coremltools/converters/mil/mil/passes/dead_code_elimination.py:35] Removing op "19" (type: const)
[20200630 16:33:14 INFO /Volumes/data/work/1duo-coremltools/coremltools/converters/mil/mil/passes/dead_code_elimination.py:35] Removing op "18" (type: const)
[20200630 16:33:14 INFO /Volumes/data/work/1duo-coremltools/coremltools/converters/mil/mil/passes/dead_code_elimination.py:35] Removing op "17" (type: const)
[20200630 16:33:14 INFO /Volumes/data/work/1duo-coremltools/coremltools/converters/mil/mil/passes/dead_code_elimination.py:35] Removing op "24" (type: const)
[20200630 16:33:14 INFO /Volumes/data/work/1duo-coremltools/coremltools/converters/mil/mil/passes/dead_code_elimination.py:35] Removing op "12" (type: const)
[20200630 16:33:14 INFO /Volumes/data/work/1duo-coremltools/coremltools/converters/mil/mil/passes/dead_code_elimination.py:35] Removing op "22" (type: const)
[20200630 16:33:14 DEBUG /Volumes/data/work/1duo-coremltools/coremltools/converters/mil/mil/passes/common_pass.py:38] Program after common passes:
main(%input: (1, 1, 5, 5, fp32)) {
  block41() {
    %1: (3, 1, 1, 1, fp32)* = const(val=[[[[0.7612178325653076]]], [[[-0.625457763671875]]], [[[0.7790220975875854]]]], name="1")
    %2: (3,fp32)* = const(val=[0.48349571228027344, 0.6995419263839722, 0.8466001749038696], name="2")
    %21: (2,i32)* = const(val=[3, 3], name="21")
    %23: (2,i32)* = const(val=[1, 1], name="23")
    %16: (i32)* = const(val=1, name="16")
    %20_pad_type_22: (str)* = const(val="custom", name="20_pad_type_22")
    %20_pad_22: (4,i32)* = const(val=[3, 3, 3, 3], name="20_pad_22")
    %20: (1, 3, 4, 4, fp32) = conv(x=%input, weight=%1, bias=%2, strides=%21, pad_type=%20_pad_type_22, pad=%20_pad_22, dilations=%23, groups=%16, name="20")
  } -> (%20)
}

[20200630 16:33:14 INFO /Volumes/data/work/1duo-coremltools/coremltools/converters/mil/backend/nn/passes/nn_passes.py:22] Performing passes for nn_backend: "nn_backend::commingle_loop_vars"
[20200630 16:33:14 INFO /Volumes/data/work/1duo-coremltools/coremltools/converters/mil/backend/nn/passes/nn_passes.py:22] Performing passes for nn_backend: "nn_backend::handle_return_inputs_as_outputs"
[20200630 16:33:14 INFO /Volumes/data/work/1duo-coremltools/coremltools/converters/mil/backend/nn/passes/nn_passes.py:22] Performing passes for nn_backend: "common::const_elimination"
[20200630 16:33:14 INFO /Volumes/data/work/1duo-coremltools/coremltools/converters/mil/backend/nn/passes/nn_passes.py:22] Performing passes for nn_backend: "common::dead_code_elimination"
[20200630 16:33:14 INFO /Volumes/data/work/1duo-coremltools/coremltools/converters/mil/backend/nn/passes/nn_passes.py:22] Performing passes for nn_backend: "nn_backend::handle_unused_inputs"
[20200630 16:33:14 INFO /Volumes/data/work/1duo-coremltools/coremltools/converters/mil/backend/nn/passes/nn_passes.py:22] Performing passes for nn_backend: "nn_backend::alert_return_type_cast"
[20200630 16:33:14 DEBUG /Volumes/data/work/1duo-coremltools/coremltools/converters/mil/backend/nn/passes/nn_passes.py:26] Program after nn backend passes:
main(%input: (1, 1, 5, 5, fp32)) {
  block41() {
    %1: (3, 1, 1, 1, fp32)* = const(val=[[[[0.7612178325653076]]], [[[-0.625457763671875]]], [[[0.7790220975875854]]]], name="1")
    %2: (3,fp32)* = const(val=[0.48349571228027344, 0.6995419263839722, 0.8466001749038696], name="2")
    %21: (2,i32)* = const(val=[3, 3], name="21")
    %23: (2,i32)* = const(val=[1, 1], name="23")
    %16: (i32)* = const(val=1, name="16")
    %20_pad_type_22: (str)* = const(val="custom", name="20_pad_type_22")
    %20_pad_22: (4,i32)* = const(val=[3, 3, 3, 3], name="20_pad_22")
    %20: (1, 3, 4, 4, fp32) = conv(x=%input, weight=%1, bias=%2, strides=%21, pad_type=%20_pad_type_22, pad=%20_pad_22, dilations=%23, groups=%16, name="20")
  } -> (%20)
}

[20200630 16:33:14 INFO /Volumes/data/work/1duo-coremltools/coremltools/converters/mil/frontend/torch/converter.py:269] Converting graph.
[20200630 16:33:14 INFO /Volumes/data/work/1duo-coremltools/coremltools/converters/mil/mil/builder.py:181] Adding op '1' of type const
[20200630 16:33:14 INFO /Volumes/data/work/1duo-coremltools/coremltools/converters/mil/mil/builder.py:181] Adding op '2' of type const
[20200630 16:33:14 INFO /Volumes/data/work/1duo-coremltools/coremltools/converters/mil/frontend/torch/ops.py:49] Converting op 21 : constant
[20200630 16:33:14 INFO /Volumes/data/work/1duo-coremltools/coremltools/converters/mil/mil/builder.py:181] Adding op '21' of type const
[20200630 16:33:14 INFO /Volumes/data/work/1duo-coremltools/coremltools/converters/mil/frontend/torch/ops.py:49] Converting op 22 : constant
[20200630 16:33:14 INFO /Volumes/data/work/1duo-coremltools/coremltools/converters/mil/mil/builder.py:181] Adding op '22' of type const
[20200630 16:33:14 INFO /Volumes/data/work/1duo-coremltools/coremltools/converters/mil/frontend/torch/ops.py:49] Converting op 23 : constant
[20200630 16:33:14 INFO /Volumes/data/work/1duo-coremltools/coremltools/converters/mil/mil/builder.py:181] Adding op '23' of type const
[20200630 16:33:14 INFO /Volumes/data/work/1duo-coremltools/coremltools/converters/mil/frontend/torch/ops.py:49] Converting op 12 : constant
[20200630 16:33:14 INFO /Volumes/data/work/1duo-coremltools/coremltools/converters/mil/mil/builder.py:181] Adding op '12' of type const
[20200630 16:33:14 INFO /Volumes/data/work/1duo-coremltools/coremltools/converters/mil/frontend/torch/ops.py:49] Converting op 24 : constant
[20200630 16:33:14 INFO /Volumes/data/work/1duo-coremltools/coremltools/converters/mil/mil/builder.py:181] Adding op '24' of type const
[20200630 16:33:14 INFO /Volumes/data/work/1duo-coremltools/coremltools/converters/mil/frontend/torch/ops.py:49] Converting op 16 : constant
[20200630 16:33:14 INFO /Volumes/data/work/1duo-coremltools/coremltools/converters/mil/mil/builder.py:181] Adding op '16' of type const
[20200630 16:33:14 INFO /Volumes/data/work/1duo-coremltools/coremltools/converters/mil/frontend/torch/ops.py:49] Converting op 17 : constant
[20200630 16:33:14 INFO /Volumes/data/work/1duo-coremltools/coremltools/converters/mil/mil/builder.py:181] Adding op '17' of type const
[20200630 16:33:14 INFO /Volumes/data/work/1duo-coremltools/coremltools/converters/mil/frontend/torch/ops.py:49] Converting op 18 : constant
[20200630 16:33:14 INFO /Volumes/data/work/1duo-coremltools/coremltools/converters/mil/mil/builder.py:181] Adding op '18' of type const
[20200630 16:33:14 INFO /Volumes/data/work/1duo-coremltools/coremltools/converters/mil/frontend/torch/ops.py:49] Converting op 19 : constant
[20200630 16:33:14 INFO /Volumes/data/work/1duo-coremltools/coremltools/converters/mil/mil/builder.py:181] Adding op '19' of type const
[20200630 16:33:14 INFO /Volumes/data/work/1duo-coremltools/coremltools/converters/mil/frontend/torch/ops.py:49] Converting op 20 : _convolution
[20200630 16:33:14 INFO /Volumes/data/work/1duo-coremltools/coremltools/converters/mil/mil/builder.py:181] Adding op '20' of type conv
[20200630 16:33:14 DEBUG /Volumes/data/work/1duo-coremltools/coremltools/converters/mil/mil/builder.py:93] Adding const op '20_pad_type_23'
[20200630 16:33:14 INFO /Volumes/data/work/1duo-coremltools/coremltools/converters/mil/mil/builder.py:181] Adding op '20_pad_type_23' of type const
[20200630 16:33:14 DEBUG /Volumes/data/work/1duo-coremltools/coremltools/converters/mil/mil/builder.py:93] Adding const op '20_pad_23'
[20200630 16:33:14 INFO /Volumes/data/work/1duo-coremltools/coremltools/converters/mil/mil/builder.py:181] Adding op '20_pad_23' of type const
[20200630 16:33:14 DEBUG /Volumes/data/work/1duo-coremltools/coremltools/converters/mil/mil/passes/common_pass.py:30] Program before common passes:
main(%input: (1, 1, 5, 5, fp32)) {
  block42() {
    %1: (3, 1, 1, 1, fp32)* = const(val=[[[[-0.727372407913208]]], [[[-0.22419524192810059]]], [[[-0.5980974435806274]]]], name="1")
    %2: (3,fp32)* = const(val=[-0.6541043519973755, -0.4333564043045044, 0.9884699583053589], name="2")
    %21: (2,i32)* = const(val=[3, 3], name="21")
    %22: (2,i32)* = const(val=[3, 3], name="22")
    %23: (2,i32)* = const(val=[3, 3], name="23")
    %12: (bool)* = const(val=False, name="12")
    %24: (2,i32)* = const(val=[0, 0], name="24")
    %16: (i32)* = const(val=1, name="16")
    %17: (bool)* = const(val=False, name="17")
    %18: (bool)* = const(val=False, name="18")
    %19: (bool)* = const(val=True, name="19")
    %20_pad_type_23: (str)* = const(val="custom", name="20_pad_type_23")
    %20_pad_23: (4,i32)* = const(val=[3, 3, 3, 3], name="20_pad_23")
    %20: (1, 3, 4, 4, fp32) = conv(x=%input, weight=%1, bias=%2, strides=%21, pad_type=%20_pad_type_23, pad=%20_pad_23, dilations=%23, groups=%16, name="20")
  } -> (%20)
}

[20200630 16:33:14 INFO /Volumes/data/work/1duo-coremltools/coremltools/converters/mil/mil/passes/common_pass.py:34] Performing pass: "common::const_elimination"
[20200630 16:33:14 INFO /Volumes/data/work/1duo-coremltools/coremltools/converters/mil/mil/passes/common_pass.py:34] Performing pass: "common::divide_to_multiply"
[20200630 16:33:14 INFO /Volumes/data/work/1duo-coremltools/coremltools/converters/mil/mil/passes/common_pass.py:34] Performing pass: "common::fuse_matmul_weight_bias"
[20200630 16:33:14 INFO /Volumes/data/work/1duo-coremltools/coremltools/converters/mil/mil/passes/common_pass.py:34] Performing pass: "common::const_elimination"
[20200630 16:33:14 INFO /Volumes/data/work/1duo-coremltools/coremltools/converters/mil/mil/passes/common_pass.py:34] Performing pass: "common::loop_invariant_elimination"
[20200630 16:33:14 INFO /Volumes/data/work/1duo-coremltools/coremltools/converters/mil/mil/passes/common_pass.py:34] Performing pass: "common::remove_symbolic_reshape"
[20200630 16:33:14 INFO /Volumes/data/work/1duo-coremltools/coremltools/converters/mil/mil/passes/remove_symbolic_reshape.py:104] remove_symbolic_reshape: changed 0 reshapes.
[20200630 16:33:14 INFO /Volumes/data/work/1duo-coremltools/coremltools/converters/mil/mil/passes/common_pass.py:34] Performing pass: "common::fuse_gelu_tanh_approximation"
[20200630 16:33:14 INFO /Volumes/data/work/1duo-coremltools/coremltools/converters/mil/mil/passes/common_pass.py:34] Performing pass: "common::reduce_transposes"
[20200630 16:33:14 DEBUG /Volumes/data/work/1duo-coremltools/coremltools/converters/mil/mil/passes/reduce_transposes.py:989] Block before optimize transpose transform:
function(%input: (1, 1, 5, 5, fp32)) {
  block42() {
    %1: (3, 1, 1, 1, fp32)* = const(val=[[[[-0.727372407913208]]], [[[-0.22419524192810059]]], [[[-0.5980974435806274]]]], name="1")
    %2: (3,fp32)* = const(val=[-0.6541043519973755, -0.4333564043045044, 0.9884699583053589], name="2")
    %21: (2,i32)* = const(val=[3, 3], name="21")
    %22: (2,i32)* = const(val=[3, 3], name="22")
    %23: (2,i32)* = const(val=[3, 3], name="23")
    %12: (bool)* = const(val=False, name="12")
    %24: (2,i32)* = const(val=[0, 0], name="24")
    %16: (i32)* = const(val=1, name="16")
    %17: (bool)* = const(val=False, name="17")
    %18: (bool)* = const(val=False, name="18")
    %19: (bool)* = const(val=True, name="19")
    %20_pad_type_23: (str)* = const(val="custom", name="20_pad_type_23")
    %20_pad_23: (4,i32)* = const(val=[3, 3, 3, 3], name="20_pad_23")
    %20: (1, 3, 4, 4, fp32) = conv(x=%input, weight=%1, bias=%2, strides=%21, pad_type=%20_pad_type_23, pad=%20_pad_23, dilations=%23, groups=%16, name="20")
  } -> (%20)
}

[20200630 16:33:14 DEBUG /Volumes/data/work/1duo-coremltools/coremltools/converters/mil/mil/passes/reduce_transposes.py:1024] Block after optimize transpose transform:
function(%input: (1, 1, 5, 5, fp32)) {
  block42() {
    %1: (3, 1, 1, 1, fp32)* = const(val=[[[[-0.727372407913208]]], [[[-0.22419524192810059]]], [[[-0.5980974435806274]]]], name="1")
    %2: (3,fp32)* = const(val=[-0.6541043519973755, -0.4333564043045044, 0.9884699583053589], name="2")
    %21: (2,i32)* = const(val=[3, 3], name="21")
    %22: (2,i32)* = const(val=[3, 3], name="22")
    %23: (2,i32)* = const(val=[3, 3], name="23")
    %12: (bool)* = const(val=False, name="12")
    %24: (2,i32)* = const(val=[0, 0], name="24")
    %16: (i32)* = const(val=1, name="16")
    %17: (bool)* = const(val=False, name="17")
    %18: (bool)* = const(val=False, name="18")
    %19: (bool)* = const(val=True, name="19")
    %20_pad_type_23: (str)* = const(val="custom", name="20_pad_type_23")
    %20_pad_23: (4,i32)* = const(val=[3, 3, 3, 3], name="20_pad_23")
    %20: (1, 3, 4, 4, fp32) = conv(x=%input, weight=%1, bias=%2, strides=%21, pad_type=%20_pad_type_23, pad=%20_pad_23, dilations=%23, groups=%16, name="20")
  } -> (%20)
}

[20200630 16:33:14 INFO /Volumes/data/work/1duo-coremltools/coremltools/converters/mil/mil/passes/common_pass.py:34] Performing pass: "common::fuse_bias_conv"
[20200630 16:33:14 INFO /Volumes/data/work/1duo-coremltools/coremltools/converters/mil/mil/passes/common_pass.py:34] Performing pass: "common::fuse_elementwise_to_batchnorm"
[20200630 16:33:14 INFO /Volumes/data/work/1duo-coremltools/coremltools/converters/mil/mil/passes/common_pass.py:34] Performing pass: "common::fuse_onehot_matmul_to_gather"
[20200630 16:33:14 INFO /Volumes/data/work/1duo-coremltools/coremltools/converters/mil/mil/passes/common_pass.py:34] Performing pass: "common::fuse_layernorm_or_instancenorm"
[20200630 16:33:14 INFO /Volumes/data/work/1duo-coremltools/coremltools/converters/mil/mil/passes/common_pass.py:34] Performing pass: "common::dead_code_elimination"
[20200630 16:33:14 INFO /Volumes/data/work/1duo-coremltools/coremltools/converters/mil/mil/passes/dead_code_elimination.py:35] Removing op "19" (type: const)
[20200630 16:33:14 INFO /Volumes/data/work/1duo-coremltools/coremltools/converters/mil/mil/passes/dead_code_elimination.py:35] Removing op "18" (type: const)
[20200630 16:33:14 INFO /Volumes/data/work/1duo-coremltools/coremltools/converters/mil/mil/passes/dead_code_elimination.py:35] Removing op "17" (type: const)
[20200630 16:33:14 INFO /Volumes/data/work/1duo-coremltools/coremltools/converters/mil/mil/passes/dead_code_elimination.py:35] Removing op "24" (type: const)
[20200630 16:33:14 INFO /Volumes/data/work/1duo-coremltools/coremltools/converters/mil/mil/passes/dead_code_elimination.py:35] Removing op "12" (type: const)
[20200630 16:33:14 INFO /Volumes/data/work/1duo-coremltools/coremltools/converters/mil/mil/passes/dead_code_elimination.py:35] Removing op "22" (type: const)
[20200630 16:33:14 DEBUG /Volumes/data/work/1duo-coremltools/coremltools/converters/mil/mil/passes/common_pass.py:38] Program after common passes:
main(%input: (1, 1, 5, 5, fp32)) {
  block42() {
    %1: (3, 1, 1, 1, fp32)* = const(val=[[[[-0.727372407913208]]], [[[-0.22419524192810059]]], [[[-0.5980974435806274]]]], name="1")
    %2: (3,fp32)* = const(val=[-0.6541043519973755, -0.4333564043045044, 0.9884699583053589], name="2")
    %21: (2,i32)* = const(val=[3, 3], name="21")
    %23: (2,i32)* = const(val=[3, 3], name="23")
    %16: (i32)* = const(val=1, name="16")
    %20_pad_type_23: (str)* = const(val="custom", name="20_pad_type_23")
    %20_pad_23: (4,i32)* = const(val=[3, 3, 3, 3], name="20_pad_23")
    %20: (1, 3, 4, 4, fp32) = conv(x=%input, weight=%1, bias=%2, strides=%21, pad_type=%20_pad_type_23, pad=%20_pad_23, dilations=%23, groups=%16, name="20")
  } -> (%20)
}

[20200630 16:33:14 INFO /Volumes/data/work/1duo-coremltools/coremltools/converters/mil/backend/nn/passes/nn_passes.py:22] Performing passes for nn_backend: "nn_backend::commingle_loop_vars"
[20200630 16:33:14 INFO /Volumes/data/work/1duo-coremltools/coremltools/converters/mil/backend/nn/passes/nn_passes.py:22] Performing passes for nn_backend: "nn_backend::handle_return_inputs_as_outputs"
[20200630 16:33:14 INFO /Volumes/data/work/1duo-coremltools/coremltools/converters/mil/backend/nn/passes/nn_passes.py:22] Performing passes for nn_backend: "common::const_elimination"
[20200630 16:33:14 INFO /Volumes/data/work/1duo-coremltools/coremltools/converters/mil/backend/nn/passes/nn_passes.py:22] Performing passes for nn_backend: "common::dead_code_elimination"
[20200630 16:33:14 INFO /Volumes/data/work/1duo-coremltools/coremltools/converters/mil/backend/nn/passes/nn_passes.py:22] Performing passes for nn_backend: "nn_backend::handle_unused_inputs"
[20200630 16:33:14 INFO /Volumes/data/work/1duo-coremltools/coremltools/converters/mil/backend/nn/passes/nn_passes.py:22] Performing passes for nn_backend: "nn_backend::alert_return_type_cast"
[20200630 16:33:14 DEBUG /Volumes/data/work/1duo-coremltools/coremltools/converters/mil/backend/nn/passes/nn_passes.py:26] Program after nn backend passes:
main(%input: (1, 1, 5, 5, fp32)) {
  block42() {
    %1: (3, 1, 1, 1, fp32)* = const(val=[[[[-0.727372407913208]]], [[[-0.22419524192810059]]], [[[-0.5980974435806274]]]], name="1")
    %2: (3,fp32)* = const(val=[-0.6541043519973755, -0.4333564043045044, 0.9884699583053589], name="2")
    %21: (2,i32)* = const(val=[3, 3], name="21")
    %23: (2,i32)* = const(val=[3, 3], name="23")
    %16: (i32)* = const(val=1, name="16")
    %20_pad_type_23: (str)* = const(val="custom", name="20_pad_type_23")
    %20_pad_23: (4,i32)* = const(val=[3, 3, 3, 3], name="20_pad_23")
    %20: (1, 3, 4, 4, fp32) = conv(x=%input, weight=%1, bias=%2, strides=%21, pad_type=%20_pad_type_23, pad=%20_pad_23, dilations=%23, groups=%16, name="20")
  } -> (%20)
}

[20200630 16:33:14 INFO /Volumes/data/work/1duo-coremltools/coremltools/converters/mil/frontend/torch/converter.py:269] Converting graph.
[20200630 16:33:14 INFO /Volumes/data/work/1duo-coremltools/coremltools/converters/mil/mil/builder.py:181] Adding op '1' of type const
[20200630 16:33:14 INFO /Volumes/data/work/1duo-coremltools/coremltools/converters/mil/mil/builder.py:181] Adding op '2' of type const
[20200630 16:33:14 INFO /Volumes/data/work/1duo-coremltools/coremltools/converters/mil/frontend/torch/ops.py:49] Converting op 21 : constant
[20200630 16:33:14 INFO /Volumes/data/work/1duo-coremltools/coremltools/converters/mil/mil/builder.py:181] Adding op '21' of type const
[20200630 16:33:14 INFO /Volumes/data/work/1duo-coremltools/coremltools/converters/mil/frontend/torch/ops.py:49] Converting op 22 : constant
[20200630 16:33:14 INFO /Volumes/data/work/1duo-coremltools/coremltools/converters/mil/mil/builder.py:181] Adding op '22' of type const
[20200630 16:33:14 INFO /Volumes/data/work/1duo-coremltools/coremltools/converters/mil/frontend/torch/ops.py:49] Converting op 23 : constant
[20200630 16:33:14 INFO /Volumes/data/work/1duo-coremltools/coremltools/converters/mil/mil/builder.py:181] Adding op '23' of type const
[20200630 16:33:14 INFO /Volumes/data/work/1duo-coremltools/coremltools/converters/mil/frontend/torch/ops.py:49] Converting op 12 : constant
[20200630 16:33:14 INFO /Volumes/data/work/1duo-coremltools/coremltools/converters/mil/mil/builder.py:181] Adding op '12' of type const
[20200630 16:33:14 INFO /Volumes/data/work/1duo-coremltools/coremltools/converters/mil/frontend/torch/ops.py:49] Converting op 24 : constant
[20200630 16:33:14 INFO /Volumes/data/work/1duo-coremltools/coremltools/converters/mil/mil/builder.py:181] Adding op '24' of type const
[20200630 16:33:14 INFO /Volumes/data/work/1duo-coremltools/coremltools/converters/mil/frontend/torch/ops.py:49] Converting op 16 : constant
[20200630 16:33:14 INFO /Volumes/data/work/1duo-coremltools/coremltools/converters/mil/mil/builder.py:181] Adding op '16' of type const
[20200630 16:33:14 INFO /Volumes/data/work/1duo-coremltools/coremltools/converters/mil/frontend/torch/ops.py:49] Converting op 17 : constant
[20200630 16:33:14 INFO /Volumes/data/work/1duo-coremltools/coremltools/converters/mil/mil/builder.py:181] Adding op '17' of type const
[20200630 16:33:14 INFO /Volumes/data/work/1duo-coremltools/coremltools/converters/mil/frontend/torch/ops.py:49] Converting op 18 : constant
[20200630 16:33:14 INFO /Volumes/data/work/1duo-coremltools/coremltools/converters/mil/mil/builder.py:181] Adding op '18' of type const
[20200630 16:33:14 INFO /Volumes/data/work/1duo-coremltools/coremltools/converters/mil/frontend/torch/ops.py:49] Converting op 19 : constant
[20200630 16:33:14 INFO /Volumes/data/work/1duo-coremltools/coremltools/converters/mil/mil/builder.py:181] Adding op '19' of type const
[20200630 16:33:14 INFO /Volumes/data/work/1duo-coremltools/coremltools/converters/mil/frontend/torch/ops.py:49] Converting op 20 : _convolution
[20200630 16:33:14 INFO /Volumes/data/work/1duo-coremltools/coremltools/converters/mil/mil/builder.py:181] Adding op '20' of type conv
[20200630 16:33:14 DEBUG /Volumes/data/work/1duo-coremltools/coremltools/converters/mil/mil/builder.py:93] Adding const op '20_pad_type_24'
[20200630 16:33:14 INFO /Volumes/data/work/1duo-coremltools/coremltools/converters/mil/mil/builder.py:181] Adding op '20_pad_type_24' of type const
[20200630 16:33:14 DEBUG /Volumes/data/work/1duo-coremltools/coremltools/converters/mil/mil/builder.py:93] Adding const op '20_pad_24'
[20200630 16:33:14 INFO /Volumes/data/work/1duo-coremltools/coremltools/converters/mil/mil/builder.py:181] Adding op '20_pad_24' of type const
[20200630 16:33:14 DEBUG /Volumes/data/work/1duo-coremltools/coremltools/converters/mil/mil/passes/common_pass.py:30] Program before common passes:
main(%input: (1, 1, 5, 5, fp32)) {
  block43() {
    %1: (3, 1, 3, 3, fp32)* = const(val=(file_value), name="1")
    %2: (3,fp32)* = const(val=[-0.20384006202220917, 0.3233288824558258, -0.27630874514579773], name="2")
    %21: (2,i32)* = const(val=[1, 1], name="21")
    %22: (2,i32)* = const(val=[1, 1], name="22")
    %23: (2,i32)* = const(val=[1, 1], name="23")
    %12: (bool)* = const(val=False, name="12")
    %24: (2,i32)* = const(val=[0, 0], name="24")
    %16: (i32)* = const(val=1, name="16")
    %17: (bool)* = const(val=False, name="17")
    %18: (bool)* = const(val=False, name="18")
    %19: (bool)* = const(val=True, name="19")
    %20_pad_type_24: (str)* = const(val="custom", name="20_pad_type_24")
    %20_pad_24: (4,i32)* = const(val=[1, 1, 1, 1], name="20_pad_24")
    %20: (1, 3, 5, 5, fp32) = conv(x=%input, weight=%1, bias=%2, strides=%21, pad_type=%20_pad_type_24, pad=%20_pad_24, dilations=%23, groups=%16, name="20")
  } -> (%20)
}

[20200630 16:33:14 INFO /Volumes/data/work/1duo-coremltools/coremltools/converters/mil/mil/passes/common_pass.py:34] Performing pass: "common::const_elimination"
[20200630 16:33:14 INFO /Volumes/data/work/1duo-coremltools/coremltools/converters/mil/mil/passes/common_pass.py:34] Performing pass: "common::divide_to_multiply"
[20200630 16:33:14 INFO /Volumes/data/work/1duo-coremltools/coremltools/converters/mil/mil/passes/common_pass.py:34] Performing pass: "common::fuse_matmul_weight_bias"
[20200630 16:33:14 INFO /Volumes/data/work/1duo-coremltools/coremltools/converters/mil/mil/passes/common_pass.py:34] Performing pass: "common::const_elimination"
[20200630 16:33:14 INFO /Volumes/data/work/1duo-coremltools/coremltools/converters/mil/mil/passes/common_pass.py:34] Performing pass: "common::loop_invariant_elimination"
[20200630 16:33:14 INFO /Volumes/data/work/1duo-coremltools/coremltools/converters/mil/mil/passes/common_pass.py:34] Performing pass: "common::remove_symbolic_reshape"
[20200630 16:33:14 INFO /Volumes/data/work/1duo-coremltools/coremltools/converters/mil/mil/passes/remove_symbolic_reshape.py:104] remove_symbolic_reshape: changed 0 reshapes.
[20200630 16:33:14 INFO /Volumes/data/work/1duo-coremltools/coremltools/converters/mil/mil/passes/common_pass.py:34] Performing pass: "common::fuse_gelu_tanh_approximation"
[20200630 16:33:14 INFO /Volumes/data/work/1duo-coremltools/coremltools/converters/mil/mil/passes/common_pass.py:34] Performing pass: "common::reduce_transposes"
[20200630 16:33:14 DEBUG /Volumes/data/work/1duo-coremltools/coremltools/converters/mil/mil/passes/reduce_transposes.py:989] Block before optimize transpose transform:
function(%input: (1, 1, 5, 5, fp32)) {
  block43() {
    %1: (3, 1, 3, 3, fp32)* = const(val=(file_value), name="1")
    %2: (3,fp32)* = const(val=[-0.20384006202220917, 0.3233288824558258, -0.27630874514579773], name="2")
    %21: (2,i32)* = const(val=[1, 1], name="21")
    %22: (2,i32)* = const(val=[1, 1], name="22")
    %23: (2,i32)* = const(val=[1, 1], name="23")
    %12: (bool)* = const(val=False, name="12")
    %24: (2,i32)* = const(val=[0, 0], name="24")
    %16: (i32)* = const(val=1, name="16")
    %17: (bool)* = const(val=False, name="17")
    %18: (bool)* = const(val=False, name="18")
    %19: (bool)* = const(val=True, name="19")
    %20_pad_type_24: (str)* = const(val="custom", name="20_pad_type_24")
    %20_pad_24: (4,i32)* = const(val=[1, 1, 1, 1], name="20_pad_24")
    %20: (1, 3, 5, 5, fp32) = conv(x=%input, weight=%1, bias=%2, strides=%21, pad_type=%20_pad_type_24, pad=%20_pad_24, dilations=%23, groups=%16, name="20")
  } -> (%20)
}

[20200630 16:33:14 DEBUG /Volumes/data/work/1duo-coremltools/coremltools/converters/mil/mil/passes/reduce_transposes.py:1024] Block after optimize transpose transform:
function(%input: (1, 1, 5, 5, fp32)) {
  block43() {
    %1: (3, 1, 3, 3, fp32)* = const(val=(file_value), name="1")
    %2: (3,fp32)* = const(val=[-0.20384006202220917, 0.3233288824558258, -0.27630874514579773], name="2")
    %21: (2,i32)* = const(val=[1, 1], name="21")
    %22: (2,i32)* = const(val=[1, 1], name="22")
    %23: (2,i32)* = const(val=[1, 1], name="23")
    %12: (bool)* = const(val=False, name="12")
    %24: (2,i32)* = const(val=[0, 0], name="24")
    %16: (i32)* = const(val=1, name="16")
    %17: (bool)* = const(val=False, name="17")
    %18: (bool)* = const(val=False, name="18")
    %19: (bool)* = const(val=True, name="19")
    %20_pad_type_24: (str)* = const(val="custom", name="20_pad_type_24")
    %20_pad_24: (4,i32)* = const(val=[1, 1, 1, 1], name="20_pad_24")
    %20: (1, 3, 5, 5, fp32) = conv(x=%input, weight=%1, bias=%2, strides=%21, pad_type=%20_pad_type_24, pad=%20_pad_24, dilations=%23, groups=%16, name="20")
  } -> (%20)
}

[20200630 16:33:14 INFO /Volumes/data/work/1duo-coremltools/coremltools/converters/mil/mil/passes/common_pass.py:34] Performing pass: "common::fuse_bias_conv"
[20200630 16:33:14 INFO /Volumes/data/work/1duo-coremltools/coremltools/converters/mil/mil/passes/common_pass.py:34] Performing pass: "common::fuse_elementwise_to_batchnorm"
[20200630 16:33:14 INFO /Volumes/data/work/1duo-coremltools/coremltools/converters/mil/mil/passes/common_pass.py:34] Performing pass: "common::fuse_onehot_matmul_to_gather"
[20200630 16:33:14 INFO /Volumes/data/work/1duo-coremltools/coremltools/converters/mil/mil/passes/common_pass.py:34] Performing pass: "common::fuse_layernorm_or_instancenorm"
[20200630 16:33:14 INFO /Volumes/data/work/1duo-coremltools/coremltools/converters/mil/mil/passes/common_pass.py:34] Performing pass: "common::dead_code_elimination"
[20200630 16:33:14 INFO /Volumes/data/work/1duo-coremltools/coremltools/converters/mil/mil/passes/dead_code_elimination.py:35] Removing op "19" (type: const)
[20200630 16:33:14 INFO /Volumes/data/work/1duo-coremltools/coremltools/converters/mil/mil/passes/dead_code_elimination.py:35] Removing op "18" (type: const)
[20200630 16:33:14 INFO /Volumes/data/work/1duo-coremltools/coremltools/converters/mil/mil/passes/dead_code_elimination.py:35] Removing op "17" (type: const)
[20200630 16:33:14 INFO /Volumes/data/work/1duo-coremltools/coremltools/converters/mil/mil/passes/dead_code_elimination.py:35] Removing op "24" (type: const)
[20200630 16:33:14 INFO /Volumes/data/work/1duo-coremltools/coremltools/converters/mil/mil/passes/dead_code_elimination.py:35] Removing op "12" (type: const)
[20200630 16:33:14 INFO /Volumes/data/work/1duo-coremltools/coremltools/converters/mil/mil/passes/dead_code_elimination.py:35] Removing op "22" (type: const)
[20200630 16:33:14 DEBUG /Volumes/data/work/1duo-coremltools/coremltools/converters/mil/mil/passes/common_pass.py:38] Program after common passes:
main(%input: (1, 1, 5, 5, fp32)) {
  block43() {
    %1: (3, 1, 3, 3, fp32)* = const(val=(file_value), name="1")
    %2: (3,fp32)* = const(val=[-0.20384006202220917, 0.3233288824558258, -0.27630874514579773], name="2")
    %21: (2,i32)* = const(val=[1, 1], name="21")
    %23: (2,i32)* = const(val=[1, 1], name="23")
    %16: (i32)* = const(val=1, name="16")
    %20_pad_type_24: (str)* = const(val="custom", name="20_pad_type_24")
    %20_pad_24: (4,i32)* = const(val=[1, 1, 1, 1], name="20_pad_24")
    %20: (1, 3, 5, 5, fp32) = conv(x=%input, weight=%1, bias=%2, strides=%21, pad_type=%20_pad_type_24, pad=%20_pad_24, dilations=%23, groups=%16, name="20")
  } -> (%20)
}

[20200630 16:33:14 INFO /Volumes/data/work/1duo-coremltools/coremltools/converters/mil/backend/nn/passes/nn_passes.py:22] Performing passes for nn_backend: "nn_backend::commingle_loop_vars"
[20200630 16:33:14 INFO /Volumes/data/work/1duo-coremltools/coremltools/converters/mil/backend/nn/passes/nn_passes.py:22] Performing passes for nn_backend: "nn_backend::handle_return_inputs_as_outputs"
[20200630 16:33:14 INFO /Volumes/data/work/1duo-coremltools/coremltools/converters/mil/backend/nn/passes/nn_passes.py:22] Performing passes for nn_backend: "common::const_elimination"
[20200630 16:33:14 INFO /Volumes/data/work/1duo-coremltools/coremltools/converters/mil/backend/nn/passes/nn_passes.py:22] Performing passes for nn_backend: "common::dead_code_elimination"
[20200630 16:33:14 INFO /Volumes/data/work/1duo-coremltools/coremltools/converters/mil/backend/nn/passes/nn_passes.py:22] Performing passes for nn_backend: "nn_backend::handle_unused_inputs"
[20200630 16:33:14 INFO /Volumes/data/work/1duo-coremltools/coremltools/converters/mil/backend/nn/passes/nn_passes.py:22] Performing passes for nn_backend: "nn_backend::alert_return_type_cast"
[20200630 16:33:14 DEBUG /Volumes/data/work/1duo-coremltools/coremltools/converters/mil/backend/nn/passes/nn_passes.py:26] Program after nn backend passes:
main(%input: (1, 1, 5, 5, fp32)) {
  block43() {
    %1: (3, 1, 3, 3, fp32)* = const(val=(file_value), name="1")
    %2: (3,fp32)* = const(val=[-0.20384006202220917, 0.3233288824558258, -0.27630874514579773], name="2")
    %21: (2,i32)* = const(val=[1, 1], name="21")
    %23: (2,i32)* = const(val=[1, 1], name="23")
    %16: (i32)* = const(val=1, name="16")
    %20_pad_type_24: (str)* = const(val="custom", name="20_pad_type_24")
    %20_pad_24: (4,i32)* = const(val=[1, 1, 1, 1], name="20_pad_24")
    %20: (1, 3, 5, 5, fp32) = conv(x=%input, weight=%1, bias=%2, strides=%21, pad_type=%20_pad_type_24, pad=%20_pad_24, dilations=%23, groups=%16, name="20")
  } -> (%20)
}

[20200630 16:33:14 INFO /Volumes/data/work/1duo-coremltools/coremltools/converters/mil/frontend/torch/converter.py:269] Converting graph.
[20200630 16:33:14 INFO /Volumes/data/work/1duo-coremltools/coremltools/converters/mil/mil/builder.py:181] Adding op '1' of type const
[20200630 16:33:14 INFO /Volumes/data/work/1duo-coremltools/coremltools/converters/mil/mil/builder.py:181] Adding op '2' of type const
[20200630 16:33:14 INFO /Volumes/data/work/1duo-coremltools/coremltools/converters/mil/frontend/torch/ops.py:49] Converting op 21 : constant
[20200630 16:33:14 INFO /Volumes/data/work/1duo-coremltools/coremltools/converters/mil/mil/builder.py:181] Adding op '21' of type const
[20200630 16:33:14 INFO /Volumes/data/work/1duo-coremltools/coremltools/converters/mil/frontend/torch/ops.py:49] Converting op 22 : constant
[20200630 16:33:14 INFO /Volumes/data/work/1duo-coremltools/coremltools/converters/mil/mil/builder.py:181] Adding op '22' of type const
[20200630 16:33:14 INFO /Volumes/data/work/1duo-coremltools/coremltools/converters/mil/frontend/torch/ops.py:49] Converting op 23 : constant
[20200630 16:33:14 INFO /Volumes/data/work/1duo-coremltools/coremltools/converters/mil/mil/builder.py:181] Adding op '23' of type const
[20200630 16:33:14 INFO /Volumes/data/work/1duo-coremltools/coremltools/converters/mil/frontend/torch/ops.py:49] Converting op 12 : constant
[20200630 16:33:14 INFO /Volumes/data/work/1duo-coremltools/coremltools/converters/mil/mil/builder.py:181] Adding op '12' of type const
[20200630 16:33:14 INFO /Volumes/data/work/1duo-coremltools/coremltools/converters/mil/frontend/torch/ops.py:49] Converting op 24 : constant
[20200630 16:33:14 INFO /Volumes/data/work/1duo-coremltools/coremltools/converters/mil/mil/builder.py:181] Adding op '24' of type const
[20200630 16:33:14 INFO /Volumes/data/work/1duo-coremltools/coremltools/converters/mil/frontend/torch/ops.py:49] Converting op 16 : constant
[20200630 16:33:14 INFO /Volumes/data/work/1duo-coremltools/coremltools/converters/mil/mil/builder.py:181] Adding op '16' of type const
[20200630 16:33:14 INFO /Volumes/data/work/1duo-coremltools/coremltools/converters/mil/frontend/torch/ops.py:49] Converting op 17 : constant
[20200630 16:33:14 INFO /Volumes/data/work/1duo-coremltools/coremltools/converters/mil/mil/builder.py:181] Adding op '17' of type const
[20200630 16:33:14 INFO /Volumes/data/work/1duo-coremltools/coremltools/converters/mil/frontend/torch/ops.py:49] Converting op 18 : constant
[20200630 16:33:14 INFO /Volumes/data/work/1duo-coremltools/coremltools/converters/mil/mil/builder.py:181] Adding op '18' of type const
[20200630 16:33:14 INFO /Volumes/data/work/1duo-coremltools/coremltools/converters/mil/frontend/torch/ops.py:49] Converting op 19 : constant
[20200630 16:33:14 INFO /Volumes/data/work/1duo-coremltools/coremltools/converters/mil/mil/builder.py:181] Adding op '19' of type const
[20200630 16:33:14 INFO /Volumes/data/work/1duo-coremltools/coremltools/converters/mil/frontend/torch/ops.py:49] Converting op 20 : _convolution
[20200630 16:33:14 INFO /Volumes/data/work/1duo-coremltools/coremltools/converters/mil/mil/builder.py:181] Adding op '20' of type conv
[20200630 16:33:14 DEBUG /Volumes/data/work/1duo-coremltools/coremltools/converters/mil/mil/builder.py:93] Adding const op '20_pad_type_25'
[20200630 16:33:14 INFO /Volumes/data/work/1duo-coremltools/coremltools/converters/mil/mil/builder.py:181] Adding op '20_pad_type_25' of type const
[20200630 16:33:14 DEBUG /Volumes/data/work/1duo-coremltools/coremltools/converters/mil/mil/builder.py:93] Adding const op '20_pad_25'
[20200630 16:33:14 INFO /Volumes/data/work/1duo-coremltools/coremltools/converters/mil/mil/builder.py:181] Adding op '20_pad_25' of type const
[20200630 16:33:14 DEBUG /Volumes/data/work/1duo-coremltools/coremltools/converters/mil/mil/passes/common_pass.py:30] Program before common passes:
main(%input: (1, 1, 5, 5, fp32)) {
  block44() {
    %1: (3, 1, 3, 3, fp32)* = const(val=(file_value), name="1")
    %2: (3,fp32)* = const(val=[0.32185348868370056, 0.07602772116661072, 0.19178202748298645], name="2")
    %21: (2,i32)* = const(val=[1, 1], name="21")
    %22: (2,i32)* = const(val=[1, 1], name="22")
    %23: (2,i32)* = const(val=[3, 3], name="23")
    %12: (bool)* = const(val=False, name="12")
    %24: (2,i32)* = const(val=[0, 0], name="24")
    %16: (i32)* = const(val=1, name="16")
    %17: (bool)* = const(val=False, name="17")
    %18: (bool)* = const(val=False, name="18")
    %19: (bool)* = const(val=True, name="19")
    %20_pad_type_25: (str)* = const(val="custom", name="20_pad_type_25")
    %20_pad_25: (4,i32)* = const(val=[1, 1, 1, 1], name="20_pad_25")
    %20: (1, 3, 1, 1, fp32) = conv(x=%input, weight=%1, bias=%2, strides=%21, pad_type=%20_pad_type_25, pad=%20_pad_25, dilations=%23, groups=%16, name="20")
  } -> (%20)
}

[20200630 16:33:14 INFO /Volumes/data/work/1duo-coremltools/coremltools/converters/mil/mil/passes/common_pass.py:34] Performing pass: "common::const_elimination"
[20200630 16:33:14 INFO /Volumes/data/work/1duo-coremltools/coremltools/converters/mil/mil/passes/common_pass.py:34] Performing pass: "common::divide_to_multiply"
[20200630 16:33:14 INFO /Volumes/data/work/1duo-coremltools/coremltools/converters/mil/mil/passes/common_pass.py:34] Performing pass: "common::fuse_matmul_weight_bias"
[20200630 16:33:14 INFO /Volumes/data/work/1duo-coremltools/coremltools/converters/mil/mil/passes/common_pass.py:34] Performing pass: "common::const_elimination"
[20200630 16:33:14 INFO /Volumes/data/work/1duo-coremltools/coremltools/converters/mil/mil/passes/common_pass.py:34] Performing pass: "common::loop_invariant_elimination"
[20200630 16:33:14 INFO /Volumes/data/work/1duo-coremltools/coremltools/converters/mil/mil/passes/common_pass.py:34] Performing pass: "common::remove_symbolic_reshape"
[20200630 16:33:14 INFO /Volumes/data/work/1duo-coremltools/coremltools/converters/mil/mil/passes/remove_symbolic_reshape.py:104] remove_symbolic_reshape: changed 0 reshapes.
[20200630 16:33:14 INFO /Volumes/data/work/1duo-coremltools/coremltools/converters/mil/mil/passes/common_pass.py:34] Performing pass: "common::fuse_gelu_tanh_approximation"
[20200630 16:33:14 INFO /Volumes/data/work/1duo-coremltools/coremltools/converters/mil/mil/passes/common_pass.py:34] Performing pass: "common::reduce_transposes"
[20200630 16:33:14 DEBUG /Volumes/data/work/1duo-coremltools/coremltools/converters/mil/mil/passes/reduce_transposes.py:989] Block before optimize transpose transform:
function(%input: (1, 1, 5, 5, fp32)) {
  block44() {
    %1: (3, 1, 3, 3, fp32)* = const(val=(file_value), name="1")
    %2: (3,fp32)* = const(val=[0.32185348868370056, 0.07602772116661072, 0.19178202748298645], name="2")
    %21: (2,i32)* = const(val=[1, 1], name="21")
    %22: (2,i32)* = const(val=[1, 1], name="22")
    %23: (2,i32)* = const(val=[3, 3], name="23")
    %12: (bool)* = const(val=False, name="12")
    %24: (2,i32)* = const(val=[0, 0], name="24")
    %16: (i32)* = const(val=1, name="16")
    %17: (bool)* = const(val=False, name="17")
    %18: (bool)* = const(val=False, name="18")
    %19: (bool)* = const(val=True, name="19")
    %20_pad_type_25: (str)* = const(val="custom", name="20_pad_type_25")
    %20_pad_25: (4,i32)* = const(val=[1, 1, 1, 1], name="20_pad_25")
    %20: (1, 3, 1, 1, fp32) = conv(x=%input, weight=%1, bias=%2, strides=%21, pad_type=%20_pad_type_25, pad=%20_pad_25, dilations=%23, groups=%16, name="20")
  } -> (%20)
}

[20200630 16:33:14 DEBUG /Volumes/data/work/1duo-coremltools/coremltools/converters/mil/mil/passes/reduce_transposes.py:1024] Block after optimize transpose transform:
function(%input: (1, 1, 5, 5, fp32)) {
  block44() {
    %1: (3, 1, 3, 3, fp32)* = const(val=(file_value), name="1")
    %2: (3,fp32)* = const(val=[0.32185348868370056, 0.07602772116661072, 0.19178202748298645], name="2")
    %21: (2,i32)* = const(val=[1, 1], name="21")
    %22: (2,i32)* = const(val=[1, 1], name="22")
    %23: (2,i32)* = const(val=[3, 3], name="23")
    %12: (bool)* = const(val=False, name="12")
    %24: (2,i32)* = const(val=[0, 0], name="24")
    %16: (i32)* = const(val=1, name="16")
    %17: (bool)* = const(val=False, name="17")
    %18: (bool)* = const(val=False, name="18")
    %19: (bool)* = const(val=True, name="19")
    %20_pad_type_25: (str)* = const(val="custom", name="20_pad_type_25")
    %20_pad_25: (4,i32)* = const(val=[1, 1, 1, 1], name="20_pad_25")
    %20: (1, 3, 1, 1, fp32) = conv(x=%input, weight=%1, bias=%2, strides=%21, pad_type=%20_pad_type_25, pad=%20_pad_25, dilations=%23, groups=%16, name="20")
  } -> (%20)
}

[20200630 16:33:14 INFO /Volumes/data/work/1duo-coremltools/coremltools/converters/mil/mil/passes/common_pass.py:34] Performing pass: "common::fuse_bias_conv"
[20200630 16:33:14 INFO /Volumes/data/work/1duo-coremltools/coremltools/converters/mil/mil/passes/common_pass.py:34] Performing pass: "common::fuse_elementwise_to_batchnorm"
[20200630 16:33:14 INFO /Volumes/data/work/1duo-coremltools/coremltools/converters/mil/mil/passes/common_pass.py:34] Performing pass: "common::fuse_onehot_matmul_to_gather"
[20200630 16:33:14 INFO /Volumes/data/work/1duo-coremltools/coremltools/converters/mil/mil/passes/common_pass.py:34] Performing pass: "common::fuse_layernorm_or_instancenorm"
[20200630 16:33:14 INFO /Volumes/data/work/1duo-coremltools/coremltools/converters/mil/mil/passes/common_pass.py:34] Performing pass: "common::dead_code_elimination"
[20200630 16:33:14 INFO /Volumes/data/work/1duo-coremltools/coremltools/converters/mil/mil/passes/dead_code_elimination.py:35] Removing op "19" (type: const)
[20200630 16:33:14 INFO /Volumes/data/work/1duo-coremltools/coremltools/converters/mil/mil/passes/dead_code_elimination.py:35] Removing op "18" (type: const)
[20200630 16:33:14 INFO /Volumes/data/work/1duo-coremltools/coremltools/converters/mil/mil/passes/dead_code_elimination.py:35] Removing op "17" (type: const)
[20200630 16:33:14 INFO /Volumes/data/work/1duo-coremltools/coremltools/converters/mil/mil/passes/dead_code_elimination.py:35] Removing op "24" (type: const)
[20200630 16:33:14 INFO /Volumes/data/work/1duo-coremltools/coremltools/converters/mil/mil/passes/dead_code_elimination.py:35] Removing op "12" (type: const)
[20200630 16:33:14 INFO /Volumes/data/work/1duo-coremltools/coremltools/converters/mil/mil/passes/dead_code_elimination.py:35] Removing op "22" (type: const)
[20200630 16:33:14 DEBUG /Volumes/data/work/1duo-coremltools/coremltools/converters/mil/mil/passes/common_pass.py:38] Program after common passes:
main(%input: (1, 1, 5, 5, fp32)) {
  block44() {
    %1: (3, 1, 3, 3, fp32)* = const(val=(file_value), name="1")
    %2: (3,fp32)* = const(val=[0.32185348868370056, 0.07602772116661072, 0.19178202748298645], name="2")
    %21: (2,i32)* = const(val=[1, 1], name="21")
    %23: (2,i32)* = const(val=[3, 3], name="23")
    %16: (i32)* = const(val=1, name="16")
    %20_pad_type_25: (str)* = const(val="custom", name="20_pad_type_25")
    %20_pad_25: (4,i32)* = const(val=[1, 1, 1, 1], name="20_pad_25")
    %20: (1, 3, 1, 1, fp32) = conv(x=%input, weight=%1, bias=%2, strides=%21, pad_type=%20_pad_type_25, pad=%20_pad_25, dilations=%23, groups=%16, name="20")
  } -> (%20)
}

[20200630 16:33:14 INFO /Volumes/data/work/1duo-coremltools/coremltools/converters/mil/backend/nn/passes/nn_passes.py:22] Performing passes for nn_backend: "nn_backend::commingle_loop_vars"
[20200630 16:33:14 INFO /Volumes/data/work/1duo-coremltools/coremltools/converters/mil/backend/nn/passes/nn_passes.py:22] Performing passes for nn_backend: "nn_backend::handle_return_inputs_as_outputs"
[20200630 16:33:14 INFO /Volumes/data/work/1duo-coremltools/coremltools/converters/mil/backend/nn/passes/nn_passes.py:22] Performing passes for nn_backend: "common::const_elimination"
[20200630 16:33:14 INFO /Volumes/data/work/1duo-coremltools/coremltools/converters/mil/backend/nn/passes/nn_passes.py:22] Performing passes for nn_backend: "common::dead_code_elimination"
[20200630 16:33:14 INFO /Volumes/data/work/1duo-coremltools/coremltools/converters/mil/backend/nn/passes/nn_passes.py:22] Performing passes for nn_backend: "nn_backend::handle_unused_inputs"
[20200630 16:33:14 INFO /Volumes/data/work/1duo-coremltools/coremltools/converters/mil/backend/nn/passes/nn_passes.py:22] Performing passes for nn_backend: "nn_backend::alert_return_type_cast"
[20200630 16:33:14 DEBUG /Volumes/data/work/1duo-coremltools/coremltools/converters/mil/backend/nn/passes/nn_passes.py:26] Program after nn backend passes:
main(%input: (1, 1, 5, 5, fp32)) {
  block44() {
    %1: (3, 1, 3, 3, fp32)* = const(val=(file_value), name="1")
    %2: (3,fp32)* = const(val=[0.32185348868370056, 0.07602772116661072, 0.19178202748298645], name="2")
    %21: (2,i32)* = const(val=[1, 1], name="21")
    %23: (2,i32)* = const(val=[3, 3], name="23")
    %16: (i32)* = const(val=1, name="16")
    %20_pad_type_25: (str)* = const(val="custom", name="20_pad_type_25")
    %20_pad_25: (4,i32)* = const(val=[1, 1, 1, 1], name="20_pad_25")
    %20: (1, 3, 1, 1, fp32) = conv(x=%input, weight=%1, bias=%2, strides=%21, pad_type=%20_pad_type_25, pad=%20_pad_25, dilations=%23, groups=%16, name="20")
  } -> (%20)
}

[20200630 16:33:15 INFO /Volumes/data/work/1duo-coremltools/coremltools/converters/mil/frontend/torch/converter.py:269] Converting graph.
[20200630 16:33:15 INFO /Volumes/data/work/1duo-coremltools/coremltools/converters/mil/mil/builder.py:181] Adding op '1' of type const
[20200630 16:33:15 INFO /Volumes/data/work/1duo-coremltools/coremltools/converters/mil/mil/builder.py:181] Adding op '2' of type const
[20200630 16:33:15 INFO /Volumes/data/work/1duo-coremltools/coremltools/converters/mil/frontend/torch/ops.py:49] Converting op 21 : constant
[20200630 16:33:15 INFO /Volumes/data/work/1duo-coremltools/coremltools/converters/mil/mil/builder.py:181] Adding op '21' of type const
[20200630 16:33:15 INFO /Volumes/data/work/1duo-coremltools/coremltools/converters/mil/frontend/torch/ops.py:49] Converting op 22 : constant
[20200630 16:33:15 INFO /Volumes/data/work/1duo-coremltools/coremltools/converters/mil/mil/builder.py:181] Adding op '22' of type const
[20200630 16:33:15 INFO /Volumes/data/work/1duo-coremltools/coremltools/converters/mil/frontend/torch/ops.py:49] Converting op 23 : constant
[20200630 16:33:15 INFO /Volumes/data/work/1duo-coremltools/coremltools/converters/mil/mil/builder.py:181] Adding op '23' of type const
[20200630 16:33:15 INFO /Volumes/data/work/1duo-coremltools/coremltools/converters/mil/frontend/torch/ops.py:49] Converting op 12 : constant
[20200630 16:33:15 INFO /Volumes/data/work/1duo-coremltools/coremltools/converters/mil/mil/builder.py:181] Adding op '12' of type const
[20200630 16:33:15 INFO /Volumes/data/work/1duo-coremltools/coremltools/converters/mil/frontend/torch/ops.py:49] Converting op 24 : constant
[20200630 16:33:15 INFO /Volumes/data/work/1duo-coremltools/coremltools/converters/mil/mil/builder.py:181] Adding op '24' of type const
[20200630 16:33:15 INFO /Volumes/data/work/1duo-coremltools/coremltools/converters/mil/frontend/torch/ops.py:49] Converting op 16 : constant
[20200630 16:33:15 INFO /Volumes/data/work/1duo-coremltools/coremltools/converters/mil/mil/builder.py:181] Adding op '16' of type const
[20200630 16:33:15 INFO /Volumes/data/work/1duo-coremltools/coremltools/converters/mil/frontend/torch/ops.py:49] Converting op 17 : constant
[20200630 16:33:15 INFO /Volumes/data/work/1duo-coremltools/coremltools/converters/mil/mil/builder.py:181] Adding op '17' of type const
[20200630 16:33:15 INFO /Volumes/data/work/1duo-coremltools/coremltools/converters/mil/frontend/torch/ops.py:49] Converting op 18 : constant
[20200630 16:33:15 INFO /Volumes/data/work/1duo-coremltools/coremltools/converters/mil/mil/builder.py:181] Adding op '18' of type const
[20200630 16:33:15 INFO /Volumes/data/work/1duo-coremltools/coremltools/converters/mil/frontend/torch/ops.py:49] Converting op 19 : constant
[20200630 16:33:15 INFO /Volumes/data/work/1duo-coremltools/coremltools/converters/mil/mil/builder.py:181] Adding op '19' of type const
[20200630 16:33:15 INFO /Volumes/data/work/1duo-coremltools/coremltools/converters/mil/frontend/torch/ops.py:49] Converting op 20 : _convolution
[20200630 16:33:15 INFO /Volumes/data/work/1duo-coremltools/coremltools/converters/mil/mil/builder.py:181] Adding op '20' of type conv
[20200630 16:33:15 DEBUG /Volumes/data/work/1duo-coremltools/coremltools/converters/mil/mil/builder.py:93] Adding const op '20_pad_type_26'
[20200630 16:33:15 INFO /Volumes/data/work/1duo-coremltools/coremltools/converters/mil/mil/builder.py:181] Adding op '20_pad_type_26' of type const
[20200630 16:33:15 DEBUG /Volumes/data/work/1duo-coremltools/coremltools/converters/mil/mil/builder.py:93] Adding const op '20_pad_26'
[20200630 16:33:15 INFO /Volumes/data/work/1duo-coremltools/coremltools/converters/mil/mil/builder.py:181] Adding op '20_pad_26' of type const
[20200630 16:33:15 DEBUG /Volumes/data/work/1duo-coremltools/coremltools/converters/mil/mil/passes/common_pass.py:30] Program before common passes:
main(%input: (1, 1, 5, 5, fp32)) {
  block45() {
    %1: (3, 1, 3, 3, fp32)* = const(val=(file_value), name="1")
    %2: (3,fp32)* = const(val=[0.2491578757762909, 0.2492075264453888, 0.11591100692749023], name="2")
    %21: (2,i32)* = const(val=[1, 1], name="21")
    %22: (2,i32)* = const(val=[3, 3], name="22")
    %23: (2,i32)* = const(val=[1, 1], name="23")
    %12: (bool)* = const(val=False, name="12")
    %24: (2,i32)* = const(val=[0, 0], name="24")
    %16: (i32)* = const(val=1, name="16")
    %17: (bool)* = const(val=False, name="17")
    %18: (bool)* = const(val=False, name="18")
    %19: (bool)* = const(val=True, name="19")
    %20_pad_type_26: (str)* = const(val="custom", name="20_pad_type_26")
    %20_pad_26: (4,i32)* = const(val=[3, 3, 3, 3], name="20_pad_26")
    %20: (1, 3, 9, 9, fp32) = conv(x=%input, weight=%1, bias=%2, strides=%21, pad_type=%20_pad_type_26, pad=%20_pad_26, dilations=%23, groups=%16, name="20")
  } -> (%20)
}

[20200630 16:33:15 INFO /Volumes/data/work/1duo-coremltools/coremltools/converters/mil/mil/passes/common_pass.py:34] Performing pass: "common::const_elimination"
[20200630 16:33:15 INFO /Volumes/data/work/1duo-coremltools/coremltools/converters/mil/mil/passes/common_pass.py:34] Performing pass: "common::divide_to_multiply"
[20200630 16:33:15 INFO /Volumes/data/work/1duo-coremltools/coremltools/converters/mil/mil/passes/common_pass.py:34] Performing pass: "common::fuse_matmul_weight_bias"
[20200630 16:33:15 INFO /Volumes/data/work/1duo-coremltools/coremltools/converters/mil/mil/passes/common_pass.py:34] Performing pass: "common::const_elimination"
[20200630 16:33:15 INFO /Volumes/data/work/1duo-coremltools/coremltools/converters/mil/mil/passes/common_pass.py:34] Performing pass: "common::loop_invariant_elimination"
[20200630 16:33:15 INFO /Volumes/data/work/1duo-coremltools/coremltools/converters/mil/mil/passes/common_pass.py:34] Performing pass: "common::remove_symbolic_reshape"
[20200630 16:33:15 INFO /Volumes/data/work/1duo-coremltools/coremltools/converters/mil/mil/passes/remove_symbolic_reshape.py:104] remove_symbolic_reshape: changed 0 reshapes.
[20200630 16:33:15 INFO /Volumes/data/work/1duo-coremltools/coremltools/converters/mil/mil/passes/common_pass.py:34] Performing pass: "common::fuse_gelu_tanh_approximation"
[20200630 16:33:15 INFO /Volumes/data/work/1duo-coremltools/coremltools/converters/mil/mil/passes/common_pass.py:34] Performing pass: "common::reduce_transposes"
[20200630 16:33:15 DEBUG /Volumes/data/work/1duo-coremltools/coremltools/converters/mil/mil/passes/reduce_transposes.py:989] Block before optimize transpose transform:
function(%input: (1, 1, 5, 5, fp32)) {
  block45() {
    %1: (3, 1, 3, 3, fp32)* = const(val=(file_value), name="1")
    %2: (3,fp32)* = const(val=[0.2491578757762909, 0.2492075264453888, 0.11591100692749023], name="2")
    %21: (2,i32)* = const(val=[1, 1], name="21")
    %22: (2,i32)* = const(val=[3, 3], name="22")
    %23: (2,i32)* = const(val=[1, 1], name="23")
    %12: (bool)* = const(val=False, name="12")
    %24: (2,i32)* = const(val=[0, 0], name="24")
    %16: (i32)* = const(val=1, name="16")
    %17: (bool)* = const(val=False, name="17")
    %18: (bool)* = const(val=False, name="18")
    %19: (bool)* = const(val=True, name="19")
    %20_pad_type_26: (str)* = const(val="custom", name="20_pad_type_26")
    %20_pad_26: (4,i32)* = const(val=[3, 3, 3, 3], name="20_pad_26")
    %20: (1, 3, 9, 9, fp32) = conv(x=%input, weight=%1, bias=%2, strides=%21, pad_type=%20_pad_type_26, pad=%20_pad_26, dilations=%23, groups=%16, name="20")
  } -> (%20)
}

[20200630 16:33:15 DEBUG /Volumes/data/work/1duo-coremltools/coremltools/converters/mil/mil/passes/reduce_transposes.py:1024] Block after optimize transpose transform:
function(%input: (1, 1, 5, 5, fp32)) {
  block45() {
    %1: (3, 1, 3, 3, fp32)* = const(val=(file_value), name="1")
    %2: (3,fp32)* = const(val=[0.2491578757762909, 0.2492075264453888, 0.11591100692749023], name="2")
    %21: (2,i32)* = const(val=[1, 1], name="21")
    %22: (2,i32)* = const(val=[3, 3], name="22")
    %23: (2,i32)* = const(val=[1, 1], name="23")
    %12: (bool)* = const(val=False, name="12")
    %24: (2,i32)* = const(val=[0, 0], name="24")
    %16: (i32)* = const(val=1, name="16")
    %17: (bool)* = const(val=False, name="17")
    %18: (bool)* = const(val=False, name="18")
    %19: (bool)* = const(val=True, name="19")
    %20_pad_type_26: (str)* = const(val="custom", name="20_pad_type_26")
    %20_pad_26: (4,i32)* = const(val=[3, 3, 3, 3], name="20_pad_26")
    %20: (1, 3, 9, 9, fp32) = conv(x=%input, weight=%1, bias=%2, strides=%21, pad_type=%20_pad_type_26, pad=%20_pad_26, dilations=%23, groups=%16, name="20")
  } -> (%20)
}

[20200630 16:33:15 INFO /Volumes/data/work/1duo-coremltools/coremltools/converters/mil/mil/passes/common_pass.py:34] Performing pass: "common::fuse_bias_conv"
[20200630 16:33:15 INFO /Volumes/data/work/1duo-coremltools/coremltools/converters/mil/mil/passes/common_pass.py:34] Performing pass: "common::fuse_elementwise_to_batchnorm"
[20200630 16:33:15 INFO /Volumes/data/work/1duo-coremltools/coremltools/converters/mil/mil/passes/common_pass.py:34] Performing pass: "common::fuse_onehot_matmul_to_gather"
[20200630 16:33:15 INFO /Volumes/data/work/1duo-coremltools/coremltools/converters/mil/mil/passes/common_pass.py:34] Performing pass: "common::fuse_layernorm_or_instancenorm"
[20200630 16:33:15 INFO /Volumes/data/work/1duo-coremltools/coremltools/converters/mil/mil/passes/common_pass.py:34] Performing pass: "common::dead_code_elimination"
[20200630 16:33:15 INFO /Volumes/data/work/1duo-coremltools/coremltools/converters/mil/mil/passes/dead_code_elimination.py:35] Removing op "19" (type: const)
[20200630 16:33:15 INFO /Volumes/data/work/1duo-coremltools/coremltools/converters/mil/mil/passes/dead_code_elimination.py:35] Removing op "18" (type: const)
[20200630 16:33:15 INFO /Volumes/data/work/1duo-coremltools/coremltools/converters/mil/mil/passes/dead_code_elimination.py:35] Removing op "17" (type: const)
[20200630 16:33:15 INFO /Volumes/data/work/1duo-coremltools/coremltools/converters/mil/mil/passes/dead_code_elimination.py:35] Removing op "24" (type: const)
[20200630 16:33:15 INFO /Volumes/data/work/1duo-coremltools/coremltools/converters/mil/mil/passes/dead_code_elimination.py:35] Removing op "12" (type: const)
[20200630 16:33:15 INFO /Volumes/data/work/1duo-coremltools/coremltools/converters/mil/mil/passes/dead_code_elimination.py:35] Removing op "22" (type: const)
[20200630 16:33:15 DEBUG /Volumes/data/work/1duo-coremltools/coremltools/converters/mil/mil/passes/common_pass.py:38] Program after common passes:
main(%input: (1, 1, 5, 5, fp32)) {
  block45() {
    %1: (3, 1, 3, 3, fp32)* = const(val=(file_value), name="1")
    %2: (3,fp32)* = const(val=[0.2491578757762909, 0.2492075264453888, 0.11591100692749023], name="2")
    %21: (2,i32)* = const(val=[1, 1], name="21")
    %23: (2,i32)* = const(val=[1, 1], name="23")
    %16: (i32)* = const(val=1, name="16")
    %20_pad_type_26: (str)* = const(val="custom", name="20_pad_type_26")
    %20_pad_26: (4,i32)* = const(val=[3, 3, 3, 3], name="20_pad_26")
    %20: (1, 3, 9, 9, fp32) = conv(x=%input, weight=%1, bias=%2, strides=%21, pad_type=%20_pad_type_26, pad=%20_pad_26, dilations=%23, groups=%16, name="20")
  } -> (%20)
}

[20200630 16:33:15 INFO /Volumes/data/work/1duo-coremltools/coremltools/converters/mil/backend/nn/passes/nn_passes.py:22] Performing passes for nn_backend: "nn_backend::commingle_loop_vars"
[20200630 16:33:15 INFO /Volumes/data/work/1duo-coremltools/coremltools/converters/mil/backend/nn/passes/nn_passes.py:22] Performing passes for nn_backend: "nn_backend::handle_return_inputs_as_outputs"
[20200630 16:33:15 INFO /Volumes/data/work/1duo-coremltools/coremltools/converters/mil/backend/nn/passes/nn_passes.py:22] Performing passes for nn_backend: "common::const_elimination"
[20200630 16:33:15 INFO /Volumes/data/work/1duo-coremltools/coremltools/converters/mil/backend/nn/passes/nn_passes.py:22] Performing passes for nn_backend: "common::dead_code_elimination"
[20200630 16:33:15 INFO /Volumes/data/work/1duo-coremltools/coremltools/converters/mil/backend/nn/passes/nn_passes.py:22] Performing passes for nn_backend: "nn_backend::handle_unused_inputs"
[20200630 16:33:15 INFO /Volumes/data/work/1duo-coremltools/coremltools/converters/mil/backend/nn/passes/nn_passes.py:22] Performing passes for nn_backend: "nn_backend::alert_return_type_cast"
[20200630 16:33:15 DEBUG /Volumes/data/work/1duo-coremltools/coremltools/converters/mil/backend/nn/passes/nn_passes.py:26] Program after nn backend passes:
main(%input: (1, 1, 5, 5, fp32)) {
  block45() {
    %1: (3, 1, 3, 3, fp32)* = const(val=(file_value), name="1")
    %2: (3,fp32)* = const(val=[0.2491578757762909, 0.2492075264453888, 0.11591100692749023], name="2")
    %21: (2,i32)* = const(val=[1, 1], name="21")
    %23: (2,i32)* = const(val=[1, 1], name="23")
    %16: (i32)* = const(val=1, name="16")
    %20_pad_type_26: (str)* = const(val="custom", name="20_pad_type_26")
    %20_pad_26: (4,i32)* = const(val=[3, 3, 3, 3], name="20_pad_26")
    %20: (1, 3, 9, 9, fp32) = conv(x=%input, weight=%1, bias=%2, strides=%21, pad_type=%20_pad_type_26, pad=%20_pad_26, dilations=%23, groups=%16, name="20")
  } -> (%20)
}

[20200630 16:33:15 INFO /Volumes/data/work/1duo-coremltools/coremltools/converters/mil/frontend/torch/converter.py:269] Converting graph.
[20200630 16:33:15 INFO /Volumes/data/work/1duo-coremltools/coremltools/converters/mil/mil/builder.py:181] Adding op '1' of type const
[20200630 16:33:15 INFO /Volumes/data/work/1duo-coremltools/coremltools/converters/mil/mil/builder.py:181] Adding op '2' of type const
[20200630 16:33:15 INFO /Volumes/data/work/1duo-coremltools/coremltools/converters/mil/frontend/torch/ops.py:49] Converting op 21 : constant
[20200630 16:33:15 INFO /Volumes/data/work/1duo-coremltools/coremltools/converters/mil/mil/builder.py:181] Adding op '21' of type const
[20200630 16:33:15 INFO /Volumes/data/work/1duo-coremltools/coremltools/converters/mil/frontend/torch/ops.py:49] Converting op 22 : constant
[20200630 16:33:15 INFO /Volumes/data/work/1duo-coremltools/coremltools/converters/mil/mil/builder.py:181] Adding op '22' of type const
[20200630 16:33:15 INFO /Volumes/data/work/1duo-coremltools/coremltools/converters/mil/frontend/torch/ops.py:49] Converting op 23 : constant
[20200630 16:33:15 INFO /Volumes/data/work/1duo-coremltools/coremltools/converters/mil/mil/builder.py:181] Adding op '23' of type const
[20200630 16:33:15 INFO /Volumes/data/work/1duo-coremltools/coremltools/converters/mil/frontend/torch/ops.py:49] Converting op 12 : constant
[20200630 16:33:15 INFO /Volumes/data/work/1duo-coremltools/coremltools/converters/mil/mil/builder.py:181] Adding op '12' of type const
[20200630 16:33:15 INFO /Volumes/data/work/1duo-coremltools/coremltools/converters/mil/frontend/torch/ops.py:49] Converting op 24 : constant
[20200630 16:33:15 INFO /Volumes/data/work/1duo-coremltools/coremltools/converters/mil/mil/builder.py:181] Adding op '24' of type const
[20200630 16:33:15 INFO /Volumes/data/work/1duo-coremltools/coremltools/converters/mil/frontend/torch/ops.py:49] Converting op 16 : constant
[20200630 16:33:15 INFO /Volumes/data/work/1duo-coremltools/coremltools/converters/mil/mil/builder.py:181] Adding op '16' of type const
[20200630 16:33:15 INFO /Volumes/data/work/1duo-coremltools/coremltools/converters/mil/frontend/torch/ops.py:49] Converting op 17 : constant
[20200630 16:33:15 INFO /Volumes/data/work/1duo-coremltools/coremltools/converters/mil/mil/builder.py:181] Adding op '17' of type const
[20200630 16:33:15 INFO /Volumes/data/work/1duo-coremltools/coremltools/converters/mil/frontend/torch/ops.py:49] Converting op 18 : constant
[20200630 16:33:15 INFO /Volumes/data/work/1duo-coremltools/coremltools/converters/mil/mil/builder.py:181] Adding op '18' of type const
[20200630 16:33:15 INFO /Volumes/data/work/1duo-coremltools/coremltools/converters/mil/frontend/torch/ops.py:49] Converting op 19 : constant
[20200630 16:33:15 INFO /Volumes/data/work/1duo-coremltools/coremltools/converters/mil/mil/builder.py:181] Adding op '19' of type const
[20200630 16:33:15 INFO /Volumes/data/work/1duo-coremltools/coremltools/converters/mil/frontend/torch/ops.py:49] Converting op 20 : _convolution
[20200630 16:33:15 INFO /Volumes/data/work/1duo-coremltools/coremltools/converters/mil/mil/builder.py:181] Adding op '20' of type conv
[20200630 16:33:15 DEBUG /Volumes/data/work/1duo-coremltools/coremltools/converters/mil/mil/builder.py:93] Adding const op '20_pad_type_27'
[20200630 16:33:15 INFO /Volumes/data/work/1duo-coremltools/coremltools/converters/mil/mil/builder.py:181] Adding op '20_pad_type_27' of type const
[20200630 16:33:15 DEBUG /Volumes/data/work/1duo-coremltools/coremltools/converters/mil/mil/builder.py:93] Adding const op '20_pad_27'
[20200630 16:33:15 INFO /Volumes/data/work/1duo-coremltools/coremltools/converters/mil/mil/builder.py:181] Adding op '20_pad_27' of type const
[20200630 16:33:15 DEBUG /Volumes/data/work/1duo-coremltools/coremltools/converters/mil/mil/passes/common_pass.py:30] Program before common passes:
main(%input: (1, 1, 5, 5, fp32)) {
  block46() {
    %1: (3, 1, 3, 3, fp32)* = const(val=(file_value), name="1")
    %2: (3,fp32)* = const(val=[0.25790515542030334, -0.16657745838165283, 0.31162121891975403], name="2")
    %21: (2,i32)* = const(val=[1, 1], name="21")
    %22: (2,i32)* = const(val=[3, 3], name="22")
    %23: (2,i32)* = const(val=[3, 3], name="23")
    %12: (bool)* = const(val=False, name="12")
    %24: (2,i32)* = const(val=[0, 0], name="24")
    %16: (i32)* = const(val=1, name="16")
    %17: (bool)* = const(val=False, name="17")
    %18: (bool)* = const(val=False, name="18")
    %19: (bool)* = const(val=True, name="19")
    %20_pad_type_27: (str)* = const(val="custom", name="20_pad_type_27")
    %20_pad_27: (4,i32)* = const(val=[3, 3, 3, 3], name="20_pad_27")
    %20: (1, 3, 5, 5, fp32) = conv(x=%input, weight=%1, bias=%2, strides=%21, pad_type=%20_pad_type_27, pad=%20_pad_27, dilations=%23, groups=%16, name="20")
  } -> (%20)
}

[20200630 16:33:15 INFO /Volumes/data/work/1duo-coremltools/coremltools/converters/mil/mil/passes/common_pass.py:34] Performing pass: "common::const_elimination"
[20200630 16:33:15 INFO /Volumes/data/work/1duo-coremltools/coremltools/converters/mil/mil/passes/common_pass.py:34] Performing pass: "common::divide_to_multiply"
[20200630 16:33:15 INFO /Volumes/data/work/1duo-coremltools/coremltools/converters/mil/mil/passes/common_pass.py:34] Performing pass: "common::fuse_matmul_weight_bias"
[20200630 16:33:15 INFO /Volumes/data/work/1duo-coremltools/coremltools/converters/mil/mil/passes/common_pass.py:34] Performing pass: "common::const_elimination"
[20200630 16:33:15 INFO /Volumes/data/work/1duo-coremltools/coremltools/converters/mil/mil/passes/common_pass.py:34] Performing pass: "common::loop_invariant_elimination"
[20200630 16:33:15 INFO /Volumes/data/work/1duo-coremltools/coremltools/converters/mil/mil/passes/common_pass.py:34] Performing pass: "common::remove_symbolic_reshape"
[20200630 16:33:15 INFO /Volumes/data/work/1duo-coremltools/coremltools/converters/mil/mil/passes/remove_symbolic_reshape.py:104] remove_symbolic_reshape: changed 0 reshapes.
[20200630 16:33:15 INFO /Volumes/data/work/1duo-coremltools/coremltools/converters/mil/mil/passes/common_pass.py:34] Performing pass: "common::fuse_gelu_tanh_approximation"
[20200630 16:33:15 INFO /Volumes/data/work/1duo-coremltools/coremltools/converters/mil/mil/passes/common_pass.py:34] Performing pass: "common::reduce_transposes"
[20200630 16:33:15 DEBUG /Volumes/data/work/1duo-coremltools/coremltools/converters/mil/mil/passes/reduce_transposes.py:989] Block before optimize transpose transform:
function(%input: (1, 1, 5, 5, fp32)) {
  block46() {
    %1: (3, 1, 3, 3, fp32)* = const(val=(file_value), name="1")
    %2: (3,fp32)* = const(val=[0.25790515542030334, -0.16657745838165283, 0.31162121891975403], name="2")
    %21: (2,i32)* = const(val=[1, 1], name="21")
    %22: (2,i32)* = const(val=[3, 3], name="22")
    %23: (2,i32)* = const(val=[3, 3], name="23")
    %12: (bool)* = const(val=False, name="12")
    %24: (2,i32)* = const(val=[0, 0], name="24")
    %16: (i32)* = const(val=1, name="16")
    %17: (bool)* = const(val=False, name="17")
    %18: (bool)* = const(val=False, name="18")
    %19: (bool)* = const(val=True, name="19")
    %20_pad_type_27: (str)* = const(val="custom", name="20_pad_type_27")
    %20_pad_27: (4,i32)* = const(val=[3, 3, 3, 3], name="20_pad_27")
    %20: (1, 3, 5, 5, fp32) = conv(x=%input, weight=%1, bias=%2, strides=%21, pad_type=%20_pad_type_27, pad=%20_pad_27, dilations=%23, groups=%16, name="20")
  } -> (%20)
}

[20200630 16:33:15 DEBUG /Volumes/data/work/1duo-coremltools/coremltools/converters/mil/mil/passes/reduce_transposes.py:1024] Block after optimize transpose transform:
function(%input: (1, 1, 5, 5, fp32)) {
  block46() {
    %1: (3, 1, 3, 3, fp32)* = const(val=(file_value), name="1")
    %2: (3,fp32)* = const(val=[0.25790515542030334, -0.16657745838165283, 0.31162121891975403], name="2")
    %21: (2,i32)* = const(val=[1, 1], name="21")
    %22: (2,i32)* = const(val=[3, 3], name="22")
    %23: (2,i32)* = const(val=[3, 3], name="23")
    %12: (bool)* = const(val=False, name="12")
    %24: (2,i32)* = const(val=[0, 0], name="24")
    %16: (i32)* = const(val=1, name="16")
    %17: (bool)* = const(val=False, name="17")
    %18: (bool)* = const(val=False, name="18")
    %19: (bool)* = const(val=True, name="19")
    %20_pad_type_27: (str)* = const(val="custom", name="20_pad_type_27")
    %20_pad_27: (4,i32)* = const(val=[3, 3, 3, 3], name="20_pad_27")
    %20: (1, 3, 5, 5, fp32) = conv(x=%input, weight=%1, bias=%2, strides=%21, pad_type=%20_pad_type_27, pad=%20_pad_27, dilations=%23, groups=%16, name="20")
  } -> (%20)
}

[20200630 16:33:15 INFO /Volumes/data/work/1duo-coremltools/coremltools/converters/mil/mil/passes/common_pass.py:34] Performing pass: "common::fuse_bias_conv"
[20200630 16:33:15 INFO /Volumes/data/work/1duo-coremltools/coremltools/converters/mil/mil/passes/common_pass.py:34] Performing pass: "common::fuse_elementwise_to_batchnorm"
[20200630 16:33:15 INFO /Volumes/data/work/1duo-coremltools/coremltools/converters/mil/mil/passes/common_pass.py:34] Performing pass: "common::fuse_onehot_matmul_to_gather"
[20200630 16:33:15 INFO /Volumes/data/work/1duo-coremltools/coremltools/converters/mil/mil/passes/common_pass.py:34] Performing pass: "common::fuse_layernorm_or_instancenorm"
[20200630 16:33:15 INFO /Volumes/data/work/1duo-coremltools/coremltools/converters/mil/mil/passes/common_pass.py:34] Performing pass: "common::dead_code_elimination"
[20200630 16:33:15 INFO /Volumes/data/work/1duo-coremltools/coremltools/converters/mil/mil/passes/dead_code_elimination.py:35] Removing op "19" (type: const)
[20200630 16:33:15 INFO /Volumes/data/work/1duo-coremltools/coremltools/converters/mil/mil/passes/dead_code_elimination.py:35] Removing op "18" (type: const)
[20200630 16:33:15 INFO /Volumes/data/work/1duo-coremltools/coremltools/converters/mil/mil/passes/dead_code_elimination.py:35] Removing op "17" (type: const)
[20200630 16:33:15 INFO /Volumes/data/work/1duo-coremltools/coremltools/converters/mil/mil/passes/dead_code_elimination.py:35] Removing op "24" (type: const)
[20200630 16:33:15 INFO /Volumes/data/work/1duo-coremltools/coremltools/converters/mil/mil/passes/dead_code_elimination.py:35] Removing op "12" (type: const)
[20200630 16:33:15 INFO /Volumes/data/work/1duo-coremltools/coremltools/converters/mil/mil/passes/dead_code_elimination.py:35] Removing op "22" (type: const)
[20200630 16:33:15 DEBUG /Volumes/data/work/1duo-coremltools/coremltools/converters/mil/mil/passes/common_pass.py:38] Program after common passes:
main(%input: (1, 1, 5, 5, fp32)) {
  block46() {
    %1: (3, 1, 3, 3, fp32)* = const(val=(file_value), name="1")
    %2: (3,fp32)* = const(val=[0.25790515542030334, -0.16657745838165283, 0.31162121891975403], name="2")
    %21: (2,i32)* = const(val=[1, 1], name="21")
    %23: (2,i32)* = const(val=[3, 3], name="23")
    %16: (i32)* = const(val=1, name="16")
    %20_pad_type_27: (str)* = const(val="custom", name="20_pad_type_27")
    %20_pad_27: (4,i32)* = const(val=[3, 3, 3, 3], name="20_pad_27")
    %20: (1, 3, 5, 5, fp32) = conv(x=%input, weight=%1, bias=%2, strides=%21, pad_type=%20_pad_type_27, pad=%20_pad_27, dilations=%23, groups=%16, name="20")
  } -> (%20)
}

[20200630 16:33:15 INFO /Volumes/data/work/1duo-coremltools/coremltools/converters/mil/backend/nn/passes/nn_passes.py:22] Performing passes for nn_backend: "nn_backend::commingle_loop_vars"
[20200630 16:33:15 INFO /Volumes/data/work/1duo-coremltools/coremltools/converters/mil/backend/nn/passes/nn_passes.py:22] Performing passes for nn_backend: "nn_backend::handle_return_inputs_as_outputs"
[20200630 16:33:15 INFO /Volumes/data/work/1duo-coremltools/coremltools/converters/mil/backend/nn/passes/nn_passes.py:22] Performing passes for nn_backend: "common::const_elimination"
[20200630 16:33:15 INFO /Volumes/data/work/1duo-coremltools/coremltools/converters/mil/backend/nn/passes/nn_passes.py:22] Performing passes for nn_backend: "common::dead_code_elimination"
[20200630 16:33:15 INFO /Volumes/data/work/1duo-coremltools/coremltools/converters/mil/backend/nn/passes/nn_passes.py:22] Performing passes for nn_backend: "nn_backend::handle_unused_inputs"
[20200630 16:33:15 INFO /Volumes/data/work/1duo-coremltools/coremltools/converters/mil/backend/nn/passes/nn_passes.py:22] Performing passes for nn_backend: "nn_backend::alert_return_type_cast"
[20200630 16:33:15 DEBUG /Volumes/data/work/1duo-coremltools/coremltools/converters/mil/backend/nn/passes/nn_passes.py:26] Program after nn backend passes:
main(%input: (1, 1, 5, 5, fp32)) {
  block46() {
    %1: (3, 1, 3, 3, fp32)* = const(val=(file_value), name="1")
    %2: (3,fp32)* = const(val=[0.25790515542030334, -0.16657745838165283, 0.31162121891975403], name="2")
    %21: (2,i32)* = const(val=[1, 1], name="21")
    %23: (2,i32)* = const(val=[3, 3], name="23")
    %16: (i32)* = const(val=1, name="16")
    %20_pad_type_27: (str)* = const(val="custom", name="20_pad_type_27")
    %20_pad_27: (4,i32)* = const(val=[3, 3, 3, 3], name="20_pad_27")
    %20: (1, 3, 5, 5, fp32) = conv(x=%input, weight=%1, bias=%2, strides=%21, pad_type=%20_pad_type_27, pad=%20_pad_27, dilations=%23, groups=%16, name="20")
  } -> (%20)
}

[20200630 16:33:15 INFO /Volumes/data/work/1duo-coremltools/coremltools/converters/mil/frontend/torch/converter.py:269] Converting graph.
[20200630 16:33:15 INFO /Volumes/data/work/1duo-coremltools/coremltools/converters/mil/mil/builder.py:181] Adding op '1' of type const
[20200630 16:33:15 INFO /Volumes/data/work/1duo-coremltools/coremltools/converters/mil/mil/builder.py:181] Adding op '2' of type const
[20200630 16:33:15 INFO /Volumes/data/work/1duo-coremltools/coremltools/converters/mil/frontend/torch/ops.py:49] Converting op 21 : constant
[20200630 16:33:15 INFO /Volumes/data/work/1duo-coremltools/coremltools/converters/mil/mil/builder.py:181] Adding op '21' of type const
[20200630 16:33:15 INFO /Volumes/data/work/1duo-coremltools/coremltools/converters/mil/frontend/torch/ops.py:49] Converting op 22 : constant
[20200630 16:33:15 INFO /Volumes/data/work/1duo-coremltools/coremltools/converters/mil/mil/builder.py:181] Adding op '22' of type const
[20200630 16:33:15 INFO /Volumes/data/work/1duo-coremltools/coremltools/converters/mil/frontend/torch/ops.py:49] Converting op 23 : constant
[20200630 16:33:15 INFO /Volumes/data/work/1duo-coremltools/coremltools/converters/mil/mil/builder.py:181] Adding op '23' of type const
[20200630 16:33:15 INFO /Volumes/data/work/1duo-coremltools/coremltools/converters/mil/frontend/torch/ops.py:49] Converting op 12 : constant
[20200630 16:33:15 INFO /Volumes/data/work/1duo-coremltools/coremltools/converters/mil/mil/builder.py:181] Adding op '12' of type const
[20200630 16:33:15 INFO /Volumes/data/work/1duo-coremltools/coremltools/converters/mil/frontend/torch/ops.py:49] Converting op 24 : constant
[20200630 16:33:15 INFO /Volumes/data/work/1duo-coremltools/coremltools/converters/mil/mil/builder.py:181] Adding op '24' of type const
[20200630 16:33:15 INFO /Volumes/data/work/1duo-coremltools/coremltools/converters/mil/frontend/torch/ops.py:49] Converting op 16 : constant
[20200630 16:33:15 INFO /Volumes/data/work/1duo-coremltools/coremltools/converters/mil/mil/builder.py:181] Adding op '16' of type const
[20200630 16:33:15 INFO /Volumes/data/work/1duo-coremltools/coremltools/converters/mil/frontend/torch/ops.py:49] Converting op 17 : constant
[20200630 16:33:15 INFO /Volumes/data/work/1duo-coremltools/coremltools/converters/mil/mil/builder.py:181] Adding op '17' of type const
[20200630 16:33:15 INFO /Volumes/data/work/1duo-coremltools/coremltools/converters/mil/frontend/torch/ops.py:49] Converting op 18 : constant
[20200630 16:33:15 INFO /Volumes/data/work/1duo-coremltools/coremltools/converters/mil/mil/builder.py:181] Adding op '18' of type const
[20200630 16:33:15 INFO /Volumes/data/work/1duo-coremltools/coremltools/converters/mil/frontend/torch/ops.py:49] Converting op 19 : constant
[20200630 16:33:15 INFO /Volumes/data/work/1duo-coremltools/coremltools/converters/mil/mil/builder.py:181] Adding op '19' of type const
[20200630 16:33:15 INFO /Volumes/data/work/1duo-coremltools/coremltools/converters/mil/frontend/torch/ops.py:49] Converting op 20 : _convolution
[20200630 16:33:15 INFO /Volumes/data/work/1duo-coremltools/coremltools/converters/mil/mil/builder.py:181] Adding op '20' of type conv
[20200630 16:33:15 DEBUG /Volumes/data/work/1duo-coremltools/coremltools/converters/mil/mil/builder.py:93] Adding const op '20_pad_type_28'
[20200630 16:33:15 INFO /Volumes/data/work/1duo-coremltools/coremltools/converters/mil/mil/builder.py:181] Adding op '20_pad_type_28' of type const
[20200630 16:33:15 DEBUG /Volumes/data/work/1duo-coremltools/coremltools/converters/mil/mil/builder.py:93] Adding const op '20_pad_28'
[20200630 16:33:15 INFO /Volumes/data/work/1duo-coremltools/coremltools/converters/mil/mil/builder.py:181] Adding op '20_pad_28' of type const
[20200630 16:33:15 DEBUG /Volumes/data/work/1duo-coremltools/coremltools/converters/mil/mil/passes/common_pass.py:30] Program before common passes:
main(%input: (1, 1, 5, 5, fp32)) {
  block47() {
    %1: (3, 1, 3, 3, fp32)* = const(val=(file_value), name="1")
    %2: (3,fp32)* = const(val=[0.009287804365158081, 0.29740646481513977, -0.3260519206523895], name="2")
    %21: (2,i32)* = const(val=[3, 3], name="21")
    %22: (2,i32)* = const(val=[1, 1], name="22")
    %23: (2,i32)* = const(val=[1, 1], name="23")
    %12: (bool)* = const(val=False, name="12")
    %24: (2,i32)* = const(val=[0, 0], name="24")
    %16: (i32)* = const(val=1, name="16")
    %17: (bool)* = const(val=False, name="17")
    %18: (bool)* = const(val=False, name="18")
    %19: (bool)* = const(val=True, name="19")
    %20_pad_type_28: (str)* = const(val="custom", name="20_pad_type_28")
    %20_pad_28: (4,i32)* = const(val=[1, 1, 1, 1], name="20_pad_28")
    %20: (1, 3, 2, 2, fp32) = conv(x=%input, weight=%1, bias=%2, strides=%21, pad_type=%20_pad_type_28, pad=%20_pad_28, dilations=%23, groups=%16, name="20")
  } -> (%20)
}

[20200630 16:33:15 INFO /Volumes/data/work/1duo-coremltools/coremltools/converters/mil/mil/passes/common_pass.py:34] Performing pass: "common::const_elimination"
[20200630 16:33:15 INFO /Volumes/data/work/1duo-coremltools/coremltools/converters/mil/mil/passes/common_pass.py:34] Performing pass: "common::divide_to_multiply"
[20200630 16:33:15 INFO /Volumes/data/work/1duo-coremltools/coremltools/converters/mil/mil/passes/common_pass.py:34] Performing pass: "common::fuse_matmul_weight_bias"
[20200630 16:33:15 INFO /Volumes/data/work/1duo-coremltools/coremltools/converters/mil/mil/passes/common_pass.py:34] Performing pass: "common::const_elimination"
[20200630 16:33:15 INFO /Volumes/data/work/1duo-coremltools/coremltools/converters/mil/mil/passes/common_pass.py:34] Performing pass: "common::loop_invariant_elimination"
[20200630 16:33:15 INFO /Volumes/data/work/1duo-coremltools/coremltools/converters/mil/mil/passes/common_pass.py:34] Performing pass: "common::remove_symbolic_reshape"
[20200630 16:33:15 INFO /Volumes/data/work/1duo-coremltools/coremltools/converters/mil/mil/passes/remove_symbolic_reshape.py:104] remove_symbolic_reshape: changed 0 reshapes.
[20200630 16:33:15 INFO /Volumes/data/work/1duo-coremltools/coremltools/converters/mil/mil/passes/common_pass.py:34] Performing pass: "common::fuse_gelu_tanh_approximation"
[20200630 16:33:15 INFO /Volumes/data/work/1duo-coremltools/coremltools/converters/mil/mil/passes/common_pass.py:34] Performing pass: "common::reduce_transposes"
[20200630 16:33:15 DEBUG /Volumes/data/work/1duo-coremltools/coremltools/converters/mil/mil/passes/reduce_transposes.py:989] Block before optimize transpose transform:
function(%input: (1, 1, 5, 5, fp32)) {
  block47() {
    %1: (3, 1, 3, 3, fp32)* = const(val=(file_value), name="1")
    %2: (3,fp32)* = const(val=[0.009287804365158081, 0.29740646481513977, -0.3260519206523895], name="2")
    %21: (2,i32)* = const(val=[3, 3], name="21")
    %22: (2,i32)* = const(val=[1, 1], name="22")
    %23: (2,i32)* = const(val=[1, 1], name="23")
    %12: (bool)* = const(val=False, name="12")
    %24: (2,i32)* = const(val=[0, 0], name="24")
    %16: (i32)* = const(val=1, name="16")
    %17: (bool)* = const(val=False, name="17")
    %18: (bool)* = const(val=False, name="18")
    %19: (bool)* = const(val=True, name="19")
    %20_pad_type_28: (str)* = const(val="custom", name="20_pad_type_28")
    %20_pad_28: (4,i32)* = const(val=[1, 1, 1, 1], name="20_pad_28")
    %20: (1, 3, 2, 2, fp32) = conv(x=%input, weight=%1, bias=%2, strides=%21, pad_type=%20_pad_type_28, pad=%20_pad_28, dilations=%23, groups=%16, name="20")
  } -> (%20)
}

[20200630 16:33:15 DEBUG /Volumes/data/work/1duo-coremltools/coremltools/converters/mil/mil/passes/reduce_transposes.py:1024] Block after optimize transpose transform:
function(%input: (1, 1, 5, 5, fp32)) {
  block47() {
    %1: (3, 1, 3, 3, fp32)* = const(val=(file_value), name="1")
    %2: (3,fp32)* = const(val=[0.009287804365158081, 0.29740646481513977, -0.3260519206523895], name="2")
    %21: (2,i32)* = const(val=[3, 3], name="21")
    %22: (2,i32)* = const(val=[1, 1], name="22")
    %23: (2,i32)* = const(val=[1, 1], name="23")
    %12: (bool)* = const(val=False, name="12")
    %24: (2,i32)* = const(val=[0, 0], name="24")
    %16: (i32)* = const(val=1, name="16")
    %17: (bool)* = const(val=False, name="17")
    %18: (bool)* = const(val=False, name="18")
    %19: (bool)* = const(val=True, name="19")
    %20_pad_type_28: (str)* = const(val="custom", name="20_pad_type_28")
    %20_pad_28: (4,i32)* = const(val=[1, 1, 1, 1], name="20_pad_28")
    %20: (1, 3, 2, 2, fp32) = conv(x=%input, weight=%1, bias=%2, strides=%21, pad_type=%20_pad_type_28, pad=%20_pad_28, dilations=%23, groups=%16, name="20")
  } -> (%20)
}

[20200630 16:33:15 INFO /Volumes/data/work/1duo-coremltools/coremltools/converters/mil/mil/passes/common_pass.py:34] Performing pass: "common::fuse_bias_conv"
[20200630 16:33:15 INFO /Volumes/data/work/1duo-coremltools/coremltools/converters/mil/mil/passes/common_pass.py:34] Performing pass: "common::fuse_elementwise_to_batchnorm"
[20200630 16:33:15 INFO /Volumes/data/work/1duo-coremltools/coremltools/converters/mil/mil/passes/common_pass.py:34] Performing pass: "common::fuse_onehot_matmul_to_gather"
[20200630 16:33:15 INFO /Volumes/data/work/1duo-coremltools/coremltools/converters/mil/mil/passes/common_pass.py:34] Performing pass: "common::fuse_layernorm_or_instancenorm"
[20200630 16:33:15 INFO /Volumes/data/work/1duo-coremltools/coremltools/converters/mil/mil/passes/common_pass.py:34] Performing pass: "common::dead_code_elimination"
[20200630 16:33:15 INFO /Volumes/data/work/1duo-coremltools/coremltools/converters/mil/mil/passes/dead_code_elimination.py:35] Removing op "19" (type: const)
[20200630 16:33:15 INFO /Volumes/data/work/1duo-coremltools/coremltools/converters/mil/mil/passes/dead_code_elimination.py:35] Removing op "18" (type: const)
[20200630 16:33:15 INFO /Volumes/data/work/1duo-coremltools/coremltools/converters/mil/mil/passes/dead_code_elimination.py:35] Removing op "17" (type: const)
[20200630 16:33:15 INFO /Volumes/data/work/1duo-coremltools/coremltools/converters/mil/mil/passes/dead_code_elimination.py:35] Removing op "24" (type: const)
[20200630 16:33:15 INFO /Volumes/data/work/1duo-coremltools/coremltools/converters/mil/mil/passes/dead_code_elimination.py:35] Removing op "12" (type: const)
[20200630 16:33:15 INFO /Volumes/data/work/1duo-coremltools/coremltools/converters/mil/mil/passes/dead_code_elimination.py:35] Removing op "22" (type: const)
[20200630 16:33:15 DEBUG /Volumes/data/work/1duo-coremltools/coremltools/converters/mil/mil/passes/common_pass.py:38] Program after common passes:
main(%input: (1, 1, 5, 5, fp32)) {
  block47() {
    %1: (3, 1, 3, 3, fp32)* = const(val=(file_value), name="1")
    %2: (3,fp32)* = const(val=[0.009287804365158081, 0.29740646481513977, -0.3260519206523895], name="2")
    %21: (2,i32)* = const(val=[3, 3], name="21")
    %23: (2,i32)* = const(val=[1, 1], name="23")
    %16: (i32)* = const(val=1, name="16")
    %20_pad_type_28: (str)* = const(val="custom", name="20_pad_type_28")
    %20_pad_28: (4,i32)* = const(val=[1, 1, 1, 1], name="20_pad_28")
    %20: (1, 3, 2, 2, fp32) = conv(x=%input, weight=%1, bias=%2, strides=%21, pad_type=%20_pad_type_28, pad=%20_pad_28, dilations=%23, groups=%16, name="20")
  } -> (%20)
}

[20200630 16:33:15 INFO /Volumes/data/work/1duo-coremltools/coremltools/converters/mil/backend/nn/passes/nn_passes.py:22] Performing passes for nn_backend: "nn_backend::commingle_loop_vars"
[20200630 16:33:15 INFO /Volumes/data/work/1duo-coremltools/coremltools/converters/mil/backend/nn/passes/nn_passes.py:22] Performing passes for nn_backend: "nn_backend::handle_return_inputs_as_outputs"
[20200630 16:33:15 INFO /Volumes/data/work/1duo-coremltools/coremltools/converters/mil/backend/nn/passes/nn_passes.py:22] Performing passes for nn_backend: "common::const_elimination"
[20200630 16:33:15 INFO /Volumes/data/work/1duo-coremltools/coremltools/converters/mil/backend/nn/passes/nn_passes.py:22] Performing passes for nn_backend: "common::dead_code_elimination"
[20200630 16:33:15 INFO /Volumes/data/work/1duo-coremltools/coremltools/converters/mil/backend/nn/passes/nn_passes.py:22] Performing passes for nn_backend: "nn_backend::handle_unused_inputs"
[20200630 16:33:15 INFO /Volumes/data/work/1duo-coremltools/coremltools/converters/mil/backend/nn/passes/nn_passes.py:22] Performing passes for nn_backend: "nn_backend::alert_return_type_cast"
[20200630 16:33:15 DEBUG /Volumes/data/work/1duo-coremltools/coremltools/converters/mil/backend/nn/passes/nn_passes.py:26] Program after nn backend passes:
main(%input: (1, 1, 5, 5, fp32)) {
  block47() {
    %1: (3, 1, 3, 3, fp32)* = const(val=(file_value), name="1")
    %2: (3,fp32)* = const(val=[0.009287804365158081, 0.29740646481513977, -0.3260519206523895], name="2")
    %21: (2,i32)* = const(val=[3, 3], name="21")
    %23: (2,i32)* = const(val=[1, 1], name="23")
    %16: (i32)* = const(val=1, name="16")
    %20_pad_type_28: (str)* = const(val="custom", name="20_pad_type_28")
    %20_pad_28: (4,i32)* = const(val=[1, 1, 1, 1], name="20_pad_28")
    %20: (1, 3, 2, 2, fp32) = conv(x=%input, weight=%1, bias=%2, strides=%21, pad_type=%20_pad_type_28, pad=%20_pad_28, dilations=%23, groups=%16, name="20")
  } -> (%20)
}

[20200630 16:33:15 INFO /Volumes/data/work/1duo-coremltools/coremltools/converters/mil/frontend/torch/converter.py:269] Converting graph.
[20200630 16:33:15 INFO /Volumes/data/work/1duo-coremltools/coremltools/converters/mil/mil/builder.py:181] Adding op '1' of type const
[20200630 16:33:15 INFO /Volumes/data/work/1duo-coremltools/coremltools/converters/mil/mil/builder.py:181] Adding op '2' of type const
[20200630 16:33:15 INFO /Volumes/data/work/1duo-coremltools/coremltools/converters/mil/frontend/torch/ops.py:49] Converting op 21 : constant
[20200630 16:33:15 INFO /Volumes/data/work/1duo-coremltools/coremltools/converters/mil/mil/builder.py:181] Adding op '21' of type const
[20200630 16:33:15 INFO /Volumes/data/work/1duo-coremltools/coremltools/converters/mil/frontend/torch/ops.py:49] Converting op 22 : constant
[20200630 16:33:15 INFO /Volumes/data/work/1duo-coremltools/coremltools/converters/mil/mil/builder.py:181] Adding op '22' of type const
[20200630 16:33:15 INFO /Volumes/data/work/1duo-coremltools/coremltools/converters/mil/frontend/torch/ops.py:49] Converting op 23 : constant
[20200630 16:33:15 INFO /Volumes/data/work/1duo-coremltools/coremltools/converters/mil/mil/builder.py:181] Adding op '23' of type const
[20200630 16:33:15 INFO /Volumes/data/work/1duo-coremltools/coremltools/converters/mil/frontend/torch/ops.py:49] Converting op 12 : constant
[20200630 16:33:15 INFO /Volumes/data/work/1duo-coremltools/coremltools/converters/mil/mil/builder.py:181] Adding op '12' of type const
[20200630 16:33:15 INFO /Volumes/data/work/1duo-coremltools/coremltools/converters/mil/frontend/torch/ops.py:49] Converting op 24 : constant
[20200630 16:33:15 INFO /Volumes/data/work/1duo-coremltools/coremltools/converters/mil/mil/builder.py:181] Adding op '24' of type const
[20200630 16:33:15 INFO /Volumes/data/work/1duo-coremltools/coremltools/converters/mil/frontend/torch/ops.py:49] Converting op 16 : constant
[20200630 16:33:15 INFO /Volumes/data/work/1duo-coremltools/coremltools/converters/mil/mil/builder.py:181] Adding op '16' of type const
[20200630 16:33:15 INFO /Volumes/data/work/1duo-coremltools/coremltools/converters/mil/frontend/torch/ops.py:49] Converting op 17 : constant
[20200630 16:33:15 INFO /Volumes/data/work/1duo-coremltools/coremltools/converters/mil/mil/builder.py:181] Adding op '17' of type const
[20200630 16:33:15 INFO /Volumes/data/work/1duo-coremltools/coremltools/converters/mil/frontend/torch/ops.py:49] Converting op 18 : constant
[20200630 16:33:15 INFO /Volumes/data/work/1duo-coremltools/coremltools/converters/mil/mil/builder.py:181] Adding op '18' of type const
[20200630 16:33:15 INFO /Volumes/data/work/1duo-coremltools/coremltools/converters/mil/frontend/torch/ops.py:49] Converting op 19 : constant
[20200630 16:33:15 INFO /Volumes/data/work/1duo-coremltools/coremltools/converters/mil/mil/builder.py:181] Adding op '19' of type const
[20200630 16:33:15 INFO /Volumes/data/work/1duo-coremltools/coremltools/converters/mil/frontend/torch/ops.py:49] Converting op 20 : _convolution
[20200630 16:33:15 INFO /Volumes/data/work/1duo-coremltools/coremltools/converters/mil/mil/builder.py:181] Adding op '20' of type conv
[20200630 16:33:15 DEBUG /Volumes/data/work/1duo-coremltools/coremltools/converters/mil/mil/builder.py:93] Adding const op '20_pad_type_29'
[20200630 16:33:15 INFO /Volumes/data/work/1duo-coremltools/coremltools/converters/mil/mil/builder.py:181] Adding op '20_pad_type_29' of type const
[20200630 16:33:15 DEBUG /Volumes/data/work/1duo-coremltools/coremltools/converters/mil/mil/builder.py:93] Adding const op '20_pad_29'
[20200630 16:33:15 INFO /Volumes/data/work/1duo-coremltools/coremltools/converters/mil/mil/builder.py:181] Adding op '20_pad_29' of type const
[20200630 16:33:15 DEBUG /Volumes/data/work/1duo-coremltools/coremltools/converters/mil/mil/passes/common_pass.py:30] Program before common passes:
main(%input: (1, 1, 5, 5, fp32)) {
  block48() {
    %1: (3, 1, 3, 3, fp32)* = const(val=(file_value), name="1")
    %2: (3,fp32)* = const(val=[0.2300741970539093, -0.13385915756225586, 0.008715718984603882], name="2")
    %21: (2,i32)* = const(val=[3, 3], name="21")
    %22: (2,i32)* = const(val=[1, 1], name="22")
    %23: (2,i32)* = const(val=[3, 3], name="23")
    %12: (bool)* = const(val=False, name="12")
    %24: (2,i32)* = const(val=[0, 0], name="24")
    %16: (i32)* = const(val=1, name="16")
    %17: (bool)* = const(val=False, name="17")
    %18: (bool)* = const(val=False, name="18")
    %19: (bool)* = const(val=True, name="19")
    %20_pad_type_29: (str)* = const(val="custom", name="20_pad_type_29")
    %20_pad_29: (4,i32)* = const(val=[1, 1, 1, 1], name="20_pad_29")
    %20: (1, 3, 1, 1, fp32) = conv(x=%input, weight=%1, bias=%2, strides=%21, pad_type=%20_pad_type_29, pad=%20_pad_29, dilations=%23, groups=%16, name="20")
  } -> (%20)
}

[20200630 16:33:15 INFO /Volumes/data/work/1duo-coremltools/coremltools/converters/mil/mil/passes/common_pass.py:34] Performing pass: "common::const_elimination"
[20200630 16:33:15 INFO /Volumes/data/work/1duo-coremltools/coremltools/converters/mil/mil/passes/common_pass.py:34] Performing pass: "common::divide_to_multiply"
[20200630 16:33:15 INFO /Volumes/data/work/1duo-coremltools/coremltools/converters/mil/mil/passes/common_pass.py:34] Performing pass: "common::fuse_matmul_weight_bias"
[20200630 16:33:15 INFO /Volumes/data/work/1duo-coremltools/coremltools/converters/mil/mil/passes/common_pass.py:34] Performing pass: "common::const_elimination"
[20200630 16:33:15 INFO /Volumes/data/work/1duo-coremltools/coremltools/converters/mil/mil/passes/common_pass.py:34] Performing pass: "common::loop_invariant_elimination"
[20200630 16:33:15 INFO /Volumes/data/work/1duo-coremltools/coremltools/converters/mil/mil/passes/common_pass.py:34] Performing pass: "common::remove_symbolic_reshape"
[20200630 16:33:15 INFO /Volumes/data/work/1duo-coremltools/coremltools/converters/mil/mil/passes/remove_symbolic_reshape.py:104] remove_symbolic_reshape: changed 0 reshapes.
[20200630 16:33:15 INFO /Volumes/data/work/1duo-coremltools/coremltools/converters/mil/mil/passes/common_pass.py:34] Performing pass: "common::fuse_gelu_tanh_approximation"
[20200630 16:33:15 INFO /Volumes/data/work/1duo-coremltools/coremltools/converters/mil/mil/passes/common_pass.py:34] Performing pass: "common::reduce_transposes"
[20200630 16:33:15 DEBUG /Volumes/data/work/1duo-coremltools/coremltools/converters/mil/mil/passes/reduce_transposes.py:989] Block before optimize transpose transform:
function(%input: (1, 1, 5, 5, fp32)) {
  block48() {
    %1: (3, 1, 3, 3, fp32)* = const(val=(file_value), name="1")
    %2: (3,fp32)* = const(val=[0.2300741970539093, -0.13385915756225586, 0.008715718984603882], name="2")
    %21: (2,i32)* = const(val=[3, 3], name="21")
    %22: (2,i32)* = const(val=[1, 1], name="22")
    %23: (2,i32)* = const(val=[3, 3], name="23")
    %12: (bool)* = const(val=False, name="12")
    %24: (2,i32)* = const(val=[0, 0], name="24")
    %16: (i32)* = const(val=1, name="16")
    %17: (bool)* = const(val=False, name="17")
    %18: (bool)* = const(val=False, name="18")
    %19: (bool)* = const(val=True, name="19")
    %20_pad_type_29: (str)* = const(val="custom", name="20_pad_type_29")
    %20_pad_29: (4,i32)* = const(val=[1, 1, 1, 1], name="20_pad_29")
    %20: (1, 3, 1, 1, fp32) = conv(x=%input, weight=%1, bias=%2, strides=%21, pad_type=%20_pad_type_29, pad=%20_pad_29, dilations=%23, groups=%16, name="20")
  } -> (%20)
}

[20200630 16:33:15 DEBUG /Volumes/data/work/1duo-coremltools/coremltools/converters/mil/mil/passes/reduce_transposes.py:1024] Block after optimize transpose transform:
function(%input: (1, 1, 5, 5, fp32)) {
  block48() {
    %1: (3, 1, 3, 3, fp32)* = const(val=(file_value), name="1")
    %2: (3,fp32)* = const(val=[0.2300741970539093, -0.13385915756225586, 0.008715718984603882], name="2")
    %21: (2,i32)* = const(val=[3, 3], name="21")
    %22: (2,i32)* = const(val=[1, 1], name="22")
    %23: (2,i32)* = const(val=[3, 3], name="23")
    %12: (bool)* = const(val=False, name="12")
    %24: (2,i32)* = const(val=[0, 0], name="24")
    %16: (i32)* = const(val=1, name="16")
    %17: (bool)* = const(val=False, name="17")
    %18: (bool)* = const(val=False, name="18")
    %19: (bool)* = const(val=True, name="19")
    %20_pad_type_29: (str)* = const(val="custom", name="20_pad_type_29")
    %20_pad_29: (4,i32)* = const(val=[1, 1, 1, 1], name="20_pad_29")
    %20: (1, 3, 1, 1, fp32) = conv(x=%input, weight=%1, bias=%2, strides=%21, pad_type=%20_pad_type_29, pad=%20_pad_29, dilations=%23, groups=%16, name="20")
  } -> (%20)
}

[20200630 16:33:15 INFO /Volumes/data/work/1duo-coremltools/coremltools/converters/mil/mil/passes/common_pass.py:34] Performing pass: "common::fuse_bias_conv"
[20200630 16:33:15 INFO /Volumes/data/work/1duo-coremltools/coremltools/converters/mil/mil/passes/common_pass.py:34] Performing pass: "common::fuse_elementwise_to_batchnorm"
[20200630 16:33:15 INFO /Volumes/data/work/1duo-coremltools/coremltools/converters/mil/mil/passes/common_pass.py:34] Performing pass: "common::fuse_onehot_matmul_to_gather"
[20200630 16:33:15 INFO /Volumes/data/work/1duo-coremltools/coremltools/converters/mil/mil/passes/common_pass.py:34] Performing pass: "common::fuse_layernorm_or_instancenorm"
[20200630 16:33:15 INFO /Volumes/data/work/1duo-coremltools/coremltools/converters/mil/mil/passes/common_pass.py:34] Performing pass: "common::dead_code_elimination"
[20200630 16:33:15 INFO /Volumes/data/work/1duo-coremltools/coremltools/converters/mil/mil/passes/dead_code_elimination.py:35] Removing op "19" (type: const)
[20200630 16:33:15 INFO /Volumes/data/work/1duo-coremltools/coremltools/converters/mil/mil/passes/dead_code_elimination.py:35] Removing op "18" (type: const)
[20200630 16:33:15 INFO /Volumes/data/work/1duo-coremltools/coremltools/converters/mil/mil/passes/dead_code_elimination.py:35] Removing op "17" (type: const)
[20200630 16:33:15 INFO /Volumes/data/work/1duo-coremltools/coremltools/converters/mil/mil/passes/dead_code_elimination.py:35] Removing op "24" (type: const)
[20200630 16:33:15 INFO /Volumes/data/work/1duo-coremltools/coremltools/converters/mil/mil/passes/dead_code_elimination.py:35] Removing op "12" (type: const)
[20200630 16:33:15 INFO /Volumes/data/work/1duo-coremltools/coremltools/converters/mil/mil/passes/dead_code_elimination.py:35] Removing op "22" (type: const)
[20200630 16:33:15 DEBUG /Volumes/data/work/1duo-coremltools/coremltools/converters/mil/mil/passes/common_pass.py:38] Program after common passes:
main(%input: (1, 1, 5, 5, fp32)) {
  block48() {
    %1: (3, 1, 3, 3, fp32)* = const(val=(file_value), name="1")
    %2: (3,fp32)* = const(val=[0.2300741970539093, -0.13385915756225586, 0.008715718984603882], name="2")
    %21: (2,i32)* = const(val=[3, 3], name="21")
    %23: (2,i32)* = const(val=[3, 3], name="23")
    %16: (i32)* = const(val=1, name="16")
    %20_pad_type_29: (str)* = const(val="custom", name="20_pad_type_29")
    %20_pad_29: (4,i32)* = const(val=[1, 1, 1, 1], name="20_pad_29")
    %20: (1, 3, 1, 1, fp32) = conv(x=%input, weight=%1, bias=%2, strides=%21, pad_type=%20_pad_type_29, pad=%20_pad_29, dilations=%23, groups=%16, name="20")
  } -> (%20)
}

[20200630 16:33:15 INFO /Volumes/data/work/1duo-coremltools/coremltools/converters/mil/backend/nn/passes/nn_passes.py:22] Performing passes for nn_backend: "nn_backend::commingle_loop_vars"
[20200630 16:33:15 INFO /Volumes/data/work/1duo-coremltools/coremltools/converters/mil/backend/nn/passes/nn_passes.py:22] Performing passes for nn_backend: "nn_backend::handle_return_inputs_as_outputs"
[20200630 16:33:15 INFO /Volumes/data/work/1duo-coremltools/coremltools/converters/mil/backend/nn/passes/nn_passes.py:22] Performing passes for nn_backend: "common::const_elimination"
[20200630 16:33:15 INFO /Volumes/data/work/1duo-coremltools/coremltools/converters/mil/backend/nn/passes/nn_passes.py:22] Performing passes for nn_backend: "common::dead_code_elimination"
[20200630 16:33:15 INFO /Volumes/data/work/1duo-coremltools/coremltools/converters/mil/backend/nn/passes/nn_passes.py:22] Performing passes for nn_backend: "nn_backend::handle_unused_inputs"
[20200630 16:33:15 INFO /Volumes/data/work/1duo-coremltools/coremltools/converters/mil/backend/nn/passes/nn_passes.py:22] Performing passes for nn_backend: "nn_backend::alert_return_type_cast"
[20200630 16:33:15 DEBUG /Volumes/data/work/1duo-coremltools/coremltools/converters/mil/backend/nn/passes/nn_passes.py:26] Program after nn backend passes:
main(%input: (1, 1, 5, 5, fp32)) {
  block48() {
    %1: (3, 1, 3, 3, fp32)* = const(val=(file_value), name="1")
    %2: (3,fp32)* = const(val=[0.2300741970539093, -0.13385915756225586, 0.008715718984603882], name="2")
    %21: (2,i32)* = const(val=[3, 3], name="21")
    %23: (2,i32)* = const(val=[3, 3], name="23")
    %16: (i32)* = const(val=1, name="16")
    %20_pad_type_29: (str)* = const(val="custom", name="20_pad_type_29")
    %20_pad_29: (4,i32)* = const(val=[1, 1, 1, 1], name="20_pad_29")
    %20: (1, 3, 1, 1, fp32) = conv(x=%input, weight=%1, bias=%2, strides=%21, pad_type=%20_pad_type_29, pad=%20_pad_29, dilations=%23, groups=%16, name="20")
  } -> (%20)
}

[20200630 16:33:15 INFO /Volumes/data/work/1duo-coremltools/coremltools/converters/mil/frontend/torch/converter.py:269] Converting graph.
[20200630 16:33:15 INFO /Volumes/data/work/1duo-coremltools/coremltools/converters/mil/mil/builder.py:181] Adding op '1' of type const
[20200630 16:33:15 INFO /Volumes/data/work/1duo-coremltools/coremltools/converters/mil/mil/builder.py:181] Adding op '2' of type const
[20200630 16:33:15 INFO /Volumes/data/work/1duo-coremltools/coremltools/converters/mil/frontend/torch/ops.py:49] Converting op 21 : constant
[20200630 16:33:15 INFO /Volumes/data/work/1duo-coremltools/coremltools/converters/mil/mil/builder.py:181] Adding op '21' of type const
[20200630 16:33:15 INFO /Volumes/data/work/1duo-coremltools/coremltools/converters/mil/frontend/torch/ops.py:49] Converting op 22 : constant
[20200630 16:33:15 INFO /Volumes/data/work/1duo-coremltools/coremltools/converters/mil/mil/builder.py:181] Adding op '22' of type const
[20200630 16:33:15 INFO /Volumes/data/work/1duo-coremltools/coremltools/converters/mil/frontend/torch/ops.py:49] Converting op 23 : constant
[20200630 16:33:15 INFO /Volumes/data/work/1duo-coremltools/coremltools/converters/mil/mil/builder.py:181] Adding op '23' of type const
[20200630 16:33:15 INFO /Volumes/data/work/1duo-coremltools/coremltools/converters/mil/frontend/torch/ops.py:49] Converting op 12 : constant
[20200630 16:33:15 INFO /Volumes/data/work/1duo-coremltools/coremltools/converters/mil/mil/builder.py:181] Adding op '12' of type const
[20200630 16:33:15 INFO /Volumes/data/work/1duo-coremltools/coremltools/converters/mil/frontend/torch/ops.py:49] Converting op 24 : constant
[20200630 16:33:15 INFO /Volumes/data/work/1duo-coremltools/coremltools/converters/mil/mil/builder.py:181] Adding op '24' of type const
[20200630 16:33:15 INFO /Volumes/data/work/1duo-coremltools/coremltools/converters/mil/frontend/torch/ops.py:49] Converting op 16 : constant
[20200630 16:33:15 INFO /Volumes/data/work/1duo-coremltools/coremltools/converters/mil/mil/builder.py:181] Adding op '16' of type const
[20200630 16:33:15 INFO /Volumes/data/work/1duo-coremltools/coremltools/converters/mil/frontend/torch/ops.py:49] Converting op 17 : constant
[20200630 16:33:15 INFO /Volumes/data/work/1duo-coremltools/coremltools/converters/mil/mil/builder.py:181] Adding op '17' of type const
[20200630 16:33:15 INFO /Volumes/data/work/1duo-coremltools/coremltools/converters/mil/frontend/torch/ops.py:49] Converting op 18 : constant
[20200630 16:33:15 INFO /Volumes/data/work/1duo-coremltools/coremltools/converters/mil/mil/builder.py:181] Adding op '18' of type const
[20200630 16:33:15 INFO /Volumes/data/work/1duo-coremltools/coremltools/converters/mil/frontend/torch/ops.py:49] Converting op 19 : constant
[20200630 16:33:15 INFO /Volumes/data/work/1duo-coremltools/coremltools/converters/mil/mil/builder.py:181] Adding op '19' of type const
[20200630 16:33:15 INFO /Volumes/data/work/1duo-coremltools/coremltools/converters/mil/frontend/torch/ops.py:49] Converting op 20 : _convolution
[20200630 16:33:15 INFO /Volumes/data/work/1duo-coremltools/coremltools/converters/mil/mil/builder.py:181] Adding op '20' of type conv
[20200630 16:33:15 DEBUG /Volumes/data/work/1duo-coremltools/coremltools/converters/mil/mil/builder.py:93] Adding const op '20_pad_type_30'
[20200630 16:33:15 INFO /Volumes/data/work/1duo-coremltools/coremltools/converters/mil/mil/builder.py:181] Adding op '20_pad_type_30' of type const
[20200630 16:33:15 DEBUG /Volumes/data/work/1duo-coremltools/coremltools/converters/mil/mil/builder.py:93] Adding const op '20_pad_30'
[20200630 16:33:15 INFO /Volumes/data/work/1duo-coremltools/coremltools/converters/mil/mil/builder.py:181] Adding op '20_pad_30' of type const
[20200630 16:33:15 DEBUG /Volumes/data/work/1duo-coremltools/coremltools/converters/mil/mil/passes/common_pass.py:30] Program before common passes:
main(%input: (1, 1, 5, 5, fp32)) {
  block49() {
    %1: (3, 1, 3, 3, fp32)* = const(val=(file_value), name="1")
    %2: (3,fp32)* = const(val=[-0.19124679267406464, -0.06377777457237244, -0.08839254081249237], name="2")
    %21: (2,i32)* = const(val=[3, 3], name="21")
    %22: (2,i32)* = const(val=[3, 3], name="22")
    %23: (2,i32)* = const(val=[1, 1], name="23")
    %12: (bool)* = const(val=False, name="12")
    %24: (2,i32)* = const(val=[0, 0], name="24")
    %16: (i32)* = const(val=1, name="16")
    %17: (bool)* = const(val=False, name="17")
    %18: (bool)* = const(val=False, name="18")
    %19: (bool)* = const(val=True, name="19")
    %20_pad_type_30: (str)* = const(val="custom", name="20_pad_type_30")
    %20_pad_30: (4,i32)* = const(val=[3, 3, 3, 3], name="20_pad_30")
    %20: (1, 3, 3, 3, fp32) = conv(x=%input, weight=%1, bias=%2, strides=%21, pad_type=%20_pad_type_30, pad=%20_pad_30, dilations=%23, groups=%16, name="20")
  } -> (%20)
}

[20200630 16:33:15 INFO /Volumes/data/work/1duo-coremltools/coremltools/converters/mil/mil/passes/common_pass.py:34] Performing pass: "common::const_elimination"
[20200630 16:33:15 INFO /Volumes/data/work/1duo-coremltools/coremltools/converters/mil/mil/passes/common_pass.py:34] Performing pass: "common::divide_to_multiply"
[20200630 16:33:15 INFO /Volumes/data/work/1duo-coremltools/coremltools/converters/mil/mil/passes/common_pass.py:34] Performing pass: "common::fuse_matmul_weight_bias"
[20200630 16:33:15 INFO /Volumes/data/work/1duo-coremltools/coremltools/converters/mil/mil/passes/common_pass.py:34] Performing pass: "common::const_elimination"
[20200630 16:33:15 INFO /Volumes/data/work/1duo-coremltools/coremltools/converters/mil/mil/passes/common_pass.py:34] Performing pass: "common::loop_invariant_elimination"
[20200630 16:33:15 INFO /Volumes/data/work/1duo-coremltools/coremltools/converters/mil/mil/passes/common_pass.py:34] Performing pass: "common::remove_symbolic_reshape"
[20200630 16:33:15 INFO /Volumes/data/work/1duo-coremltools/coremltools/converters/mil/mil/passes/remove_symbolic_reshape.py:104] remove_symbolic_reshape: changed 0 reshapes.
[20200630 16:33:15 INFO /Volumes/data/work/1duo-coremltools/coremltools/converters/mil/mil/passes/common_pass.py:34] Performing pass: "common::fuse_gelu_tanh_approximation"
[20200630 16:33:15 INFO /Volumes/data/work/1duo-coremltools/coremltools/converters/mil/mil/passes/common_pass.py:34] Performing pass: "common::reduce_transposes"
[20200630 16:33:15 DEBUG /Volumes/data/work/1duo-coremltools/coremltools/converters/mil/mil/passes/reduce_transposes.py:989] Block before optimize transpose transform:
function(%input: (1, 1, 5, 5, fp32)) {
  block49() {
    %1: (3, 1, 3, 3, fp32)* = const(val=(file_value), name="1")
    %2: (3,fp32)* = const(val=[-0.19124679267406464, -0.06377777457237244, -0.08839254081249237], name="2")
    %21: (2,i32)* = const(val=[3, 3], name="21")
    %22: (2,i32)* = const(val=[3, 3], name="22")
    %23: (2,i32)* = const(val=[1, 1], name="23")
    %12: (bool)* = const(val=False, name="12")
    %24: (2,i32)* = const(val=[0, 0], name="24")
    %16: (i32)* = const(val=1, name="16")
    %17: (bool)* = const(val=False, name="17")
    %18: (bool)* = const(val=False, name="18")
    %19: (bool)* = const(val=True, name="19")
    %20_pad_type_30: (str)* = const(val="custom", name="20_pad_type_30")
    %20_pad_30: (4,i32)* = const(val=[3, 3, 3, 3], name="20_pad_30")
    %20: (1, 3, 3, 3, fp32) = conv(x=%input, weight=%1, bias=%2, strides=%21, pad_type=%20_pad_type_30, pad=%20_pad_30, dilations=%23, groups=%16, name="20")
  } -> (%20)
}

[20200630 16:33:15 DEBUG /Volumes/data/work/1duo-coremltools/coremltools/converters/mil/mil/passes/reduce_transposes.py:1024] Block after optimize transpose transform:
function(%input: (1, 1, 5, 5, fp32)) {
  block49() {
    %1: (3, 1, 3, 3, fp32)* = const(val=(file_value), name="1")
    %2: (3,fp32)* = const(val=[-0.19124679267406464, -0.06377777457237244, -0.08839254081249237], name="2")
    %21: (2,i32)* = const(val=[3, 3], name="21")
    %22: (2,i32)* = const(val=[3, 3], name="22")
    %23: (2,i32)* = const(val=[1, 1], name="23")
    %12: (bool)* = const(val=False, name="12")
    %24: (2,i32)* = const(val=[0, 0], name="24")
    %16: (i32)* = const(val=1, name="16")
    %17: (bool)* = const(val=False, name="17")
    %18: (bool)* = const(val=False, name="18")
    %19: (bool)* = const(val=True, name="19")
    %20_pad_type_30: (str)* = const(val="custom", name="20_pad_type_30")
    %20_pad_30: (4,i32)* = const(val=[3, 3, 3, 3], name="20_pad_30")
    %20: (1, 3, 3, 3, fp32) = conv(x=%input, weight=%1, bias=%2, strides=%21, pad_type=%20_pad_type_30, pad=%20_pad_30, dilations=%23, groups=%16, name="20")
  } -> (%20)
}

[20200630 16:33:15 INFO /Volumes/data/work/1duo-coremltools/coremltools/converters/mil/mil/passes/common_pass.py:34] Performing pass: "common::fuse_bias_conv"
[20200630 16:33:15 INFO /Volumes/data/work/1duo-coremltools/coremltools/converters/mil/mil/passes/common_pass.py:34] Performing pass: "common::fuse_elementwise_to_batchnorm"
[20200630 16:33:15 INFO /Volumes/data/work/1duo-coremltools/coremltools/converters/mil/mil/passes/common_pass.py:34] Performing pass: "common::fuse_onehot_matmul_to_gather"
[20200630 16:33:15 INFO /Volumes/data/work/1duo-coremltools/coremltools/converters/mil/mil/passes/common_pass.py:34] Performing pass: "common::fuse_layernorm_or_instancenorm"
[20200630 16:33:15 INFO /Volumes/data/work/1duo-coremltools/coremltools/converters/mil/mil/passes/common_pass.py:34] Performing pass: "common::dead_code_elimination"
[20200630 16:33:15 INFO /Volumes/data/work/1duo-coremltools/coremltools/converters/mil/mil/passes/dead_code_elimination.py:35] Removing op "19" (type: const)
[20200630 16:33:15 INFO /Volumes/data/work/1duo-coremltools/coremltools/converters/mil/mil/passes/dead_code_elimination.py:35] Removing op "18" (type: const)
[20200630 16:33:15 INFO /Volumes/data/work/1duo-coremltools/coremltools/converters/mil/mil/passes/dead_code_elimination.py:35] Removing op "17" (type: const)
[20200630 16:33:15 INFO /Volumes/data/work/1duo-coremltools/coremltools/converters/mil/mil/passes/dead_code_elimination.py:35] Removing op "24" (type: const)
[20200630 16:33:15 INFO /Volumes/data/work/1duo-coremltools/coremltools/converters/mil/mil/passes/dead_code_elimination.py:35] Removing op "12" (type: const)
[20200630 16:33:15 INFO /Volumes/data/work/1duo-coremltools/coremltools/converters/mil/mil/passes/dead_code_elimination.py:35] Removing op "22" (type: const)
[20200630 16:33:15 DEBUG /Volumes/data/work/1duo-coremltools/coremltools/converters/mil/mil/passes/common_pass.py:38] Program after common passes:
main(%input: (1, 1, 5, 5, fp32)) {
  block49() {
    %1: (3, 1, 3, 3, fp32)* = const(val=(file_value), name="1")
    %2: (3,fp32)* = const(val=[-0.19124679267406464, -0.06377777457237244, -0.08839254081249237], name="2")
    %21: (2,i32)* = const(val=[3, 3], name="21")
    %23: (2,i32)* = const(val=[1, 1], name="23")
    %16: (i32)* = const(val=1, name="16")
    %20_pad_type_30: (str)* = const(val="custom", name="20_pad_type_30")
    %20_pad_30: (4,i32)* = const(val=[3, 3, 3, 3], name="20_pad_30")
    %20: (1, 3, 3, 3, fp32) = conv(x=%input, weight=%1, bias=%2, strides=%21, pad_type=%20_pad_type_30, pad=%20_pad_30, dilations=%23, groups=%16, name="20")
  } -> (%20)
}

[20200630 16:33:15 INFO /Volumes/data/work/1duo-coremltools/coremltools/converters/mil/backend/nn/passes/nn_passes.py:22] Performing passes for nn_backend: "nn_backend::commingle_loop_vars"
[20200630 16:33:15 INFO /Volumes/data/work/1duo-coremltools/coremltools/converters/mil/backend/nn/passes/nn_passes.py:22] Performing passes for nn_backend: "nn_backend::handle_return_inputs_as_outputs"
[20200630 16:33:15 INFO /Volumes/data/work/1duo-coremltools/coremltools/converters/mil/backend/nn/passes/nn_passes.py:22] Performing passes for nn_backend: "common::const_elimination"
[20200630 16:33:15 INFO /Volumes/data/work/1duo-coremltools/coremltools/converters/mil/backend/nn/passes/nn_passes.py:22] Performing passes for nn_backend: "common::dead_code_elimination"
[20200630 16:33:15 INFO /Volumes/data/work/1duo-coremltools/coremltools/converters/mil/backend/nn/passes/nn_passes.py:22] Performing passes for nn_backend: "nn_backend::handle_unused_inputs"
[20200630 16:33:15 INFO /Volumes/data/work/1duo-coremltools/coremltools/converters/mil/backend/nn/passes/nn_passes.py:22] Performing passes for nn_backend: "nn_backend::alert_return_type_cast"
[20200630 16:33:15 DEBUG /Volumes/data/work/1duo-coremltools/coremltools/converters/mil/backend/nn/passes/nn_passes.py:26] Program after nn backend passes:
main(%input: (1, 1, 5, 5, fp32)) {
  block49() {
    %1: (3, 1, 3, 3, fp32)* = const(val=(file_value), name="1")
    %2: (3,fp32)* = const(val=[-0.19124679267406464, -0.06377777457237244, -0.08839254081249237], name="2")
    %21: (2,i32)* = const(val=[3, 3], name="21")
    %23: (2,i32)* = const(val=[1, 1], name="23")
    %16: (i32)* = const(val=1, name="16")
    %20_pad_type_30: (str)* = const(val="custom", name="20_pad_type_30")
    %20_pad_30: (4,i32)* = const(val=[3, 3, 3, 3], name="20_pad_30")
    %20: (1, 3, 3, 3, fp32) = conv(x=%input, weight=%1, bias=%2, strides=%21, pad_type=%20_pad_type_30, pad=%20_pad_30, dilations=%23, groups=%16, name="20")
  } -> (%20)
}

[20200630 16:33:15 INFO /Volumes/data/work/1duo-coremltools/coremltools/converters/mil/frontend/torch/converter.py:269] Converting graph.
[20200630 16:33:15 INFO /Volumes/data/work/1duo-coremltools/coremltools/converters/mil/mil/builder.py:181] Adding op '1' of type const
[20200630 16:33:15 INFO /Volumes/data/work/1duo-coremltools/coremltools/converters/mil/mil/builder.py:181] Adding op '2' of type const
[20200630 16:33:15 INFO /Volumes/data/work/1duo-coremltools/coremltools/converters/mil/frontend/torch/ops.py:49] Converting op 21 : constant
[20200630 16:33:15 INFO /Volumes/data/work/1duo-coremltools/coremltools/converters/mil/mil/builder.py:181] Adding op '21' of type const
[20200630 16:33:15 INFO /Volumes/data/work/1duo-coremltools/coremltools/converters/mil/frontend/torch/ops.py:49] Converting op 22 : constant
[20200630 16:33:15 INFO /Volumes/data/work/1duo-coremltools/coremltools/converters/mil/mil/builder.py:181] Adding op '22' of type const
[20200630 16:33:15 INFO /Volumes/data/work/1duo-coremltools/coremltools/converters/mil/frontend/torch/ops.py:49] Converting op 23 : constant
[20200630 16:33:15 INFO /Volumes/data/work/1duo-coremltools/coremltools/converters/mil/mil/builder.py:181] Adding op '23' of type const
[20200630 16:33:15 INFO /Volumes/data/work/1duo-coremltools/coremltools/converters/mil/frontend/torch/ops.py:49] Converting op 12 : constant
[20200630 16:33:15 INFO /Volumes/data/work/1duo-coremltools/coremltools/converters/mil/mil/builder.py:181] Adding op '12' of type const
[20200630 16:33:15 INFO /Volumes/data/work/1duo-coremltools/coremltools/converters/mil/frontend/torch/ops.py:49] Converting op 24 : constant
[20200630 16:33:15 INFO /Volumes/data/work/1duo-coremltools/coremltools/converters/mil/mil/builder.py:181] Adding op '24' of type const
[20200630 16:33:15 INFO /Volumes/data/work/1duo-coremltools/coremltools/converters/mil/frontend/torch/ops.py:49] Converting op 16 : constant
[20200630 16:33:15 INFO /Volumes/data/work/1duo-coremltools/coremltools/converters/mil/mil/builder.py:181] Adding op '16' of type const
[20200630 16:33:15 INFO /Volumes/data/work/1duo-coremltools/coremltools/converters/mil/frontend/torch/ops.py:49] Converting op 17 : constant
[20200630 16:33:15 INFO /Volumes/data/work/1duo-coremltools/coremltools/converters/mil/mil/builder.py:181] Adding op '17' of type const
[20200630 16:33:15 INFO /Volumes/data/work/1duo-coremltools/coremltools/converters/mil/frontend/torch/ops.py:49] Converting op 18 : constant
[20200630 16:33:15 INFO /Volumes/data/work/1duo-coremltools/coremltools/converters/mil/mil/builder.py:181] Adding op '18' of type const
[20200630 16:33:15 INFO /Volumes/data/work/1duo-coremltools/coremltools/converters/mil/frontend/torch/ops.py:49] Converting op 19 : constant
[20200630 16:33:15 INFO /Volumes/data/work/1duo-coremltools/coremltools/converters/mil/mil/builder.py:181] Adding op '19' of type const
[20200630 16:33:15 INFO /Volumes/data/work/1duo-coremltools/coremltools/converters/mil/frontend/torch/ops.py:49] Converting op 20 : _convolution
[20200630 16:33:15 INFO /Volumes/data/work/1duo-coremltools/coremltools/converters/mil/mil/builder.py:181] Adding op '20' of type conv
[20200630 16:33:15 DEBUG /Volumes/data/work/1duo-coremltools/coremltools/converters/mil/mil/builder.py:93] Adding const op '20_pad_type_31'
[20200630 16:33:15 INFO /Volumes/data/work/1duo-coremltools/coremltools/converters/mil/mil/builder.py:181] Adding op '20_pad_type_31' of type const
[20200630 16:33:15 DEBUG /Volumes/data/work/1duo-coremltools/coremltools/converters/mil/mil/builder.py:93] Adding const op '20_pad_31'
[20200630 16:33:15 INFO /Volumes/data/work/1duo-coremltools/coremltools/converters/mil/mil/builder.py:181] Adding op '20_pad_31' of type const
[20200630 16:33:15 DEBUG /Volumes/data/work/1duo-coremltools/coremltools/converters/mil/mil/passes/common_pass.py:30] Program before common passes:
main(%input: (1, 1, 5, 5, fp32)) {
  block50() {
    %1: (3, 1, 3, 3, fp32)* = const(val=(file_value), name="1")
    %2: (3,fp32)* = const(val=[0.10466313362121582, 0.018335670232772827, 0.27335235476493835], name="2")
    %21: (2,i32)* = const(val=[3, 3], name="21")
    %22: (2,i32)* = const(val=[3, 3], name="22")
    %23: (2,i32)* = const(val=[3, 3], name="23")
    %12: (bool)* = const(val=False, name="12")
    %24: (2,i32)* = const(val=[0, 0], name="24")
    %16: (i32)* = const(val=1, name="16")
    %17: (bool)* = const(val=False, name="17")
    %18: (bool)* = const(val=False, name="18")
    %19: (bool)* = const(val=True, name="19")
    %20_pad_type_31: (str)* = const(val="custom", name="20_pad_type_31")
    %20_pad_31: (4,i32)* = const(val=[3, 3, 3, 3], name="20_pad_31")
    %20: (1, 3, 2, 2, fp32) = conv(x=%input, weight=%1, bias=%2, strides=%21, pad_type=%20_pad_type_31, pad=%20_pad_31, dilations=%23, groups=%16, name="20")
  } -> (%20)
}

[20200630 16:33:15 INFO /Volumes/data/work/1duo-coremltools/coremltools/converters/mil/mil/passes/common_pass.py:34] Performing pass: "common::const_elimination"
[20200630 16:33:15 INFO /Volumes/data/work/1duo-coremltools/coremltools/converters/mil/mil/passes/common_pass.py:34] Performing pass: "common::divide_to_multiply"
[20200630 16:33:15 INFO /Volumes/data/work/1duo-coremltools/coremltools/converters/mil/mil/passes/common_pass.py:34] Performing pass: "common::fuse_matmul_weight_bias"
[20200630 16:33:15 INFO /Volumes/data/work/1duo-coremltools/coremltools/converters/mil/mil/passes/common_pass.py:34] Performing pass: "common::const_elimination"
[20200630 16:33:15 INFO /Volumes/data/work/1duo-coremltools/coremltools/converters/mil/mil/passes/common_pass.py:34] Performing pass: "common::loop_invariant_elimination"
[20200630 16:33:15 INFO /Volumes/data/work/1duo-coremltools/coremltools/converters/mil/mil/passes/common_pass.py:34] Performing pass: "common::remove_symbolic_reshape"
[20200630 16:33:15 INFO /Volumes/data/work/1duo-coremltools/coremltools/converters/mil/mil/passes/remove_symbolic_reshape.py:104] remove_symbolic_reshape: changed 0 reshapes.
[20200630 16:33:15 INFO /Volumes/data/work/1duo-coremltools/coremltools/converters/mil/mil/passes/common_pass.py:34] Performing pass: "common::fuse_gelu_tanh_approximation"
[20200630 16:33:15 INFO /Volumes/data/work/1duo-coremltools/coremltools/converters/mil/mil/passes/common_pass.py:34] Performing pass: "common::reduce_transposes"
[20200630 16:33:15 DEBUG /Volumes/data/work/1duo-coremltools/coremltools/converters/mil/mil/passes/reduce_transposes.py:989] Block before optimize transpose transform:
function(%input: (1, 1, 5, 5, fp32)) {
  block50() {
    %1: (3, 1, 3, 3, fp32)* = const(val=(file_value), name="1")
    %2: (3,fp32)* = const(val=[0.10466313362121582, 0.018335670232772827, 0.27335235476493835], name="2")
    %21: (2,i32)* = const(val=[3, 3], name="21")
    %22: (2,i32)* = const(val=[3, 3], name="22")
    %23: (2,i32)* = const(val=[3, 3], name="23")
    %12: (bool)* = const(val=False, name="12")
    %24: (2,i32)* = const(val=[0, 0], name="24")
    %16: (i32)* = const(val=1, name="16")
    %17: (bool)* = const(val=False, name="17")
    %18: (bool)* = const(val=False, name="18")
    %19: (bool)* = const(val=True, name="19")
    %20_pad_type_31: (str)* = const(val="custom", name="20_pad_type_31")
    %20_pad_31: (4,i32)* = const(val=[3, 3, 3, 3], name="20_pad_31")
    %20: (1, 3, 2, 2, fp32) = conv(x=%input, weight=%1, bias=%2, strides=%21, pad_type=%20_pad_type_31, pad=%20_pad_31, dilations=%23, groups=%16, name="20")
  } -> (%20)
}

[20200630 16:33:15 DEBUG /Volumes/data/work/1duo-coremltools/coremltools/converters/mil/mil/passes/reduce_transposes.py:1024] Block after optimize transpose transform:
function(%input: (1, 1, 5, 5, fp32)) {
  block50() {
    %1: (3, 1, 3, 3, fp32)* = const(val=(file_value), name="1")
    %2: (3,fp32)* = const(val=[0.10466313362121582, 0.018335670232772827, 0.27335235476493835], name="2")
    %21: (2,i32)* = const(val=[3, 3], name="21")
    %22: (2,i32)* = const(val=[3, 3], name="22")
    %23: (2,i32)* = const(val=[3, 3], name="23")
    %12: (bool)* = const(val=False, name="12")
    %24: (2,i32)* = const(val=[0, 0], name="24")
    %16: (i32)* = const(val=1, name="16")
    %17: (bool)* = const(val=False, name="17")
    %18: (bool)* = const(val=False, name="18")
    %19: (bool)* = const(val=True, name="19")
    %20_pad_type_31: (str)* = const(val="custom", name="20_pad_type_31")
    %20_pad_31: (4,i32)* = const(val=[3, 3, 3, 3], name="20_pad_31")
    %20: (1, 3, 2, 2, fp32) = conv(x=%input, weight=%1, bias=%2, strides=%21, pad_type=%20_pad_type_31, pad=%20_pad_31, dilations=%23, groups=%16, name="20")
  } -> (%20)
}

[20200630 16:33:15 INFO /Volumes/data/work/1duo-coremltools/coremltools/converters/mil/mil/passes/common_pass.py:34] Performing pass: "common::fuse_bias_conv"
[20200630 16:33:15 INFO /Volumes/data/work/1duo-coremltools/coremltools/converters/mil/mil/passes/common_pass.py:34] Performing pass: "common::fuse_elementwise_to_batchnorm"
[20200630 16:33:15 INFO /Volumes/data/work/1duo-coremltools/coremltools/converters/mil/mil/passes/common_pass.py:34] Performing pass: "common::fuse_onehot_matmul_to_gather"
[20200630 16:33:15 INFO /Volumes/data/work/1duo-coremltools/coremltools/converters/mil/mil/passes/common_pass.py:34] Performing pass: "common::fuse_layernorm_or_instancenorm"
[20200630 16:33:15 INFO /Volumes/data/work/1duo-coremltools/coremltools/converters/mil/mil/passes/common_pass.py:34] Performing pass: "common::dead_code_elimination"
[20200630 16:33:15 INFO /Volumes/data/work/1duo-coremltools/coremltools/converters/mil/mil/passes/dead_code_elimination.py:35] Removing op "19" (type: const)
[20200630 16:33:15 INFO /Volumes/data/work/1duo-coremltools/coremltools/converters/mil/mil/passes/dead_code_elimination.py:35] Removing op "18" (type: const)
[20200630 16:33:15 INFO /Volumes/data/work/1duo-coremltools/coremltools/converters/mil/mil/passes/dead_code_elimination.py:35] Removing op "17" (type: const)
[20200630 16:33:15 INFO /Volumes/data/work/1duo-coremltools/coremltools/converters/mil/mil/passes/dead_code_elimination.py:35] Removing op "24" (type: const)
[20200630 16:33:15 INFO /Volumes/data/work/1duo-coremltools/coremltools/converters/mil/mil/passes/dead_code_elimination.py:35] Removing op "12" (type: const)
[20200630 16:33:15 INFO /Volumes/data/work/1duo-coremltools/coremltools/converters/mil/mil/passes/dead_code_elimination.py:35] Removing op "22" (type: const)
[20200630 16:33:15 DEBUG /Volumes/data/work/1duo-coremltools/coremltools/converters/mil/mil/passes/common_pass.py:38] Program after common passes:
main(%input: (1, 1, 5, 5, fp32)) {
  block50() {
    %1: (3, 1, 3, 3, fp32)* = const(val=(file_value), name="1")
    %2: (3,fp32)* = const(val=[0.10466313362121582, 0.018335670232772827, 0.27335235476493835], name="2")
    %21: (2,i32)* = const(val=[3, 3], name="21")
    %23: (2,i32)* = const(val=[3, 3], name="23")
    %16: (i32)* = const(val=1, name="16")
    %20_pad_type_31: (str)* = const(val="custom", name="20_pad_type_31")
    %20_pad_31: (4,i32)* = const(val=[3, 3, 3, 3], name="20_pad_31")
    %20: (1, 3, 2, 2, fp32) = conv(x=%input, weight=%1, bias=%2, strides=%21, pad_type=%20_pad_type_31, pad=%20_pad_31, dilations=%23, groups=%16, name="20")
  } -> (%20)
}

[20200630 16:33:15 INFO /Volumes/data/work/1duo-coremltools/coremltools/converters/mil/backend/nn/passes/nn_passes.py:22] Performing passes for nn_backend: "nn_backend::commingle_loop_vars"
[20200630 16:33:15 INFO /Volumes/data/work/1duo-coremltools/coremltools/converters/mil/backend/nn/passes/nn_passes.py:22] Performing passes for nn_backend: "nn_backend::handle_return_inputs_as_outputs"
[20200630 16:33:15 INFO /Volumes/data/work/1duo-coremltools/coremltools/converters/mil/backend/nn/passes/nn_passes.py:22] Performing passes for nn_backend: "common::const_elimination"
[20200630 16:33:15 INFO /Volumes/data/work/1duo-coremltools/coremltools/converters/mil/backend/nn/passes/nn_passes.py:22] Performing passes for nn_backend: "common::dead_code_elimination"
[20200630 16:33:15 INFO /Volumes/data/work/1duo-coremltools/coremltools/converters/mil/backend/nn/passes/nn_passes.py:22] Performing passes for nn_backend: "nn_backend::handle_unused_inputs"
[20200630 16:33:15 INFO /Volumes/data/work/1duo-coremltools/coremltools/converters/mil/backend/nn/passes/nn_passes.py:22] Performing passes for nn_backend: "nn_backend::alert_return_type_cast"
[20200630 16:33:15 DEBUG /Volumes/data/work/1duo-coremltools/coremltools/converters/mil/backend/nn/passes/nn_passes.py:26] Program after nn backend passes:
main(%input: (1, 1, 5, 5, fp32)) {
  block50() {
    %1: (3, 1, 3, 3, fp32)* = const(val=(file_value), name="1")
    %2: (3,fp32)* = const(val=[0.10466313362121582, 0.018335670232772827, 0.27335235476493835], name="2")
    %21: (2,i32)* = const(val=[3, 3], name="21")
    %23: (2,i32)* = const(val=[3, 3], name="23")
    %16: (i32)* = const(val=1, name="16")
    %20_pad_type_31: (str)* = const(val="custom", name="20_pad_type_31")
    %20_pad_31: (4,i32)* = const(val=[3, 3, 3, 3], name="20_pad_31")
    %20: (1, 3, 2, 2, fp32) = conv(x=%input, weight=%1, bias=%2, strides=%21, pad_type=%20_pad_type_31, pad=%20_pad_31, dilations=%23, groups=%16, name="20")
  } -> (%20)
}

[20200630 16:33:15 INFO /Volumes/data/work/1duo-coremltools/coremltools/converters/mil/frontend/torch/converter.py:269] Converting graph.
[20200630 16:33:15 INFO /Volumes/data/work/1duo-coremltools/coremltools/converters/mil/mil/builder.py:181] Adding op '1' of type const
[20200630 16:33:15 INFO /Volumes/data/work/1duo-coremltools/coremltools/converters/mil/mil/builder.py:181] Adding op '2' of type const
[20200630 16:33:15 INFO /Volumes/data/work/1duo-coremltools/coremltools/converters/mil/frontend/torch/ops.py:49] Converting op 21 : constant
[20200630 16:33:15 INFO /Volumes/data/work/1duo-coremltools/coremltools/converters/mil/mil/builder.py:181] Adding op '21' of type const
[20200630 16:33:15 INFO /Volumes/data/work/1duo-coremltools/coremltools/converters/mil/frontend/torch/ops.py:49] Converting op 22 : constant
[20200630 16:33:15 INFO /Volumes/data/work/1duo-coremltools/coremltools/converters/mil/mil/builder.py:181] Adding op '22' of type const
[20200630 16:33:15 INFO /Volumes/data/work/1duo-coremltools/coremltools/converters/mil/frontend/torch/ops.py:49] Converting op 23 : constant
[20200630 16:33:15 INFO /Volumes/data/work/1duo-coremltools/coremltools/converters/mil/mil/builder.py:181] Adding op '23' of type const
[20200630 16:33:15 INFO /Volumes/data/work/1duo-coremltools/coremltools/converters/mil/frontend/torch/ops.py:49] Converting op 12 : constant
[20200630 16:33:15 INFO /Volumes/data/work/1duo-coremltools/coremltools/converters/mil/mil/builder.py:181] Adding op '12' of type const
[20200630 16:33:15 INFO /Volumes/data/work/1duo-coremltools/coremltools/converters/mil/frontend/torch/ops.py:49] Converting op 24 : constant
[20200630 16:33:15 INFO /Volumes/data/work/1duo-coremltools/coremltools/converters/mil/mil/builder.py:181] Adding op '24' of type const
[20200630 16:33:15 INFO /Volumes/data/work/1duo-coremltools/coremltools/converters/mil/frontend/torch/ops.py:49] Converting op 16 : constant
[20200630 16:33:15 INFO /Volumes/data/work/1duo-coremltools/coremltools/converters/mil/mil/builder.py:181] Adding op '16' of type const
[20200630 16:33:15 INFO /Volumes/data/work/1duo-coremltools/coremltools/converters/mil/frontend/torch/ops.py:49] Converting op 17 : constant
[20200630 16:33:15 INFO /Volumes/data/work/1duo-coremltools/coremltools/converters/mil/mil/builder.py:181] Adding op '17' of type const
[20200630 16:33:15 INFO /Volumes/data/work/1duo-coremltools/coremltools/converters/mil/frontend/torch/ops.py:49] Converting op 18 : constant
[20200630 16:33:15 INFO /Volumes/data/work/1duo-coremltools/coremltools/converters/mil/mil/builder.py:181] Adding op '18' of type const
[20200630 16:33:15 INFO /Volumes/data/work/1duo-coremltools/coremltools/converters/mil/frontend/torch/ops.py:49] Converting op 19 : constant
[20200630 16:33:15 INFO /Volumes/data/work/1duo-coremltools/coremltools/converters/mil/mil/builder.py:181] Adding op '19' of type const
[20200630 16:33:15 INFO /Volumes/data/work/1duo-coremltools/coremltools/converters/mil/frontend/torch/ops.py:49] Converting op 20 : _convolution
[20200630 16:33:15 INFO /Volumes/data/work/1duo-coremltools/coremltools/converters/mil/mil/builder.py:181] Adding op '20' of type conv
[20200630 16:33:15 DEBUG /Volumes/data/work/1duo-coremltools/coremltools/converters/mil/mil/builder.py:93] Adding const op '20_pad_type_32'
[20200630 16:33:15 INFO /Volumes/data/work/1duo-coremltools/coremltools/converters/mil/mil/builder.py:181] Adding op '20_pad_type_32' of type const
[20200630 16:33:15 DEBUG /Volumes/data/work/1duo-coremltools/coremltools/converters/mil/mil/builder.py:93] Adding const op '20_pad_32'
[20200630 16:33:15 INFO /Volumes/data/work/1duo-coremltools/coremltools/converters/mil/mil/builder.py:181] Adding op '20_pad_32' of type const
[20200630 16:33:15 DEBUG /Volumes/data/work/1duo-coremltools/coremltools/converters/mil/mil/passes/common_pass.py:30] Program before common passes:
main(%input: (1, 3, 5, 5, fp32)) {
  block51() {
    %1: (1, 3, 1, 1, fp32)* = const(val=[[[[0.2063482403755188]], [[0.4951646327972412]], [[-0.2694190442562103]]]], name="1")
    %2: (1,fp32)* = const(val=[-0.4318276047706604], name="2")
    %21: (2,i32)* = const(val=[1, 1], name="21")
    %22: (2,i32)* = const(val=[1, 1], name="22")
    %23: (2,i32)* = const(val=[1, 1], name="23")
    %12: (bool)* = const(val=False, name="12")
    %24: (2,i32)* = const(val=[0, 0], name="24")
    %16: (i32)* = const(val=1, name="16")
    %17: (bool)* = const(val=False, name="17")
    %18: (bool)* = const(val=False, name="18")
    %19: (bool)* = const(val=True, name="19")
    %20_pad_type_32: (str)* = const(val="custom", name="20_pad_type_32")
    %20_pad_32: (4,i32)* = const(val=[1, 1, 1, 1], name="20_pad_32")
    %20: (1, 1, 7, 7, fp32) = conv(x=%input, weight=%1, bias=%2, strides=%21, pad_type=%20_pad_type_32, pad=%20_pad_32, dilations=%23, groups=%16, name="20")
  } -> (%20)
}

[20200630 16:33:15 INFO /Volumes/data/work/1duo-coremltools/coremltools/converters/mil/mil/passes/common_pass.py:34] Performing pass: "common::const_elimination"
[20200630 16:33:15 INFO /Volumes/data/work/1duo-coremltools/coremltools/converters/mil/mil/passes/common_pass.py:34] Performing pass: "common::divide_to_multiply"
[20200630 16:33:15 INFO /Volumes/data/work/1duo-coremltools/coremltools/converters/mil/mil/passes/common_pass.py:34] Performing pass: "common::fuse_matmul_weight_bias"
[20200630 16:33:15 INFO /Volumes/data/work/1duo-coremltools/coremltools/converters/mil/mil/passes/common_pass.py:34] Performing pass: "common::const_elimination"
[20200630 16:33:15 INFO /Volumes/data/work/1duo-coremltools/coremltools/converters/mil/mil/passes/common_pass.py:34] Performing pass: "common::loop_invariant_elimination"
[20200630 16:33:15 INFO /Volumes/data/work/1duo-coremltools/coremltools/converters/mil/mil/passes/common_pass.py:34] Performing pass: "common::remove_symbolic_reshape"
[20200630 16:33:15 INFO /Volumes/data/work/1duo-coremltools/coremltools/converters/mil/mil/passes/remove_symbolic_reshape.py:104] remove_symbolic_reshape: changed 0 reshapes.
[20200630 16:33:15 INFO /Volumes/data/work/1duo-coremltools/coremltools/converters/mil/mil/passes/common_pass.py:34] Performing pass: "common::fuse_gelu_tanh_approximation"
[20200630 16:33:15 INFO /Volumes/data/work/1duo-coremltools/coremltools/converters/mil/mil/passes/common_pass.py:34] Performing pass: "common::reduce_transposes"
[20200630 16:33:15 DEBUG /Volumes/data/work/1duo-coremltools/coremltools/converters/mil/mil/passes/reduce_transposes.py:989] Block before optimize transpose transform:
function(%input: (1, 3, 5, 5, fp32)) {
  block51() {
    %1: (1, 3, 1, 1, fp32)* = const(val=[[[[0.2063482403755188]], [[0.4951646327972412]], [[-0.2694190442562103]]]], name="1")
    %2: (1,fp32)* = const(val=[-0.4318276047706604], name="2")
    %21: (2,i32)* = const(val=[1, 1], name="21")
    %22: (2,i32)* = const(val=[1, 1], name="22")
    %23: (2,i32)* = const(val=[1, 1], name="23")
    %12: (bool)* = const(val=False, name="12")
    %24: (2,i32)* = const(val=[0, 0], name="24")
    %16: (i32)* = const(val=1, name="16")
    %17: (bool)* = const(val=False, name="17")
    %18: (bool)* = const(val=False, name="18")
    %19: (bool)* = const(val=True, name="19")
    %20_pad_type_32: (str)* = const(val="custom", name="20_pad_type_32")
    %20_pad_32: (4,i32)* = const(val=[1, 1, 1, 1], name="20_pad_32")
    %20: (1, 1, 7, 7, fp32) = conv(x=%input, weight=%1, bias=%2, strides=%21, pad_type=%20_pad_type_32, pad=%20_pad_32, dilations=%23, groups=%16, name="20")
  } -> (%20)
}

[20200630 16:33:15 DEBUG /Volumes/data/work/1duo-coremltools/coremltools/converters/mil/mil/passes/reduce_transposes.py:1024] Block after optimize transpose transform:
function(%input: (1, 3, 5, 5, fp32)) {
  block51() {
    %1: (1, 3, 1, 1, fp32)* = const(val=[[[[0.2063482403755188]], [[0.4951646327972412]], [[-0.2694190442562103]]]], name="1")
    %2: (1,fp32)* = const(val=[-0.4318276047706604], name="2")
    %21: (2,i32)* = const(val=[1, 1], name="21")
    %22: (2,i32)* = const(val=[1, 1], name="22")
    %23: (2,i32)* = const(val=[1, 1], name="23")
    %12: (bool)* = const(val=False, name="12")
    %24: (2,i32)* = const(val=[0, 0], name="24")
    %16: (i32)* = const(val=1, name="16")
    %17: (bool)* = const(val=False, name="17")
    %18: (bool)* = const(val=False, name="18")
    %19: (bool)* = const(val=True, name="19")
    %20_pad_type_32: (str)* = const(val="custom", name="20_pad_type_32")
    %20_pad_32: (4,i32)* = const(val=[1, 1, 1, 1], name="20_pad_32")
    %20: (1, 1, 7, 7, fp32) = conv(x=%input, weight=%1, bias=%2, strides=%21, pad_type=%20_pad_type_32, pad=%20_pad_32, dilations=%23, groups=%16, name="20")
  } -> (%20)
}

[20200630 16:33:15 INFO /Volumes/data/work/1duo-coremltools/coremltools/converters/mil/mil/passes/common_pass.py:34] Performing pass: "common::fuse_bias_conv"
[20200630 16:33:15 INFO /Volumes/data/work/1duo-coremltools/coremltools/converters/mil/mil/passes/common_pass.py:34] Performing pass: "common::fuse_elementwise_to_batchnorm"
[20200630 16:33:15 INFO /Volumes/data/work/1duo-coremltools/coremltools/converters/mil/mil/passes/common_pass.py:34] Performing pass: "common::fuse_onehot_matmul_to_gather"
[20200630 16:33:15 INFO /Volumes/data/work/1duo-coremltools/coremltools/converters/mil/mil/passes/common_pass.py:34] Performing pass: "common::fuse_layernorm_or_instancenorm"
[20200630 16:33:15 INFO /Volumes/data/work/1duo-coremltools/coremltools/converters/mil/mil/passes/common_pass.py:34] Performing pass: "common::dead_code_elimination"
[20200630 16:33:15 INFO /Volumes/data/work/1duo-coremltools/coremltools/converters/mil/mil/passes/dead_code_elimination.py:35] Removing op "19" (type: const)
[20200630 16:33:15 INFO /Volumes/data/work/1duo-coremltools/coremltools/converters/mil/mil/passes/dead_code_elimination.py:35] Removing op "18" (type: const)
[20200630 16:33:15 INFO /Volumes/data/work/1duo-coremltools/coremltools/converters/mil/mil/passes/dead_code_elimination.py:35] Removing op "17" (type: const)
[20200630 16:33:15 INFO /Volumes/data/work/1duo-coremltools/coremltools/converters/mil/mil/passes/dead_code_elimination.py:35] Removing op "24" (type: const)
[20200630 16:33:15 INFO /Volumes/data/work/1duo-coremltools/coremltools/converters/mil/mil/passes/dead_code_elimination.py:35] Removing op "12" (type: const)
[20200630 16:33:15 INFO /Volumes/data/work/1duo-coremltools/coremltools/converters/mil/mil/passes/dead_code_elimination.py:35] Removing op "22" (type: const)
[20200630 16:33:15 DEBUG /Volumes/data/work/1duo-coremltools/coremltools/converters/mil/mil/passes/common_pass.py:38] Program after common passes:
main(%input: (1, 3, 5, 5, fp32)) {
  block51() {
    %1: (1, 3, 1, 1, fp32)* = const(val=[[[[0.2063482403755188]], [[0.4951646327972412]], [[-0.2694190442562103]]]], name="1")
    %2: (1,fp32)* = const(val=[-0.4318276047706604], name="2")
    %21: (2,i32)* = const(val=[1, 1], name="21")
    %23: (2,i32)* = const(val=[1, 1], name="23")
    %16: (i32)* = const(val=1, name="16")
    %20_pad_type_32: (str)* = const(val="custom", name="20_pad_type_32")
    %20_pad_32: (4,i32)* = const(val=[1, 1, 1, 1], name="20_pad_32")
    %20: (1, 1, 7, 7, fp32) = conv(x=%input, weight=%1, bias=%2, strides=%21, pad_type=%20_pad_type_32, pad=%20_pad_32, dilations=%23, groups=%16, name="20")
  } -> (%20)
}

[20200630 16:33:15 INFO /Volumes/data/work/1duo-coremltools/coremltools/converters/mil/backend/nn/passes/nn_passes.py:22] Performing passes for nn_backend: "nn_backend::commingle_loop_vars"
[20200630 16:33:15 INFO /Volumes/data/work/1duo-coremltools/coremltools/converters/mil/backend/nn/passes/nn_passes.py:22] Performing passes for nn_backend: "nn_backend::handle_return_inputs_as_outputs"
[20200630 16:33:15 INFO /Volumes/data/work/1duo-coremltools/coremltools/converters/mil/backend/nn/passes/nn_passes.py:22] Performing passes for nn_backend: "common::const_elimination"
[20200630 16:33:15 INFO /Volumes/data/work/1duo-coremltools/coremltools/converters/mil/backend/nn/passes/nn_passes.py:22] Performing passes for nn_backend: "common::dead_code_elimination"
[20200630 16:33:15 INFO /Volumes/data/work/1duo-coremltools/coremltools/converters/mil/backend/nn/passes/nn_passes.py:22] Performing passes for nn_backend: "nn_backend::handle_unused_inputs"
[20200630 16:33:15 INFO /Volumes/data/work/1duo-coremltools/coremltools/converters/mil/backend/nn/passes/nn_passes.py:22] Performing passes for nn_backend: "nn_backend::alert_return_type_cast"
[20200630 16:33:15 DEBUG /Volumes/data/work/1duo-coremltools/coremltools/converters/mil/backend/nn/passes/nn_passes.py:26] Program after nn backend passes:
main(%input: (1, 3, 5, 5, fp32)) {
  block51() {
    %1: (1, 3, 1, 1, fp32)* = const(val=[[[[0.2063482403755188]], [[0.4951646327972412]], [[-0.2694190442562103]]]], name="1")
    %2: (1,fp32)* = const(val=[-0.4318276047706604], name="2")
    %21: (2,i32)* = const(val=[1, 1], name="21")
    %23: (2,i32)* = const(val=[1, 1], name="23")
    %16: (i32)* = const(val=1, name="16")
    %20_pad_type_32: (str)* = const(val="custom", name="20_pad_type_32")
    %20_pad_32: (4,i32)* = const(val=[1, 1, 1, 1], name="20_pad_32")
    %20: (1, 1, 7, 7, fp32) = conv(x=%input, weight=%1, bias=%2, strides=%21, pad_type=%20_pad_type_32, pad=%20_pad_32, dilations=%23, groups=%16, name="20")
  } -> (%20)
}

[20200630 16:33:16 INFO /Volumes/data/work/1duo-coremltools/coremltools/converters/mil/frontend/torch/converter.py:269] Converting graph.
[20200630 16:33:16 INFO /Volumes/data/work/1duo-coremltools/coremltools/converters/mil/mil/builder.py:181] Adding op '1' of type const
[20200630 16:33:16 INFO /Volumes/data/work/1duo-coremltools/coremltools/converters/mil/mil/builder.py:181] Adding op '2' of type const
[20200630 16:33:16 INFO /Volumes/data/work/1duo-coremltools/coremltools/converters/mil/frontend/torch/ops.py:49] Converting op 21 : constant
[20200630 16:33:16 INFO /Volumes/data/work/1duo-coremltools/coremltools/converters/mil/mil/builder.py:181] Adding op '21' of type const
[20200630 16:33:16 INFO /Volumes/data/work/1duo-coremltools/coremltools/converters/mil/frontend/torch/ops.py:49] Converting op 22 : constant
[20200630 16:33:16 INFO /Volumes/data/work/1duo-coremltools/coremltools/converters/mil/mil/builder.py:181] Adding op '22' of type const
[20200630 16:33:16 INFO /Volumes/data/work/1duo-coremltools/coremltools/converters/mil/frontend/torch/ops.py:49] Converting op 23 : constant
[20200630 16:33:16 INFO /Volumes/data/work/1duo-coremltools/coremltools/converters/mil/mil/builder.py:181] Adding op '23' of type const
[20200630 16:33:16 INFO /Volumes/data/work/1duo-coremltools/coremltools/converters/mil/frontend/torch/ops.py:49] Converting op 12 : constant
[20200630 16:33:16 INFO /Volumes/data/work/1duo-coremltools/coremltools/converters/mil/mil/builder.py:181] Adding op '12' of type const
[20200630 16:33:16 INFO /Volumes/data/work/1duo-coremltools/coremltools/converters/mil/frontend/torch/ops.py:49] Converting op 24 : constant
[20200630 16:33:16 INFO /Volumes/data/work/1duo-coremltools/coremltools/converters/mil/mil/builder.py:181] Adding op '24' of type const
[20200630 16:33:16 INFO /Volumes/data/work/1duo-coremltools/coremltools/converters/mil/frontend/torch/ops.py:49] Converting op 16 : constant
[20200630 16:33:16 INFO /Volumes/data/work/1duo-coremltools/coremltools/converters/mil/mil/builder.py:181] Adding op '16' of type const
[20200630 16:33:16 INFO /Volumes/data/work/1duo-coremltools/coremltools/converters/mil/frontend/torch/ops.py:49] Converting op 17 : constant
[20200630 16:33:16 INFO /Volumes/data/work/1duo-coremltools/coremltools/converters/mil/mil/builder.py:181] Adding op '17' of type const
[20200630 16:33:16 INFO /Volumes/data/work/1duo-coremltools/coremltools/converters/mil/frontend/torch/ops.py:49] Converting op 18 : constant
[20200630 16:33:16 INFO /Volumes/data/work/1duo-coremltools/coremltools/converters/mil/mil/builder.py:181] Adding op '18' of type const
[20200630 16:33:16 INFO /Volumes/data/work/1duo-coremltools/coremltools/converters/mil/frontend/torch/ops.py:49] Converting op 19 : constant
[20200630 16:33:16 INFO /Volumes/data/work/1duo-coremltools/coremltools/converters/mil/mil/builder.py:181] Adding op '19' of type const
[20200630 16:33:16 INFO /Volumes/data/work/1duo-coremltools/coremltools/converters/mil/frontend/torch/ops.py:49] Converting op 20 : _convolution
[20200630 16:33:16 INFO /Volumes/data/work/1duo-coremltools/coremltools/converters/mil/mil/builder.py:181] Adding op '20' of type conv
[20200630 16:33:16 DEBUG /Volumes/data/work/1duo-coremltools/coremltools/converters/mil/mil/builder.py:93] Adding const op '20_pad_type_33'
[20200630 16:33:16 INFO /Volumes/data/work/1duo-coremltools/coremltools/converters/mil/mil/builder.py:181] Adding op '20_pad_type_33' of type const
[20200630 16:33:16 DEBUG /Volumes/data/work/1duo-coremltools/coremltools/converters/mil/mil/builder.py:93] Adding const op '20_pad_33'
[20200630 16:33:16 INFO /Volumes/data/work/1duo-coremltools/coremltools/converters/mil/mil/builder.py:181] Adding op '20_pad_33' of type const
[20200630 16:33:16 DEBUG /Volumes/data/work/1duo-coremltools/coremltools/converters/mil/mil/passes/common_pass.py:30] Program before common passes:
main(%input: (1, 3, 5, 5, fp32)) {
  block52() {
    %1: (1, 3, 1, 1, fp32)* = const(val=[[[[0.24067002534866333]], [[0.18412166833877563]], [[0.10933828353881836]]]], name="1")
    %2: (1,fp32)* = const(val=[-0.19009041786193848], name="2")
    %21: (2,i32)* = const(val=[1, 1], name="21")
    %22: (2,i32)* = const(val=[1, 1], name="22")
    %23: (2,i32)* = const(val=[3, 3], name="23")
    %12: (bool)* = const(val=False, name="12")
    %24: (2,i32)* = const(val=[0, 0], name="24")
    %16: (i32)* = const(val=1, name="16")
    %17: (bool)* = const(val=False, name="17")
    %18: (bool)* = const(val=False, name="18")
    %19: (bool)* = const(val=True, name="19")
    %20_pad_type_33: (str)* = const(val="custom", name="20_pad_type_33")
    %20_pad_33: (4,i32)* = const(val=[1, 1, 1, 1], name="20_pad_33")
    %20: (1, 1, 7, 7, fp32) = conv(x=%input, weight=%1, bias=%2, strides=%21, pad_type=%20_pad_type_33, pad=%20_pad_33, dilations=%23, groups=%16, name="20")
  } -> (%20)
}

[20200630 16:33:16 INFO /Volumes/data/work/1duo-coremltools/coremltools/converters/mil/mil/passes/common_pass.py:34] Performing pass: "common::const_elimination"
[20200630 16:33:16 INFO /Volumes/data/work/1duo-coremltools/coremltools/converters/mil/mil/passes/common_pass.py:34] Performing pass: "common::divide_to_multiply"
[20200630 16:33:16 INFO /Volumes/data/work/1duo-coremltools/coremltools/converters/mil/mil/passes/common_pass.py:34] Performing pass: "common::fuse_matmul_weight_bias"
[20200630 16:33:16 INFO /Volumes/data/work/1duo-coremltools/coremltools/converters/mil/mil/passes/common_pass.py:34] Performing pass: "common::const_elimination"
[20200630 16:33:16 INFO /Volumes/data/work/1duo-coremltools/coremltools/converters/mil/mil/passes/common_pass.py:34] Performing pass: "common::loop_invariant_elimination"
[20200630 16:33:16 INFO /Volumes/data/work/1duo-coremltools/coremltools/converters/mil/mil/passes/common_pass.py:34] Performing pass: "common::remove_symbolic_reshape"
[20200630 16:33:16 INFO /Volumes/data/work/1duo-coremltools/coremltools/converters/mil/mil/passes/remove_symbolic_reshape.py:104] remove_symbolic_reshape: changed 0 reshapes.
[20200630 16:33:16 INFO /Volumes/data/work/1duo-coremltools/coremltools/converters/mil/mil/passes/common_pass.py:34] Performing pass: "common::fuse_gelu_tanh_approximation"
[20200630 16:33:16 INFO /Volumes/data/work/1duo-coremltools/coremltools/converters/mil/mil/passes/common_pass.py:34] Performing pass: "common::reduce_transposes"
[20200630 16:33:16 DEBUG /Volumes/data/work/1duo-coremltools/coremltools/converters/mil/mil/passes/reduce_transposes.py:989] Block before optimize transpose transform:
function(%input: (1, 3, 5, 5, fp32)) {
  block52() {
    %1: (1, 3, 1, 1, fp32)* = const(val=[[[[0.24067002534866333]], [[0.18412166833877563]], [[0.10933828353881836]]]], name="1")
    %2: (1,fp32)* = const(val=[-0.19009041786193848], name="2")
    %21: (2,i32)* = const(val=[1, 1], name="21")
    %22: (2,i32)* = const(val=[1, 1], name="22")
    %23: (2,i32)* = const(val=[3, 3], name="23")
    %12: (bool)* = const(val=False, name="12")
    %24: (2,i32)* = const(val=[0, 0], name="24")
    %16: (i32)* = const(val=1, name="16")
    %17: (bool)* = const(val=False, name="17")
    %18: (bool)* = const(val=False, name="18")
    %19: (bool)* = const(val=True, name="19")
    %20_pad_type_33: (str)* = const(val="custom", name="20_pad_type_33")
    %20_pad_33: (4,i32)* = const(val=[1, 1, 1, 1], name="20_pad_33")
    %20: (1, 1, 7, 7, fp32) = conv(x=%input, weight=%1, bias=%2, strides=%21, pad_type=%20_pad_type_33, pad=%20_pad_33, dilations=%23, groups=%16, name="20")
  } -> (%20)
}

[20200630 16:33:16 DEBUG /Volumes/data/work/1duo-coremltools/coremltools/converters/mil/mil/passes/reduce_transposes.py:1024] Block after optimize transpose transform:
function(%input: (1, 3, 5, 5, fp32)) {
  block52() {
    %1: (1, 3, 1, 1, fp32)* = const(val=[[[[0.24067002534866333]], [[0.18412166833877563]], [[0.10933828353881836]]]], name="1")
    %2: (1,fp32)* = const(val=[-0.19009041786193848], name="2")
    %21: (2,i32)* = const(val=[1, 1], name="21")
    %22: (2,i32)* = const(val=[1, 1], name="22")
    %23: (2,i32)* = const(val=[3, 3], name="23")
    %12: (bool)* = const(val=False, name="12")
    %24: (2,i32)* = const(val=[0, 0], name="24")
    %16: (i32)* = const(val=1, name="16")
    %17: (bool)* = const(val=False, name="17")
    %18: (bool)* = const(val=False, name="18")
    %19: (bool)* = const(val=True, name="19")
    %20_pad_type_33: (str)* = const(val="custom", name="20_pad_type_33")
    %20_pad_33: (4,i32)* = const(val=[1, 1, 1, 1], name="20_pad_33")
    %20: (1, 1, 7, 7, fp32) = conv(x=%input, weight=%1, bias=%2, strides=%21, pad_type=%20_pad_type_33, pad=%20_pad_33, dilations=%23, groups=%16, name="20")
  } -> (%20)
}

[20200630 16:33:16 INFO /Volumes/data/work/1duo-coremltools/coremltools/converters/mil/mil/passes/common_pass.py:34] Performing pass: "common::fuse_bias_conv"
[20200630 16:33:16 INFO /Volumes/data/work/1duo-coremltools/coremltools/converters/mil/mil/passes/common_pass.py:34] Performing pass: "common::fuse_elementwise_to_batchnorm"
[20200630 16:33:16 INFO /Volumes/data/work/1duo-coremltools/coremltools/converters/mil/mil/passes/common_pass.py:34] Performing pass: "common::fuse_onehot_matmul_to_gather"
[20200630 16:33:16 INFO /Volumes/data/work/1duo-coremltools/coremltools/converters/mil/mil/passes/common_pass.py:34] Performing pass: "common::fuse_layernorm_or_instancenorm"
[20200630 16:33:16 INFO /Volumes/data/work/1duo-coremltools/coremltools/converters/mil/mil/passes/common_pass.py:34] Performing pass: "common::dead_code_elimination"
[20200630 16:33:16 INFO /Volumes/data/work/1duo-coremltools/coremltools/converters/mil/mil/passes/dead_code_elimination.py:35] Removing op "19" (type: const)
[20200630 16:33:16 INFO /Volumes/data/work/1duo-coremltools/coremltools/converters/mil/mil/passes/dead_code_elimination.py:35] Removing op "18" (type: const)
[20200630 16:33:16 INFO /Volumes/data/work/1duo-coremltools/coremltools/converters/mil/mil/passes/dead_code_elimination.py:35] Removing op "17" (type: const)
[20200630 16:33:16 INFO /Volumes/data/work/1duo-coremltools/coremltools/converters/mil/mil/passes/dead_code_elimination.py:35] Removing op "24" (type: const)
[20200630 16:33:16 INFO /Volumes/data/work/1duo-coremltools/coremltools/converters/mil/mil/passes/dead_code_elimination.py:35] Removing op "12" (type: const)
[20200630 16:33:16 INFO /Volumes/data/work/1duo-coremltools/coremltools/converters/mil/mil/passes/dead_code_elimination.py:35] Removing op "22" (type: const)
[20200630 16:33:16 DEBUG /Volumes/data/work/1duo-coremltools/coremltools/converters/mil/mil/passes/common_pass.py:38] Program after common passes:
main(%input: (1, 3, 5, 5, fp32)) {
  block52() {
    %1: (1, 3, 1, 1, fp32)* = const(val=[[[[0.24067002534866333]], [[0.18412166833877563]], [[0.10933828353881836]]]], name="1")
    %2: (1,fp32)* = const(val=[-0.19009041786193848], name="2")
    %21: (2,i32)* = const(val=[1, 1], name="21")
    %23: (2,i32)* = const(val=[3, 3], name="23")
    %16: (i32)* = const(val=1, name="16")
    %20_pad_type_33: (str)* = const(val="custom", name="20_pad_type_33")
    %20_pad_33: (4,i32)* = const(val=[1, 1, 1, 1], name="20_pad_33")
    %20: (1, 1, 7, 7, fp32) = conv(x=%input, weight=%1, bias=%2, strides=%21, pad_type=%20_pad_type_33, pad=%20_pad_33, dilations=%23, groups=%16, name="20")
  } -> (%20)
}

[20200630 16:33:16 INFO /Volumes/data/work/1duo-coremltools/coremltools/converters/mil/backend/nn/passes/nn_passes.py:22] Performing passes for nn_backend: "nn_backend::commingle_loop_vars"
[20200630 16:33:16 INFO /Volumes/data/work/1duo-coremltools/coremltools/converters/mil/backend/nn/passes/nn_passes.py:22] Performing passes for nn_backend: "nn_backend::handle_return_inputs_as_outputs"
[20200630 16:33:16 INFO /Volumes/data/work/1duo-coremltools/coremltools/converters/mil/backend/nn/passes/nn_passes.py:22] Performing passes for nn_backend: "common::const_elimination"
[20200630 16:33:16 INFO /Volumes/data/work/1duo-coremltools/coremltools/converters/mil/backend/nn/passes/nn_passes.py:22] Performing passes for nn_backend: "common::dead_code_elimination"
[20200630 16:33:16 INFO /Volumes/data/work/1duo-coremltools/coremltools/converters/mil/backend/nn/passes/nn_passes.py:22] Performing passes for nn_backend: "nn_backend::handle_unused_inputs"
[20200630 16:33:16 INFO /Volumes/data/work/1duo-coremltools/coremltools/converters/mil/backend/nn/passes/nn_passes.py:22] Performing passes for nn_backend: "nn_backend::alert_return_type_cast"
[20200630 16:33:16 DEBUG /Volumes/data/work/1duo-coremltools/coremltools/converters/mil/backend/nn/passes/nn_passes.py:26] Program after nn backend passes:
main(%input: (1, 3, 5, 5, fp32)) {
  block52() {
    %1: (1, 3, 1, 1, fp32)* = const(val=[[[[0.24067002534866333]], [[0.18412166833877563]], [[0.10933828353881836]]]], name="1")
    %2: (1,fp32)* = const(val=[-0.19009041786193848], name="2")
    %21: (2,i32)* = const(val=[1, 1], name="21")
    %23: (2,i32)* = const(val=[3, 3], name="23")
    %16: (i32)* = const(val=1, name="16")
    %20_pad_type_33: (str)* = const(val="custom", name="20_pad_type_33")
    %20_pad_33: (4,i32)* = const(val=[1, 1, 1, 1], name="20_pad_33")
    %20: (1, 1, 7, 7, fp32) = conv(x=%input, weight=%1, bias=%2, strides=%21, pad_type=%20_pad_type_33, pad=%20_pad_33, dilations=%23, groups=%16, name="20")
  } -> (%20)
}

[20200630 16:33:16 INFO /Volumes/data/work/1duo-coremltools/coremltools/converters/mil/frontend/torch/converter.py:269] Converting graph.
[20200630 16:33:16 INFO /Volumes/data/work/1duo-coremltools/coremltools/converters/mil/mil/builder.py:181] Adding op '1' of type const
[20200630 16:33:16 INFO /Volumes/data/work/1duo-coremltools/coremltools/converters/mil/mil/builder.py:181] Adding op '2' of type const
[20200630 16:33:16 INFO /Volumes/data/work/1duo-coremltools/coremltools/converters/mil/frontend/torch/ops.py:49] Converting op 21 : constant
[20200630 16:33:16 INFO /Volumes/data/work/1duo-coremltools/coremltools/converters/mil/mil/builder.py:181] Adding op '21' of type const
[20200630 16:33:16 INFO /Volumes/data/work/1duo-coremltools/coremltools/converters/mil/frontend/torch/ops.py:49] Converting op 22 : constant
[20200630 16:33:16 INFO /Volumes/data/work/1duo-coremltools/coremltools/converters/mil/mil/builder.py:181] Adding op '22' of type const
[20200630 16:33:16 INFO /Volumes/data/work/1duo-coremltools/coremltools/converters/mil/frontend/torch/ops.py:49] Converting op 23 : constant
[20200630 16:33:16 INFO /Volumes/data/work/1duo-coremltools/coremltools/converters/mil/mil/builder.py:181] Adding op '23' of type const
[20200630 16:33:16 INFO /Volumes/data/work/1duo-coremltools/coremltools/converters/mil/frontend/torch/ops.py:49] Converting op 12 : constant
[20200630 16:33:16 INFO /Volumes/data/work/1duo-coremltools/coremltools/converters/mil/mil/builder.py:181] Adding op '12' of type const
[20200630 16:33:16 INFO /Volumes/data/work/1duo-coremltools/coremltools/converters/mil/frontend/torch/ops.py:49] Converting op 24 : constant
[20200630 16:33:16 INFO /Volumes/data/work/1duo-coremltools/coremltools/converters/mil/mil/builder.py:181] Adding op '24' of type const
[20200630 16:33:16 INFO /Volumes/data/work/1duo-coremltools/coremltools/converters/mil/frontend/torch/ops.py:49] Converting op 16 : constant
[20200630 16:33:16 INFO /Volumes/data/work/1duo-coremltools/coremltools/converters/mil/mil/builder.py:181] Adding op '16' of type const
[20200630 16:33:16 INFO /Volumes/data/work/1duo-coremltools/coremltools/converters/mil/frontend/torch/ops.py:49] Converting op 17 : constant
[20200630 16:33:16 INFO /Volumes/data/work/1duo-coremltools/coremltools/converters/mil/mil/builder.py:181] Adding op '17' of type const
[20200630 16:33:16 INFO /Volumes/data/work/1duo-coremltools/coremltools/converters/mil/frontend/torch/ops.py:49] Converting op 18 : constant
[20200630 16:33:16 INFO /Volumes/data/work/1duo-coremltools/coremltools/converters/mil/mil/builder.py:181] Adding op '18' of type const
[20200630 16:33:16 INFO /Volumes/data/work/1duo-coremltools/coremltools/converters/mil/frontend/torch/ops.py:49] Converting op 19 : constant
[20200630 16:33:16 INFO /Volumes/data/work/1duo-coremltools/coremltools/converters/mil/mil/builder.py:181] Adding op '19' of type const
[20200630 16:33:16 INFO /Volumes/data/work/1duo-coremltools/coremltools/converters/mil/frontend/torch/ops.py:49] Converting op 20 : _convolution
[20200630 16:33:16 INFO /Volumes/data/work/1duo-coremltools/coremltools/converters/mil/mil/builder.py:181] Adding op '20' of type conv
[20200630 16:33:16 DEBUG /Volumes/data/work/1duo-coremltools/coremltools/converters/mil/mil/builder.py:93] Adding const op '20_pad_type_34'
[20200630 16:33:16 INFO /Volumes/data/work/1duo-coremltools/coremltools/converters/mil/mil/builder.py:181] Adding op '20_pad_type_34' of type const
[20200630 16:33:16 DEBUG /Volumes/data/work/1duo-coremltools/coremltools/converters/mil/mil/builder.py:93] Adding const op '20_pad_34'
[20200630 16:33:16 INFO /Volumes/data/work/1duo-coremltools/coremltools/converters/mil/mil/builder.py:181] Adding op '20_pad_34' of type const
[20200630 16:33:16 DEBUG /Volumes/data/work/1duo-coremltools/coremltools/converters/mil/mil/passes/common_pass.py:30] Program before common passes:
main(%input: (1, 3, 5, 5, fp32)) {
  block53() {
    %1: (1, 3, 1, 1, fp32)* = const(val=[[[[0.1011468768119812]], [[0.1332186460494995]], [[0.23038703203201294]]]], name="1")
    %2: (1,fp32)* = const(val=[-0.5368725061416626], name="2")
    %21: (2,i32)* = const(val=[1, 1], name="21")
    %22: (2,i32)* = const(val=[3, 3], name="22")
    %23: (2,i32)* = const(val=[1, 1], name="23")
    %12: (bool)* = const(val=False, name="12")
    %24: (2,i32)* = const(val=[0, 0], name="24")
    %16: (i32)* = const(val=1, name="16")
    %17: (bool)* = const(val=False, name="17")
    %18: (bool)* = const(val=False, name="18")
    %19: (bool)* = const(val=True, name="19")
    %20_pad_type_34: (str)* = const(val="custom", name="20_pad_type_34")
    %20_pad_34: (4,i32)* = const(val=[3, 3, 3, 3], name="20_pad_34")
    %20: (1, 1, 11, 11, fp32) = conv(x=%input, weight=%1, bias=%2, strides=%21, pad_type=%20_pad_type_34, pad=%20_pad_34, dilations=%23, groups=%16, name="20")
  } -> (%20)
}

[20200630 16:33:16 INFO /Volumes/data/work/1duo-coremltools/coremltools/converters/mil/mil/passes/common_pass.py:34] Performing pass: "common::const_elimination"
[20200630 16:33:16 INFO /Volumes/data/work/1duo-coremltools/coremltools/converters/mil/mil/passes/common_pass.py:34] Performing pass: "common::divide_to_multiply"
[20200630 16:33:16 INFO /Volumes/data/work/1duo-coremltools/coremltools/converters/mil/mil/passes/common_pass.py:34] Performing pass: "common::fuse_matmul_weight_bias"
[20200630 16:33:16 INFO /Volumes/data/work/1duo-coremltools/coremltools/converters/mil/mil/passes/common_pass.py:34] Performing pass: "common::const_elimination"
[20200630 16:33:16 INFO /Volumes/data/work/1duo-coremltools/coremltools/converters/mil/mil/passes/common_pass.py:34] Performing pass: "common::loop_invariant_elimination"
[20200630 16:33:16 INFO /Volumes/data/work/1duo-coremltools/coremltools/converters/mil/mil/passes/common_pass.py:34] Performing pass: "common::remove_symbolic_reshape"
[20200630 16:33:16 INFO /Volumes/data/work/1duo-coremltools/coremltools/converters/mil/mil/passes/remove_symbolic_reshape.py:104] remove_symbolic_reshape: changed 0 reshapes.
[20200630 16:33:16 INFO /Volumes/data/work/1duo-coremltools/coremltools/converters/mil/mil/passes/common_pass.py:34] Performing pass: "common::fuse_gelu_tanh_approximation"
[20200630 16:33:16 INFO /Volumes/data/work/1duo-coremltools/coremltools/converters/mil/mil/passes/common_pass.py:34] Performing pass: "common::reduce_transposes"
[20200630 16:33:16 DEBUG /Volumes/data/work/1duo-coremltools/coremltools/converters/mil/mil/passes/reduce_transposes.py:989] Block before optimize transpose transform:
function(%input: (1, 3, 5, 5, fp32)) {
  block53() {
    %1: (1, 3, 1, 1, fp32)* = const(val=[[[[0.1011468768119812]], [[0.1332186460494995]], [[0.23038703203201294]]]], name="1")
    %2: (1,fp32)* = const(val=[-0.5368725061416626], name="2")
    %21: (2,i32)* = const(val=[1, 1], name="21")
    %22: (2,i32)* = const(val=[3, 3], name="22")
    %23: (2,i32)* = const(val=[1, 1], name="23")
    %12: (bool)* = const(val=False, name="12")
    %24: (2,i32)* = const(val=[0, 0], name="24")
    %16: (i32)* = const(val=1, name="16")
    %17: (bool)* = const(val=False, name="17")
    %18: (bool)* = const(val=False, name="18")
    %19: (bool)* = const(val=True, name="19")
    %20_pad_type_34: (str)* = const(val="custom", name="20_pad_type_34")
    %20_pad_34: (4,i32)* = const(val=[3, 3, 3, 3], name="20_pad_34")
    %20: (1, 1, 11, 11, fp32) = conv(x=%input, weight=%1, bias=%2, strides=%21, pad_type=%20_pad_type_34, pad=%20_pad_34, dilations=%23, groups=%16, name="20")
  } -> (%20)
}

[20200630 16:33:16 DEBUG /Volumes/data/work/1duo-coremltools/coremltools/converters/mil/mil/passes/reduce_transposes.py:1024] Block after optimize transpose transform:
function(%input: (1, 3, 5, 5, fp32)) {
  block53() {
    %1: (1, 3, 1, 1, fp32)* = const(val=[[[[0.1011468768119812]], [[0.1332186460494995]], [[0.23038703203201294]]]], name="1")
    %2: (1,fp32)* = const(val=[-0.5368725061416626], name="2")
    %21: (2,i32)* = const(val=[1, 1], name="21")
    %22: (2,i32)* = const(val=[3, 3], name="22")
    %23: (2,i32)* = const(val=[1, 1], name="23")
    %12: (bool)* = const(val=False, name="12")
    %24: (2,i32)* = const(val=[0, 0], name="24")
    %16: (i32)* = const(val=1, name="16")
    %17: (bool)* = const(val=False, name="17")
    %18: (bool)* = const(val=False, name="18")
    %19: (bool)* = const(val=True, name="19")
    %20_pad_type_34: (str)* = const(val="custom", name="20_pad_type_34")
    %20_pad_34: (4,i32)* = const(val=[3, 3, 3, 3], name="20_pad_34")
    %20: (1, 1, 11, 11, fp32) = conv(x=%input, weight=%1, bias=%2, strides=%21, pad_type=%20_pad_type_34, pad=%20_pad_34, dilations=%23, groups=%16, name="20")
  } -> (%20)
}

[20200630 16:33:16 INFO /Volumes/data/work/1duo-coremltools/coremltools/converters/mil/mil/passes/common_pass.py:34] Performing pass: "common::fuse_bias_conv"
[20200630 16:33:16 INFO /Volumes/data/work/1duo-coremltools/coremltools/converters/mil/mil/passes/common_pass.py:34] Performing pass: "common::fuse_elementwise_to_batchnorm"
[20200630 16:33:16 INFO /Volumes/data/work/1duo-coremltools/coremltools/converters/mil/mil/passes/common_pass.py:34] Performing pass: "common::fuse_onehot_matmul_to_gather"
[20200630 16:33:16 INFO /Volumes/data/work/1duo-coremltools/coremltools/converters/mil/mil/passes/common_pass.py:34] Performing pass: "common::fuse_layernorm_or_instancenorm"
[20200630 16:33:16 INFO /Volumes/data/work/1duo-coremltools/coremltools/converters/mil/mil/passes/common_pass.py:34] Performing pass: "common::dead_code_elimination"
[20200630 16:33:16 INFO /Volumes/data/work/1duo-coremltools/coremltools/converters/mil/mil/passes/dead_code_elimination.py:35] Removing op "19" (type: const)
[20200630 16:33:16 INFO /Volumes/data/work/1duo-coremltools/coremltools/converters/mil/mil/passes/dead_code_elimination.py:35] Removing op "18" (type: const)
[20200630 16:33:16 INFO /Volumes/data/work/1duo-coremltools/coremltools/converters/mil/mil/passes/dead_code_elimination.py:35] Removing op "17" (type: const)
[20200630 16:33:16 INFO /Volumes/data/work/1duo-coremltools/coremltools/converters/mil/mil/passes/dead_code_elimination.py:35] Removing op "24" (type: const)
[20200630 16:33:16 INFO /Volumes/data/work/1duo-coremltools/coremltools/converters/mil/mil/passes/dead_code_elimination.py:35] Removing op "12" (type: const)
[20200630 16:33:16 INFO /Volumes/data/work/1duo-coremltools/coremltools/converters/mil/mil/passes/dead_code_elimination.py:35] Removing op "22" (type: const)
[20200630 16:33:16 DEBUG /Volumes/data/work/1duo-coremltools/coremltools/converters/mil/mil/passes/common_pass.py:38] Program after common passes:
main(%input: (1, 3, 5, 5, fp32)) {
  block53() {
    %1: (1, 3, 1, 1, fp32)* = const(val=[[[[0.1011468768119812]], [[0.1332186460494995]], [[0.23038703203201294]]]], name="1")
    %2: (1,fp32)* = const(val=[-0.5368725061416626], name="2")
    %21: (2,i32)* = const(val=[1, 1], name="21")
    %23: (2,i32)* = const(val=[1, 1], name="23")
    %16: (i32)* = const(val=1, name="16")
    %20_pad_type_34: (str)* = const(val="custom", name="20_pad_type_34")
    %20_pad_34: (4,i32)* = const(val=[3, 3, 3, 3], name="20_pad_34")
    %20: (1, 1, 11, 11, fp32) = conv(x=%input, weight=%1, bias=%2, strides=%21, pad_type=%20_pad_type_34, pad=%20_pad_34, dilations=%23, groups=%16, name="20")
  } -> (%20)
}

[20200630 16:33:16 INFO /Volumes/data/work/1duo-coremltools/coremltools/converters/mil/backend/nn/passes/nn_passes.py:22] Performing passes for nn_backend: "nn_backend::commingle_loop_vars"
[20200630 16:33:16 INFO /Volumes/data/work/1duo-coremltools/coremltools/converters/mil/backend/nn/passes/nn_passes.py:22] Performing passes for nn_backend: "nn_backend::handle_return_inputs_as_outputs"
[20200630 16:33:16 INFO /Volumes/data/work/1duo-coremltools/coremltools/converters/mil/backend/nn/passes/nn_passes.py:22] Performing passes for nn_backend: "common::const_elimination"
[20200630 16:33:16 INFO /Volumes/data/work/1duo-coremltools/coremltools/converters/mil/backend/nn/passes/nn_passes.py:22] Performing passes for nn_backend: "common::dead_code_elimination"
[20200630 16:33:16 INFO /Volumes/data/work/1duo-coremltools/coremltools/converters/mil/backend/nn/passes/nn_passes.py:22] Performing passes for nn_backend: "nn_backend::handle_unused_inputs"
[20200630 16:33:16 INFO /Volumes/data/work/1duo-coremltools/coremltools/converters/mil/backend/nn/passes/nn_passes.py:22] Performing passes for nn_backend: "nn_backend::alert_return_type_cast"
[20200630 16:33:16 DEBUG /Volumes/data/work/1duo-coremltools/coremltools/converters/mil/backend/nn/passes/nn_passes.py:26] Program after nn backend passes:
main(%input: (1, 3, 5, 5, fp32)) {
  block53() {
    %1: (1, 3, 1, 1, fp32)* = const(val=[[[[0.1011468768119812]], [[0.1332186460494995]], [[0.23038703203201294]]]], name="1")
    %2: (1,fp32)* = const(val=[-0.5368725061416626], name="2")
    %21: (2,i32)* = const(val=[1, 1], name="21")
    %23: (2,i32)* = const(val=[1, 1], name="23")
    %16: (i32)* = const(val=1, name="16")
    %20_pad_type_34: (str)* = const(val="custom", name="20_pad_type_34")
    %20_pad_34: (4,i32)* = const(val=[3, 3, 3, 3], name="20_pad_34")
    %20: (1, 1, 11, 11, fp32) = conv(x=%input, weight=%1, bias=%2, strides=%21, pad_type=%20_pad_type_34, pad=%20_pad_34, dilations=%23, groups=%16, name="20")
  } -> (%20)
}

[20200630 16:33:16 INFO /Volumes/data/work/1duo-coremltools/coremltools/converters/mil/frontend/torch/converter.py:269] Converting graph.
[20200630 16:33:16 INFO /Volumes/data/work/1duo-coremltools/coremltools/converters/mil/mil/builder.py:181] Adding op '1' of type const
[20200630 16:33:16 INFO /Volumes/data/work/1duo-coremltools/coremltools/converters/mil/mil/builder.py:181] Adding op '2' of type const
[20200630 16:33:16 INFO /Volumes/data/work/1duo-coremltools/coremltools/converters/mil/frontend/torch/ops.py:49] Converting op 21 : constant
[20200630 16:33:16 INFO /Volumes/data/work/1duo-coremltools/coremltools/converters/mil/mil/builder.py:181] Adding op '21' of type const
[20200630 16:33:16 INFO /Volumes/data/work/1duo-coremltools/coremltools/converters/mil/frontend/torch/ops.py:49] Converting op 22 : constant
[20200630 16:33:16 INFO /Volumes/data/work/1duo-coremltools/coremltools/converters/mil/mil/builder.py:181] Adding op '22' of type const
[20200630 16:33:16 INFO /Volumes/data/work/1duo-coremltools/coremltools/converters/mil/frontend/torch/ops.py:49] Converting op 23 : constant
[20200630 16:33:16 INFO /Volumes/data/work/1duo-coremltools/coremltools/converters/mil/mil/builder.py:181] Adding op '23' of type const
[20200630 16:33:16 INFO /Volumes/data/work/1duo-coremltools/coremltools/converters/mil/frontend/torch/ops.py:49] Converting op 12 : constant
[20200630 16:33:16 INFO /Volumes/data/work/1duo-coremltools/coremltools/converters/mil/mil/builder.py:181] Adding op '12' of type const
[20200630 16:33:16 INFO /Volumes/data/work/1duo-coremltools/coremltools/converters/mil/frontend/torch/ops.py:49] Converting op 24 : constant
[20200630 16:33:16 INFO /Volumes/data/work/1duo-coremltools/coremltools/converters/mil/mil/builder.py:181] Adding op '24' of type const
[20200630 16:33:16 INFO /Volumes/data/work/1duo-coremltools/coremltools/converters/mil/frontend/torch/ops.py:49] Converting op 16 : constant
[20200630 16:33:16 INFO /Volumes/data/work/1duo-coremltools/coremltools/converters/mil/mil/builder.py:181] Adding op '16' of type const
[20200630 16:33:16 INFO /Volumes/data/work/1duo-coremltools/coremltools/converters/mil/frontend/torch/ops.py:49] Converting op 17 : constant
[20200630 16:33:16 INFO /Volumes/data/work/1duo-coremltools/coremltools/converters/mil/mil/builder.py:181] Adding op '17' of type const
[20200630 16:33:16 INFO /Volumes/data/work/1duo-coremltools/coremltools/converters/mil/frontend/torch/ops.py:49] Converting op 18 : constant
[20200630 16:33:16 INFO /Volumes/data/work/1duo-coremltools/coremltools/converters/mil/mil/builder.py:181] Adding op '18' of type const
[20200630 16:33:16 INFO /Volumes/data/work/1duo-coremltools/coremltools/converters/mil/frontend/torch/ops.py:49] Converting op 19 : constant
[20200630 16:33:16 INFO /Volumes/data/work/1duo-coremltools/coremltools/converters/mil/mil/builder.py:181] Adding op '19' of type const
[20200630 16:33:16 INFO /Volumes/data/work/1duo-coremltools/coremltools/converters/mil/frontend/torch/ops.py:49] Converting op 20 : _convolution
[20200630 16:33:16 INFO /Volumes/data/work/1duo-coremltools/coremltools/converters/mil/mil/builder.py:181] Adding op '20' of type conv
[20200630 16:33:16 DEBUG /Volumes/data/work/1duo-coremltools/coremltools/converters/mil/mil/builder.py:93] Adding const op '20_pad_type_35'
[20200630 16:33:16 INFO /Volumes/data/work/1duo-coremltools/coremltools/converters/mil/mil/builder.py:181] Adding op '20_pad_type_35' of type const
[20200630 16:33:16 DEBUG /Volumes/data/work/1duo-coremltools/coremltools/converters/mil/mil/builder.py:93] Adding const op '20_pad_35'
[20200630 16:33:16 INFO /Volumes/data/work/1duo-coremltools/coremltools/converters/mil/mil/builder.py:181] Adding op '20_pad_35' of type const
[20200630 16:33:16 DEBUG /Volumes/data/work/1duo-coremltools/coremltools/converters/mil/mil/passes/common_pass.py:30] Program before common passes:
main(%input: (1, 3, 5, 5, fp32)) {
  block54() {
    %1: (1, 3, 1, 1, fp32)* = const(val=[[[[-0.09802204370498657]], [[-0.13737702369689941]], [[-0.017409801483154297]]]], name="1")
    %2: (1,fp32)* = const(val=[-0.2006630003452301], name="2")
    %21: (2,i32)* = const(val=[1, 1], name="21")
    %22: (2,i32)* = const(val=[3, 3], name="22")
    %23: (2,i32)* = const(val=[3, 3], name="23")
    %12: (bool)* = const(val=False, name="12")
    %24: (2,i32)* = const(val=[0, 0], name="24")
    %16: (i32)* = const(val=1, name="16")
    %17: (bool)* = const(val=False, name="17")
    %18: (bool)* = const(val=False, name="18")
    %19: (bool)* = const(val=True, name="19")
    %20_pad_type_35: (str)* = const(val="custom", name="20_pad_type_35")
    %20_pad_35: (4,i32)* = const(val=[3, 3, 3, 3], name="20_pad_35")
    %20: (1, 1, 11, 11, fp32) = conv(x=%input, weight=%1, bias=%2, strides=%21, pad_type=%20_pad_type_35, pad=%20_pad_35, dilations=%23, groups=%16, name="20")
  } -> (%20)
}

[20200630 16:33:16 INFO /Volumes/data/work/1duo-coremltools/coremltools/converters/mil/mil/passes/common_pass.py:34] Performing pass: "common::const_elimination"
[20200630 16:33:16 INFO /Volumes/data/work/1duo-coremltools/coremltools/converters/mil/mil/passes/common_pass.py:34] Performing pass: "common::divide_to_multiply"
[20200630 16:33:16 INFO /Volumes/data/work/1duo-coremltools/coremltools/converters/mil/mil/passes/common_pass.py:34] Performing pass: "common::fuse_matmul_weight_bias"
[20200630 16:33:16 INFO /Volumes/data/work/1duo-coremltools/coremltools/converters/mil/mil/passes/common_pass.py:34] Performing pass: "common::const_elimination"
[20200630 16:33:16 INFO /Volumes/data/work/1duo-coremltools/coremltools/converters/mil/mil/passes/common_pass.py:34] Performing pass: "common::loop_invariant_elimination"
[20200630 16:33:16 INFO /Volumes/data/work/1duo-coremltools/coremltools/converters/mil/mil/passes/common_pass.py:34] Performing pass: "common::remove_symbolic_reshape"
[20200630 16:33:16 INFO /Volumes/data/work/1duo-coremltools/coremltools/converters/mil/mil/passes/remove_symbolic_reshape.py:104] remove_symbolic_reshape: changed 0 reshapes.
[20200630 16:33:16 INFO /Volumes/data/work/1duo-coremltools/coremltools/converters/mil/mil/passes/common_pass.py:34] Performing pass: "common::fuse_gelu_tanh_approximation"
[20200630 16:33:16 INFO /Volumes/data/work/1duo-coremltools/coremltools/converters/mil/mil/passes/common_pass.py:34] Performing pass: "common::reduce_transposes"
[20200630 16:33:16 DEBUG /Volumes/data/work/1duo-coremltools/coremltools/converters/mil/mil/passes/reduce_transposes.py:989] Block before optimize transpose transform:
function(%input: (1, 3, 5, 5, fp32)) {
  block54() {
    %1: (1, 3, 1, 1, fp32)* = const(val=[[[[-0.09802204370498657]], [[-0.13737702369689941]], [[-0.017409801483154297]]]], name="1")
    %2: (1,fp32)* = const(val=[-0.2006630003452301], name="2")
    %21: (2,i32)* = const(val=[1, 1], name="21")
    %22: (2,i32)* = const(val=[3, 3], name="22")
    %23: (2,i32)* = const(val=[3, 3], name="23")
    %12: (bool)* = const(val=False, name="12")
    %24: (2,i32)* = const(val=[0, 0], name="24")
    %16: (i32)* = const(val=1, name="16")
    %17: (bool)* = const(val=False, name="17")
    %18: (bool)* = const(val=False, name="18")
    %19: (bool)* = const(val=True, name="19")
    %20_pad_type_35: (str)* = const(val="custom", name="20_pad_type_35")
    %20_pad_35: (4,i32)* = const(val=[3, 3, 3, 3], name="20_pad_35")
    %20: (1, 1, 11, 11, fp32) = conv(x=%input, weight=%1, bias=%2, strides=%21, pad_type=%20_pad_type_35, pad=%20_pad_35, dilations=%23, groups=%16, name="20")
  } -> (%20)
}

[20200630 16:33:16 DEBUG /Volumes/data/work/1duo-coremltools/coremltools/converters/mil/mil/passes/reduce_transposes.py:1024] Block after optimize transpose transform:
function(%input: (1, 3, 5, 5, fp32)) {
  block54() {
    %1: (1, 3, 1, 1, fp32)* = const(val=[[[[-0.09802204370498657]], [[-0.13737702369689941]], [[-0.017409801483154297]]]], name="1")
    %2: (1,fp32)* = const(val=[-0.2006630003452301], name="2")
    %21: (2,i32)* = const(val=[1, 1], name="21")
    %22: (2,i32)* = const(val=[3, 3], name="22")
    %23: (2,i32)* = const(val=[3, 3], name="23")
    %12: (bool)* = const(val=False, name="12")
    %24: (2,i32)* = const(val=[0, 0], name="24")
    %16: (i32)* = const(val=1, name="16")
    %17: (bool)* = const(val=False, name="17")
    %18: (bool)* = const(val=False, name="18")
    %19: (bool)* = const(val=True, name="19")
    %20_pad_type_35: (str)* = const(val="custom", name="20_pad_type_35")
    %20_pad_35: (4,i32)* = const(val=[3, 3, 3, 3], name="20_pad_35")
    %20: (1, 1, 11, 11, fp32) = conv(x=%input, weight=%1, bias=%2, strides=%21, pad_type=%20_pad_type_35, pad=%20_pad_35, dilations=%23, groups=%16, name="20")
  } -> (%20)
}

[20200630 16:33:16 INFO /Volumes/data/work/1duo-coremltools/coremltools/converters/mil/mil/passes/common_pass.py:34] Performing pass: "common::fuse_bias_conv"
[20200630 16:33:16 INFO /Volumes/data/work/1duo-coremltools/coremltools/converters/mil/mil/passes/common_pass.py:34] Performing pass: "common::fuse_elementwise_to_batchnorm"
[20200630 16:33:16 INFO /Volumes/data/work/1duo-coremltools/coremltools/converters/mil/mil/passes/common_pass.py:34] Performing pass: "common::fuse_onehot_matmul_to_gather"
[20200630 16:33:16 INFO /Volumes/data/work/1duo-coremltools/coremltools/converters/mil/mil/passes/common_pass.py:34] Performing pass: "common::fuse_layernorm_or_instancenorm"
[20200630 16:33:16 INFO /Volumes/data/work/1duo-coremltools/coremltools/converters/mil/mil/passes/common_pass.py:34] Performing pass: "common::dead_code_elimination"
[20200630 16:33:16 INFO /Volumes/data/work/1duo-coremltools/coremltools/converters/mil/mil/passes/dead_code_elimination.py:35] Removing op "19" (type: const)
[20200630 16:33:16 INFO /Volumes/data/work/1duo-coremltools/coremltools/converters/mil/mil/passes/dead_code_elimination.py:35] Removing op "18" (type: const)
[20200630 16:33:16 INFO /Volumes/data/work/1duo-coremltools/coremltools/converters/mil/mil/passes/dead_code_elimination.py:35] Removing op "17" (type: const)
[20200630 16:33:16 INFO /Volumes/data/work/1duo-coremltools/coremltools/converters/mil/mil/passes/dead_code_elimination.py:35] Removing op "24" (type: const)
[20200630 16:33:16 INFO /Volumes/data/work/1duo-coremltools/coremltools/converters/mil/mil/passes/dead_code_elimination.py:35] Removing op "12" (type: const)
[20200630 16:33:16 INFO /Volumes/data/work/1duo-coremltools/coremltools/converters/mil/mil/passes/dead_code_elimination.py:35] Removing op "22" (type: const)
[20200630 16:33:16 DEBUG /Volumes/data/work/1duo-coremltools/coremltools/converters/mil/mil/passes/common_pass.py:38] Program after common passes:
main(%input: (1, 3, 5, 5, fp32)) {
  block54() {
    %1: (1, 3, 1, 1, fp32)* = const(val=[[[[-0.09802204370498657]], [[-0.13737702369689941]], [[-0.017409801483154297]]]], name="1")
    %2: (1,fp32)* = const(val=[-0.2006630003452301], name="2")
    %21: (2,i32)* = const(val=[1, 1], name="21")
    %23: (2,i32)* = const(val=[3, 3], name="23")
    %16: (i32)* = const(val=1, name="16")
    %20_pad_type_35: (str)* = const(val="custom", name="20_pad_type_35")
    %20_pad_35: (4,i32)* = const(val=[3, 3, 3, 3], name="20_pad_35")
    %20: (1, 1, 11, 11, fp32) = conv(x=%input, weight=%1, bias=%2, strides=%21, pad_type=%20_pad_type_35, pad=%20_pad_35, dilations=%23, groups=%16, name="20")
  } -> (%20)
}

[20200630 16:33:16 INFO /Volumes/data/work/1duo-coremltools/coremltools/converters/mil/backend/nn/passes/nn_passes.py:22] Performing passes for nn_backend: "nn_backend::commingle_loop_vars"
[20200630 16:33:16 INFO /Volumes/data/work/1duo-coremltools/coremltools/converters/mil/backend/nn/passes/nn_passes.py:22] Performing passes for nn_backend: "nn_backend::handle_return_inputs_as_outputs"
[20200630 16:33:16 INFO /Volumes/data/work/1duo-coremltools/coremltools/converters/mil/backend/nn/passes/nn_passes.py:22] Performing passes for nn_backend: "common::const_elimination"
[20200630 16:33:16 INFO /Volumes/data/work/1duo-coremltools/coremltools/converters/mil/backend/nn/passes/nn_passes.py:22] Performing passes for nn_backend: "common::dead_code_elimination"
[20200630 16:33:16 INFO /Volumes/data/work/1duo-coremltools/coremltools/converters/mil/backend/nn/passes/nn_passes.py:22] Performing passes for nn_backend: "nn_backend::handle_unused_inputs"
[20200630 16:33:16 INFO /Volumes/data/work/1duo-coremltools/coremltools/converters/mil/backend/nn/passes/nn_passes.py:22] Performing passes for nn_backend: "nn_backend::alert_return_type_cast"
[20200630 16:33:16 DEBUG /Volumes/data/work/1duo-coremltools/coremltools/converters/mil/backend/nn/passes/nn_passes.py:26] Program after nn backend passes:
main(%input: (1, 3, 5, 5, fp32)) {
  block54() {
    %1: (1, 3, 1, 1, fp32)* = const(val=[[[[-0.09802204370498657]], [[-0.13737702369689941]], [[-0.017409801483154297]]]], name="1")
    %2: (1,fp32)* = const(val=[-0.2006630003452301], name="2")
    %21: (2,i32)* = const(val=[1, 1], name="21")
    %23: (2,i32)* = const(val=[3, 3], name="23")
    %16: (i32)* = const(val=1, name="16")
    %20_pad_type_35: (str)* = const(val="custom", name="20_pad_type_35")
    %20_pad_35: (4,i32)* = const(val=[3, 3, 3, 3], name="20_pad_35")
    %20: (1, 1, 11, 11, fp32) = conv(x=%input, weight=%1, bias=%2, strides=%21, pad_type=%20_pad_type_35, pad=%20_pad_35, dilations=%23, groups=%16, name="20")
  } -> (%20)
}

[20200630 16:33:16 INFO /Volumes/data/work/1duo-coremltools/coremltools/converters/mil/frontend/torch/converter.py:269] Converting graph.
[20200630 16:33:16 INFO /Volumes/data/work/1duo-coremltools/coremltools/converters/mil/mil/builder.py:181] Adding op '1' of type const
[20200630 16:33:16 INFO /Volumes/data/work/1duo-coremltools/coremltools/converters/mil/mil/builder.py:181] Adding op '2' of type const
[20200630 16:33:16 INFO /Volumes/data/work/1duo-coremltools/coremltools/converters/mil/frontend/torch/ops.py:49] Converting op 21 : constant
[20200630 16:33:16 INFO /Volumes/data/work/1duo-coremltools/coremltools/converters/mil/mil/builder.py:181] Adding op '21' of type const
[20200630 16:33:16 INFO /Volumes/data/work/1duo-coremltools/coremltools/converters/mil/frontend/torch/ops.py:49] Converting op 22 : constant
[20200630 16:33:16 INFO /Volumes/data/work/1duo-coremltools/coremltools/converters/mil/mil/builder.py:181] Adding op '22' of type const
[20200630 16:33:16 INFO /Volumes/data/work/1duo-coremltools/coremltools/converters/mil/frontend/torch/ops.py:49] Converting op 23 : constant
[20200630 16:33:16 INFO /Volumes/data/work/1duo-coremltools/coremltools/converters/mil/mil/builder.py:181] Adding op '23' of type const
[20200630 16:33:16 INFO /Volumes/data/work/1duo-coremltools/coremltools/converters/mil/frontend/torch/ops.py:49] Converting op 12 : constant
[20200630 16:33:16 INFO /Volumes/data/work/1duo-coremltools/coremltools/converters/mil/mil/builder.py:181] Adding op '12' of type const
[20200630 16:33:16 INFO /Volumes/data/work/1duo-coremltools/coremltools/converters/mil/frontend/torch/ops.py:49] Converting op 24 : constant
[20200630 16:33:16 INFO /Volumes/data/work/1duo-coremltools/coremltools/converters/mil/mil/builder.py:181] Adding op '24' of type const
[20200630 16:33:16 INFO /Volumes/data/work/1duo-coremltools/coremltools/converters/mil/frontend/torch/ops.py:49] Converting op 16 : constant
[20200630 16:33:16 INFO /Volumes/data/work/1duo-coremltools/coremltools/converters/mil/mil/builder.py:181] Adding op '16' of type const
[20200630 16:33:16 INFO /Volumes/data/work/1duo-coremltools/coremltools/converters/mil/frontend/torch/ops.py:49] Converting op 17 : constant
[20200630 16:33:16 INFO /Volumes/data/work/1duo-coremltools/coremltools/converters/mil/mil/builder.py:181] Adding op '17' of type const
[20200630 16:33:16 INFO /Volumes/data/work/1duo-coremltools/coremltools/converters/mil/frontend/torch/ops.py:49] Converting op 18 : constant
[20200630 16:33:16 INFO /Volumes/data/work/1duo-coremltools/coremltools/converters/mil/mil/builder.py:181] Adding op '18' of type const
[20200630 16:33:16 INFO /Volumes/data/work/1duo-coremltools/coremltools/converters/mil/frontend/torch/ops.py:49] Converting op 19 : constant
[20200630 16:33:16 INFO /Volumes/data/work/1duo-coremltools/coremltools/converters/mil/mil/builder.py:181] Adding op '19' of type const
[20200630 16:33:16 INFO /Volumes/data/work/1duo-coremltools/coremltools/converters/mil/frontend/torch/ops.py:49] Converting op 20 : _convolution
[20200630 16:33:16 INFO /Volumes/data/work/1duo-coremltools/coremltools/converters/mil/mil/builder.py:181] Adding op '20' of type conv
[20200630 16:33:16 DEBUG /Volumes/data/work/1duo-coremltools/coremltools/converters/mil/mil/builder.py:93] Adding const op '20_pad_type_36'
[20200630 16:33:16 INFO /Volumes/data/work/1duo-coremltools/coremltools/converters/mil/mil/builder.py:181] Adding op '20_pad_type_36' of type const
[20200630 16:33:16 DEBUG /Volumes/data/work/1duo-coremltools/coremltools/converters/mil/mil/builder.py:93] Adding const op '20_pad_36'
[20200630 16:33:16 INFO /Volumes/data/work/1duo-coremltools/coremltools/converters/mil/mil/builder.py:181] Adding op '20_pad_36' of type const
[20200630 16:33:16 DEBUG /Volumes/data/work/1duo-coremltools/coremltools/converters/mil/mil/passes/common_pass.py:30] Program before common passes:
main(%input: (1, 3, 5, 5, fp32)) {
  block55() {
    %1: (1, 3, 1, 1, fp32)* = const(val=[[[[-0.1816917061805725]], [[-0.3753569424152374]], [[0.13839435577392578]]]], name="1")
    %2: (1,fp32)* = const(val=[0.5426383018493652], name="2")
    %21: (2,i32)* = const(val=[3, 3], name="21")
    %22: (2,i32)* = const(val=[1, 1], name="22")
    %23: (2,i32)* = const(val=[1, 1], name="23")
    %12: (bool)* = const(val=False, name="12")
    %24: (2,i32)* = const(val=[0, 0], name="24")
    %16: (i32)* = const(val=1, name="16")
    %17: (bool)* = const(val=False, name="17")
    %18: (bool)* = const(val=False, name="18")
    %19: (bool)* = const(val=True, name="19")
    %20_pad_type_36: (str)* = const(val="custom", name="20_pad_type_36")
    %20_pad_36: (4,i32)* = const(val=[1, 1, 1, 1], name="20_pad_36")
    %20: (1, 1, 3, 3, fp32) = conv(x=%input, weight=%1, bias=%2, strides=%21, pad_type=%20_pad_type_36, pad=%20_pad_36, dilations=%23, groups=%16, name="20")
  } -> (%20)
}

[20200630 16:33:16 INFO /Volumes/data/work/1duo-coremltools/coremltools/converters/mil/mil/passes/common_pass.py:34] Performing pass: "common::const_elimination"
[20200630 16:33:16 INFO /Volumes/data/work/1duo-coremltools/coremltools/converters/mil/mil/passes/common_pass.py:34] Performing pass: "common::divide_to_multiply"
[20200630 16:33:16 INFO /Volumes/data/work/1duo-coremltools/coremltools/converters/mil/mil/passes/common_pass.py:34] Performing pass: "common::fuse_matmul_weight_bias"
[20200630 16:33:16 INFO /Volumes/data/work/1duo-coremltools/coremltools/converters/mil/mil/passes/common_pass.py:34] Performing pass: "common::const_elimination"
[20200630 16:33:16 INFO /Volumes/data/work/1duo-coremltools/coremltools/converters/mil/mil/passes/common_pass.py:34] Performing pass: "common::loop_invariant_elimination"
[20200630 16:33:16 INFO /Volumes/data/work/1duo-coremltools/coremltools/converters/mil/mil/passes/common_pass.py:34] Performing pass: "common::remove_symbolic_reshape"
[20200630 16:33:16 INFO /Volumes/data/work/1duo-coremltools/coremltools/converters/mil/mil/passes/remove_symbolic_reshape.py:104] remove_symbolic_reshape: changed 0 reshapes.
[20200630 16:33:16 INFO /Volumes/data/work/1duo-coremltools/coremltools/converters/mil/mil/passes/common_pass.py:34] Performing pass: "common::fuse_gelu_tanh_approximation"
[20200630 16:33:16 INFO /Volumes/data/work/1duo-coremltools/coremltools/converters/mil/mil/passes/common_pass.py:34] Performing pass: "common::reduce_transposes"
[20200630 16:33:16 DEBUG /Volumes/data/work/1duo-coremltools/coremltools/converters/mil/mil/passes/reduce_transposes.py:989] Block before optimize transpose transform:
function(%input: (1, 3, 5, 5, fp32)) {
  block55() {
    %1: (1, 3, 1, 1, fp32)* = const(val=[[[[-0.1816917061805725]], [[-0.3753569424152374]], [[0.13839435577392578]]]], name="1")
    %2: (1,fp32)* = const(val=[0.5426383018493652], name="2")
    %21: (2,i32)* = const(val=[3, 3], name="21")
    %22: (2,i32)* = const(val=[1, 1], name="22")
    %23: (2,i32)* = const(val=[1, 1], name="23")
    %12: (bool)* = const(val=False, name="12")
    %24: (2,i32)* = const(val=[0, 0], name="24")
    %16: (i32)* = const(val=1, name="16")
    %17: (bool)* = const(val=False, name="17")
    %18: (bool)* = const(val=False, name="18")
    %19: (bool)* = const(val=True, name="19")
    %20_pad_type_36: (str)* = const(val="custom", name="20_pad_type_36")
    %20_pad_36: (4,i32)* = const(val=[1, 1, 1, 1], name="20_pad_36")
    %20: (1, 1, 3, 3, fp32) = conv(x=%input, weight=%1, bias=%2, strides=%21, pad_type=%20_pad_type_36, pad=%20_pad_36, dilations=%23, groups=%16, name="20")
  } -> (%20)
}

[20200630 16:33:16 DEBUG /Volumes/data/work/1duo-coremltools/coremltools/converters/mil/mil/passes/reduce_transposes.py:1024] Block after optimize transpose transform:
function(%input: (1, 3, 5, 5, fp32)) {
  block55() {
    %1: (1, 3, 1, 1, fp32)* = const(val=[[[[-0.1816917061805725]], [[-0.3753569424152374]], [[0.13839435577392578]]]], name="1")
    %2: (1,fp32)* = const(val=[0.5426383018493652], name="2")
    %21: (2,i32)* = const(val=[3, 3], name="21")
    %22: (2,i32)* = const(val=[1, 1], name="22")
    %23: (2,i32)* = const(val=[1, 1], name="23")
    %12: (bool)* = const(val=False, name="12")
    %24: (2,i32)* = const(val=[0, 0], name="24")
    %16: (i32)* = const(val=1, name="16")
    %17: (bool)* = const(val=False, name="17")
    %18: (bool)* = const(val=False, name="18")
    %19: (bool)* = const(val=True, name="19")
    %20_pad_type_36: (str)* = const(val="custom", name="20_pad_type_36")
    %20_pad_36: (4,i32)* = const(val=[1, 1, 1, 1], name="20_pad_36")
    %20: (1, 1, 3, 3, fp32) = conv(x=%input, weight=%1, bias=%2, strides=%21, pad_type=%20_pad_type_36, pad=%20_pad_36, dilations=%23, groups=%16, name="20")
  } -> (%20)
}

[20200630 16:33:16 INFO /Volumes/data/work/1duo-coremltools/coremltools/converters/mil/mil/passes/common_pass.py:34] Performing pass: "common::fuse_bias_conv"
[20200630 16:33:16 INFO /Volumes/data/work/1duo-coremltools/coremltools/converters/mil/mil/passes/common_pass.py:34] Performing pass: "common::fuse_elementwise_to_batchnorm"
[20200630 16:33:16 INFO /Volumes/data/work/1duo-coremltools/coremltools/converters/mil/mil/passes/common_pass.py:34] Performing pass: "common::fuse_onehot_matmul_to_gather"
[20200630 16:33:16 INFO /Volumes/data/work/1duo-coremltools/coremltools/converters/mil/mil/passes/common_pass.py:34] Performing pass: "common::fuse_layernorm_or_instancenorm"
[20200630 16:33:16 INFO /Volumes/data/work/1duo-coremltools/coremltools/converters/mil/mil/passes/common_pass.py:34] Performing pass: "common::dead_code_elimination"
[20200630 16:33:16 INFO /Volumes/data/work/1duo-coremltools/coremltools/converters/mil/mil/passes/dead_code_elimination.py:35] Removing op "19" (type: const)
[20200630 16:33:16 INFO /Volumes/data/work/1duo-coremltools/coremltools/converters/mil/mil/passes/dead_code_elimination.py:35] Removing op "18" (type: const)
[20200630 16:33:16 INFO /Volumes/data/work/1duo-coremltools/coremltools/converters/mil/mil/passes/dead_code_elimination.py:35] Removing op "17" (type: const)
[20200630 16:33:16 INFO /Volumes/data/work/1duo-coremltools/coremltools/converters/mil/mil/passes/dead_code_elimination.py:35] Removing op "24" (type: const)
[20200630 16:33:16 INFO /Volumes/data/work/1duo-coremltools/coremltools/converters/mil/mil/passes/dead_code_elimination.py:35] Removing op "12" (type: const)
[20200630 16:33:16 INFO /Volumes/data/work/1duo-coremltools/coremltools/converters/mil/mil/passes/dead_code_elimination.py:35] Removing op "22" (type: const)
[20200630 16:33:16 DEBUG /Volumes/data/work/1duo-coremltools/coremltools/converters/mil/mil/passes/common_pass.py:38] Program after common passes:
main(%input: (1, 3, 5, 5, fp32)) {
  block55() {
    %1: (1, 3, 1, 1, fp32)* = const(val=[[[[-0.1816917061805725]], [[-0.3753569424152374]], [[0.13839435577392578]]]], name="1")
    %2: (1,fp32)* = const(val=[0.5426383018493652], name="2")
    %21: (2,i32)* = const(val=[3, 3], name="21")
    %23: (2,i32)* = const(val=[1, 1], name="23")
    %16: (i32)* = const(val=1, name="16")
    %20_pad_type_36: (str)* = const(val="custom", name="20_pad_type_36")
    %20_pad_36: (4,i32)* = const(val=[1, 1, 1, 1], name="20_pad_36")
    %20: (1, 1, 3, 3, fp32) = conv(x=%input, weight=%1, bias=%2, strides=%21, pad_type=%20_pad_type_36, pad=%20_pad_36, dilations=%23, groups=%16, name="20")
  } -> (%20)
}

[20200630 16:33:16 INFO /Volumes/data/work/1duo-coremltools/coremltools/converters/mil/backend/nn/passes/nn_passes.py:22] Performing passes for nn_backend: "nn_backend::commingle_loop_vars"
[20200630 16:33:16 INFO /Volumes/data/work/1duo-coremltools/coremltools/converters/mil/backend/nn/passes/nn_passes.py:22] Performing passes for nn_backend: "nn_backend::handle_return_inputs_as_outputs"
[20200630 16:33:16 INFO /Volumes/data/work/1duo-coremltools/coremltools/converters/mil/backend/nn/passes/nn_passes.py:22] Performing passes for nn_backend: "common::const_elimination"
[20200630 16:33:16 INFO /Volumes/data/work/1duo-coremltools/coremltools/converters/mil/backend/nn/passes/nn_passes.py:22] Performing passes for nn_backend: "common::dead_code_elimination"
[20200630 16:33:16 INFO /Volumes/data/work/1duo-coremltools/coremltools/converters/mil/backend/nn/passes/nn_passes.py:22] Performing passes for nn_backend: "nn_backend::handle_unused_inputs"
[20200630 16:33:16 INFO /Volumes/data/work/1duo-coremltools/coremltools/converters/mil/backend/nn/passes/nn_passes.py:22] Performing passes for nn_backend: "nn_backend::alert_return_type_cast"
[20200630 16:33:16 DEBUG /Volumes/data/work/1duo-coremltools/coremltools/converters/mil/backend/nn/passes/nn_passes.py:26] Program after nn backend passes:
main(%input: (1, 3, 5, 5, fp32)) {
  block55() {
    %1: (1, 3, 1, 1, fp32)* = const(val=[[[[-0.1816917061805725]], [[-0.3753569424152374]], [[0.13839435577392578]]]], name="1")
    %2: (1,fp32)* = const(val=[0.5426383018493652], name="2")
    %21: (2,i32)* = const(val=[3, 3], name="21")
    %23: (2,i32)* = const(val=[1, 1], name="23")
    %16: (i32)* = const(val=1, name="16")
    %20_pad_type_36: (str)* = const(val="custom", name="20_pad_type_36")
    %20_pad_36: (4,i32)* = const(val=[1, 1, 1, 1], name="20_pad_36")
    %20: (1, 1, 3, 3, fp32) = conv(x=%input, weight=%1, bias=%2, strides=%21, pad_type=%20_pad_type_36, pad=%20_pad_36, dilations=%23, groups=%16, name="20")
  } -> (%20)
}

[20200630 16:33:16 INFO /Volumes/data/work/1duo-coremltools/coremltools/converters/mil/frontend/torch/converter.py:269] Converting graph.
[20200630 16:33:16 INFO /Volumes/data/work/1duo-coremltools/coremltools/converters/mil/mil/builder.py:181] Adding op '1' of type const
[20200630 16:33:16 INFO /Volumes/data/work/1duo-coremltools/coremltools/converters/mil/mil/builder.py:181] Adding op '2' of type const
[20200630 16:33:16 INFO /Volumes/data/work/1duo-coremltools/coremltools/converters/mil/frontend/torch/ops.py:49] Converting op 21 : constant
[20200630 16:33:16 INFO /Volumes/data/work/1duo-coremltools/coremltools/converters/mil/mil/builder.py:181] Adding op '21' of type const
[20200630 16:33:16 INFO /Volumes/data/work/1duo-coremltools/coremltools/converters/mil/frontend/torch/ops.py:49] Converting op 22 : constant
[20200630 16:33:16 INFO /Volumes/data/work/1duo-coremltools/coremltools/converters/mil/mil/builder.py:181] Adding op '22' of type const
[20200630 16:33:16 INFO /Volumes/data/work/1duo-coremltools/coremltools/converters/mil/frontend/torch/ops.py:49] Converting op 23 : constant
[20200630 16:33:16 INFO /Volumes/data/work/1duo-coremltools/coremltools/converters/mil/mil/builder.py:181] Adding op '23' of type const
[20200630 16:33:16 INFO /Volumes/data/work/1duo-coremltools/coremltools/converters/mil/frontend/torch/ops.py:49] Converting op 12 : constant
[20200630 16:33:16 INFO /Volumes/data/work/1duo-coremltools/coremltools/converters/mil/mil/builder.py:181] Adding op '12' of type const
[20200630 16:33:16 INFO /Volumes/data/work/1duo-coremltools/coremltools/converters/mil/frontend/torch/ops.py:49] Converting op 24 : constant
[20200630 16:33:16 INFO /Volumes/data/work/1duo-coremltools/coremltools/converters/mil/mil/builder.py:181] Adding op '24' of type const
[20200630 16:33:16 INFO /Volumes/data/work/1duo-coremltools/coremltools/converters/mil/frontend/torch/ops.py:49] Converting op 16 : constant
[20200630 16:33:16 INFO /Volumes/data/work/1duo-coremltools/coremltools/converters/mil/mil/builder.py:181] Adding op '16' of type const
[20200630 16:33:16 INFO /Volumes/data/work/1duo-coremltools/coremltools/converters/mil/frontend/torch/ops.py:49] Converting op 17 : constant
[20200630 16:33:16 INFO /Volumes/data/work/1duo-coremltools/coremltools/converters/mil/mil/builder.py:181] Adding op '17' of type const
[20200630 16:33:16 INFO /Volumes/data/work/1duo-coremltools/coremltools/converters/mil/frontend/torch/ops.py:49] Converting op 18 : constant
[20200630 16:33:16 INFO /Volumes/data/work/1duo-coremltools/coremltools/converters/mil/mil/builder.py:181] Adding op '18' of type const
[20200630 16:33:16 INFO /Volumes/data/work/1duo-coremltools/coremltools/converters/mil/frontend/torch/ops.py:49] Converting op 19 : constant
[20200630 16:33:16 INFO /Volumes/data/work/1duo-coremltools/coremltools/converters/mil/mil/builder.py:181] Adding op '19' of type const
[20200630 16:33:16 INFO /Volumes/data/work/1duo-coremltools/coremltools/converters/mil/frontend/torch/ops.py:49] Converting op 20 : _convolution
[20200630 16:33:16 INFO /Volumes/data/work/1duo-coremltools/coremltools/converters/mil/mil/builder.py:181] Adding op '20' of type conv
[20200630 16:33:16 DEBUG /Volumes/data/work/1duo-coremltools/coremltools/converters/mil/mil/builder.py:93] Adding const op '20_pad_type_37'
[20200630 16:33:16 INFO /Volumes/data/work/1duo-coremltools/coremltools/converters/mil/mil/builder.py:181] Adding op '20_pad_type_37' of type const
[20200630 16:33:16 DEBUG /Volumes/data/work/1duo-coremltools/coremltools/converters/mil/mil/builder.py:93] Adding const op '20_pad_37'
[20200630 16:33:16 INFO /Volumes/data/work/1duo-coremltools/coremltools/converters/mil/mil/builder.py:181] Adding op '20_pad_37' of type const
[20200630 16:33:16 DEBUG /Volumes/data/work/1duo-coremltools/coremltools/converters/mil/mil/passes/common_pass.py:30] Program before common passes:
main(%input: (1, 3, 5, 5, fp32)) {
  block56() {
    %1: (1, 3, 1, 1, fp32)* = const(val=[[[[-0.41650766134262085]], [[-0.5051522850990295]], [[-0.4716806411743164]]]], name="1")
    %2: (1,fp32)* = const(val=[0.1872233748435974], name="2")
    %21: (2,i32)* = const(val=[3, 3], name="21")
    %22: (2,i32)* = const(val=[1, 1], name="22")
    %23: (2,i32)* = const(val=[3, 3], name="23")
    %12: (bool)* = const(val=False, name="12")
    %24: (2,i32)* = const(val=[0, 0], name="24")
    %16: (i32)* = const(val=1, name="16")
    %17: (bool)* = const(val=False, name="17")
    %18: (bool)* = const(val=False, name="18")
    %19: (bool)* = const(val=True, name="19")
    %20_pad_type_37: (str)* = const(val="custom", name="20_pad_type_37")
    %20_pad_37: (4,i32)* = const(val=[1, 1, 1, 1], name="20_pad_37")
    %20: (1, 1, 3, 3, fp32) = conv(x=%input, weight=%1, bias=%2, strides=%21, pad_type=%20_pad_type_37, pad=%20_pad_37, dilations=%23, groups=%16, name="20")
  } -> (%20)
}

[20200630 16:33:16 INFO /Volumes/data/work/1duo-coremltools/coremltools/converters/mil/mil/passes/common_pass.py:34] Performing pass: "common::const_elimination"
[20200630 16:33:16 INFO /Volumes/data/work/1duo-coremltools/coremltools/converters/mil/mil/passes/common_pass.py:34] Performing pass: "common::divide_to_multiply"
[20200630 16:33:16 INFO /Volumes/data/work/1duo-coremltools/coremltools/converters/mil/mil/passes/common_pass.py:34] Performing pass: "common::fuse_matmul_weight_bias"
[20200630 16:33:16 INFO /Volumes/data/work/1duo-coremltools/coremltools/converters/mil/mil/passes/common_pass.py:34] Performing pass: "common::const_elimination"
[20200630 16:33:16 INFO /Volumes/data/work/1duo-coremltools/coremltools/converters/mil/mil/passes/common_pass.py:34] Performing pass: "common::loop_invariant_elimination"
[20200630 16:33:16 INFO /Volumes/data/work/1duo-coremltools/coremltools/converters/mil/mil/passes/common_pass.py:34] Performing pass: "common::remove_symbolic_reshape"
[20200630 16:33:16 INFO /Volumes/data/work/1duo-coremltools/coremltools/converters/mil/mil/passes/remove_symbolic_reshape.py:104] remove_symbolic_reshape: changed 0 reshapes.
[20200630 16:33:16 INFO /Volumes/data/work/1duo-coremltools/coremltools/converters/mil/mil/passes/common_pass.py:34] Performing pass: "common::fuse_gelu_tanh_approximation"
[20200630 16:33:16 INFO /Volumes/data/work/1duo-coremltools/coremltools/converters/mil/mil/passes/common_pass.py:34] Performing pass: "common::reduce_transposes"
[20200630 16:33:16 DEBUG /Volumes/data/work/1duo-coremltools/coremltools/converters/mil/mil/passes/reduce_transposes.py:989] Block before optimize transpose transform:
function(%input: (1, 3, 5, 5, fp32)) {
  block56() {
    %1: (1, 3, 1, 1, fp32)* = const(val=[[[[-0.41650766134262085]], [[-0.5051522850990295]], [[-0.4716806411743164]]]], name="1")
    %2: (1,fp32)* = const(val=[0.1872233748435974], name="2")
    %21: (2,i32)* = const(val=[3, 3], name="21")
    %22: (2,i32)* = const(val=[1, 1], name="22")
    %23: (2,i32)* = const(val=[3, 3], name="23")
    %12: (bool)* = const(val=False, name="12")
    %24: (2,i32)* = const(val=[0, 0], name="24")
    %16: (i32)* = const(val=1, name="16")
    %17: (bool)* = const(val=False, name="17")
    %18: (bool)* = const(val=False, name="18")
    %19: (bool)* = const(val=True, name="19")
    %20_pad_type_37: (str)* = const(val="custom", name="20_pad_type_37")
    %20_pad_37: (4,i32)* = const(val=[1, 1, 1, 1], name="20_pad_37")
    %20: (1, 1, 3, 3, fp32) = conv(x=%input, weight=%1, bias=%2, strides=%21, pad_type=%20_pad_type_37, pad=%20_pad_37, dilations=%23, groups=%16, name="20")
  } -> (%20)
}

[20200630 16:33:16 DEBUG /Volumes/data/work/1duo-coremltools/coremltools/converters/mil/mil/passes/reduce_transposes.py:1024] Block after optimize transpose transform:
function(%input: (1, 3, 5, 5, fp32)) {
  block56() {
    %1: (1, 3, 1, 1, fp32)* = const(val=[[[[-0.41650766134262085]], [[-0.5051522850990295]], [[-0.4716806411743164]]]], name="1")
    %2: (1,fp32)* = const(val=[0.1872233748435974], name="2")
    %21: (2,i32)* = const(val=[3, 3], name="21")
    %22: (2,i32)* = const(val=[1, 1], name="22")
    %23: (2,i32)* = const(val=[3, 3], name="23")
    %12: (bool)* = const(val=False, name="12")
    %24: (2,i32)* = const(val=[0, 0], name="24")
    %16: (i32)* = const(val=1, name="16")
    %17: (bool)* = const(val=False, name="17")
    %18: (bool)* = const(val=False, name="18")
    %19: (bool)* = const(val=True, name="19")
    %20_pad_type_37: (str)* = const(val="custom", name="20_pad_type_37")
    %20_pad_37: (4,i32)* = const(val=[1, 1, 1, 1], name="20_pad_37")
    %20: (1, 1, 3, 3, fp32) = conv(x=%input, weight=%1, bias=%2, strides=%21, pad_type=%20_pad_type_37, pad=%20_pad_37, dilations=%23, groups=%16, name="20")
  } -> (%20)
}

[20200630 16:33:16 INFO /Volumes/data/work/1duo-coremltools/coremltools/converters/mil/mil/passes/common_pass.py:34] Performing pass: "common::fuse_bias_conv"
[20200630 16:33:16 INFO /Volumes/data/work/1duo-coremltools/coremltools/converters/mil/mil/passes/common_pass.py:34] Performing pass: "common::fuse_elementwise_to_batchnorm"
[20200630 16:33:16 INFO /Volumes/data/work/1duo-coremltools/coremltools/converters/mil/mil/passes/common_pass.py:34] Performing pass: "common::fuse_onehot_matmul_to_gather"
[20200630 16:33:16 INFO /Volumes/data/work/1duo-coremltools/coremltools/converters/mil/mil/passes/common_pass.py:34] Performing pass: "common::fuse_layernorm_or_instancenorm"
[20200630 16:33:16 INFO /Volumes/data/work/1duo-coremltools/coremltools/converters/mil/mil/passes/common_pass.py:34] Performing pass: "common::dead_code_elimination"
[20200630 16:33:16 INFO /Volumes/data/work/1duo-coremltools/coremltools/converters/mil/mil/passes/dead_code_elimination.py:35] Removing op "19" (type: const)
[20200630 16:33:16 INFO /Volumes/data/work/1duo-coremltools/coremltools/converters/mil/mil/passes/dead_code_elimination.py:35] Removing op "18" (type: const)
[20200630 16:33:16 INFO /Volumes/data/work/1duo-coremltools/coremltools/converters/mil/mil/passes/dead_code_elimination.py:35] Removing op "17" (type: const)
[20200630 16:33:16 INFO /Volumes/data/work/1duo-coremltools/coremltools/converters/mil/mil/passes/dead_code_elimination.py:35] Removing op "24" (type: const)
[20200630 16:33:16 INFO /Volumes/data/work/1duo-coremltools/coremltools/converters/mil/mil/passes/dead_code_elimination.py:35] Removing op "12" (type: const)
[20200630 16:33:16 INFO /Volumes/data/work/1duo-coremltools/coremltools/converters/mil/mil/passes/dead_code_elimination.py:35] Removing op "22" (type: const)
[20200630 16:33:16 DEBUG /Volumes/data/work/1duo-coremltools/coremltools/converters/mil/mil/passes/common_pass.py:38] Program after common passes:
main(%input: (1, 3, 5, 5, fp32)) {
  block56() {
    %1: (1, 3, 1, 1, fp32)* = const(val=[[[[-0.41650766134262085]], [[-0.5051522850990295]], [[-0.4716806411743164]]]], name="1")
    %2: (1,fp32)* = const(val=[0.1872233748435974], name="2")
    %21: (2,i32)* = const(val=[3, 3], name="21")
    %23: (2,i32)* = const(val=[3, 3], name="23")
    %16: (i32)* = const(val=1, name="16")
    %20_pad_type_37: (str)* = const(val="custom", name="20_pad_type_37")
    %20_pad_37: (4,i32)* = const(val=[1, 1, 1, 1], name="20_pad_37")
    %20: (1, 1, 3, 3, fp32) = conv(x=%input, weight=%1, bias=%2, strides=%21, pad_type=%20_pad_type_37, pad=%20_pad_37, dilations=%23, groups=%16, name="20")
  } -> (%20)
}

[20200630 16:33:16 INFO /Volumes/data/work/1duo-coremltools/coremltools/converters/mil/backend/nn/passes/nn_passes.py:22] Performing passes for nn_backend: "nn_backend::commingle_loop_vars"
[20200630 16:33:16 INFO /Volumes/data/work/1duo-coremltools/coremltools/converters/mil/backend/nn/passes/nn_passes.py:22] Performing passes for nn_backend: "nn_backend::handle_return_inputs_as_outputs"
[20200630 16:33:16 INFO /Volumes/data/work/1duo-coremltools/coremltools/converters/mil/backend/nn/passes/nn_passes.py:22] Performing passes for nn_backend: "common::const_elimination"
[20200630 16:33:16 INFO /Volumes/data/work/1duo-coremltools/coremltools/converters/mil/backend/nn/passes/nn_passes.py:22] Performing passes for nn_backend: "common::dead_code_elimination"
[20200630 16:33:16 INFO /Volumes/data/work/1duo-coremltools/coremltools/converters/mil/backend/nn/passes/nn_passes.py:22] Performing passes for nn_backend: "nn_backend::handle_unused_inputs"
[20200630 16:33:16 INFO /Volumes/data/work/1duo-coremltools/coremltools/converters/mil/backend/nn/passes/nn_passes.py:22] Performing passes for nn_backend: "nn_backend::alert_return_type_cast"
[20200630 16:33:16 DEBUG /Volumes/data/work/1duo-coremltools/coremltools/converters/mil/backend/nn/passes/nn_passes.py:26] Program after nn backend passes:
main(%input: (1, 3, 5, 5, fp32)) {
  block56() {
    %1: (1, 3, 1, 1, fp32)* = const(val=[[[[-0.41650766134262085]], [[-0.5051522850990295]], [[-0.4716806411743164]]]], name="1")
    %2: (1,fp32)* = const(val=[0.1872233748435974], name="2")
    %21: (2,i32)* = const(val=[3, 3], name="21")
    %23: (2,i32)* = const(val=[3, 3], name="23")
    %16: (i32)* = const(val=1, name="16")
    %20_pad_type_37: (str)* = const(val="custom", name="20_pad_type_37")
    %20_pad_37: (4,i32)* = const(val=[1, 1, 1, 1], name="20_pad_37")
    %20: (1, 1, 3, 3, fp32) = conv(x=%input, weight=%1, bias=%2, strides=%21, pad_type=%20_pad_type_37, pad=%20_pad_37, dilations=%23, groups=%16, name="20")
  } -> (%20)
}

[20200630 16:33:16 INFO /Volumes/data/work/1duo-coremltools/coremltools/converters/mil/frontend/torch/converter.py:269] Converting graph.
[20200630 16:33:16 INFO /Volumes/data/work/1duo-coremltools/coremltools/converters/mil/mil/builder.py:181] Adding op '1' of type const
[20200630 16:33:16 INFO /Volumes/data/work/1duo-coremltools/coremltools/converters/mil/mil/builder.py:181] Adding op '2' of type const
[20200630 16:33:16 INFO /Volumes/data/work/1duo-coremltools/coremltools/converters/mil/frontend/torch/ops.py:49] Converting op 21 : constant
[20200630 16:33:16 INFO /Volumes/data/work/1duo-coremltools/coremltools/converters/mil/mil/builder.py:181] Adding op '21' of type const
[20200630 16:33:16 INFO /Volumes/data/work/1duo-coremltools/coremltools/converters/mil/frontend/torch/ops.py:49] Converting op 22 : constant
[20200630 16:33:16 INFO /Volumes/data/work/1duo-coremltools/coremltools/converters/mil/mil/builder.py:181] Adding op '22' of type const
[20200630 16:33:16 INFO /Volumes/data/work/1duo-coremltools/coremltools/converters/mil/frontend/torch/ops.py:49] Converting op 23 : constant
[20200630 16:33:16 INFO /Volumes/data/work/1duo-coremltools/coremltools/converters/mil/mil/builder.py:181] Adding op '23' of type const
[20200630 16:33:16 INFO /Volumes/data/work/1duo-coremltools/coremltools/converters/mil/frontend/torch/ops.py:49] Converting op 12 : constant
[20200630 16:33:16 INFO /Volumes/data/work/1duo-coremltools/coremltools/converters/mil/mil/builder.py:181] Adding op '12' of type const
[20200630 16:33:16 INFO /Volumes/data/work/1duo-coremltools/coremltools/converters/mil/frontend/torch/ops.py:49] Converting op 24 : constant
[20200630 16:33:16 INFO /Volumes/data/work/1duo-coremltools/coremltools/converters/mil/mil/builder.py:181] Adding op '24' of type const
[20200630 16:33:16 INFO /Volumes/data/work/1duo-coremltools/coremltools/converters/mil/frontend/torch/ops.py:49] Converting op 16 : constant
[20200630 16:33:16 INFO /Volumes/data/work/1duo-coremltools/coremltools/converters/mil/mil/builder.py:181] Adding op '16' of type const
[20200630 16:33:16 INFO /Volumes/data/work/1duo-coremltools/coremltools/converters/mil/frontend/torch/ops.py:49] Converting op 17 : constant
[20200630 16:33:16 INFO /Volumes/data/work/1duo-coremltools/coremltools/converters/mil/mil/builder.py:181] Adding op '17' of type const
[20200630 16:33:16 INFO /Volumes/data/work/1duo-coremltools/coremltools/converters/mil/frontend/torch/ops.py:49] Converting op 18 : constant
[20200630 16:33:16 INFO /Volumes/data/work/1duo-coremltools/coremltools/converters/mil/mil/builder.py:181] Adding op '18' of type const
[20200630 16:33:16 INFO /Volumes/data/work/1duo-coremltools/coremltools/converters/mil/frontend/torch/ops.py:49] Converting op 19 : constant
[20200630 16:33:16 INFO /Volumes/data/work/1duo-coremltools/coremltools/converters/mil/mil/builder.py:181] Adding op '19' of type const
[20200630 16:33:16 INFO /Volumes/data/work/1duo-coremltools/coremltools/converters/mil/frontend/torch/ops.py:49] Converting op 20 : _convolution
[20200630 16:33:16 INFO /Volumes/data/work/1duo-coremltools/coremltools/converters/mil/mil/builder.py:181] Adding op '20' of type conv
[20200630 16:33:16 DEBUG /Volumes/data/work/1duo-coremltools/coremltools/converters/mil/mil/builder.py:93] Adding const op '20_pad_type_38'
[20200630 16:33:16 INFO /Volumes/data/work/1duo-coremltools/coremltools/converters/mil/mil/builder.py:181] Adding op '20_pad_type_38' of type const
[20200630 16:33:16 DEBUG /Volumes/data/work/1duo-coremltools/coremltools/converters/mil/mil/builder.py:93] Adding const op '20_pad_38'
[20200630 16:33:16 INFO /Volumes/data/work/1duo-coremltools/coremltools/converters/mil/mil/builder.py:181] Adding op '20_pad_38' of type const
[20200630 16:33:16 DEBUG /Volumes/data/work/1duo-coremltools/coremltools/converters/mil/mil/passes/common_pass.py:30] Program before common passes:
main(%input: (1, 3, 5, 5, fp32)) {
  block57() {
    %1: (1, 3, 1, 1, fp32)* = const(val=[[[[-0.16790679097175598]], [[0.3921860456466675]], [[0.07557964324951172]]]], name="1")
    %2: (1,fp32)* = const(val=[0.08042162656784058], name="2")
    %21: (2,i32)* = const(val=[3, 3], name="21")
    %22: (2,i32)* = const(val=[3, 3], name="22")
    %23: (2,i32)* = const(val=[1, 1], name="23")
    %12: (bool)* = const(val=False, name="12")
    %24: (2,i32)* = const(val=[0, 0], name="24")
    %16: (i32)* = const(val=1, name="16")
    %17: (bool)* = const(val=False, name="17")
    %18: (bool)* = const(val=False, name="18")
    %19: (bool)* = const(val=True, name="19")
    %20_pad_type_38: (str)* = const(val="custom", name="20_pad_type_38")
    %20_pad_38: (4,i32)* = const(val=[3, 3, 3, 3], name="20_pad_38")
    %20: (1, 1, 4, 4, fp32) = conv(x=%input, weight=%1, bias=%2, strides=%21, pad_type=%20_pad_type_38, pad=%20_pad_38, dilations=%23, groups=%16, name="20")
  } -> (%20)
}

[20200630 16:33:16 INFO /Volumes/data/work/1duo-coremltools/coremltools/converters/mil/mil/passes/common_pass.py:34] Performing pass: "common::const_elimination"
[20200630 16:33:16 INFO /Volumes/data/work/1duo-coremltools/coremltools/converters/mil/mil/passes/common_pass.py:34] Performing pass: "common::divide_to_multiply"
[20200630 16:33:16 INFO /Volumes/data/work/1duo-coremltools/coremltools/converters/mil/mil/passes/common_pass.py:34] Performing pass: "common::fuse_matmul_weight_bias"
[20200630 16:33:16 INFO /Volumes/data/work/1duo-coremltools/coremltools/converters/mil/mil/passes/common_pass.py:34] Performing pass: "common::const_elimination"
[20200630 16:33:16 INFO /Volumes/data/work/1duo-coremltools/coremltools/converters/mil/mil/passes/common_pass.py:34] Performing pass: "common::loop_invariant_elimination"
[20200630 16:33:16 INFO /Volumes/data/work/1duo-coremltools/coremltools/converters/mil/mil/passes/common_pass.py:34] Performing pass: "common::remove_symbolic_reshape"
[20200630 16:33:16 INFO /Volumes/data/work/1duo-coremltools/coremltools/converters/mil/mil/passes/remove_symbolic_reshape.py:104] remove_symbolic_reshape: changed 0 reshapes.
[20200630 16:33:16 INFO /Volumes/data/work/1duo-coremltools/coremltools/converters/mil/mil/passes/common_pass.py:34] Performing pass: "common::fuse_gelu_tanh_approximation"
[20200630 16:33:16 INFO /Volumes/data/work/1duo-coremltools/coremltools/converters/mil/mil/passes/common_pass.py:34] Performing pass: "common::reduce_transposes"
[20200630 16:33:16 DEBUG /Volumes/data/work/1duo-coremltools/coremltools/converters/mil/mil/passes/reduce_transposes.py:989] Block before optimize transpose transform:
function(%input: (1, 3, 5, 5, fp32)) {
  block57() {
    %1: (1, 3, 1, 1, fp32)* = const(val=[[[[-0.16790679097175598]], [[0.3921860456466675]], [[0.07557964324951172]]]], name="1")
    %2: (1,fp32)* = const(val=[0.08042162656784058], name="2")
    %21: (2,i32)* = const(val=[3, 3], name="21")
    %22: (2,i32)* = const(val=[3, 3], name="22")
    %23: (2,i32)* = const(val=[1, 1], name="23")
    %12: (bool)* = const(val=False, name="12")
    %24: (2,i32)* = const(val=[0, 0], name="24")
    %16: (i32)* = const(val=1, name="16")
    %17: (bool)* = const(val=False, name="17")
    %18: (bool)* = const(val=False, name="18")
    %19: (bool)* = const(val=True, name="19")
    %20_pad_type_38: (str)* = const(val="custom", name="20_pad_type_38")
    %20_pad_38: (4,i32)* = const(val=[3, 3, 3, 3], name="20_pad_38")
    %20: (1, 1, 4, 4, fp32) = conv(x=%input, weight=%1, bias=%2, strides=%21, pad_type=%20_pad_type_38, pad=%20_pad_38, dilations=%23, groups=%16, name="20")
  } -> (%20)
}

[20200630 16:33:16 DEBUG /Volumes/data/work/1duo-coremltools/coremltools/converters/mil/mil/passes/reduce_transposes.py:1024] Block after optimize transpose transform:
function(%input: (1, 3, 5, 5, fp32)) {
  block57() {
    %1: (1, 3, 1, 1, fp32)* = const(val=[[[[-0.16790679097175598]], [[0.3921860456466675]], [[0.07557964324951172]]]], name="1")
    %2: (1,fp32)* = const(val=[0.08042162656784058], name="2")
    %21: (2,i32)* = const(val=[3, 3], name="21")
    %22: (2,i32)* = const(val=[3, 3], name="22")
    %23: (2,i32)* = const(val=[1, 1], name="23")
    %12: (bool)* = const(val=False, name="12")
    %24: (2,i32)* = const(val=[0, 0], name="24")
    %16: (i32)* = const(val=1, name="16")
    %17: (bool)* = const(val=False, name="17")
    %18: (bool)* = const(val=False, name="18")
    %19: (bool)* = const(val=True, name="19")
    %20_pad_type_38: (str)* = const(val="custom", name="20_pad_type_38")
    %20_pad_38: (4,i32)* = const(val=[3, 3, 3, 3], name="20_pad_38")
    %20: (1, 1, 4, 4, fp32) = conv(x=%input, weight=%1, bias=%2, strides=%21, pad_type=%20_pad_type_38, pad=%20_pad_38, dilations=%23, groups=%16, name="20")
  } -> (%20)
}

[20200630 16:33:16 INFO /Volumes/data/work/1duo-coremltools/coremltools/converters/mil/mil/passes/common_pass.py:34] Performing pass: "common::fuse_bias_conv"
[20200630 16:33:16 INFO /Volumes/data/work/1duo-coremltools/coremltools/converters/mil/mil/passes/common_pass.py:34] Performing pass: "common::fuse_elementwise_to_batchnorm"
[20200630 16:33:16 INFO /Volumes/data/work/1duo-coremltools/coremltools/converters/mil/mil/passes/common_pass.py:34] Performing pass: "common::fuse_onehot_matmul_to_gather"
[20200630 16:33:16 INFO /Volumes/data/work/1duo-coremltools/coremltools/converters/mil/mil/passes/common_pass.py:34] Performing pass: "common::fuse_layernorm_or_instancenorm"
[20200630 16:33:16 INFO /Volumes/data/work/1duo-coremltools/coremltools/converters/mil/mil/passes/common_pass.py:34] Performing pass: "common::dead_code_elimination"
[20200630 16:33:16 INFO /Volumes/data/work/1duo-coremltools/coremltools/converters/mil/mil/passes/dead_code_elimination.py:35] Removing op "19" (type: const)
[20200630 16:33:16 INFO /Volumes/data/work/1duo-coremltools/coremltools/converters/mil/mil/passes/dead_code_elimination.py:35] Removing op "18" (type: const)
[20200630 16:33:16 INFO /Volumes/data/work/1duo-coremltools/coremltools/converters/mil/mil/passes/dead_code_elimination.py:35] Removing op "17" (type: const)
[20200630 16:33:16 INFO /Volumes/data/work/1duo-coremltools/coremltools/converters/mil/mil/passes/dead_code_elimination.py:35] Removing op "24" (type: const)
[20200630 16:33:16 INFO /Volumes/data/work/1duo-coremltools/coremltools/converters/mil/mil/passes/dead_code_elimination.py:35] Removing op "12" (type: const)
[20200630 16:33:16 INFO /Volumes/data/work/1duo-coremltools/coremltools/converters/mil/mil/passes/dead_code_elimination.py:35] Removing op "22" (type: const)
[20200630 16:33:16 DEBUG /Volumes/data/work/1duo-coremltools/coremltools/converters/mil/mil/passes/common_pass.py:38] Program after common passes:
main(%input: (1, 3, 5, 5, fp32)) {
  block57() {
    %1: (1, 3, 1, 1, fp32)* = const(val=[[[[-0.16790679097175598]], [[0.3921860456466675]], [[0.07557964324951172]]]], name="1")
    %2: (1,fp32)* = const(val=[0.08042162656784058], name="2")
    %21: (2,i32)* = const(val=[3, 3], name="21")
    %23: (2,i32)* = const(val=[1, 1], name="23")
    %16: (i32)* = const(val=1, name="16")
    %20_pad_type_38: (str)* = const(val="custom", name="20_pad_type_38")
    %20_pad_38: (4,i32)* = const(val=[3, 3, 3, 3], name="20_pad_38")
    %20: (1, 1, 4, 4, fp32) = conv(x=%input, weight=%1, bias=%2, strides=%21, pad_type=%20_pad_type_38, pad=%20_pad_38, dilations=%23, groups=%16, name="20")
  } -> (%20)
}

[20200630 16:33:16 INFO /Volumes/data/work/1duo-coremltools/coremltools/converters/mil/backend/nn/passes/nn_passes.py:22] Performing passes for nn_backend: "nn_backend::commingle_loop_vars"
[20200630 16:33:16 INFO /Volumes/data/work/1duo-coremltools/coremltools/converters/mil/backend/nn/passes/nn_passes.py:22] Performing passes for nn_backend: "nn_backend::handle_return_inputs_as_outputs"
[20200630 16:33:16 INFO /Volumes/data/work/1duo-coremltools/coremltools/converters/mil/backend/nn/passes/nn_passes.py:22] Performing passes for nn_backend: "common::const_elimination"
[20200630 16:33:16 INFO /Volumes/data/work/1duo-coremltools/coremltools/converters/mil/backend/nn/passes/nn_passes.py:22] Performing passes for nn_backend: "common::dead_code_elimination"
[20200630 16:33:16 INFO /Volumes/data/work/1duo-coremltools/coremltools/converters/mil/backend/nn/passes/nn_passes.py:22] Performing passes for nn_backend: "nn_backend::handle_unused_inputs"
[20200630 16:33:16 INFO /Volumes/data/work/1duo-coremltools/coremltools/converters/mil/backend/nn/passes/nn_passes.py:22] Performing passes for nn_backend: "nn_backend::alert_return_type_cast"
[20200630 16:33:16 DEBUG /Volumes/data/work/1duo-coremltools/coremltools/converters/mil/backend/nn/passes/nn_passes.py:26] Program after nn backend passes:
main(%input: (1, 3, 5, 5, fp32)) {
  block57() {
    %1: (1, 3, 1, 1, fp32)* = const(val=[[[[-0.16790679097175598]], [[0.3921860456466675]], [[0.07557964324951172]]]], name="1")
    %2: (1,fp32)* = const(val=[0.08042162656784058], name="2")
    %21: (2,i32)* = const(val=[3, 3], name="21")
    %23: (2,i32)* = const(val=[1, 1], name="23")
    %16: (i32)* = const(val=1, name="16")
    %20_pad_type_38: (str)* = const(val="custom", name="20_pad_type_38")
    %20_pad_38: (4,i32)* = const(val=[3, 3, 3, 3], name="20_pad_38")
    %20: (1, 1, 4, 4, fp32) = conv(x=%input, weight=%1, bias=%2, strides=%21, pad_type=%20_pad_type_38, pad=%20_pad_38, dilations=%23, groups=%16, name="20")
  } -> (%20)
}

[20200630 16:33:16 INFO /Volumes/data/work/1duo-coremltools/coremltools/converters/mil/frontend/torch/converter.py:269] Converting graph.
[20200630 16:33:16 INFO /Volumes/data/work/1duo-coremltools/coremltools/converters/mil/mil/builder.py:181] Adding op '1' of type const
[20200630 16:33:16 INFO /Volumes/data/work/1duo-coremltools/coremltools/converters/mil/mil/builder.py:181] Adding op '2' of type const
[20200630 16:33:16 INFO /Volumes/data/work/1duo-coremltools/coremltools/converters/mil/frontend/torch/ops.py:49] Converting op 21 : constant
[20200630 16:33:16 INFO /Volumes/data/work/1duo-coremltools/coremltools/converters/mil/mil/builder.py:181] Adding op '21' of type const
[20200630 16:33:16 INFO /Volumes/data/work/1duo-coremltools/coremltools/converters/mil/frontend/torch/ops.py:49] Converting op 22 : constant
[20200630 16:33:16 INFO /Volumes/data/work/1duo-coremltools/coremltools/converters/mil/mil/builder.py:181] Adding op '22' of type const
[20200630 16:33:16 INFO /Volumes/data/work/1duo-coremltools/coremltools/converters/mil/frontend/torch/ops.py:49] Converting op 23 : constant
[20200630 16:33:16 INFO /Volumes/data/work/1duo-coremltools/coremltools/converters/mil/mil/builder.py:181] Adding op '23' of type const
[20200630 16:33:16 INFO /Volumes/data/work/1duo-coremltools/coremltools/converters/mil/frontend/torch/ops.py:49] Converting op 12 : constant
[20200630 16:33:16 INFO /Volumes/data/work/1duo-coremltools/coremltools/converters/mil/mil/builder.py:181] Adding op '12' of type const
[20200630 16:33:16 INFO /Volumes/data/work/1duo-coremltools/coremltools/converters/mil/frontend/torch/ops.py:49] Converting op 24 : constant
[20200630 16:33:16 INFO /Volumes/data/work/1duo-coremltools/coremltools/converters/mil/mil/builder.py:181] Adding op '24' of type const
[20200630 16:33:16 INFO /Volumes/data/work/1duo-coremltools/coremltools/converters/mil/frontend/torch/ops.py:49] Converting op 16 : constant
[20200630 16:33:16 INFO /Volumes/data/work/1duo-coremltools/coremltools/converters/mil/mil/builder.py:181] Adding op '16' of type const
[20200630 16:33:16 INFO /Volumes/data/work/1duo-coremltools/coremltools/converters/mil/frontend/torch/ops.py:49] Converting op 17 : constant
[20200630 16:33:16 INFO /Volumes/data/work/1duo-coremltools/coremltools/converters/mil/mil/builder.py:181] Adding op '17' of type const
[20200630 16:33:16 INFO /Volumes/data/work/1duo-coremltools/coremltools/converters/mil/frontend/torch/ops.py:49] Converting op 18 : constant
[20200630 16:33:16 INFO /Volumes/data/work/1duo-coremltools/coremltools/converters/mil/mil/builder.py:181] Adding op '18' of type const
[20200630 16:33:16 INFO /Volumes/data/work/1duo-coremltools/coremltools/converters/mil/frontend/torch/ops.py:49] Converting op 19 : constant
[20200630 16:33:16 INFO /Volumes/data/work/1duo-coremltools/coremltools/converters/mil/mil/builder.py:181] Adding op '19' of type const
[20200630 16:33:16 INFO /Volumes/data/work/1duo-coremltools/coremltools/converters/mil/frontend/torch/ops.py:49] Converting op 20 : _convolution
[20200630 16:33:16 INFO /Volumes/data/work/1duo-coremltools/coremltools/converters/mil/mil/builder.py:181] Adding op '20' of type conv
[20200630 16:33:16 DEBUG /Volumes/data/work/1duo-coremltools/coremltools/converters/mil/mil/builder.py:93] Adding const op '20_pad_type_39'
[20200630 16:33:16 INFO /Volumes/data/work/1duo-coremltools/coremltools/converters/mil/mil/builder.py:181] Adding op '20_pad_type_39' of type const
[20200630 16:33:16 DEBUG /Volumes/data/work/1duo-coremltools/coremltools/converters/mil/mil/builder.py:93] Adding const op '20_pad_39'
[20200630 16:33:16 INFO /Volumes/data/work/1duo-coremltools/coremltools/converters/mil/mil/builder.py:181] Adding op '20_pad_39' of type const
[20200630 16:33:16 DEBUG /Volumes/data/work/1duo-coremltools/coremltools/converters/mil/mil/passes/common_pass.py:30] Program before common passes:
main(%input: (1, 3, 5, 5, fp32)) {
  block58() {
    %1: (1, 3, 1, 1, fp32)* = const(val=[[[[0.13828718662261963]], [[-0.2950200140476227]], [[-0.5597377419471741]]]], name="1")
    %2: (1,fp32)* = const(val=[0.24159443378448486], name="2")
    %21: (2,i32)* = const(val=[3, 3], name="21")
    %22: (2,i32)* = const(val=[3, 3], name="22")
    %23: (2,i32)* = const(val=[3, 3], name="23")
    %12: (bool)* = const(val=False, name="12")
    %24: (2,i32)* = const(val=[0, 0], name="24")
    %16: (i32)* = const(val=1, name="16")
    %17: (bool)* = const(val=False, name="17")
    %18: (bool)* = const(val=False, name="18")
    %19: (bool)* = const(val=True, name="19")
    %20_pad_type_39: (str)* = const(val="custom", name="20_pad_type_39")
    %20_pad_39: (4,i32)* = const(val=[3, 3, 3, 3], name="20_pad_39")
    %20: (1, 1, 4, 4, fp32) = conv(x=%input, weight=%1, bias=%2, strides=%21, pad_type=%20_pad_type_39, pad=%20_pad_39, dilations=%23, groups=%16, name="20")
  } -> (%20)
}

[20200630 16:33:16 INFO /Volumes/data/work/1duo-coremltools/coremltools/converters/mil/mil/passes/common_pass.py:34] Performing pass: "common::const_elimination"
[20200630 16:33:16 INFO /Volumes/data/work/1duo-coremltools/coremltools/converters/mil/mil/passes/common_pass.py:34] Performing pass: "common::divide_to_multiply"
[20200630 16:33:16 INFO /Volumes/data/work/1duo-coremltools/coremltools/converters/mil/mil/passes/common_pass.py:34] Performing pass: "common::fuse_matmul_weight_bias"
[20200630 16:33:16 INFO /Volumes/data/work/1duo-coremltools/coremltools/converters/mil/mil/passes/common_pass.py:34] Performing pass: "common::const_elimination"
[20200630 16:33:16 INFO /Volumes/data/work/1duo-coremltools/coremltools/converters/mil/mil/passes/common_pass.py:34] Performing pass: "common::loop_invariant_elimination"
[20200630 16:33:16 INFO /Volumes/data/work/1duo-coremltools/coremltools/converters/mil/mil/passes/common_pass.py:34] Performing pass: "common::remove_symbolic_reshape"
[20200630 16:33:16 INFO /Volumes/data/work/1duo-coremltools/coremltools/converters/mil/mil/passes/remove_symbolic_reshape.py:104] remove_symbolic_reshape: changed 0 reshapes.
[20200630 16:33:16 INFO /Volumes/data/work/1duo-coremltools/coremltools/converters/mil/mil/passes/common_pass.py:34] Performing pass: "common::fuse_gelu_tanh_approximation"
[20200630 16:33:16 INFO /Volumes/data/work/1duo-coremltools/coremltools/converters/mil/mil/passes/common_pass.py:34] Performing pass: "common::reduce_transposes"
[20200630 16:33:16 DEBUG /Volumes/data/work/1duo-coremltools/coremltools/converters/mil/mil/passes/reduce_transposes.py:989] Block before optimize transpose transform:
function(%input: (1, 3, 5, 5, fp32)) {
  block58() {
    %1: (1, 3, 1, 1, fp32)* = const(val=[[[[0.13828718662261963]], [[-0.2950200140476227]], [[-0.5597377419471741]]]], name="1")
    %2: (1,fp32)* = const(val=[0.24159443378448486], name="2")
    %21: (2,i32)* = const(val=[3, 3], name="21")
    %22: (2,i32)* = const(val=[3, 3], name="22")
    %23: (2,i32)* = const(val=[3, 3], name="23")
    %12: (bool)* = const(val=False, name="12")
    %24: (2,i32)* = const(val=[0, 0], name="24")
    %16: (i32)* = const(val=1, name="16")
    %17: (bool)* = const(val=False, name="17")
    %18: (bool)* = const(val=False, name="18")
    %19: (bool)* = const(val=True, name="19")
    %20_pad_type_39: (str)* = const(val="custom", name="20_pad_type_39")
    %20_pad_39: (4,i32)* = const(val=[3, 3, 3, 3], name="20_pad_39")
    %20: (1, 1, 4, 4, fp32) = conv(x=%input, weight=%1, bias=%2, strides=%21, pad_type=%20_pad_type_39, pad=%20_pad_39, dilations=%23, groups=%16, name="20")
  } -> (%20)
}

[20200630 16:33:16 DEBUG /Volumes/data/work/1duo-coremltools/coremltools/converters/mil/mil/passes/reduce_transposes.py:1024] Block after optimize transpose transform:
function(%input: (1, 3, 5, 5, fp32)) {
  block58() {
    %1: (1, 3, 1, 1, fp32)* = const(val=[[[[0.13828718662261963]], [[-0.2950200140476227]], [[-0.5597377419471741]]]], name="1")
    %2: (1,fp32)* = const(val=[0.24159443378448486], name="2")
    %21: (2,i32)* = const(val=[3, 3], name="21")
    %22: (2,i32)* = const(val=[3, 3], name="22")
    %23: (2,i32)* = const(val=[3, 3], name="23")
    %12: (bool)* = const(val=False, name="12")
    %24: (2,i32)* = const(val=[0, 0], name="24")
    %16: (i32)* = const(val=1, name="16")
    %17: (bool)* = const(val=False, name="17")
    %18: (bool)* = const(val=False, name="18")
    %19: (bool)* = const(val=True, name="19")
    %20_pad_type_39: (str)* = const(val="custom", name="20_pad_type_39")
    %20_pad_39: (4,i32)* = const(val=[3, 3, 3, 3], name="20_pad_39")
    %20: (1, 1, 4, 4, fp32) = conv(x=%input, weight=%1, bias=%2, strides=%21, pad_type=%20_pad_type_39, pad=%20_pad_39, dilations=%23, groups=%16, name="20")
  } -> (%20)
}

[20200630 16:33:16 INFO /Volumes/data/work/1duo-coremltools/coremltools/converters/mil/mil/passes/common_pass.py:34] Performing pass: "common::fuse_bias_conv"
[20200630 16:33:16 INFO /Volumes/data/work/1duo-coremltools/coremltools/converters/mil/mil/passes/common_pass.py:34] Performing pass: "common::fuse_elementwise_to_batchnorm"
[20200630 16:33:16 INFO /Volumes/data/work/1duo-coremltools/coremltools/converters/mil/mil/passes/common_pass.py:34] Performing pass: "common::fuse_onehot_matmul_to_gather"
[20200630 16:33:16 INFO /Volumes/data/work/1duo-coremltools/coremltools/converters/mil/mil/passes/common_pass.py:34] Performing pass: "common::fuse_layernorm_or_instancenorm"
[20200630 16:33:16 INFO /Volumes/data/work/1duo-coremltools/coremltools/converters/mil/mil/passes/common_pass.py:34] Performing pass: "common::dead_code_elimination"
[20200630 16:33:16 INFO /Volumes/data/work/1duo-coremltools/coremltools/converters/mil/mil/passes/dead_code_elimination.py:35] Removing op "19" (type: const)
[20200630 16:33:16 INFO /Volumes/data/work/1duo-coremltools/coremltools/converters/mil/mil/passes/dead_code_elimination.py:35] Removing op "18" (type: const)
[20200630 16:33:16 INFO /Volumes/data/work/1duo-coremltools/coremltools/converters/mil/mil/passes/dead_code_elimination.py:35] Removing op "17" (type: const)
[20200630 16:33:16 INFO /Volumes/data/work/1duo-coremltools/coremltools/converters/mil/mil/passes/dead_code_elimination.py:35] Removing op "24" (type: const)
[20200630 16:33:16 INFO /Volumes/data/work/1duo-coremltools/coremltools/converters/mil/mil/passes/dead_code_elimination.py:35] Removing op "12" (type: const)
[20200630 16:33:16 INFO /Volumes/data/work/1duo-coremltools/coremltools/converters/mil/mil/passes/dead_code_elimination.py:35] Removing op "22" (type: const)
[20200630 16:33:16 DEBUG /Volumes/data/work/1duo-coremltools/coremltools/converters/mil/mil/passes/common_pass.py:38] Program after common passes:
main(%input: (1, 3, 5, 5, fp32)) {
  block58() {
    %1: (1, 3, 1, 1, fp32)* = const(val=[[[[0.13828718662261963]], [[-0.2950200140476227]], [[-0.5597377419471741]]]], name="1")
    %2: (1,fp32)* = const(val=[0.24159443378448486], name="2")
    %21: (2,i32)* = const(val=[3, 3], name="21")
    %23: (2,i32)* = const(val=[3, 3], name="23")
    %16: (i32)* = const(val=1, name="16")
    %20_pad_type_39: (str)* = const(val="custom", name="20_pad_type_39")
    %20_pad_39: (4,i32)* = const(val=[3, 3, 3, 3], name="20_pad_39")
    %20: (1, 1, 4, 4, fp32) = conv(x=%input, weight=%1, bias=%2, strides=%21, pad_type=%20_pad_type_39, pad=%20_pad_39, dilations=%23, groups=%16, name="20")
  } -> (%20)
}

[20200630 16:33:16 INFO /Volumes/data/work/1duo-coremltools/coremltools/converters/mil/backend/nn/passes/nn_passes.py:22] Performing passes for nn_backend: "nn_backend::commingle_loop_vars"
[20200630 16:33:16 INFO /Volumes/data/work/1duo-coremltools/coremltools/converters/mil/backend/nn/passes/nn_passes.py:22] Performing passes for nn_backend: "nn_backend::handle_return_inputs_as_outputs"
[20200630 16:33:16 INFO /Volumes/data/work/1duo-coremltools/coremltools/converters/mil/backend/nn/passes/nn_passes.py:22] Performing passes for nn_backend: "common::const_elimination"
[20200630 16:33:16 INFO /Volumes/data/work/1duo-coremltools/coremltools/converters/mil/backend/nn/passes/nn_passes.py:22] Performing passes for nn_backend: "common::dead_code_elimination"
[20200630 16:33:16 INFO /Volumes/data/work/1duo-coremltools/coremltools/converters/mil/backend/nn/passes/nn_passes.py:22] Performing passes for nn_backend: "nn_backend::handle_unused_inputs"
[20200630 16:33:16 INFO /Volumes/data/work/1duo-coremltools/coremltools/converters/mil/backend/nn/passes/nn_passes.py:22] Performing passes for nn_backend: "nn_backend::alert_return_type_cast"
[20200630 16:33:16 DEBUG /Volumes/data/work/1duo-coremltools/coremltools/converters/mil/backend/nn/passes/nn_passes.py:26] Program after nn backend passes:
main(%input: (1, 3, 5, 5, fp32)) {
  block58() {
    %1: (1, 3, 1, 1, fp32)* = const(val=[[[[0.13828718662261963]], [[-0.2950200140476227]], [[-0.5597377419471741]]]], name="1")
    %2: (1,fp32)* = const(val=[0.24159443378448486], name="2")
    %21: (2,i32)* = const(val=[3, 3], name="21")
    %23: (2,i32)* = const(val=[3, 3], name="23")
    %16: (i32)* = const(val=1, name="16")
    %20_pad_type_39: (str)* = const(val="custom", name="20_pad_type_39")
    %20_pad_39: (4,i32)* = const(val=[3, 3, 3, 3], name="20_pad_39")
    %20: (1, 1, 4, 4, fp32) = conv(x=%input, weight=%1, bias=%2, strides=%21, pad_type=%20_pad_type_39, pad=%20_pad_39, dilations=%23, groups=%16, name="20")
  } -> (%20)
}

[20200630 16:33:17 INFO /Volumes/data/work/1duo-coremltools/coremltools/converters/mil/frontend/torch/converter.py:269] Converting graph.
[20200630 16:33:17 INFO /Volumes/data/work/1duo-coremltools/coremltools/converters/mil/mil/builder.py:181] Adding op '1' of type const
[20200630 16:33:17 INFO /Volumes/data/work/1duo-coremltools/coremltools/converters/mil/mil/builder.py:181] Adding op '2' of type const
[20200630 16:33:17 INFO /Volumes/data/work/1duo-coremltools/coremltools/converters/mil/frontend/torch/ops.py:49] Converting op 21 : constant
[20200630 16:33:17 INFO /Volumes/data/work/1duo-coremltools/coremltools/converters/mil/mil/builder.py:181] Adding op '21' of type const
[20200630 16:33:17 INFO /Volumes/data/work/1duo-coremltools/coremltools/converters/mil/frontend/torch/ops.py:49] Converting op 22 : constant
[20200630 16:33:17 INFO /Volumes/data/work/1duo-coremltools/coremltools/converters/mil/mil/builder.py:181] Adding op '22' of type const
[20200630 16:33:17 INFO /Volumes/data/work/1duo-coremltools/coremltools/converters/mil/frontend/torch/ops.py:49] Converting op 23 : constant
[20200630 16:33:17 INFO /Volumes/data/work/1duo-coremltools/coremltools/converters/mil/mil/builder.py:181] Adding op '23' of type const
[20200630 16:33:17 INFO /Volumes/data/work/1duo-coremltools/coremltools/converters/mil/frontend/torch/ops.py:49] Converting op 12 : constant
[20200630 16:33:17 INFO /Volumes/data/work/1duo-coremltools/coremltools/converters/mil/mil/builder.py:181] Adding op '12' of type const
[20200630 16:33:17 INFO /Volumes/data/work/1duo-coremltools/coremltools/converters/mil/frontend/torch/ops.py:49] Converting op 24 : constant
[20200630 16:33:17 INFO /Volumes/data/work/1duo-coremltools/coremltools/converters/mil/mil/builder.py:181] Adding op '24' of type const
[20200630 16:33:17 INFO /Volumes/data/work/1duo-coremltools/coremltools/converters/mil/frontend/torch/ops.py:49] Converting op 16 : constant
[20200630 16:33:17 INFO /Volumes/data/work/1duo-coremltools/coremltools/converters/mil/mil/builder.py:181] Adding op '16' of type const
[20200630 16:33:17 INFO /Volumes/data/work/1duo-coremltools/coremltools/converters/mil/frontend/torch/ops.py:49] Converting op 17 : constant
[20200630 16:33:17 INFO /Volumes/data/work/1duo-coremltools/coremltools/converters/mil/mil/builder.py:181] Adding op '17' of type const
[20200630 16:33:17 INFO /Volumes/data/work/1duo-coremltools/coremltools/converters/mil/frontend/torch/ops.py:49] Converting op 18 : constant
[20200630 16:33:17 INFO /Volumes/data/work/1duo-coremltools/coremltools/converters/mil/mil/builder.py:181] Adding op '18' of type const
[20200630 16:33:17 INFO /Volumes/data/work/1duo-coremltools/coremltools/converters/mil/frontend/torch/ops.py:49] Converting op 19 : constant
[20200630 16:33:17 INFO /Volumes/data/work/1duo-coremltools/coremltools/converters/mil/mil/builder.py:181] Adding op '19' of type const
[20200630 16:33:17 INFO /Volumes/data/work/1duo-coremltools/coremltools/converters/mil/frontend/torch/ops.py:49] Converting op 20 : _convolution
[20200630 16:33:17 INFO /Volumes/data/work/1duo-coremltools/coremltools/converters/mil/mil/builder.py:181] Adding op '20' of type conv
[20200630 16:33:17 DEBUG /Volumes/data/work/1duo-coremltools/coremltools/converters/mil/mil/builder.py:93] Adding const op '20_pad_type_40'
[20200630 16:33:17 INFO /Volumes/data/work/1duo-coremltools/coremltools/converters/mil/mil/builder.py:181] Adding op '20_pad_type_40' of type const
[20200630 16:33:17 DEBUG /Volumes/data/work/1duo-coremltools/coremltools/converters/mil/mil/builder.py:93] Adding const op '20_pad_40'
[20200630 16:33:17 INFO /Volumes/data/work/1duo-coremltools/coremltools/converters/mil/mil/builder.py:181] Adding op '20_pad_40' of type const
[20200630 16:33:17 DEBUG /Volumes/data/work/1duo-coremltools/coremltools/converters/mil/mil/passes/common_pass.py:30] Program before common passes:
main(%input: (1, 3, 5, 5, fp32)) {
  block59() {
    %1: (1, 3, 3, 3, fp32)* = const(val=(file_value), name="1")
    %2: (1,fp32)* = const(val=[-0.003555387258529663], name="2")
    %21: (2,i32)* = const(val=[1, 1], name="21")
    %22: (2,i32)* = const(val=[1, 1], name="22")
    %23: (2,i32)* = const(val=[1, 1], name="23")
    %12: (bool)* = const(val=False, name="12")
    %24: (2,i32)* = const(val=[0, 0], name="24")
    %16: (i32)* = const(val=1, name="16")
    %17: (bool)* = const(val=False, name="17")
    %18: (bool)* = const(val=False, name="18")
    %19: (bool)* = const(val=True, name="19")
    %20_pad_type_40: (str)* = const(val="custom", name="20_pad_type_40")
    %20_pad_40: (4,i32)* = const(val=[1, 1, 1, 1], name="20_pad_40")
    %20: (1, 1, 5, 5, fp32) = conv(x=%input, weight=%1, bias=%2, strides=%21, pad_type=%20_pad_type_40, pad=%20_pad_40, dilations=%23, groups=%16, name="20")
  } -> (%20)
}

[20200630 16:33:17 INFO /Volumes/data/work/1duo-coremltools/coremltools/converters/mil/mil/passes/common_pass.py:34] Performing pass: "common::const_elimination"
[20200630 16:33:17 INFO /Volumes/data/work/1duo-coremltools/coremltools/converters/mil/mil/passes/common_pass.py:34] Performing pass: "common::divide_to_multiply"
[20200630 16:33:17 INFO /Volumes/data/work/1duo-coremltools/coremltools/converters/mil/mil/passes/common_pass.py:34] Performing pass: "common::fuse_matmul_weight_bias"
[20200630 16:33:17 INFO /Volumes/data/work/1duo-coremltools/coremltools/converters/mil/mil/passes/common_pass.py:34] Performing pass: "common::const_elimination"
[20200630 16:33:17 INFO /Volumes/data/work/1duo-coremltools/coremltools/converters/mil/mil/passes/common_pass.py:34] Performing pass: "common::loop_invariant_elimination"
[20200630 16:33:17 INFO /Volumes/data/work/1duo-coremltools/coremltools/converters/mil/mil/passes/common_pass.py:34] Performing pass: "common::remove_symbolic_reshape"
[20200630 16:33:17 INFO /Volumes/data/work/1duo-coremltools/coremltools/converters/mil/mil/passes/remove_symbolic_reshape.py:104] remove_symbolic_reshape: changed 0 reshapes.
[20200630 16:33:17 INFO /Volumes/data/work/1duo-coremltools/coremltools/converters/mil/mil/passes/common_pass.py:34] Performing pass: "common::fuse_gelu_tanh_approximation"
[20200630 16:33:17 INFO /Volumes/data/work/1duo-coremltools/coremltools/converters/mil/mil/passes/common_pass.py:34] Performing pass: "common::reduce_transposes"
[20200630 16:33:17 DEBUG /Volumes/data/work/1duo-coremltools/coremltools/converters/mil/mil/passes/reduce_transposes.py:989] Block before optimize transpose transform:
function(%input: (1, 3, 5, 5, fp32)) {
  block59() {
    %1: (1, 3, 3, 3, fp32)* = const(val=(file_value), name="1")
    %2: (1,fp32)* = const(val=[-0.003555387258529663], name="2")
    %21: (2,i32)* = const(val=[1, 1], name="21")
    %22: (2,i32)* = const(val=[1, 1], name="22")
    %23: (2,i32)* = const(val=[1, 1], name="23")
    %12: (bool)* = const(val=False, name="12")
    %24: (2,i32)* = const(val=[0, 0], name="24")
    %16: (i32)* = const(val=1, name="16")
    %17: (bool)* = const(val=False, name="17")
    %18: (bool)* = const(val=False, name="18")
    %19: (bool)* = const(val=True, name="19")
    %20_pad_type_40: (str)* = const(val="custom", name="20_pad_type_40")
    %20_pad_40: (4,i32)* = const(val=[1, 1, 1, 1], name="20_pad_40")
    %20: (1, 1, 5, 5, fp32) = conv(x=%input, weight=%1, bias=%2, strides=%21, pad_type=%20_pad_type_40, pad=%20_pad_40, dilations=%23, groups=%16, name="20")
  } -> (%20)
}

[20200630 16:33:17 DEBUG /Volumes/data/work/1duo-coremltools/coremltools/converters/mil/mil/passes/reduce_transposes.py:1024] Block after optimize transpose transform:
function(%input: (1, 3, 5, 5, fp32)) {
  block59() {
    %1: (1, 3, 3, 3, fp32)* = const(val=(file_value), name="1")
    %2: (1,fp32)* = const(val=[-0.003555387258529663], name="2")
    %21: (2,i32)* = const(val=[1, 1], name="21")
    %22: (2,i32)* = const(val=[1, 1], name="22")
    %23: (2,i32)* = const(val=[1, 1], name="23")
    %12: (bool)* = const(val=False, name="12")
    %24: (2,i32)* = const(val=[0, 0], name="24")
    %16: (i32)* = const(val=1, name="16")
    %17: (bool)* = const(val=False, name="17")
    %18: (bool)* = const(val=False, name="18")
    %19: (bool)* = const(val=True, name="19")
    %20_pad_type_40: (str)* = const(val="custom", name="20_pad_type_40")
    %20_pad_40: (4,i32)* = const(val=[1, 1, 1, 1], name="20_pad_40")
    %20: (1, 1, 5, 5, fp32) = conv(x=%input, weight=%1, bias=%2, strides=%21, pad_type=%20_pad_type_40, pad=%20_pad_40, dilations=%23, groups=%16, name="20")
  } -> (%20)
}

[20200630 16:33:17 INFO /Volumes/data/work/1duo-coremltools/coremltools/converters/mil/mil/passes/common_pass.py:34] Performing pass: "common::fuse_bias_conv"
[20200630 16:33:17 INFO /Volumes/data/work/1duo-coremltools/coremltools/converters/mil/mil/passes/common_pass.py:34] Performing pass: "common::fuse_elementwise_to_batchnorm"
[20200630 16:33:17 INFO /Volumes/data/work/1duo-coremltools/coremltools/converters/mil/mil/passes/common_pass.py:34] Performing pass: "common::fuse_onehot_matmul_to_gather"
[20200630 16:33:17 INFO /Volumes/data/work/1duo-coremltools/coremltools/converters/mil/mil/passes/common_pass.py:34] Performing pass: "common::fuse_layernorm_or_instancenorm"
[20200630 16:33:17 INFO /Volumes/data/work/1duo-coremltools/coremltools/converters/mil/mil/passes/common_pass.py:34] Performing pass: "common::dead_code_elimination"
[20200630 16:33:17 INFO /Volumes/data/work/1duo-coremltools/coremltools/converters/mil/mil/passes/dead_code_elimination.py:35] Removing op "19" (type: const)
[20200630 16:33:17 INFO /Volumes/data/work/1duo-coremltools/coremltools/converters/mil/mil/passes/dead_code_elimination.py:35] Removing op "18" (type: const)
[20200630 16:33:17 INFO /Volumes/data/work/1duo-coremltools/coremltools/converters/mil/mil/passes/dead_code_elimination.py:35] Removing op "17" (type: const)
[20200630 16:33:17 INFO /Volumes/data/work/1duo-coremltools/coremltools/converters/mil/mil/passes/dead_code_elimination.py:35] Removing op "24" (type: const)
[20200630 16:33:17 INFO /Volumes/data/work/1duo-coremltools/coremltools/converters/mil/mil/passes/dead_code_elimination.py:35] Removing op "12" (type: const)
[20200630 16:33:17 INFO /Volumes/data/work/1duo-coremltools/coremltools/converters/mil/mil/passes/dead_code_elimination.py:35] Removing op "22" (type: const)
[20200630 16:33:17 DEBUG /Volumes/data/work/1duo-coremltools/coremltools/converters/mil/mil/passes/common_pass.py:38] Program after common passes:
main(%input: (1, 3, 5, 5, fp32)) {
  block59() {
    %1: (1, 3, 3, 3, fp32)* = const(val=(file_value), name="1")
    %2: (1,fp32)* = const(val=[-0.003555387258529663], name="2")
    %21: (2,i32)* = const(val=[1, 1], name="21")
    %23: (2,i32)* = const(val=[1, 1], name="23")
    %16: (i32)* = const(val=1, name="16")
    %20_pad_type_40: (str)* = const(val="custom", name="20_pad_type_40")
    %20_pad_40: (4,i32)* = const(val=[1, 1, 1, 1], name="20_pad_40")
    %20: (1, 1, 5, 5, fp32) = conv(x=%input, weight=%1, bias=%2, strides=%21, pad_type=%20_pad_type_40, pad=%20_pad_40, dilations=%23, groups=%16, name="20")
  } -> (%20)
}

[20200630 16:33:17 INFO /Volumes/data/work/1duo-coremltools/coremltools/converters/mil/backend/nn/passes/nn_passes.py:22] Performing passes for nn_backend: "nn_backend::commingle_loop_vars"
[20200630 16:33:17 INFO /Volumes/data/work/1duo-coremltools/coremltools/converters/mil/backend/nn/passes/nn_passes.py:22] Performing passes for nn_backend: "nn_backend::handle_return_inputs_as_outputs"
[20200630 16:33:17 INFO /Volumes/data/work/1duo-coremltools/coremltools/converters/mil/backend/nn/passes/nn_passes.py:22] Performing passes for nn_backend: "common::const_elimination"
[20200630 16:33:17 INFO /Volumes/data/work/1duo-coremltools/coremltools/converters/mil/backend/nn/passes/nn_passes.py:22] Performing passes for nn_backend: "common::dead_code_elimination"
[20200630 16:33:17 INFO /Volumes/data/work/1duo-coremltools/coremltools/converters/mil/backend/nn/passes/nn_passes.py:22] Performing passes for nn_backend: "nn_backend::handle_unused_inputs"
[20200630 16:33:17 INFO /Volumes/data/work/1duo-coremltools/coremltools/converters/mil/backend/nn/passes/nn_passes.py:22] Performing passes for nn_backend: "nn_backend::alert_return_type_cast"
[20200630 16:33:17 DEBUG /Volumes/data/work/1duo-coremltools/coremltools/converters/mil/backend/nn/passes/nn_passes.py:26] Program after nn backend passes:
main(%input: (1, 3, 5, 5, fp32)) {
  block59() {
    %1: (1, 3, 3, 3, fp32)* = const(val=(file_value), name="1")
    %2: (1,fp32)* = const(val=[-0.003555387258529663], name="2")
    %21: (2,i32)* = const(val=[1, 1], name="21")
    %23: (2,i32)* = const(val=[1, 1], name="23")
    %16: (i32)* = const(val=1, name="16")
    %20_pad_type_40: (str)* = const(val="custom", name="20_pad_type_40")
    %20_pad_40: (4,i32)* = const(val=[1, 1, 1, 1], name="20_pad_40")
    %20: (1, 1, 5, 5, fp32) = conv(x=%input, weight=%1, bias=%2, strides=%21, pad_type=%20_pad_type_40, pad=%20_pad_40, dilations=%23, groups=%16, name="20")
  } -> (%20)
}

[20200630 16:33:17 INFO /Volumes/data/work/1duo-coremltools/coremltools/converters/mil/frontend/torch/converter.py:269] Converting graph.
[20200630 16:33:17 INFO /Volumes/data/work/1duo-coremltools/coremltools/converters/mil/mil/builder.py:181] Adding op '1' of type const
[20200630 16:33:17 INFO /Volumes/data/work/1duo-coremltools/coremltools/converters/mil/mil/builder.py:181] Adding op '2' of type const
[20200630 16:33:17 INFO /Volumes/data/work/1duo-coremltools/coremltools/converters/mil/frontend/torch/ops.py:49] Converting op 21 : constant
[20200630 16:33:17 INFO /Volumes/data/work/1duo-coremltools/coremltools/converters/mil/mil/builder.py:181] Adding op '21' of type const
[20200630 16:33:17 INFO /Volumes/data/work/1duo-coremltools/coremltools/converters/mil/frontend/torch/ops.py:49] Converting op 22 : constant
[20200630 16:33:17 INFO /Volumes/data/work/1duo-coremltools/coremltools/converters/mil/mil/builder.py:181] Adding op '22' of type const
[20200630 16:33:17 INFO /Volumes/data/work/1duo-coremltools/coremltools/converters/mil/frontend/torch/ops.py:49] Converting op 23 : constant
[20200630 16:33:17 INFO /Volumes/data/work/1duo-coremltools/coremltools/converters/mil/mil/builder.py:181] Adding op '23' of type const
[20200630 16:33:17 INFO /Volumes/data/work/1duo-coremltools/coremltools/converters/mil/frontend/torch/ops.py:49] Converting op 12 : constant
[20200630 16:33:17 INFO /Volumes/data/work/1duo-coremltools/coremltools/converters/mil/mil/builder.py:181] Adding op '12' of type const
[20200630 16:33:17 INFO /Volumes/data/work/1duo-coremltools/coremltools/converters/mil/frontend/torch/ops.py:49] Converting op 24 : constant
[20200630 16:33:17 INFO /Volumes/data/work/1duo-coremltools/coremltools/converters/mil/mil/builder.py:181] Adding op '24' of type const
[20200630 16:33:17 INFO /Volumes/data/work/1duo-coremltools/coremltools/converters/mil/frontend/torch/ops.py:49] Converting op 16 : constant
[20200630 16:33:17 INFO /Volumes/data/work/1duo-coremltools/coremltools/converters/mil/mil/builder.py:181] Adding op '16' of type const
[20200630 16:33:17 INFO /Volumes/data/work/1duo-coremltools/coremltools/converters/mil/frontend/torch/ops.py:49] Converting op 17 : constant
[20200630 16:33:17 INFO /Volumes/data/work/1duo-coremltools/coremltools/converters/mil/mil/builder.py:181] Adding op '17' of type const
[20200630 16:33:17 INFO /Volumes/data/work/1duo-coremltools/coremltools/converters/mil/frontend/torch/ops.py:49] Converting op 18 : constant
[20200630 16:33:17 INFO /Volumes/data/work/1duo-coremltools/coremltools/converters/mil/mil/builder.py:181] Adding op '18' of type const
[20200630 16:33:17 INFO /Volumes/data/work/1duo-coremltools/coremltools/converters/mil/frontend/torch/ops.py:49] Converting op 19 : constant
[20200630 16:33:17 INFO /Volumes/data/work/1duo-coremltools/coremltools/converters/mil/mil/builder.py:181] Adding op '19' of type const
[20200630 16:33:17 INFO /Volumes/data/work/1duo-coremltools/coremltools/converters/mil/frontend/torch/ops.py:49] Converting op 20 : _convolution
[20200630 16:33:17 INFO /Volumes/data/work/1duo-coremltools/coremltools/converters/mil/mil/builder.py:181] Adding op '20' of type conv
[20200630 16:33:17 DEBUG /Volumes/data/work/1duo-coremltools/coremltools/converters/mil/mil/builder.py:93] Adding const op '20_pad_type_41'
[20200630 16:33:17 INFO /Volumes/data/work/1duo-coremltools/coremltools/converters/mil/mil/builder.py:181] Adding op '20_pad_type_41' of type const
[20200630 16:33:17 DEBUG /Volumes/data/work/1duo-coremltools/coremltools/converters/mil/mil/builder.py:93] Adding const op '20_pad_41'
[20200630 16:33:17 INFO /Volumes/data/work/1duo-coremltools/coremltools/converters/mil/mil/builder.py:181] Adding op '20_pad_41' of type const
[20200630 16:33:17 DEBUG /Volumes/data/work/1duo-coremltools/coremltools/converters/mil/mil/passes/common_pass.py:30] Program before common passes:
main(%input: (1, 3, 5, 5, fp32)) {
  block60() {
    %1: (1, 3, 3, 3, fp32)* = const(val=(file_value), name="1")
    %2: (1,fp32)* = const(val=[0.09717707335948944], name="2")
    %21: (2,i32)* = const(val=[1, 1], name="21")
    %22: (2,i32)* = const(val=[1, 1], name="22")
    %23: (2,i32)* = const(val=[3, 3], name="23")
    %12: (bool)* = const(val=False, name="12")
    %24: (2,i32)* = const(val=[0, 0], name="24")
    %16: (i32)* = const(val=1, name="16")
    %17: (bool)* = const(val=False, name="17")
    %18: (bool)* = const(val=False, name="18")
    %19: (bool)* = const(val=True, name="19")
    %20_pad_type_41: (str)* = const(val="custom", name="20_pad_type_41")
    %20_pad_41: (4,i32)* = const(val=[1, 1, 1, 1], name="20_pad_41")
    %20: (1, 1, 1, 1, fp32) = conv(x=%input, weight=%1, bias=%2, strides=%21, pad_type=%20_pad_type_41, pad=%20_pad_41, dilations=%23, groups=%16, name="20")
  } -> (%20)
}

[20200630 16:33:17 INFO /Volumes/data/work/1duo-coremltools/coremltools/converters/mil/mil/passes/common_pass.py:34] Performing pass: "common::const_elimination"
[20200630 16:33:17 INFO /Volumes/data/work/1duo-coremltools/coremltools/converters/mil/mil/passes/common_pass.py:34] Performing pass: "common::divide_to_multiply"
[20200630 16:33:17 INFO /Volumes/data/work/1duo-coremltools/coremltools/converters/mil/mil/passes/common_pass.py:34] Performing pass: "common::fuse_matmul_weight_bias"
[20200630 16:33:17 INFO /Volumes/data/work/1duo-coremltools/coremltools/converters/mil/mil/passes/common_pass.py:34] Performing pass: "common::const_elimination"
[20200630 16:33:17 INFO /Volumes/data/work/1duo-coremltools/coremltools/converters/mil/mil/passes/common_pass.py:34] Performing pass: "common::loop_invariant_elimination"
[20200630 16:33:17 INFO /Volumes/data/work/1duo-coremltools/coremltools/converters/mil/mil/passes/common_pass.py:34] Performing pass: "common::remove_symbolic_reshape"
[20200630 16:33:17 INFO /Volumes/data/work/1duo-coremltools/coremltools/converters/mil/mil/passes/remove_symbolic_reshape.py:104] remove_symbolic_reshape: changed 0 reshapes.
[20200630 16:33:17 INFO /Volumes/data/work/1duo-coremltools/coremltools/converters/mil/mil/passes/common_pass.py:34] Performing pass: "common::fuse_gelu_tanh_approximation"
[20200630 16:33:17 INFO /Volumes/data/work/1duo-coremltools/coremltools/converters/mil/mil/passes/common_pass.py:34] Performing pass: "common::reduce_transposes"
[20200630 16:33:17 DEBUG /Volumes/data/work/1duo-coremltools/coremltools/converters/mil/mil/passes/reduce_transposes.py:989] Block before optimize transpose transform:
function(%input: (1, 3, 5, 5, fp32)) {
  block60() {
    %1: (1, 3, 3, 3, fp32)* = const(val=(file_value), name="1")
    %2: (1,fp32)* = const(val=[0.09717707335948944], name="2")
    %21: (2,i32)* = const(val=[1, 1], name="21")
    %22: (2,i32)* = const(val=[1, 1], name="22")
    %23: (2,i32)* = const(val=[3, 3], name="23")
    %12: (bool)* = const(val=False, name="12")
    %24: (2,i32)* = const(val=[0, 0], name="24")
    %16: (i32)* = const(val=1, name="16")
    %17: (bool)* = const(val=False, name="17")
    %18: (bool)* = const(val=False, name="18")
    %19: (bool)* = const(val=True, name="19")
    %20_pad_type_41: (str)* = const(val="custom", name="20_pad_type_41")
    %20_pad_41: (4,i32)* = const(val=[1, 1, 1, 1], name="20_pad_41")
    %20: (1, 1, 1, 1, fp32) = conv(x=%input, weight=%1, bias=%2, strides=%21, pad_type=%20_pad_type_41, pad=%20_pad_41, dilations=%23, groups=%16, name="20")
  } -> (%20)
}

[20200630 16:33:17 DEBUG /Volumes/data/work/1duo-coremltools/coremltools/converters/mil/mil/passes/reduce_transposes.py:1024] Block after optimize transpose transform:
function(%input: (1, 3, 5, 5, fp32)) {
  block60() {
    %1: (1, 3, 3, 3, fp32)* = const(val=(file_value), name="1")
    %2: (1,fp32)* = const(val=[0.09717707335948944], name="2")
    %21: (2,i32)* = const(val=[1, 1], name="21")
    %22: (2,i32)* = const(val=[1, 1], name="22")
    %23: (2,i32)* = const(val=[3, 3], name="23")
    %12: (bool)* = const(val=False, name="12")
    %24: (2,i32)* = const(val=[0, 0], name="24")
    %16: (i32)* = const(val=1, name="16")
    %17: (bool)* = const(val=False, name="17")
    %18: (bool)* = const(val=False, name="18")
    %19: (bool)* = const(val=True, name="19")
    %20_pad_type_41: (str)* = const(val="custom", name="20_pad_type_41")
    %20_pad_41: (4,i32)* = const(val=[1, 1, 1, 1], name="20_pad_41")
    %20: (1, 1, 1, 1, fp32) = conv(x=%input, weight=%1, bias=%2, strides=%21, pad_type=%20_pad_type_41, pad=%20_pad_41, dilations=%23, groups=%16, name="20")
  } -> (%20)
}

[20200630 16:33:17 INFO /Volumes/data/work/1duo-coremltools/coremltools/converters/mil/mil/passes/common_pass.py:34] Performing pass: "common::fuse_bias_conv"
[20200630 16:33:17 INFO /Volumes/data/work/1duo-coremltools/coremltools/converters/mil/mil/passes/common_pass.py:34] Performing pass: "common::fuse_elementwise_to_batchnorm"
[20200630 16:33:17 INFO /Volumes/data/work/1duo-coremltools/coremltools/converters/mil/mil/passes/common_pass.py:34] Performing pass: "common::fuse_onehot_matmul_to_gather"
[20200630 16:33:17 INFO /Volumes/data/work/1duo-coremltools/coremltools/converters/mil/mil/passes/common_pass.py:34] Performing pass: "common::fuse_layernorm_or_instancenorm"
[20200630 16:33:17 INFO /Volumes/data/work/1duo-coremltools/coremltools/converters/mil/mil/passes/common_pass.py:34] Performing pass: "common::dead_code_elimination"
[20200630 16:33:17 INFO /Volumes/data/work/1duo-coremltools/coremltools/converters/mil/mil/passes/dead_code_elimination.py:35] Removing op "19" (type: const)
[20200630 16:33:17 INFO /Volumes/data/work/1duo-coremltools/coremltools/converters/mil/mil/passes/dead_code_elimination.py:35] Removing op "18" (type: const)
[20200630 16:33:17 INFO /Volumes/data/work/1duo-coremltools/coremltools/converters/mil/mil/passes/dead_code_elimination.py:35] Removing op "17" (type: const)
[20200630 16:33:17 INFO /Volumes/data/work/1duo-coremltools/coremltools/converters/mil/mil/passes/dead_code_elimination.py:35] Removing op "24" (type: const)
[20200630 16:33:17 INFO /Volumes/data/work/1duo-coremltools/coremltools/converters/mil/mil/passes/dead_code_elimination.py:35] Removing op "12" (type: const)
[20200630 16:33:17 INFO /Volumes/data/work/1duo-coremltools/coremltools/converters/mil/mil/passes/dead_code_elimination.py:35] Removing op "22" (type: const)
[20200630 16:33:17 DEBUG /Volumes/data/work/1duo-coremltools/coremltools/converters/mil/mil/passes/common_pass.py:38] Program after common passes:
main(%input: (1, 3, 5, 5, fp32)) {
  block60() {
    %1: (1, 3, 3, 3, fp32)* = const(val=(file_value), name="1")
    %2: (1,fp32)* = const(val=[0.09717707335948944], name="2")
    %21: (2,i32)* = const(val=[1, 1], name="21")
    %23: (2,i32)* = const(val=[3, 3], name="23")
    %16: (i32)* = const(val=1, name="16")
    %20_pad_type_41: (str)* = const(val="custom", name="20_pad_type_41")
    %20_pad_41: (4,i32)* = const(val=[1, 1, 1, 1], name="20_pad_41")
    %20: (1, 1, 1, 1, fp32) = conv(x=%input, weight=%1, bias=%2, strides=%21, pad_type=%20_pad_type_41, pad=%20_pad_41, dilations=%23, groups=%16, name="20")
  } -> (%20)
}

[20200630 16:33:17 INFO /Volumes/data/work/1duo-coremltools/coremltools/converters/mil/backend/nn/passes/nn_passes.py:22] Performing passes for nn_backend: "nn_backend::commingle_loop_vars"
[20200630 16:33:17 INFO /Volumes/data/work/1duo-coremltools/coremltools/converters/mil/backend/nn/passes/nn_passes.py:22] Performing passes for nn_backend: "nn_backend::handle_return_inputs_as_outputs"
[20200630 16:33:17 INFO /Volumes/data/work/1duo-coremltools/coremltools/converters/mil/backend/nn/passes/nn_passes.py:22] Performing passes for nn_backend: "common::const_elimination"
[20200630 16:33:17 INFO /Volumes/data/work/1duo-coremltools/coremltools/converters/mil/backend/nn/passes/nn_passes.py:22] Performing passes for nn_backend: "common::dead_code_elimination"
[20200630 16:33:17 INFO /Volumes/data/work/1duo-coremltools/coremltools/converters/mil/backend/nn/passes/nn_passes.py:22] Performing passes for nn_backend: "nn_backend::handle_unused_inputs"
[20200630 16:33:17 INFO /Volumes/data/work/1duo-coremltools/coremltools/converters/mil/backend/nn/passes/nn_passes.py:22] Performing passes for nn_backend: "nn_backend::alert_return_type_cast"
[20200630 16:33:17 DEBUG /Volumes/data/work/1duo-coremltools/coremltools/converters/mil/backend/nn/passes/nn_passes.py:26] Program after nn backend passes:
main(%input: (1, 3, 5, 5, fp32)) {
  block60() {
    %1: (1, 3, 3, 3, fp32)* = const(val=(file_value), name="1")
    %2: (1,fp32)* = const(val=[0.09717707335948944], name="2")
    %21: (2,i32)* = const(val=[1, 1], name="21")
    %23: (2,i32)* = const(val=[3, 3], name="23")
    %16: (i32)* = const(val=1, name="16")
    %20_pad_type_41: (str)* = const(val="custom", name="20_pad_type_41")
    %20_pad_41: (4,i32)* = const(val=[1, 1, 1, 1], name="20_pad_41")
    %20: (1, 1, 1, 1, fp32) = conv(x=%input, weight=%1, bias=%2, strides=%21, pad_type=%20_pad_type_41, pad=%20_pad_41, dilations=%23, groups=%16, name="20")
  } -> (%20)
}

[20200630 16:33:17 INFO /Volumes/data/work/1duo-coremltools/coremltools/converters/mil/frontend/torch/converter.py:269] Converting graph.
[20200630 16:33:17 INFO /Volumes/data/work/1duo-coremltools/coremltools/converters/mil/mil/builder.py:181] Adding op '1' of type const
[20200630 16:33:17 INFO /Volumes/data/work/1duo-coremltools/coremltools/converters/mil/mil/builder.py:181] Adding op '2' of type const
[20200630 16:33:17 INFO /Volumes/data/work/1duo-coremltools/coremltools/converters/mil/frontend/torch/ops.py:49] Converting op 21 : constant
[20200630 16:33:17 INFO /Volumes/data/work/1duo-coremltools/coremltools/converters/mil/mil/builder.py:181] Adding op '21' of type const
[20200630 16:33:17 INFO /Volumes/data/work/1duo-coremltools/coremltools/converters/mil/frontend/torch/ops.py:49] Converting op 22 : constant
[20200630 16:33:17 INFO /Volumes/data/work/1duo-coremltools/coremltools/converters/mil/mil/builder.py:181] Adding op '22' of type const
[20200630 16:33:17 INFO /Volumes/data/work/1duo-coremltools/coremltools/converters/mil/frontend/torch/ops.py:49] Converting op 23 : constant
[20200630 16:33:17 INFO /Volumes/data/work/1duo-coremltools/coremltools/converters/mil/mil/builder.py:181] Adding op '23' of type const
[20200630 16:33:17 INFO /Volumes/data/work/1duo-coremltools/coremltools/converters/mil/frontend/torch/ops.py:49] Converting op 12 : constant
[20200630 16:33:17 INFO /Volumes/data/work/1duo-coremltools/coremltools/converters/mil/mil/builder.py:181] Adding op '12' of type const
[20200630 16:33:17 INFO /Volumes/data/work/1duo-coremltools/coremltools/converters/mil/frontend/torch/ops.py:49] Converting op 24 : constant
[20200630 16:33:17 INFO /Volumes/data/work/1duo-coremltools/coremltools/converters/mil/mil/builder.py:181] Adding op '24' of type const
[20200630 16:33:17 INFO /Volumes/data/work/1duo-coremltools/coremltools/converters/mil/frontend/torch/ops.py:49] Converting op 16 : constant
[20200630 16:33:17 INFO /Volumes/data/work/1duo-coremltools/coremltools/converters/mil/mil/builder.py:181] Adding op '16' of type const
[20200630 16:33:17 INFO /Volumes/data/work/1duo-coremltools/coremltools/converters/mil/frontend/torch/ops.py:49] Converting op 17 : constant
[20200630 16:33:17 INFO /Volumes/data/work/1duo-coremltools/coremltools/converters/mil/mil/builder.py:181] Adding op '17' of type const
[20200630 16:33:17 INFO /Volumes/data/work/1duo-coremltools/coremltools/converters/mil/frontend/torch/ops.py:49] Converting op 18 : constant
[20200630 16:33:17 INFO /Volumes/data/work/1duo-coremltools/coremltools/converters/mil/mil/builder.py:181] Adding op '18' of type const
[20200630 16:33:17 INFO /Volumes/data/work/1duo-coremltools/coremltools/converters/mil/frontend/torch/ops.py:49] Converting op 19 : constant
[20200630 16:33:17 INFO /Volumes/data/work/1duo-coremltools/coremltools/converters/mil/mil/builder.py:181] Adding op '19' of type const
[20200630 16:33:17 INFO /Volumes/data/work/1duo-coremltools/coremltools/converters/mil/frontend/torch/ops.py:49] Converting op 20 : _convolution
[20200630 16:33:17 INFO /Volumes/data/work/1duo-coremltools/coremltools/converters/mil/mil/builder.py:181] Adding op '20' of type conv
[20200630 16:33:17 DEBUG /Volumes/data/work/1duo-coremltools/coremltools/converters/mil/mil/builder.py:93] Adding const op '20_pad_type_42'
[20200630 16:33:17 INFO /Volumes/data/work/1duo-coremltools/coremltools/converters/mil/mil/builder.py:181] Adding op '20_pad_type_42' of type const
[20200630 16:33:17 DEBUG /Volumes/data/work/1duo-coremltools/coremltools/converters/mil/mil/builder.py:93] Adding const op '20_pad_42'
[20200630 16:33:17 INFO /Volumes/data/work/1duo-coremltools/coremltools/converters/mil/mil/builder.py:181] Adding op '20_pad_42' of type const
[20200630 16:33:17 DEBUG /Volumes/data/work/1duo-coremltools/coremltools/converters/mil/mil/passes/common_pass.py:30] Program before common passes:
main(%input: (1, 3, 5, 5, fp32)) {
  block61() {
    %1: (1, 3, 3, 3, fp32)* = const(val=(file_value), name="1")
    %2: (1,fp32)* = const(val=[0.009265914559364319], name="2")
    %21: (2,i32)* = const(val=[1, 1], name="21")
    %22: (2,i32)* = const(val=[3, 3], name="22")
    %23: (2,i32)* = const(val=[1, 1], name="23")
    %12: (bool)* = const(val=False, name="12")
    %24: (2,i32)* = const(val=[0, 0], name="24")
    %16: (i32)* = const(val=1, name="16")
    %17: (bool)* = const(val=False, name="17")
    %18: (bool)* = const(val=False, name="18")
    %19: (bool)* = const(val=True, name="19")
    %20_pad_type_42: (str)* = const(val="custom", name="20_pad_type_42")
    %20_pad_42: (4,i32)* = const(val=[3, 3, 3, 3], name="20_pad_42")
    %20: (1, 1, 9, 9, fp32) = conv(x=%input, weight=%1, bias=%2, strides=%21, pad_type=%20_pad_type_42, pad=%20_pad_42, dilations=%23, groups=%16, name="20")
  } -> (%20)
}

[20200630 16:33:17 INFO /Volumes/data/work/1duo-coremltools/coremltools/converters/mil/mil/passes/common_pass.py:34] Performing pass: "common::const_elimination"
[20200630 16:33:17 INFO /Volumes/data/work/1duo-coremltools/coremltools/converters/mil/mil/passes/common_pass.py:34] Performing pass: "common::divide_to_multiply"
[20200630 16:33:17 INFO /Volumes/data/work/1duo-coremltools/coremltools/converters/mil/mil/passes/common_pass.py:34] Performing pass: "common::fuse_matmul_weight_bias"
[20200630 16:33:17 INFO /Volumes/data/work/1duo-coremltools/coremltools/converters/mil/mil/passes/common_pass.py:34] Performing pass: "common::const_elimination"
[20200630 16:33:17 INFO /Volumes/data/work/1duo-coremltools/coremltools/converters/mil/mil/passes/common_pass.py:34] Performing pass: "common::loop_invariant_elimination"
[20200630 16:33:17 INFO /Volumes/data/work/1duo-coremltools/coremltools/converters/mil/mil/passes/common_pass.py:34] Performing pass: "common::remove_symbolic_reshape"
[20200630 16:33:17 INFO /Volumes/data/work/1duo-coremltools/coremltools/converters/mil/mil/passes/remove_symbolic_reshape.py:104] remove_symbolic_reshape: changed 0 reshapes.
[20200630 16:33:17 INFO /Volumes/data/work/1duo-coremltools/coremltools/converters/mil/mil/passes/common_pass.py:34] Performing pass: "common::fuse_gelu_tanh_approximation"
[20200630 16:33:17 INFO /Volumes/data/work/1duo-coremltools/coremltools/converters/mil/mil/passes/common_pass.py:34] Performing pass: "common::reduce_transposes"
[20200630 16:33:17 DEBUG /Volumes/data/work/1duo-coremltools/coremltools/converters/mil/mil/passes/reduce_transposes.py:989] Block before optimize transpose transform:
function(%input: (1, 3, 5, 5, fp32)) {
  block61() {
    %1: (1, 3, 3, 3, fp32)* = const(val=(file_value), name="1")
    %2: (1,fp32)* = const(val=[0.009265914559364319], name="2")
    %21: (2,i32)* = const(val=[1, 1], name="21")
    %22: (2,i32)* = const(val=[3, 3], name="22")
    %23: (2,i32)* = const(val=[1, 1], name="23")
    %12: (bool)* = const(val=False, name="12")
    %24: (2,i32)* = const(val=[0, 0], name="24")
    %16: (i32)* = const(val=1, name="16")
    %17: (bool)* = const(val=False, name="17")
    %18: (bool)* = const(val=False, name="18")
    %19: (bool)* = const(val=True, name="19")
    %20_pad_type_42: (str)* = const(val="custom", name="20_pad_type_42")
    %20_pad_42: (4,i32)* = const(val=[3, 3, 3, 3], name="20_pad_42")
    %20: (1, 1, 9, 9, fp32) = conv(x=%input, weight=%1, bias=%2, strides=%21, pad_type=%20_pad_type_42, pad=%20_pad_42, dilations=%23, groups=%16, name="20")
  } -> (%20)
}

[20200630 16:33:17 DEBUG /Volumes/data/work/1duo-coremltools/coremltools/converters/mil/mil/passes/reduce_transposes.py:1024] Block after optimize transpose transform:
function(%input: (1, 3, 5, 5, fp32)) {
  block61() {
    %1: (1, 3, 3, 3, fp32)* = const(val=(file_value), name="1")
    %2: (1,fp32)* = const(val=[0.009265914559364319], name="2")
    %21: (2,i32)* = const(val=[1, 1], name="21")
    %22: (2,i32)* = const(val=[3, 3], name="22")
    %23: (2,i32)* = const(val=[1, 1], name="23")
    %12: (bool)* = const(val=False, name="12")
    %24: (2,i32)* = const(val=[0, 0], name="24")
    %16: (i32)* = const(val=1, name="16")
    %17: (bool)* = const(val=False, name="17")
    %18: (bool)* = const(val=False, name="18")
    %19: (bool)* = const(val=True, name="19")
    %20_pad_type_42: (str)* = const(val="custom", name="20_pad_type_42")
    %20_pad_42: (4,i32)* = const(val=[3, 3, 3, 3], name="20_pad_42")
    %20: (1, 1, 9, 9, fp32) = conv(x=%input, weight=%1, bias=%2, strides=%21, pad_type=%20_pad_type_42, pad=%20_pad_42, dilations=%23, groups=%16, name="20")
  } -> (%20)
}

[20200630 16:33:17 INFO /Volumes/data/work/1duo-coremltools/coremltools/converters/mil/mil/passes/common_pass.py:34] Performing pass: "common::fuse_bias_conv"
[20200630 16:33:17 INFO /Volumes/data/work/1duo-coremltools/coremltools/converters/mil/mil/passes/common_pass.py:34] Performing pass: "common::fuse_elementwise_to_batchnorm"
[20200630 16:33:17 INFO /Volumes/data/work/1duo-coremltools/coremltools/converters/mil/mil/passes/common_pass.py:34] Performing pass: "common::fuse_onehot_matmul_to_gather"
[20200630 16:33:17 INFO /Volumes/data/work/1duo-coremltools/coremltools/converters/mil/mil/passes/common_pass.py:34] Performing pass: "common::fuse_layernorm_or_instancenorm"
[20200630 16:33:17 INFO /Volumes/data/work/1duo-coremltools/coremltools/converters/mil/mil/passes/common_pass.py:34] Performing pass: "common::dead_code_elimination"
[20200630 16:33:17 INFO /Volumes/data/work/1duo-coremltools/coremltools/converters/mil/mil/passes/dead_code_elimination.py:35] Removing op "19" (type: const)
[20200630 16:33:17 INFO /Volumes/data/work/1duo-coremltools/coremltools/converters/mil/mil/passes/dead_code_elimination.py:35] Removing op "18" (type: const)
[20200630 16:33:17 INFO /Volumes/data/work/1duo-coremltools/coremltools/converters/mil/mil/passes/dead_code_elimination.py:35] Removing op "17" (type: const)
[20200630 16:33:17 INFO /Volumes/data/work/1duo-coremltools/coremltools/converters/mil/mil/passes/dead_code_elimination.py:35] Removing op "24" (type: const)
[20200630 16:33:17 INFO /Volumes/data/work/1duo-coremltools/coremltools/converters/mil/mil/passes/dead_code_elimination.py:35] Removing op "12" (type: const)
[20200630 16:33:17 INFO /Volumes/data/work/1duo-coremltools/coremltools/converters/mil/mil/passes/dead_code_elimination.py:35] Removing op "22" (type: const)
[20200630 16:33:17 DEBUG /Volumes/data/work/1duo-coremltools/coremltools/converters/mil/mil/passes/common_pass.py:38] Program after common passes:
main(%input: (1, 3, 5, 5, fp32)) {
  block61() {
    %1: (1, 3, 3, 3, fp32)* = const(val=(file_value), name="1")
    %2: (1,fp32)* = const(val=[0.009265914559364319], name="2")
    %21: (2,i32)* = const(val=[1, 1], name="21")
    %23: (2,i32)* = const(val=[1, 1], name="23")
    %16: (i32)* = const(val=1, name="16")
    %20_pad_type_42: (str)* = const(val="custom", name="20_pad_type_42")
    %20_pad_42: (4,i32)* = const(val=[3, 3, 3, 3], name="20_pad_42")
    %20: (1, 1, 9, 9, fp32) = conv(x=%input, weight=%1, bias=%2, strides=%21, pad_type=%20_pad_type_42, pad=%20_pad_42, dilations=%23, groups=%16, name="20")
  } -> (%20)
}

[20200630 16:33:17 INFO /Volumes/data/work/1duo-coremltools/coremltools/converters/mil/backend/nn/passes/nn_passes.py:22] Performing passes for nn_backend: "nn_backend::commingle_loop_vars"
[20200630 16:33:17 INFO /Volumes/data/work/1duo-coremltools/coremltools/converters/mil/backend/nn/passes/nn_passes.py:22] Performing passes for nn_backend: "nn_backend::handle_return_inputs_as_outputs"
[20200630 16:33:17 INFO /Volumes/data/work/1duo-coremltools/coremltools/converters/mil/backend/nn/passes/nn_passes.py:22] Performing passes for nn_backend: "common::const_elimination"
[20200630 16:33:17 INFO /Volumes/data/work/1duo-coremltools/coremltools/converters/mil/backend/nn/passes/nn_passes.py:22] Performing passes for nn_backend: "common::dead_code_elimination"
[20200630 16:33:17 INFO /Volumes/data/work/1duo-coremltools/coremltools/converters/mil/backend/nn/passes/nn_passes.py:22] Performing passes for nn_backend: "nn_backend::handle_unused_inputs"
[20200630 16:33:17 INFO /Volumes/data/work/1duo-coremltools/coremltools/converters/mil/backend/nn/passes/nn_passes.py:22] Performing passes for nn_backend: "nn_backend::alert_return_type_cast"
[20200630 16:33:17 DEBUG /Volumes/data/work/1duo-coremltools/coremltools/converters/mil/backend/nn/passes/nn_passes.py:26] Program after nn backend passes:
main(%input: (1, 3, 5, 5, fp32)) {
  block61() {
    %1: (1, 3, 3, 3, fp32)* = const(val=(file_value), name="1")
    %2: (1,fp32)* = const(val=[0.009265914559364319], name="2")
    %21: (2,i32)* = const(val=[1, 1], name="21")
    %23: (2,i32)* = const(val=[1, 1], name="23")
    %16: (i32)* = const(val=1, name="16")
    %20_pad_type_42: (str)* = const(val="custom", name="20_pad_type_42")
    %20_pad_42: (4,i32)* = const(val=[3, 3, 3, 3], name="20_pad_42")
    %20: (1, 1, 9, 9, fp32) = conv(x=%input, weight=%1, bias=%2, strides=%21, pad_type=%20_pad_type_42, pad=%20_pad_42, dilations=%23, groups=%16, name="20")
  } -> (%20)
}

[20200630 16:33:17 INFO /Volumes/data/work/1duo-coremltools/coremltools/converters/mil/frontend/torch/converter.py:269] Converting graph.
[20200630 16:33:17 INFO /Volumes/data/work/1duo-coremltools/coremltools/converters/mil/mil/builder.py:181] Adding op '1' of type const
[20200630 16:33:17 INFO /Volumes/data/work/1duo-coremltools/coremltools/converters/mil/mil/builder.py:181] Adding op '2' of type const
[20200630 16:33:17 INFO /Volumes/data/work/1duo-coremltools/coremltools/converters/mil/frontend/torch/ops.py:49] Converting op 21 : constant
[20200630 16:33:17 INFO /Volumes/data/work/1duo-coremltools/coremltools/converters/mil/mil/builder.py:181] Adding op '21' of type const
[20200630 16:33:17 INFO /Volumes/data/work/1duo-coremltools/coremltools/converters/mil/frontend/torch/ops.py:49] Converting op 22 : constant
[20200630 16:33:17 INFO /Volumes/data/work/1duo-coremltools/coremltools/converters/mil/mil/builder.py:181] Adding op '22' of type const
[20200630 16:33:17 INFO /Volumes/data/work/1duo-coremltools/coremltools/converters/mil/frontend/torch/ops.py:49] Converting op 23 : constant
[20200630 16:33:17 INFO /Volumes/data/work/1duo-coremltools/coremltools/converters/mil/mil/builder.py:181] Adding op '23' of type const
[20200630 16:33:17 INFO /Volumes/data/work/1duo-coremltools/coremltools/converters/mil/frontend/torch/ops.py:49] Converting op 12 : constant
[20200630 16:33:17 INFO /Volumes/data/work/1duo-coremltools/coremltools/converters/mil/mil/builder.py:181] Adding op '12' of type const
[20200630 16:33:17 INFO /Volumes/data/work/1duo-coremltools/coremltools/converters/mil/frontend/torch/ops.py:49] Converting op 24 : constant
[20200630 16:33:17 INFO /Volumes/data/work/1duo-coremltools/coremltools/converters/mil/mil/builder.py:181] Adding op '24' of type const
[20200630 16:33:17 INFO /Volumes/data/work/1duo-coremltools/coremltools/converters/mil/frontend/torch/ops.py:49] Converting op 16 : constant
[20200630 16:33:17 INFO /Volumes/data/work/1duo-coremltools/coremltools/converters/mil/mil/builder.py:181] Adding op '16' of type const
[20200630 16:33:17 INFO /Volumes/data/work/1duo-coremltools/coremltools/converters/mil/frontend/torch/ops.py:49] Converting op 17 : constant
[20200630 16:33:17 INFO /Volumes/data/work/1duo-coremltools/coremltools/converters/mil/mil/builder.py:181] Adding op '17' of type const
[20200630 16:33:17 INFO /Volumes/data/work/1duo-coremltools/coremltools/converters/mil/frontend/torch/ops.py:49] Converting op 18 : constant
[20200630 16:33:17 INFO /Volumes/data/work/1duo-coremltools/coremltools/converters/mil/mil/builder.py:181] Adding op '18' of type const
[20200630 16:33:17 INFO /Volumes/data/work/1duo-coremltools/coremltools/converters/mil/frontend/torch/ops.py:49] Converting op 19 : constant
[20200630 16:33:17 INFO /Volumes/data/work/1duo-coremltools/coremltools/converters/mil/mil/builder.py:181] Adding op '19' of type const
[20200630 16:33:17 INFO /Volumes/data/work/1duo-coremltools/coremltools/converters/mil/frontend/torch/ops.py:49] Converting op 20 : _convolution
[20200630 16:33:17 INFO /Volumes/data/work/1duo-coremltools/coremltools/converters/mil/mil/builder.py:181] Adding op '20' of type conv
[20200630 16:33:17 DEBUG /Volumes/data/work/1duo-coremltools/coremltools/converters/mil/mil/builder.py:93] Adding const op '20_pad_type_43'
[20200630 16:33:17 INFO /Volumes/data/work/1duo-coremltools/coremltools/converters/mil/mil/builder.py:181] Adding op '20_pad_type_43' of type const
[20200630 16:33:17 DEBUG /Volumes/data/work/1duo-coremltools/coremltools/converters/mil/mil/builder.py:93] Adding const op '20_pad_43'
[20200630 16:33:17 INFO /Volumes/data/work/1duo-coremltools/coremltools/converters/mil/mil/builder.py:181] Adding op '20_pad_43' of type const
[20200630 16:33:17 DEBUG /Volumes/data/work/1duo-coremltools/coremltools/converters/mil/mil/passes/common_pass.py:30] Program before common passes:
main(%input: (1, 3, 5, 5, fp32)) {
  block62() {
    %1: (1, 3, 3, 3, fp32)* = const(val=(file_value), name="1")
    %2: (1,fp32)* = const(val=[-0.061901628971099854], name="2")
    %21: (2,i32)* = const(val=[1, 1], name="21")
    %22: (2,i32)* = const(val=[3, 3], name="22")
    %23: (2,i32)* = const(val=[3, 3], name="23")
    %12: (bool)* = const(val=False, name="12")
    %24: (2,i32)* = const(val=[0, 0], name="24")
    %16: (i32)* = const(val=1, name="16")
    %17: (bool)* = const(val=False, name="17")
    %18: (bool)* = const(val=False, name="18")
    %19: (bool)* = const(val=True, name="19")
    %20_pad_type_43: (str)* = const(val="custom", name="20_pad_type_43")
    %20_pad_43: (4,i32)* = const(val=[3, 3, 3, 3], name="20_pad_43")
    %20: (1, 1, 5, 5, fp32) = conv(x=%input, weight=%1, bias=%2, strides=%21, pad_type=%20_pad_type_43, pad=%20_pad_43, dilations=%23, groups=%16, name="20")
  } -> (%20)
}

[20200630 16:33:17 INFO /Volumes/data/work/1duo-coremltools/coremltools/converters/mil/mil/passes/common_pass.py:34] Performing pass: "common::const_elimination"
[20200630 16:33:17 INFO /Volumes/data/work/1duo-coremltools/coremltools/converters/mil/mil/passes/common_pass.py:34] Performing pass: "common::divide_to_multiply"
[20200630 16:33:17 INFO /Volumes/data/work/1duo-coremltools/coremltools/converters/mil/mil/passes/common_pass.py:34] Performing pass: "common::fuse_matmul_weight_bias"
[20200630 16:33:17 INFO /Volumes/data/work/1duo-coremltools/coremltools/converters/mil/mil/passes/common_pass.py:34] Performing pass: "common::const_elimination"
[20200630 16:33:17 INFO /Volumes/data/work/1duo-coremltools/coremltools/converters/mil/mil/passes/common_pass.py:34] Performing pass: "common::loop_invariant_elimination"
[20200630 16:33:17 INFO /Volumes/data/work/1duo-coremltools/coremltools/converters/mil/mil/passes/common_pass.py:34] Performing pass: "common::remove_symbolic_reshape"
[20200630 16:33:17 INFO /Volumes/data/work/1duo-coremltools/coremltools/converters/mil/mil/passes/remove_symbolic_reshape.py:104] remove_symbolic_reshape: changed 0 reshapes.
[20200630 16:33:17 INFO /Volumes/data/work/1duo-coremltools/coremltools/converters/mil/mil/passes/common_pass.py:34] Performing pass: "common::fuse_gelu_tanh_approximation"
[20200630 16:33:17 INFO /Volumes/data/work/1duo-coremltools/coremltools/converters/mil/mil/passes/common_pass.py:34] Performing pass: "common::reduce_transposes"
[20200630 16:33:17 DEBUG /Volumes/data/work/1duo-coremltools/coremltools/converters/mil/mil/passes/reduce_transposes.py:989] Block before optimize transpose transform:
function(%input: (1, 3, 5, 5, fp32)) {
  block62() {
    %1: (1, 3, 3, 3, fp32)* = const(val=(file_value), name="1")
    %2: (1,fp32)* = const(val=[-0.061901628971099854], name="2")
    %21: (2,i32)* = const(val=[1, 1], name="21")
    %22: (2,i32)* = const(val=[3, 3], name="22")
    %23: (2,i32)* = const(val=[3, 3], name="23")
    %12: (bool)* = const(val=False, name="12")
    %24: (2,i32)* = const(val=[0, 0], name="24")
    %16: (i32)* = const(val=1, name="16")
    %17: (bool)* = const(val=False, name="17")
    %18: (bool)* = const(val=False, name="18")
    %19: (bool)* = const(val=True, name="19")
    %20_pad_type_43: (str)* = const(val="custom", name="20_pad_type_43")
    %20_pad_43: (4,i32)* = const(val=[3, 3, 3, 3], name="20_pad_43")
    %20: (1, 1, 5, 5, fp32) = conv(x=%input, weight=%1, bias=%2, strides=%21, pad_type=%20_pad_type_43, pad=%20_pad_43, dilations=%23, groups=%16, name="20")
  } -> (%20)
}

[20200630 16:33:17 DEBUG /Volumes/data/work/1duo-coremltools/coremltools/converters/mil/mil/passes/reduce_transposes.py:1024] Block after optimize transpose transform:
function(%input: (1, 3, 5, 5, fp32)) {
  block62() {
    %1: (1, 3, 3, 3, fp32)* = const(val=(file_value), name="1")
    %2: (1,fp32)* = const(val=[-0.061901628971099854], name="2")
    %21: (2,i32)* = const(val=[1, 1], name="21")
    %22: (2,i32)* = const(val=[3, 3], name="22")
    %23: (2,i32)* = const(val=[3, 3], name="23")
    %12: (bool)* = const(val=False, name="12")
    %24: (2,i32)* = const(val=[0, 0], name="24")
    %16: (i32)* = const(val=1, name="16")
    %17: (bool)* = const(val=False, name="17")
    %18: (bool)* = const(val=False, name="18")
    %19: (bool)* = const(val=True, name="19")
    %20_pad_type_43: (str)* = const(val="custom", name="20_pad_type_43")
    %20_pad_43: (4,i32)* = const(val=[3, 3, 3, 3], name="20_pad_43")
    %20: (1, 1, 5, 5, fp32) = conv(x=%input, weight=%1, bias=%2, strides=%21, pad_type=%20_pad_type_43, pad=%20_pad_43, dilations=%23, groups=%16, name="20")
  } -> (%20)
}

[20200630 16:33:17 INFO /Volumes/data/work/1duo-coremltools/coremltools/converters/mil/mil/passes/common_pass.py:34] Performing pass: "common::fuse_bias_conv"
[20200630 16:33:17 INFO /Volumes/data/work/1duo-coremltools/coremltools/converters/mil/mil/passes/common_pass.py:34] Performing pass: "common::fuse_elementwise_to_batchnorm"
[20200630 16:33:17 INFO /Volumes/data/work/1duo-coremltools/coremltools/converters/mil/mil/passes/common_pass.py:34] Performing pass: "common::fuse_onehot_matmul_to_gather"
[20200630 16:33:17 INFO /Volumes/data/work/1duo-coremltools/coremltools/converters/mil/mil/passes/common_pass.py:34] Performing pass: "common::fuse_layernorm_or_instancenorm"
[20200630 16:33:17 INFO /Volumes/data/work/1duo-coremltools/coremltools/converters/mil/mil/passes/common_pass.py:34] Performing pass: "common::dead_code_elimination"
[20200630 16:33:17 INFO /Volumes/data/work/1duo-coremltools/coremltools/converters/mil/mil/passes/dead_code_elimination.py:35] Removing op "19" (type: const)
[20200630 16:33:17 INFO /Volumes/data/work/1duo-coremltools/coremltools/converters/mil/mil/passes/dead_code_elimination.py:35] Removing op "18" (type: const)
[20200630 16:33:17 INFO /Volumes/data/work/1duo-coremltools/coremltools/converters/mil/mil/passes/dead_code_elimination.py:35] Removing op "17" (type: const)
[20200630 16:33:17 INFO /Volumes/data/work/1duo-coremltools/coremltools/converters/mil/mil/passes/dead_code_elimination.py:35] Removing op "24" (type: const)
[20200630 16:33:17 INFO /Volumes/data/work/1duo-coremltools/coremltools/converters/mil/mil/passes/dead_code_elimination.py:35] Removing op "12" (type: const)
[20200630 16:33:17 INFO /Volumes/data/work/1duo-coremltools/coremltools/converters/mil/mil/passes/dead_code_elimination.py:35] Removing op "22" (type: const)
[20200630 16:33:17 DEBUG /Volumes/data/work/1duo-coremltools/coremltools/converters/mil/mil/passes/common_pass.py:38] Program after common passes:
main(%input: (1, 3, 5, 5, fp32)) {
  block62() {
    %1: (1, 3, 3, 3, fp32)* = const(val=(file_value), name="1")
    %2: (1,fp32)* = const(val=[-0.061901628971099854], name="2")
    %21: (2,i32)* = const(val=[1, 1], name="21")
    %23: (2,i32)* = const(val=[3, 3], name="23")
    %16: (i32)* = const(val=1, name="16")
    %20_pad_type_43: (str)* = const(val="custom", name="20_pad_type_43")
    %20_pad_43: (4,i32)* = const(val=[3, 3, 3, 3], name="20_pad_43")
    %20: (1, 1, 5, 5, fp32) = conv(x=%input, weight=%1, bias=%2, strides=%21, pad_type=%20_pad_type_43, pad=%20_pad_43, dilations=%23, groups=%16, name="20")
  } -> (%20)
}

[20200630 16:33:17 INFO /Volumes/data/work/1duo-coremltools/coremltools/converters/mil/backend/nn/passes/nn_passes.py:22] Performing passes for nn_backend: "nn_backend::commingle_loop_vars"
[20200630 16:33:17 INFO /Volumes/data/work/1duo-coremltools/coremltools/converters/mil/backend/nn/passes/nn_passes.py:22] Performing passes for nn_backend: "nn_backend::handle_return_inputs_as_outputs"
[20200630 16:33:17 INFO /Volumes/data/work/1duo-coremltools/coremltools/converters/mil/backend/nn/passes/nn_passes.py:22] Performing passes for nn_backend: "common::const_elimination"
[20200630 16:33:17 INFO /Volumes/data/work/1duo-coremltools/coremltools/converters/mil/backend/nn/passes/nn_passes.py:22] Performing passes for nn_backend: "common::dead_code_elimination"
[20200630 16:33:17 INFO /Volumes/data/work/1duo-coremltools/coremltools/converters/mil/backend/nn/passes/nn_passes.py:22] Performing passes for nn_backend: "nn_backend::handle_unused_inputs"
[20200630 16:33:17 INFO /Volumes/data/work/1duo-coremltools/coremltools/converters/mil/backend/nn/passes/nn_passes.py:22] Performing passes for nn_backend: "nn_backend::alert_return_type_cast"
[20200630 16:33:17 DEBUG /Volumes/data/work/1duo-coremltools/coremltools/converters/mil/backend/nn/passes/nn_passes.py:26] Program after nn backend passes:
main(%input: (1, 3, 5, 5, fp32)) {
  block62() {
    %1: (1, 3, 3, 3, fp32)* = const(val=(file_value), name="1")
    %2: (1,fp32)* = const(val=[-0.061901628971099854], name="2")
    %21: (2,i32)* = const(val=[1, 1], name="21")
    %23: (2,i32)* = const(val=[3, 3], name="23")
    %16: (i32)* = const(val=1, name="16")
    %20_pad_type_43: (str)* = const(val="custom", name="20_pad_type_43")
    %20_pad_43: (4,i32)* = const(val=[3, 3, 3, 3], name="20_pad_43")
    %20: (1, 1, 5, 5, fp32) = conv(x=%input, weight=%1, bias=%2, strides=%21, pad_type=%20_pad_type_43, pad=%20_pad_43, dilations=%23, groups=%16, name="20")
  } -> (%20)
}

[20200630 16:33:17 INFO /Volumes/data/work/1duo-coremltools/coremltools/converters/mil/frontend/torch/converter.py:269] Converting graph.
[20200630 16:33:17 INFO /Volumes/data/work/1duo-coremltools/coremltools/converters/mil/mil/builder.py:181] Adding op '1' of type const
[20200630 16:33:17 INFO /Volumes/data/work/1duo-coremltools/coremltools/converters/mil/mil/builder.py:181] Adding op '2' of type const
[20200630 16:33:17 INFO /Volumes/data/work/1duo-coremltools/coremltools/converters/mil/frontend/torch/ops.py:49] Converting op 21 : constant
[20200630 16:33:17 INFO /Volumes/data/work/1duo-coremltools/coremltools/converters/mil/mil/builder.py:181] Adding op '21' of type const
[20200630 16:33:17 INFO /Volumes/data/work/1duo-coremltools/coremltools/converters/mil/frontend/torch/ops.py:49] Converting op 22 : constant
[20200630 16:33:17 INFO /Volumes/data/work/1duo-coremltools/coremltools/converters/mil/mil/builder.py:181] Adding op '22' of type const
[20200630 16:33:17 INFO /Volumes/data/work/1duo-coremltools/coremltools/converters/mil/frontend/torch/ops.py:49] Converting op 23 : constant
[20200630 16:33:17 INFO /Volumes/data/work/1duo-coremltools/coremltools/converters/mil/mil/builder.py:181] Adding op '23' of type const
[20200630 16:33:17 INFO /Volumes/data/work/1duo-coremltools/coremltools/converters/mil/frontend/torch/ops.py:49] Converting op 12 : constant
[20200630 16:33:17 INFO /Volumes/data/work/1duo-coremltools/coremltools/converters/mil/mil/builder.py:181] Adding op '12' of type const
[20200630 16:33:17 INFO /Volumes/data/work/1duo-coremltools/coremltools/converters/mil/frontend/torch/ops.py:49] Converting op 24 : constant
[20200630 16:33:17 INFO /Volumes/data/work/1duo-coremltools/coremltools/converters/mil/mil/builder.py:181] Adding op '24' of type const
[20200630 16:33:17 INFO /Volumes/data/work/1duo-coremltools/coremltools/converters/mil/frontend/torch/ops.py:49] Converting op 16 : constant
[20200630 16:33:17 INFO /Volumes/data/work/1duo-coremltools/coremltools/converters/mil/mil/builder.py:181] Adding op '16' of type const
[20200630 16:33:17 INFO /Volumes/data/work/1duo-coremltools/coremltools/converters/mil/frontend/torch/ops.py:49] Converting op 17 : constant
[20200630 16:33:17 INFO /Volumes/data/work/1duo-coremltools/coremltools/converters/mil/mil/builder.py:181] Adding op '17' of type const
[20200630 16:33:17 INFO /Volumes/data/work/1duo-coremltools/coremltools/converters/mil/frontend/torch/ops.py:49] Converting op 18 : constant
[20200630 16:33:17 INFO /Volumes/data/work/1duo-coremltools/coremltools/converters/mil/mil/builder.py:181] Adding op '18' of type const
[20200630 16:33:17 INFO /Volumes/data/work/1duo-coremltools/coremltools/converters/mil/frontend/torch/ops.py:49] Converting op 19 : constant
[20200630 16:33:17 INFO /Volumes/data/work/1duo-coremltools/coremltools/converters/mil/mil/builder.py:181] Adding op '19' of type const
[20200630 16:33:17 INFO /Volumes/data/work/1duo-coremltools/coremltools/converters/mil/frontend/torch/ops.py:49] Converting op 20 : _convolution
[20200630 16:33:17 INFO /Volumes/data/work/1duo-coremltools/coremltools/converters/mil/mil/builder.py:181] Adding op '20' of type conv
[20200630 16:33:17 DEBUG /Volumes/data/work/1duo-coremltools/coremltools/converters/mil/mil/builder.py:93] Adding const op '20_pad_type_44'
[20200630 16:33:17 INFO /Volumes/data/work/1duo-coremltools/coremltools/converters/mil/mil/builder.py:181] Adding op '20_pad_type_44' of type const
[20200630 16:33:17 DEBUG /Volumes/data/work/1duo-coremltools/coremltools/converters/mil/mil/builder.py:93] Adding const op '20_pad_44'
[20200630 16:33:17 INFO /Volumes/data/work/1duo-coremltools/coremltools/converters/mil/mil/builder.py:181] Adding op '20_pad_44' of type const
[20200630 16:33:17 DEBUG /Volumes/data/work/1duo-coremltools/coremltools/converters/mil/mil/passes/common_pass.py:30] Program before common passes:
main(%input: (1, 3, 5, 5, fp32)) {
  block63() {
    %1: (1, 3, 3, 3, fp32)* = const(val=(file_value), name="1")
    %2: (1,fp32)* = const(val=[-0.006426423788070679], name="2")
    %21: (2,i32)* = const(val=[3, 3], name="21")
    %22: (2,i32)* = const(val=[1, 1], name="22")
    %23: (2,i32)* = const(val=[1, 1], name="23")
    %12: (bool)* = const(val=False, name="12")
    %24: (2,i32)* = const(val=[0, 0], name="24")
    %16: (i32)* = const(val=1, name="16")
    %17: (bool)* = const(val=False, name="17")
    %18: (bool)* = const(val=False, name="18")
    %19: (bool)* = const(val=True, name="19")
    %20_pad_type_44: (str)* = const(val="custom", name="20_pad_type_44")
    %20_pad_44: (4,i32)* = const(val=[1, 1, 1, 1], name="20_pad_44")
    %20: (1, 1, 2, 2, fp32) = conv(x=%input, weight=%1, bias=%2, strides=%21, pad_type=%20_pad_type_44, pad=%20_pad_44, dilations=%23, groups=%16, name="20")
  } -> (%20)
}

[20200630 16:33:17 INFO /Volumes/data/work/1duo-coremltools/coremltools/converters/mil/mil/passes/common_pass.py:34] Performing pass: "common::const_elimination"
[20200630 16:33:17 INFO /Volumes/data/work/1duo-coremltools/coremltools/converters/mil/mil/passes/common_pass.py:34] Performing pass: "common::divide_to_multiply"
[20200630 16:33:17 INFO /Volumes/data/work/1duo-coremltools/coremltools/converters/mil/mil/passes/common_pass.py:34] Performing pass: "common::fuse_matmul_weight_bias"
[20200630 16:33:17 INFO /Volumes/data/work/1duo-coremltools/coremltools/converters/mil/mil/passes/common_pass.py:34] Performing pass: "common::const_elimination"
[20200630 16:33:17 INFO /Volumes/data/work/1duo-coremltools/coremltools/converters/mil/mil/passes/common_pass.py:34] Performing pass: "common::loop_invariant_elimination"
[20200630 16:33:17 INFO /Volumes/data/work/1duo-coremltools/coremltools/converters/mil/mil/passes/common_pass.py:34] Performing pass: "common::remove_symbolic_reshape"
[20200630 16:33:17 INFO /Volumes/data/work/1duo-coremltools/coremltools/converters/mil/mil/passes/remove_symbolic_reshape.py:104] remove_symbolic_reshape: changed 0 reshapes.
[20200630 16:33:17 INFO /Volumes/data/work/1duo-coremltools/coremltools/converters/mil/mil/passes/common_pass.py:34] Performing pass: "common::fuse_gelu_tanh_approximation"
[20200630 16:33:17 INFO /Volumes/data/work/1duo-coremltools/coremltools/converters/mil/mil/passes/common_pass.py:34] Performing pass: "common::reduce_transposes"
[20200630 16:33:17 DEBUG /Volumes/data/work/1duo-coremltools/coremltools/converters/mil/mil/passes/reduce_transposes.py:989] Block before optimize transpose transform:
function(%input: (1, 3, 5, 5, fp32)) {
  block63() {
    %1: (1, 3, 3, 3, fp32)* = const(val=(file_value), name="1")
    %2: (1,fp32)* = const(val=[-0.006426423788070679], name="2")
    %21: (2,i32)* = const(val=[3, 3], name="21")
    %22: (2,i32)* = const(val=[1, 1], name="22")
    %23: (2,i32)* = const(val=[1, 1], name="23")
    %12: (bool)* = const(val=False, name="12")
    %24: (2,i32)* = const(val=[0, 0], name="24")
    %16: (i32)* = const(val=1, name="16")
    %17: (bool)* = const(val=False, name="17")
    %18: (bool)* = const(val=False, name="18")
    %19: (bool)* = const(val=True, name="19")
    %20_pad_type_44: (str)* = const(val="custom", name="20_pad_type_44")
    %20_pad_44: (4,i32)* = const(val=[1, 1, 1, 1], name="20_pad_44")
    %20: (1, 1, 2, 2, fp32) = conv(x=%input, weight=%1, bias=%2, strides=%21, pad_type=%20_pad_type_44, pad=%20_pad_44, dilations=%23, groups=%16, name="20")
  } -> (%20)
}

[20200630 16:33:17 DEBUG /Volumes/data/work/1duo-coremltools/coremltools/converters/mil/mil/passes/reduce_transposes.py:1024] Block after optimize transpose transform:
function(%input: (1, 3, 5, 5, fp32)) {
  block63() {
    %1: (1, 3, 3, 3, fp32)* = const(val=(file_value), name="1")
    %2: (1,fp32)* = const(val=[-0.006426423788070679], name="2")
    %21: (2,i32)* = const(val=[3, 3], name="21")
    %22: (2,i32)* = const(val=[1, 1], name="22")
    %23: (2,i32)* = const(val=[1, 1], name="23")
    %12: (bool)* = const(val=False, name="12")
    %24: (2,i32)* = const(val=[0, 0], name="24")
    %16: (i32)* = const(val=1, name="16")
    %17: (bool)* = const(val=False, name="17")
    %18: (bool)* = const(val=False, name="18")
    %19: (bool)* = const(val=True, name="19")
    %20_pad_type_44: (str)* = const(val="custom", name="20_pad_type_44")
    %20_pad_44: (4,i32)* = const(val=[1, 1, 1, 1], name="20_pad_44")
    %20: (1, 1, 2, 2, fp32) = conv(x=%input, weight=%1, bias=%2, strides=%21, pad_type=%20_pad_type_44, pad=%20_pad_44, dilations=%23, groups=%16, name="20")
  } -> (%20)
}

[20200630 16:33:17 INFO /Volumes/data/work/1duo-coremltools/coremltools/converters/mil/mil/passes/common_pass.py:34] Performing pass: "common::fuse_bias_conv"
[20200630 16:33:17 INFO /Volumes/data/work/1duo-coremltools/coremltools/converters/mil/mil/passes/common_pass.py:34] Performing pass: "common::fuse_elementwise_to_batchnorm"
[20200630 16:33:17 INFO /Volumes/data/work/1duo-coremltools/coremltools/converters/mil/mil/passes/common_pass.py:34] Performing pass: "common::fuse_onehot_matmul_to_gather"
[20200630 16:33:17 INFO /Volumes/data/work/1duo-coremltools/coremltools/converters/mil/mil/passes/common_pass.py:34] Performing pass: "common::fuse_layernorm_or_instancenorm"
[20200630 16:33:17 INFO /Volumes/data/work/1duo-coremltools/coremltools/converters/mil/mil/passes/common_pass.py:34] Performing pass: "common::dead_code_elimination"
[20200630 16:33:17 INFO /Volumes/data/work/1duo-coremltools/coremltools/converters/mil/mil/passes/dead_code_elimination.py:35] Removing op "19" (type: const)
[20200630 16:33:17 INFO /Volumes/data/work/1duo-coremltools/coremltools/converters/mil/mil/passes/dead_code_elimination.py:35] Removing op "18" (type: const)
[20200630 16:33:17 INFO /Volumes/data/work/1duo-coremltools/coremltools/converters/mil/mil/passes/dead_code_elimination.py:35] Removing op "17" (type: const)
[20200630 16:33:17 INFO /Volumes/data/work/1duo-coremltools/coremltools/converters/mil/mil/passes/dead_code_elimination.py:35] Removing op "24" (type: const)
[20200630 16:33:17 INFO /Volumes/data/work/1duo-coremltools/coremltools/converters/mil/mil/passes/dead_code_elimination.py:35] Removing op "12" (type: const)
[20200630 16:33:17 INFO /Volumes/data/work/1duo-coremltools/coremltools/converters/mil/mil/passes/dead_code_elimination.py:35] Removing op "22" (type: const)
[20200630 16:33:17 DEBUG /Volumes/data/work/1duo-coremltools/coremltools/converters/mil/mil/passes/common_pass.py:38] Program after common passes:
main(%input: (1, 3, 5, 5, fp32)) {
  block63() {
    %1: (1, 3, 3, 3, fp32)* = const(val=(file_value), name="1")
    %2: (1,fp32)* = const(val=[-0.006426423788070679], name="2")
    %21: (2,i32)* = const(val=[3, 3], name="21")
    %23: (2,i32)* = const(val=[1, 1], name="23")
    %16: (i32)* = const(val=1, name="16")
    %20_pad_type_44: (str)* = const(val="custom", name="20_pad_type_44")
    %20_pad_44: (4,i32)* = const(val=[1, 1, 1, 1], name="20_pad_44")
    %20: (1, 1, 2, 2, fp32) = conv(x=%input, weight=%1, bias=%2, strides=%21, pad_type=%20_pad_type_44, pad=%20_pad_44, dilations=%23, groups=%16, name="20")
  } -> (%20)
}

[20200630 16:33:17 INFO /Volumes/data/work/1duo-coremltools/coremltools/converters/mil/backend/nn/passes/nn_passes.py:22] Performing passes for nn_backend: "nn_backend::commingle_loop_vars"
[20200630 16:33:17 INFO /Volumes/data/work/1duo-coremltools/coremltools/converters/mil/backend/nn/passes/nn_passes.py:22] Performing passes for nn_backend: "nn_backend::handle_return_inputs_as_outputs"
[20200630 16:33:17 INFO /Volumes/data/work/1duo-coremltools/coremltools/converters/mil/backend/nn/passes/nn_passes.py:22] Performing passes for nn_backend: "common::const_elimination"
[20200630 16:33:17 INFO /Volumes/data/work/1duo-coremltools/coremltools/converters/mil/backend/nn/passes/nn_passes.py:22] Performing passes for nn_backend: "common::dead_code_elimination"
[20200630 16:33:17 INFO /Volumes/data/work/1duo-coremltools/coremltools/converters/mil/backend/nn/passes/nn_passes.py:22] Performing passes for nn_backend: "nn_backend::handle_unused_inputs"
[20200630 16:33:17 INFO /Volumes/data/work/1duo-coremltools/coremltools/converters/mil/backend/nn/passes/nn_passes.py:22] Performing passes for nn_backend: "nn_backend::alert_return_type_cast"
[20200630 16:33:17 DEBUG /Volumes/data/work/1duo-coremltools/coremltools/converters/mil/backend/nn/passes/nn_passes.py:26] Program after nn backend passes:
main(%input: (1, 3, 5, 5, fp32)) {
  block63() {
    %1: (1, 3, 3, 3, fp32)* = const(val=(file_value), name="1")
    %2: (1,fp32)* = const(val=[-0.006426423788070679], name="2")
    %21: (2,i32)* = const(val=[3, 3], name="21")
    %23: (2,i32)* = const(val=[1, 1], name="23")
    %16: (i32)* = const(val=1, name="16")
    %20_pad_type_44: (str)* = const(val="custom", name="20_pad_type_44")
    %20_pad_44: (4,i32)* = const(val=[1, 1, 1, 1], name="20_pad_44")
    %20: (1, 1, 2, 2, fp32) = conv(x=%input, weight=%1, bias=%2, strides=%21, pad_type=%20_pad_type_44, pad=%20_pad_44, dilations=%23, groups=%16, name="20")
  } -> (%20)
}

[20200630 16:33:17 INFO /Volumes/data/work/1duo-coremltools/coremltools/converters/mil/frontend/torch/converter.py:269] Converting graph.
[20200630 16:33:17 INFO /Volumes/data/work/1duo-coremltools/coremltools/converters/mil/mil/builder.py:181] Adding op '1' of type const
[20200630 16:33:17 INFO /Volumes/data/work/1duo-coremltools/coremltools/converters/mil/mil/builder.py:181] Adding op '2' of type const
[20200630 16:33:17 INFO /Volumes/data/work/1duo-coremltools/coremltools/converters/mil/frontend/torch/ops.py:49] Converting op 21 : constant
[20200630 16:33:17 INFO /Volumes/data/work/1duo-coremltools/coremltools/converters/mil/mil/builder.py:181] Adding op '21' of type const
[20200630 16:33:17 INFO /Volumes/data/work/1duo-coremltools/coremltools/converters/mil/frontend/torch/ops.py:49] Converting op 22 : constant
[20200630 16:33:17 INFO /Volumes/data/work/1duo-coremltools/coremltools/converters/mil/mil/builder.py:181] Adding op '22' of type const
[20200630 16:33:17 INFO /Volumes/data/work/1duo-coremltools/coremltools/converters/mil/frontend/torch/ops.py:49] Converting op 23 : constant
[20200630 16:33:17 INFO /Volumes/data/work/1duo-coremltools/coremltools/converters/mil/mil/builder.py:181] Adding op '23' of type const
[20200630 16:33:17 INFO /Volumes/data/work/1duo-coremltools/coremltools/converters/mil/frontend/torch/ops.py:49] Converting op 12 : constant
[20200630 16:33:17 INFO /Volumes/data/work/1duo-coremltools/coremltools/converters/mil/mil/builder.py:181] Adding op '12' of type const
[20200630 16:33:17 INFO /Volumes/data/work/1duo-coremltools/coremltools/converters/mil/frontend/torch/ops.py:49] Converting op 24 : constant
[20200630 16:33:17 INFO /Volumes/data/work/1duo-coremltools/coremltools/converters/mil/mil/builder.py:181] Adding op '24' of type const
[20200630 16:33:17 INFO /Volumes/data/work/1duo-coremltools/coremltools/converters/mil/frontend/torch/ops.py:49] Converting op 16 : constant
[20200630 16:33:17 INFO /Volumes/data/work/1duo-coremltools/coremltools/converters/mil/mil/builder.py:181] Adding op '16' of type const
[20200630 16:33:17 INFO /Volumes/data/work/1duo-coremltools/coremltools/converters/mil/frontend/torch/ops.py:49] Converting op 17 : constant
[20200630 16:33:17 INFO /Volumes/data/work/1duo-coremltools/coremltools/converters/mil/mil/builder.py:181] Adding op '17' of type const
[20200630 16:33:17 INFO /Volumes/data/work/1duo-coremltools/coremltools/converters/mil/frontend/torch/ops.py:49] Converting op 18 : constant
[20200630 16:33:17 INFO /Volumes/data/work/1duo-coremltools/coremltools/converters/mil/mil/builder.py:181] Adding op '18' of type const
[20200630 16:33:17 INFO /Volumes/data/work/1duo-coremltools/coremltools/converters/mil/frontend/torch/ops.py:49] Converting op 19 : constant
[20200630 16:33:17 INFO /Volumes/data/work/1duo-coremltools/coremltools/converters/mil/mil/builder.py:181] Adding op '19' of type const
[20200630 16:33:17 INFO /Volumes/data/work/1duo-coremltools/coremltools/converters/mil/frontend/torch/ops.py:49] Converting op 20 : _convolution
[20200630 16:33:17 INFO /Volumes/data/work/1duo-coremltools/coremltools/converters/mil/mil/builder.py:181] Adding op '20' of type conv
[20200630 16:33:17 DEBUG /Volumes/data/work/1duo-coremltools/coremltools/converters/mil/mil/builder.py:93] Adding const op '20_pad_type_45'
[20200630 16:33:17 INFO /Volumes/data/work/1duo-coremltools/coremltools/converters/mil/mil/builder.py:181] Adding op '20_pad_type_45' of type const
[20200630 16:33:17 DEBUG /Volumes/data/work/1duo-coremltools/coremltools/converters/mil/mil/builder.py:93] Adding const op '20_pad_45'
[20200630 16:33:17 INFO /Volumes/data/work/1duo-coremltools/coremltools/converters/mil/mil/builder.py:181] Adding op '20_pad_45' of type const
[20200630 16:33:17 DEBUG /Volumes/data/work/1duo-coremltools/coremltools/converters/mil/mil/passes/common_pass.py:30] Program before common passes:
main(%input: (1, 3, 5, 5, fp32)) {
  block64() {
    %1: (1, 3, 3, 3, fp32)* = const(val=(file_value), name="1")
    %2: (1,fp32)* = const(val=[0.0062750279903411865], name="2")
    %21: (2,i32)* = const(val=[3, 3], name="21")
    %22: (2,i32)* = const(val=[1, 1], name="22")
    %23: (2,i32)* = const(val=[3, 3], name="23")
    %12: (bool)* = const(val=False, name="12")
    %24: (2,i32)* = const(val=[0, 0], name="24")
    %16: (i32)* = const(val=1, name="16")
    %17: (bool)* = const(val=False, name="17")
    %18: (bool)* = const(val=False, name="18")
    %19: (bool)* = const(val=True, name="19")
    %20_pad_type_45: (str)* = const(val="custom", name="20_pad_type_45")
    %20_pad_45: (4,i32)* = const(val=[1, 1, 1, 1], name="20_pad_45")
    %20: (1, 1, 1, 1, fp32) = conv(x=%input, weight=%1, bias=%2, strides=%21, pad_type=%20_pad_type_45, pad=%20_pad_45, dilations=%23, groups=%16, name="20")
  } -> (%20)
}

[20200630 16:33:17 INFO /Volumes/data/work/1duo-coremltools/coremltools/converters/mil/mil/passes/common_pass.py:34] Performing pass: "common::const_elimination"
[20200630 16:33:17 INFO /Volumes/data/work/1duo-coremltools/coremltools/converters/mil/mil/passes/common_pass.py:34] Performing pass: "common::divide_to_multiply"
[20200630 16:33:17 INFO /Volumes/data/work/1duo-coremltools/coremltools/converters/mil/mil/passes/common_pass.py:34] Performing pass: "common::fuse_matmul_weight_bias"
[20200630 16:33:17 INFO /Volumes/data/work/1duo-coremltools/coremltools/converters/mil/mil/passes/common_pass.py:34] Performing pass: "common::const_elimination"
[20200630 16:33:17 INFO /Volumes/data/work/1duo-coremltools/coremltools/converters/mil/mil/passes/common_pass.py:34] Performing pass: "common::loop_invariant_elimination"
[20200630 16:33:17 INFO /Volumes/data/work/1duo-coremltools/coremltools/converters/mil/mil/passes/common_pass.py:34] Performing pass: "common::remove_symbolic_reshape"
[20200630 16:33:17 INFO /Volumes/data/work/1duo-coremltools/coremltools/converters/mil/mil/passes/remove_symbolic_reshape.py:104] remove_symbolic_reshape: changed 0 reshapes.
[20200630 16:33:17 INFO /Volumes/data/work/1duo-coremltools/coremltools/converters/mil/mil/passes/common_pass.py:34] Performing pass: "common::fuse_gelu_tanh_approximation"
[20200630 16:33:17 INFO /Volumes/data/work/1duo-coremltools/coremltools/converters/mil/mil/passes/common_pass.py:34] Performing pass: "common::reduce_transposes"
[20200630 16:33:17 DEBUG /Volumes/data/work/1duo-coremltools/coremltools/converters/mil/mil/passes/reduce_transposes.py:989] Block before optimize transpose transform:
function(%input: (1, 3, 5, 5, fp32)) {
  block64() {
    %1: (1, 3, 3, 3, fp32)* = const(val=(file_value), name="1")
    %2: (1,fp32)* = const(val=[0.0062750279903411865], name="2")
    %21: (2,i32)* = const(val=[3, 3], name="21")
    %22: (2,i32)* = const(val=[1, 1], name="22")
    %23: (2,i32)* = const(val=[3, 3], name="23")
    %12: (bool)* = const(val=False, name="12")
    %24: (2,i32)* = const(val=[0, 0], name="24")
    %16: (i32)* = const(val=1, name="16")
    %17: (bool)* = const(val=False, name="17")
    %18: (bool)* = const(val=False, name="18")
    %19: (bool)* = const(val=True, name="19")
    %20_pad_type_45: (str)* = const(val="custom", name="20_pad_type_45")
    %20_pad_45: (4,i32)* = const(val=[1, 1, 1, 1], name="20_pad_45")
    %20: (1, 1, 1, 1, fp32) = conv(x=%input, weight=%1, bias=%2, strides=%21, pad_type=%20_pad_type_45, pad=%20_pad_45, dilations=%23, groups=%16, name="20")
  } -> (%20)
}

[20200630 16:33:17 DEBUG /Volumes/data/work/1duo-coremltools/coremltools/converters/mil/mil/passes/reduce_transposes.py:1024] Block after optimize transpose transform:
function(%input: (1, 3, 5, 5, fp32)) {
  block64() {
    %1: (1, 3, 3, 3, fp32)* = const(val=(file_value), name="1")
    %2: (1,fp32)* = const(val=[0.0062750279903411865], name="2")
    %21: (2,i32)* = const(val=[3, 3], name="21")
    %22: (2,i32)* = const(val=[1, 1], name="22")
    %23: (2,i32)* = const(val=[3, 3], name="23")
    %12: (bool)* = const(val=False, name="12")
    %24: (2,i32)* = const(val=[0, 0], name="24")
    %16: (i32)* = const(val=1, name="16")
    %17: (bool)* = const(val=False, name="17")
    %18: (bool)* = const(val=False, name="18")
    %19: (bool)* = const(val=True, name="19")
    %20_pad_type_45: (str)* = const(val="custom", name="20_pad_type_45")
    %20_pad_45: (4,i32)* = const(val=[1, 1, 1, 1], name="20_pad_45")
    %20: (1, 1, 1, 1, fp32) = conv(x=%input, weight=%1, bias=%2, strides=%21, pad_type=%20_pad_type_45, pad=%20_pad_45, dilations=%23, groups=%16, name="20")
  } -> (%20)
}

[20200630 16:33:17 INFO /Volumes/data/work/1duo-coremltools/coremltools/converters/mil/mil/passes/common_pass.py:34] Performing pass: "common::fuse_bias_conv"
[20200630 16:33:17 INFO /Volumes/data/work/1duo-coremltools/coremltools/converters/mil/mil/passes/common_pass.py:34] Performing pass: "common::fuse_elementwise_to_batchnorm"
[20200630 16:33:17 INFO /Volumes/data/work/1duo-coremltools/coremltools/converters/mil/mil/passes/common_pass.py:34] Performing pass: "common::fuse_onehot_matmul_to_gather"
[20200630 16:33:17 INFO /Volumes/data/work/1duo-coremltools/coremltools/converters/mil/mil/passes/common_pass.py:34] Performing pass: "common::fuse_layernorm_or_instancenorm"
[20200630 16:33:17 INFO /Volumes/data/work/1duo-coremltools/coremltools/converters/mil/mil/passes/common_pass.py:34] Performing pass: "common::dead_code_elimination"
[20200630 16:33:17 INFO /Volumes/data/work/1duo-coremltools/coremltools/converters/mil/mil/passes/dead_code_elimination.py:35] Removing op "19" (type: const)
[20200630 16:33:17 INFO /Volumes/data/work/1duo-coremltools/coremltools/converters/mil/mil/passes/dead_code_elimination.py:35] Removing op "18" (type: const)
[20200630 16:33:17 INFO /Volumes/data/work/1duo-coremltools/coremltools/converters/mil/mil/passes/dead_code_elimination.py:35] Removing op "17" (type: const)
[20200630 16:33:17 INFO /Volumes/data/work/1duo-coremltools/coremltools/converters/mil/mil/passes/dead_code_elimination.py:35] Removing op "24" (type: const)
[20200630 16:33:17 INFO /Volumes/data/work/1duo-coremltools/coremltools/converters/mil/mil/passes/dead_code_elimination.py:35] Removing op "12" (type: const)
[20200630 16:33:17 INFO /Volumes/data/work/1duo-coremltools/coremltools/converters/mil/mil/passes/dead_code_elimination.py:35] Removing op "22" (type: const)
[20200630 16:33:17 DEBUG /Volumes/data/work/1duo-coremltools/coremltools/converters/mil/mil/passes/common_pass.py:38] Program after common passes:
main(%input: (1, 3, 5, 5, fp32)) {
  block64() {
    %1: (1, 3, 3, 3, fp32)* = const(val=(file_value), name="1")
    %2: (1,fp32)* = const(val=[0.0062750279903411865], name="2")
    %21: (2,i32)* = const(val=[3, 3], name="21")
    %23: (2,i32)* = const(val=[3, 3], name="23")
    %16: (i32)* = const(val=1, name="16")
    %20_pad_type_45: (str)* = const(val="custom", name="20_pad_type_45")
    %20_pad_45: (4,i32)* = const(val=[1, 1, 1, 1], name="20_pad_45")
    %20: (1, 1, 1, 1, fp32) = conv(x=%input, weight=%1, bias=%2, strides=%21, pad_type=%20_pad_type_45, pad=%20_pad_45, dilations=%23, groups=%16, name="20")
  } -> (%20)
}

[20200630 16:33:17 INFO /Volumes/data/work/1duo-coremltools/coremltools/converters/mil/backend/nn/passes/nn_passes.py:22] Performing passes for nn_backend: "nn_backend::commingle_loop_vars"
[20200630 16:33:17 INFO /Volumes/data/work/1duo-coremltools/coremltools/converters/mil/backend/nn/passes/nn_passes.py:22] Performing passes for nn_backend: "nn_backend::handle_return_inputs_as_outputs"
[20200630 16:33:17 INFO /Volumes/data/work/1duo-coremltools/coremltools/converters/mil/backend/nn/passes/nn_passes.py:22] Performing passes for nn_backend: "common::const_elimination"
[20200630 16:33:17 INFO /Volumes/data/work/1duo-coremltools/coremltools/converters/mil/backend/nn/passes/nn_passes.py:22] Performing passes for nn_backend: "common::dead_code_elimination"
[20200630 16:33:17 INFO /Volumes/data/work/1duo-coremltools/coremltools/converters/mil/backend/nn/passes/nn_passes.py:22] Performing passes for nn_backend: "nn_backend::handle_unused_inputs"
[20200630 16:33:17 INFO /Volumes/data/work/1duo-coremltools/coremltools/converters/mil/backend/nn/passes/nn_passes.py:22] Performing passes for nn_backend: "nn_backend::alert_return_type_cast"
[20200630 16:33:17 DEBUG /Volumes/data/work/1duo-coremltools/coremltools/converters/mil/backend/nn/passes/nn_passes.py:26] Program after nn backend passes:
main(%input: (1, 3, 5, 5, fp32)) {
  block64() {
    %1: (1, 3, 3, 3, fp32)* = const(val=(file_value), name="1")
    %2: (1,fp32)* = const(val=[0.0062750279903411865], name="2")
    %21: (2,i32)* = const(val=[3, 3], name="21")
    %23: (2,i32)* = const(val=[3, 3], name="23")
    %16: (i32)* = const(val=1, name="16")
    %20_pad_type_45: (str)* = const(val="custom", name="20_pad_type_45")
    %20_pad_45: (4,i32)* = const(val=[1, 1, 1, 1], name="20_pad_45")
    %20: (1, 1, 1, 1, fp32) = conv(x=%input, weight=%1, bias=%2, strides=%21, pad_type=%20_pad_type_45, pad=%20_pad_45, dilations=%23, groups=%16, name="20")
  } -> (%20)
}

[20200630 16:33:17 INFO /Volumes/data/work/1duo-coremltools/coremltools/converters/mil/frontend/torch/converter.py:269] Converting graph.
[20200630 16:33:17 INFO /Volumes/data/work/1duo-coremltools/coremltools/converters/mil/mil/builder.py:181] Adding op '1' of type const
[20200630 16:33:17 INFO /Volumes/data/work/1duo-coremltools/coremltools/converters/mil/mil/builder.py:181] Adding op '2' of type const
[20200630 16:33:17 INFO /Volumes/data/work/1duo-coremltools/coremltools/converters/mil/frontend/torch/ops.py:49] Converting op 21 : constant
[20200630 16:33:17 INFO /Volumes/data/work/1duo-coremltools/coremltools/converters/mil/mil/builder.py:181] Adding op '21' of type const
[20200630 16:33:17 INFO /Volumes/data/work/1duo-coremltools/coremltools/converters/mil/frontend/torch/ops.py:49] Converting op 22 : constant
[20200630 16:33:17 INFO /Volumes/data/work/1duo-coremltools/coremltools/converters/mil/mil/builder.py:181] Adding op '22' of type const
[20200630 16:33:17 INFO /Volumes/data/work/1duo-coremltools/coremltools/converters/mil/frontend/torch/ops.py:49] Converting op 23 : constant
[20200630 16:33:17 INFO /Volumes/data/work/1duo-coremltools/coremltools/converters/mil/mil/builder.py:181] Adding op '23' of type const
[20200630 16:33:17 INFO /Volumes/data/work/1duo-coremltools/coremltools/converters/mil/frontend/torch/ops.py:49] Converting op 12 : constant
[20200630 16:33:17 INFO /Volumes/data/work/1duo-coremltools/coremltools/converters/mil/mil/builder.py:181] Adding op '12' of type const
[20200630 16:33:17 INFO /Volumes/data/work/1duo-coremltools/coremltools/converters/mil/frontend/torch/ops.py:49] Converting op 24 : constant
[20200630 16:33:17 INFO /Volumes/data/work/1duo-coremltools/coremltools/converters/mil/mil/builder.py:181] Adding op '24' of type const
[20200630 16:33:17 INFO /Volumes/data/work/1duo-coremltools/coremltools/converters/mil/frontend/torch/ops.py:49] Converting op 16 : constant
[20200630 16:33:17 INFO /Volumes/data/work/1duo-coremltools/coremltools/converters/mil/mil/builder.py:181] Adding op '16' of type const
[20200630 16:33:17 INFO /Volumes/data/work/1duo-coremltools/coremltools/converters/mil/frontend/torch/ops.py:49] Converting op 17 : constant
[20200630 16:33:17 INFO /Volumes/data/work/1duo-coremltools/coremltools/converters/mil/mil/builder.py:181] Adding op '17' of type const
[20200630 16:33:17 INFO /Volumes/data/work/1duo-coremltools/coremltools/converters/mil/frontend/torch/ops.py:49] Converting op 18 : constant
[20200630 16:33:17 INFO /Volumes/data/work/1duo-coremltools/coremltools/converters/mil/mil/builder.py:181] Adding op '18' of type const
[20200630 16:33:17 INFO /Volumes/data/work/1duo-coremltools/coremltools/converters/mil/frontend/torch/ops.py:49] Converting op 19 : constant
[20200630 16:33:17 INFO /Volumes/data/work/1duo-coremltools/coremltools/converters/mil/mil/builder.py:181] Adding op '19' of type const
[20200630 16:33:17 INFO /Volumes/data/work/1duo-coremltools/coremltools/converters/mil/frontend/torch/ops.py:49] Converting op 20 : _convolution
[20200630 16:33:17 INFO /Volumes/data/work/1duo-coremltools/coremltools/converters/mil/mil/builder.py:181] Adding op '20' of type conv
[20200630 16:33:17 DEBUG /Volumes/data/work/1duo-coremltools/coremltools/converters/mil/mil/builder.py:93] Adding const op '20_pad_type_46'
[20200630 16:33:17 INFO /Volumes/data/work/1duo-coremltools/coremltools/converters/mil/mil/builder.py:181] Adding op '20_pad_type_46' of type const
[20200630 16:33:17 DEBUG /Volumes/data/work/1duo-coremltools/coremltools/converters/mil/mil/builder.py:93] Adding const op '20_pad_46'
[20200630 16:33:17 INFO /Volumes/data/work/1duo-coremltools/coremltools/converters/mil/mil/builder.py:181] Adding op '20_pad_46' of type const
[20200630 16:33:17 DEBUG /Volumes/data/work/1duo-coremltools/coremltools/converters/mil/mil/passes/common_pass.py:30] Program before common passes:
main(%input: (1, 3, 5, 5, fp32)) {
  block65() {
    %1: (1, 3, 3, 3, fp32)* = const(val=(file_value), name="1")
    %2: (1,fp32)* = const(val=[-0.12256261706352234], name="2")
    %21: (2,i32)* = const(val=[3, 3], name="21")
    %22: (2,i32)* = const(val=[3, 3], name="22")
    %23: (2,i32)* = const(val=[1, 1], name="23")
    %12: (bool)* = const(val=False, name="12")
    %24: (2,i32)* = const(val=[0, 0], name="24")
    %16: (i32)* = const(val=1, name="16")
    %17: (bool)* = const(val=False, name="17")
    %18: (bool)* = const(val=False, name="18")
    %19: (bool)* = const(val=True, name="19")
    %20_pad_type_46: (str)* = const(val="custom", name="20_pad_type_46")
    %20_pad_46: (4,i32)* = const(val=[3, 3, 3, 3], name="20_pad_46")
    %20: (1, 1, 3, 3, fp32) = conv(x=%input, weight=%1, bias=%2, strides=%21, pad_type=%20_pad_type_46, pad=%20_pad_46, dilations=%23, groups=%16, name="20")
  } -> (%20)
}

[20200630 16:33:17 INFO /Volumes/data/work/1duo-coremltools/coremltools/converters/mil/mil/passes/common_pass.py:34] Performing pass: "common::const_elimination"
[20200630 16:33:17 INFO /Volumes/data/work/1duo-coremltools/coremltools/converters/mil/mil/passes/common_pass.py:34] Performing pass: "common::divide_to_multiply"
[20200630 16:33:17 INFO /Volumes/data/work/1duo-coremltools/coremltools/converters/mil/mil/passes/common_pass.py:34] Performing pass: "common::fuse_matmul_weight_bias"
[20200630 16:33:17 INFO /Volumes/data/work/1duo-coremltools/coremltools/converters/mil/mil/passes/common_pass.py:34] Performing pass: "common::const_elimination"
[20200630 16:33:17 INFO /Volumes/data/work/1duo-coremltools/coremltools/converters/mil/mil/passes/common_pass.py:34] Performing pass: "common::loop_invariant_elimination"
[20200630 16:33:17 INFO /Volumes/data/work/1duo-coremltools/coremltools/converters/mil/mil/passes/common_pass.py:34] Performing pass: "common::remove_symbolic_reshape"
[20200630 16:33:17 INFO /Volumes/data/work/1duo-coremltools/coremltools/converters/mil/mil/passes/remove_symbolic_reshape.py:104] remove_symbolic_reshape: changed 0 reshapes.
[20200630 16:33:17 INFO /Volumes/data/work/1duo-coremltools/coremltools/converters/mil/mil/passes/common_pass.py:34] Performing pass: "common::fuse_gelu_tanh_approximation"
[20200630 16:33:17 INFO /Volumes/data/work/1duo-coremltools/coremltools/converters/mil/mil/passes/common_pass.py:34] Performing pass: "common::reduce_transposes"
[20200630 16:33:17 DEBUG /Volumes/data/work/1duo-coremltools/coremltools/converters/mil/mil/passes/reduce_transposes.py:989] Block before optimize transpose transform:
function(%input: (1, 3, 5, 5, fp32)) {
  block65() {
    %1: (1, 3, 3, 3, fp32)* = const(val=(file_value), name="1")
    %2: (1,fp32)* = const(val=[-0.12256261706352234], name="2")
    %21: (2,i32)* = const(val=[3, 3], name="21")
    %22: (2,i32)* = const(val=[3, 3], name="22")
    %23: (2,i32)* = const(val=[1, 1], name="23")
    %12: (bool)* = const(val=False, name="12")
    %24: (2,i32)* = const(val=[0, 0], name="24")
    %16: (i32)* = const(val=1, name="16")
    %17: (bool)* = const(val=False, name="17")
    %18: (bool)* = const(val=False, name="18")
    %19: (bool)* = const(val=True, name="19")
    %20_pad_type_46: (str)* = const(val="custom", name="20_pad_type_46")
    %20_pad_46: (4,i32)* = const(val=[3, 3, 3, 3], name="20_pad_46")
    %20: (1, 1, 3, 3, fp32) = conv(x=%input, weight=%1, bias=%2, strides=%21, pad_type=%20_pad_type_46, pad=%20_pad_46, dilations=%23, groups=%16, name="20")
  } -> (%20)
}

[20200630 16:33:17 DEBUG /Volumes/data/work/1duo-coremltools/coremltools/converters/mil/mil/passes/reduce_transposes.py:1024] Block after optimize transpose transform:
function(%input: (1, 3, 5, 5, fp32)) {
  block65() {
    %1: (1, 3, 3, 3, fp32)* = const(val=(file_value), name="1")
    %2: (1,fp32)* = const(val=[-0.12256261706352234], name="2")
    %21: (2,i32)* = const(val=[3, 3], name="21")
    %22: (2,i32)* = const(val=[3, 3], name="22")
    %23: (2,i32)* = const(val=[1, 1], name="23")
    %12: (bool)* = const(val=False, name="12")
    %24: (2,i32)* = const(val=[0, 0], name="24")
    %16: (i32)* = const(val=1, name="16")
    %17: (bool)* = const(val=False, name="17")
    %18: (bool)* = const(val=False, name="18")
    %19: (bool)* = const(val=True, name="19")
    %20_pad_type_46: (str)* = const(val="custom", name="20_pad_type_46")
    %20_pad_46: (4,i32)* = const(val=[3, 3, 3, 3], name="20_pad_46")
    %20: (1, 1, 3, 3, fp32) = conv(x=%input, weight=%1, bias=%2, strides=%21, pad_type=%20_pad_type_46, pad=%20_pad_46, dilations=%23, groups=%16, name="20")
  } -> (%20)
}

[20200630 16:33:17 INFO /Volumes/data/work/1duo-coremltools/coremltools/converters/mil/mil/passes/common_pass.py:34] Performing pass: "common::fuse_bias_conv"
[20200630 16:33:17 INFO /Volumes/data/work/1duo-coremltools/coremltools/converters/mil/mil/passes/common_pass.py:34] Performing pass: "common::fuse_elementwise_to_batchnorm"
[20200630 16:33:17 INFO /Volumes/data/work/1duo-coremltools/coremltools/converters/mil/mil/passes/common_pass.py:34] Performing pass: "common::fuse_onehot_matmul_to_gather"
[20200630 16:33:17 INFO /Volumes/data/work/1duo-coremltools/coremltools/converters/mil/mil/passes/common_pass.py:34] Performing pass: "common::fuse_layernorm_or_instancenorm"
[20200630 16:33:17 INFO /Volumes/data/work/1duo-coremltools/coremltools/converters/mil/mil/passes/common_pass.py:34] Performing pass: "common::dead_code_elimination"
[20200630 16:33:17 INFO /Volumes/data/work/1duo-coremltools/coremltools/converters/mil/mil/passes/dead_code_elimination.py:35] Removing op "19" (type: const)
[20200630 16:33:17 INFO /Volumes/data/work/1duo-coremltools/coremltools/converters/mil/mil/passes/dead_code_elimination.py:35] Removing op "18" (type: const)
[20200630 16:33:17 INFO /Volumes/data/work/1duo-coremltools/coremltools/converters/mil/mil/passes/dead_code_elimination.py:35] Removing op "17" (type: const)
[20200630 16:33:17 INFO /Volumes/data/work/1duo-coremltools/coremltools/converters/mil/mil/passes/dead_code_elimination.py:35] Removing op "24" (type: const)
[20200630 16:33:17 INFO /Volumes/data/work/1duo-coremltools/coremltools/converters/mil/mil/passes/dead_code_elimination.py:35] Removing op "12" (type: const)
[20200630 16:33:17 INFO /Volumes/data/work/1duo-coremltools/coremltools/converters/mil/mil/passes/dead_code_elimination.py:35] Removing op "22" (type: const)
[20200630 16:33:17 DEBUG /Volumes/data/work/1duo-coremltools/coremltools/converters/mil/mil/passes/common_pass.py:38] Program after common passes:
main(%input: (1, 3, 5, 5, fp32)) {
  block65() {
    %1: (1, 3, 3, 3, fp32)* = const(val=(file_value), name="1")
    %2: (1,fp32)* = const(val=[-0.12256261706352234], name="2")
    %21: (2,i32)* = const(val=[3, 3], name="21")
    %23: (2,i32)* = const(val=[1, 1], name="23")
    %16: (i32)* = const(val=1, name="16")
    %20_pad_type_46: (str)* = const(val="custom", name="20_pad_type_46")
    %20_pad_46: (4,i32)* = const(val=[3, 3, 3, 3], name="20_pad_46")
    %20: (1, 1, 3, 3, fp32) = conv(x=%input, weight=%1, bias=%2, strides=%21, pad_type=%20_pad_type_46, pad=%20_pad_46, dilations=%23, groups=%16, name="20")
  } -> (%20)
}

[20200630 16:33:17 INFO /Volumes/data/work/1duo-coremltools/coremltools/converters/mil/backend/nn/passes/nn_passes.py:22] Performing passes for nn_backend: "nn_backend::commingle_loop_vars"
[20200630 16:33:17 INFO /Volumes/data/work/1duo-coremltools/coremltools/converters/mil/backend/nn/passes/nn_passes.py:22] Performing passes for nn_backend: "nn_backend::handle_return_inputs_as_outputs"
[20200630 16:33:17 INFO /Volumes/data/work/1duo-coremltools/coremltools/converters/mil/backend/nn/passes/nn_passes.py:22] Performing passes for nn_backend: "common::const_elimination"
[20200630 16:33:17 INFO /Volumes/data/work/1duo-coremltools/coremltools/converters/mil/backend/nn/passes/nn_passes.py:22] Performing passes for nn_backend: "common::dead_code_elimination"
[20200630 16:33:17 INFO /Volumes/data/work/1duo-coremltools/coremltools/converters/mil/backend/nn/passes/nn_passes.py:22] Performing passes for nn_backend: "nn_backend::handle_unused_inputs"
[20200630 16:33:17 INFO /Volumes/data/work/1duo-coremltools/coremltools/converters/mil/backend/nn/passes/nn_passes.py:22] Performing passes for nn_backend: "nn_backend::alert_return_type_cast"
[20200630 16:33:17 DEBUG /Volumes/data/work/1duo-coremltools/coremltools/converters/mil/backend/nn/passes/nn_passes.py:26] Program after nn backend passes:
main(%input: (1, 3, 5, 5, fp32)) {
  block65() {
    %1: (1, 3, 3, 3, fp32)* = const(val=(file_value), name="1")
    %2: (1,fp32)* = const(val=[-0.12256261706352234], name="2")
    %21: (2,i32)* = const(val=[3, 3], name="21")
    %23: (2,i32)* = const(val=[1, 1], name="23")
    %16: (i32)* = const(val=1, name="16")
    %20_pad_type_46: (str)* = const(val="custom", name="20_pad_type_46")
    %20_pad_46: (4,i32)* = const(val=[3, 3, 3, 3], name="20_pad_46")
    %20: (1, 1, 3, 3, fp32) = conv(x=%input, weight=%1, bias=%2, strides=%21, pad_type=%20_pad_type_46, pad=%20_pad_46, dilations=%23, groups=%16, name="20")
  } -> (%20)
}

[20200630 16:33:18 INFO /Volumes/data/work/1duo-coremltools/coremltools/converters/mil/frontend/torch/converter.py:269] Converting graph.
[20200630 16:33:18 INFO /Volumes/data/work/1duo-coremltools/coremltools/converters/mil/mil/builder.py:181] Adding op '1' of type const
[20200630 16:33:18 INFO /Volumes/data/work/1duo-coremltools/coremltools/converters/mil/mil/builder.py:181] Adding op '2' of type const
[20200630 16:33:18 INFO /Volumes/data/work/1duo-coremltools/coremltools/converters/mil/frontend/torch/ops.py:49] Converting op 21 : constant
[20200630 16:33:18 INFO /Volumes/data/work/1duo-coremltools/coremltools/converters/mil/mil/builder.py:181] Adding op '21' of type const
[20200630 16:33:18 INFO /Volumes/data/work/1duo-coremltools/coremltools/converters/mil/frontend/torch/ops.py:49] Converting op 22 : constant
[20200630 16:33:18 INFO /Volumes/data/work/1duo-coremltools/coremltools/converters/mil/mil/builder.py:181] Adding op '22' of type const
[20200630 16:33:18 INFO /Volumes/data/work/1duo-coremltools/coremltools/converters/mil/frontend/torch/ops.py:49] Converting op 23 : constant
[20200630 16:33:18 INFO /Volumes/data/work/1duo-coremltools/coremltools/converters/mil/mil/builder.py:181] Adding op '23' of type const
[20200630 16:33:18 INFO /Volumes/data/work/1duo-coremltools/coremltools/converters/mil/frontend/torch/ops.py:49] Converting op 12 : constant
[20200630 16:33:18 INFO /Volumes/data/work/1duo-coremltools/coremltools/converters/mil/mil/builder.py:181] Adding op '12' of type const
[20200630 16:33:18 INFO /Volumes/data/work/1duo-coremltools/coremltools/converters/mil/frontend/torch/ops.py:49] Converting op 24 : constant
[20200630 16:33:18 INFO /Volumes/data/work/1duo-coremltools/coremltools/converters/mil/mil/builder.py:181] Adding op '24' of type const
[20200630 16:33:18 INFO /Volumes/data/work/1duo-coremltools/coremltools/converters/mil/frontend/torch/ops.py:49] Converting op 16 : constant
[20200630 16:33:18 INFO /Volumes/data/work/1duo-coremltools/coremltools/converters/mil/mil/builder.py:181] Adding op '16' of type const
[20200630 16:33:18 INFO /Volumes/data/work/1duo-coremltools/coremltools/converters/mil/frontend/torch/ops.py:49] Converting op 17 : constant
[20200630 16:33:18 INFO /Volumes/data/work/1duo-coremltools/coremltools/converters/mil/mil/builder.py:181] Adding op '17' of type const
[20200630 16:33:18 INFO /Volumes/data/work/1duo-coremltools/coremltools/converters/mil/frontend/torch/ops.py:49] Converting op 18 : constant
[20200630 16:33:18 INFO /Volumes/data/work/1duo-coremltools/coremltools/converters/mil/mil/builder.py:181] Adding op '18' of type const
[20200630 16:33:18 INFO /Volumes/data/work/1duo-coremltools/coremltools/converters/mil/frontend/torch/ops.py:49] Converting op 19 : constant
[20200630 16:33:18 INFO /Volumes/data/work/1duo-coremltools/coremltools/converters/mil/mil/builder.py:181] Adding op '19' of type const
[20200630 16:33:18 INFO /Volumes/data/work/1duo-coremltools/coremltools/converters/mil/frontend/torch/ops.py:49] Converting op 20 : _convolution
[20200630 16:33:18 INFO /Volumes/data/work/1duo-coremltools/coremltools/converters/mil/mil/builder.py:181] Adding op '20' of type conv
[20200630 16:33:18 DEBUG /Volumes/data/work/1duo-coremltools/coremltools/converters/mil/mil/builder.py:93] Adding const op '20_pad_type_47'
[20200630 16:33:18 INFO /Volumes/data/work/1duo-coremltools/coremltools/converters/mil/mil/builder.py:181] Adding op '20_pad_type_47' of type const
[20200630 16:33:18 DEBUG /Volumes/data/work/1duo-coremltools/coremltools/converters/mil/mil/builder.py:93] Adding const op '20_pad_47'
[20200630 16:33:18 INFO /Volumes/data/work/1duo-coremltools/coremltools/converters/mil/mil/builder.py:181] Adding op '20_pad_47' of type const
[20200630 16:33:18 DEBUG /Volumes/data/work/1duo-coremltools/coremltools/converters/mil/mil/passes/common_pass.py:30] Program before common passes:
main(%input: (1, 3, 5, 5, fp32)) {
  block66() {
    %1: (1, 3, 3, 3, fp32)* = const(val=(file_value), name="1")
    %2: (1,fp32)* = const(val=[-0.18703390657901764], name="2")
    %21: (2,i32)* = const(val=[3, 3], name="21")
    %22: (2,i32)* = const(val=[3, 3], name="22")
    %23: (2,i32)* = const(val=[3, 3], name="23")
    %12: (bool)* = const(val=False, name="12")
    %24: (2,i32)* = const(val=[0, 0], name="24")
    %16: (i32)* = const(val=1, name="16")
    %17: (bool)* = const(val=False, name="17")
    %18: (bool)* = const(val=False, name="18")
    %19: (bool)* = const(val=True, name="19")
    %20_pad_type_47: (str)* = const(val="custom", name="20_pad_type_47")
    %20_pad_47: (4,i32)* = const(val=[3, 3, 3, 3], name="20_pad_47")
    %20: (1, 1, 2, 2, fp32) = conv(x=%input, weight=%1, bias=%2, strides=%21, pad_type=%20_pad_type_47, pad=%20_pad_47, dilations=%23, groups=%16, name="20")
  } -> (%20)
}

[20200630 16:33:18 INFO /Volumes/data/work/1duo-coremltools/coremltools/converters/mil/mil/passes/common_pass.py:34] Performing pass: "common::const_elimination"
[20200630 16:33:18 INFO /Volumes/data/work/1duo-coremltools/coremltools/converters/mil/mil/passes/common_pass.py:34] Performing pass: "common::divide_to_multiply"
[20200630 16:33:18 INFO /Volumes/data/work/1duo-coremltools/coremltools/converters/mil/mil/passes/common_pass.py:34] Performing pass: "common::fuse_matmul_weight_bias"
[20200630 16:33:18 INFO /Volumes/data/work/1duo-coremltools/coremltools/converters/mil/mil/passes/common_pass.py:34] Performing pass: "common::const_elimination"
[20200630 16:33:18 INFO /Volumes/data/work/1duo-coremltools/coremltools/converters/mil/mil/passes/common_pass.py:34] Performing pass: "common::loop_invariant_elimination"
[20200630 16:33:18 INFO /Volumes/data/work/1duo-coremltools/coremltools/converters/mil/mil/passes/common_pass.py:34] Performing pass: "common::remove_symbolic_reshape"
[20200630 16:33:18 INFO /Volumes/data/work/1duo-coremltools/coremltools/converters/mil/mil/passes/remove_symbolic_reshape.py:104] remove_symbolic_reshape: changed 0 reshapes.
[20200630 16:33:18 INFO /Volumes/data/work/1duo-coremltools/coremltools/converters/mil/mil/passes/common_pass.py:34] Performing pass: "common::fuse_gelu_tanh_approximation"
[20200630 16:33:18 INFO /Volumes/data/work/1duo-coremltools/coremltools/converters/mil/mil/passes/common_pass.py:34] Performing pass: "common::reduce_transposes"
[20200630 16:33:18 DEBUG /Volumes/data/work/1duo-coremltools/coremltools/converters/mil/mil/passes/reduce_transposes.py:989] Block before optimize transpose transform:
function(%input: (1, 3, 5, 5, fp32)) {
  block66() {
    %1: (1, 3, 3, 3, fp32)* = const(val=(file_value), name="1")
    %2: (1,fp32)* = const(val=[-0.18703390657901764], name="2")
    %21: (2,i32)* = const(val=[3, 3], name="21")
    %22: (2,i32)* = const(val=[3, 3], name="22")
    %23: (2,i32)* = const(val=[3, 3], name="23")
    %12: (bool)* = const(val=False, name="12")
    %24: (2,i32)* = const(val=[0, 0], name="24")
    %16: (i32)* = const(val=1, name="16")
    %17: (bool)* = const(val=False, name="17")
    %18: (bool)* = const(val=False, name="18")
    %19: (bool)* = const(val=True, name="19")
    %20_pad_type_47: (str)* = const(val="custom", name="20_pad_type_47")
    %20_pad_47: (4,i32)* = const(val=[3, 3, 3, 3], name="20_pad_47")
    %20: (1, 1, 2, 2, fp32) = conv(x=%input, weight=%1, bias=%2, strides=%21, pad_type=%20_pad_type_47, pad=%20_pad_47, dilations=%23, groups=%16, name="20")
  } -> (%20)
}

[20200630 16:33:18 DEBUG /Volumes/data/work/1duo-coremltools/coremltools/converters/mil/mil/passes/reduce_transposes.py:1024] Block after optimize transpose transform:
function(%input: (1, 3, 5, 5, fp32)) {
  block66() {
    %1: (1, 3, 3, 3, fp32)* = const(val=(file_value), name="1")
    %2: (1,fp32)* = const(val=[-0.18703390657901764], name="2")
    %21: (2,i32)* = const(val=[3, 3], name="21")
    %22: (2,i32)* = const(val=[3, 3], name="22")
    %23: (2,i32)* = const(val=[3, 3], name="23")
    %12: (bool)* = const(val=False, name="12")
    %24: (2,i32)* = const(val=[0, 0], name="24")
    %16: (i32)* = const(val=1, name="16")
    %17: (bool)* = const(val=False, name="17")
    %18: (bool)* = const(val=False, name="18")
    %19: (bool)* = const(val=True, name="19")
    %20_pad_type_47: (str)* = const(val="custom", name="20_pad_type_47")
    %20_pad_47: (4,i32)* = const(val=[3, 3, 3, 3], name="20_pad_47")
    %20: (1, 1, 2, 2, fp32) = conv(x=%input, weight=%1, bias=%2, strides=%21, pad_type=%20_pad_type_47, pad=%20_pad_47, dilations=%23, groups=%16, name="20")
  } -> (%20)
}

[20200630 16:33:18 INFO /Volumes/data/work/1duo-coremltools/coremltools/converters/mil/mil/passes/common_pass.py:34] Performing pass: "common::fuse_bias_conv"
[20200630 16:33:18 INFO /Volumes/data/work/1duo-coremltools/coremltools/converters/mil/mil/passes/common_pass.py:34] Performing pass: "common::fuse_elementwise_to_batchnorm"
[20200630 16:33:18 INFO /Volumes/data/work/1duo-coremltools/coremltools/converters/mil/mil/passes/common_pass.py:34] Performing pass: "common::fuse_onehot_matmul_to_gather"
[20200630 16:33:18 INFO /Volumes/data/work/1duo-coremltools/coremltools/converters/mil/mil/passes/common_pass.py:34] Performing pass: "common::fuse_layernorm_or_instancenorm"
[20200630 16:33:18 INFO /Volumes/data/work/1duo-coremltools/coremltools/converters/mil/mil/passes/common_pass.py:34] Performing pass: "common::dead_code_elimination"
[20200630 16:33:18 INFO /Volumes/data/work/1duo-coremltools/coremltools/converters/mil/mil/passes/dead_code_elimination.py:35] Removing op "19" (type: const)
[20200630 16:33:18 INFO /Volumes/data/work/1duo-coremltools/coremltools/converters/mil/mil/passes/dead_code_elimination.py:35] Removing op "18" (type: const)
[20200630 16:33:18 INFO /Volumes/data/work/1duo-coremltools/coremltools/converters/mil/mil/passes/dead_code_elimination.py:35] Removing op "17" (type: const)
[20200630 16:33:18 INFO /Volumes/data/work/1duo-coremltools/coremltools/converters/mil/mil/passes/dead_code_elimination.py:35] Removing op "24" (type: const)
[20200630 16:33:18 INFO /Volumes/data/work/1duo-coremltools/coremltools/converters/mil/mil/passes/dead_code_elimination.py:35] Removing op "12" (type: const)
[20200630 16:33:18 INFO /Volumes/data/work/1duo-coremltools/coremltools/converters/mil/mil/passes/dead_code_elimination.py:35] Removing op "22" (type: const)
[20200630 16:33:18 DEBUG /Volumes/data/work/1duo-coremltools/coremltools/converters/mil/mil/passes/common_pass.py:38] Program after common passes:
main(%input: (1, 3, 5, 5, fp32)) {
  block66() {
    %1: (1, 3, 3, 3, fp32)* = const(val=(file_value), name="1")
    %2: (1,fp32)* = const(val=[-0.18703390657901764], name="2")
    %21: (2,i32)* = const(val=[3, 3], name="21")
    %23: (2,i32)* = const(val=[3, 3], name="23")
    %16: (i32)* = const(val=1, name="16")
    %20_pad_type_47: (str)* = const(val="custom", name="20_pad_type_47")
    %20_pad_47: (4,i32)* = const(val=[3, 3, 3, 3], name="20_pad_47")
    %20: (1, 1, 2, 2, fp32) = conv(x=%input, weight=%1, bias=%2, strides=%21, pad_type=%20_pad_type_47, pad=%20_pad_47, dilations=%23, groups=%16, name="20")
  } -> (%20)
}

[20200630 16:33:18 INFO /Volumes/data/work/1duo-coremltools/coremltools/converters/mil/backend/nn/passes/nn_passes.py:22] Performing passes for nn_backend: "nn_backend::commingle_loop_vars"
[20200630 16:33:18 INFO /Volumes/data/work/1duo-coremltools/coremltools/converters/mil/backend/nn/passes/nn_passes.py:22] Performing passes for nn_backend: "nn_backend::handle_return_inputs_as_outputs"
[20200630 16:33:18 INFO /Volumes/data/work/1duo-coremltools/coremltools/converters/mil/backend/nn/passes/nn_passes.py:22] Performing passes for nn_backend: "common::const_elimination"
[20200630 16:33:18 INFO /Volumes/data/work/1duo-coremltools/coremltools/converters/mil/backend/nn/passes/nn_passes.py:22] Performing passes for nn_backend: "common::dead_code_elimination"
[20200630 16:33:18 INFO /Volumes/data/work/1duo-coremltools/coremltools/converters/mil/backend/nn/passes/nn_passes.py:22] Performing passes for nn_backend: "nn_backend::handle_unused_inputs"
[20200630 16:33:18 INFO /Volumes/data/work/1duo-coremltools/coremltools/converters/mil/backend/nn/passes/nn_passes.py:22] Performing passes for nn_backend: "nn_backend::alert_return_type_cast"
[20200630 16:33:18 DEBUG /Volumes/data/work/1duo-coremltools/coremltools/converters/mil/backend/nn/passes/nn_passes.py:26] Program after nn backend passes:
main(%input: (1, 3, 5, 5, fp32)) {
  block66() {
    %1: (1, 3, 3, 3, fp32)* = const(val=(file_value), name="1")
    %2: (1,fp32)* = const(val=[-0.18703390657901764], name="2")
    %21: (2,i32)* = const(val=[3, 3], name="21")
    %23: (2,i32)* = const(val=[3, 3], name="23")
    %16: (i32)* = const(val=1, name="16")
    %20_pad_type_47: (str)* = const(val="custom", name="20_pad_type_47")
    %20_pad_47: (4,i32)* = const(val=[3, 3, 3, 3], name="20_pad_47")
    %20: (1, 1, 2, 2, fp32) = conv(x=%input, weight=%1, bias=%2, strides=%21, pad_type=%20_pad_type_47, pad=%20_pad_47, dilations=%23, groups=%16, name="20")
  } -> (%20)
}

[20200630 16:33:18 INFO /Volumes/data/work/1duo-coremltools/coremltools/converters/mil/frontend/torch/converter.py:269] Converting graph.
[20200630 16:33:18 INFO /Volumes/data/work/1duo-coremltools/coremltools/converters/mil/mil/builder.py:181] Adding op '1' of type const
[20200630 16:33:18 INFO /Volumes/data/work/1duo-coremltools/coremltools/converters/mil/mil/builder.py:181] Adding op '2' of type const
[20200630 16:33:18 INFO /Volumes/data/work/1duo-coremltools/coremltools/converters/mil/frontend/torch/ops.py:49] Converting op 21 : constant
[20200630 16:33:18 INFO /Volumes/data/work/1duo-coremltools/coremltools/converters/mil/mil/builder.py:181] Adding op '21' of type const
[20200630 16:33:18 INFO /Volumes/data/work/1duo-coremltools/coremltools/converters/mil/frontend/torch/ops.py:49] Converting op 22 : constant
[20200630 16:33:18 INFO /Volumes/data/work/1duo-coremltools/coremltools/converters/mil/mil/builder.py:181] Adding op '22' of type const
[20200630 16:33:18 INFO /Volumes/data/work/1duo-coremltools/coremltools/converters/mil/frontend/torch/ops.py:49] Converting op 23 : constant
[20200630 16:33:18 INFO /Volumes/data/work/1duo-coremltools/coremltools/converters/mil/mil/builder.py:181] Adding op '23' of type const
[20200630 16:33:18 INFO /Volumes/data/work/1duo-coremltools/coremltools/converters/mil/frontend/torch/ops.py:49] Converting op 12 : constant
[20200630 16:33:18 INFO /Volumes/data/work/1duo-coremltools/coremltools/converters/mil/mil/builder.py:181] Adding op '12' of type const
[20200630 16:33:18 INFO /Volumes/data/work/1duo-coremltools/coremltools/converters/mil/frontend/torch/ops.py:49] Converting op 24 : constant
[20200630 16:33:18 INFO /Volumes/data/work/1duo-coremltools/coremltools/converters/mil/mil/builder.py:181] Adding op '24' of type const
[20200630 16:33:18 INFO /Volumes/data/work/1duo-coremltools/coremltools/converters/mil/frontend/torch/ops.py:49] Converting op 16 : constant
[20200630 16:33:18 INFO /Volumes/data/work/1duo-coremltools/coremltools/converters/mil/mil/builder.py:181] Adding op '16' of type const
[20200630 16:33:18 INFO /Volumes/data/work/1duo-coremltools/coremltools/converters/mil/frontend/torch/ops.py:49] Converting op 17 : constant
[20200630 16:33:18 INFO /Volumes/data/work/1duo-coremltools/coremltools/converters/mil/mil/builder.py:181] Adding op '17' of type const
[20200630 16:33:18 INFO /Volumes/data/work/1duo-coremltools/coremltools/converters/mil/frontend/torch/ops.py:49] Converting op 18 : constant
[20200630 16:33:18 INFO /Volumes/data/work/1duo-coremltools/coremltools/converters/mil/mil/builder.py:181] Adding op '18' of type const
[20200630 16:33:18 INFO /Volumes/data/work/1duo-coremltools/coremltools/converters/mil/frontend/torch/ops.py:49] Converting op 19 : constant
[20200630 16:33:18 INFO /Volumes/data/work/1duo-coremltools/coremltools/converters/mil/mil/builder.py:181] Adding op '19' of type const
[20200630 16:33:18 INFO /Volumes/data/work/1duo-coremltools/coremltools/converters/mil/frontend/torch/ops.py:49] Converting op 20 : _convolution
[20200630 16:33:18 INFO /Volumes/data/work/1duo-coremltools/coremltools/converters/mil/mil/builder.py:181] Adding op '20' of type conv
[20200630 16:33:18 DEBUG /Volumes/data/work/1duo-coremltools/coremltools/converters/mil/mil/builder.py:93] Adding const op '20_pad_type_48'
[20200630 16:33:18 INFO /Volumes/data/work/1duo-coremltools/coremltools/converters/mil/mil/builder.py:181] Adding op '20_pad_type_48' of type const
[20200630 16:33:18 DEBUG /Volumes/data/work/1duo-coremltools/coremltools/converters/mil/mil/builder.py:93] Adding const op '20_pad_48'
[20200630 16:33:18 INFO /Volumes/data/work/1duo-coremltools/coremltools/converters/mil/mil/builder.py:181] Adding op '20_pad_48' of type const
[20200630 16:33:18 DEBUG /Volumes/data/work/1duo-coremltools/coremltools/converters/mil/mil/passes/common_pass.py:30] Program before common passes:
main(%input: (1, 3, 5, 5, fp32)) {
  block67() {
    %1: (3, 3, 1, 1, fp32)* = const(val=[[[[-0.5082073211669922]], [[0.15206480026245117]], [[-0.34874334931373596]]], [[[-0.5303407311439514]], [[-0.20656031370162964]], [[0.49552905559539795]]], [[[-0.3024408519268036]], [[-0.10973513126373291]], [[-0.5433306097984314]]]], name="1")
    %2: (3,fp32)* = const(val=[0.27163803577423096, -0.4990747272968292, 0.27052921056747437], name="2")
    %21: (2,i32)* = const(val=[1, 1], name="21")
    %22: (2,i32)* = const(val=[1, 1], name="22")
    %23: (2,i32)* = const(val=[1, 1], name="23")
    %12: (bool)* = const(val=False, name="12")
    %24: (2,i32)* = const(val=[0, 0], name="24")
    %16: (i32)* = const(val=1, name="16")
    %17: (bool)* = const(val=False, name="17")
    %18: (bool)* = const(val=False, name="18")
    %19: (bool)* = const(val=True, name="19")
    %20_pad_type_48: (str)* = const(val="custom", name="20_pad_type_48")
    %20_pad_48: (4,i32)* = const(val=[1, 1, 1, 1], name="20_pad_48")
    %20: (1, 3, 7, 7, fp32) = conv(x=%input, weight=%1, bias=%2, strides=%21, pad_type=%20_pad_type_48, pad=%20_pad_48, dilations=%23, groups=%16, name="20")
  } -> (%20)
}

[20200630 16:33:18 INFO /Volumes/data/work/1duo-coremltools/coremltools/converters/mil/mil/passes/common_pass.py:34] Performing pass: "common::const_elimination"
[20200630 16:33:18 INFO /Volumes/data/work/1duo-coremltools/coremltools/converters/mil/mil/passes/common_pass.py:34] Performing pass: "common::divide_to_multiply"
[20200630 16:33:18 INFO /Volumes/data/work/1duo-coremltools/coremltools/converters/mil/mil/passes/common_pass.py:34] Performing pass: "common::fuse_matmul_weight_bias"
[20200630 16:33:18 INFO /Volumes/data/work/1duo-coremltools/coremltools/converters/mil/mil/passes/common_pass.py:34] Performing pass: "common::const_elimination"
[20200630 16:33:18 INFO /Volumes/data/work/1duo-coremltools/coremltools/converters/mil/mil/passes/common_pass.py:34] Performing pass: "common::loop_invariant_elimination"
[20200630 16:33:18 INFO /Volumes/data/work/1duo-coremltools/coremltools/converters/mil/mil/passes/common_pass.py:34] Performing pass: "common::remove_symbolic_reshape"
[20200630 16:33:18 INFO /Volumes/data/work/1duo-coremltools/coremltools/converters/mil/mil/passes/remove_symbolic_reshape.py:104] remove_symbolic_reshape: changed 0 reshapes.
[20200630 16:33:18 INFO /Volumes/data/work/1duo-coremltools/coremltools/converters/mil/mil/passes/common_pass.py:34] Performing pass: "common::fuse_gelu_tanh_approximation"
[20200630 16:33:18 INFO /Volumes/data/work/1duo-coremltools/coremltools/converters/mil/mil/passes/common_pass.py:34] Performing pass: "common::reduce_transposes"
[20200630 16:33:18 DEBUG /Volumes/data/work/1duo-coremltools/coremltools/converters/mil/mil/passes/reduce_transposes.py:989] Block before optimize transpose transform:
function(%input: (1, 3, 5, 5, fp32)) {
  block67() {
    %1: (3, 3, 1, 1, fp32)* = const(val=[[[[-0.5082073211669922]], [[0.15206480026245117]], [[-0.34874334931373596]]], [[[-0.5303407311439514]], [[-0.20656031370162964]], [[0.49552905559539795]]], [[[-0.3024408519268036]], [[-0.10973513126373291]], [[-0.5433306097984314]]]], name="1")
    %2: (3,fp32)* = const(val=[0.27163803577423096, -0.4990747272968292, 0.27052921056747437], name="2")
    %21: (2,i32)* = const(val=[1, 1], name="21")
    %22: (2,i32)* = const(val=[1, 1], name="22")
    %23: (2,i32)* = const(val=[1, 1], name="23")
    %12: (bool)* = const(val=False, name="12")
    %24: (2,i32)* = const(val=[0, 0], name="24")
    %16: (i32)* = const(val=1, name="16")
    %17: (bool)* = const(val=False, name="17")
    %18: (bool)* = const(val=False, name="18")
    %19: (bool)* = const(val=True, name="19")
    %20_pad_type_48: (str)* = const(val="custom", name="20_pad_type_48")
    %20_pad_48: (4,i32)* = const(val=[1, 1, 1, 1], name="20_pad_48")
    %20: (1, 3, 7, 7, fp32) = conv(x=%input, weight=%1, bias=%2, strides=%21, pad_type=%20_pad_type_48, pad=%20_pad_48, dilations=%23, groups=%16, name="20")
  } -> (%20)
}

[20200630 16:33:18 DEBUG /Volumes/data/work/1duo-coremltools/coremltools/converters/mil/mil/passes/reduce_transposes.py:1024] Block after optimize transpose transform:
function(%input: (1, 3, 5, 5, fp32)) {
  block67() {
    %1: (3, 3, 1, 1, fp32)* = const(val=[[[[-0.5082073211669922]], [[0.15206480026245117]], [[-0.34874334931373596]]], [[[-0.5303407311439514]], [[-0.20656031370162964]], [[0.49552905559539795]]], [[[-0.3024408519268036]], [[-0.10973513126373291]], [[-0.5433306097984314]]]], name="1")
    %2: (3,fp32)* = const(val=[0.27163803577423096, -0.4990747272968292, 0.27052921056747437], name="2")
    %21: (2,i32)* = const(val=[1, 1], name="21")
    %22: (2,i32)* = const(val=[1, 1], name="22")
    %23: (2,i32)* = const(val=[1, 1], name="23")
    %12: (bool)* = const(val=False, name="12")
    %24: (2,i32)* = const(val=[0, 0], name="24")
    %16: (i32)* = const(val=1, name="16")
    %17: (bool)* = const(val=False, name="17")
    %18: (bool)* = const(val=False, name="18")
    %19: (bool)* = const(val=True, name="19")
    %20_pad_type_48: (str)* = const(val="custom", name="20_pad_type_48")
    %20_pad_48: (4,i32)* = const(val=[1, 1, 1, 1], name="20_pad_48")
    %20: (1, 3, 7, 7, fp32) = conv(x=%input, weight=%1, bias=%2, strides=%21, pad_type=%20_pad_type_48, pad=%20_pad_48, dilations=%23, groups=%16, name="20")
  } -> (%20)
}

[20200630 16:33:18 INFO /Volumes/data/work/1duo-coremltools/coremltools/converters/mil/mil/passes/common_pass.py:34] Performing pass: "common::fuse_bias_conv"
[20200630 16:33:18 INFO /Volumes/data/work/1duo-coremltools/coremltools/converters/mil/mil/passes/common_pass.py:34] Performing pass: "common::fuse_elementwise_to_batchnorm"
[20200630 16:33:18 INFO /Volumes/data/work/1duo-coremltools/coremltools/converters/mil/mil/passes/common_pass.py:34] Performing pass: "common::fuse_onehot_matmul_to_gather"
[20200630 16:33:18 INFO /Volumes/data/work/1duo-coremltools/coremltools/converters/mil/mil/passes/common_pass.py:34] Performing pass: "common::fuse_layernorm_or_instancenorm"
[20200630 16:33:18 INFO /Volumes/data/work/1duo-coremltools/coremltools/converters/mil/mil/passes/common_pass.py:34] Performing pass: "common::dead_code_elimination"
[20200630 16:33:18 INFO /Volumes/data/work/1duo-coremltools/coremltools/converters/mil/mil/passes/dead_code_elimination.py:35] Removing op "19" (type: const)
[20200630 16:33:18 INFO /Volumes/data/work/1duo-coremltools/coremltools/converters/mil/mil/passes/dead_code_elimination.py:35] Removing op "18" (type: const)
[20200630 16:33:18 INFO /Volumes/data/work/1duo-coremltools/coremltools/converters/mil/mil/passes/dead_code_elimination.py:35] Removing op "17" (type: const)
[20200630 16:33:18 INFO /Volumes/data/work/1duo-coremltools/coremltools/converters/mil/mil/passes/dead_code_elimination.py:35] Removing op "24" (type: const)
[20200630 16:33:18 INFO /Volumes/data/work/1duo-coremltools/coremltools/converters/mil/mil/passes/dead_code_elimination.py:35] Removing op "12" (type: const)
[20200630 16:33:18 INFO /Volumes/data/work/1duo-coremltools/coremltools/converters/mil/mil/passes/dead_code_elimination.py:35] Removing op "22" (type: const)
[20200630 16:33:18 DEBUG /Volumes/data/work/1duo-coremltools/coremltools/converters/mil/mil/passes/common_pass.py:38] Program after common passes:
main(%input: (1, 3, 5, 5, fp32)) {
  block67() {
    %1: (3, 3, 1, 1, fp32)* = const(val=[[[[-0.5082073211669922]], [[0.15206480026245117]], [[-0.34874334931373596]]], [[[-0.5303407311439514]], [[-0.20656031370162964]], [[0.49552905559539795]]], [[[-0.3024408519268036]], [[-0.10973513126373291]], [[-0.5433306097984314]]]], name="1")
    %2: (3,fp32)* = const(val=[0.27163803577423096, -0.4990747272968292, 0.27052921056747437], name="2")
    %21: (2,i32)* = const(val=[1, 1], name="21")
    %23: (2,i32)* = const(val=[1, 1], name="23")
    %16: (i32)* = const(val=1, name="16")
    %20_pad_type_48: (str)* = const(val="custom", name="20_pad_type_48")
    %20_pad_48: (4,i32)* = const(val=[1, 1, 1, 1], name="20_pad_48")
    %20: (1, 3, 7, 7, fp32) = conv(x=%input, weight=%1, bias=%2, strides=%21, pad_type=%20_pad_type_48, pad=%20_pad_48, dilations=%23, groups=%16, name="20")
  } -> (%20)
}

[20200630 16:33:18 INFO /Volumes/data/work/1duo-coremltools/coremltools/converters/mil/backend/nn/passes/nn_passes.py:22] Performing passes for nn_backend: "nn_backend::commingle_loop_vars"
[20200630 16:33:18 INFO /Volumes/data/work/1duo-coremltools/coremltools/converters/mil/backend/nn/passes/nn_passes.py:22] Performing passes for nn_backend: "nn_backend::handle_return_inputs_as_outputs"
[20200630 16:33:18 INFO /Volumes/data/work/1duo-coremltools/coremltools/converters/mil/backend/nn/passes/nn_passes.py:22] Performing passes for nn_backend: "common::const_elimination"
[20200630 16:33:18 INFO /Volumes/data/work/1duo-coremltools/coremltools/converters/mil/backend/nn/passes/nn_passes.py:22] Performing passes for nn_backend: "common::dead_code_elimination"
[20200630 16:33:18 INFO /Volumes/data/work/1duo-coremltools/coremltools/converters/mil/backend/nn/passes/nn_passes.py:22] Performing passes for nn_backend: "nn_backend::handle_unused_inputs"
[20200630 16:33:18 INFO /Volumes/data/work/1duo-coremltools/coremltools/converters/mil/backend/nn/passes/nn_passes.py:22] Performing passes for nn_backend: "nn_backend::alert_return_type_cast"
[20200630 16:33:18 DEBUG /Volumes/data/work/1duo-coremltools/coremltools/converters/mil/backend/nn/passes/nn_passes.py:26] Program after nn backend passes:
main(%input: (1, 3, 5, 5, fp32)) {
  block67() {
    %1: (3, 3, 1, 1, fp32)* = const(val=[[[[-0.5082073211669922]], [[0.15206480026245117]], [[-0.34874334931373596]]], [[[-0.5303407311439514]], [[-0.20656031370162964]], [[0.49552905559539795]]], [[[-0.3024408519268036]], [[-0.10973513126373291]], [[-0.5433306097984314]]]], name="1")
    %2: (3,fp32)* = const(val=[0.27163803577423096, -0.4990747272968292, 0.27052921056747437], name="2")
    %21: (2,i32)* = const(val=[1, 1], name="21")
    %23: (2,i32)* = const(val=[1, 1], name="23")
    %16: (i32)* = const(val=1, name="16")
    %20_pad_type_48: (str)* = const(val="custom", name="20_pad_type_48")
    %20_pad_48: (4,i32)* = const(val=[1, 1, 1, 1], name="20_pad_48")
    %20: (1, 3, 7, 7, fp32) = conv(x=%input, weight=%1, bias=%2, strides=%21, pad_type=%20_pad_type_48, pad=%20_pad_48, dilations=%23, groups=%16, name="20")
  } -> (%20)
}

[20200630 16:33:18 INFO /Volumes/data/work/1duo-coremltools/coremltools/converters/mil/frontend/torch/converter.py:269] Converting graph.
[20200630 16:33:18 INFO /Volumes/data/work/1duo-coremltools/coremltools/converters/mil/mil/builder.py:181] Adding op '1' of type const
[20200630 16:33:18 INFO /Volumes/data/work/1duo-coremltools/coremltools/converters/mil/mil/builder.py:181] Adding op '2' of type const
[20200630 16:33:18 INFO /Volumes/data/work/1duo-coremltools/coremltools/converters/mil/frontend/torch/ops.py:49] Converting op 21 : constant
[20200630 16:33:18 INFO /Volumes/data/work/1duo-coremltools/coremltools/converters/mil/mil/builder.py:181] Adding op '21' of type const
[20200630 16:33:18 INFO /Volumes/data/work/1duo-coremltools/coremltools/converters/mil/frontend/torch/ops.py:49] Converting op 22 : constant
[20200630 16:33:18 INFO /Volumes/data/work/1duo-coremltools/coremltools/converters/mil/mil/builder.py:181] Adding op '22' of type const
[20200630 16:33:18 INFO /Volumes/data/work/1duo-coremltools/coremltools/converters/mil/frontend/torch/ops.py:49] Converting op 23 : constant
[20200630 16:33:18 INFO /Volumes/data/work/1duo-coremltools/coremltools/converters/mil/mil/builder.py:181] Adding op '23' of type const
[20200630 16:33:18 INFO /Volumes/data/work/1duo-coremltools/coremltools/converters/mil/frontend/torch/ops.py:49] Converting op 12 : constant
[20200630 16:33:18 INFO /Volumes/data/work/1duo-coremltools/coremltools/converters/mil/mil/builder.py:181] Adding op '12' of type const
[20200630 16:33:18 INFO /Volumes/data/work/1duo-coremltools/coremltools/converters/mil/frontend/torch/ops.py:49] Converting op 24 : constant
[20200630 16:33:18 INFO /Volumes/data/work/1duo-coremltools/coremltools/converters/mil/mil/builder.py:181] Adding op '24' of type const
[20200630 16:33:18 INFO /Volumes/data/work/1duo-coremltools/coremltools/converters/mil/frontend/torch/ops.py:49] Converting op 16 : constant
[20200630 16:33:18 INFO /Volumes/data/work/1duo-coremltools/coremltools/converters/mil/mil/builder.py:181] Adding op '16' of type const
[20200630 16:33:18 INFO /Volumes/data/work/1duo-coremltools/coremltools/converters/mil/frontend/torch/ops.py:49] Converting op 17 : constant
[20200630 16:33:18 INFO /Volumes/data/work/1duo-coremltools/coremltools/converters/mil/mil/builder.py:181] Adding op '17' of type const
[20200630 16:33:18 INFO /Volumes/data/work/1duo-coremltools/coremltools/converters/mil/frontend/torch/ops.py:49] Converting op 18 : constant
[20200630 16:33:18 INFO /Volumes/data/work/1duo-coremltools/coremltools/converters/mil/mil/builder.py:181] Adding op '18' of type const
[20200630 16:33:18 INFO /Volumes/data/work/1duo-coremltools/coremltools/converters/mil/frontend/torch/ops.py:49] Converting op 19 : constant
[20200630 16:33:18 INFO /Volumes/data/work/1duo-coremltools/coremltools/converters/mil/mil/builder.py:181] Adding op '19' of type const
[20200630 16:33:18 INFO /Volumes/data/work/1duo-coremltools/coremltools/converters/mil/frontend/torch/ops.py:49] Converting op 20 : _convolution
[20200630 16:33:18 INFO /Volumes/data/work/1duo-coremltools/coremltools/converters/mil/mil/builder.py:181] Adding op '20' of type conv
[20200630 16:33:18 DEBUG /Volumes/data/work/1duo-coremltools/coremltools/converters/mil/mil/builder.py:93] Adding const op '20_pad_type_49'
[20200630 16:33:18 INFO /Volumes/data/work/1duo-coremltools/coremltools/converters/mil/mil/builder.py:181] Adding op '20_pad_type_49' of type const
[20200630 16:33:18 DEBUG /Volumes/data/work/1duo-coremltools/coremltools/converters/mil/mil/builder.py:93] Adding const op '20_pad_49'
[20200630 16:33:18 INFO /Volumes/data/work/1duo-coremltools/coremltools/converters/mil/mil/builder.py:181] Adding op '20_pad_49' of type const
[20200630 16:33:18 DEBUG /Volumes/data/work/1duo-coremltools/coremltools/converters/mil/mil/passes/common_pass.py:30] Program before common passes:
main(%input: (1, 3, 5, 5, fp32)) {
  block68() {
    %1: (3, 3, 1, 1, fp32)* = const(val=[[[[0.3547714352607727]], [[-0.2663314640522003]], [[-0.2819838523864746]]], [[[0.5143500566482544]], [[-0.27577537298202515]], [[0.33892303705215454]]], [[[-0.16424480080604553]], [[-0.36699676513671875]], [[-0.5301721096038818]]]], name="1")
    %2: (3,fp32)* = const(val=[0.37674272060394287, 0.3365488052368164, 0.3259754776954651], name="2")
    %21: (2,i32)* = const(val=[1, 1], name="21")
    %22: (2,i32)* = const(val=[1, 1], name="22")
    %23: (2,i32)* = const(val=[3, 3], name="23")
    %12: (bool)* = const(val=False, name="12")
    %24: (2,i32)* = const(val=[0, 0], name="24")
    %16: (i32)* = const(val=1, name="16")
    %17: (bool)* = const(val=False, name="17")
    %18: (bool)* = const(val=False, name="18")
    %19: (bool)* = const(val=True, name="19")
    %20_pad_type_49: (str)* = const(val="custom", name="20_pad_type_49")
    %20_pad_49: (4,i32)* = const(val=[1, 1, 1, 1], name="20_pad_49")
    %20: (1, 3, 7, 7, fp32) = conv(x=%input, weight=%1, bias=%2, strides=%21, pad_type=%20_pad_type_49, pad=%20_pad_49, dilations=%23, groups=%16, name="20")
  } -> (%20)
}

[20200630 16:33:18 INFO /Volumes/data/work/1duo-coremltools/coremltools/converters/mil/mil/passes/common_pass.py:34] Performing pass: "common::const_elimination"
[20200630 16:33:18 INFO /Volumes/data/work/1duo-coremltools/coremltools/converters/mil/mil/passes/common_pass.py:34] Performing pass: "common::divide_to_multiply"
[20200630 16:33:18 INFO /Volumes/data/work/1duo-coremltools/coremltools/converters/mil/mil/passes/common_pass.py:34] Performing pass: "common::fuse_matmul_weight_bias"
[20200630 16:33:18 INFO /Volumes/data/work/1duo-coremltools/coremltools/converters/mil/mil/passes/common_pass.py:34] Performing pass: "common::const_elimination"
[20200630 16:33:18 INFO /Volumes/data/work/1duo-coremltools/coremltools/converters/mil/mil/passes/common_pass.py:34] Performing pass: "common::loop_invariant_elimination"
[20200630 16:33:18 INFO /Volumes/data/work/1duo-coremltools/coremltools/converters/mil/mil/passes/common_pass.py:34] Performing pass: "common::remove_symbolic_reshape"
[20200630 16:33:18 INFO /Volumes/data/work/1duo-coremltools/coremltools/converters/mil/mil/passes/remove_symbolic_reshape.py:104] remove_symbolic_reshape: changed 0 reshapes.
[20200630 16:33:18 INFO /Volumes/data/work/1duo-coremltools/coremltools/converters/mil/mil/passes/common_pass.py:34] Performing pass: "common::fuse_gelu_tanh_approximation"
[20200630 16:33:18 INFO /Volumes/data/work/1duo-coremltools/coremltools/converters/mil/mil/passes/common_pass.py:34] Performing pass: "common::reduce_transposes"
[20200630 16:33:18 DEBUG /Volumes/data/work/1duo-coremltools/coremltools/converters/mil/mil/passes/reduce_transposes.py:989] Block before optimize transpose transform:
function(%input: (1, 3, 5, 5, fp32)) {
  block68() {
    %1: (3, 3, 1, 1, fp32)* = const(val=[[[[0.3547714352607727]], [[-0.2663314640522003]], [[-0.2819838523864746]]], [[[0.5143500566482544]], [[-0.27577537298202515]], [[0.33892303705215454]]], [[[-0.16424480080604553]], [[-0.36699676513671875]], [[-0.5301721096038818]]]], name="1")
    %2: (3,fp32)* = const(val=[0.37674272060394287, 0.3365488052368164, 0.3259754776954651], name="2")
    %21: (2,i32)* = const(val=[1, 1], name="21")
    %22: (2,i32)* = const(val=[1, 1], name="22")
    %23: (2,i32)* = const(val=[3, 3], name="23")
    %12: (bool)* = const(val=False, name="12")
    %24: (2,i32)* = const(val=[0, 0], name="24")
    %16: (i32)* = const(val=1, name="16")
    %17: (bool)* = const(val=False, name="17")
    %18: (bool)* = const(val=False, name="18")
    %19: (bool)* = const(val=True, name="19")
    %20_pad_type_49: (str)* = const(val="custom", name="20_pad_type_49")
    %20_pad_49: (4,i32)* = const(val=[1, 1, 1, 1], name="20_pad_49")
    %20: (1, 3, 7, 7, fp32) = conv(x=%input, weight=%1, bias=%2, strides=%21, pad_type=%20_pad_type_49, pad=%20_pad_49, dilations=%23, groups=%16, name="20")
  } -> (%20)
}

[20200630 16:33:18 DEBUG /Volumes/data/work/1duo-coremltools/coremltools/converters/mil/mil/passes/reduce_transposes.py:1024] Block after optimize transpose transform:
function(%input: (1, 3, 5, 5, fp32)) {
  block68() {
    %1: (3, 3, 1, 1, fp32)* = const(val=[[[[0.3547714352607727]], [[-0.2663314640522003]], [[-0.2819838523864746]]], [[[0.5143500566482544]], [[-0.27577537298202515]], [[0.33892303705215454]]], [[[-0.16424480080604553]], [[-0.36699676513671875]], [[-0.5301721096038818]]]], name="1")
    %2: (3,fp32)* = const(val=[0.37674272060394287, 0.3365488052368164, 0.3259754776954651], name="2")
    %21: (2,i32)* = const(val=[1, 1], name="21")
    %22: (2,i32)* = const(val=[1, 1], name="22")
    %23: (2,i32)* = const(val=[3, 3], name="23")
    %12: (bool)* = const(val=False, name="12")
    %24: (2,i32)* = const(val=[0, 0], name="24")
    %16: (i32)* = const(val=1, name="16")
    %17: (bool)* = const(val=False, name="17")
    %18: (bool)* = const(val=False, name="18")
    %19: (bool)* = const(val=True, name="19")
    %20_pad_type_49: (str)* = const(val="custom", name="20_pad_type_49")
    %20_pad_49: (4,i32)* = const(val=[1, 1, 1, 1], name="20_pad_49")
    %20: (1, 3, 7, 7, fp32) = conv(x=%input, weight=%1, bias=%2, strides=%21, pad_type=%20_pad_type_49, pad=%20_pad_49, dilations=%23, groups=%16, name="20")
  } -> (%20)
}

[20200630 16:33:18 INFO /Volumes/data/work/1duo-coremltools/coremltools/converters/mil/mil/passes/common_pass.py:34] Performing pass: "common::fuse_bias_conv"
[20200630 16:33:18 INFO /Volumes/data/work/1duo-coremltools/coremltools/converters/mil/mil/passes/common_pass.py:34] Performing pass: "common::fuse_elementwise_to_batchnorm"
[20200630 16:33:18 INFO /Volumes/data/work/1duo-coremltools/coremltools/converters/mil/mil/passes/common_pass.py:34] Performing pass: "common::fuse_onehot_matmul_to_gather"
[20200630 16:33:18 INFO /Volumes/data/work/1duo-coremltools/coremltools/converters/mil/mil/passes/common_pass.py:34] Performing pass: "common::fuse_layernorm_or_instancenorm"
[20200630 16:33:18 INFO /Volumes/data/work/1duo-coremltools/coremltools/converters/mil/mil/passes/common_pass.py:34] Performing pass: "common::dead_code_elimination"
[20200630 16:33:18 INFO /Volumes/data/work/1duo-coremltools/coremltools/converters/mil/mil/passes/dead_code_elimination.py:35] Removing op "19" (type: const)
[20200630 16:33:18 INFO /Volumes/data/work/1duo-coremltools/coremltools/converters/mil/mil/passes/dead_code_elimination.py:35] Removing op "18" (type: const)
[20200630 16:33:18 INFO /Volumes/data/work/1duo-coremltools/coremltools/converters/mil/mil/passes/dead_code_elimination.py:35] Removing op "17" (type: const)
[20200630 16:33:18 INFO /Volumes/data/work/1duo-coremltools/coremltools/converters/mil/mil/passes/dead_code_elimination.py:35] Removing op "24" (type: const)
[20200630 16:33:18 INFO /Volumes/data/work/1duo-coremltools/coremltools/converters/mil/mil/passes/dead_code_elimination.py:35] Removing op "12" (type: const)
[20200630 16:33:18 INFO /Volumes/data/work/1duo-coremltools/coremltools/converters/mil/mil/passes/dead_code_elimination.py:35] Removing op "22" (type: const)
[20200630 16:33:18 DEBUG /Volumes/data/work/1duo-coremltools/coremltools/converters/mil/mil/passes/common_pass.py:38] Program after common passes:
main(%input: (1, 3, 5, 5, fp32)) {
  block68() {
    %1: (3, 3, 1, 1, fp32)* = const(val=[[[[0.3547714352607727]], [[-0.2663314640522003]], [[-0.2819838523864746]]], [[[0.5143500566482544]], [[-0.27577537298202515]], [[0.33892303705215454]]], [[[-0.16424480080604553]], [[-0.36699676513671875]], [[-0.5301721096038818]]]], name="1")
    %2: (3,fp32)* = const(val=[0.37674272060394287, 0.3365488052368164, 0.3259754776954651], name="2")
    %21: (2,i32)* = const(val=[1, 1], name="21")
    %23: (2,i32)* = const(val=[3, 3], name="23")
    %16: (i32)* = const(val=1, name="16")
    %20_pad_type_49: (str)* = const(val="custom", name="20_pad_type_49")
    %20_pad_49: (4,i32)* = const(val=[1, 1, 1, 1], name="20_pad_49")
    %20: (1, 3, 7, 7, fp32) = conv(x=%input, weight=%1, bias=%2, strides=%21, pad_type=%20_pad_type_49, pad=%20_pad_49, dilations=%23, groups=%16, name="20")
  } -> (%20)
}

[20200630 16:33:18 INFO /Volumes/data/work/1duo-coremltools/coremltools/converters/mil/backend/nn/passes/nn_passes.py:22] Performing passes for nn_backend: "nn_backend::commingle_loop_vars"
[20200630 16:33:18 INFO /Volumes/data/work/1duo-coremltools/coremltools/converters/mil/backend/nn/passes/nn_passes.py:22] Performing passes for nn_backend: "nn_backend::handle_return_inputs_as_outputs"
[20200630 16:33:18 INFO /Volumes/data/work/1duo-coremltools/coremltools/converters/mil/backend/nn/passes/nn_passes.py:22] Performing passes for nn_backend: "common::const_elimination"
[20200630 16:33:18 INFO /Volumes/data/work/1duo-coremltools/coremltools/converters/mil/backend/nn/passes/nn_passes.py:22] Performing passes for nn_backend: "common::dead_code_elimination"
[20200630 16:33:18 INFO /Volumes/data/work/1duo-coremltools/coremltools/converters/mil/backend/nn/passes/nn_passes.py:22] Performing passes for nn_backend: "nn_backend::handle_unused_inputs"
[20200630 16:33:18 INFO /Volumes/data/work/1duo-coremltools/coremltools/converters/mil/backend/nn/passes/nn_passes.py:22] Performing passes for nn_backend: "nn_backend::alert_return_type_cast"
[20200630 16:33:18 DEBUG /Volumes/data/work/1duo-coremltools/coremltools/converters/mil/backend/nn/passes/nn_passes.py:26] Program after nn backend passes:
main(%input: (1, 3, 5, 5, fp32)) {
  block68() {
    %1: (3, 3, 1, 1, fp32)* = const(val=[[[[0.3547714352607727]], [[-0.2663314640522003]], [[-0.2819838523864746]]], [[[0.5143500566482544]], [[-0.27577537298202515]], [[0.33892303705215454]]], [[[-0.16424480080604553]], [[-0.36699676513671875]], [[-0.5301721096038818]]]], name="1")
    %2: (3,fp32)* = const(val=[0.37674272060394287, 0.3365488052368164, 0.3259754776954651], name="2")
    %21: (2,i32)* = const(val=[1, 1], name="21")
    %23: (2,i32)* = const(val=[3, 3], name="23")
    %16: (i32)* = const(val=1, name="16")
    %20_pad_type_49: (str)* = const(val="custom", name="20_pad_type_49")
    %20_pad_49: (4,i32)* = const(val=[1, 1, 1, 1], name="20_pad_49")
    %20: (1, 3, 7, 7, fp32) = conv(x=%input, weight=%1, bias=%2, strides=%21, pad_type=%20_pad_type_49, pad=%20_pad_49, dilations=%23, groups=%16, name="20")
  } -> (%20)
}

[20200630 16:33:18 INFO /Volumes/data/work/1duo-coremltools/coremltools/converters/mil/frontend/torch/converter.py:269] Converting graph.
[20200630 16:33:18 INFO /Volumes/data/work/1duo-coremltools/coremltools/converters/mil/mil/builder.py:181] Adding op '1' of type const
[20200630 16:33:18 INFO /Volumes/data/work/1duo-coremltools/coremltools/converters/mil/mil/builder.py:181] Adding op '2' of type const
[20200630 16:33:18 INFO /Volumes/data/work/1duo-coremltools/coremltools/converters/mil/frontend/torch/ops.py:49] Converting op 21 : constant
[20200630 16:33:18 INFO /Volumes/data/work/1duo-coremltools/coremltools/converters/mil/mil/builder.py:181] Adding op '21' of type const
[20200630 16:33:18 INFO /Volumes/data/work/1duo-coremltools/coremltools/converters/mil/frontend/torch/ops.py:49] Converting op 22 : constant
[20200630 16:33:18 INFO /Volumes/data/work/1duo-coremltools/coremltools/converters/mil/mil/builder.py:181] Adding op '22' of type const
[20200630 16:33:18 INFO /Volumes/data/work/1duo-coremltools/coremltools/converters/mil/frontend/torch/ops.py:49] Converting op 23 : constant
[20200630 16:33:18 INFO /Volumes/data/work/1duo-coremltools/coremltools/converters/mil/mil/builder.py:181] Adding op '23' of type const
[20200630 16:33:18 INFO /Volumes/data/work/1duo-coremltools/coremltools/converters/mil/frontend/torch/ops.py:49] Converting op 12 : constant
[20200630 16:33:18 INFO /Volumes/data/work/1duo-coremltools/coremltools/converters/mil/mil/builder.py:181] Adding op '12' of type const
[20200630 16:33:18 INFO /Volumes/data/work/1duo-coremltools/coremltools/converters/mil/frontend/torch/ops.py:49] Converting op 24 : constant
[20200630 16:33:18 INFO /Volumes/data/work/1duo-coremltools/coremltools/converters/mil/mil/builder.py:181] Adding op '24' of type const
[20200630 16:33:18 INFO /Volumes/data/work/1duo-coremltools/coremltools/converters/mil/frontend/torch/ops.py:49] Converting op 16 : constant
[20200630 16:33:18 INFO /Volumes/data/work/1duo-coremltools/coremltools/converters/mil/mil/builder.py:181] Adding op '16' of type const
[20200630 16:33:18 INFO /Volumes/data/work/1duo-coremltools/coremltools/converters/mil/frontend/torch/ops.py:49] Converting op 17 : constant
[20200630 16:33:18 INFO /Volumes/data/work/1duo-coremltools/coremltools/converters/mil/mil/builder.py:181] Adding op '17' of type const
[20200630 16:33:18 INFO /Volumes/data/work/1duo-coremltools/coremltools/converters/mil/frontend/torch/ops.py:49] Converting op 18 : constant
[20200630 16:33:18 INFO /Volumes/data/work/1duo-coremltools/coremltools/converters/mil/mil/builder.py:181] Adding op '18' of type const
[20200630 16:33:18 INFO /Volumes/data/work/1duo-coremltools/coremltools/converters/mil/frontend/torch/ops.py:49] Converting op 19 : constant
[20200630 16:33:18 INFO /Volumes/data/work/1duo-coremltools/coremltools/converters/mil/mil/builder.py:181] Adding op '19' of type const
[20200630 16:33:18 INFO /Volumes/data/work/1duo-coremltools/coremltools/converters/mil/frontend/torch/ops.py:49] Converting op 20 : _convolution
[20200630 16:33:18 INFO /Volumes/data/work/1duo-coremltools/coremltools/converters/mil/mil/builder.py:181] Adding op '20' of type conv
[20200630 16:33:18 DEBUG /Volumes/data/work/1duo-coremltools/coremltools/converters/mil/mil/builder.py:93] Adding const op '20_pad_type_50'
[20200630 16:33:18 INFO /Volumes/data/work/1duo-coremltools/coremltools/converters/mil/mil/builder.py:181] Adding op '20_pad_type_50' of type const
[20200630 16:33:18 DEBUG /Volumes/data/work/1duo-coremltools/coremltools/converters/mil/mil/builder.py:93] Adding const op '20_pad_50'
[20200630 16:33:18 INFO /Volumes/data/work/1duo-coremltools/coremltools/converters/mil/mil/builder.py:181] Adding op '20_pad_50' of type const
[20200630 16:33:18 DEBUG /Volumes/data/work/1duo-coremltools/coremltools/converters/mil/mil/passes/common_pass.py:30] Program before common passes:
main(%input: (1, 3, 5, 5, fp32)) {
  block69() {
    %1: (3, 3, 1, 1, fp32)* = const(val=[[[[0.4152764678001404]], [[-0.23476415872573853]], [[0.035083234310150146]]], [[[0.2090005874633789]], [[0.1515774130821228]], [[0.08242923021316528]]], [[[-0.3110496699810028]], [[0.5397176742553711]], [[0.22225350141525269]]]], name="1")
    %2: (3,fp32)* = const(val=[-0.49451392889022827, -0.1347799003124237, -0.06821978092193604], name="2")
    %21: (2,i32)* = const(val=[1, 1], name="21")
    %22: (2,i32)* = const(val=[3, 3], name="22")
    %23: (2,i32)* = const(val=[1, 1], name="23")
    %12: (bool)* = const(val=False, name="12")
    %24: (2,i32)* = const(val=[0, 0], name="24")
    %16: (i32)* = const(val=1, name="16")
    %17: (bool)* = const(val=False, name="17")
    %18: (bool)* = const(val=False, name="18")
    %19: (bool)* = const(val=True, name="19")
    %20_pad_type_50: (str)* = const(val="custom", name="20_pad_type_50")
    %20_pad_50: (4,i32)* = const(val=[3, 3, 3, 3], name="20_pad_50")
    %20: (1, 3, 11, 11, fp32) = conv(x=%input, weight=%1, bias=%2, strides=%21, pad_type=%20_pad_type_50, pad=%20_pad_50, dilations=%23, groups=%16, name="20")
  } -> (%20)
}

[20200630 16:33:18 INFO /Volumes/data/work/1duo-coremltools/coremltools/converters/mil/mil/passes/common_pass.py:34] Performing pass: "common::const_elimination"
[20200630 16:33:18 INFO /Volumes/data/work/1duo-coremltools/coremltools/converters/mil/mil/passes/common_pass.py:34] Performing pass: "common::divide_to_multiply"
[20200630 16:33:18 INFO /Volumes/data/work/1duo-coremltools/coremltools/converters/mil/mil/passes/common_pass.py:34] Performing pass: "common::fuse_matmul_weight_bias"
[20200630 16:33:18 INFO /Volumes/data/work/1duo-coremltools/coremltools/converters/mil/mil/passes/common_pass.py:34] Performing pass: "common::const_elimination"
[20200630 16:33:18 INFO /Volumes/data/work/1duo-coremltools/coremltools/converters/mil/mil/passes/common_pass.py:34] Performing pass: "common::loop_invariant_elimination"
[20200630 16:33:18 INFO /Volumes/data/work/1duo-coremltools/coremltools/converters/mil/mil/passes/common_pass.py:34] Performing pass: "common::remove_symbolic_reshape"
[20200630 16:33:18 INFO /Volumes/data/work/1duo-coremltools/coremltools/converters/mil/mil/passes/remove_symbolic_reshape.py:104] remove_symbolic_reshape: changed 0 reshapes.
[20200630 16:33:18 INFO /Volumes/data/work/1duo-coremltools/coremltools/converters/mil/mil/passes/common_pass.py:34] Performing pass: "common::fuse_gelu_tanh_approximation"
[20200630 16:33:18 INFO /Volumes/data/work/1duo-coremltools/coremltools/converters/mil/mil/passes/common_pass.py:34] Performing pass: "common::reduce_transposes"
[20200630 16:33:18 DEBUG /Volumes/data/work/1duo-coremltools/coremltools/converters/mil/mil/passes/reduce_transposes.py:989] Block before optimize transpose transform:
function(%input: (1, 3, 5, 5, fp32)) {
  block69() {
    %1: (3, 3, 1, 1, fp32)* = const(val=[[[[0.4152764678001404]], [[-0.23476415872573853]], [[0.035083234310150146]]], [[[0.2090005874633789]], [[0.1515774130821228]], [[0.08242923021316528]]], [[[-0.3110496699810028]], [[0.5397176742553711]], [[0.22225350141525269]]]], name="1")
    %2: (3,fp32)* = const(val=[-0.49451392889022827, -0.1347799003124237, -0.06821978092193604], name="2")
    %21: (2,i32)* = const(val=[1, 1], name="21")
    %22: (2,i32)* = const(val=[3, 3], name="22")
    %23: (2,i32)* = const(val=[1, 1], name="23")
    %12: (bool)* = const(val=False, name="12")
    %24: (2,i32)* = const(val=[0, 0], name="24")
    %16: (i32)* = const(val=1, name="16")
    %17: (bool)* = const(val=False, name="17")
    %18: (bool)* = const(val=False, name="18")
    %19: (bool)* = const(val=True, name="19")
    %20_pad_type_50: (str)* = const(val="custom", name="20_pad_type_50")
    %20_pad_50: (4,i32)* = const(val=[3, 3, 3, 3], name="20_pad_50")
    %20: (1, 3, 11, 11, fp32) = conv(x=%input, weight=%1, bias=%2, strides=%21, pad_type=%20_pad_type_50, pad=%20_pad_50, dilations=%23, groups=%16, name="20")
  } -> (%20)
}

[20200630 16:33:18 DEBUG /Volumes/data/work/1duo-coremltools/coremltools/converters/mil/mil/passes/reduce_transposes.py:1024] Block after optimize transpose transform:
function(%input: (1, 3, 5, 5, fp32)) {
  block69() {
    %1: (3, 3, 1, 1, fp32)* = const(val=[[[[0.4152764678001404]], [[-0.23476415872573853]], [[0.035083234310150146]]], [[[0.2090005874633789]], [[0.1515774130821228]], [[0.08242923021316528]]], [[[-0.3110496699810028]], [[0.5397176742553711]], [[0.22225350141525269]]]], name="1")
    %2: (3,fp32)* = const(val=[-0.49451392889022827, -0.1347799003124237, -0.06821978092193604], name="2")
    %21: (2,i32)* = const(val=[1, 1], name="21")
    %22: (2,i32)* = const(val=[3, 3], name="22")
    %23: (2,i32)* = const(val=[1, 1], name="23")
    %12: (bool)* = const(val=False, name="12")
    %24: (2,i32)* = const(val=[0, 0], name="24")
    %16: (i32)* = const(val=1, name="16")
    %17: (bool)* = const(val=False, name="17")
    %18: (bool)* = const(val=False, name="18")
    %19: (bool)* = const(val=True, name="19")
    %20_pad_type_50: (str)* = const(val="custom", name="20_pad_type_50")
    %20_pad_50: (4,i32)* = const(val=[3, 3, 3, 3], name="20_pad_50")
    %20: (1, 3, 11, 11, fp32) = conv(x=%input, weight=%1, bias=%2, strides=%21, pad_type=%20_pad_type_50, pad=%20_pad_50, dilations=%23, groups=%16, name="20")
  } -> (%20)
}

[20200630 16:33:18 INFO /Volumes/data/work/1duo-coremltools/coremltools/converters/mil/mil/passes/common_pass.py:34] Performing pass: "common::fuse_bias_conv"
[20200630 16:33:18 INFO /Volumes/data/work/1duo-coremltools/coremltools/converters/mil/mil/passes/common_pass.py:34] Performing pass: "common::fuse_elementwise_to_batchnorm"
[20200630 16:33:18 INFO /Volumes/data/work/1duo-coremltools/coremltools/converters/mil/mil/passes/common_pass.py:34] Performing pass: "common::fuse_onehot_matmul_to_gather"
[20200630 16:33:18 INFO /Volumes/data/work/1duo-coremltools/coremltools/converters/mil/mil/passes/common_pass.py:34] Performing pass: "common::fuse_layernorm_or_instancenorm"
[20200630 16:33:18 INFO /Volumes/data/work/1duo-coremltools/coremltools/converters/mil/mil/passes/common_pass.py:34] Performing pass: "common::dead_code_elimination"
[20200630 16:33:18 INFO /Volumes/data/work/1duo-coremltools/coremltools/converters/mil/mil/passes/dead_code_elimination.py:35] Removing op "19" (type: const)
[20200630 16:33:18 INFO /Volumes/data/work/1duo-coremltools/coremltools/converters/mil/mil/passes/dead_code_elimination.py:35] Removing op "18" (type: const)
[20200630 16:33:18 INFO /Volumes/data/work/1duo-coremltools/coremltools/converters/mil/mil/passes/dead_code_elimination.py:35] Removing op "17" (type: const)
[20200630 16:33:18 INFO /Volumes/data/work/1duo-coremltools/coremltools/converters/mil/mil/passes/dead_code_elimination.py:35] Removing op "24" (type: const)
[20200630 16:33:18 INFO /Volumes/data/work/1duo-coremltools/coremltools/converters/mil/mil/passes/dead_code_elimination.py:35] Removing op "12" (type: const)
[20200630 16:33:18 INFO /Volumes/data/work/1duo-coremltools/coremltools/converters/mil/mil/passes/dead_code_elimination.py:35] Removing op "22" (type: const)
[20200630 16:33:18 DEBUG /Volumes/data/work/1duo-coremltools/coremltools/converters/mil/mil/passes/common_pass.py:38] Program after common passes:
main(%input: (1, 3, 5, 5, fp32)) {
  block69() {
    %1: (3, 3, 1, 1, fp32)* = const(val=[[[[0.4152764678001404]], [[-0.23476415872573853]], [[0.035083234310150146]]], [[[0.2090005874633789]], [[0.1515774130821228]], [[0.08242923021316528]]], [[[-0.3110496699810028]], [[0.5397176742553711]], [[0.22225350141525269]]]], name="1")
    %2: (3,fp32)* = const(val=[-0.49451392889022827, -0.1347799003124237, -0.06821978092193604], name="2")
    %21: (2,i32)* = const(val=[1, 1], name="21")
    %23: (2,i32)* = const(val=[1, 1], name="23")
    %16: (i32)* = const(val=1, name="16")
    %20_pad_type_50: (str)* = const(val="custom", name="20_pad_type_50")
    %20_pad_50: (4,i32)* = const(val=[3, 3, 3, 3], name="20_pad_50")
    %20: (1, 3, 11, 11, fp32) = conv(x=%input, weight=%1, bias=%2, strides=%21, pad_type=%20_pad_type_50, pad=%20_pad_50, dilations=%23, groups=%16, name="20")
  } -> (%20)
}

[20200630 16:33:18 INFO /Volumes/data/work/1duo-coremltools/coremltools/converters/mil/backend/nn/passes/nn_passes.py:22] Performing passes for nn_backend: "nn_backend::commingle_loop_vars"
[20200630 16:33:18 INFO /Volumes/data/work/1duo-coremltools/coremltools/converters/mil/backend/nn/passes/nn_passes.py:22] Performing passes for nn_backend: "nn_backend::handle_return_inputs_as_outputs"
[20200630 16:33:18 INFO /Volumes/data/work/1duo-coremltools/coremltools/converters/mil/backend/nn/passes/nn_passes.py:22] Performing passes for nn_backend: "common::const_elimination"
[20200630 16:33:18 INFO /Volumes/data/work/1duo-coremltools/coremltools/converters/mil/backend/nn/passes/nn_passes.py:22] Performing passes for nn_backend: "common::dead_code_elimination"
[20200630 16:33:18 INFO /Volumes/data/work/1duo-coremltools/coremltools/converters/mil/backend/nn/passes/nn_passes.py:22] Performing passes for nn_backend: "nn_backend::handle_unused_inputs"
[20200630 16:33:18 INFO /Volumes/data/work/1duo-coremltools/coremltools/converters/mil/backend/nn/passes/nn_passes.py:22] Performing passes for nn_backend: "nn_backend::alert_return_type_cast"
[20200630 16:33:18 DEBUG /Volumes/data/work/1duo-coremltools/coremltools/converters/mil/backend/nn/passes/nn_passes.py:26] Program after nn backend passes:
main(%input: (1, 3, 5, 5, fp32)) {
  block69() {
    %1: (3, 3, 1, 1, fp32)* = const(val=[[[[0.4152764678001404]], [[-0.23476415872573853]], [[0.035083234310150146]]], [[[0.2090005874633789]], [[0.1515774130821228]], [[0.08242923021316528]]], [[[-0.3110496699810028]], [[0.5397176742553711]], [[0.22225350141525269]]]], name="1")
    %2: (3,fp32)* = const(val=[-0.49451392889022827, -0.1347799003124237, -0.06821978092193604], name="2")
    %21: (2,i32)* = const(val=[1, 1], name="21")
    %23: (2,i32)* = const(val=[1, 1], name="23")
    %16: (i32)* = const(val=1, name="16")
    %20_pad_type_50: (str)* = const(val="custom", name="20_pad_type_50")
    %20_pad_50: (4,i32)* = const(val=[3, 3, 3, 3], name="20_pad_50")
    %20: (1, 3, 11, 11, fp32) = conv(x=%input, weight=%1, bias=%2, strides=%21, pad_type=%20_pad_type_50, pad=%20_pad_50, dilations=%23, groups=%16, name="20")
  } -> (%20)
}

[20200630 16:33:18 INFO /Volumes/data/work/1duo-coremltools/coremltools/converters/mil/frontend/torch/converter.py:269] Converting graph.
[20200630 16:33:18 INFO /Volumes/data/work/1duo-coremltools/coremltools/converters/mil/mil/builder.py:181] Adding op '1' of type const
[20200630 16:33:18 INFO /Volumes/data/work/1duo-coremltools/coremltools/converters/mil/mil/builder.py:181] Adding op '2' of type const
[20200630 16:33:18 INFO /Volumes/data/work/1duo-coremltools/coremltools/converters/mil/frontend/torch/ops.py:49] Converting op 21 : constant
[20200630 16:33:18 INFO /Volumes/data/work/1duo-coremltools/coremltools/converters/mil/mil/builder.py:181] Adding op '21' of type const
[20200630 16:33:18 INFO /Volumes/data/work/1duo-coremltools/coremltools/converters/mil/frontend/torch/ops.py:49] Converting op 22 : constant
[20200630 16:33:18 INFO /Volumes/data/work/1duo-coremltools/coremltools/converters/mil/mil/builder.py:181] Adding op '22' of type const
[20200630 16:33:18 INFO /Volumes/data/work/1duo-coremltools/coremltools/converters/mil/frontend/torch/ops.py:49] Converting op 23 : constant
[20200630 16:33:18 INFO /Volumes/data/work/1duo-coremltools/coremltools/converters/mil/mil/builder.py:181] Adding op '23' of type const
[20200630 16:33:18 INFO /Volumes/data/work/1duo-coremltools/coremltools/converters/mil/frontend/torch/ops.py:49] Converting op 12 : constant
[20200630 16:33:18 INFO /Volumes/data/work/1duo-coremltools/coremltools/converters/mil/mil/builder.py:181] Adding op '12' of type const
[20200630 16:33:18 INFO /Volumes/data/work/1duo-coremltools/coremltools/converters/mil/frontend/torch/ops.py:49] Converting op 24 : constant
[20200630 16:33:18 INFO /Volumes/data/work/1duo-coremltools/coremltools/converters/mil/mil/builder.py:181] Adding op '24' of type const
[20200630 16:33:18 INFO /Volumes/data/work/1duo-coremltools/coremltools/converters/mil/frontend/torch/ops.py:49] Converting op 16 : constant
[20200630 16:33:18 INFO /Volumes/data/work/1duo-coremltools/coremltools/converters/mil/mil/builder.py:181] Adding op '16' of type const
[20200630 16:33:18 INFO /Volumes/data/work/1duo-coremltools/coremltools/converters/mil/frontend/torch/ops.py:49] Converting op 17 : constant
[20200630 16:33:18 INFO /Volumes/data/work/1duo-coremltools/coremltools/converters/mil/mil/builder.py:181] Adding op '17' of type const
[20200630 16:33:18 INFO /Volumes/data/work/1duo-coremltools/coremltools/converters/mil/frontend/torch/ops.py:49] Converting op 18 : constant
[20200630 16:33:18 INFO /Volumes/data/work/1duo-coremltools/coremltools/converters/mil/mil/builder.py:181] Adding op '18' of type const
[20200630 16:33:18 INFO /Volumes/data/work/1duo-coremltools/coremltools/converters/mil/frontend/torch/ops.py:49] Converting op 19 : constant
[20200630 16:33:18 INFO /Volumes/data/work/1duo-coremltools/coremltools/converters/mil/mil/builder.py:181] Adding op '19' of type const
[20200630 16:33:18 INFO /Volumes/data/work/1duo-coremltools/coremltools/converters/mil/frontend/torch/ops.py:49] Converting op 20 : _convolution
[20200630 16:33:18 INFO /Volumes/data/work/1duo-coremltools/coremltools/converters/mil/mil/builder.py:181] Adding op '20' of type conv
[20200630 16:33:18 DEBUG /Volumes/data/work/1duo-coremltools/coremltools/converters/mil/mil/builder.py:93] Adding const op '20_pad_type_51'
[20200630 16:33:18 INFO /Volumes/data/work/1duo-coremltools/coremltools/converters/mil/mil/builder.py:181] Adding op '20_pad_type_51' of type const
[20200630 16:33:18 DEBUG /Volumes/data/work/1duo-coremltools/coremltools/converters/mil/mil/builder.py:93] Adding const op '20_pad_51'
[20200630 16:33:18 INFO /Volumes/data/work/1duo-coremltools/coremltools/converters/mil/mil/builder.py:181] Adding op '20_pad_51' of type const
[20200630 16:33:18 DEBUG /Volumes/data/work/1duo-coremltools/coremltools/converters/mil/mil/passes/common_pass.py:30] Program before common passes:
main(%input: (1, 3, 5, 5, fp32)) {
  block70() {
    %1: (3, 3, 1, 1, fp32)* = const(val=[[[[0.12931972742080688]], [[0.12826400995254517]], [[-0.25956639647483826]]], [[[0.3081473112106323]], [[-0.019882380962371826]], [[-0.04187268018722534]]], [[[0.2538629174232483]], [[-0.008503377437591553]], [[0.4289313554763794]]]], name="1")
    %2: (3,fp32)* = const(val=[-0.12916895747184753, -0.13407856225967407, 0.49409210681915283], name="2")
    %21: (2,i32)* = const(val=[1, 1], name="21")
    %22: (2,i32)* = const(val=[3, 3], name="22")
    %23: (2,i32)* = const(val=[3, 3], name="23")
    %12: (bool)* = const(val=False, name="12")
    %24: (2,i32)* = const(val=[0, 0], name="24")
    %16: (i32)* = const(val=1, name="16")
    %17: (bool)* = const(val=False, name="17")
    %18: (bool)* = const(val=False, name="18")
    %19: (bool)* = const(val=True, name="19")
    %20_pad_type_51: (str)* = const(val="custom", name="20_pad_type_51")
    %20_pad_51: (4,i32)* = const(val=[3, 3, 3, 3], name="20_pad_51")
    %20: (1, 3, 11, 11, fp32) = conv(x=%input, weight=%1, bias=%2, strides=%21, pad_type=%20_pad_type_51, pad=%20_pad_51, dilations=%23, groups=%16, name="20")
  } -> (%20)
}

[20200630 16:33:18 INFO /Volumes/data/work/1duo-coremltools/coremltools/converters/mil/mil/passes/common_pass.py:34] Performing pass: "common::const_elimination"
[20200630 16:33:18 INFO /Volumes/data/work/1duo-coremltools/coremltools/converters/mil/mil/passes/common_pass.py:34] Performing pass: "common::divide_to_multiply"
[20200630 16:33:18 INFO /Volumes/data/work/1duo-coremltools/coremltools/converters/mil/mil/passes/common_pass.py:34] Performing pass: "common::fuse_matmul_weight_bias"
[20200630 16:33:18 INFO /Volumes/data/work/1duo-coremltools/coremltools/converters/mil/mil/passes/common_pass.py:34] Performing pass: "common::const_elimination"
[20200630 16:33:18 INFO /Volumes/data/work/1duo-coremltools/coremltools/converters/mil/mil/passes/common_pass.py:34] Performing pass: "common::loop_invariant_elimination"
[20200630 16:33:18 INFO /Volumes/data/work/1duo-coremltools/coremltools/converters/mil/mil/passes/common_pass.py:34] Performing pass: "common::remove_symbolic_reshape"
[20200630 16:33:18 INFO /Volumes/data/work/1duo-coremltools/coremltools/converters/mil/mil/passes/remove_symbolic_reshape.py:104] remove_symbolic_reshape: changed 0 reshapes.
[20200630 16:33:18 INFO /Volumes/data/work/1duo-coremltools/coremltools/converters/mil/mil/passes/common_pass.py:34] Performing pass: "common::fuse_gelu_tanh_approximation"
[20200630 16:33:18 INFO /Volumes/data/work/1duo-coremltools/coremltools/converters/mil/mil/passes/common_pass.py:34] Performing pass: "common::reduce_transposes"
[20200630 16:33:18 DEBUG /Volumes/data/work/1duo-coremltools/coremltools/converters/mil/mil/passes/reduce_transposes.py:989] Block before optimize transpose transform:
function(%input: (1, 3, 5, 5, fp32)) {
  block70() {
    %1: (3, 3, 1, 1, fp32)* = const(val=[[[[0.12931972742080688]], [[0.12826400995254517]], [[-0.25956639647483826]]], [[[0.3081473112106323]], [[-0.019882380962371826]], [[-0.04187268018722534]]], [[[0.2538629174232483]], [[-0.008503377437591553]], [[0.4289313554763794]]]], name="1")
    %2: (3,fp32)* = const(val=[-0.12916895747184753, -0.13407856225967407, 0.49409210681915283], name="2")
    %21: (2,i32)* = const(val=[1, 1], name="21")
    %22: (2,i32)* = const(val=[3, 3], name="22")
    %23: (2,i32)* = const(val=[3, 3], name="23")
    %12: (bool)* = const(val=False, name="12")
    %24: (2,i32)* = const(val=[0, 0], name="24")
    %16: (i32)* = const(val=1, name="16")
    %17: (bool)* = const(val=False, name="17")
    %18: (bool)* = const(val=False, name="18")
    %19: (bool)* = const(val=True, name="19")
    %20_pad_type_51: (str)* = const(val="custom", name="20_pad_type_51")
    %20_pad_51: (4,i32)* = const(val=[3, 3, 3, 3], name="20_pad_51")
    %20: (1, 3, 11, 11, fp32) = conv(x=%input, weight=%1, bias=%2, strides=%21, pad_type=%20_pad_type_51, pad=%20_pad_51, dilations=%23, groups=%16, name="20")
  } -> (%20)
}

[20200630 16:33:18 DEBUG /Volumes/data/work/1duo-coremltools/coremltools/converters/mil/mil/passes/reduce_transposes.py:1024] Block after optimize transpose transform:
function(%input: (1, 3, 5, 5, fp32)) {
  block70() {
    %1: (3, 3, 1, 1, fp32)* = const(val=[[[[0.12931972742080688]], [[0.12826400995254517]], [[-0.25956639647483826]]], [[[0.3081473112106323]], [[-0.019882380962371826]], [[-0.04187268018722534]]], [[[0.2538629174232483]], [[-0.008503377437591553]], [[0.4289313554763794]]]], name="1")
    %2: (3,fp32)* = const(val=[-0.12916895747184753, -0.13407856225967407, 0.49409210681915283], name="2")
    %21: (2,i32)* = const(val=[1, 1], name="21")
    %22: (2,i32)* = const(val=[3, 3], name="22")
    %23: (2,i32)* = const(val=[3, 3], name="23")
    %12: (bool)* = const(val=False, name="12")
    %24: (2,i32)* = const(val=[0, 0], name="24")
    %16: (i32)* = const(val=1, name="16")
    %17: (bool)* = const(val=False, name="17")
    %18: (bool)* = const(val=False, name="18")
    %19: (bool)* = const(val=True, name="19")
    %20_pad_type_51: (str)* = const(val="custom", name="20_pad_type_51")
    %20_pad_51: (4,i32)* = const(val=[3, 3, 3, 3], name="20_pad_51")
    %20: (1, 3, 11, 11, fp32) = conv(x=%input, weight=%1, bias=%2, strides=%21, pad_type=%20_pad_type_51, pad=%20_pad_51, dilations=%23, groups=%16, name="20")
  } -> (%20)
}

[20200630 16:33:18 INFO /Volumes/data/work/1duo-coremltools/coremltools/converters/mil/mil/passes/common_pass.py:34] Performing pass: "common::fuse_bias_conv"
[20200630 16:33:18 INFO /Volumes/data/work/1duo-coremltools/coremltools/converters/mil/mil/passes/common_pass.py:34] Performing pass: "common::fuse_elementwise_to_batchnorm"
[20200630 16:33:18 INFO /Volumes/data/work/1duo-coremltools/coremltools/converters/mil/mil/passes/common_pass.py:34] Performing pass: "common::fuse_onehot_matmul_to_gather"
[20200630 16:33:18 INFO /Volumes/data/work/1duo-coremltools/coremltools/converters/mil/mil/passes/common_pass.py:34] Performing pass: "common::fuse_layernorm_or_instancenorm"
[20200630 16:33:18 INFO /Volumes/data/work/1duo-coremltools/coremltools/converters/mil/mil/passes/common_pass.py:34] Performing pass: "common::dead_code_elimination"
[20200630 16:33:18 INFO /Volumes/data/work/1duo-coremltools/coremltools/converters/mil/mil/passes/dead_code_elimination.py:35] Removing op "19" (type: const)
[20200630 16:33:18 INFO /Volumes/data/work/1duo-coremltools/coremltools/converters/mil/mil/passes/dead_code_elimination.py:35] Removing op "18" (type: const)
[20200630 16:33:18 INFO /Volumes/data/work/1duo-coremltools/coremltools/converters/mil/mil/passes/dead_code_elimination.py:35] Removing op "17" (type: const)
[20200630 16:33:18 INFO /Volumes/data/work/1duo-coremltools/coremltools/converters/mil/mil/passes/dead_code_elimination.py:35] Removing op "24" (type: const)
[20200630 16:33:18 INFO /Volumes/data/work/1duo-coremltools/coremltools/converters/mil/mil/passes/dead_code_elimination.py:35] Removing op "12" (type: const)
[20200630 16:33:18 INFO /Volumes/data/work/1duo-coremltools/coremltools/converters/mil/mil/passes/dead_code_elimination.py:35] Removing op "22" (type: const)
[20200630 16:33:18 DEBUG /Volumes/data/work/1duo-coremltools/coremltools/converters/mil/mil/passes/common_pass.py:38] Program after common passes:
main(%input: (1, 3, 5, 5, fp32)) {
  block70() {
    %1: (3, 3, 1, 1, fp32)* = const(val=[[[[0.12931972742080688]], [[0.12826400995254517]], [[-0.25956639647483826]]], [[[0.3081473112106323]], [[-0.019882380962371826]], [[-0.04187268018722534]]], [[[0.2538629174232483]], [[-0.008503377437591553]], [[0.4289313554763794]]]], name="1")
    %2: (3,fp32)* = const(val=[-0.12916895747184753, -0.13407856225967407, 0.49409210681915283], name="2")
    %21: (2,i32)* = const(val=[1, 1], name="21")
    %23: (2,i32)* = const(val=[3, 3], name="23")
    %16: (i32)* = const(val=1, name="16")
    %20_pad_type_51: (str)* = const(val="custom", name="20_pad_type_51")
    %20_pad_51: (4,i32)* = const(val=[3, 3, 3, 3], name="20_pad_51")
    %20: (1, 3, 11, 11, fp32) = conv(x=%input, weight=%1, bias=%2, strides=%21, pad_type=%20_pad_type_51, pad=%20_pad_51, dilations=%23, groups=%16, name="20")
  } -> (%20)
}

[20200630 16:33:18 INFO /Volumes/data/work/1duo-coremltools/coremltools/converters/mil/backend/nn/passes/nn_passes.py:22] Performing passes for nn_backend: "nn_backend::commingle_loop_vars"
[20200630 16:33:18 INFO /Volumes/data/work/1duo-coremltools/coremltools/converters/mil/backend/nn/passes/nn_passes.py:22] Performing passes for nn_backend: "nn_backend::handle_return_inputs_as_outputs"
[20200630 16:33:18 INFO /Volumes/data/work/1duo-coremltools/coremltools/converters/mil/backend/nn/passes/nn_passes.py:22] Performing passes for nn_backend: "common::const_elimination"
[20200630 16:33:18 INFO /Volumes/data/work/1duo-coremltools/coremltools/converters/mil/backend/nn/passes/nn_passes.py:22] Performing passes for nn_backend: "common::dead_code_elimination"
[20200630 16:33:18 INFO /Volumes/data/work/1duo-coremltools/coremltools/converters/mil/backend/nn/passes/nn_passes.py:22] Performing passes for nn_backend: "nn_backend::handle_unused_inputs"
[20200630 16:33:18 INFO /Volumes/data/work/1duo-coremltools/coremltools/converters/mil/backend/nn/passes/nn_passes.py:22] Performing passes for nn_backend: "nn_backend::alert_return_type_cast"
[20200630 16:33:18 DEBUG /Volumes/data/work/1duo-coremltools/coremltools/converters/mil/backend/nn/passes/nn_passes.py:26] Program after nn backend passes:
main(%input: (1, 3, 5, 5, fp32)) {
  block70() {
    %1: (3, 3, 1, 1, fp32)* = const(val=[[[[0.12931972742080688]], [[0.12826400995254517]], [[-0.25956639647483826]]], [[[0.3081473112106323]], [[-0.019882380962371826]], [[-0.04187268018722534]]], [[[0.2538629174232483]], [[-0.008503377437591553]], [[0.4289313554763794]]]], name="1")
    %2: (3,fp32)* = const(val=[-0.12916895747184753, -0.13407856225967407, 0.49409210681915283], name="2")
    %21: (2,i32)* = const(val=[1, 1], name="21")
    %23: (2,i32)* = const(val=[3, 3], name="23")
    %16: (i32)* = const(val=1, name="16")
    %20_pad_type_51: (str)* = const(val="custom", name="20_pad_type_51")
    %20_pad_51: (4,i32)* = const(val=[3, 3, 3, 3], name="20_pad_51")
    %20: (1, 3, 11, 11, fp32) = conv(x=%input, weight=%1, bias=%2, strides=%21, pad_type=%20_pad_type_51, pad=%20_pad_51, dilations=%23, groups=%16, name="20")
  } -> (%20)
}

[20200630 16:33:18 INFO /Volumes/data/work/1duo-coremltools/coremltools/converters/mil/frontend/torch/converter.py:269] Converting graph.
[20200630 16:33:18 INFO /Volumes/data/work/1duo-coremltools/coremltools/converters/mil/mil/builder.py:181] Adding op '1' of type const
[20200630 16:33:18 INFO /Volumes/data/work/1duo-coremltools/coremltools/converters/mil/mil/builder.py:181] Adding op '2' of type const
[20200630 16:33:18 INFO /Volumes/data/work/1duo-coremltools/coremltools/converters/mil/frontend/torch/ops.py:49] Converting op 21 : constant
[20200630 16:33:18 INFO /Volumes/data/work/1duo-coremltools/coremltools/converters/mil/mil/builder.py:181] Adding op '21' of type const
[20200630 16:33:18 INFO /Volumes/data/work/1duo-coremltools/coremltools/converters/mil/frontend/torch/ops.py:49] Converting op 22 : constant
[20200630 16:33:18 INFO /Volumes/data/work/1duo-coremltools/coremltools/converters/mil/mil/builder.py:181] Adding op '22' of type const
[20200630 16:33:18 INFO /Volumes/data/work/1duo-coremltools/coremltools/converters/mil/frontend/torch/ops.py:49] Converting op 23 : constant
[20200630 16:33:18 INFO /Volumes/data/work/1duo-coremltools/coremltools/converters/mil/mil/builder.py:181] Adding op '23' of type const
[20200630 16:33:18 INFO /Volumes/data/work/1duo-coremltools/coremltools/converters/mil/frontend/torch/ops.py:49] Converting op 12 : constant
[20200630 16:33:18 INFO /Volumes/data/work/1duo-coremltools/coremltools/converters/mil/mil/builder.py:181] Adding op '12' of type const
[20200630 16:33:18 INFO /Volumes/data/work/1duo-coremltools/coremltools/converters/mil/frontend/torch/ops.py:49] Converting op 24 : constant
[20200630 16:33:18 INFO /Volumes/data/work/1duo-coremltools/coremltools/converters/mil/mil/builder.py:181] Adding op '24' of type const
[20200630 16:33:18 INFO /Volumes/data/work/1duo-coremltools/coremltools/converters/mil/frontend/torch/ops.py:49] Converting op 16 : constant
[20200630 16:33:18 INFO /Volumes/data/work/1duo-coremltools/coremltools/converters/mil/mil/builder.py:181] Adding op '16' of type const
[20200630 16:33:18 INFO /Volumes/data/work/1duo-coremltools/coremltools/converters/mil/frontend/torch/ops.py:49] Converting op 17 : constant
[20200630 16:33:18 INFO /Volumes/data/work/1duo-coremltools/coremltools/converters/mil/mil/builder.py:181] Adding op '17' of type const
[20200630 16:33:18 INFO /Volumes/data/work/1duo-coremltools/coremltools/converters/mil/frontend/torch/ops.py:49] Converting op 18 : constant
[20200630 16:33:18 INFO /Volumes/data/work/1duo-coremltools/coremltools/converters/mil/mil/builder.py:181] Adding op '18' of type const
[20200630 16:33:18 INFO /Volumes/data/work/1duo-coremltools/coremltools/converters/mil/frontend/torch/ops.py:49] Converting op 19 : constant
[20200630 16:33:18 INFO /Volumes/data/work/1duo-coremltools/coremltools/converters/mil/mil/builder.py:181] Adding op '19' of type const
[20200630 16:33:18 INFO /Volumes/data/work/1duo-coremltools/coremltools/converters/mil/frontend/torch/ops.py:49] Converting op 20 : _convolution
[20200630 16:33:18 INFO /Volumes/data/work/1duo-coremltools/coremltools/converters/mil/mil/builder.py:181] Adding op '20' of type conv
[20200630 16:33:18 DEBUG /Volumes/data/work/1duo-coremltools/coremltools/converters/mil/mil/builder.py:93] Adding const op '20_pad_type_52'
[20200630 16:33:18 INFO /Volumes/data/work/1duo-coremltools/coremltools/converters/mil/mil/builder.py:181] Adding op '20_pad_type_52' of type const
[20200630 16:33:18 DEBUG /Volumes/data/work/1duo-coremltools/coremltools/converters/mil/mil/builder.py:93] Adding const op '20_pad_52'
[20200630 16:33:18 INFO /Volumes/data/work/1duo-coremltools/coremltools/converters/mil/mil/builder.py:181] Adding op '20_pad_52' of type const
[20200630 16:33:18 DEBUG /Volumes/data/work/1duo-coremltools/coremltools/converters/mil/mil/passes/common_pass.py:30] Program before common passes:
main(%input: (1, 3, 5, 5, fp32)) {
  block71() {
    %1: (3, 3, 1, 1, fp32)* = const(val=[[[[-0.1571078598499298]], [[-0.17494186758995056]], [[0.21875423192977905]]], [[[0.2380356788635254]], [[0.3513053059577942]], [[-0.5378042459487915]]], [[[-0.06253272294998169]], [[-0.501286506652832]], [[0.015132606029510498]]]], name="1")
    %2: (3,fp32)* = const(val=[-0.33462345600128174, 0.5378762483596802, -0.27478861808776855], name="2")
    %21: (2,i32)* = const(val=[3, 3], name="21")
    %22: (2,i32)* = const(val=[1, 1], name="22")
    %23: (2,i32)* = const(val=[1, 1], name="23")
    %12: (bool)* = const(val=False, name="12")
    %24: (2,i32)* = const(val=[0, 0], name="24")
    %16: (i32)* = const(val=1, name="16")
    %17: (bool)* = const(val=False, name="17")
    %18: (bool)* = const(val=False, name="18")
    %19: (bool)* = const(val=True, name="19")
    %20_pad_type_52: (str)* = const(val="custom", name="20_pad_type_52")
    %20_pad_52: (4,i32)* = const(val=[1, 1, 1, 1], name="20_pad_52")
    %20: (1, 3, 3, 3, fp32) = conv(x=%input, weight=%1, bias=%2, strides=%21, pad_type=%20_pad_type_52, pad=%20_pad_52, dilations=%23, groups=%16, name="20")
  } -> (%20)
}

[20200630 16:33:18 INFO /Volumes/data/work/1duo-coremltools/coremltools/converters/mil/mil/passes/common_pass.py:34] Performing pass: "common::const_elimination"
[20200630 16:33:18 INFO /Volumes/data/work/1duo-coremltools/coremltools/converters/mil/mil/passes/common_pass.py:34] Performing pass: "common::divide_to_multiply"
[20200630 16:33:18 INFO /Volumes/data/work/1duo-coremltools/coremltools/converters/mil/mil/passes/common_pass.py:34] Performing pass: "common::fuse_matmul_weight_bias"
[20200630 16:33:18 INFO /Volumes/data/work/1duo-coremltools/coremltools/converters/mil/mil/passes/common_pass.py:34] Performing pass: "common::const_elimination"
[20200630 16:33:18 INFO /Volumes/data/work/1duo-coremltools/coremltools/converters/mil/mil/passes/common_pass.py:34] Performing pass: "common::loop_invariant_elimination"
[20200630 16:33:18 INFO /Volumes/data/work/1duo-coremltools/coremltools/converters/mil/mil/passes/common_pass.py:34] Performing pass: "common::remove_symbolic_reshape"
[20200630 16:33:18 INFO /Volumes/data/work/1duo-coremltools/coremltools/converters/mil/mil/passes/remove_symbolic_reshape.py:104] remove_symbolic_reshape: changed 0 reshapes.
[20200630 16:33:18 INFO /Volumes/data/work/1duo-coremltools/coremltools/converters/mil/mil/passes/common_pass.py:34] Performing pass: "common::fuse_gelu_tanh_approximation"
[20200630 16:33:18 INFO /Volumes/data/work/1duo-coremltools/coremltools/converters/mil/mil/passes/common_pass.py:34] Performing pass: "common::reduce_transposes"
[20200630 16:33:18 DEBUG /Volumes/data/work/1duo-coremltools/coremltools/converters/mil/mil/passes/reduce_transposes.py:989] Block before optimize transpose transform:
function(%input: (1, 3, 5, 5, fp32)) {
  block71() {
    %1: (3, 3, 1, 1, fp32)* = const(val=[[[[-0.1571078598499298]], [[-0.17494186758995056]], [[0.21875423192977905]]], [[[0.2380356788635254]], [[0.3513053059577942]], [[-0.5378042459487915]]], [[[-0.06253272294998169]], [[-0.501286506652832]], [[0.015132606029510498]]]], name="1")
    %2: (3,fp32)* = const(val=[-0.33462345600128174, 0.5378762483596802, -0.27478861808776855], name="2")
    %21: (2,i32)* = const(val=[3, 3], name="21")
    %22: (2,i32)* = const(val=[1, 1], name="22")
    %23: (2,i32)* = const(val=[1, 1], name="23")
    %12: (bool)* = const(val=False, name="12")
    %24: (2,i32)* = const(val=[0, 0], name="24")
    %16: (i32)* = const(val=1, name="16")
    %17: (bool)* = const(val=False, name="17")
    %18: (bool)* = const(val=False, name="18")
    %19: (bool)* = const(val=True, name="19")
    %20_pad_type_52: (str)* = const(val="custom", name="20_pad_type_52")
    %20_pad_52: (4,i32)* = const(val=[1, 1, 1, 1], name="20_pad_52")
    %20: (1, 3, 3, 3, fp32) = conv(x=%input, weight=%1, bias=%2, strides=%21, pad_type=%20_pad_type_52, pad=%20_pad_52, dilations=%23, groups=%16, name="20")
  } -> (%20)
}

[20200630 16:33:18 DEBUG /Volumes/data/work/1duo-coremltools/coremltools/converters/mil/mil/passes/reduce_transposes.py:1024] Block after optimize transpose transform:
function(%input: (1, 3, 5, 5, fp32)) {
  block71() {
    %1: (3, 3, 1, 1, fp32)* = const(val=[[[[-0.1571078598499298]], [[-0.17494186758995056]], [[0.21875423192977905]]], [[[0.2380356788635254]], [[0.3513053059577942]], [[-0.5378042459487915]]], [[[-0.06253272294998169]], [[-0.501286506652832]], [[0.015132606029510498]]]], name="1")
    %2: (3,fp32)* = const(val=[-0.33462345600128174, 0.5378762483596802, -0.27478861808776855], name="2")
    %21: (2,i32)* = const(val=[3, 3], name="21")
    %22: (2,i32)* = const(val=[1, 1], name="22")
    %23: (2,i32)* = const(val=[1, 1], name="23")
    %12: (bool)* = const(val=False, name="12")
    %24: (2,i32)* = const(val=[0, 0], name="24")
    %16: (i32)* = const(val=1, name="16")
    %17: (bool)* = const(val=False, name="17")
    %18: (bool)* = const(val=False, name="18")
    %19: (bool)* = const(val=True, name="19")
    %20_pad_type_52: (str)* = const(val="custom", name="20_pad_type_52")
    %20_pad_52: (4,i32)* = const(val=[1, 1, 1, 1], name="20_pad_52")
    %20: (1, 3, 3, 3, fp32) = conv(x=%input, weight=%1, bias=%2, strides=%21, pad_type=%20_pad_type_52, pad=%20_pad_52, dilations=%23, groups=%16, name="20")
  } -> (%20)
}

[20200630 16:33:18 INFO /Volumes/data/work/1duo-coremltools/coremltools/converters/mil/mil/passes/common_pass.py:34] Performing pass: "common::fuse_bias_conv"
[20200630 16:33:18 INFO /Volumes/data/work/1duo-coremltools/coremltools/converters/mil/mil/passes/common_pass.py:34] Performing pass: "common::fuse_elementwise_to_batchnorm"
[20200630 16:33:18 INFO /Volumes/data/work/1duo-coremltools/coremltools/converters/mil/mil/passes/common_pass.py:34] Performing pass: "common::fuse_onehot_matmul_to_gather"
[20200630 16:33:18 INFO /Volumes/data/work/1duo-coremltools/coremltools/converters/mil/mil/passes/common_pass.py:34] Performing pass: "common::fuse_layernorm_or_instancenorm"
[20200630 16:33:18 INFO /Volumes/data/work/1duo-coremltools/coremltools/converters/mil/mil/passes/common_pass.py:34] Performing pass: "common::dead_code_elimination"
[20200630 16:33:18 INFO /Volumes/data/work/1duo-coremltools/coremltools/converters/mil/mil/passes/dead_code_elimination.py:35] Removing op "19" (type: const)
[20200630 16:33:18 INFO /Volumes/data/work/1duo-coremltools/coremltools/converters/mil/mil/passes/dead_code_elimination.py:35] Removing op "18" (type: const)
[20200630 16:33:18 INFO /Volumes/data/work/1duo-coremltools/coremltools/converters/mil/mil/passes/dead_code_elimination.py:35] Removing op "17" (type: const)
[20200630 16:33:18 INFO /Volumes/data/work/1duo-coremltools/coremltools/converters/mil/mil/passes/dead_code_elimination.py:35] Removing op "24" (type: const)
[20200630 16:33:18 INFO /Volumes/data/work/1duo-coremltools/coremltools/converters/mil/mil/passes/dead_code_elimination.py:35] Removing op "12" (type: const)
[20200630 16:33:18 INFO /Volumes/data/work/1duo-coremltools/coremltools/converters/mil/mil/passes/dead_code_elimination.py:35] Removing op "22" (type: const)
[20200630 16:33:18 DEBUG /Volumes/data/work/1duo-coremltools/coremltools/converters/mil/mil/passes/common_pass.py:38] Program after common passes:
main(%input: (1, 3, 5, 5, fp32)) {
  block71() {
    %1: (3, 3, 1, 1, fp32)* = const(val=[[[[-0.1571078598499298]], [[-0.17494186758995056]], [[0.21875423192977905]]], [[[0.2380356788635254]], [[0.3513053059577942]], [[-0.5378042459487915]]], [[[-0.06253272294998169]], [[-0.501286506652832]], [[0.015132606029510498]]]], name="1")
    %2: (3,fp32)* = const(val=[-0.33462345600128174, 0.5378762483596802, -0.27478861808776855], name="2")
    %21: (2,i32)* = const(val=[3, 3], name="21")
    %23: (2,i32)* = const(val=[1, 1], name="23")
    %16: (i32)* = const(val=1, name="16")
    %20_pad_type_52: (str)* = const(val="custom", name="20_pad_type_52")
    %20_pad_52: (4,i32)* = const(val=[1, 1, 1, 1], name="20_pad_52")
    %20: (1, 3, 3, 3, fp32) = conv(x=%input, weight=%1, bias=%2, strides=%21, pad_type=%20_pad_type_52, pad=%20_pad_52, dilations=%23, groups=%16, name="20")
  } -> (%20)
}

[20200630 16:33:18 INFO /Volumes/data/work/1duo-coremltools/coremltools/converters/mil/backend/nn/passes/nn_passes.py:22] Performing passes for nn_backend: "nn_backend::commingle_loop_vars"
[20200630 16:33:18 INFO /Volumes/data/work/1duo-coremltools/coremltools/converters/mil/backend/nn/passes/nn_passes.py:22] Performing passes for nn_backend: "nn_backend::handle_return_inputs_as_outputs"
[20200630 16:33:18 INFO /Volumes/data/work/1duo-coremltools/coremltools/converters/mil/backend/nn/passes/nn_passes.py:22] Performing passes for nn_backend: "common::const_elimination"
[20200630 16:33:18 INFO /Volumes/data/work/1duo-coremltools/coremltools/converters/mil/backend/nn/passes/nn_passes.py:22] Performing passes for nn_backend: "common::dead_code_elimination"
[20200630 16:33:18 INFO /Volumes/data/work/1duo-coremltools/coremltools/converters/mil/backend/nn/passes/nn_passes.py:22] Performing passes for nn_backend: "nn_backend::handle_unused_inputs"
[20200630 16:33:18 INFO /Volumes/data/work/1duo-coremltools/coremltools/converters/mil/backend/nn/passes/nn_passes.py:22] Performing passes for nn_backend: "nn_backend::alert_return_type_cast"
[20200630 16:33:18 DEBUG /Volumes/data/work/1duo-coremltools/coremltools/converters/mil/backend/nn/passes/nn_passes.py:26] Program after nn backend passes:
main(%input: (1, 3, 5, 5, fp32)) {
  block71() {
    %1: (3, 3, 1, 1, fp32)* = const(val=[[[[-0.1571078598499298]], [[-0.17494186758995056]], [[0.21875423192977905]]], [[[0.2380356788635254]], [[0.3513053059577942]], [[-0.5378042459487915]]], [[[-0.06253272294998169]], [[-0.501286506652832]], [[0.015132606029510498]]]], name="1")
    %2: (3,fp32)* = const(val=[-0.33462345600128174, 0.5378762483596802, -0.27478861808776855], name="2")
    %21: (2,i32)* = const(val=[3, 3], name="21")
    %23: (2,i32)* = const(val=[1, 1], name="23")
    %16: (i32)* = const(val=1, name="16")
    %20_pad_type_52: (str)* = const(val="custom", name="20_pad_type_52")
    %20_pad_52: (4,i32)* = const(val=[1, 1, 1, 1], name="20_pad_52")
    %20: (1, 3, 3, 3, fp32) = conv(x=%input, weight=%1, bias=%2, strides=%21, pad_type=%20_pad_type_52, pad=%20_pad_52, dilations=%23, groups=%16, name="20")
  } -> (%20)
}

[20200630 16:33:19 INFO /Volumes/data/work/1duo-coremltools/coremltools/converters/mil/frontend/torch/converter.py:269] Converting graph.
[20200630 16:33:19 INFO /Volumes/data/work/1duo-coremltools/coremltools/converters/mil/mil/builder.py:181] Adding op '1' of type const
[20200630 16:33:19 INFO /Volumes/data/work/1duo-coremltools/coremltools/converters/mil/mil/builder.py:181] Adding op '2' of type const
[20200630 16:33:19 INFO /Volumes/data/work/1duo-coremltools/coremltools/converters/mil/frontend/torch/ops.py:49] Converting op 21 : constant
[20200630 16:33:19 INFO /Volumes/data/work/1duo-coremltools/coremltools/converters/mil/mil/builder.py:181] Adding op '21' of type const
[20200630 16:33:19 INFO /Volumes/data/work/1duo-coremltools/coremltools/converters/mil/frontend/torch/ops.py:49] Converting op 22 : constant
[20200630 16:33:19 INFO /Volumes/data/work/1duo-coremltools/coremltools/converters/mil/mil/builder.py:181] Adding op '22' of type const
[20200630 16:33:19 INFO /Volumes/data/work/1duo-coremltools/coremltools/converters/mil/frontend/torch/ops.py:49] Converting op 23 : constant
[20200630 16:33:19 INFO /Volumes/data/work/1duo-coremltools/coremltools/converters/mil/mil/builder.py:181] Adding op '23' of type const
[20200630 16:33:19 INFO /Volumes/data/work/1duo-coremltools/coremltools/converters/mil/frontend/torch/ops.py:49] Converting op 12 : constant
[20200630 16:33:19 INFO /Volumes/data/work/1duo-coremltools/coremltools/converters/mil/mil/builder.py:181] Adding op '12' of type const
[20200630 16:33:19 INFO /Volumes/data/work/1duo-coremltools/coremltools/converters/mil/frontend/torch/ops.py:49] Converting op 24 : constant
[20200630 16:33:19 INFO /Volumes/data/work/1duo-coremltools/coremltools/converters/mil/mil/builder.py:181] Adding op '24' of type const
[20200630 16:33:19 INFO /Volumes/data/work/1duo-coremltools/coremltools/converters/mil/frontend/torch/ops.py:49] Converting op 16 : constant
[20200630 16:33:19 INFO /Volumes/data/work/1duo-coremltools/coremltools/converters/mil/mil/builder.py:181] Adding op '16' of type const
[20200630 16:33:19 INFO /Volumes/data/work/1duo-coremltools/coremltools/converters/mil/frontend/torch/ops.py:49] Converting op 17 : constant
[20200630 16:33:19 INFO /Volumes/data/work/1duo-coremltools/coremltools/converters/mil/mil/builder.py:181] Adding op '17' of type const
[20200630 16:33:19 INFO /Volumes/data/work/1duo-coremltools/coremltools/converters/mil/frontend/torch/ops.py:49] Converting op 18 : constant
[20200630 16:33:19 INFO /Volumes/data/work/1duo-coremltools/coremltools/converters/mil/mil/builder.py:181] Adding op '18' of type const
[20200630 16:33:19 INFO /Volumes/data/work/1duo-coremltools/coremltools/converters/mil/frontend/torch/ops.py:49] Converting op 19 : constant
[20200630 16:33:19 INFO /Volumes/data/work/1duo-coremltools/coremltools/converters/mil/mil/builder.py:181] Adding op '19' of type const
[20200630 16:33:19 INFO /Volumes/data/work/1duo-coremltools/coremltools/converters/mil/frontend/torch/ops.py:49] Converting op 20 : _convolution
[20200630 16:33:19 INFO /Volumes/data/work/1duo-coremltools/coremltools/converters/mil/mil/builder.py:181] Adding op '20' of type conv
[20200630 16:33:19 DEBUG /Volumes/data/work/1duo-coremltools/coremltools/converters/mil/mil/builder.py:93] Adding const op '20_pad_type_53'
[20200630 16:33:19 INFO /Volumes/data/work/1duo-coremltools/coremltools/converters/mil/mil/builder.py:181] Adding op '20_pad_type_53' of type const
[20200630 16:33:19 DEBUG /Volumes/data/work/1duo-coremltools/coremltools/converters/mil/mil/builder.py:93] Adding const op '20_pad_53'
[20200630 16:33:19 INFO /Volumes/data/work/1duo-coremltools/coremltools/converters/mil/mil/builder.py:181] Adding op '20_pad_53' of type const
[20200630 16:33:19 DEBUG /Volumes/data/work/1duo-coremltools/coremltools/converters/mil/mil/passes/common_pass.py:30] Program before common passes:
main(%input: (1, 3, 5, 5, fp32)) {
  block72() {
    %1: (3, 3, 1, 1, fp32)* = const(val=[[[[-0.44034379720687866]], [[0.2592502236366272]], [[0.2941291332244873]]], [[[-0.1693744957447052]], [[0.29997050762176514]], [[0.32429444789886475]]], [[[-0.12378212809562683]], [[0.4245014190673828]], [[0.06479018926620483]]]], name="1")
    %2: (3,fp32)* = const(val=[-0.14126670360565186, 0.46090614795684814, -0.21227240562438965], name="2")
    %21: (2,i32)* = const(val=[3, 3], name="21")
    %22: (2,i32)* = const(val=[1, 1], name="22")
    %23: (2,i32)* = const(val=[3, 3], name="23")
    %12: (bool)* = const(val=False, name="12")
    %24: (2,i32)* = const(val=[0, 0], name="24")
    %16: (i32)* = const(val=1, name="16")
    %17: (bool)* = const(val=False, name="17")
    %18: (bool)* = const(val=False, name="18")
    %19: (bool)* = const(val=True, name="19")
    %20_pad_type_53: (str)* = const(val="custom", name="20_pad_type_53")
    %20_pad_53: (4,i32)* = const(val=[1, 1, 1, 1], name="20_pad_53")
    %20: (1, 3, 3, 3, fp32) = conv(x=%input, weight=%1, bias=%2, strides=%21, pad_type=%20_pad_type_53, pad=%20_pad_53, dilations=%23, groups=%16, name="20")
  } -> (%20)
}

[20200630 16:33:19 INFO /Volumes/data/work/1duo-coremltools/coremltools/converters/mil/mil/passes/common_pass.py:34] Performing pass: "common::const_elimination"
[20200630 16:33:19 INFO /Volumes/data/work/1duo-coremltools/coremltools/converters/mil/mil/passes/common_pass.py:34] Performing pass: "common::divide_to_multiply"
[20200630 16:33:19 INFO /Volumes/data/work/1duo-coremltools/coremltools/converters/mil/mil/passes/common_pass.py:34] Performing pass: "common::fuse_matmul_weight_bias"
[20200630 16:33:19 INFO /Volumes/data/work/1duo-coremltools/coremltools/converters/mil/mil/passes/common_pass.py:34] Performing pass: "common::const_elimination"
[20200630 16:33:19 INFO /Volumes/data/work/1duo-coremltools/coremltools/converters/mil/mil/passes/common_pass.py:34] Performing pass: "common::loop_invariant_elimination"
[20200630 16:33:19 INFO /Volumes/data/work/1duo-coremltools/coremltools/converters/mil/mil/passes/common_pass.py:34] Performing pass: "common::remove_symbolic_reshape"
[20200630 16:33:19 INFO /Volumes/data/work/1duo-coremltools/coremltools/converters/mil/mil/passes/remove_symbolic_reshape.py:104] remove_symbolic_reshape: changed 0 reshapes.
[20200630 16:33:19 INFO /Volumes/data/work/1duo-coremltools/coremltools/converters/mil/mil/passes/common_pass.py:34] Performing pass: "common::fuse_gelu_tanh_approximation"
[20200630 16:33:19 INFO /Volumes/data/work/1duo-coremltools/coremltools/converters/mil/mil/passes/common_pass.py:34] Performing pass: "common::reduce_transposes"
[20200630 16:33:19 DEBUG /Volumes/data/work/1duo-coremltools/coremltools/converters/mil/mil/passes/reduce_transposes.py:989] Block before optimize transpose transform:
function(%input: (1, 3, 5, 5, fp32)) {
  block72() {
    %1: (3, 3, 1, 1, fp32)* = const(val=[[[[-0.44034379720687866]], [[0.2592502236366272]], [[0.2941291332244873]]], [[[-0.1693744957447052]], [[0.29997050762176514]], [[0.32429444789886475]]], [[[-0.12378212809562683]], [[0.4245014190673828]], [[0.06479018926620483]]]], name="1")
    %2: (3,fp32)* = const(val=[-0.14126670360565186, 0.46090614795684814, -0.21227240562438965], name="2")
    %21: (2,i32)* = const(val=[3, 3], name="21")
    %22: (2,i32)* = const(val=[1, 1], name="22")
    %23: (2,i32)* = const(val=[3, 3], name="23")
    %12: (bool)* = const(val=False, name="12")
    %24: (2,i32)* = const(val=[0, 0], name="24")
    %16: (i32)* = const(val=1, name="16")
    %17: (bool)* = const(val=False, name="17")
    %18: (bool)* = const(val=False, name="18")
    %19: (bool)* = const(val=True, name="19")
    %20_pad_type_53: (str)* = const(val="custom", name="20_pad_type_53")
    %20_pad_53: (4,i32)* = const(val=[1, 1, 1, 1], name="20_pad_53")
    %20: (1, 3, 3, 3, fp32) = conv(x=%input, weight=%1, bias=%2, strides=%21, pad_type=%20_pad_type_53, pad=%20_pad_53, dilations=%23, groups=%16, name="20")
  } -> (%20)
}

[20200630 16:33:19 DEBUG /Volumes/data/work/1duo-coremltools/coremltools/converters/mil/mil/passes/reduce_transposes.py:1024] Block after optimize transpose transform:
function(%input: (1, 3, 5, 5, fp32)) {
  block72() {
    %1: (3, 3, 1, 1, fp32)* = const(val=[[[[-0.44034379720687866]], [[0.2592502236366272]], [[0.2941291332244873]]], [[[-0.1693744957447052]], [[0.29997050762176514]], [[0.32429444789886475]]], [[[-0.12378212809562683]], [[0.4245014190673828]], [[0.06479018926620483]]]], name="1")
    %2: (3,fp32)* = const(val=[-0.14126670360565186, 0.46090614795684814, -0.21227240562438965], name="2")
    %21: (2,i32)* = const(val=[3, 3], name="21")
    %22: (2,i32)* = const(val=[1, 1], name="22")
    %23: (2,i32)* = const(val=[3, 3], name="23")
    %12: (bool)* = const(val=False, name="12")
    %24: (2,i32)* = const(val=[0, 0], name="24")
    %16: (i32)* = const(val=1, name="16")
    %17: (bool)* = const(val=False, name="17")
    %18: (bool)* = const(val=False, name="18")
    %19: (bool)* = const(val=True, name="19")
    %20_pad_type_53: (str)* = const(val="custom", name="20_pad_type_53")
    %20_pad_53: (4,i32)* = const(val=[1, 1, 1, 1], name="20_pad_53")
    %20: (1, 3, 3, 3, fp32) = conv(x=%input, weight=%1, bias=%2, strides=%21, pad_type=%20_pad_type_53, pad=%20_pad_53, dilations=%23, groups=%16, name="20")
  } -> (%20)
}

[20200630 16:33:19 INFO /Volumes/data/work/1duo-coremltools/coremltools/converters/mil/mil/passes/common_pass.py:34] Performing pass: "common::fuse_bias_conv"
[20200630 16:33:19 INFO /Volumes/data/work/1duo-coremltools/coremltools/converters/mil/mil/passes/common_pass.py:34] Performing pass: "common::fuse_elementwise_to_batchnorm"
[20200630 16:33:19 INFO /Volumes/data/work/1duo-coremltools/coremltools/converters/mil/mil/passes/common_pass.py:34] Performing pass: "common::fuse_onehot_matmul_to_gather"
[20200630 16:33:19 INFO /Volumes/data/work/1duo-coremltools/coremltools/converters/mil/mil/passes/common_pass.py:34] Performing pass: "common::fuse_layernorm_or_instancenorm"
[20200630 16:33:19 INFO /Volumes/data/work/1duo-coremltools/coremltools/converters/mil/mil/passes/common_pass.py:34] Performing pass: "common::dead_code_elimination"
[20200630 16:33:19 INFO /Volumes/data/work/1duo-coremltools/coremltools/converters/mil/mil/passes/dead_code_elimination.py:35] Removing op "19" (type: const)
[20200630 16:33:19 INFO /Volumes/data/work/1duo-coremltools/coremltools/converters/mil/mil/passes/dead_code_elimination.py:35] Removing op "18" (type: const)
[20200630 16:33:19 INFO /Volumes/data/work/1duo-coremltools/coremltools/converters/mil/mil/passes/dead_code_elimination.py:35] Removing op "17" (type: const)
[20200630 16:33:19 INFO /Volumes/data/work/1duo-coremltools/coremltools/converters/mil/mil/passes/dead_code_elimination.py:35] Removing op "24" (type: const)
[20200630 16:33:19 INFO /Volumes/data/work/1duo-coremltools/coremltools/converters/mil/mil/passes/dead_code_elimination.py:35] Removing op "12" (type: const)
[20200630 16:33:19 INFO /Volumes/data/work/1duo-coremltools/coremltools/converters/mil/mil/passes/dead_code_elimination.py:35] Removing op "22" (type: const)
[20200630 16:33:19 DEBUG /Volumes/data/work/1duo-coremltools/coremltools/converters/mil/mil/passes/common_pass.py:38] Program after common passes:
main(%input: (1, 3, 5, 5, fp32)) {
  block72() {
    %1: (3, 3, 1, 1, fp32)* = const(val=[[[[-0.44034379720687866]], [[0.2592502236366272]], [[0.2941291332244873]]], [[[-0.1693744957447052]], [[0.29997050762176514]], [[0.32429444789886475]]], [[[-0.12378212809562683]], [[0.4245014190673828]], [[0.06479018926620483]]]], name="1")
    %2: (3,fp32)* = const(val=[-0.14126670360565186, 0.46090614795684814, -0.21227240562438965], name="2")
    %21: (2,i32)* = const(val=[3, 3], name="21")
    %23: (2,i32)* = const(val=[3, 3], name="23")
    %16: (i32)* = const(val=1, name="16")
    %20_pad_type_53: (str)* = const(val="custom", name="20_pad_type_53")
    %20_pad_53: (4,i32)* = const(val=[1, 1, 1, 1], name="20_pad_53")
    %20: (1, 3, 3, 3, fp32) = conv(x=%input, weight=%1, bias=%2, strides=%21, pad_type=%20_pad_type_53, pad=%20_pad_53, dilations=%23, groups=%16, name="20")
  } -> (%20)
}

[20200630 16:33:19 INFO /Volumes/data/work/1duo-coremltools/coremltools/converters/mil/backend/nn/passes/nn_passes.py:22] Performing passes for nn_backend: "nn_backend::commingle_loop_vars"
[20200630 16:33:19 INFO /Volumes/data/work/1duo-coremltools/coremltools/converters/mil/backend/nn/passes/nn_passes.py:22] Performing passes for nn_backend: "nn_backend::handle_return_inputs_as_outputs"
[20200630 16:33:19 INFO /Volumes/data/work/1duo-coremltools/coremltools/converters/mil/backend/nn/passes/nn_passes.py:22] Performing passes for nn_backend: "common::const_elimination"
[20200630 16:33:19 INFO /Volumes/data/work/1duo-coremltools/coremltools/converters/mil/backend/nn/passes/nn_passes.py:22] Performing passes for nn_backend: "common::dead_code_elimination"
[20200630 16:33:19 INFO /Volumes/data/work/1duo-coremltools/coremltools/converters/mil/backend/nn/passes/nn_passes.py:22] Performing passes for nn_backend: "nn_backend::handle_unused_inputs"
[20200630 16:33:19 INFO /Volumes/data/work/1duo-coremltools/coremltools/converters/mil/backend/nn/passes/nn_passes.py:22] Performing passes for nn_backend: "nn_backend::alert_return_type_cast"
[20200630 16:33:19 DEBUG /Volumes/data/work/1duo-coremltools/coremltools/converters/mil/backend/nn/passes/nn_passes.py:26] Program after nn backend passes:
main(%input: (1, 3, 5, 5, fp32)) {
  block72() {
    %1: (3, 3, 1, 1, fp32)* = const(val=[[[[-0.44034379720687866]], [[0.2592502236366272]], [[0.2941291332244873]]], [[[-0.1693744957447052]], [[0.29997050762176514]], [[0.32429444789886475]]], [[[-0.12378212809562683]], [[0.4245014190673828]], [[0.06479018926620483]]]], name="1")
    %2: (3,fp32)* = const(val=[-0.14126670360565186, 0.46090614795684814, -0.21227240562438965], name="2")
    %21: (2,i32)* = const(val=[3, 3], name="21")
    %23: (2,i32)* = const(val=[3, 3], name="23")
    %16: (i32)* = const(val=1, name="16")
    %20_pad_type_53: (str)* = const(val="custom", name="20_pad_type_53")
    %20_pad_53: (4,i32)* = const(val=[1, 1, 1, 1], name="20_pad_53")
    %20: (1, 3, 3, 3, fp32) = conv(x=%input, weight=%1, bias=%2, strides=%21, pad_type=%20_pad_type_53, pad=%20_pad_53, dilations=%23, groups=%16, name="20")
  } -> (%20)
}

[20200630 16:33:19 INFO /Volumes/data/work/1duo-coremltools/coremltools/converters/mil/frontend/torch/converter.py:269] Converting graph.
[20200630 16:33:19 INFO /Volumes/data/work/1duo-coremltools/coremltools/converters/mil/mil/builder.py:181] Adding op '1' of type const
[20200630 16:33:19 INFO /Volumes/data/work/1duo-coremltools/coremltools/converters/mil/mil/builder.py:181] Adding op '2' of type const
[20200630 16:33:19 INFO /Volumes/data/work/1duo-coremltools/coremltools/converters/mil/frontend/torch/ops.py:49] Converting op 21 : constant
[20200630 16:33:19 INFO /Volumes/data/work/1duo-coremltools/coremltools/converters/mil/mil/builder.py:181] Adding op '21' of type const
[20200630 16:33:19 INFO /Volumes/data/work/1duo-coremltools/coremltools/converters/mil/frontend/torch/ops.py:49] Converting op 22 : constant
[20200630 16:33:19 INFO /Volumes/data/work/1duo-coremltools/coremltools/converters/mil/mil/builder.py:181] Adding op '22' of type const
[20200630 16:33:19 INFO /Volumes/data/work/1duo-coremltools/coremltools/converters/mil/frontend/torch/ops.py:49] Converting op 23 : constant
[20200630 16:33:19 INFO /Volumes/data/work/1duo-coremltools/coremltools/converters/mil/mil/builder.py:181] Adding op '23' of type const
[20200630 16:33:19 INFO /Volumes/data/work/1duo-coremltools/coremltools/converters/mil/frontend/torch/ops.py:49] Converting op 12 : constant
[20200630 16:33:19 INFO /Volumes/data/work/1duo-coremltools/coremltools/converters/mil/mil/builder.py:181] Adding op '12' of type const
[20200630 16:33:19 INFO /Volumes/data/work/1duo-coremltools/coremltools/converters/mil/frontend/torch/ops.py:49] Converting op 24 : constant
[20200630 16:33:19 INFO /Volumes/data/work/1duo-coremltools/coremltools/converters/mil/mil/builder.py:181] Adding op '24' of type const
[20200630 16:33:19 INFO /Volumes/data/work/1duo-coremltools/coremltools/converters/mil/frontend/torch/ops.py:49] Converting op 16 : constant
[20200630 16:33:19 INFO /Volumes/data/work/1duo-coremltools/coremltools/converters/mil/mil/builder.py:181] Adding op '16' of type const
[20200630 16:33:19 INFO /Volumes/data/work/1duo-coremltools/coremltools/converters/mil/frontend/torch/ops.py:49] Converting op 17 : constant
[20200630 16:33:19 INFO /Volumes/data/work/1duo-coremltools/coremltools/converters/mil/mil/builder.py:181] Adding op '17' of type const
[20200630 16:33:19 INFO /Volumes/data/work/1duo-coremltools/coremltools/converters/mil/frontend/torch/ops.py:49] Converting op 18 : constant
[20200630 16:33:19 INFO /Volumes/data/work/1duo-coremltools/coremltools/converters/mil/mil/builder.py:181] Adding op '18' of type const
[20200630 16:33:19 INFO /Volumes/data/work/1duo-coremltools/coremltools/converters/mil/frontend/torch/ops.py:49] Converting op 19 : constant
[20200630 16:33:19 INFO /Volumes/data/work/1duo-coremltools/coremltools/converters/mil/mil/builder.py:181] Adding op '19' of type const
[20200630 16:33:19 INFO /Volumes/data/work/1duo-coremltools/coremltools/converters/mil/frontend/torch/ops.py:49] Converting op 20 : _convolution
[20200630 16:33:19 INFO /Volumes/data/work/1duo-coremltools/coremltools/converters/mil/mil/builder.py:181] Adding op '20' of type conv
[20200630 16:33:19 DEBUG /Volumes/data/work/1duo-coremltools/coremltools/converters/mil/mil/builder.py:93] Adding const op '20_pad_type_54'
[20200630 16:33:19 INFO /Volumes/data/work/1duo-coremltools/coremltools/converters/mil/mil/builder.py:181] Adding op '20_pad_type_54' of type const
[20200630 16:33:19 DEBUG /Volumes/data/work/1duo-coremltools/coremltools/converters/mil/mil/builder.py:93] Adding const op '20_pad_54'
[20200630 16:33:19 INFO /Volumes/data/work/1duo-coremltools/coremltools/converters/mil/mil/builder.py:181] Adding op '20_pad_54' of type const
[20200630 16:33:19 DEBUG /Volumes/data/work/1duo-coremltools/coremltools/converters/mil/mil/passes/common_pass.py:30] Program before common passes:
main(%input: (1, 3, 5, 5, fp32)) {
  block73() {
    %1: (3, 3, 1, 1, fp32)* = const(val=[[[[-0.30866557359695435]], [[0.48610055446624756]], [[0.06158989667892456]]], [[[0.48137593269348145]], [[-0.10461100935935974]], [[-0.048975229263305664]]], [[[-0.07755175232887268]], [[-0.17058596014976501]], [[0.42330336570739746]]]], name="1")
    %2: (3,fp32)* = const(val=[0.38954484462738037, -0.20184040069580078, 0.4720226526260376], name="2")
    %21: (2,i32)* = const(val=[3, 3], name="21")
    %22: (2,i32)* = const(val=[3, 3], name="22")
    %23: (2,i32)* = const(val=[1, 1], name="23")
    %12: (bool)* = const(val=False, name="12")
    %24: (2,i32)* = const(val=[0, 0], name="24")
    %16: (i32)* = const(val=1, name="16")
    %17: (bool)* = const(val=False, name="17")
    %18: (bool)* = const(val=False, name="18")
    %19: (bool)* = const(val=True, name="19")
    %20_pad_type_54: (str)* = const(val="custom", name="20_pad_type_54")
    %20_pad_54: (4,i32)* = const(val=[3, 3, 3, 3], name="20_pad_54")
    %20: (1, 3, 4, 4, fp32) = conv(x=%input, weight=%1, bias=%2, strides=%21, pad_type=%20_pad_type_54, pad=%20_pad_54, dilations=%23, groups=%16, name="20")
  } -> (%20)
}

[20200630 16:33:19 INFO /Volumes/data/work/1duo-coremltools/coremltools/converters/mil/mil/passes/common_pass.py:34] Performing pass: "common::const_elimination"
[20200630 16:33:19 INFO /Volumes/data/work/1duo-coremltools/coremltools/converters/mil/mil/passes/common_pass.py:34] Performing pass: "common::divide_to_multiply"
[20200630 16:33:19 INFO /Volumes/data/work/1duo-coremltools/coremltools/converters/mil/mil/passes/common_pass.py:34] Performing pass: "common::fuse_matmul_weight_bias"
[20200630 16:33:19 INFO /Volumes/data/work/1duo-coremltools/coremltools/converters/mil/mil/passes/common_pass.py:34] Performing pass: "common::const_elimination"
[20200630 16:33:19 INFO /Volumes/data/work/1duo-coremltools/coremltools/converters/mil/mil/passes/common_pass.py:34] Performing pass: "common::loop_invariant_elimination"
[20200630 16:33:19 INFO /Volumes/data/work/1duo-coremltools/coremltools/converters/mil/mil/passes/common_pass.py:34] Performing pass: "common::remove_symbolic_reshape"
[20200630 16:33:19 INFO /Volumes/data/work/1duo-coremltools/coremltools/converters/mil/mil/passes/remove_symbolic_reshape.py:104] remove_symbolic_reshape: changed 0 reshapes.
[20200630 16:33:19 INFO /Volumes/data/work/1duo-coremltools/coremltools/converters/mil/mil/passes/common_pass.py:34] Performing pass: "common::fuse_gelu_tanh_approximation"
[20200630 16:33:19 INFO /Volumes/data/work/1duo-coremltools/coremltools/converters/mil/mil/passes/common_pass.py:34] Performing pass: "common::reduce_transposes"
[20200630 16:33:19 DEBUG /Volumes/data/work/1duo-coremltools/coremltools/converters/mil/mil/passes/reduce_transposes.py:989] Block before optimize transpose transform:
function(%input: (1, 3, 5, 5, fp32)) {
  block73() {
    %1: (3, 3, 1, 1, fp32)* = const(val=[[[[-0.30866557359695435]], [[0.48610055446624756]], [[0.06158989667892456]]], [[[0.48137593269348145]], [[-0.10461100935935974]], [[-0.048975229263305664]]], [[[-0.07755175232887268]], [[-0.17058596014976501]], [[0.42330336570739746]]]], name="1")
    %2: (3,fp32)* = const(val=[0.38954484462738037, -0.20184040069580078, 0.4720226526260376], name="2")
    %21: (2,i32)* = const(val=[3, 3], name="21")
    %22: (2,i32)* = const(val=[3, 3], name="22")
    %23: (2,i32)* = const(val=[1, 1], name="23")
    %12: (bool)* = const(val=False, name="12")
    %24: (2,i32)* = const(val=[0, 0], name="24")
    %16: (i32)* = const(val=1, name="16")
    %17: (bool)* = const(val=False, name="17")
    %18: (bool)* = const(val=False, name="18")
    %19: (bool)* = const(val=True, name="19")
    %20_pad_type_54: (str)* = const(val="custom", name="20_pad_type_54")
    %20_pad_54: (4,i32)* = const(val=[3, 3, 3, 3], name="20_pad_54")
    %20: (1, 3, 4, 4, fp32) = conv(x=%input, weight=%1, bias=%2, strides=%21, pad_type=%20_pad_type_54, pad=%20_pad_54, dilations=%23, groups=%16, name="20")
  } -> (%20)
}

[20200630 16:33:19 DEBUG /Volumes/data/work/1duo-coremltools/coremltools/converters/mil/mil/passes/reduce_transposes.py:1024] Block after optimize transpose transform:
function(%input: (1, 3, 5, 5, fp32)) {
  block73() {
    %1: (3, 3, 1, 1, fp32)* = const(val=[[[[-0.30866557359695435]], [[0.48610055446624756]], [[0.06158989667892456]]], [[[0.48137593269348145]], [[-0.10461100935935974]], [[-0.048975229263305664]]], [[[-0.07755175232887268]], [[-0.17058596014976501]], [[0.42330336570739746]]]], name="1")
    %2: (3,fp32)* = const(val=[0.38954484462738037, -0.20184040069580078, 0.4720226526260376], name="2")
    %21: (2,i32)* = const(val=[3, 3], name="21")
    %22: (2,i32)* = const(val=[3, 3], name="22")
    %23: (2,i32)* = const(val=[1, 1], name="23")
    %12: (bool)* = const(val=False, name="12")
    %24: (2,i32)* = const(val=[0, 0], name="24")
    %16: (i32)* = const(val=1, name="16")
    %17: (bool)* = const(val=False, name="17")
    %18: (bool)* = const(val=False, name="18")
    %19: (bool)* = const(val=True, name="19")
    %20_pad_type_54: (str)* = const(val="custom", name="20_pad_type_54")
    %20_pad_54: (4,i32)* = const(val=[3, 3, 3, 3], name="20_pad_54")
    %20: (1, 3, 4, 4, fp32) = conv(x=%input, weight=%1, bias=%2, strides=%21, pad_type=%20_pad_type_54, pad=%20_pad_54, dilations=%23, groups=%16, name="20")
  } -> (%20)
}

[20200630 16:33:19 INFO /Volumes/data/work/1duo-coremltools/coremltools/converters/mil/mil/passes/common_pass.py:34] Performing pass: "common::fuse_bias_conv"
[20200630 16:33:19 INFO /Volumes/data/work/1duo-coremltools/coremltools/converters/mil/mil/passes/common_pass.py:34] Performing pass: "common::fuse_elementwise_to_batchnorm"
[20200630 16:33:19 INFO /Volumes/data/work/1duo-coremltools/coremltools/converters/mil/mil/passes/common_pass.py:34] Performing pass: "common::fuse_onehot_matmul_to_gather"
[20200630 16:33:19 INFO /Volumes/data/work/1duo-coremltools/coremltools/converters/mil/mil/passes/common_pass.py:34] Performing pass: "common::fuse_layernorm_or_instancenorm"
[20200630 16:33:19 INFO /Volumes/data/work/1duo-coremltools/coremltools/converters/mil/mil/passes/common_pass.py:34] Performing pass: "common::dead_code_elimination"
[20200630 16:33:19 INFO /Volumes/data/work/1duo-coremltools/coremltools/converters/mil/mil/passes/dead_code_elimination.py:35] Removing op "19" (type: const)
[20200630 16:33:19 INFO /Volumes/data/work/1duo-coremltools/coremltools/converters/mil/mil/passes/dead_code_elimination.py:35] Removing op "18" (type: const)
[20200630 16:33:19 INFO /Volumes/data/work/1duo-coremltools/coremltools/converters/mil/mil/passes/dead_code_elimination.py:35] Removing op "17" (type: const)
[20200630 16:33:19 INFO /Volumes/data/work/1duo-coremltools/coremltools/converters/mil/mil/passes/dead_code_elimination.py:35] Removing op "24" (type: const)
[20200630 16:33:19 INFO /Volumes/data/work/1duo-coremltools/coremltools/converters/mil/mil/passes/dead_code_elimination.py:35] Removing op "12" (type: const)
[20200630 16:33:19 INFO /Volumes/data/work/1duo-coremltools/coremltools/converters/mil/mil/passes/dead_code_elimination.py:35] Removing op "22" (type: const)
[20200630 16:33:19 DEBUG /Volumes/data/work/1duo-coremltools/coremltools/converters/mil/mil/passes/common_pass.py:38] Program after common passes:
main(%input: (1, 3, 5, 5, fp32)) {
  block73() {
    %1: (3, 3, 1, 1, fp32)* = const(val=[[[[-0.30866557359695435]], [[0.48610055446624756]], [[0.06158989667892456]]], [[[0.48137593269348145]], [[-0.10461100935935974]], [[-0.048975229263305664]]], [[[-0.07755175232887268]], [[-0.17058596014976501]], [[0.42330336570739746]]]], name="1")
    %2: (3,fp32)* = const(val=[0.38954484462738037, -0.20184040069580078, 0.4720226526260376], name="2")
    %21: (2,i32)* = const(val=[3, 3], name="21")
    %23: (2,i32)* = const(val=[1, 1], name="23")
    %16: (i32)* = const(val=1, name="16")
    %20_pad_type_54: (str)* = const(val="custom", name="20_pad_type_54")
    %20_pad_54: (4,i32)* = const(val=[3, 3, 3, 3], name="20_pad_54")
    %20: (1, 3, 4, 4, fp32) = conv(x=%input, weight=%1, bias=%2, strides=%21, pad_type=%20_pad_type_54, pad=%20_pad_54, dilations=%23, groups=%16, name="20")
  } -> (%20)
}

[20200630 16:33:19 INFO /Volumes/data/work/1duo-coremltools/coremltools/converters/mil/backend/nn/passes/nn_passes.py:22] Performing passes for nn_backend: "nn_backend::commingle_loop_vars"
[20200630 16:33:19 INFO /Volumes/data/work/1duo-coremltools/coremltools/converters/mil/backend/nn/passes/nn_passes.py:22] Performing passes for nn_backend: "nn_backend::handle_return_inputs_as_outputs"
[20200630 16:33:19 INFO /Volumes/data/work/1duo-coremltools/coremltools/converters/mil/backend/nn/passes/nn_passes.py:22] Performing passes for nn_backend: "common::const_elimination"
[20200630 16:33:19 INFO /Volumes/data/work/1duo-coremltools/coremltools/converters/mil/backend/nn/passes/nn_passes.py:22] Performing passes for nn_backend: "common::dead_code_elimination"
[20200630 16:33:19 INFO /Volumes/data/work/1duo-coremltools/coremltools/converters/mil/backend/nn/passes/nn_passes.py:22] Performing passes for nn_backend: "nn_backend::handle_unused_inputs"
[20200630 16:33:19 INFO /Volumes/data/work/1duo-coremltools/coremltools/converters/mil/backend/nn/passes/nn_passes.py:22] Performing passes for nn_backend: "nn_backend::alert_return_type_cast"
[20200630 16:33:19 DEBUG /Volumes/data/work/1duo-coremltools/coremltools/converters/mil/backend/nn/passes/nn_passes.py:26] Program after nn backend passes:
main(%input: (1, 3, 5, 5, fp32)) {
  block73() {
    %1: (3, 3, 1, 1, fp32)* = const(val=[[[[-0.30866557359695435]], [[0.48610055446624756]], [[0.06158989667892456]]], [[[0.48137593269348145]], [[-0.10461100935935974]], [[-0.048975229263305664]]], [[[-0.07755175232887268]], [[-0.17058596014976501]], [[0.42330336570739746]]]], name="1")
    %2: (3,fp32)* = const(val=[0.38954484462738037, -0.20184040069580078, 0.4720226526260376], name="2")
    %21: (2,i32)* = const(val=[3, 3], name="21")
    %23: (2,i32)* = const(val=[1, 1], name="23")
    %16: (i32)* = const(val=1, name="16")
    %20_pad_type_54: (str)* = const(val="custom", name="20_pad_type_54")
    %20_pad_54: (4,i32)* = const(val=[3, 3, 3, 3], name="20_pad_54")
    %20: (1, 3, 4, 4, fp32) = conv(x=%input, weight=%1, bias=%2, strides=%21, pad_type=%20_pad_type_54, pad=%20_pad_54, dilations=%23, groups=%16, name="20")
  } -> (%20)
}

[20200630 16:33:19 INFO /Volumes/data/work/1duo-coremltools/coremltools/converters/mil/frontend/torch/converter.py:269] Converting graph.
[20200630 16:33:19 INFO /Volumes/data/work/1duo-coremltools/coremltools/converters/mil/mil/builder.py:181] Adding op '1' of type const
[20200630 16:33:19 INFO /Volumes/data/work/1duo-coremltools/coremltools/converters/mil/mil/builder.py:181] Adding op '2' of type const
[20200630 16:33:19 INFO /Volumes/data/work/1duo-coremltools/coremltools/converters/mil/frontend/torch/ops.py:49] Converting op 21 : constant
[20200630 16:33:19 INFO /Volumes/data/work/1duo-coremltools/coremltools/converters/mil/mil/builder.py:181] Adding op '21' of type const
[20200630 16:33:19 INFO /Volumes/data/work/1duo-coremltools/coremltools/converters/mil/frontend/torch/ops.py:49] Converting op 22 : constant
[20200630 16:33:19 INFO /Volumes/data/work/1duo-coremltools/coremltools/converters/mil/mil/builder.py:181] Adding op '22' of type const
[20200630 16:33:19 INFO /Volumes/data/work/1duo-coremltools/coremltools/converters/mil/frontend/torch/ops.py:49] Converting op 23 : constant
[20200630 16:33:19 INFO /Volumes/data/work/1duo-coremltools/coremltools/converters/mil/mil/builder.py:181] Adding op '23' of type const
[20200630 16:33:19 INFO /Volumes/data/work/1duo-coremltools/coremltools/converters/mil/frontend/torch/ops.py:49] Converting op 12 : constant
[20200630 16:33:19 INFO /Volumes/data/work/1duo-coremltools/coremltools/converters/mil/mil/builder.py:181] Adding op '12' of type const
[20200630 16:33:19 INFO /Volumes/data/work/1duo-coremltools/coremltools/converters/mil/frontend/torch/ops.py:49] Converting op 24 : constant
[20200630 16:33:19 INFO /Volumes/data/work/1duo-coremltools/coremltools/converters/mil/mil/builder.py:181] Adding op '24' of type const
[20200630 16:33:19 INFO /Volumes/data/work/1duo-coremltools/coremltools/converters/mil/frontend/torch/ops.py:49] Converting op 16 : constant
[20200630 16:33:19 INFO /Volumes/data/work/1duo-coremltools/coremltools/converters/mil/mil/builder.py:181] Adding op '16' of type const
[20200630 16:33:19 INFO /Volumes/data/work/1duo-coremltools/coremltools/converters/mil/frontend/torch/ops.py:49] Converting op 17 : constant
[20200630 16:33:19 INFO /Volumes/data/work/1duo-coremltools/coremltools/converters/mil/mil/builder.py:181] Adding op '17' of type const
[20200630 16:33:19 INFO /Volumes/data/work/1duo-coremltools/coremltools/converters/mil/frontend/torch/ops.py:49] Converting op 18 : constant
[20200630 16:33:19 INFO /Volumes/data/work/1duo-coremltools/coremltools/converters/mil/mil/builder.py:181] Adding op '18' of type const
[20200630 16:33:19 INFO /Volumes/data/work/1duo-coremltools/coremltools/converters/mil/frontend/torch/ops.py:49] Converting op 19 : constant
[20200630 16:33:19 INFO /Volumes/data/work/1duo-coremltools/coremltools/converters/mil/mil/builder.py:181] Adding op '19' of type const
[20200630 16:33:19 INFO /Volumes/data/work/1duo-coremltools/coremltools/converters/mil/frontend/torch/ops.py:49] Converting op 20 : _convolution
[20200630 16:33:19 INFO /Volumes/data/work/1duo-coremltools/coremltools/converters/mil/mil/builder.py:181] Adding op '20' of type conv
[20200630 16:33:19 DEBUG /Volumes/data/work/1duo-coremltools/coremltools/converters/mil/mil/builder.py:93] Adding const op '20_pad_type_55'
[20200630 16:33:19 INFO /Volumes/data/work/1duo-coremltools/coremltools/converters/mil/mil/builder.py:181] Adding op '20_pad_type_55' of type const
[20200630 16:33:19 DEBUG /Volumes/data/work/1duo-coremltools/coremltools/converters/mil/mil/builder.py:93] Adding const op '20_pad_55'
[20200630 16:33:19 INFO /Volumes/data/work/1duo-coremltools/coremltools/converters/mil/mil/builder.py:181] Adding op '20_pad_55' of type const
[20200630 16:33:19 DEBUG /Volumes/data/work/1duo-coremltools/coremltools/converters/mil/mil/passes/common_pass.py:30] Program before common passes:
main(%input: (1, 3, 5, 5, fp32)) {
  block74() {
    %1: (3, 3, 1, 1, fp32)* = const(val=[[[[-0.5716564655303955]], [[-0.30565714836120605]], [[-0.0016366243362426758]]], [[[-0.5157351493835449]], [[-0.13057798147201538]], [[0.22642576694488525]]], [[[-0.32453906536102295]], [[0.23721176385879517]], [[0.4646869897842407]]]], name="1")
    %2: (3,fp32)* = const(val=[0.1704055666923523, -0.009386003017425537, -0.23532715439796448], name="2")
    %21: (2,i32)* = const(val=[3, 3], name="21")
    %22: (2,i32)* = const(val=[3, 3], name="22")
    %23: (2,i32)* = const(val=[3, 3], name="23")
    %12: (bool)* = const(val=False, name="12")
    %24: (2,i32)* = const(val=[0, 0], name="24")
    %16: (i32)* = const(val=1, name="16")
    %17: (bool)* = const(val=False, name="17")
    %18: (bool)* = const(val=False, name="18")
    %19: (bool)* = const(val=True, name="19")
    %20_pad_type_55: (str)* = const(val="custom", name="20_pad_type_55")
    %20_pad_55: (4,i32)* = const(val=[3, 3, 3, 3], name="20_pad_55")
    %20: (1, 3, 4, 4, fp32) = conv(x=%input, weight=%1, bias=%2, strides=%21, pad_type=%20_pad_type_55, pad=%20_pad_55, dilations=%23, groups=%16, name="20")
  } -> (%20)
}

[20200630 16:33:19 INFO /Volumes/data/work/1duo-coremltools/coremltools/converters/mil/mil/passes/common_pass.py:34] Performing pass: "common::const_elimination"
[20200630 16:33:19 INFO /Volumes/data/work/1duo-coremltools/coremltools/converters/mil/mil/passes/common_pass.py:34] Performing pass: "common::divide_to_multiply"
[20200630 16:33:19 INFO /Volumes/data/work/1duo-coremltools/coremltools/converters/mil/mil/passes/common_pass.py:34] Performing pass: "common::fuse_matmul_weight_bias"
[20200630 16:33:19 INFO /Volumes/data/work/1duo-coremltools/coremltools/converters/mil/mil/passes/common_pass.py:34] Performing pass: "common::const_elimination"
[20200630 16:33:19 INFO /Volumes/data/work/1duo-coremltools/coremltools/converters/mil/mil/passes/common_pass.py:34] Performing pass: "common::loop_invariant_elimination"
[20200630 16:33:19 INFO /Volumes/data/work/1duo-coremltools/coremltools/converters/mil/mil/passes/common_pass.py:34] Performing pass: "common::remove_symbolic_reshape"
[20200630 16:33:19 INFO /Volumes/data/work/1duo-coremltools/coremltools/converters/mil/mil/passes/remove_symbolic_reshape.py:104] remove_symbolic_reshape: changed 0 reshapes.
[20200630 16:33:19 INFO /Volumes/data/work/1duo-coremltools/coremltools/converters/mil/mil/passes/common_pass.py:34] Performing pass: "common::fuse_gelu_tanh_approximation"
[20200630 16:33:19 INFO /Volumes/data/work/1duo-coremltools/coremltools/converters/mil/mil/passes/common_pass.py:34] Performing pass: "common::reduce_transposes"
[20200630 16:33:19 DEBUG /Volumes/data/work/1duo-coremltools/coremltools/converters/mil/mil/passes/reduce_transposes.py:989] Block before optimize transpose transform:
function(%input: (1, 3, 5, 5, fp32)) {
  block74() {
    %1: (3, 3, 1, 1, fp32)* = const(val=[[[[-0.5716564655303955]], [[-0.30565714836120605]], [[-0.0016366243362426758]]], [[[-0.5157351493835449]], [[-0.13057798147201538]], [[0.22642576694488525]]], [[[-0.32453906536102295]], [[0.23721176385879517]], [[0.4646869897842407]]]], name="1")
    %2: (3,fp32)* = const(val=[0.1704055666923523, -0.009386003017425537, -0.23532715439796448], name="2")
    %21: (2,i32)* = const(val=[3, 3], name="21")
    %22: (2,i32)* = const(val=[3, 3], name="22")
    %23: (2,i32)* = const(val=[3, 3], name="23")
    %12: (bool)* = const(val=False, name="12")
    %24: (2,i32)* = const(val=[0, 0], name="24")
    %16: (i32)* = const(val=1, name="16")
    %17: (bool)* = const(val=False, name="17")
    %18: (bool)* = const(val=False, name="18")
    %19: (bool)* = const(val=True, name="19")
    %20_pad_type_55: (str)* = const(val="custom", name="20_pad_type_55")
    %20_pad_55: (4,i32)* = const(val=[3, 3, 3, 3], name="20_pad_55")
    %20: (1, 3, 4, 4, fp32) = conv(x=%input, weight=%1, bias=%2, strides=%21, pad_type=%20_pad_type_55, pad=%20_pad_55, dilations=%23, groups=%16, name="20")
  } -> (%20)
}

[20200630 16:33:19 DEBUG /Volumes/data/work/1duo-coremltools/coremltools/converters/mil/mil/passes/reduce_transposes.py:1024] Block after optimize transpose transform:
function(%input: (1, 3, 5, 5, fp32)) {
  block74() {
    %1: (3, 3, 1, 1, fp32)* = const(val=[[[[-0.5716564655303955]], [[-0.30565714836120605]], [[-0.0016366243362426758]]], [[[-0.5157351493835449]], [[-0.13057798147201538]], [[0.22642576694488525]]], [[[-0.32453906536102295]], [[0.23721176385879517]], [[0.4646869897842407]]]], name="1")
    %2: (3,fp32)* = const(val=[0.1704055666923523, -0.009386003017425537, -0.23532715439796448], name="2")
    %21: (2,i32)* = const(val=[3, 3], name="21")
    %22: (2,i32)* = const(val=[3, 3], name="22")
    %23: (2,i32)* = const(val=[3, 3], name="23")
    %12: (bool)* = const(val=False, name="12")
    %24: (2,i32)* = const(val=[0, 0], name="24")
    %16: (i32)* = const(val=1, name="16")
    %17: (bool)* = const(val=False, name="17")
    %18: (bool)* = const(val=False, name="18")
    %19: (bool)* = const(val=True, name="19")
    %20_pad_type_55: (str)* = const(val="custom", name="20_pad_type_55")
    %20_pad_55: (4,i32)* = const(val=[3, 3, 3, 3], name="20_pad_55")
    %20: (1, 3, 4, 4, fp32) = conv(x=%input, weight=%1, bias=%2, strides=%21, pad_type=%20_pad_type_55, pad=%20_pad_55, dilations=%23, groups=%16, name="20")
  } -> (%20)
}

[20200630 16:33:19 INFO /Volumes/data/work/1duo-coremltools/coremltools/converters/mil/mil/passes/common_pass.py:34] Performing pass: "common::fuse_bias_conv"
[20200630 16:33:19 INFO /Volumes/data/work/1duo-coremltools/coremltools/converters/mil/mil/passes/common_pass.py:34] Performing pass: "common::fuse_elementwise_to_batchnorm"
[20200630 16:33:19 INFO /Volumes/data/work/1duo-coremltools/coremltools/converters/mil/mil/passes/common_pass.py:34] Performing pass: "common::fuse_onehot_matmul_to_gather"
[20200630 16:33:19 INFO /Volumes/data/work/1duo-coremltools/coremltools/converters/mil/mil/passes/common_pass.py:34] Performing pass: "common::fuse_layernorm_or_instancenorm"
[20200630 16:33:19 INFO /Volumes/data/work/1duo-coremltools/coremltools/converters/mil/mil/passes/common_pass.py:34] Performing pass: "common::dead_code_elimination"
[20200630 16:33:19 INFO /Volumes/data/work/1duo-coremltools/coremltools/converters/mil/mil/passes/dead_code_elimination.py:35] Removing op "19" (type: const)
[20200630 16:33:19 INFO /Volumes/data/work/1duo-coremltools/coremltools/converters/mil/mil/passes/dead_code_elimination.py:35] Removing op "18" (type: const)
[20200630 16:33:19 INFO /Volumes/data/work/1duo-coremltools/coremltools/converters/mil/mil/passes/dead_code_elimination.py:35] Removing op "17" (type: const)
[20200630 16:33:19 INFO /Volumes/data/work/1duo-coremltools/coremltools/converters/mil/mil/passes/dead_code_elimination.py:35] Removing op "24" (type: const)
[20200630 16:33:19 INFO /Volumes/data/work/1duo-coremltools/coremltools/converters/mil/mil/passes/dead_code_elimination.py:35] Removing op "12" (type: const)
[20200630 16:33:19 INFO /Volumes/data/work/1duo-coremltools/coremltools/converters/mil/mil/passes/dead_code_elimination.py:35] Removing op "22" (type: const)
[20200630 16:33:19 DEBUG /Volumes/data/work/1duo-coremltools/coremltools/converters/mil/mil/passes/common_pass.py:38] Program after common passes:
main(%input: (1, 3, 5, 5, fp32)) {
  block74() {
    %1: (3, 3, 1, 1, fp32)* = const(val=[[[[-0.5716564655303955]], [[-0.30565714836120605]], [[-0.0016366243362426758]]], [[[-0.5157351493835449]], [[-0.13057798147201538]], [[0.22642576694488525]]], [[[-0.32453906536102295]], [[0.23721176385879517]], [[0.4646869897842407]]]], name="1")
    %2: (3,fp32)* = const(val=[0.1704055666923523, -0.009386003017425537, -0.23532715439796448], name="2")
    %21: (2,i32)* = const(val=[3, 3], name="21")
    %23: (2,i32)* = const(val=[3, 3], name="23")
    %16: (i32)* = const(val=1, name="16")
    %20_pad_type_55: (str)* = const(val="custom", name="20_pad_type_55")
    %20_pad_55: (4,i32)* = const(val=[3, 3, 3, 3], name="20_pad_55")
    %20: (1, 3, 4, 4, fp32) = conv(x=%input, weight=%1, bias=%2, strides=%21, pad_type=%20_pad_type_55, pad=%20_pad_55, dilations=%23, groups=%16, name="20")
  } -> (%20)
}

[20200630 16:33:19 INFO /Volumes/data/work/1duo-coremltools/coremltools/converters/mil/backend/nn/passes/nn_passes.py:22] Performing passes for nn_backend: "nn_backend::commingle_loop_vars"
[20200630 16:33:19 INFO /Volumes/data/work/1duo-coremltools/coremltools/converters/mil/backend/nn/passes/nn_passes.py:22] Performing passes for nn_backend: "nn_backend::handle_return_inputs_as_outputs"
[20200630 16:33:19 INFO /Volumes/data/work/1duo-coremltools/coremltools/converters/mil/backend/nn/passes/nn_passes.py:22] Performing passes for nn_backend: "common::const_elimination"
[20200630 16:33:19 INFO /Volumes/data/work/1duo-coremltools/coremltools/converters/mil/backend/nn/passes/nn_passes.py:22] Performing passes for nn_backend: "common::dead_code_elimination"
[20200630 16:33:19 INFO /Volumes/data/work/1duo-coremltools/coremltools/converters/mil/backend/nn/passes/nn_passes.py:22] Performing passes for nn_backend: "nn_backend::handle_unused_inputs"
[20200630 16:33:19 INFO /Volumes/data/work/1duo-coremltools/coremltools/converters/mil/backend/nn/passes/nn_passes.py:22] Performing passes for nn_backend: "nn_backend::alert_return_type_cast"
[20200630 16:33:19 DEBUG /Volumes/data/work/1duo-coremltools/coremltools/converters/mil/backend/nn/passes/nn_passes.py:26] Program after nn backend passes:
main(%input: (1, 3, 5, 5, fp32)) {
  block74() {
    %1: (3, 3, 1, 1, fp32)* = const(val=[[[[-0.5716564655303955]], [[-0.30565714836120605]], [[-0.0016366243362426758]]], [[[-0.5157351493835449]], [[-0.13057798147201538]], [[0.22642576694488525]]], [[[-0.32453906536102295]], [[0.23721176385879517]], [[0.4646869897842407]]]], name="1")
    %2: (3,fp32)* = const(val=[0.1704055666923523, -0.009386003017425537, -0.23532715439796448], name="2")
    %21: (2,i32)* = const(val=[3, 3], name="21")
    %23: (2,i32)* = const(val=[3, 3], name="23")
    %16: (i32)* = const(val=1, name="16")
    %20_pad_type_55: (str)* = const(val="custom", name="20_pad_type_55")
    %20_pad_55: (4,i32)* = const(val=[3, 3, 3, 3], name="20_pad_55")
    %20: (1, 3, 4, 4, fp32) = conv(x=%input, weight=%1, bias=%2, strides=%21, pad_type=%20_pad_type_55, pad=%20_pad_55, dilations=%23, groups=%16, name="20")
  } -> (%20)
}

[20200630 16:33:19 INFO /Volumes/data/work/1duo-coremltools/coremltools/converters/mil/frontend/torch/converter.py:269] Converting graph.
[20200630 16:33:19 INFO /Volumes/data/work/1duo-coremltools/coremltools/converters/mil/mil/builder.py:181] Adding op '1' of type const
[20200630 16:33:19 INFO /Volumes/data/work/1duo-coremltools/coremltools/converters/mil/mil/builder.py:181] Adding op '2' of type const
[20200630 16:33:19 INFO /Volumes/data/work/1duo-coremltools/coremltools/converters/mil/frontend/torch/ops.py:49] Converting op 21 : constant
[20200630 16:33:19 INFO /Volumes/data/work/1duo-coremltools/coremltools/converters/mil/mil/builder.py:181] Adding op '21' of type const
[20200630 16:33:19 INFO /Volumes/data/work/1duo-coremltools/coremltools/converters/mil/frontend/torch/ops.py:49] Converting op 22 : constant
[20200630 16:33:19 INFO /Volumes/data/work/1duo-coremltools/coremltools/converters/mil/mil/builder.py:181] Adding op '22' of type const
[20200630 16:33:19 INFO /Volumes/data/work/1duo-coremltools/coremltools/converters/mil/frontend/torch/ops.py:49] Converting op 23 : constant
[20200630 16:33:19 INFO /Volumes/data/work/1duo-coremltools/coremltools/converters/mil/mil/builder.py:181] Adding op '23' of type const
[20200630 16:33:19 INFO /Volumes/data/work/1duo-coremltools/coremltools/converters/mil/frontend/torch/ops.py:49] Converting op 12 : constant
[20200630 16:33:19 INFO /Volumes/data/work/1duo-coremltools/coremltools/converters/mil/mil/builder.py:181] Adding op '12' of type const
[20200630 16:33:19 INFO /Volumes/data/work/1duo-coremltools/coremltools/converters/mil/frontend/torch/ops.py:49] Converting op 24 : constant
[20200630 16:33:19 INFO /Volumes/data/work/1duo-coremltools/coremltools/converters/mil/mil/builder.py:181] Adding op '24' of type const
[20200630 16:33:19 INFO /Volumes/data/work/1duo-coremltools/coremltools/converters/mil/frontend/torch/ops.py:49] Converting op 16 : constant
[20200630 16:33:19 INFO /Volumes/data/work/1duo-coremltools/coremltools/converters/mil/mil/builder.py:181] Adding op '16' of type const
[20200630 16:33:19 INFO /Volumes/data/work/1duo-coremltools/coremltools/converters/mil/frontend/torch/ops.py:49] Converting op 17 : constant
[20200630 16:33:19 INFO /Volumes/data/work/1duo-coremltools/coremltools/converters/mil/mil/builder.py:181] Adding op '17' of type const
[20200630 16:33:19 INFO /Volumes/data/work/1duo-coremltools/coremltools/converters/mil/frontend/torch/ops.py:49] Converting op 18 : constant
[20200630 16:33:19 INFO /Volumes/data/work/1duo-coremltools/coremltools/converters/mil/mil/builder.py:181] Adding op '18' of type const
[20200630 16:33:19 INFO /Volumes/data/work/1duo-coremltools/coremltools/converters/mil/frontend/torch/ops.py:49] Converting op 19 : constant
[20200630 16:33:19 INFO /Volumes/data/work/1duo-coremltools/coremltools/converters/mil/mil/builder.py:181] Adding op '19' of type const
[20200630 16:33:19 INFO /Volumes/data/work/1duo-coremltools/coremltools/converters/mil/frontend/torch/ops.py:49] Converting op 20 : _convolution
[20200630 16:33:19 INFO /Volumes/data/work/1duo-coremltools/coremltools/converters/mil/mil/builder.py:181] Adding op '20' of type conv
[20200630 16:33:19 DEBUG /Volumes/data/work/1duo-coremltools/coremltools/converters/mil/mil/builder.py:93] Adding const op '20_pad_type_56'
[20200630 16:33:19 INFO /Volumes/data/work/1duo-coremltools/coremltools/converters/mil/mil/builder.py:181] Adding op '20_pad_type_56' of type const
[20200630 16:33:19 DEBUG /Volumes/data/work/1duo-coremltools/coremltools/converters/mil/mil/builder.py:93] Adding const op '20_pad_56'
[20200630 16:33:19 INFO /Volumes/data/work/1duo-coremltools/coremltools/converters/mil/mil/builder.py:181] Adding op '20_pad_56' of type const
[20200630 16:33:19 DEBUG /Volumes/data/work/1duo-coremltools/coremltools/converters/mil/mil/passes/common_pass.py:30] Program before common passes:
main(%input: (1, 3, 5, 5, fp32)) {
  block75() {
    %1: (3, 3, 3, 3, fp32)* = const(val=(file_value), name="1")
    %2: (3,fp32)* = const(val=[0.08681975305080414, 0.0631687194108963, 0.04330836236476898], name="2")
    %21: (2,i32)* = const(val=[1, 1], name="21")
    %22: (2,i32)* = const(val=[1, 1], name="22")
    %23: (2,i32)* = const(val=[1, 1], name="23")
    %12: (bool)* = const(val=False, name="12")
    %24: (2,i32)* = const(val=[0, 0], name="24")
    %16: (i32)* = const(val=1, name="16")
    %17: (bool)* = const(val=False, name="17")
    %18: (bool)* = const(val=False, name="18")
    %19: (bool)* = const(val=True, name="19")
    %20_pad_type_56: (str)* = const(val="custom", name="20_pad_type_56")
    %20_pad_56: (4,i32)* = const(val=[1, 1, 1, 1], name="20_pad_56")
    %20: (1, 3, 5, 5, fp32) = conv(x=%input, weight=%1, bias=%2, strides=%21, pad_type=%20_pad_type_56, pad=%20_pad_56, dilations=%23, groups=%16, name="20")
  } -> (%20)
}

[20200630 16:33:19 INFO /Volumes/data/work/1duo-coremltools/coremltools/converters/mil/mil/passes/common_pass.py:34] Performing pass: "common::const_elimination"
[20200630 16:33:19 INFO /Volumes/data/work/1duo-coremltools/coremltools/converters/mil/mil/passes/common_pass.py:34] Performing pass: "common::divide_to_multiply"
[20200630 16:33:19 INFO /Volumes/data/work/1duo-coremltools/coremltools/converters/mil/mil/passes/common_pass.py:34] Performing pass: "common::fuse_matmul_weight_bias"
[20200630 16:33:19 INFO /Volumes/data/work/1duo-coremltools/coremltools/converters/mil/mil/passes/common_pass.py:34] Performing pass: "common::const_elimination"
[20200630 16:33:19 INFO /Volumes/data/work/1duo-coremltools/coremltools/converters/mil/mil/passes/common_pass.py:34] Performing pass: "common::loop_invariant_elimination"
[20200630 16:33:19 INFO /Volumes/data/work/1duo-coremltools/coremltools/converters/mil/mil/passes/common_pass.py:34] Performing pass: "common::remove_symbolic_reshape"
[20200630 16:33:19 INFO /Volumes/data/work/1duo-coremltools/coremltools/converters/mil/mil/passes/remove_symbolic_reshape.py:104] remove_symbolic_reshape: changed 0 reshapes.
[20200630 16:33:19 INFO /Volumes/data/work/1duo-coremltools/coremltools/converters/mil/mil/passes/common_pass.py:34] Performing pass: "common::fuse_gelu_tanh_approximation"
[20200630 16:33:19 INFO /Volumes/data/work/1duo-coremltools/coremltools/converters/mil/mil/passes/common_pass.py:34] Performing pass: "common::reduce_transposes"
[20200630 16:33:19 DEBUG /Volumes/data/work/1duo-coremltools/coremltools/converters/mil/mil/passes/reduce_transposes.py:989] Block before optimize transpose transform:
function(%input: (1, 3, 5, 5, fp32)) {
  block75() {
    %1: (3, 3, 3, 3, fp32)* = const(val=(file_value), name="1")
    %2: (3,fp32)* = const(val=[0.08681975305080414, 0.0631687194108963, 0.04330836236476898], name="2")
    %21: (2,i32)* = const(val=[1, 1], name="21")
    %22: (2,i32)* = const(val=[1, 1], name="22")
    %23: (2,i32)* = const(val=[1, 1], name="23")
    %12: (bool)* = const(val=False, name="12")
    %24: (2,i32)* = const(val=[0, 0], name="24")
    %16: (i32)* = const(val=1, name="16")
    %17: (bool)* = const(val=False, name="17")
    %18: (bool)* = const(val=False, name="18")
    %19: (bool)* = const(val=True, name="19")
    %20_pad_type_56: (str)* = const(val="custom", name="20_pad_type_56")
    %20_pad_56: (4,i32)* = const(val=[1, 1, 1, 1], name="20_pad_56")
    %20: (1, 3, 5, 5, fp32) = conv(x=%input, weight=%1, bias=%2, strides=%21, pad_type=%20_pad_type_56, pad=%20_pad_56, dilations=%23, groups=%16, name="20")
  } -> (%20)
}

[20200630 16:33:19 DEBUG /Volumes/data/work/1duo-coremltools/coremltools/converters/mil/mil/passes/reduce_transposes.py:1024] Block after optimize transpose transform:
function(%input: (1, 3, 5, 5, fp32)) {
  block75() {
    %1: (3, 3, 3, 3, fp32)* = const(val=(file_value), name="1")
    %2: (3,fp32)* = const(val=[0.08681975305080414, 0.0631687194108963, 0.04330836236476898], name="2")
    %21: (2,i32)* = const(val=[1, 1], name="21")
    %22: (2,i32)* = const(val=[1, 1], name="22")
    %23: (2,i32)* = const(val=[1, 1], name="23")
    %12: (bool)* = const(val=False, name="12")
    %24: (2,i32)* = const(val=[0, 0], name="24")
    %16: (i32)* = const(val=1, name="16")
    %17: (bool)* = const(val=False, name="17")
    %18: (bool)* = const(val=False, name="18")
    %19: (bool)* = const(val=True, name="19")
    %20_pad_type_56: (str)* = const(val="custom", name="20_pad_type_56")
    %20_pad_56: (4,i32)* = const(val=[1, 1, 1, 1], name="20_pad_56")
    %20: (1, 3, 5, 5, fp32) = conv(x=%input, weight=%1, bias=%2, strides=%21, pad_type=%20_pad_type_56, pad=%20_pad_56, dilations=%23, groups=%16, name="20")
  } -> (%20)
}

[20200630 16:33:19 INFO /Volumes/data/work/1duo-coremltools/coremltools/converters/mil/mil/passes/common_pass.py:34] Performing pass: "common::fuse_bias_conv"
[20200630 16:33:19 INFO /Volumes/data/work/1duo-coremltools/coremltools/converters/mil/mil/passes/common_pass.py:34] Performing pass: "common::fuse_elementwise_to_batchnorm"
[20200630 16:33:19 INFO /Volumes/data/work/1duo-coremltools/coremltools/converters/mil/mil/passes/common_pass.py:34] Performing pass: "common::fuse_onehot_matmul_to_gather"
[20200630 16:33:19 INFO /Volumes/data/work/1duo-coremltools/coremltools/converters/mil/mil/passes/common_pass.py:34] Performing pass: "common::fuse_layernorm_or_instancenorm"
[20200630 16:33:19 INFO /Volumes/data/work/1duo-coremltools/coremltools/converters/mil/mil/passes/common_pass.py:34] Performing pass: "common::dead_code_elimination"
[20200630 16:33:19 INFO /Volumes/data/work/1duo-coremltools/coremltools/converters/mil/mil/passes/dead_code_elimination.py:35] Removing op "19" (type: const)
[20200630 16:33:19 INFO /Volumes/data/work/1duo-coremltools/coremltools/converters/mil/mil/passes/dead_code_elimination.py:35] Removing op "18" (type: const)
[20200630 16:33:19 INFO /Volumes/data/work/1duo-coremltools/coremltools/converters/mil/mil/passes/dead_code_elimination.py:35] Removing op "17" (type: const)
[20200630 16:33:19 INFO /Volumes/data/work/1duo-coremltools/coremltools/converters/mil/mil/passes/dead_code_elimination.py:35] Removing op "24" (type: const)
[20200630 16:33:19 INFO /Volumes/data/work/1duo-coremltools/coremltools/converters/mil/mil/passes/dead_code_elimination.py:35] Removing op "12" (type: const)
[20200630 16:33:19 INFO /Volumes/data/work/1duo-coremltools/coremltools/converters/mil/mil/passes/dead_code_elimination.py:35] Removing op "22" (type: const)
[20200630 16:33:19 DEBUG /Volumes/data/work/1duo-coremltools/coremltools/converters/mil/mil/passes/common_pass.py:38] Program after common passes:
main(%input: (1, 3, 5, 5, fp32)) {
  block75() {
    %1: (3, 3, 3, 3, fp32)* = const(val=(file_value), name="1")
    %2: (3,fp32)* = const(val=[0.08681975305080414, 0.0631687194108963, 0.04330836236476898], name="2")
    %21: (2,i32)* = const(val=[1, 1], name="21")
    %23: (2,i32)* = const(val=[1, 1], name="23")
    %16: (i32)* = const(val=1, name="16")
    %20_pad_type_56: (str)* = const(val="custom", name="20_pad_type_56")
    %20_pad_56: (4,i32)* = const(val=[1, 1, 1, 1], name="20_pad_56")
    %20: (1, 3, 5, 5, fp32) = conv(x=%input, weight=%1, bias=%2, strides=%21, pad_type=%20_pad_type_56, pad=%20_pad_56, dilations=%23, groups=%16, name="20")
  } -> (%20)
}

[20200630 16:33:19 INFO /Volumes/data/work/1duo-coremltools/coremltools/converters/mil/backend/nn/passes/nn_passes.py:22] Performing passes for nn_backend: "nn_backend::commingle_loop_vars"
[20200630 16:33:19 INFO /Volumes/data/work/1duo-coremltools/coremltools/converters/mil/backend/nn/passes/nn_passes.py:22] Performing passes for nn_backend: "nn_backend::handle_return_inputs_as_outputs"
[20200630 16:33:19 INFO /Volumes/data/work/1duo-coremltools/coremltools/converters/mil/backend/nn/passes/nn_passes.py:22] Performing passes for nn_backend: "common::const_elimination"
[20200630 16:33:19 INFO /Volumes/data/work/1duo-coremltools/coremltools/converters/mil/backend/nn/passes/nn_passes.py:22] Performing passes for nn_backend: "common::dead_code_elimination"
[20200630 16:33:19 INFO /Volumes/data/work/1duo-coremltools/coremltools/converters/mil/backend/nn/passes/nn_passes.py:22] Performing passes for nn_backend: "nn_backend::handle_unused_inputs"
[20200630 16:33:19 INFO /Volumes/data/work/1duo-coremltools/coremltools/converters/mil/backend/nn/passes/nn_passes.py:22] Performing passes for nn_backend: "nn_backend::alert_return_type_cast"
[20200630 16:33:19 DEBUG /Volumes/data/work/1duo-coremltools/coremltools/converters/mil/backend/nn/passes/nn_passes.py:26] Program after nn backend passes:
main(%input: (1, 3, 5, 5, fp32)) {
  block75() {
    %1: (3, 3, 3, 3, fp32)* = const(val=(file_value), name="1")
    %2: (3,fp32)* = const(val=[0.08681975305080414, 0.0631687194108963, 0.04330836236476898], name="2")
    %21: (2,i32)* = const(val=[1, 1], name="21")
    %23: (2,i32)* = const(val=[1, 1], name="23")
    %16: (i32)* = const(val=1, name="16")
    %20_pad_type_56: (str)* = const(val="custom", name="20_pad_type_56")
    %20_pad_56: (4,i32)* = const(val=[1, 1, 1, 1], name="20_pad_56")
    %20: (1, 3, 5, 5, fp32) = conv(x=%input, weight=%1, bias=%2, strides=%21, pad_type=%20_pad_type_56, pad=%20_pad_56, dilations=%23, groups=%16, name="20")
  } -> (%20)
}

[20200630 16:33:19 INFO /Volumes/data/work/1duo-coremltools/coremltools/converters/mil/frontend/torch/converter.py:269] Converting graph.
[20200630 16:33:19 INFO /Volumes/data/work/1duo-coremltools/coremltools/converters/mil/mil/builder.py:181] Adding op '1' of type const
[20200630 16:33:19 INFO /Volumes/data/work/1duo-coremltools/coremltools/converters/mil/mil/builder.py:181] Adding op '2' of type const
[20200630 16:33:19 INFO /Volumes/data/work/1duo-coremltools/coremltools/converters/mil/frontend/torch/ops.py:49] Converting op 21 : constant
[20200630 16:33:19 INFO /Volumes/data/work/1duo-coremltools/coremltools/converters/mil/mil/builder.py:181] Adding op '21' of type const
[20200630 16:33:19 INFO /Volumes/data/work/1duo-coremltools/coremltools/converters/mil/frontend/torch/ops.py:49] Converting op 22 : constant
[20200630 16:33:19 INFO /Volumes/data/work/1duo-coremltools/coremltools/converters/mil/mil/builder.py:181] Adding op '22' of type const
[20200630 16:33:19 INFO /Volumes/data/work/1duo-coremltools/coremltools/converters/mil/frontend/torch/ops.py:49] Converting op 23 : constant
[20200630 16:33:19 INFO /Volumes/data/work/1duo-coremltools/coremltools/converters/mil/mil/builder.py:181] Adding op '23' of type const
[20200630 16:33:19 INFO /Volumes/data/work/1duo-coremltools/coremltools/converters/mil/frontend/torch/ops.py:49] Converting op 12 : constant
[20200630 16:33:19 INFO /Volumes/data/work/1duo-coremltools/coremltools/converters/mil/mil/builder.py:181] Adding op '12' of type const
[20200630 16:33:19 INFO /Volumes/data/work/1duo-coremltools/coremltools/converters/mil/frontend/torch/ops.py:49] Converting op 24 : constant
[20200630 16:33:19 INFO /Volumes/data/work/1duo-coremltools/coremltools/converters/mil/mil/builder.py:181] Adding op '24' of type const
[20200630 16:33:19 INFO /Volumes/data/work/1duo-coremltools/coremltools/converters/mil/frontend/torch/ops.py:49] Converting op 16 : constant
[20200630 16:33:19 INFO /Volumes/data/work/1duo-coremltools/coremltools/converters/mil/mil/builder.py:181] Adding op '16' of type const
[20200630 16:33:19 INFO /Volumes/data/work/1duo-coremltools/coremltools/converters/mil/frontend/torch/ops.py:49] Converting op 17 : constant
[20200630 16:33:19 INFO /Volumes/data/work/1duo-coremltools/coremltools/converters/mil/mil/builder.py:181] Adding op '17' of type const
[20200630 16:33:19 INFO /Volumes/data/work/1duo-coremltools/coremltools/converters/mil/frontend/torch/ops.py:49] Converting op 18 : constant
[20200630 16:33:19 INFO /Volumes/data/work/1duo-coremltools/coremltools/converters/mil/mil/builder.py:181] Adding op '18' of type const
[20200630 16:33:19 INFO /Volumes/data/work/1duo-coremltools/coremltools/converters/mil/frontend/torch/ops.py:49] Converting op 19 : constant
[20200630 16:33:19 INFO /Volumes/data/work/1duo-coremltools/coremltools/converters/mil/mil/builder.py:181] Adding op '19' of type const
[20200630 16:33:19 INFO /Volumes/data/work/1duo-coremltools/coremltools/converters/mil/frontend/torch/ops.py:49] Converting op 20 : _convolution
[20200630 16:33:19 INFO /Volumes/data/work/1duo-coremltools/coremltools/converters/mil/mil/builder.py:181] Adding op '20' of type conv
[20200630 16:33:19 DEBUG /Volumes/data/work/1duo-coremltools/coremltools/converters/mil/mil/builder.py:93] Adding const op '20_pad_type_57'
[20200630 16:33:19 INFO /Volumes/data/work/1duo-coremltools/coremltools/converters/mil/mil/builder.py:181] Adding op '20_pad_type_57' of type const
[20200630 16:33:19 DEBUG /Volumes/data/work/1duo-coremltools/coremltools/converters/mil/mil/builder.py:93] Adding const op '20_pad_57'
[20200630 16:33:19 INFO /Volumes/data/work/1duo-coremltools/coremltools/converters/mil/mil/builder.py:181] Adding op '20_pad_57' of type const
[20200630 16:33:19 DEBUG /Volumes/data/work/1duo-coremltools/coremltools/converters/mil/mil/passes/common_pass.py:30] Program before common passes:
main(%input: (1, 3, 5, 5, fp32)) {
  block76() {
    %1: (3, 3, 3, 3, fp32)* = const(val=(file_value), name="1")
    %2: (3,fp32)* = const(val=[-0.032781586050987244, 0.11104665696620941, 0.10820351541042328], name="2")
    %21: (2,i32)* = const(val=[1, 1], name="21")
    %22: (2,i32)* = const(val=[1, 1], name="22")
    %23: (2,i32)* = const(val=[3, 3], name="23")
    %12: (bool)* = const(val=False, name="12")
    %24: (2,i32)* = const(val=[0, 0], name="24")
    %16: (i32)* = const(val=1, name="16")
    %17: (bool)* = const(val=False, name="17")
    %18: (bool)* = const(val=False, name="18")
    %19: (bool)* = const(val=True, name="19")
    %20_pad_type_57: (str)* = const(val="custom", name="20_pad_type_57")
    %20_pad_57: (4,i32)* = const(val=[1, 1, 1, 1], name="20_pad_57")
    %20: (1, 3, 1, 1, fp32) = conv(x=%input, weight=%1, bias=%2, strides=%21, pad_type=%20_pad_type_57, pad=%20_pad_57, dilations=%23, groups=%16, name="20")
  } -> (%20)
}

[20200630 16:33:19 INFO /Volumes/data/work/1duo-coremltools/coremltools/converters/mil/mil/passes/common_pass.py:34] Performing pass: "common::const_elimination"
[20200630 16:33:19 INFO /Volumes/data/work/1duo-coremltools/coremltools/converters/mil/mil/passes/common_pass.py:34] Performing pass: "common::divide_to_multiply"
[20200630 16:33:19 INFO /Volumes/data/work/1duo-coremltools/coremltools/converters/mil/mil/passes/common_pass.py:34] Performing pass: "common::fuse_matmul_weight_bias"
[20200630 16:33:19 INFO /Volumes/data/work/1duo-coremltools/coremltools/converters/mil/mil/passes/common_pass.py:34] Performing pass: "common::const_elimination"
[20200630 16:33:19 INFO /Volumes/data/work/1duo-coremltools/coremltools/converters/mil/mil/passes/common_pass.py:34] Performing pass: "common::loop_invariant_elimination"
[20200630 16:33:19 INFO /Volumes/data/work/1duo-coremltools/coremltools/converters/mil/mil/passes/common_pass.py:34] Performing pass: "common::remove_symbolic_reshape"
[20200630 16:33:19 INFO /Volumes/data/work/1duo-coremltools/coremltools/converters/mil/mil/passes/remove_symbolic_reshape.py:104] remove_symbolic_reshape: changed 0 reshapes.
[20200630 16:33:19 INFO /Volumes/data/work/1duo-coremltools/coremltools/converters/mil/mil/passes/common_pass.py:34] Performing pass: "common::fuse_gelu_tanh_approximation"
[20200630 16:33:19 INFO /Volumes/data/work/1duo-coremltools/coremltools/converters/mil/mil/passes/common_pass.py:34] Performing pass: "common::reduce_transposes"
[20200630 16:33:19 DEBUG /Volumes/data/work/1duo-coremltools/coremltools/converters/mil/mil/passes/reduce_transposes.py:989] Block before optimize transpose transform:
function(%input: (1, 3, 5, 5, fp32)) {
  block76() {
    %1: (3, 3, 3, 3, fp32)* = const(val=(file_value), name="1")
    %2: (3,fp32)* = const(val=[-0.032781586050987244, 0.11104665696620941, 0.10820351541042328], name="2")
    %21: (2,i32)* = const(val=[1, 1], name="21")
    %22: (2,i32)* = const(val=[1, 1], name="22")
    %23: (2,i32)* = const(val=[3, 3], name="23")
    %12: (bool)* = const(val=False, name="12")
    %24: (2,i32)* = const(val=[0, 0], name="24")
    %16: (i32)* = const(val=1, name="16")
    %17: (bool)* = const(val=False, name="17")
    %18: (bool)* = const(val=False, name="18")
    %19: (bool)* = const(val=True, name="19")
    %20_pad_type_57: (str)* = const(val="custom", name="20_pad_type_57")
    %20_pad_57: (4,i32)* = const(val=[1, 1, 1, 1], name="20_pad_57")
    %20: (1, 3, 1, 1, fp32) = conv(x=%input, weight=%1, bias=%2, strides=%21, pad_type=%20_pad_type_57, pad=%20_pad_57, dilations=%23, groups=%16, name="20")
  } -> (%20)
}

[20200630 16:33:19 DEBUG /Volumes/data/work/1duo-coremltools/coremltools/converters/mil/mil/passes/reduce_transposes.py:1024] Block after optimize transpose transform:
function(%input: (1, 3, 5, 5, fp32)) {
  block76() {
    %1: (3, 3, 3, 3, fp32)* = const(val=(file_value), name="1")
    %2: (3,fp32)* = const(val=[-0.032781586050987244, 0.11104665696620941, 0.10820351541042328], name="2")
    %21: (2,i32)* = const(val=[1, 1], name="21")
    %22: (2,i32)* = const(val=[1, 1], name="22")
    %23: (2,i32)* = const(val=[3, 3], name="23")
    %12: (bool)* = const(val=False, name="12")
    %24: (2,i32)* = const(val=[0, 0], name="24")
    %16: (i32)* = const(val=1, name="16")
    %17: (bool)* = const(val=False, name="17")
    %18: (bool)* = const(val=False, name="18")
    %19: (bool)* = const(val=True, name="19")
    %20_pad_type_57: (str)* = const(val="custom", name="20_pad_type_57")
    %20_pad_57: (4,i32)* = const(val=[1, 1, 1, 1], name="20_pad_57")
    %20: (1, 3, 1, 1, fp32) = conv(x=%input, weight=%1, bias=%2, strides=%21, pad_type=%20_pad_type_57, pad=%20_pad_57, dilations=%23, groups=%16, name="20")
  } -> (%20)
}

[20200630 16:33:19 INFO /Volumes/data/work/1duo-coremltools/coremltools/converters/mil/mil/passes/common_pass.py:34] Performing pass: "common::fuse_bias_conv"
[20200630 16:33:19 INFO /Volumes/data/work/1duo-coremltools/coremltools/converters/mil/mil/passes/common_pass.py:34] Performing pass: "common::fuse_elementwise_to_batchnorm"
[20200630 16:33:19 INFO /Volumes/data/work/1duo-coremltools/coremltools/converters/mil/mil/passes/common_pass.py:34] Performing pass: "common::fuse_onehot_matmul_to_gather"
[20200630 16:33:19 INFO /Volumes/data/work/1duo-coremltools/coremltools/converters/mil/mil/passes/common_pass.py:34] Performing pass: "common::fuse_layernorm_or_instancenorm"
[20200630 16:33:19 INFO /Volumes/data/work/1duo-coremltools/coremltools/converters/mil/mil/passes/common_pass.py:34] Performing pass: "common::dead_code_elimination"
[20200630 16:33:19 INFO /Volumes/data/work/1duo-coremltools/coremltools/converters/mil/mil/passes/dead_code_elimination.py:35] Removing op "19" (type: const)
[20200630 16:33:19 INFO /Volumes/data/work/1duo-coremltools/coremltools/converters/mil/mil/passes/dead_code_elimination.py:35] Removing op "18" (type: const)
[20200630 16:33:19 INFO /Volumes/data/work/1duo-coremltools/coremltools/converters/mil/mil/passes/dead_code_elimination.py:35] Removing op "17" (type: const)
[20200630 16:33:19 INFO /Volumes/data/work/1duo-coremltools/coremltools/converters/mil/mil/passes/dead_code_elimination.py:35] Removing op "24" (type: const)
[20200630 16:33:19 INFO /Volumes/data/work/1duo-coremltools/coremltools/converters/mil/mil/passes/dead_code_elimination.py:35] Removing op "12" (type: const)
[20200630 16:33:19 INFO /Volumes/data/work/1duo-coremltools/coremltools/converters/mil/mil/passes/dead_code_elimination.py:35] Removing op "22" (type: const)
[20200630 16:33:19 DEBUG /Volumes/data/work/1duo-coremltools/coremltools/converters/mil/mil/passes/common_pass.py:38] Program after common passes:
main(%input: (1, 3, 5, 5, fp32)) {
  block76() {
    %1: (3, 3, 3, 3, fp32)* = const(val=(file_value), name="1")
    %2: (3,fp32)* = const(val=[-0.032781586050987244, 0.11104665696620941, 0.10820351541042328], name="2")
    %21: (2,i32)* = const(val=[1, 1], name="21")
    %23: (2,i32)* = const(val=[3, 3], name="23")
    %16: (i32)* = const(val=1, name="16")
    %20_pad_type_57: (str)* = const(val="custom", name="20_pad_type_57")
    %20_pad_57: (4,i32)* = const(val=[1, 1, 1, 1], name="20_pad_57")
    %20: (1, 3, 1, 1, fp32) = conv(x=%input, weight=%1, bias=%2, strides=%21, pad_type=%20_pad_type_57, pad=%20_pad_57, dilations=%23, groups=%16, name="20")
  } -> (%20)
}

[20200630 16:33:19 INFO /Volumes/data/work/1duo-coremltools/coremltools/converters/mil/backend/nn/passes/nn_passes.py:22] Performing passes for nn_backend: "nn_backend::commingle_loop_vars"
[20200630 16:33:19 INFO /Volumes/data/work/1duo-coremltools/coremltools/converters/mil/backend/nn/passes/nn_passes.py:22] Performing passes for nn_backend: "nn_backend::handle_return_inputs_as_outputs"
[20200630 16:33:19 INFO /Volumes/data/work/1duo-coremltools/coremltools/converters/mil/backend/nn/passes/nn_passes.py:22] Performing passes for nn_backend: "common::const_elimination"
[20200630 16:33:19 INFO /Volumes/data/work/1duo-coremltools/coremltools/converters/mil/backend/nn/passes/nn_passes.py:22] Performing passes for nn_backend: "common::dead_code_elimination"
[20200630 16:33:19 INFO /Volumes/data/work/1duo-coremltools/coremltools/converters/mil/backend/nn/passes/nn_passes.py:22] Performing passes for nn_backend: "nn_backend::handle_unused_inputs"
[20200630 16:33:19 INFO /Volumes/data/work/1duo-coremltools/coremltools/converters/mil/backend/nn/passes/nn_passes.py:22] Performing passes for nn_backend: "nn_backend::alert_return_type_cast"
[20200630 16:33:19 DEBUG /Volumes/data/work/1duo-coremltools/coremltools/converters/mil/backend/nn/passes/nn_passes.py:26] Program after nn backend passes:
main(%input: (1, 3, 5, 5, fp32)) {
  block76() {
    %1: (3, 3, 3, 3, fp32)* = const(val=(file_value), name="1")
    %2: (3,fp32)* = const(val=[-0.032781586050987244, 0.11104665696620941, 0.10820351541042328], name="2")
    %21: (2,i32)* = const(val=[1, 1], name="21")
    %23: (2,i32)* = const(val=[3, 3], name="23")
    %16: (i32)* = const(val=1, name="16")
    %20_pad_type_57: (str)* = const(val="custom", name="20_pad_type_57")
    %20_pad_57: (4,i32)* = const(val=[1, 1, 1, 1], name="20_pad_57")
    %20: (1, 3, 1, 1, fp32) = conv(x=%input, weight=%1, bias=%2, strides=%21, pad_type=%20_pad_type_57, pad=%20_pad_57, dilations=%23, groups=%16, name="20")
  } -> (%20)
}

[20200630 16:33:19 INFO /Volumes/data/work/1duo-coremltools/coremltools/converters/mil/frontend/torch/converter.py:269] Converting graph.
[20200630 16:33:19 INFO /Volumes/data/work/1duo-coremltools/coremltools/converters/mil/mil/builder.py:181] Adding op '1' of type const
[20200630 16:33:19 INFO /Volumes/data/work/1duo-coremltools/coremltools/converters/mil/mil/builder.py:181] Adding op '2' of type const
[20200630 16:33:19 INFO /Volumes/data/work/1duo-coremltools/coremltools/converters/mil/frontend/torch/ops.py:49] Converting op 21 : constant
[20200630 16:33:19 INFO /Volumes/data/work/1duo-coremltools/coremltools/converters/mil/mil/builder.py:181] Adding op '21' of type const
[20200630 16:33:19 INFO /Volumes/data/work/1duo-coremltools/coremltools/converters/mil/frontend/torch/ops.py:49] Converting op 22 : constant
[20200630 16:33:19 INFO /Volumes/data/work/1duo-coremltools/coremltools/converters/mil/mil/builder.py:181] Adding op '22' of type const
[20200630 16:33:19 INFO /Volumes/data/work/1duo-coremltools/coremltools/converters/mil/frontend/torch/ops.py:49] Converting op 23 : constant
[20200630 16:33:19 INFO /Volumes/data/work/1duo-coremltools/coremltools/converters/mil/mil/builder.py:181] Adding op '23' of type const
[20200630 16:33:19 INFO /Volumes/data/work/1duo-coremltools/coremltools/converters/mil/frontend/torch/ops.py:49] Converting op 12 : constant
[20200630 16:33:19 INFO /Volumes/data/work/1duo-coremltools/coremltools/converters/mil/mil/builder.py:181] Adding op '12' of type const
[20200630 16:33:19 INFO /Volumes/data/work/1duo-coremltools/coremltools/converters/mil/frontend/torch/ops.py:49] Converting op 24 : constant
[20200630 16:33:19 INFO /Volumes/data/work/1duo-coremltools/coremltools/converters/mil/mil/builder.py:181] Adding op '24' of type const
[20200630 16:33:19 INFO /Volumes/data/work/1duo-coremltools/coremltools/converters/mil/frontend/torch/ops.py:49] Converting op 16 : constant
[20200630 16:33:19 INFO /Volumes/data/work/1duo-coremltools/coremltools/converters/mil/mil/builder.py:181] Adding op '16' of type const
[20200630 16:33:19 INFO /Volumes/data/work/1duo-coremltools/coremltools/converters/mil/frontend/torch/ops.py:49] Converting op 17 : constant
[20200630 16:33:19 INFO /Volumes/data/work/1duo-coremltools/coremltools/converters/mil/mil/builder.py:181] Adding op '17' of type const
[20200630 16:33:19 INFO /Volumes/data/work/1duo-coremltools/coremltools/converters/mil/frontend/torch/ops.py:49] Converting op 18 : constant
[20200630 16:33:19 INFO /Volumes/data/work/1duo-coremltools/coremltools/converters/mil/mil/builder.py:181] Adding op '18' of type const
[20200630 16:33:19 INFO /Volumes/data/work/1duo-coremltools/coremltools/converters/mil/frontend/torch/ops.py:49] Converting op 19 : constant
[20200630 16:33:19 INFO /Volumes/data/work/1duo-coremltools/coremltools/converters/mil/mil/builder.py:181] Adding op '19' of type const
[20200630 16:33:19 INFO /Volumes/data/work/1duo-coremltools/coremltools/converters/mil/frontend/torch/ops.py:49] Converting op 20 : _convolution
[20200630 16:33:19 INFO /Volumes/data/work/1duo-coremltools/coremltools/converters/mil/mil/builder.py:181] Adding op '20' of type conv
[20200630 16:33:19 DEBUG /Volumes/data/work/1duo-coremltools/coremltools/converters/mil/mil/builder.py:93] Adding const op '20_pad_type_58'
[20200630 16:33:19 INFO /Volumes/data/work/1duo-coremltools/coremltools/converters/mil/mil/builder.py:181] Adding op '20_pad_type_58' of type const
[20200630 16:33:19 DEBUG /Volumes/data/work/1duo-coremltools/coremltools/converters/mil/mil/builder.py:93] Adding const op '20_pad_58'
[20200630 16:33:19 INFO /Volumes/data/work/1duo-coremltools/coremltools/converters/mil/mil/builder.py:181] Adding op '20_pad_58' of type const
[20200630 16:33:19 DEBUG /Volumes/data/work/1duo-coremltools/coremltools/converters/mil/mil/passes/common_pass.py:30] Program before common passes:
main(%input: (1, 3, 5, 5, fp32)) {
  block77() {
    %1: (3, 3, 3, 3, fp32)* = const(val=(file_value), name="1")
    %2: (3,fp32)* = const(val=[-0.1305108666419983, -0.18881499767303467, 0.13366521894931793], name="2")
    %21: (2,i32)* = const(val=[1, 1], name="21")
    %22: (2,i32)* = const(val=[3, 3], name="22")
    %23: (2,i32)* = const(val=[1, 1], name="23")
    %12: (bool)* = const(val=False, name="12")
    %24: (2,i32)* = const(val=[0, 0], name="24")
    %16: (i32)* = const(val=1, name="16")
    %17: (bool)* = const(val=False, name="17")
    %18: (bool)* = const(val=False, name="18")
    %19: (bool)* = const(val=True, name="19")
    %20_pad_type_58: (str)* = const(val="custom", name="20_pad_type_58")
    %20_pad_58: (4,i32)* = const(val=[3, 3, 3, 3], name="20_pad_58")
    %20: (1, 3, 9, 9, fp32) = conv(x=%input, weight=%1, bias=%2, strides=%21, pad_type=%20_pad_type_58, pad=%20_pad_58, dilations=%23, groups=%16, name="20")
  } -> (%20)
}

[20200630 16:33:19 INFO /Volumes/data/work/1duo-coremltools/coremltools/converters/mil/mil/passes/common_pass.py:34] Performing pass: "common::const_elimination"
[20200630 16:33:19 INFO /Volumes/data/work/1duo-coremltools/coremltools/converters/mil/mil/passes/common_pass.py:34] Performing pass: "common::divide_to_multiply"
[20200630 16:33:19 INFO /Volumes/data/work/1duo-coremltools/coremltools/converters/mil/mil/passes/common_pass.py:34] Performing pass: "common::fuse_matmul_weight_bias"
[20200630 16:33:19 INFO /Volumes/data/work/1duo-coremltools/coremltools/converters/mil/mil/passes/common_pass.py:34] Performing pass: "common::const_elimination"
[20200630 16:33:19 INFO /Volumes/data/work/1duo-coremltools/coremltools/converters/mil/mil/passes/common_pass.py:34] Performing pass: "common::loop_invariant_elimination"
[20200630 16:33:19 INFO /Volumes/data/work/1duo-coremltools/coremltools/converters/mil/mil/passes/common_pass.py:34] Performing pass: "common::remove_symbolic_reshape"
[20200630 16:33:19 INFO /Volumes/data/work/1duo-coremltools/coremltools/converters/mil/mil/passes/remove_symbolic_reshape.py:104] remove_symbolic_reshape: changed 0 reshapes.
[20200630 16:33:19 INFO /Volumes/data/work/1duo-coremltools/coremltools/converters/mil/mil/passes/common_pass.py:34] Performing pass: "common::fuse_gelu_tanh_approximation"
[20200630 16:33:19 INFO /Volumes/data/work/1duo-coremltools/coremltools/converters/mil/mil/passes/common_pass.py:34] Performing pass: "common::reduce_transposes"
[20200630 16:33:19 DEBUG /Volumes/data/work/1duo-coremltools/coremltools/converters/mil/mil/passes/reduce_transposes.py:989] Block before optimize transpose transform:
function(%input: (1, 3, 5, 5, fp32)) {
  block77() {
    %1: (3, 3, 3, 3, fp32)* = const(val=(file_value), name="1")
    %2: (3,fp32)* = const(val=[-0.1305108666419983, -0.18881499767303467, 0.13366521894931793], name="2")
    %21: (2,i32)* = const(val=[1, 1], name="21")
    %22: (2,i32)* = const(val=[3, 3], name="22")
    %23: (2,i32)* = const(val=[1, 1], name="23")
    %12: (bool)* = const(val=False, name="12")
    %24: (2,i32)* = const(val=[0, 0], name="24")
    %16: (i32)* = const(val=1, name="16")
    %17: (bool)* = const(val=False, name="17")
    %18: (bool)* = const(val=False, name="18")
    %19: (bool)* = const(val=True, name="19")
    %20_pad_type_58: (str)* = const(val="custom", name="20_pad_type_58")
    %20_pad_58: (4,i32)* = const(val=[3, 3, 3, 3], name="20_pad_58")
    %20: (1, 3, 9, 9, fp32) = conv(x=%input, weight=%1, bias=%2, strides=%21, pad_type=%20_pad_type_58, pad=%20_pad_58, dilations=%23, groups=%16, name="20")
  } -> (%20)
}

[20200630 16:33:19 DEBUG /Volumes/data/work/1duo-coremltools/coremltools/converters/mil/mil/passes/reduce_transposes.py:1024] Block after optimize transpose transform:
function(%input: (1, 3, 5, 5, fp32)) {
  block77() {
    %1: (3, 3, 3, 3, fp32)* = const(val=(file_value), name="1")
    %2: (3,fp32)* = const(val=[-0.1305108666419983, -0.18881499767303467, 0.13366521894931793], name="2")
    %21: (2,i32)* = const(val=[1, 1], name="21")
    %22: (2,i32)* = const(val=[3, 3], name="22")
    %23: (2,i32)* = const(val=[1, 1], name="23")
    %12: (bool)* = const(val=False, name="12")
    %24: (2,i32)* = const(val=[0, 0], name="24")
    %16: (i32)* = const(val=1, name="16")
    %17: (bool)* = const(val=False, name="17")
    %18: (bool)* = const(val=False, name="18")
    %19: (bool)* = const(val=True, name="19")
    %20_pad_type_58: (str)* = const(val="custom", name="20_pad_type_58")
    %20_pad_58: (4,i32)* = const(val=[3, 3, 3, 3], name="20_pad_58")
    %20: (1, 3, 9, 9, fp32) = conv(x=%input, weight=%1, bias=%2, strides=%21, pad_type=%20_pad_type_58, pad=%20_pad_58, dilations=%23, groups=%16, name="20")
  } -> (%20)
}

[20200630 16:33:19 INFO /Volumes/data/work/1duo-coremltools/coremltools/converters/mil/mil/passes/common_pass.py:34] Performing pass: "common::fuse_bias_conv"
[20200630 16:33:19 INFO /Volumes/data/work/1duo-coremltools/coremltools/converters/mil/mil/passes/common_pass.py:34] Performing pass: "common::fuse_elementwise_to_batchnorm"
[20200630 16:33:19 INFO /Volumes/data/work/1duo-coremltools/coremltools/converters/mil/mil/passes/common_pass.py:34] Performing pass: "common::fuse_onehot_matmul_to_gather"
[20200630 16:33:19 INFO /Volumes/data/work/1duo-coremltools/coremltools/converters/mil/mil/passes/common_pass.py:34] Performing pass: "common::fuse_layernorm_or_instancenorm"
[20200630 16:33:19 INFO /Volumes/data/work/1duo-coremltools/coremltools/converters/mil/mil/passes/common_pass.py:34] Performing pass: "common::dead_code_elimination"
[20200630 16:33:19 INFO /Volumes/data/work/1duo-coremltools/coremltools/converters/mil/mil/passes/dead_code_elimination.py:35] Removing op "19" (type: const)
[20200630 16:33:19 INFO /Volumes/data/work/1duo-coremltools/coremltools/converters/mil/mil/passes/dead_code_elimination.py:35] Removing op "18" (type: const)
[20200630 16:33:19 INFO /Volumes/data/work/1duo-coremltools/coremltools/converters/mil/mil/passes/dead_code_elimination.py:35] Removing op "17" (type: const)
[20200630 16:33:19 INFO /Volumes/data/work/1duo-coremltools/coremltools/converters/mil/mil/passes/dead_code_elimination.py:35] Removing op "24" (type: const)
[20200630 16:33:19 INFO /Volumes/data/work/1duo-coremltools/coremltools/converters/mil/mil/passes/dead_code_elimination.py:35] Removing op "12" (type: const)
[20200630 16:33:19 INFO /Volumes/data/work/1duo-coremltools/coremltools/converters/mil/mil/passes/dead_code_elimination.py:35] Removing op "22" (type: const)
[20200630 16:33:19 DEBUG /Volumes/data/work/1duo-coremltools/coremltools/converters/mil/mil/passes/common_pass.py:38] Program after common passes:
main(%input: (1, 3, 5, 5, fp32)) {
  block77() {
    %1: (3, 3, 3, 3, fp32)* = const(val=(file_value), name="1")
    %2: (3,fp32)* = const(val=[-0.1305108666419983, -0.18881499767303467, 0.13366521894931793], name="2")
    %21: (2,i32)* = const(val=[1, 1], name="21")
    %23: (2,i32)* = const(val=[1, 1], name="23")
    %16: (i32)* = const(val=1, name="16")
    %20_pad_type_58: (str)* = const(val="custom", name="20_pad_type_58")
    %20_pad_58: (4,i32)* = const(val=[3, 3, 3, 3], name="20_pad_58")
    %20: (1, 3, 9, 9, fp32) = conv(x=%input, weight=%1, bias=%2, strides=%21, pad_type=%20_pad_type_58, pad=%20_pad_58, dilations=%23, groups=%16, name="20")
  } -> (%20)
}

[20200630 16:33:19 INFO /Volumes/data/work/1duo-coremltools/coremltools/converters/mil/backend/nn/passes/nn_passes.py:22] Performing passes for nn_backend: "nn_backend::commingle_loop_vars"
[20200630 16:33:19 INFO /Volumes/data/work/1duo-coremltools/coremltools/converters/mil/backend/nn/passes/nn_passes.py:22] Performing passes for nn_backend: "nn_backend::handle_return_inputs_as_outputs"
[20200630 16:33:19 INFO /Volumes/data/work/1duo-coremltools/coremltools/converters/mil/backend/nn/passes/nn_passes.py:22] Performing passes for nn_backend: "common::const_elimination"
[20200630 16:33:19 INFO /Volumes/data/work/1duo-coremltools/coremltools/converters/mil/backend/nn/passes/nn_passes.py:22] Performing passes for nn_backend: "common::dead_code_elimination"
[20200630 16:33:19 INFO /Volumes/data/work/1duo-coremltools/coremltools/converters/mil/backend/nn/passes/nn_passes.py:22] Performing passes for nn_backend: "nn_backend::handle_unused_inputs"
[20200630 16:33:19 INFO /Volumes/data/work/1duo-coremltools/coremltools/converters/mil/backend/nn/passes/nn_passes.py:22] Performing passes for nn_backend: "nn_backend::alert_return_type_cast"
[20200630 16:33:19 DEBUG /Volumes/data/work/1duo-coremltools/coremltools/converters/mil/backend/nn/passes/nn_passes.py:26] Program after nn backend passes:
main(%input: (1, 3, 5, 5, fp32)) {
  block77() {
    %1: (3, 3, 3, 3, fp32)* = const(val=(file_value), name="1")
    %2: (3,fp32)* = const(val=[-0.1305108666419983, -0.18881499767303467, 0.13366521894931793], name="2")
    %21: (2,i32)* = const(val=[1, 1], name="21")
    %23: (2,i32)* = const(val=[1, 1], name="23")
    %16: (i32)* = const(val=1, name="16")
    %20_pad_type_58: (str)* = const(val="custom", name="20_pad_type_58")
    %20_pad_58: (4,i32)* = const(val=[3, 3, 3, 3], name="20_pad_58")
    %20: (1, 3, 9, 9, fp32) = conv(x=%input, weight=%1, bias=%2, strides=%21, pad_type=%20_pad_type_58, pad=%20_pad_58, dilations=%23, groups=%16, name="20")
  } -> (%20)
}

[20200630 16:33:19 INFO /Volumes/data/work/1duo-coremltools/coremltools/converters/mil/frontend/torch/converter.py:269] Converting graph.
[20200630 16:33:19 INFO /Volumes/data/work/1duo-coremltools/coremltools/converters/mil/mil/builder.py:181] Adding op '1' of type const
[20200630 16:33:19 INFO /Volumes/data/work/1duo-coremltools/coremltools/converters/mil/mil/builder.py:181] Adding op '2' of type const
[20200630 16:33:19 INFO /Volumes/data/work/1duo-coremltools/coremltools/converters/mil/frontend/torch/ops.py:49] Converting op 21 : constant
[20200630 16:33:19 INFO /Volumes/data/work/1duo-coremltools/coremltools/converters/mil/mil/builder.py:181] Adding op '21' of type const
[20200630 16:33:19 INFO /Volumes/data/work/1duo-coremltools/coremltools/converters/mil/frontend/torch/ops.py:49] Converting op 22 : constant
[20200630 16:33:19 INFO /Volumes/data/work/1duo-coremltools/coremltools/converters/mil/mil/builder.py:181] Adding op '22' of type const
[20200630 16:33:19 INFO /Volumes/data/work/1duo-coremltools/coremltools/converters/mil/frontend/torch/ops.py:49] Converting op 23 : constant
[20200630 16:33:19 INFO /Volumes/data/work/1duo-coremltools/coremltools/converters/mil/mil/builder.py:181] Adding op '23' of type const
[20200630 16:33:19 INFO /Volumes/data/work/1duo-coremltools/coremltools/converters/mil/frontend/torch/ops.py:49] Converting op 12 : constant
[20200630 16:33:19 INFO /Volumes/data/work/1duo-coremltools/coremltools/converters/mil/mil/builder.py:181] Adding op '12' of type const
[20200630 16:33:19 INFO /Volumes/data/work/1duo-coremltools/coremltools/converters/mil/frontend/torch/ops.py:49] Converting op 24 : constant
[20200630 16:33:19 INFO /Volumes/data/work/1duo-coremltools/coremltools/converters/mil/mil/builder.py:181] Adding op '24' of type const
[20200630 16:33:19 INFO /Volumes/data/work/1duo-coremltools/coremltools/converters/mil/frontend/torch/ops.py:49] Converting op 16 : constant
[20200630 16:33:19 INFO /Volumes/data/work/1duo-coremltools/coremltools/converters/mil/mil/builder.py:181] Adding op '16' of type const
[20200630 16:33:19 INFO /Volumes/data/work/1duo-coremltools/coremltools/converters/mil/frontend/torch/ops.py:49] Converting op 17 : constant
[20200630 16:33:19 INFO /Volumes/data/work/1duo-coremltools/coremltools/converters/mil/mil/builder.py:181] Adding op '17' of type const
[20200630 16:33:19 INFO /Volumes/data/work/1duo-coremltools/coremltools/converters/mil/frontend/torch/ops.py:49] Converting op 18 : constant
[20200630 16:33:19 INFO /Volumes/data/work/1duo-coremltools/coremltools/converters/mil/mil/builder.py:181] Adding op '18' of type const
[20200630 16:33:19 INFO /Volumes/data/work/1duo-coremltools/coremltools/converters/mil/frontend/torch/ops.py:49] Converting op 19 : constant
[20200630 16:33:19 INFO /Volumes/data/work/1duo-coremltools/coremltools/converters/mil/mil/builder.py:181] Adding op '19' of type const
[20200630 16:33:19 INFO /Volumes/data/work/1duo-coremltools/coremltools/converters/mil/frontend/torch/ops.py:49] Converting op 20 : _convolution
[20200630 16:33:19 INFO /Volumes/data/work/1duo-coremltools/coremltools/converters/mil/mil/builder.py:181] Adding op '20' of type conv
[20200630 16:33:19 DEBUG /Volumes/data/work/1duo-coremltools/coremltools/converters/mil/mil/builder.py:93] Adding const op '20_pad_type_59'
[20200630 16:33:19 INFO /Volumes/data/work/1duo-coremltools/coremltools/converters/mil/mil/builder.py:181] Adding op '20_pad_type_59' of type const
[20200630 16:33:19 DEBUG /Volumes/data/work/1duo-coremltools/coremltools/converters/mil/mil/builder.py:93] Adding const op '20_pad_59'
[20200630 16:33:19 INFO /Volumes/data/work/1duo-coremltools/coremltools/converters/mil/mil/builder.py:181] Adding op '20_pad_59' of type const
[20200630 16:33:19 DEBUG /Volumes/data/work/1duo-coremltools/coremltools/converters/mil/mil/passes/common_pass.py:30] Program before common passes:
main(%input: (1, 3, 5, 5, fp32)) {
  block78() {
    %1: (3, 3, 3, 3, fp32)* = const(val=(file_value), name="1")
    %2: (3,fp32)* = const(val=[-0.02491423487663269, -0.06345060467720032, -0.06468208134174347], name="2")
    %21: (2,i32)* = const(val=[1, 1], name="21")
    %22: (2,i32)* = const(val=[3, 3], name="22")
    %23: (2,i32)* = const(val=[3, 3], name="23")
    %12: (bool)* = const(val=False, name="12")
    %24: (2,i32)* = const(val=[0, 0], name="24")
    %16: (i32)* = const(val=1, name="16")
    %17: (bool)* = const(val=False, name="17")
    %18: (bool)* = const(val=False, name="18")
    %19: (bool)* = const(val=True, name="19")
    %20_pad_type_59: (str)* = const(val="custom", name="20_pad_type_59")
    %20_pad_59: (4,i32)* = const(val=[3, 3, 3, 3], name="20_pad_59")
    %20: (1, 3, 5, 5, fp32) = conv(x=%input, weight=%1, bias=%2, strides=%21, pad_type=%20_pad_type_59, pad=%20_pad_59, dilations=%23, groups=%16, name="20")
  } -> (%20)
}

[20200630 16:33:19 INFO /Volumes/data/work/1duo-coremltools/coremltools/converters/mil/mil/passes/common_pass.py:34] Performing pass: "common::const_elimination"
[20200630 16:33:19 INFO /Volumes/data/work/1duo-coremltools/coremltools/converters/mil/mil/passes/common_pass.py:34] Performing pass: "common::divide_to_multiply"
[20200630 16:33:19 INFO /Volumes/data/work/1duo-coremltools/coremltools/converters/mil/mil/passes/common_pass.py:34] Performing pass: "common::fuse_matmul_weight_bias"
[20200630 16:33:19 INFO /Volumes/data/work/1duo-coremltools/coremltools/converters/mil/mil/passes/common_pass.py:34] Performing pass: "common::const_elimination"
[20200630 16:33:19 INFO /Volumes/data/work/1duo-coremltools/coremltools/converters/mil/mil/passes/common_pass.py:34] Performing pass: "common::loop_invariant_elimination"
[20200630 16:33:19 INFO /Volumes/data/work/1duo-coremltools/coremltools/converters/mil/mil/passes/common_pass.py:34] Performing pass: "common::remove_symbolic_reshape"
[20200630 16:33:19 INFO /Volumes/data/work/1duo-coremltools/coremltools/converters/mil/mil/passes/remove_symbolic_reshape.py:104] remove_symbolic_reshape: changed 0 reshapes.
[20200630 16:33:19 INFO /Volumes/data/work/1duo-coremltools/coremltools/converters/mil/mil/passes/common_pass.py:34] Performing pass: "common::fuse_gelu_tanh_approximation"
[20200630 16:33:19 INFO /Volumes/data/work/1duo-coremltools/coremltools/converters/mil/mil/passes/common_pass.py:34] Performing pass: "common::reduce_transposes"
[20200630 16:33:19 DEBUG /Volumes/data/work/1duo-coremltools/coremltools/converters/mil/mil/passes/reduce_transposes.py:989] Block before optimize transpose transform:
function(%input: (1, 3, 5, 5, fp32)) {
  block78() {
    %1: (3, 3, 3, 3, fp32)* = const(val=(file_value), name="1")
    %2: (3,fp32)* = const(val=[-0.02491423487663269, -0.06345060467720032, -0.06468208134174347], name="2")
    %21: (2,i32)* = const(val=[1, 1], name="21")
    %22: (2,i32)* = const(val=[3, 3], name="22")
    %23: (2,i32)* = const(val=[3, 3], name="23")
    %12: (bool)* = const(val=False, name="12")
    %24: (2,i32)* = const(val=[0, 0], name="24")
    %16: (i32)* = const(val=1, name="16")
    %17: (bool)* = const(val=False, name="17")
    %18: (bool)* = const(val=False, name="18")
    %19: (bool)* = const(val=True, name="19")
    %20_pad_type_59: (str)* = const(val="custom", name="20_pad_type_59")
    %20_pad_59: (4,i32)* = const(val=[3, 3, 3, 3], name="20_pad_59")
    %20: (1, 3, 5, 5, fp32) = conv(x=%input, weight=%1, bias=%2, strides=%21, pad_type=%20_pad_type_59, pad=%20_pad_59, dilations=%23, groups=%16, name="20")
  } -> (%20)
}

[20200630 16:33:19 DEBUG /Volumes/data/work/1duo-coremltools/coremltools/converters/mil/mil/passes/reduce_transposes.py:1024] Block after optimize transpose transform:
function(%input: (1, 3, 5, 5, fp32)) {
  block78() {
    %1: (3, 3, 3, 3, fp32)* = const(val=(file_value), name="1")
    %2: (3,fp32)* = const(val=[-0.02491423487663269, -0.06345060467720032, -0.06468208134174347], name="2")
    %21: (2,i32)* = const(val=[1, 1], name="21")
    %22: (2,i32)* = const(val=[3, 3], name="22")
    %23: (2,i32)* = const(val=[3, 3], name="23")
    %12: (bool)* = const(val=False, name="12")
    %24: (2,i32)* = const(val=[0, 0], name="24")
    %16: (i32)* = const(val=1, name="16")
    %17: (bool)* = const(val=False, name="17")
    %18: (bool)* = const(val=False, name="18")
    %19: (bool)* = const(val=True, name="19")
    %20_pad_type_59: (str)* = const(val="custom", name="20_pad_type_59")
    %20_pad_59: (4,i32)* = const(val=[3, 3, 3, 3], name="20_pad_59")
    %20: (1, 3, 5, 5, fp32) = conv(x=%input, weight=%1, bias=%2, strides=%21, pad_type=%20_pad_type_59, pad=%20_pad_59, dilations=%23, groups=%16, name="20")
  } -> (%20)
}

[20200630 16:33:19 INFO /Volumes/data/work/1duo-coremltools/coremltools/converters/mil/mil/passes/common_pass.py:34] Performing pass: "common::fuse_bias_conv"
[20200630 16:33:19 INFO /Volumes/data/work/1duo-coremltools/coremltools/converters/mil/mil/passes/common_pass.py:34] Performing pass: "common::fuse_elementwise_to_batchnorm"
[20200630 16:33:19 INFO /Volumes/data/work/1duo-coremltools/coremltools/converters/mil/mil/passes/common_pass.py:34] Performing pass: "common::fuse_onehot_matmul_to_gather"
[20200630 16:33:19 INFO /Volumes/data/work/1duo-coremltools/coremltools/converters/mil/mil/passes/common_pass.py:34] Performing pass: "common::fuse_layernorm_or_instancenorm"
[20200630 16:33:19 INFO /Volumes/data/work/1duo-coremltools/coremltools/converters/mil/mil/passes/common_pass.py:34] Performing pass: "common::dead_code_elimination"
[20200630 16:33:19 INFO /Volumes/data/work/1duo-coremltools/coremltools/converters/mil/mil/passes/dead_code_elimination.py:35] Removing op "19" (type: const)
[20200630 16:33:19 INFO /Volumes/data/work/1duo-coremltools/coremltools/converters/mil/mil/passes/dead_code_elimination.py:35] Removing op "18" (type: const)
[20200630 16:33:19 INFO /Volumes/data/work/1duo-coremltools/coremltools/converters/mil/mil/passes/dead_code_elimination.py:35] Removing op "17" (type: const)
[20200630 16:33:19 INFO /Volumes/data/work/1duo-coremltools/coremltools/converters/mil/mil/passes/dead_code_elimination.py:35] Removing op "24" (type: const)
[20200630 16:33:19 INFO /Volumes/data/work/1duo-coremltools/coremltools/converters/mil/mil/passes/dead_code_elimination.py:35] Removing op "12" (type: const)
[20200630 16:33:19 INFO /Volumes/data/work/1duo-coremltools/coremltools/converters/mil/mil/passes/dead_code_elimination.py:35] Removing op "22" (type: const)
[20200630 16:33:19 DEBUG /Volumes/data/work/1duo-coremltools/coremltools/converters/mil/mil/passes/common_pass.py:38] Program after common passes:
main(%input: (1, 3, 5, 5, fp32)) {
  block78() {
    %1: (3, 3, 3, 3, fp32)* = const(val=(file_value), name="1")
    %2: (3,fp32)* = const(val=[-0.02491423487663269, -0.06345060467720032, -0.06468208134174347], name="2")
    %21: (2,i32)* = const(val=[1, 1], name="21")
    %23: (2,i32)* = const(val=[3, 3], name="23")
    %16: (i32)* = const(val=1, name="16")
    %20_pad_type_59: (str)* = const(val="custom", name="20_pad_type_59")
    %20_pad_59: (4,i32)* = const(val=[3, 3, 3, 3], name="20_pad_59")
    %20: (1, 3, 5, 5, fp32) = conv(x=%input, weight=%1, bias=%2, strides=%21, pad_type=%20_pad_type_59, pad=%20_pad_59, dilations=%23, groups=%16, name="20")
  } -> (%20)
}

[20200630 16:33:19 INFO /Volumes/data/work/1duo-coremltools/coremltools/converters/mil/backend/nn/passes/nn_passes.py:22] Performing passes for nn_backend: "nn_backend::commingle_loop_vars"
[20200630 16:33:19 INFO /Volumes/data/work/1duo-coremltools/coremltools/converters/mil/backend/nn/passes/nn_passes.py:22] Performing passes for nn_backend: "nn_backend::handle_return_inputs_as_outputs"
[20200630 16:33:19 INFO /Volumes/data/work/1duo-coremltools/coremltools/converters/mil/backend/nn/passes/nn_passes.py:22] Performing passes for nn_backend: "common::const_elimination"
[20200630 16:33:19 INFO /Volumes/data/work/1duo-coremltools/coremltools/converters/mil/backend/nn/passes/nn_passes.py:22] Performing passes for nn_backend: "common::dead_code_elimination"
[20200630 16:33:19 INFO /Volumes/data/work/1duo-coremltools/coremltools/converters/mil/backend/nn/passes/nn_passes.py:22] Performing passes for nn_backend: "nn_backend::handle_unused_inputs"
[20200630 16:33:19 INFO /Volumes/data/work/1duo-coremltools/coremltools/converters/mil/backend/nn/passes/nn_passes.py:22] Performing passes for nn_backend: "nn_backend::alert_return_type_cast"
[20200630 16:33:19 DEBUG /Volumes/data/work/1duo-coremltools/coremltools/converters/mil/backend/nn/passes/nn_passes.py:26] Program after nn backend passes:
main(%input: (1, 3, 5, 5, fp32)) {
  block78() {
    %1: (3, 3, 3, 3, fp32)* = const(val=(file_value), name="1")
    %2: (3,fp32)* = const(val=[-0.02491423487663269, -0.06345060467720032, -0.06468208134174347], name="2")
    %21: (2,i32)* = const(val=[1, 1], name="21")
    %23: (2,i32)* = const(val=[3, 3], name="23")
    %16: (i32)* = const(val=1, name="16")
    %20_pad_type_59: (str)* = const(val="custom", name="20_pad_type_59")
    %20_pad_59: (4,i32)* = const(val=[3, 3, 3, 3], name="20_pad_59")
    %20: (1, 3, 5, 5, fp32) = conv(x=%input, weight=%1, bias=%2, strides=%21, pad_type=%20_pad_type_59, pad=%20_pad_59, dilations=%23, groups=%16, name="20")
  } -> (%20)
}

[20200630 16:33:20 INFO /Volumes/data/work/1duo-coremltools/coremltools/converters/mil/frontend/torch/converter.py:269] Converting graph.
[20200630 16:33:20 INFO /Volumes/data/work/1duo-coremltools/coremltools/converters/mil/mil/builder.py:181] Adding op '1' of type const
[20200630 16:33:20 INFO /Volumes/data/work/1duo-coremltools/coremltools/converters/mil/mil/builder.py:181] Adding op '2' of type const
[20200630 16:33:20 INFO /Volumes/data/work/1duo-coremltools/coremltools/converters/mil/frontend/torch/ops.py:49] Converting op 21 : constant
[20200630 16:33:20 INFO /Volumes/data/work/1duo-coremltools/coremltools/converters/mil/mil/builder.py:181] Adding op '21' of type const
[20200630 16:33:20 INFO /Volumes/data/work/1duo-coremltools/coremltools/converters/mil/frontend/torch/ops.py:49] Converting op 22 : constant
[20200630 16:33:20 INFO /Volumes/data/work/1duo-coremltools/coremltools/converters/mil/mil/builder.py:181] Adding op '22' of type const
[20200630 16:33:20 INFO /Volumes/data/work/1duo-coremltools/coremltools/converters/mil/frontend/torch/ops.py:49] Converting op 23 : constant
[20200630 16:33:20 INFO /Volumes/data/work/1duo-coremltools/coremltools/converters/mil/mil/builder.py:181] Adding op '23' of type const
[20200630 16:33:20 INFO /Volumes/data/work/1duo-coremltools/coremltools/converters/mil/frontend/torch/ops.py:49] Converting op 12 : constant
[20200630 16:33:20 INFO /Volumes/data/work/1duo-coremltools/coremltools/converters/mil/mil/builder.py:181] Adding op '12' of type const
[20200630 16:33:20 INFO /Volumes/data/work/1duo-coremltools/coremltools/converters/mil/frontend/torch/ops.py:49] Converting op 24 : constant
[20200630 16:33:20 INFO /Volumes/data/work/1duo-coremltools/coremltools/converters/mil/mil/builder.py:181] Adding op '24' of type const
[20200630 16:33:20 INFO /Volumes/data/work/1duo-coremltools/coremltools/converters/mil/frontend/torch/ops.py:49] Converting op 16 : constant
[20200630 16:33:20 INFO /Volumes/data/work/1duo-coremltools/coremltools/converters/mil/mil/builder.py:181] Adding op '16' of type const
[20200630 16:33:20 INFO /Volumes/data/work/1duo-coremltools/coremltools/converters/mil/frontend/torch/ops.py:49] Converting op 17 : constant
[20200630 16:33:20 INFO /Volumes/data/work/1duo-coremltools/coremltools/converters/mil/mil/builder.py:181] Adding op '17' of type const
[20200630 16:33:20 INFO /Volumes/data/work/1duo-coremltools/coremltools/converters/mil/frontend/torch/ops.py:49] Converting op 18 : constant
[20200630 16:33:20 INFO /Volumes/data/work/1duo-coremltools/coremltools/converters/mil/mil/builder.py:181] Adding op '18' of type const
[20200630 16:33:20 INFO /Volumes/data/work/1duo-coremltools/coremltools/converters/mil/frontend/torch/ops.py:49] Converting op 19 : constant
[20200630 16:33:20 INFO /Volumes/data/work/1duo-coremltools/coremltools/converters/mil/mil/builder.py:181] Adding op '19' of type const
[20200630 16:33:20 INFO /Volumes/data/work/1duo-coremltools/coremltools/converters/mil/frontend/torch/ops.py:49] Converting op 20 : _convolution
[20200630 16:33:20 INFO /Volumes/data/work/1duo-coremltools/coremltools/converters/mil/mil/builder.py:181] Adding op '20' of type conv
[20200630 16:33:20 DEBUG /Volumes/data/work/1duo-coremltools/coremltools/converters/mil/mil/builder.py:93] Adding const op '20_pad_type_60'
[20200630 16:33:20 INFO /Volumes/data/work/1duo-coremltools/coremltools/converters/mil/mil/builder.py:181] Adding op '20_pad_type_60' of type const
[20200630 16:33:20 DEBUG /Volumes/data/work/1duo-coremltools/coremltools/converters/mil/mil/builder.py:93] Adding const op '20_pad_60'
[20200630 16:33:20 INFO /Volumes/data/work/1duo-coremltools/coremltools/converters/mil/mil/builder.py:181] Adding op '20_pad_60' of type const
[20200630 16:33:20 DEBUG /Volumes/data/work/1duo-coremltools/coremltools/converters/mil/mil/passes/common_pass.py:30] Program before common passes:
main(%input: (1, 3, 5, 5, fp32)) {
  block79() {
    %1: (3, 3, 3, 3, fp32)* = const(val=(file_value), name="1")
    %2: (3,fp32)* = const(val=[-0.03809462487697601, 0.014321118593215942, -0.18333590030670166], name="2")
    %21: (2,i32)* = const(val=[3, 3], name="21")
    %22: (2,i32)* = const(val=[1, 1], name="22")
    %23: (2,i32)* = const(val=[1, 1], name="23")
    %12: (bool)* = const(val=False, name="12")
    %24: (2,i32)* = const(val=[0, 0], name="24")
    %16: (i32)* = const(val=1, name="16")
    %17: (bool)* = const(val=False, name="17")
    %18: (bool)* = const(val=False, name="18")
    %19: (bool)* = const(val=True, name="19")
    %20_pad_type_60: (str)* = const(val="custom", name="20_pad_type_60")
    %20_pad_60: (4,i32)* = const(val=[1, 1, 1, 1], name="20_pad_60")
    %20: (1, 3, 2, 2, fp32) = conv(x=%input, weight=%1, bias=%2, strides=%21, pad_type=%20_pad_type_60, pad=%20_pad_60, dilations=%23, groups=%16, name="20")
  } -> (%20)
}

[20200630 16:33:20 INFO /Volumes/data/work/1duo-coremltools/coremltools/converters/mil/mil/passes/common_pass.py:34] Performing pass: "common::const_elimination"
[20200630 16:33:20 INFO /Volumes/data/work/1duo-coremltools/coremltools/converters/mil/mil/passes/common_pass.py:34] Performing pass: "common::divide_to_multiply"
[20200630 16:33:20 INFO /Volumes/data/work/1duo-coremltools/coremltools/converters/mil/mil/passes/common_pass.py:34] Performing pass: "common::fuse_matmul_weight_bias"
[20200630 16:33:20 INFO /Volumes/data/work/1duo-coremltools/coremltools/converters/mil/mil/passes/common_pass.py:34] Performing pass: "common::const_elimination"
[20200630 16:33:20 INFO /Volumes/data/work/1duo-coremltools/coremltools/converters/mil/mil/passes/common_pass.py:34] Performing pass: "common::loop_invariant_elimination"
[20200630 16:33:20 INFO /Volumes/data/work/1duo-coremltools/coremltools/converters/mil/mil/passes/common_pass.py:34] Performing pass: "common::remove_symbolic_reshape"
[20200630 16:33:20 INFO /Volumes/data/work/1duo-coremltools/coremltools/converters/mil/mil/passes/remove_symbolic_reshape.py:104] remove_symbolic_reshape: changed 0 reshapes.
[20200630 16:33:20 INFO /Volumes/data/work/1duo-coremltools/coremltools/converters/mil/mil/passes/common_pass.py:34] Performing pass: "common::fuse_gelu_tanh_approximation"
[20200630 16:33:20 INFO /Volumes/data/work/1duo-coremltools/coremltools/converters/mil/mil/passes/common_pass.py:34] Performing pass: "common::reduce_transposes"
[20200630 16:33:20 DEBUG /Volumes/data/work/1duo-coremltools/coremltools/converters/mil/mil/passes/reduce_transposes.py:989] Block before optimize transpose transform:
function(%input: (1, 3, 5, 5, fp32)) {
  block79() {
    %1: (3, 3, 3, 3, fp32)* = const(val=(file_value), name="1")
    %2: (3,fp32)* = const(val=[-0.03809462487697601, 0.014321118593215942, -0.18333590030670166], name="2")
    %21: (2,i32)* = const(val=[3, 3], name="21")
    %22: (2,i32)* = const(val=[1, 1], name="22")
    %23: (2,i32)* = const(val=[1, 1], name="23")
    %12: (bool)* = const(val=False, name="12")
    %24: (2,i32)* = const(val=[0, 0], name="24")
    %16: (i32)* = const(val=1, name="16")
    %17: (bool)* = const(val=False, name="17")
    %18: (bool)* = const(val=False, name="18")
    %19: (bool)* = const(val=True, name="19")
    %20_pad_type_60: (str)* = const(val="custom", name="20_pad_type_60")
    %20_pad_60: (4,i32)* = const(val=[1, 1, 1, 1], name="20_pad_60")
    %20: (1, 3, 2, 2, fp32) = conv(x=%input, weight=%1, bias=%2, strides=%21, pad_type=%20_pad_type_60, pad=%20_pad_60, dilations=%23, groups=%16, name="20")
  } -> (%20)
}

[20200630 16:33:20 DEBUG /Volumes/data/work/1duo-coremltools/coremltools/converters/mil/mil/passes/reduce_transposes.py:1024] Block after optimize transpose transform:
function(%input: (1, 3, 5, 5, fp32)) {
  block79() {
    %1: (3, 3, 3, 3, fp32)* = const(val=(file_value), name="1")
    %2: (3,fp32)* = const(val=[-0.03809462487697601, 0.014321118593215942, -0.18333590030670166], name="2")
    %21: (2,i32)* = const(val=[3, 3], name="21")
    %22: (2,i32)* = const(val=[1, 1], name="22")
    %23: (2,i32)* = const(val=[1, 1], name="23")
    %12: (bool)* = const(val=False, name="12")
    %24: (2,i32)* = const(val=[0, 0], name="24")
    %16: (i32)* = const(val=1, name="16")
    %17: (bool)* = const(val=False, name="17")
    %18: (bool)* = const(val=False, name="18")
    %19: (bool)* = const(val=True, name="19")
    %20_pad_type_60: (str)* = const(val="custom", name="20_pad_type_60")
    %20_pad_60: (4,i32)* = const(val=[1, 1, 1, 1], name="20_pad_60")
    %20: (1, 3, 2, 2, fp32) = conv(x=%input, weight=%1, bias=%2, strides=%21, pad_type=%20_pad_type_60, pad=%20_pad_60, dilations=%23, groups=%16, name="20")
  } -> (%20)
}

[20200630 16:33:20 INFO /Volumes/data/work/1duo-coremltools/coremltools/converters/mil/mil/passes/common_pass.py:34] Performing pass: "common::fuse_bias_conv"
[20200630 16:33:20 INFO /Volumes/data/work/1duo-coremltools/coremltools/converters/mil/mil/passes/common_pass.py:34] Performing pass: "common::fuse_elementwise_to_batchnorm"
[20200630 16:33:20 INFO /Volumes/data/work/1duo-coremltools/coremltools/converters/mil/mil/passes/common_pass.py:34] Performing pass: "common::fuse_onehot_matmul_to_gather"
[20200630 16:33:20 INFO /Volumes/data/work/1duo-coremltools/coremltools/converters/mil/mil/passes/common_pass.py:34] Performing pass: "common::fuse_layernorm_or_instancenorm"
[20200630 16:33:20 INFO /Volumes/data/work/1duo-coremltools/coremltools/converters/mil/mil/passes/common_pass.py:34] Performing pass: "common::dead_code_elimination"
[20200630 16:33:20 INFO /Volumes/data/work/1duo-coremltools/coremltools/converters/mil/mil/passes/dead_code_elimination.py:35] Removing op "19" (type: const)
[20200630 16:33:20 INFO /Volumes/data/work/1duo-coremltools/coremltools/converters/mil/mil/passes/dead_code_elimination.py:35] Removing op "18" (type: const)
[20200630 16:33:20 INFO /Volumes/data/work/1duo-coremltools/coremltools/converters/mil/mil/passes/dead_code_elimination.py:35] Removing op "17" (type: const)
[20200630 16:33:20 INFO /Volumes/data/work/1duo-coremltools/coremltools/converters/mil/mil/passes/dead_code_elimination.py:35] Removing op "24" (type: const)
[20200630 16:33:20 INFO /Volumes/data/work/1duo-coremltools/coremltools/converters/mil/mil/passes/dead_code_elimination.py:35] Removing op "12" (type: const)
[20200630 16:33:20 INFO /Volumes/data/work/1duo-coremltools/coremltools/converters/mil/mil/passes/dead_code_elimination.py:35] Removing op "22" (type: const)
[20200630 16:33:20 DEBUG /Volumes/data/work/1duo-coremltools/coremltools/converters/mil/mil/passes/common_pass.py:38] Program after common passes:
main(%input: (1, 3, 5, 5, fp32)) {
  block79() {
    %1: (3, 3, 3, 3, fp32)* = const(val=(file_value), name="1")
    %2: (3,fp32)* = const(val=[-0.03809462487697601, 0.014321118593215942, -0.18333590030670166], name="2")
    %21: (2,i32)* = const(val=[3, 3], name="21")
    %23: (2,i32)* = const(val=[1, 1], name="23")
    %16: (i32)* = const(val=1, name="16")
    %20_pad_type_60: (str)* = const(val="custom", name="20_pad_type_60")
    %20_pad_60: (4,i32)* = const(val=[1, 1, 1, 1], name="20_pad_60")
    %20: (1, 3, 2, 2, fp32) = conv(x=%input, weight=%1, bias=%2, strides=%21, pad_type=%20_pad_type_60, pad=%20_pad_60, dilations=%23, groups=%16, name="20")
  } -> (%20)
}

[20200630 16:33:20 INFO /Volumes/data/work/1duo-coremltools/coremltools/converters/mil/backend/nn/passes/nn_passes.py:22] Performing passes for nn_backend: "nn_backend::commingle_loop_vars"
[20200630 16:33:20 INFO /Volumes/data/work/1duo-coremltools/coremltools/converters/mil/backend/nn/passes/nn_passes.py:22] Performing passes for nn_backend: "nn_backend::handle_return_inputs_as_outputs"
[20200630 16:33:20 INFO /Volumes/data/work/1duo-coremltools/coremltools/converters/mil/backend/nn/passes/nn_passes.py:22] Performing passes for nn_backend: "common::const_elimination"
[20200630 16:33:20 INFO /Volumes/data/work/1duo-coremltools/coremltools/converters/mil/backend/nn/passes/nn_passes.py:22] Performing passes for nn_backend: "common::dead_code_elimination"
[20200630 16:33:20 INFO /Volumes/data/work/1duo-coremltools/coremltools/converters/mil/backend/nn/passes/nn_passes.py:22] Performing passes for nn_backend: "nn_backend::handle_unused_inputs"
[20200630 16:33:20 INFO /Volumes/data/work/1duo-coremltools/coremltools/converters/mil/backend/nn/passes/nn_passes.py:22] Performing passes for nn_backend: "nn_backend::alert_return_type_cast"
[20200630 16:33:20 DEBUG /Volumes/data/work/1duo-coremltools/coremltools/converters/mil/backend/nn/passes/nn_passes.py:26] Program after nn backend passes:
main(%input: (1, 3, 5, 5, fp32)) {
  block79() {
    %1: (3, 3, 3, 3, fp32)* = const(val=(file_value), name="1")
    %2: (3,fp32)* = const(val=[-0.03809462487697601, 0.014321118593215942, -0.18333590030670166], name="2")
    %21: (2,i32)* = const(val=[3, 3], name="21")
    %23: (2,i32)* = const(val=[1, 1], name="23")
    %16: (i32)* = const(val=1, name="16")
    %20_pad_type_60: (str)* = const(val="custom", name="20_pad_type_60")
    %20_pad_60: (4,i32)* = const(val=[1, 1, 1, 1], name="20_pad_60")
    %20: (1, 3, 2, 2, fp32) = conv(x=%input, weight=%1, bias=%2, strides=%21, pad_type=%20_pad_type_60, pad=%20_pad_60, dilations=%23, groups=%16, name="20")
  } -> (%20)
}

[20200630 16:33:20 INFO /Volumes/data/work/1duo-coremltools/coremltools/converters/mil/frontend/torch/converter.py:269] Converting graph.
[20200630 16:33:20 INFO /Volumes/data/work/1duo-coremltools/coremltools/converters/mil/mil/builder.py:181] Adding op '1' of type const
[20200630 16:33:20 INFO /Volumes/data/work/1duo-coremltools/coremltools/converters/mil/mil/builder.py:181] Adding op '2' of type const
[20200630 16:33:20 INFO /Volumes/data/work/1duo-coremltools/coremltools/converters/mil/frontend/torch/ops.py:49] Converting op 21 : constant
[20200630 16:33:20 INFO /Volumes/data/work/1duo-coremltools/coremltools/converters/mil/mil/builder.py:181] Adding op '21' of type const
[20200630 16:33:20 INFO /Volumes/data/work/1duo-coremltools/coremltools/converters/mil/frontend/torch/ops.py:49] Converting op 22 : constant
[20200630 16:33:20 INFO /Volumes/data/work/1duo-coremltools/coremltools/converters/mil/mil/builder.py:181] Adding op '22' of type const
[20200630 16:33:20 INFO /Volumes/data/work/1duo-coremltools/coremltools/converters/mil/frontend/torch/ops.py:49] Converting op 23 : constant
[20200630 16:33:20 INFO /Volumes/data/work/1duo-coremltools/coremltools/converters/mil/mil/builder.py:181] Adding op '23' of type const
[20200630 16:33:20 INFO /Volumes/data/work/1duo-coremltools/coremltools/converters/mil/frontend/torch/ops.py:49] Converting op 12 : constant
[20200630 16:33:20 INFO /Volumes/data/work/1duo-coremltools/coremltools/converters/mil/mil/builder.py:181] Adding op '12' of type const
[20200630 16:33:20 INFO /Volumes/data/work/1duo-coremltools/coremltools/converters/mil/frontend/torch/ops.py:49] Converting op 24 : constant
[20200630 16:33:20 INFO /Volumes/data/work/1duo-coremltools/coremltools/converters/mil/mil/builder.py:181] Adding op '24' of type const
[20200630 16:33:20 INFO /Volumes/data/work/1duo-coremltools/coremltools/converters/mil/frontend/torch/ops.py:49] Converting op 16 : constant
[20200630 16:33:20 INFO /Volumes/data/work/1duo-coremltools/coremltools/converters/mil/mil/builder.py:181] Adding op '16' of type const
[20200630 16:33:20 INFO /Volumes/data/work/1duo-coremltools/coremltools/converters/mil/frontend/torch/ops.py:49] Converting op 17 : constant
[20200630 16:33:20 INFO /Volumes/data/work/1duo-coremltools/coremltools/converters/mil/mil/builder.py:181] Adding op '17' of type const
[20200630 16:33:20 INFO /Volumes/data/work/1duo-coremltools/coremltools/converters/mil/frontend/torch/ops.py:49] Converting op 18 : constant
[20200630 16:33:20 INFO /Volumes/data/work/1duo-coremltools/coremltools/converters/mil/mil/builder.py:181] Adding op '18' of type const
[20200630 16:33:20 INFO /Volumes/data/work/1duo-coremltools/coremltools/converters/mil/frontend/torch/ops.py:49] Converting op 19 : constant
[20200630 16:33:20 INFO /Volumes/data/work/1duo-coremltools/coremltools/converters/mil/mil/builder.py:181] Adding op '19' of type const
[20200630 16:33:20 INFO /Volumes/data/work/1duo-coremltools/coremltools/converters/mil/frontend/torch/ops.py:49] Converting op 20 : _convolution
[20200630 16:33:20 INFO /Volumes/data/work/1duo-coremltools/coremltools/converters/mil/mil/builder.py:181] Adding op '20' of type conv
[20200630 16:33:20 DEBUG /Volumes/data/work/1duo-coremltools/coremltools/converters/mil/mil/builder.py:93] Adding const op '20_pad_type_61'
[20200630 16:33:20 INFO /Volumes/data/work/1duo-coremltools/coremltools/converters/mil/mil/builder.py:181] Adding op '20_pad_type_61' of type const
[20200630 16:33:20 DEBUG /Volumes/data/work/1duo-coremltools/coremltools/converters/mil/mil/builder.py:93] Adding const op '20_pad_61'
[20200630 16:33:20 INFO /Volumes/data/work/1duo-coremltools/coremltools/converters/mil/mil/builder.py:181] Adding op '20_pad_61' of type const
[20200630 16:33:20 DEBUG /Volumes/data/work/1duo-coremltools/coremltools/converters/mil/mil/passes/common_pass.py:30] Program before common passes:
main(%input: (1, 3, 5, 5, fp32)) {
  block80() {
    %1: (3, 3, 3, 3, fp32)* = const(val=(file_value), name="1")
    %2: (3,fp32)* = const(val=[-0.014088451862335205, 0.17334045469760895, 0.059490129351615906], name="2")
    %21: (2,i32)* = const(val=[3, 3], name="21")
    %22: (2,i32)* = const(val=[1, 1], name="22")
    %23: (2,i32)* = const(val=[3, 3], name="23")
    %12: (bool)* = const(val=False, name="12")
    %24: (2,i32)* = const(val=[0, 0], name="24")
    %16: (i32)* = const(val=1, name="16")
    %17: (bool)* = const(val=False, name="17")
    %18: (bool)* = const(val=False, name="18")
    %19: (bool)* = const(val=True, name="19")
    %20_pad_type_61: (str)* = const(val="custom", name="20_pad_type_61")
    %20_pad_61: (4,i32)* = const(val=[1, 1, 1, 1], name="20_pad_61")
    %20: (1, 3, 1, 1, fp32) = conv(x=%input, weight=%1, bias=%2, strides=%21, pad_type=%20_pad_type_61, pad=%20_pad_61, dilations=%23, groups=%16, name="20")
  } -> (%20)
}

[20200630 16:33:20 INFO /Volumes/data/work/1duo-coremltools/coremltools/converters/mil/mil/passes/common_pass.py:34] Performing pass: "common::const_elimination"
[20200630 16:33:20 INFO /Volumes/data/work/1duo-coremltools/coremltools/converters/mil/mil/passes/common_pass.py:34] Performing pass: "common::divide_to_multiply"
[20200630 16:33:20 INFO /Volumes/data/work/1duo-coremltools/coremltools/converters/mil/mil/passes/common_pass.py:34] Performing pass: "common::fuse_matmul_weight_bias"
[20200630 16:33:20 INFO /Volumes/data/work/1duo-coremltools/coremltools/converters/mil/mil/passes/common_pass.py:34] Performing pass: "common::const_elimination"
[20200630 16:33:20 INFO /Volumes/data/work/1duo-coremltools/coremltools/converters/mil/mil/passes/common_pass.py:34] Performing pass: "common::loop_invariant_elimination"
[20200630 16:33:20 INFO /Volumes/data/work/1duo-coremltools/coremltools/converters/mil/mil/passes/common_pass.py:34] Performing pass: "common::remove_symbolic_reshape"
[20200630 16:33:20 INFO /Volumes/data/work/1duo-coremltools/coremltools/converters/mil/mil/passes/remove_symbolic_reshape.py:104] remove_symbolic_reshape: changed 0 reshapes.
[20200630 16:33:20 INFO /Volumes/data/work/1duo-coremltools/coremltools/converters/mil/mil/passes/common_pass.py:34] Performing pass: "common::fuse_gelu_tanh_approximation"
[20200630 16:33:20 INFO /Volumes/data/work/1duo-coremltools/coremltools/converters/mil/mil/passes/common_pass.py:34] Performing pass: "common::reduce_transposes"
[20200630 16:33:20 DEBUG /Volumes/data/work/1duo-coremltools/coremltools/converters/mil/mil/passes/reduce_transposes.py:989] Block before optimize transpose transform:
function(%input: (1, 3, 5, 5, fp32)) {
  block80() {
    %1: (3, 3, 3, 3, fp32)* = const(val=(file_value), name="1")
    %2: (3,fp32)* = const(val=[-0.014088451862335205, 0.17334045469760895, 0.059490129351615906], name="2")
    %21: (2,i32)* = const(val=[3, 3], name="21")
    %22: (2,i32)* = const(val=[1, 1], name="22")
    %23: (2,i32)* = const(val=[3, 3], name="23")
    %12: (bool)* = const(val=False, name="12")
    %24: (2,i32)* = const(val=[0, 0], name="24")
    %16: (i32)* = const(val=1, name="16")
    %17: (bool)* = const(val=False, name="17")
    %18: (bool)* = const(val=False, name="18")
    %19: (bool)* = const(val=True, name="19")
    %20_pad_type_61: (str)* = const(val="custom", name="20_pad_type_61")
    %20_pad_61: (4,i32)* = const(val=[1, 1, 1, 1], name="20_pad_61")
    %20: (1, 3, 1, 1, fp32) = conv(x=%input, weight=%1, bias=%2, strides=%21, pad_type=%20_pad_type_61, pad=%20_pad_61, dilations=%23, groups=%16, name="20")
  } -> (%20)
}

[20200630 16:33:20 DEBUG /Volumes/data/work/1duo-coremltools/coremltools/converters/mil/mil/passes/reduce_transposes.py:1024] Block after optimize transpose transform:
function(%input: (1, 3, 5, 5, fp32)) {
  block80() {
    %1: (3, 3, 3, 3, fp32)* = const(val=(file_value), name="1")
    %2: (3,fp32)* = const(val=[-0.014088451862335205, 0.17334045469760895, 0.059490129351615906], name="2")
    %21: (2,i32)* = const(val=[3, 3], name="21")
    %22: (2,i32)* = const(val=[1, 1], name="22")
    %23: (2,i32)* = const(val=[3, 3], name="23")
    %12: (bool)* = const(val=False, name="12")
    %24: (2,i32)* = const(val=[0, 0], name="24")
    %16: (i32)* = const(val=1, name="16")
    %17: (bool)* = const(val=False, name="17")
    %18: (bool)* = const(val=False, name="18")
    %19: (bool)* = const(val=True, name="19")
    %20_pad_type_61: (str)* = const(val="custom", name="20_pad_type_61")
    %20_pad_61: (4,i32)* = const(val=[1, 1, 1, 1], name="20_pad_61")
    %20: (1, 3, 1, 1, fp32) = conv(x=%input, weight=%1, bias=%2, strides=%21, pad_type=%20_pad_type_61, pad=%20_pad_61, dilations=%23, groups=%16, name="20")
  } -> (%20)
}

[20200630 16:33:20 INFO /Volumes/data/work/1duo-coremltools/coremltools/converters/mil/mil/passes/common_pass.py:34] Performing pass: "common::fuse_bias_conv"
[20200630 16:33:20 INFO /Volumes/data/work/1duo-coremltools/coremltools/converters/mil/mil/passes/common_pass.py:34] Performing pass: "common::fuse_elementwise_to_batchnorm"
[20200630 16:33:20 INFO /Volumes/data/work/1duo-coremltools/coremltools/converters/mil/mil/passes/common_pass.py:34] Performing pass: "common::fuse_onehot_matmul_to_gather"
[20200630 16:33:20 INFO /Volumes/data/work/1duo-coremltools/coremltools/converters/mil/mil/passes/common_pass.py:34] Performing pass: "common::fuse_layernorm_or_instancenorm"
[20200630 16:33:20 INFO /Volumes/data/work/1duo-coremltools/coremltools/converters/mil/mil/passes/common_pass.py:34] Performing pass: "common::dead_code_elimination"
[20200630 16:33:20 INFO /Volumes/data/work/1duo-coremltools/coremltools/converters/mil/mil/passes/dead_code_elimination.py:35] Removing op "19" (type: const)
[20200630 16:33:20 INFO /Volumes/data/work/1duo-coremltools/coremltools/converters/mil/mil/passes/dead_code_elimination.py:35] Removing op "18" (type: const)
[20200630 16:33:20 INFO /Volumes/data/work/1duo-coremltools/coremltools/converters/mil/mil/passes/dead_code_elimination.py:35] Removing op "17" (type: const)
[20200630 16:33:20 INFO /Volumes/data/work/1duo-coremltools/coremltools/converters/mil/mil/passes/dead_code_elimination.py:35] Removing op "24" (type: const)
[20200630 16:33:20 INFO /Volumes/data/work/1duo-coremltools/coremltools/converters/mil/mil/passes/dead_code_elimination.py:35] Removing op "12" (type: const)
[20200630 16:33:20 INFO /Volumes/data/work/1duo-coremltools/coremltools/converters/mil/mil/passes/dead_code_elimination.py:35] Removing op "22" (type: const)
[20200630 16:33:20 DEBUG /Volumes/data/work/1duo-coremltools/coremltools/converters/mil/mil/passes/common_pass.py:38] Program after common passes:
main(%input: (1, 3, 5, 5, fp32)) {
  block80() {
    %1: (3, 3, 3, 3, fp32)* = const(val=(file_value), name="1")
    %2: (3,fp32)* = const(val=[-0.014088451862335205, 0.17334045469760895, 0.059490129351615906], name="2")
    %21: (2,i32)* = const(val=[3, 3], name="21")
    %23: (2,i32)* = const(val=[3, 3], name="23")
    %16: (i32)* = const(val=1, name="16")
    %20_pad_type_61: (str)* = const(val="custom", name="20_pad_type_61")
    %20_pad_61: (4,i32)* = const(val=[1, 1, 1, 1], name="20_pad_61")
    %20: (1, 3, 1, 1, fp32) = conv(x=%input, weight=%1, bias=%2, strides=%21, pad_type=%20_pad_type_61, pad=%20_pad_61, dilations=%23, groups=%16, name="20")
  } -> (%20)
}

[20200630 16:33:20 INFO /Volumes/data/work/1duo-coremltools/coremltools/converters/mil/backend/nn/passes/nn_passes.py:22] Performing passes for nn_backend: "nn_backend::commingle_loop_vars"
[20200630 16:33:20 INFO /Volumes/data/work/1duo-coremltools/coremltools/converters/mil/backend/nn/passes/nn_passes.py:22] Performing passes for nn_backend: "nn_backend::handle_return_inputs_as_outputs"
[20200630 16:33:20 INFO /Volumes/data/work/1duo-coremltools/coremltools/converters/mil/backend/nn/passes/nn_passes.py:22] Performing passes for nn_backend: "common::const_elimination"
[20200630 16:33:20 INFO /Volumes/data/work/1duo-coremltools/coremltools/converters/mil/backend/nn/passes/nn_passes.py:22] Performing passes for nn_backend: "common::dead_code_elimination"
[20200630 16:33:20 INFO /Volumes/data/work/1duo-coremltools/coremltools/converters/mil/backend/nn/passes/nn_passes.py:22] Performing passes for nn_backend: "nn_backend::handle_unused_inputs"
[20200630 16:33:20 INFO /Volumes/data/work/1duo-coremltools/coremltools/converters/mil/backend/nn/passes/nn_passes.py:22] Performing passes for nn_backend: "nn_backend::alert_return_type_cast"
[20200630 16:33:20 DEBUG /Volumes/data/work/1duo-coremltools/coremltools/converters/mil/backend/nn/passes/nn_passes.py:26] Program after nn backend passes:
main(%input: (1, 3, 5, 5, fp32)) {
  block80() {
    %1: (3, 3, 3, 3, fp32)* = const(val=(file_value), name="1")
    %2: (3,fp32)* = const(val=[-0.014088451862335205, 0.17334045469760895, 0.059490129351615906], name="2")
    %21: (2,i32)* = const(val=[3, 3], name="21")
    %23: (2,i32)* = const(val=[3, 3], name="23")
    %16: (i32)* = const(val=1, name="16")
    %20_pad_type_61: (str)* = const(val="custom", name="20_pad_type_61")
    %20_pad_61: (4,i32)* = const(val=[1, 1, 1, 1], name="20_pad_61")
    %20: (1, 3, 1, 1, fp32) = conv(x=%input, weight=%1, bias=%2, strides=%21, pad_type=%20_pad_type_61, pad=%20_pad_61, dilations=%23, groups=%16, name="20")
  } -> (%20)
}

[20200630 16:33:20 INFO /Volumes/data/work/1duo-coremltools/coremltools/converters/mil/frontend/torch/converter.py:269] Converting graph.
[20200630 16:33:20 INFO /Volumes/data/work/1duo-coremltools/coremltools/converters/mil/mil/builder.py:181] Adding op '1' of type const
[20200630 16:33:20 INFO /Volumes/data/work/1duo-coremltools/coremltools/converters/mil/mil/builder.py:181] Adding op '2' of type const
[20200630 16:33:20 INFO /Volumes/data/work/1duo-coremltools/coremltools/converters/mil/frontend/torch/ops.py:49] Converting op 21 : constant
[20200630 16:33:20 INFO /Volumes/data/work/1duo-coremltools/coremltools/converters/mil/mil/builder.py:181] Adding op '21' of type const
[20200630 16:33:20 INFO /Volumes/data/work/1duo-coremltools/coremltools/converters/mil/frontend/torch/ops.py:49] Converting op 22 : constant
[20200630 16:33:20 INFO /Volumes/data/work/1duo-coremltools/coremltools/converters/mil/mil/builder.py:181] Adding op '22' of type const
[20200630 16:33:20 INFO /Volumes/data/work/1duo-coremltools/coremltools/converters/mil/frontend/torch/ops.py:49] Converting op 23 : constant
[20200630 16:33:20 INFO /Volumes/data/work/1duo-coremltools/coremltools/converters/mil/mil/builder.py:181] Adding op '23' of type const
[20200630 16:33:20 INFO /Volumes/data/work/1duo-coremltools/coremltools/converters/mil/frontend/torch/ops.py:49] Converting op 12 : constant
[20200630 16:33:20 INFO /Volumes/data/work/1duo-coremltools/coremltools/converters/mil/mil/builder.py:181] Adding op '12' of type const
[20200630 16:33:20 INFO /Volumes/data/work/1duo-coremltools/coremltools/converters/mil/frontend/torch/ops.py:49] Converting op 24 : constant
[20200630 16:33:20 INFO /Volumes/data/work/1duo-coremltools/coremltools/converters/mil/mil/builder.py:181] Adding op '24' of type const
[20200630 16:33:20 INFO /Volumes/data/work/1duo-coremltools/coremltools/converters/mil/frontend/torch/ops.py:49] Converting op 16 : constant
[20200630 16:33:20 INFO /Volumes/data/work/1duo-coremltools/coremltools/converters/mil/mil/builder.py:181] Adding op '16' of type const
[20200630 16:33:20 INFO /Volumes/data/work/1duo-coremltools/coremltools/converters/mil/frontend/torch/ops.py:49] Converting op 17 : constant
[20200630 16:33:20 INFO /Volumes/data/work/1duo-coremltools/coremltools/converters/mil/mil/builder.py:181] Adding op '17' of type const
[20200630 16:33:20 INFO /Volumes/data/work/1duo-coremltools/coremltools/converters/mil/frontend/torch/ops.py:49] Converting op 18 : constant
[20200630 16:33:20 INFO /Volumes/data/work/1duo-coremltools/coremltools/converters/mil/mil/builder.py:181] Adding op '18' of type const
[20200630 16:33:20 INFO /Volumes/data/work/1duo-coremltools/coremltools/converters/mil/frontend/torch/ops.py:49] Converting op 19 : constant
[20200630 16:33:20 INFO /Volumes/data/work/1duo-coremltools/coremltools/converters/mil/mil/builder.py:181] Adding op '19' of type const
[20200630 16:33:20 INFO /Volumes/data/work/1duo-coremltools/coremltools/converters/mil/frontend/torch/ops.py:49] Converting op 20 : _convolution
[20200630 16:33:20 INFO /Volumes/data/work/1duo-coremltools/coremltools/converters/mil/mil/builder.py:181] Adding op '20' of type conv
[20200630 16:33:20 DEBUG /Volumes/data/work/1duo-coremltools/coremltools/converters/mil/mil/builder.py:93] Adding const op '20_pad_type_62'
[20200630 16:33:20 INFO /Volumes/data/work/1duo-coremltools/coremltools/converters/mil/mil/builder.py:181] Adding op '20_pad_type_62' of type const
[20200630 16:33:20 DEBUG /Volumes/data/work/1duo-coremltools/coremltools/converters/mil/mil/builder.py:93] Adding const op '20_pad_62'
[20200630 16:33:20 INFO /Volumes/data/work/1duo-coremltools/coremltools/converters/mil/mil/builder.py:181] Adding op '20_pad_62' of type const
[20200630 16:33:20 DEBUG /Volumes/data/work/1duo-coremltools/coremltools/converters/mil/mil/passes/common_pass.py:30] Program before common passes:
main(%input: (1, 3, 5, 5, fp32)) {
  block81() {
    %1: (3, 3, 3, 3, fp32)* = const(val=(file_value), name="1")
    %2: (3,fp32)* = const(val=[-0.17025822401046753, -0.03128159046173096, -0.04198664426803589], name="2")
    %21: (2,i32)* = const(val=[3, 3], name="21")
    %22: (2,i32)* = const(val=[3, 3], name="22")
    %23: (2,i32)* = const(val=[1, 1], name="23")
    %12: (bool)* = const(val=False, name="12")
    %24: (2,i32)* = const(val=[0, 0], name="24")
    %16: (i32)* = const(val=1, name="16")
    %17: (bool)* = const(val=False, name="17")
    %18: (bool)* = const(val=False, name="18")
    %19: (bool)* = const(val=True, name="19")
    %20_pad_type_62: (str)* = const(val="custom", name="20_pad_type_62")
    %20_pad_62: (4,i32)* = const(val=[3, 3, 3, 3], name="20_pad_62")
    %20: (1, 3, 3, 3, fp32) = conv(x=%input, weight=%1, bias=%2, strides=%21, pad_type=%20_pad_type_62, pad=%20_pad_62, dilations=%23, groups=%16, name="20")
  } -> (%20)
}

[20200630 16:33:20 INFO /Volumes/data/work/1duo-coremltools/coremltools/converters/mil/mil/passes/common_pass.py:34] Performing pass: "common::const_elimination"
[20200630 16:33:20 INFO /Volumes/data/work/1duo-coremltools/coremltools/converters/mil/mil/passes/common_pass.py:34] Performing pass: "common::divide_to_multiply"
[20200630 16:33:20 INFO /Volumes/data/work/1duo-coremltools/coremltools/converters/mil/mil/passes/common_pass.py:34] Performing pass: "common::fuse_matmul_weight_bias"
[20200630 16:33:20 INFO /Volumes/data/work/1duo-coremltools/coremltools/converters/mil/mil/passes/common_pass.py:34] Performing pass: "common::const_elimination"
[20200630 16:33:20 INFO /Volumes/data/work/1duo-coremltools/coremltools/converters/mil/mil/passes/common_pass.py:34] Performing pass: "common::loop_invariant_elimination"
[20200630 16:33:20 INFO /Volumes/data/work/1duo-coremltools/coremltools/converters/mil/mil/passes/common_pass.py:34] Performing pass: "common::remove_symbolic_reshape"
[20200630 16:33:20 INFO /Volumes/data/work/1duo-coremltools/coremltools/converters/mil/mil/passes/remove_symbolic_reshape.py:104] remove_symbolic_reshape: changed 0 reshapes.
[20200630 16:33:20 INFO /Volumes/data/work/1duo-coremltools/coremltools/converters/mil/mil/passes/common_pass.py:34] Performing pass: "common::fuse_gelu_tanh_approximation"
[20200630 16:33:20 INFO /Volumes/data/work/1duo-coremltools/coremltools/converters/mil/mil/passes/common_pass.py:34] Performing pass: "common::reduce_transposes"
[20200630 16:33:20 DEBUG /Volumes/data/work/1duo-coremltools/coremltools/converters/mil/mil/passes/reduce_transposes.py:989] Block before optimize transpose transform:
function(%input: (1, 3, 5, 5, fp32)) {
  block81() {
    %1: (3, 3, 3, 3, fp32)* = const(val=(file_value), name="1")
    %2: (3,fp32)* = const(val=[-0.17025822401046753, -0.03128159046173096, -0.04198664426803589], name="2")
    %21: (2,i32)* = const(val=[3, 3], name="21")
    %22: (2,i32)* = const(val=[3, 3], name="22")
    %23: (2,i32)* = const(val=[1, 1], name="23")
    %12: (bool)* = const(val=False, name="12")
    %24: (2,i32)* = const(val=[0, 0], name="24")
    %16: (i32)* = const(val=1, name="16")
    %17: (bool)* = const(val=False, name="17")
    %18: (bool)* = const(val=False, name="18")
    %19: (bool)* = const(val=True, name="19")
    %20_pad_type_62: (str)* = const(val="custom", name="20_pad_type_62")
    %20_pad_62: (4,i32)* = const(val=[3, 3, 3, 3], name="20_pad_62")
    %20: (1, 3, 3, 3, fp32) = conv(x=%input, weight=%1, bias=%2, strides=%21, pad_type=%20_pad_type_62, pad=%20_pad_62, dilations=%23, groups=%16, name="20")
  } -> (%20)
}

[20200630 16:33:20 DEBUG /Volumes/data/work/1duo-coremltools/coremltools/converters/mil/mil/passes/reduce_transposes.py:1024] Block after optimize transpose transform:
function(%input: (1, 3, 5, 5, fp32)) {
  block81() {
    %1: (3, 3, 3, 3, fp32)* = const(val=(file_value), name="1")
    %2: (3,fp32)* = const(val=[-0.17025822401046753, -0.03128159046173096, -0.04198664426803589], name="2")
    %21: (2,i32)* = const(val=[3, 3], name="21")
    %22: (2,i32)* = const(val=[3, 3], name="22")
    %23: (2,i32)* = const(val=[1, 1], name="23")
    %12: (bool)* = const(val=False, name="12")
    %24: (2,i32)* = const(val=[0, 0], name="24")
    %16: (i32)* = const(val=1, name="16")
    %17: (bool)* = const(val=False, name="17")
    %18: (bool)* = const(val=False, name="18")
    %19: (bool)* = const(val=True, name="19")
    %20_pad_type_62: (str)* = const(val="custom", name="20_pad_type_62")
    %20_pad_62: (4,i32)* = const(val=[3, 3, 3, 3], name="20_pad_62")
    %20: (1, 3, 3, 3, fp32) = conv(x=%input, weight=%1, bias=%2, strides=%21, pad_type=%20_pad_type_62, pad=%20_pad_62, dilations=%23, groups=%16, name="20")
  } -> (%20)
}

[20200630 16:33:20 INFO /Volumes/data/work/1duo-coremltools/coremltools/converters/mil/mil/passes/common_pass.py:34] Performing pass: "common::fuse_bias_conv"
[20200630 16:33:20 INFO /Volumes/data/work/1duo-coremltools/coremltools/converters/mil/mil/passes/common_pass.py:34] Performing pass: "common::fuse_elementwise_to_batchnorm"
[20200630 16:33:20 INFO /Volumes/data/work/1duo-coremltools/coremltools/converters/mil/mil/passes/common_pass.py:34] Performing pass: "common::fuse_onehot_matmul_to_gather"
[20200630 16:33:20 INFO /Volumes/data/work/1duo-coremltools/coremltools/converters/mil/mil/passes/common_pass.py:34] Performing pass: "common::fuse_layernorm_or_instancenorm"
[20200630 16:33:20 INFO /Volumes/data/work/1duo-coremltools/coremltools/converters/mil/mil/passes/common_pass.py:34] Performing pass: "common::dead_code_elimination"
[20200630 16:33:20 INFO /Volumes/data/work/1duo-coremltools/coremltools/converters/mil/mil/passes/dead_code_elimination.py:35] Removing op "19" (type: const)
[20200630 16:33:20 INFO /Volumes/data/work/1duo-coremltools/coremltools/converters/mil/mil/passes/dead_code_elimination.py:35] Removing op "18" (type: const)
[20200630 16:33:20 INFO /Volumes/data/work/1duo-coremltools/coremltools/converters/mil/mil/passes/dead_code_elimination.py:35] Removing op "17" (type: const)
[20200630 16:33:20 INFO /Volumes/data/work/1duo-coremltools/coremltools/converters/mil/mil/passes/dead_code_elimination.py:35] Removing op "24" (type: const)
[20200630 16:33:20 INFO /Volumes/data/work/1duo-coremltools/coremltools/converters/mil/mil/passes/dead_code_elimination.py:35] Removing op "12" (type: const)
[20200630 16:33:20 INFO /Volumes/data/work/1duo-coremltools/coremltools/converters/mil/mil/passes/dead_code_elimination.py:35] Removing op "22" (type: const)
[20200630 16:33:20 DEBUG /Volumes/data/work/1duo-coremltools/coremltools/converters/mil/mil/passes/common_pass.py:38] Program after common passes:
main(%input: (1, 3, 5, 5, fp32)) {
  block81() {
    %1: (3, 3, 3, 3, fp32)* = const(val=(file_value), name="1")
    %2: (3,fp32)* = const(val=[-0.17025822401046753, -0.03128159046173096, -0.04198664426803589], name="2")
    %21: (2,i32)* = const(val=[3, 3], name="21")
    %23: (2,i32)* = const(val=[1, 1], name="23")
    %16: (i32)* = const(val=1, name="16")
    %20_pad_type_62: (str)* = const(val="custom", name="20_pad_type_62")
    %20_pad_62: (4,i32)* = const(val=[3, 3, 3, 3], name="20_pad_62")
    %20: (1, 3, 3, 3, fp32) = conv(x=%input, weight=%1, bias=%2, strides=%21, pad_type=%20_pad_type_62, pad=%20_pad_62, dilations=%23, groups=%16, name="20")
  } -> (%20)
}

[20200630 16:33:20 INFO /Volumes/data/work/1duo-coremltools/coremltools/converters/mil/backend/nn/passes/nn_passes.py:22] Performing passes for nn_backend: "nn_backend::commingle_loop_vars"
[20200630 16:33:20 INFO /Volumes/data/work/1duo-coremltools/coremltools/converters/mil/backend/nn/passes/nn_passes.py:22] Performing passes for nn_backend: "nn_backend::handle_return_inputs_as_outputs"
[20200630 16:33:20 INFO /Volumes/data/work/1duo-coremltools/coremltools/converters/mil/backend/nn/passes/nn_passes.py:22] Performing passes for nn_backend: "common::const_elimination"
[20200630 16:33:20 INFO /Volumes/data/work/1duo-coremltools/coremltools/converters/mil/backend/nn/passes/nn_passes.py:22] Performing passes for nn_backend: "common::dead_code_elimination"
[20200630 16:33:20 INFO /Volumes/data/work/1duo-coremltools/coremltools/converters/mil/backend/nn/passes/nn_passes.py:22] Performing passes for nn_backend: "nn_backend::handle_unused_inputs"
[20200630 16:33:20 INFO /Volumes/data/work/1duo-coremltools/coremltools/converters/mil/backend/nn/passes/nn_passes.py:22] Performing passes for nn_backend: "nn_backend::alert_return_type_cast"
[20200630 16:33:20 DEBUG /Volumes/data/work/1duo-coremltools/coremltools/converters/mil/backend/nn/passes/nn_passes.py:26] Program after nn backend passes:
main(%input: (1, 3, 5, 5, fp32)) {
  block81() {
    %1: (3, 3, 3, 3, fp32)* = const(val=(file_value), name="1")
    %2: (3,fp32)* = const(val=[-0.17025822401046753, -0.03128159046173096, -0.04198664426803589], name="2")
    %21: (2,i32)* = const(val=[3, 3], name="21")
    %23: (2,i32)* = const(val=[1, 1], name="23")
    %16: (i32)* = const(val=1, name="16")
    %20_pad_type_62: (str)* = const(val="custom", name="20_pad_type_62")
    %20_pad_62: (4,i32)* = const(val=[3, 3, 3, 3], name="20_pad_62")
    %20: (1, 3, 3, 3, fp32) = conv(x=%input, weight=%1, bias=%2, strides=%21, pad_type=%20_pad_type_62, pad=%20_pad_62, dilations=%23, groups=%16, name="20")
  } -> (%20)
}

[20200630 16:33:20 INFO /Volumes/data/work/1duo-coremltools/coremltools/converters/mil/frontend/torch/converter.py:269] Converting graph.
[20200630 16:33:20 INFO /Volumes/data/work/1duo-coremltools/coremltools/converters/mil/mil/builder.py:181] Adding op '1' of type const
[20200630 16:33:20 INFO /Volumes/data/work/1duo-coremltools/coremltools/converters/mil/mil/builder.py:181] Adding op '2' of type const
[20200630 16:33:20 INFO /Volumes/data/work/1duo-coremltools/coremltools/converters/mil/frontend/torch/ops.py:49] Converting op 21 : constant
[20200630 16:33:20 INFO /Volumes/data/work/1duo-coremltools/coremltools/converters/mil/mil/builder.py:181] Adding op '21' of type const
[20200630 16:33:20 INFO /Volumes/data/work/1duo-coremltools/coremltools/converters/mil/frontend/torch/ops.py:49] Converting op 22 : constant
[20200630 16:33:20 INFO /Volumes/data/work/1duo-coremltools/coremltools/converters/mil/mil/builder.py:181] Adding op '22' of type const
[20200630 16:33:20 INFO /Volumes/data/work/1duo-coremltools/coremltools/converters/mil/frontend/torch/ops.py:49] Converting op 23 : constant
[20200630 16:33:20 INFO /Volumes/data/work/1duo-coremltools/coremltools/converters/mil/mil/builder.py:181] Adding op '23' of type const
[20200630 16:33:20 INFO /Volumes/data/work/1duo-coremltools/coremltools/converters/mil/frontend/torch/ops.py:49] Converting op 12 : constant
[20200630 16:33:20 INFO /Volumes/data/work/1duo-coremltools/coremltools/converters/mil/mil/builder.py:181] Adding op '12' of type const
[20200630 16:33:20 INFO /Volumes/data/work/1duo-coremltools/coremltools/converters/mil/frontend/torch/ops.py:49] Converting op 24 : constant
[20200630 16:33:20 INFO /Volumes/data/work/1duo-coremltools/coremltools/converters/mil/mil/builder.py:181] Adding op '24' of type const
[20200630 16:33:20 INFO /Volumes/data/work/1duo-coremltools/coremltools/converters/mil/frontend/torch/ops.py:49] Converting op 16 : constant
[20200630 16:33:20 INFO /Volumes/data/work/1duo-coremltools/coremltools/converters/mil/mil/builder.py:181] Adding op '16' of type const
[20200630 16:33:20 INFO /Volumes/data/work/1duo-coremltools/coremltools/converters/mil/frontend/torch/ops.py:49] Converting op 17 : constant
[20200630 16:33:20 INFO /Volumes/data/work/1duo-coremltools/coremltools/converters/mil/mil/builder.py:181] Adding op '17' of type const
[20200630 16:33:20 INFO /Volumes/data/work/1duo-coremltools/coremltools/converters/mil/frontend/torch/ops.py:49] Converting op 18 : constant
[20200630 16:33:20 INFO /Volumes/data/work/1duo-coremltools/coremltools/converters/mil/mil/builder.py:181] Adding op '18' of type const
[20200630 16:33:20 INFO /Volumes/data/work/1duo-coremltools/coremltools/converters/mil/frontend/torch/ops.py:49] Converting op 19 : constant
[20200630 16:33:20 INFO /Volumes/data/work/1duo-coremltools/coremltools/converters/mil/mil/builder.py:181] Adding op '19' of type const
[20200630 16:33:20 INFO /Volumes/data/work/1duo-coremltools/coremltools/converters/mil/frontend/torch/ops.py:49] Converting op 20 : _convolution
[20200630 16:33:20 INFO /Volumes/data/work/1duo-coremltools/coremltools/converters/mil/mil/builder.py:181] Adding op '20' of type conv
[20200630 16:33:20 DEBUG /Volumes/data/work/1duo-coremltools/coremltools/converters/mil/mil/builder.py:93] Adding const op '20_pad_type_63'
[20200630 16:33:20 INFO /Volumes/data/work/1duo-coremltools/coremltools/converters/mil/mil/builder.py:181] Adding op '20_pad_type_63' of type const
[20200630 16:33:20 DEBUG /Volumes/data/work/1duo-coremltools/coremltools/converters/mil/mil/builder.py:93] Adding const op '20_pad_63'
[20200630 16:33:20 INFO /Volumes/data/work/1duo-coremltools/coremltools/converters/mil/mil/builder.py:181] Adding op '20_pad_63' of type const
[20200630 16:33:20 DEBUG /Volumes/data/work/1duo-coremltools/coremltools/converters/mil/mil/passes/common_pass.py:30] Program before common passes:
main(%input: (1, 3, 5, 5, fp32)) {
  block82() {
    %1: (3, 3, 3, 3, fp32)* = const(val=(file_value), name="1")
    %2: (3,fp32)* = const(val=[0.17576958239078522, -0.1012517660856247, -0.052709221839904785], name="2")
    %21: (2,i32)* = const(val=[3, 3], name="21")
    %22: (2,i32)* = const(val=[3, 3], name="22")
    %23: (2,i32)* = const(val=[3, 3], name="23")
    %12: (bool)* = const(val=False, name="12")
    %24: (2,i32)* = const(val=[0, 0], name="24")
    %16: (i32)* = const(val=1, name="16")
    %17: (bool)* = const(val=False, name="17")
    %18: (bool)* = const(val=False, name="18")
    %19: (bool)* = const(val=True, name="19")
    %20_pad_type_63: (str)* = const(val="custom", name="20_pad_type_63")
    %20_pad_63: (4,i32)* = const(val=[3, 3, 3, 3], name="20_pad_63")
    %20: (1, 3, 2, 2, fp32) = conv(x=%input, weight=%1, bias=%2, strides=%21, pad_type=%20_pad_type_63, pad=%20_pad_63, dilations=%23, groups=%16, name="20")
  } -> (%20)
}

[20200630 16:33:20 INFO /Volumes/data/work/1duo-coremltools/coremltools/converters/mil/mil/passes/common_pass.py:34] Performing pass: "common::const_elimination"
[20200630 16:33:20 INFO /Volumes/data/work/1duo-coremltools/coremltools/converters/mil/mil/passes/common_pass.py:34] Performing pass: "common::divide_to_multiply"
[20200630 16:33:20 INFO /Volumes/data/work/1duo-coremltools/coremltools/converters/mil/mil/passes/common_pass.py:34] Performing pass: "common::fuse_matmul_weight_bias"
[20200630 16:33:20 INFO /Volumes/data/work/1duo-coremltools/coremltools/converters/mil/mil/passes/common_pass.py:34] Performing pass: "common::const_elimination"
[20200630 16:33:20 INFO /Volumes/data/work/1duo-coremltools/coremltools/converters/mil/mil/passes/common_pass.py:34] Performing pass: "common::loop_invariant_elimination"
[20200630 16:33:20 INFO /Volumes/data/work/1duo-coremltools/coremltools/converters/mil/mil/passes/common_pass.py:34] Performing pass: "common::remove_symbolic_reshape"
[20200630 16:33:20 INFO /Volumes/data/work/1duo-coremltools/coremltools/converters/mil/mil/passes/remove_symbolic_reshape.py:104] remove_symbolic_reshape: changed 0 reshapes.
[20200630 16:33:20 INFO /Volumes/data/work/1duo-coremltools/coremltools/converters/mil/mil/passes/common_pass.py:34] Performing pass: "common::fuse_gelu_tanh_approximation"
[20200630 16:33:20 INFO /Volumes/data/work/1duo-coremltools/coremltools/converters/mil/mil/passes/common_pass.py:34] Performing pass: "common::reduce_transposes"
[20200630 16:33:20 DEBUG /Volumes/data/work/1duo-coremltools/coremltools/converters/mil/mil/passes/reduce_transposes.py:989] Block before optimize transpose transform:
function(%input: (1, 3, 5, 5, fp32)) {
  block82() {
    %1: (3, 3, 3, 3, fp32)* = const(val=(file_value), name="1")
    %2: (3,fp32)* = const(val=[0.17576958239078522, -0.1012517660856247, -0.052709221839904785], name="2")
    %21: (2,i32)* = const(val=[3, 3], name="21")
    %22: (2,i32)* = const(val=[3, 3], name="22")
    %23: (2,i32)* = const(val=[3, 3], name="23")
    %12: (bool)* = const(val=False, name="12")
    %24: (2,i32)* = const(val=[0, 0], name="24")
    %16: (i32)* = const(val=1, name="16")
    %17: (bool)* = const(val=False, name="17")
    %18: (bool)* = const(val=False, name="18")
    %19: (bool)* = const(val=True, name="19")
    %20_pad_type_63: (str)* = const(val="custom", name="20_pad_type_63")
    %20_pad_63: (4,i32)* = const(val=[3, 3, 3, 3], name="20_pad_63")
    %20: (1, 3, 2, 2, fp32) = conv(x=%input, weight=%1, bias=%2, strides=%21, pad_type=%20_pad_type_63, pad=%20_pad_63, dilations=%23, groups=%16, name="20")
  } -> (%20)
}

[20200630 16:33:20 DEBUG /Volumes/data/work/1duo-coremltools/coremltools/converters/mil/mil/passes/reduce_transposes.py:1024] Block after optimize transpose transform:
function(%input: (1, 3, 5, 5, fp32)) {
  block82() {
    %1: (3, 3, 3, 3, fp32)* = const(val=(file_value), name="1")
    %2: (3,fp32)* = const(val=[0.17576958239078522, -0.1012517660856247, -0.052709221839904785], name="2")
    %21: (2,i32)* = const(val=[3, 3], name="21")
    %22: (2,i32)* = const(val=[3, 3], name="22")
    %23: (2,i32)* = const(val=[3, 3], name="23")
    %12: (bool)* = const(val=False, name="12")
    %24: (2,i32)* = const(val=[0, 0], name="24")
    %16: (i32)* = const(val=1, name="16")
    %17: (bool)* = const(val=False, name="17")
    %18: (bool)* = const(val=False, name="18")
    %19: (bool)* = const(val=True, name="19")
    %20_pad_type_63: (str)* = const(val="custom", name="20_pad_type_63")
    %20_pad_63: (4,i32)* = const(val=[3, 3, 3, 3], name="20_pad_63")
    %20: (1, 3, 2, 2, fp32) = conv(x=%input, weight=%1, bias=%2, strides=%21, pad_type=%20_pad_type_63, pad=%20_pad_63, dilations=%23, groups=%16, name="20")
  } -> (%20)
}

[20200630 16:33:20 INFO /Volumes/data/work/1duo-coremltools/coremltools/converters/mil/mil/passes/common_pass.py:34] Performing pass: "common::fuse_bias_conv"
[20200630 16:33:20 INFO /Volumes/data/work/1duo-coremltools/coremltools/converters/mil/mil/passes/common_pass.py:34] Performing pass: "common::fuse_elementwise_to_batchnorm"
[20200630 16:33:20 INFO /Volumes/data/work/1duo-coremltools/coremltools/converters/mil/mil/passes/common_pass.py:34] Performing pass: "common::fuse_onehot_matmul_to_gather"
[20200630 16:33:20 INFO /Volumes/data/work/1duo-coremltools/coremltools/converters/mil/mil/passes/common_pass.py:34] Performing pass: "common::fuse_layernorm_or_instancenorm"
[20200630 16:33:20 INFO /Volumes/data/work/1duo-coremltools/coremltools/converters/mil/mil/passes/common_pass.py:34] Performing pass: "common::dead_code_elimination"
[20200630 16:33:20 INFO /Volumes/data/work/1duo-coremltools/coremltools/converters/mil/mil/passes/dead_code_elimination.py:35] Removing op "19" (type: const)
[20200630 16:33:20 INFO /Volumes/data/work/1duo-coremltools/coremltools/converters/mil/mil/passes/dead_code_elimination.py:35] Removing op "18" (type: const)
[20200630 16:33:20 INFO /Volumes/data/work/1duo-coremltools/coremltools/converters/mil/mil/passes/dead_code_elimination.py:35] Removing op "17" (type: const)
[20200630 16:33:20 INFO /Volumes/data/work/1duo-coremltools/coremltools/converters/mil/mil/passes/dead_code_elimination.py:35] Removing op "24" (type: const)
[20200630 16:33:20 INFO /Volumes/data/work/1duo-coremltools/coremltools/converters/mil/mil/passes/dead_code_elimination.py:35] Removing op "12" (type: const)
[20200630 16:33:20 INFO /Volumes/data/work/1duo-coremltools/coremltools/converters/mil/mil/passes/dead_code_elimination.py:35] Removing op "22" (type: const)
[20200630 16:33:20 DEBUG /Volumes/data/work/1duo-coremltools/coremltools/converters/mil/mil/passes/common_pass.py:38] Program after common passes:
main(%input: (1, 3, 5, 5, fp32)) {
  block82() {
    %1: (3, 3, 3, 3, fp32)* = const(val=(file_value), name="1")
    %2: (3,fp32)* = const(val=[0.17576958239078522, -0.1012517660856247, -0.052709221839904785], name="2")
    %21: (2,i32)* = const(val=[3, 3], name="21")
    %23: (2,i32)* = const(val=[3, 3], name="23")
    %16: (i32)* = const(val=1, name="16")
    %20_pad_type_63: (str)* = const(val="custom", name="20_pad_type_63")
    %20_pad_63: (4,i32)* = const(val=[3, 3, 3, 3], name="20_pad_63")
    %20: (1, 3, 2, 2, fp32) = conv(x=%input, weight=%1, bias=%2, strides=%21, pad_type=%20_pad_type_63, pad=%20_pad_63, dilations=%23, groups=%16, name="20")
  } -> (%20)
}

[20200630 16:33:20 INFO /Volumes/data/work/1duo-coremltools/coremltools/converters/mil/backend/nn/passes/nn_passes.py:22] Performing passes for nn_backend: "nn_backend::commingle_loop_vars"
[20200630 16:33:20 INFO /Volumes/data/work/1duo-coremltools/coremltools/converters/mil/backend/nn/passes/nn_passes.py:22] Performing passes for nn_backend: "nn_backend::handle_return_inputs_as_outputs"
[20200630 16:33:20 INFO /Volumes/data/work/1duo-coremltools/coremltools/converters/mil/backend/nn/passes/nn_passes.py:22] Performing passes for nn_backend: "common::const_elimination"
[20200630 16:33:20 INFO /Volumes/data/work/1duo-coremltools/coremltools/converters/mil/backend/nn/passes/nn_passes.py:22] Performing passes for nn_backend: "common::dead_code_elimination"
[20200630 16:33:20 INFO /Volumes/data/work/1duo-coremltools/coremltools/converters/mil/backend/nn/passes/nn_passes.py:22] Performing passes for nn_backend: "nn_backend::handle_unused_inputs"
[20200630 16:33:20 INFO /Volumes/data/work/1duo-coremltools/coremltools/converters/mil/backend/nn/passes/nn_passes.py:22] Performing passes for nn_backend: "nn_backend::alert_return_type_cast"
[20200630 16:33:20 DEBUG /Volumes/data/work/1duo-coremltools/coremltools/converters/mil/backend/nn/passes/nn_passes.py:26] Program after nn backend passes:
main(%input: (1, 3, 5, 5, fp32)) {
  block82() {
    %1: (3, 3, 3, 3, fp32)* = const(val=(file_value), name="1")
    %2: (3,fp32)* = const(val=[0.17576958239078522, -0.1012517660856247, -0.052709221839904785], name="2")
    %21: (2,i32)* = const(val=[3, 3], name="21")
    %23: (2,i32)* = const(val=[3, 3], name="23")
    %16: (i32)* = const(val=1, name="16")
    %20_pad_type_63: (str)* = const(val="custom", name="20_pad_type_63")
    %20_pad_63: (4,i32)* = const(val=[3, 3, 3, 3], name="20_pad_63")
    %20: (1, 3, 2, 2, fp32) = conv(x=%input, weight=%1, bias=%2, strides=%21, pad_type=%20_pad_type_63, pad=%20_pad_63, dilations=%23, groups=%16, name="20")
  } -> (%20)
}

[20200630 16:33:20 INFO /Volumes/data/work/1duo-coremltools/coremltools/converters/mil/frontend/torch/converter.py:269] Converting graph.
[20200630 16:33:20 INFO /Volumes/data/work/1duo-coremltools/coremltools/converters/mil/mil/builder.py:181] Adding op '1' of type const
[20200630 16:33:20 INFO /Volumes/data/work/1duo-coremltools/coremltools/converters/mil/mil/builder.py:181] Adding op '2' of type const
[20200630 16:33:20 INFO /Volumes/data/work/1duo-coremltools/coremltools/converters/mil/frontend/torch/ops.py:49] Converting op 21 : constant
[20200630 16:33:20 INFO /Volumes/data/work/1duo-coremltools/coremltools/converters/mil/mil/builder.py:181] Adding op '21' of type const
[20200630 16:33:20 INFO /Volumes/data/work/1duo-coremltools/coremltools/converters/mil/frontend/torch/ops.py:49] Converting op 22 : constant
[20200630 16:33:20 INFO /Volumes/data/work/1duo-coremltools/coremltools/converters/mil/mil/builder.py:181] Adding op '22' of type const
[20200630 16:33:20 INFO /Volumes/data/work/1duo-coremltools/coremltools/converters/mil/frontend/torch/ops.py:49] Converting op 23 : constant
[20200630 16:33:20 INFO /Volumes/data/work/1duo-coremltools/coremltools/converters/mil/mil/builder.py:181] Adding op '23' of type const
[20200630 16:33:20 INFO /Volumes/data/work/1duo-coremltools/coremltools/converters/mil/frontend/torch/ops.py:49] Converting op 12 : constant
[20200630 16:33:20 INFO /Volumes/data/work/1duo-coremltools/coremltools/converters/mil/mil/builder.py:181] Adding op '12' of type const
[20200630 16:33:20 INFO /Volumes/data/work/1duo-coremltools/coremltools/converters/mil/frontend/torch/ops.py:49] Converting op 24 : constant
[20200630 16:33:20 INFO /Volumes/data/work/1duo-coremltools/coremltools/converters/mil/mil/builder.py:181] Adding op '24' of type const
[20200630 16:33:20 INFO /Volumes/data/work/1duo-coremltools/coremltools/converters/mil/frontend/torch/ops.py:49] Converting op 16 : constant
[20200630 16:33:20 INFO /Volumes/data/work/1duo-coremltools/coremltools/converters/mil/mil/builder.py:181] Adding op '16' of type const
[20200630 16:33:20 INFO /Volumes/data/work/1duo-coremltools/coremltools/converters/mil/frontend/torch/ops.py:49] Converting op 17 : constant
[20200630 16:33:20 INFO /Volumes/data/work/1duo-coremltools/coremltools/converters/mil/mil/builder.py:181] Adding op '17' of type const
[20200630 16:33:20 INFO /Volumes/data/work/1duo-coremltools/coremltools/converters/mil/frontend/torch/ops.py:49] Converting op 18 : constant
[20200630 16:33:20 INFO /Volumes/data/work/1duo-coremltools/coremltools/converters/mil/mil/builder.py:181] Adding op '18' of type const
[20200630 16:33:20 INFO /Volumes/data/work/1duo-coremltools/coremltools/converters/mil/frontend/torch/ops.py:49] Converting op 19 : constant
[20200630 16:33:20 INFO /Volumes/data/work/1duo-coremltools/coremltools/converters/mil/mil/builder.py:181] Adding op '19' of type const
[20200630 16:33:20 INFO /Volumes/data/work/1duo-coremltools/coremltools/converters/mil/frontend/torch/ops.py:49] Converting op 20 : _convolution
[20200630 16:33:20 INFO /Volumes/data/work/1duo-coremltools/coremltools/converters/mil/mil/builder.py:181] Adding op '20' of type conv
[20200630 16:33:20 DEBUG /Volumes/data/work/1duo-coremltools/coremltools/converters/mil/mil/builder.py:93] Adding const op '20_pad_type_64'
[20200630 16:33:20 INFO /Volumes/data/work/1duo-coremltools/coremltools/converters/mil/mil/builder.py:181] Adding op '20_pad_type_64' of type const
[20200630 16:33:20 DEBUG /Volumes/data/work/1duo-coremltools/coremltools/converters/mil/mil/builder.py:93] Adding const op '20_pad_64'
[20200630 16:33:20 INFO /Volumes/data/work/1duo-coremltools/coremltools/converters/mil/mil/builder.py:181] Adding op '20_pad_64' of type const
[20200630 16:33:20 DEBUG /Volumes/data/work/1duo-coremltools/coremltools/converters/mil/mil/passes/common_pass.py:30] Program before common passes:
main(%input: (1, 1, 5, 7, fp32)) {
  block83() {
    %1: (1, 1, 1, 1, fp32)* = const(val=[[[[-0.12693345546722412]]]], name="1")
    %2: (1,fp32)* = const(val=[-0.5514678955078125], name="2")
    %21: (2,i32)* = const(val=[1, 1], name="21")
    %22: (2,i32)* = const(val=[1, 1], name="22")
    %23: (2,i32)* = const(val=[1, 1], name="23")
    %12: (bool)* = const(val=False, name="12")
    %24: (2,i32)* = const(val=[0, 0], name="24")
    %16: (i32)* = const(val=1, name="16")
    %17: (bool)* = const(val=False, name="17")
    %18: (bool)* = const(val=False, name="18")
    %19: (bool)* = const(val=True, name="19")
    %20_pad_type_64: (str)* = const(val="custom", name="20_pad_type_64")
    %20_pad_64: (4,i32)* = const(val=[1, 1, 1, 1], name="20_pad_64")
    %20: (1, 1, 7, 9, fp32) = conv(x=%input, weight=%1, bias=%2, strides=%21, pad_type=%20_pad_type_64, pad=%20_pad_64, dilations=%23, groups=%16, name="20")
  } -> (%20)
}

[20200630 16:33:20 INFO /Volumes/data/work/1duo-coremltools/coremltools/converters/mil/mil/passes/common_pass.py:34] Performing pass: "common::const_elimination"
[20200630 16:33:20 INFO /Volumes/data/work/1duo-coremltools/coremltools/converters/mil/mil/passes/common_pass.py:34] Performing pass: "common::divide_to_multiply"
[20200630 16:33:20 INFO /Volumes/data/work/1duo-coremltools/coremltools/converters/mil/mil/passes/common_pass.py:34] Performing pass: "common::fuse_matmul_weight_bias"
[20200630 16:33:20 INFO /Volumes/data/work/1duo-coremltools/coremltools/converters/mil/mil/passes/common_pass.py:34] Performing pass: "common::const_elimination"
[20200630 16:33:20 INFO /Volumes/data/work/1duo-coremltools/coremltools/converters/mil/mil/passes/common_pass.py:34] Performing pass: "common::loop_invariant_elimination"
[20200630 16:33:20 INFO /Volumes/data/work/1duo-coremltools/coremltools/converters/mil/mil/passes/common_pass.py:34] Performing pass: "common::remove_symbolic_reshape"
[20200630 16:33:20 INFO /Volumes/data/work/1duo-coremltools/coremltools/converters/mil/mil/passes/remove_symbolic_reshape.py:104] remove_symbolic_reshape: changed 0 reshapes.
[20200630 16:33:20 INFO /Volumes/data/work/1duo-coremltools/coremltools/converters/mil/mil/passes/common_pass.py:34] Performing pass: "common::fuse_gelu_tanh_approximation"
[20200630 16:33:20 INFO /Volumes/data/work/1duo-coremltools/coremltools/converters/mil/mil/passes/common_pass.py:34] Performing pass: "common::reduce_transposes"
[20200630 16:33:20 DEBUG /Volumes/data/work/1duo-coremltools/coremltools/converters/mil/mil/passes/reduce_transposes.py:989] Block before optimize transpose transform:
function(%input: (1, 1, 5, 7, fp32)) {
  block83() {
    %1: (1, 1, 1, 1, fp32)* = const(val=[[[[-0.12693345546722412]]]], name="1")
    %2: (1,fp32)* = const(val=[-0.5514678955078125], name="2")
    %21: (2,i32)* = const(val=[1, 1], name="21")
    %22: (2,i32)* = const(val=[1, 1], name="22")
    %23: (2,i32)* = const(val=[1, 1], name="23")
    %12: (bool)* = const(val=False, name="12")
    %24: (2,i32)* = const(val=[0, 0], name="24")
    %16: (i32)* = const(val=1, name="16")
    %17: (bool)* = const(val=False, name="17")
    %18: (bool)* = const(val=False, name="18")
    %19: (bool)* = const(val=True, name="19")
    %20_pad_type_64: (str)* = const(val="custom", name="20_pad_type_64")
    %20_pad_64: (4,i32)* = const(val=[1, 1, 1, 1], name="20_pad_64")
    %20: (1, 1, 7, 9, fp32) = conv(x=%input, weight=%1, bias=%2, strides=%21, pad_type=%20_pad_type_64, pad=%20_pad_64, dilations=%23, groups=%16, name="20")
  } -> (%20)
}

[20200630 16:33:20 DEBUG /Volumes/data/work/1duo-coremltools/coremltools/converters/mil/mil/passes/reduce_transposes.py:1024] Block after optimize transpose transform:
function(%input: (1, 1, 5, 7, fp32)) {
  block83() {
    %1: (1, 1, 1, 1, fp32)* = const(val=[[[[-0.12693345546722412]]]], name="1")
    %2: (1,fp32)* = const(val=[-0.5514678955078125], name="2")
    %21: (2,i32)* = const(val=[1, 1], name="21")
    %22: (2,i32)* = const(val=[1, 1], name="22")
    %23: (2,i32)* = const(val=[1, 1], name="23")
    %12: (bool)* = const(val=False, name="12")
    %24: (2,i32)* = const(val=[0, 0], name="24")
    %16: (i32)* = const(val=1, name="16")
    %17: (bool)* = const(val=False, name="17")
    %18: (bool)* = const(val=False, name="18")
    %19: (bool)* = const(val=True, name="19")
    %20_pad_type_64: (str)* = const(val="custom", name="20_pad_type_64")
    %20_pad_64: (4,i32)* = const(val=[1, 1, 1, 1], name="20_pad_64")
    %20: (1, 1, 7, 9, fp32) = conv(x=%input, weight=%1, bias=%2, strides=%21, pad_type=%20_pad_type_64, pad=%20_pad_64, dilations=%23, groups=%16, name="20")
  } -> (%20)
}

[20200630 16:33:20 INFO /Volumes/data/work/1duo-coremltools/coremltools/converters/mil/mil/passes/common_pass.py:34] Performing pass: "common::fuse_bias_conv"
[20200630 16:33:20 INFO /Volumes/data/work/1duo-coremltools/coremltools/converters/mil/mil/passes/common_pass.py:34] Performing pass: "common::fuse_elementwise_to_batchnorm"
[20200630 16:33:20 INFO /Volumes/data/work/1duo-coremltools/coremltools/converters/mil/mil/passes/common_pass.py:34] Performing pass: "common::fuse_onehot_matmul_to_gather"
[20200630 16:33:20 INFO /Volumes/data/work/1duo-coremltools/coremltools/converters/mil/mil/passes/common_pass.py:34] Performing pass: "common::fuse_layernorm_or_instancenorm"
[20200630 16:33:20 INFO /Volumes/data/work/1duo-coremltools/coremltools/converters/mil/mil/passes/common_pass.py:34] Performing pass: "common::dead_code_elimination"
[20200630 16:33:20 INFO /Volumes/data/work/1duo-coremltools/coremltools/converters/mil/mil/passes/dead_code_elimination.py:35] Removing op "19" (type: const)
[20200630 16:33:20 INFO /Volumes/data/work/1duo-coremltools/coremltools/converters/mil/mil/passes/dead_code_elimination.py:35] Removing op "18" (type: const)
[20200630 16:33:20 INFO /Volumes/data/work/1duo-coremltools/coremltools/converters/mil/mil/passes/dead_code_elimination.py:35] Removing op "17" (type: const)
[20200630 16:33:20 INFO /Volumes/data/work/1duo-coremltools/coremltools/converters/mil/mil/passes/dead_code_elimination.py:35] Removing op "24" (type: const)
[20200630 16:33:20 INFO /Volumes/data/work/1duo-coremltools/coremltools/converters/mil/mil/passes/dead_code_elimination.py:35] Removing op "12" (type: const)
[20200630 16:33:20 INFO /Volumes/data/work/1duo-coremltools/coremltools/converters/mil/mil/passes/dead_code_elimination.py:35] Removing op "22" (type: const)
[20200630 16:33:20 DEBUG /Volumes/data/work/1duo-coremltools/coremltools/converters/mil/mil/passes/common_pass.py:38] Program after common passes:
main(%input: (1, 1, 5, 7, fp32)) {
  block83() {
    %1: (1, 1, 1, 1, fp32)* = const(val=[[[[-0.12693345546722412]]]], name="1")
    %2: (1,fp32)* = const(val=[-0.5514678955078125], name="2")
    %21: (2,i32)* = const(val=[1, 1], name="21")
    %23: (2,i32)* = const(val=[1, 1], name="23")
    %16: (i32)* = const(val=1, name="16")
    %20_pad_type_64: (str)* = const(val="custom", name="20_pad_type_64")
    %20_pad_64: (4,i32)* = const(val=[1, 1, 1, 1], name="20_pad_64")
    %20: (1, 1, 7, 9, fp32) = conv(x=%input, weight=%1, bias=%2, strides=%21, pad_type=%20_pad_type_64, pad=%20_pad_64, dilations=%23, groups=%16, name="20")
  } -> (%20)
}

[20200630 16:33:20 INFO /Volumes/data/work/1duo-coremltools/coremltools/converters/mil/backend/nn/passes/nn_passes.py:22] Performing passes for nn_backend: "nn_backend::commingle_loop_vars"
[20200630 16:33:20 INFO /Volumes/data/work/1duo-coremltools/coremltools/converters/mil/backend/nn/passes/nn_passes.py:22] Performing passes for nn_backend: "nn_backend::handle_return_inputs_as_outputs"
[20200630 16:33:20 INFO /Volumes/data/work/1duo-coremltools/coremltools/converters/mil/backend/nn/passes/nn_passes.py:22] Performing passes for nn_backend: "common::const_elimination"
[20200630 16:33:20 INFO /Volumes/data/work/1duo-coremltools/coremltools/converters/mil/backend/nn/passes/nn_passes.py:22] Performing passes for nn_backend: "common::dead_code_elimination"
[20200630 16:33:20 INFO /Volumes/data/work/1duo-coremltools/coremltools/converters/mil/backend/nn/passes/nn_passes.py:22] Performing passes for nn_backend: "nn_backend::handle_unused_inputs"
[20200630 16:33:20 INFO /Volumes/data/work/1duo-coremltools/coremltools/converters/mil/backend/nn/passes/nn_passes.py:22] Performing passes for nn_backend: "nn_backend::alert_return_type_cast"
[20200630 16:33:20 DEBUG /Volumes/data/work/1duo-coremltools/coremltools/converters/mil/backend/nn/passes/nn_passes.py:26] Program after nn backend passes:
main(%input: (1, 1, 5, 7, fp32)) {
  block83() {
    %1: (1, 1, 1, 1, fp32)* = const(val=[[[[-0.12693345546722412]]]], name="1")
    %2: (1,fp32)* = const(val=[-0.5514678955078125], name="2")
    %21: (2,i32)* = const(val=[1, 1], name="21")
    %23: (2,i32)* = const(val=[1, 1], name="23")
    %16: (i32)* = const(val=1, name="16")
    %20_pad_type_64: (str)* = const(val="custom", name="20_pad_type_64")
    %20_pad_64: (4,i32)* = const(val=[1, 1, 1, 1], name="20_pad_64")
    %20: (1, 1, 7, 9, fp32) = conv(x=%input, weight=%1, bias=%2, strides=%21, pad_type=%20_pad_type_64, pad=%20_pad_64, dilations=%23, groups=%16, name="20")
  } -> (%20)
}

[20200630 16:33:20 INFO /Volumes/data/work/1duo-coremltools/coremltools/converters/mil/frontend/torch/converter.py:269] Converting graph.
[20200630 16:33:20 INFO /Volumes/data/work/1duo-coremltools/coremltools/converters/mil/mil/builder.py:181] Adding op '1' of type const
[20200630 16:33:20 INFO /Volumes/data/work/1duo-coremltools/coremltools/converters/mil/mil/builder.py:181] Adding op '2' of type const
[20200630 16:33:20 INFO /Volumes/data/work/1duo-coremltools/coremltools/converters/mil/frontend/torch/ops.py:49] Converting op 21 : constant
[20200630 16:33:20 INFO /Volumes/data/work/1duo-coremltools/coremltools/converters/mil/mil/builder.py:181] Adding op '21' of type const
[20200630 16:33:20 INFO /Volumes/data/work/1duo-coremltools/coremltools/converters/mil/frontend/torch/ops.py:49] Converting op 22 : constant
[20200630 16:33:20 INFO /Volumes/data/work/1duo-coremltools/coremltools/converters/mil/mil/builder.py:181] Adding op '22' of type const
[20200630 16:33:20 INFO /Volumes/data/work/1duo-coremltools/coremltools/converters/mil/frontend/torch/ops.py:49] Converting op 23 : constant
[20200630 16:33:20 INFO /Volumes/data/work/1duo-coremltools/coremltools/converters/mil/mil/builder.py:181] Adding op '23' of type const
[20200630 16:33:20 INFO /Volumes/data/work/1duo-coremltools/coremltools/converters/mil/frontend/torch/ops.py:49] Converting op 12 : constant
[20200630 16:33:20 INFO /Volumes/data/work/1duo-coremltools/coremltools/converters/mil/mil/builder.py:181] Adding op '12' of type const
[20200630 16:33:20 INFO /Volumes/data/work/1duo-coremltools/coremltools/converters/mil/frontend/torch/ops.py:49] Converting op 24 : constant
[20200630 16:33:20 INFO /Volumes/data/work/1duo-coremltools/coremltools/converters/mil/mil/builder.py:181] Adding op '24' of type const
[20200630 16:33:20 INFO /Volumes/data/work/1duo-coremltools/coremltools/converters/mil/frontend/torch/ops.py:49] Converting op 16 : constant
[20200630 16:33:20 INFO /Volumes/data/work/1duo-coremltools/coremltools/converters/mil/mil/builder.py:181] Adding op '16' of type const
[20200630 16:33:20 INFO /Volumes/data/work/1duo-coremltools/coremltools/converters/mil/frontend/torch/ops.py:49] Converting op 17 : constant
[20200630 16:33:20 INFO /Volumes/data/work/1duo-coremltools/coremltools/converters/mil/mil/builder.py:181] Adding op '17' of type const
[20200630 16:33:20 INFO /Volumes/data/work/1duo-coremltools/coremltools/converters/mil/frontend/torch/ops.py:49] Converting op 18 : constant
[20200630 16:33:20 INFO /Volumes/data/work/1duo-coremltools/coremltools/converters/mil/mil/builder.py:181] Adding op '18' of type const
[20200630 16:33:20 INFO /Volumes/data/work/1duo-coremltools/coremltools/converters/mil/frontend/torch/ops.py:49] Converting op 19 : constant
[20200630 16:33:20 INFO /Volumes/data/work/1duo-coremltools/coremltools/converters/mil/mil/builder.py:181] Adding op '19' of type const
[20200630 16:33:20 INFO /Volumes/data/work/1duo-coremltools/coremltools/converters/mil/frontend/torch/ops.py:49] Converting op 20 : _convolution
[20200630 16:33:20 INFO /Volumes/data/work/1duo-coremltools/coremltools/converters/mil/mil/builder.py:181] Adding op '20' of type conv
[20200630 16:33:20 DEBUG /Volumes/data/work/1duo-coremltools/coremltools/converters/mil/mil/builder.py:93] Adding const op '20_pad_type_65'
[20200630 16:33:20 INFO /Volumes/data/work/1duo-coremltools/coremltools/converters/mil/mil/builder.py:181] Adding op '20_pad_type_65' of type const
[20200630 16:33:20 DEBUG /Volumes/data/work/1duo-coremltools/coremltools/converters/mil/mil/builder.py:93] Adding const op '20_pad_65'
[20200630 16:33:20 INFO /Volumes/data/work/1duo-coremltools/coremltools/converters/mil/mil/builder.py:181] Adding op '20_pad_65' of type const
[20200630 16:33:20 DEBUG /Volumes/data/work/1duo-coremltools/coremltools/converters/mil/mil/passes/common_pass.py:30] Program before common passes:
main(%input: (1, 1, 5, 7, fp32)) {
  block84() {
    %1: (1, 1, 1, 1, fp32)* = const(val=[[[[0.3820610046386719]]]], name="1")
    %2: (1,fp32)* = const(val=[0.6057614088058472], name="2")
    %21: (2,i32)* = const(val=[1, 1], name="21")
    %22: (2,i32)* = const(val=[1, 1], name="22")
    %23: (2,i32)* = const(val=[3, 3], name="23")
    %12: (bool)* = const(val=False, name="12")
    %24: (2,i32)* = const(val=[0, 0], name="24")
    %16: (i32)* = const(val=1, name="16")
    %17: (bool)* = const(val=False, name="17")
    %18: (bool)* = const(val=False, name="18")
    %19: (bool)* = const(val=True, name="19")
    %20_pad_type_65: (str)* = const(val="custom", name="20_pad_type_65")
    %20_pad_65: (4,i32)* = const(val=[1, 1, 1, 1], name="20_pad_65")
    %20: (1, 1, 7, 9, fp32) = conv(x=%input, weight=%1, bias=%2, strides=%21, pad_type=%20_pad_type_65, pad=%20_pad_65, dilations=%23, groups=%16, name="20")
  } -> (%20)
}

[20200630 16:33:20 INFO /Volumes/data/work/1duo-coremltools/coremltools/converters/mil/mil/passes/common_pass.py:34] Performing pass: "common::const_elimination"
[20200630 16:33:20 INFO /Volumes/data/work/1duo-coremltools/coremltools/converters/mil/mil/passes/common_pass.py:34] Performing pass: "common::divide_to_multiply"
[20200630 16:33:20 INFO /Volumes/data/work/1duo-coremltools/coremltools/converters/mil/mil/passes/common_pass.py:34] Performing pass: "common::fuse_matmul_weight_bias"
[20200630 16:33:20 INFO /Volumes/data/work/1duo-coremltools/coremltools/converters/mil/mil/passes/common_pass.py:34] Performing pass: "common::const_elimination"
[20200630 16:33:20 INFO /Volumes/data/work/1duo-coremltools/coremltools/converters/mil/mil/passes/common_pass.py:34] Performing pass: "common::loop_invariant_elimination"
[20200630 16:33:20 INFO /Volumes/data/work/1duo-coremltools/coremltools/converters/mil/mil/passes/common_pass.py:34] Performing pass: "common::remove_symbolic_reshape"
[20200630 16:33:20 INFO /Volumes/data/work/1duo-coremltools/coremltools/converters/mil/mil/passes/remove_symbolic_reshape.py:104] remove_symbolic_reshape: changed 0 reshapes.
[20200630 16:33:20 INFO /Volumes/data/work/1duo-coremltools/coremltools/converters/mil/mil/passes/common_pass.py:34] Performing pass: "common::fuse_gelu_tanh_approximation"
[20200630 16:33:20 INFO /Volumes/data/work/1duo-coremltools/coremltools/converters/mil/mil/passes/common_pass.py:34] Performing pass: "common::reduce_transposes"
[20200630 16:33:20 DEBUG /Volumes/data/work/1duo-coremltools/coremltools/converters/mil/mil/passes/reduce_transposes.py:989] Block before optimize transpose transform:
function(%input: (1, 1, 5, 7, fp32)) {
  block84() {
    %1: (1, 1, 1, 1, fp32)* = const(val=[[[[0.3820610046386719]]]], name="1")
    %2: (1,fp32)* = const(val=[0.6057614088058472], name="2")
    %21: (2,i32)* = const(val=[1, 1], name="21")
    %22: (2,i32)* = const(val=[1, 1], name="22")
    %23: (2,i32)* = const(val=[3, 3], name="23")
    %12: (bool)* = const(val=False, name="12")
    %24: (2,i32)* = const(val=[0, 0], name="24")
    %16: (i32)* = const(val=1, name="16")
    %17: (bool)* = const(val=False, name="17")
    %18: (bool)* = const(val=False, name="18")
    %19: (bool)* = const(val=True, name="19")
    %20_pad_type_65: (str)* = const(val="custom", name="20_pad_type_65")
    %20_pad_65: (4,i32)* = const(val=[1, 1, 1, 1], name="20_pad_65")
    %20: (1, 1, 7, 9, fp32) = conv(x=%input, weight=%1, bias=%2, strides=%21, pad_type=%20_pad_type_65, pad=%20_pad_65, dilations=%23, groups=%16, name="20")
  } -> (%20)
}

[20200630 16:33:20 DEBUG /Volumes/data/work/1duo-coremltools/coremltools/converters/mil/mil/passes/reduce_transposes.py:1024] Block after optimize transpose transform:
function(%input: (1, 1, 5, 7, fp32)) {
  block84() {
    %1: (1, 1, 1, 1, fp32)* = const(val=[[[[0.3820610046386719]]]], name="1")
    %2: (1,fp32)* = const(val=[0.6057614088058472], name="2")
    %21: (2,i32)* = const(val=[1, 1], name="21")
    %22: (2,i32)* = const(val=[1, 1], name="22")
    %23: (2,i32)* = const(val=[3, 3], name="23")
    %12: (bool)* = const(val=False, name="12")
    %24: (2,i32)* = const(val=[0, 0], name="24")
    %16: (i32)* = const(val=1, name="16")
    %17: (bool)* = const(val=False, name="17")
    %18: (bool)* = const(val=False, name="18")
    %19: (bool)* = const(val=True, name="19")
    %20_pad_type_65: (str)* = const(val="custom", name="20_pad_type_65")
    %20_pad_65: (4,i32)* = const(val=[1, 1, 1, 1], name="20_pad_65")
    %20: (1, 1, 7, 9, fp32) = conv(x=%input, weight=%1, bias=%2, strides=%21, pad_type=%20_pad_type_65, pad=%20_pad_65, dilations=%23, groups=%16, name="20")
  } -> (%20)
}

[20200630 16:33:20 INFO /Volumes/data/work/1duo-coremltools/coremltools/converters/mil/mil/passes/common_pass.py:34] Performing pass: "common::fuse_bias_conv"
[20200630 16:33:20 INFO /Volumes/data/work/1duo-coremltools/coremltools/converters/mil/mil/passes/common_pass.py:34] Performing pass: "common::fuse_elementwise_to_batchnorm"
[20200630 16:33:20 INFO /Volumes/data/work/1duo-coremltools/coremltools/converters/mil/mil/passes/common_pass.py:34] Performing pass: "common::fuse_onehot_matmul_to_gather"
[20200630 16:33:20 INFO /Volumes/data/work/1duo-coremltools/coremltools/converters/mil/mil/passes/common_pass.py:34] Performing pass: "common::fuse_layernorm_or_instancenorm"
[20200630 16:33:20 INFO /Volumes/data/work/1duo-coremltools/coremltools/converters/mil/mil/passes/common_pass.py:34] Performing pass: "common::dead_code_elimination"
[20200630 16:33:20 INFO /Volumes/data/work/1duo-coremltools/coremltools/converters/mil/mil/passes/dead_code_elimination.py:35] Removing op "19" (type: const)
[20200630 16:33:20 INFO /Volumes/data/work/1duo-coremltools/coremltools/converters/mil/mil/passes/dead_code_elimination.py:35] Removing op "18" (type: const)
[20200630 16:33:20 INFO /Volumes/data/work/1duo-coremltools/coremltools/converters/mil/mil/passes/dead_code_elimination.py:35] Removing op "17" (type: const)
[20200630 16:33:20 INFO /Volumes/data/work/1duo-coremltools/coremltools/converters/mil/mil/passes/dead_code_elimination.py:35] Removing op "24" (type: const)
[20200630 16:33:20 INFO /Volumes/data/work/1duo-coremltools/coremltools/converters/mil/mil/passes/dead_code_elimination.py:35] Removing op "12" (type: const)
[20200630 16:33:20 INFO /Volumes/data/work/1duo-coremltools/coremltools/converters/mil/mil/passes/dead_code_elimination.py:35] Removing op "22" (type: const)
[20200630 16:33:20 DEBUG /Volumes/data/work/1duo-coremltools/coremltools/converters/mil/mil/passes/common_pass.py:38] Program after common passes:
main(%input: (1, 1, 5, 7, fp32)) {
  block84() {
    %1: (1, 1, 1, 1, fp32)* = const(val=[[[[0.3820610046386719]]]], name="1")
    %2: (1,fp32)* = const(val=[0.6057614088058472], name="2")
    %21: (2,i32)* = const(val=[1, 1], name="21")
    %23: (2,i32)* = const(val=[3, 3], name="23")
    %16: (i32)* = const(val=1, name="16")
    %20_pad_type_65: (str)* = const(val="custom", name="20_pad_type_65")
    %20_pad_65: (4,i32)* = const(val=[1, 1, 1, 1], name="20_pad_65")
    %20: (1, 1, 7, 9, fp32) = conv(x=%input, weight=%1, bias=%2, strides=%21, pad_type=%20_pad_type_65, pad=%20_pad_65, dilations=%23, groups=%16, name="20")
  } -> (%20)
}

[20200630 16:33:20 INFO /Volumes/data/work/1duo-coremltools/coremltools/converters/mil/backend/nn/passes/nn_passes.py:22] Performing passes for nn_backend: "nn_backend::commingle_loop_vars"
[20200630 16:33:20 INFO /Volumes/data/work/1duo-coremltools/coremltools/converters/mil/backend/nn/passes/nn_passes.py:22] Performing passes for nn_backend: "nn_backend::handle_return_inputs_as_outputs"
[20200630 16:33:20 INFO /Volumes/data/work/1duo-coremltools/coremltools/converters/mil/backend/nn/passes/nn_passes.py:22] Performing passes for nn_backend: "common::const_elimination"
[20200630 16:33:20 INFO /Volumes/data/work/1duo-coremltools/coremltools/converters/mil/backend/nn/passes/nn_passes.py:22] Performing passes for nn_backend: "common::dead_code_elimination"
[20200630 16:33:20 INFO /Volumes/data/work/1duo-coremltools/coremltools/converters/mil/backend/nn/passes/nn_passes.py:22] Performing passes for nn_backend: "nn_backend::handle_unused_inputs"
[20200630 16:33:20 INFO /Volumes/data/work/1duo-coremltools/coremltools/converters/mil/backend/nn/passes/nn_passes.py:22] Performing passes for nn_backend: "nn_backend::alert_return_type_cast"
[20200630 16:33:20 DEBUG /Volumes/data/work/1duo-coremltools/coremltools/converters/mil/backend/nn/passes/nn_passes.py:26] Program after nn backend passes:
main(%input: (1, 1, 5, 7, fp32)) {
  block84() {
    %1: (1, 1, 1, 1, fp32)* = const(val=[[[[0.3820610046386719]]]], name="1")
    %2: (1,fp32)* = const(val=[0.6057614088058472], name="2")
    %21: (2,i32)* = const(val=[1, 1], name="21")
    %23: (2,i32)* = const(val=[3, 3], name="23")
    %16: (i32)* = const(val=1, name="16")
    %20_pad_type_65: (str)* = const(val="custom", name="20_pad_type_65")
    %20_pad_65: (4,i32)* = const(val=[1, 1, 1, 1], name="20_pad_65")
    %20: (1, 1, 7, 9, fp32) = conv(x=%input, weight=%1, bias=%2, strides=%21, pad_type=%20_pad_type_65, pad=%20_pad_65, dilations=%23, groups=%16, name="20")
  } -> (%20)
}

[20200630 16:33:20 INFO /Volumes/data/work/1duo-coremltools/coremltools/converters/mil/frontend/torch/converter.py:269] Converting graph.
[20200630 16:33:20 INFO /Volumes/data/work/1duo-coremltools/coremltools/converters/mil/mil/builder.py:181] Adding op '1' of type const
[20200630 16:33:20 INFO /Volumes/data/work/1duo-coremltools/coremltools/converters/mil/mil/builder.py:181] Adding op '2' of type const
[20200630 16:33:20 INFO /Volumes/data/work/1duo-coremltools/coremltools/converters/mil/frontend/torch/ops.py:49] Converting op 21 : constant
[20200630 16:33:20 INFO /Volumes/data/work/1duo-coremltools/coremltools/converters/mil/mil/builder.py:181] Adding op '21' of type const
[20200630 16:33:20 INFO /Volumes/data/work/1duo-coremltools/coremltools/converters/mil/frontend/torch/ops.py:49] Converting op 22 : constant
[20200630 16:33:20 INFO /Volumes/data/work/1duo-coremltools/coremltools/converters/mil/mil/builder.py:181] Adding op '22' of type const
[20200630 16:33:20 INFO /Volumes/data/work/1duo-coremltools/coremltools/converters/mil/frontend/torch/ops.py:49] Converting op 23 : constant
[20200630 16:33:20 INFO /Volumes/data/work/1duo-coremltools/coremltools/converters/mil/mil/builder.py:181] Adding op '23' of type const
[20200630 16:33:20 INFO /Volumes/data/work/1duo-coremltools/coremltools/converters/mil/frontend/torch/ops.py:49] Converting op 12 : constant
[20200630 16:33:20 INFO /Volumes/data/work/1duo-coremltools/coremltools/converters/mil/mil/builder.py:181] Adding op '12' of type const
[20200630 16:33:20 INFO /Volumes/data/work/1duo-coremltools/coremltools/converters/mil/frontend/torch/ops.py:49] Converting op 24 : constant
[20200630 16:33:20 INFO /Volumes/data/work/1duo-coremltools/coremltools/converters/mil/mil/builder.py:181] Adding op '24' of type const
[20200630 16:33:20 INFO /Volumes/data/work/1duo-coremltools/coremltools/converters/mil/frontend/torch/ops.py:49] Converting op 16 : constant
[20200630 16:33:20 INFO /Volumes/data/work/1duo-coremltools/coremltools/converters/mil/mil/builder.py:181] Adding op '16' of type const
[20200630 16:33:20 INFO /Volumes/data/work/1duo-coremltools/coremltools/converters/mil/frontend/torch/ops.py:49] Converting op 17 : constant
[20200630 16:33:20 INFO /Volumes/data/work/1duo-coremltools/coremltools/converters/mil/mil/builder.py:181] Adding op '17' of type const
[20200630 16:33:20 INFO /Volumes/data/work/1duo-coremltools/coremltools/converters/mil/frontend/torch/ops.py:49] Converting op 18 : constant
[20200630 16:33:20 INFO /Volumes/data/work/1duo-coremltools/coremltools/converters/mil/mil/builder.py:181] Adding op '18' of type const
[20200630 16:33:20 INFO /Volumes/data/work/1duo-coremltools/coremltools/converters/mil/frontend/torch/ops.py:49] Converting op 19 : constant
[20200630 16:33:20 INFO /Volumes/data/work/1duo-coremltools/coremltools/converters/mil/mil/builder.py:181] Adding op '19' of type const
[20200630 16:33:20 INFO /Volumes/data/work/1duo-coremltools/coremltools/converters/mil/frontend/torch/ops.py:49] Converting op 20 : _convolution
[20200630 16:33:20 INFO /Volumes/data/work/1duo-coremltools/coremltools/converters/mil/mil/builder.py:181] Adding op '20' of type conv
[20200630 16:33:20 DEBUG /Volumes/data/work/1duo-coremltools/coremltools/converters/mil/mil/builder.py:93] Adding const op '20_pad_type_66'
[20200630 16:33:20 INFO /Volumes/data/work/1duo-coremltools/coremltools/converters/mil/mil/builder.py:181] Adding op '20_pad_type_66' of type const
[20200630 16:33:20 DEBUG /Volumes/data/work/1duo-coremltools/coremltools/converters/mil/mil/builder.py:93] Adding const op '20_pad_66'
[20200630 16:33:20 INFO /Volumes/data/work/1duo-coremltools/coremltools/converters/mil/mil/builder.py:181] Adding op '20_pad_66' of type const
[20200630 16:33:20 DEBUG /Volumes/data/work/1duo-coremltools/coremltools/converters/mil/mil/passes/common_pass.py:30] Program before common passes:
main(%input: (1, 1, 5, 7, fp32)) {
  block85() {
    %1: (1, 1, 1, 1, fp32)* = const(val=[[[[-0.6276475191116333]]]], name="1")
    %2: (1,fp32)* = const(val=[-0.8038604259490967], name="2")
    %21: (2,i32)* = const(val=[1, 1], name="21")
    %22: (2,i32)* = const(val=[3, 3], name="22")
    %23: (2,i32)* = const(val=[1, 1], name="23")
    %12: (bool)* = const(val=False, name="12")
    %24: (2,i32)* = const(val=[0, 0], name="24")
    %16: (i32)* = const(val=1, name="16")
    %17: (bool)* = const(val=False, name="17")
    %18: (bool)* = const(val=False, name="18")
    %19: (bool)* = const(val=True, name="19")
    %20_pad_type_66: (str)* = const(val="custom", name="20_pad_type_66")
    %20_pad_66: (4,i32)* = const(val=[3, 3, 3, 3], name="20_pad_66")
    %20: (1, 1, 11, 13, fp32) = conv(x=%input, weight=%1, bias=%2, strides=%21, pad_type=%20_pad_type_66, pad=%20_pad_66, dilations=%23, groups=%16, name="20")
  } -> (%20)
}

[20200630 16:33:20 INFO /Volumes/data/work/1duo-coremltools/coremltools/converters/mil/mil/passes/common_pass.py:34] Performing pass: "common::const_elimination"
[20200630 16:33:20 INFO /Volumes/data/work/1duo-coremltools/coremltools/converters/mil/mil/passes/common_pass.py:34] Performing pass: "common::divide_to_multiply"
[20200630 16:33:20 INFO /Volumes/data/work/1duo-coremltools/coremltools/converters/mil/mil/passes/common_pass.py:34] Performing pass: "common::fuse_matmul_weight_bias"
[20200630 16:33:20 INFO /Volumes/data/work/1duo-coremltools/coremltools/converters/mil/mil/passes/common_pass.py:34] Performing pass: "common::const_elimination"
[20200630 16:33:20 INFO /Volumes/data/work/1duo-coremltools/coremltools/converters/mil/mil/passes/common_pass.py:34] Performing pass: "common::loop_invariant_elimination"
[20200630 16:33:20 INFO /Volumes/data/work/1duo-coremltools/coremltools/converters/mil/mil/passes/common_pass.py:34] Performing pass: "common::remove_symbolic_reshape"
[20200630 16:33:20 INFO /Volumes/data/work/1duo-coremltools/coremltools/converters/mil/mil/passes/remove_symbolic_reshape.py:104] remove_symbolic_reshape: changed 0 reshapes.
[20200630 16:33:20 INFO /Volumes/data/work/1duo-coremltools/coremltools/converters/mil/mil/passes/common_pass.py:34] Performing pass: "common::fuse_gelu_tanh_approximation"
[20200630 16:33:20 INFO /Volumes/data/work/1duo-coremltools/coremltools/converters/mil/mil/passes/common_pass.py:34] Performing pass: "common::reduce_transposes"
[20200630 16:33:20 DEBUG /Volumes/data/work/1duo-coremltools/coremltools/converters/mil/mil/passes/reduce_transposes.py:989] Block before optimize transpose transform:
function(%input: (1, 1, 5, 7, fp32)) {
  block85() {
    %1: (1, 1, 1, 1, fp32)* = const(val=[[[[-0.6276475191116333]]]], name="1")
    %2: (1,fp32)* = const(val=[-0.8038604259490967], name="2")
    %21: (2,i32)* = const(val=[1, 1], name="21")
    %22: (2,i32)* = const(val=[3, 3], name="22")
    %23: (2,i32)* = const(val=[1, 1], name="23")
    %12: (bool)* = const(val=False, name="12")
    %24: (2,i32)* = const(val=[0, 0], name="24")
    %16: (i32)* = const(val=1, name="16")
    %17: (bool)* = const(val=False, name="17")
    %18: (bool)* = const(val=False, name="18")
    %19: (bool)* = const(val=True, name="19")
    %20_pad_type_66: (str)* = const(val="custom", name="20_pad_type_66")
    %20_pad_66: (4,i32)* = const(val=[3, 3, 3, 3], name="20_pad_66")
    %20: (1, 1, 11, 13, fp32) = conv(x=%input, weight=%1, bias=%2, strides=%21, pad_type=%20_pad_type_66, pad=%20_pad_66, dilations=%23, groups=%16, name="20")
  } -> (%20)
}

[20200630 16:33:20 DEBUG /Volumes/data/work/1duo-coremltools/coremltools/converters/mil/mil/passes/reduce_transposes.py:1024] Block after optimize transpose transform:
function(%input: (1, 1, 5, 7, fp32)) {
  block85() {
    %1: (1, 1, 1, 1, fp32)* = const(val=[[[[-0.6276475191116333]]]], name="1")
    %2: (1,fp32)* = const(val=[-0.8038604259490967], name="2")
    %21: (2,i32)* = const(val=[1, 1], name="21")
    %22: (2,i32)* = const(val=[3, 3], name="22")
    %23: (2,i32)* = const(val=[1, 1], name="23")
    %12: (bool)* = const(val=False, name="12")
    %24: (2,i32)* = const(val=[0, 0], name="24")
    %16: (i32)* = const(val=1, name="16")
    %17: (bool)* = const(val=False, name="17")
    %18: (bool)* = const(val=False, name="18")
    %19: (bool)* = const(val=True, name="19")
    %20_pad_type_66: (str)* = const(val="custom", name="20_pad_type_66")
    %20_pad_66: (4,i32)* = const(val=[3, 3, 3, 3], name="20_pad_66")
    %20: (1, 1, 11, 13, fp32) = conv(x=%input, weight=%1, bias=%2, strides=%21, pad_type=%20_pad_type_66, pad=%20_pad_66, dilations=%23, groups=%16, name="20")
  } -> (%20)
}

[20200630 16:33:20 INFO /Volumes/data/work/1duo-coremltools/coremltools/converters/mil/mil/passes/common_pass.py:34] Performing pass: "common::fuse_bias_conv"
[20200630 16:33:20 INFO /Volumes/data/work/1duo-coremltools/coremltools/converters/mil/mil/passes/common_pass.py:34] Performing pass: "common::fuse_elementwise_to_batchnorm"
[20200630 16:33:20 INFO /Volumes/data/work/1duo-coremltools/coremltools/converters/mil/mil/passes/common_pass.py:34] Performing pass: "common::fuse_onehot_matmul_to_gather"
[20200630 16:33:20 INFO /Volumes/data/work/1duo-coremltools/coremltools/converters/mil/mil/passes/common_pass.py:34] Performing pass: "common::fuse_layernorm_or_instancenorm"
[20200630 16:33:20 INFO /Volumes/data/work/1duo-coremltools/coremltools/converters/mil/mil/passes/common_pass.py:34] Performing pass: "common::dead_code_elimination"
[20200630 16:33:20 INFO /Volumes/data/work/1duo-coremltools/coremltools/converters/mil/mil/passes/dead_code_elimination.py:35] Removing op "19" (type: const)
[20200630 16:33:20 INFO /Volumes/data/work/1duo-coremltools/coremltools/converters/mil/mil/passes/dead_code_elimination.py:35] Removing op "18" (type: const)
[20200630 16:33:20 INFO /Volumes/data/work/1duo-coremltools/coremltools/converters/mil/mil/passes/dead_code_elimination.py:35] Removing op "17" (type: const)
[20200630 16:33:20 INFO /Volumes/data/work/1duo-coremltools/coremltools/converters/mil/mil/passes/dead_code_elimination.py:35] Removing op "24" (type: const)
[20200630 16:33:20 INFO /Volumes/data/work/1duo-coremltools/coremltools/converters/mil/mil/passes/dead_code_elimination.py:35] Removing op "12" (type: const)
[20200630 16:33:20 INFO /Volumes/data/work/1duo-coremltools/coremltools/converters/mil/mil/passes/dead_code_elimination.py:35] Removing op "22" (type: const)
[20200630 16:33:20 DEBUG /Volumes/data/work/1duo-coremltools/coremltools/converters/mil/mil/passes/common_pass.py:38] Program after common passes:
main(%input: (1, 1, 5, 7, fp32)) {
  block85() {
    %1: (1, 1, 1, 1, fp32)* = const(val=[[[[-0.6276475191116333]]]], name="1")
    %2: (1,fp32)* = const(val=[-0.8038604259490967], name="2")
    %21: (2,i32)* = const(val=[1, 1], name="21")
    %23: (2,i32)* = const(val=[1, 1], name="23")
    %16: (i32)* = const(val=1, name="16")
    %20_pad_type_66: (str)* = const(val="custom", name="20_pad_type_66")
    %20_pad_66: (4,i32)* = const(val=[3, 3, 3, 3], name="20_pad_66")
    %20: (1, 1, 11, 13, fp32) = conv(x=%input, weight=%1, bias=%2, strides=%21, pad_type=%20_pad_type_66, pad=%20_pad_66, dilations=%23, groups=%16, name="20")
  } -> (%20)
}

[20200630 16:33:20 INFO /Volumes/data/work/1duo-coremltools/coremltools/converters/mil/backend/nn/passes/nn_passes.py:22] Performing passes for nn_backend: "nn_backend::commingle_loop_vars"
[20200630 16:33:20 INFO /Volumes/data/work/1duo-coremltools/coremltools/converters/mil/backend/nn/passes/nn_passes.py:22] Performing passes for nn_backend: "nn_backend::handle_return_inputs_as_outputs"
[20200630 16:33:20 INFO /Volumes/data/work/1duo-coremltools/coremltools/converters/mil/backend/nn/passes/nn_passes.py:22] Performing passes for nn_backend: "common::const_elimination"
[20200630 16:33:20 INFO /Volumes/data/work/1duo-coremltools/coremltools/converters/mil/backend/nn/passes/nn_passes.py:22] Performing passes for nn_backend: "common::dead_code_elimination"
[20200630 16:33:20 INFO /Volumes/data/work/1duo-coremltools/coremltools/converters/mil/backend/nn/passes/nn_passes.py:22] Performing passes for nn_backend: "nn_backend::handle_unused_inputs"
[20200630 16:33:20 INFO /Volumes/data/work/1duo-coremltools/coremltools/converters/mil/backend/nn/passes/nn_passes.py:22] Performing passes for nn_backend: "nn_backend::alert_return_type_cast"
[20200630 16:33:20 DEBUG /Volumes/data/work/1duo-coremltools/coremltools/converters/mil/backend/nn/passes/nn_passes.py:26] Program after nn backend passes:
main(%input: (1, 1, 5, 7, fp32)) {
  block85() {
    %1: (1, 1, 1, 1, fp32)* = const(val=[[[[-0.6276475191116333]]]], name="1")
    %2: (1,fp32)* = const(val=[-0.8038604259490967], name="2")
    %21: (2,i32)* = const(val=[1, 1], name="21")
    %23: (2,i32)* = const(val=[1, 1], name="23")
    %16: (i32)* = const(val=1, name="16")
    %20_pad_type_66: (str)* = const(val="custom", name="20_pad_type_66")
    %20_pad_66: (4,i32)* = const(val=[3, 3, 3, 3], name="20_pad_66")
    %20: (1, 1, 11, 13, fp32) = conv(x=%input, weight=%1, bias=%2, strides=%21, pad_type=%20_pad_type_66, pad=%20_pad_66, dilations=%23, groups=%16, name="20")
  } -> (%20)
}

[20200630 16:33:21 INFO /Volumes/data/work/1duo-coremltools/coremltools/converters/mil/frontend/torch/converter.py:269] Converting graph.
[20200630 16:33:21 INFO /Volumes/data/work/1duo-coremltools/coremltools/converters/mil/mil/builder.py:181] Adding op '1' of type const
[20200630 16:33:21 INFO /Volumes/data/work/1duo-coremltools/coremltools/converters/mil/mil/builder.py:181] Adding op '2' of type const
[20200630 16:33:21 INFO /Volumes/data/work/1duo-coremltools/coremltools/converters/mil/frontend/torch/ops.py:49] Converting op 21 : constant
[20200630 16:33:21 INFO /Volumes/data/work/1duo-coremltools/coremltools/converters/mil/mil/builder.py:181] Adding op '21' of type const
[20200630 16:33:21 INFO /Volumes/data/work/1duo-coremltools/coremltools/converters/mil/frontend/torch/ops.py:49] Converting op 22 : constant
[20200630 16:33:21 INFO /Volumes/data/work/1duo-coremltools/coremltools/converters/mil/mil/builder.py:181] Adding op '22' of type const
[20200630 16:33:21 INFO /Volumes/data/work/1duo-coremltools/coremltools/converters/mil/frontend/torch/ops.py:49] Converting op 23 : constant
[20200630 16:33:21 INFO /Volumes/data/work/1duo-coremltools/coremltools/converters/mil/mil/builder.py:181] Adding op '23' of type const
[20200630 16:33:21 INFO /Volumes/data/work/1duo-coremltools/coremltools/converters/mil/frontend/torch/ops.py:49] Converting op 12 : constant
[20200630 16:33:21 INFO /Volumes/data/work/1duo-coremltools/coremltools/converters/mil/mil/builder.py:181] Adding op '12' of type const
[20200630 16:33:21 INFO /Volumes/data/work/1duo-coremltools/coremltools/converters/mil/frontend/torch/ops.py:49] Converting op 24 : constant
[20200630 16:33:21 INFO /Volumes/data/work/1duo-coremltools/coremltools/converters/mil/mil/builder.py:181] Adding op '24' of type const
[20200630 16:33:21 INFO /Volumes/data/work/1duo-coremltools/coremltools/converters/mil/frontend/torch/ops.py:49] Converting op 16 : constant
[20200630 16:33:21 INFO /Volumes/data/work/1duo-coremltools/coremltools/converters/mil/mil/builder.py:181] Adding op '16' of type const
[20200630 16:33:21 INFO /Volumes/data/work/1duo-coremltools/coremltools/converters/mil/frontend/torch/ops.py:49] Converting op 17 : constant
[20200630 16:33:21 INFO /Volumes/data/work/1duo-coremltools/coremltools/converters/mil/mil/builder.py:181] Adding op '17' of type const
[20200630 16:33:21 INFO /Volumes/data/work/1duo-coremltools/coremltools/converters/mil/frontend/torch/ops.py:49] Converting op 18 : constant
[20200630 16:33:21 INFO /Volumes/data/work/1duo-coremltools/coremltools/converters/mil/mil/builder.py:181] Adding op '18' of type const
[20200630 16:33:21 INFO /Volumes/data/work/1duo-coremltools/coremltools/converters/mil/frontend/torch/ops.py:49] Converting op 19 : constant
[20200630 16:33:21 INFO /Volumes/data/work/1duo-coremltools/coremltools/converters/mil/mil/builder.py:181] Adding op '19' of type const
[20200630 16:33:21 INFO /Volumes/data/work/1duo-coremltools/coremltools/converters/mil/frontend/torch/ops.py:49] Converting op 20 : _convolution
[20200630 16:33:21 INFO /Volumes/data/work/1duo-coremltools/coremltools/converters/mil/mil/builder.py:181] Adding op '20' of type conv
[20200630 16:33:21 DEBUG /Volumes/data/work/1duo-coremltools/coremltools/converters/mil/mil/builder.py:93] Adding const op '20_pad_type_67'
[20200630 16:33:21 INFO /Volumes/data/work/1duo-coremltools/coremltools/converters/mil/mil/builder.py:181] Adding op '20_pad_type_67' of type const
[20200630 16:33:21 DEBUG /Volumes/data/work/1duo-coremltools/coremltools/converters/mil/mil/builder.py:93] Adding const op '20_pad_67'
[20200630 16:33:21 INFO /Volumes/data/work/1duo-coremltools/coremltools/converters/mil/mil/builder.py:181] Adding op '20_pad_67' of type const
[20200630 16:33:21 DEBUG /Volumes/data/work/1duo-coremltools/coremltools/converters/mil/mil/passes/common_pass.py:30] Program before common passes:
main(%input: (1, 1, 5, 7, fp32)) {
  block86() {
    %1: (1, 1, 1, 1, fp32)* = const(val=[[[[-0.4041541814804077]]]], name="1")
    %2: (1,fp32)* = const(val=[-0.5474859476089478], name="2")
    %21: (2,i32)* = const(val=[1, 1], name="21")
    %22: (2,i32)* = const(val=[3, 3], name="22")
    %23: (2,i32)* = const(val=[3, 3], name="23")
    %12: (bool)* = const(val=False, name="12")
    %24: (2,i32)* = const(val=[0, 0], name="24")
    %16: (i32)* = const(val=1, name="16")
    %17: (bool)* = const(val=False, name="17")
    %18: (bool)* = const(val=False, name="18")
    %19: (bool)* = const(val=True, name="19")
    %20_pad_type_67: (str)* = const(val="custom", name="20_pad_type_67")
    %20_pad_67: (4,i32)* = const(val=[3, 3, 3, 3], name="20_pad_67")
    %20: (1, 1, 11, 13, fp32) = conv(x=%input, weight=%1, bias=%2, strides=%21, pad_type=%20_pad_type_67, pad=%20_pad_67, dilations=%23, groups=%16, name="20")
  } -> (%20)
}

[20200630 16:33:21 INFO /Volumes/data/work/1duo-coremltools/coremltools/converters/mil/mil/passes/common_pass.py:34] Performing pass: "common::const_elimination"
[20200630 16:33:21 INFO /Volumes/data/work/1duo-coremltools/coremltools/converters/mil/mil/passes/common_pass.py:34] Performing pass: "common::divide_to_multiply"
[20200630 16:33:21 INFO /Volumes/data/work/1duo-coremltools/coremltools/converters/mil/mil/passes/common_pass.py:34] Performing pass: "common::fuse_matmul_weight_bias"
[20200630 16:33:21 INFO /Volumes/data/work/1duo-coremltools/coremltools/converters/mil/mil/passes/common_pass.py:34] Performing pass: "common::const_elimination"
[20200630 16:33:21 INFO /Volumes/data/work/1duo-coremltools/coremltools/converters/mil/mil/passes/common_pass.py:34] Performing pass: "common::loop_invariant_elimination"
[20200630 16:33:21 INFO /Volumes/data/work/1duo-coremltools/coremltools/converters/mil/mil/passes/common_pass.py:34] Performing pass: "common::remove_symbolic_reshape"
[20200630 16:33:21 INFO /Volumes/data/work/1duo-coremltools/coremltools/converters/mil/mil/passes/remove_symbolic_reshape.py:104] remove_symbolic_reshape: changed 0 reshapes.
[20200630 16:33:21 INFO /Volumes/data/work/1duo-coremltools/coremltools/converters/mil/mil/passes/common_pass.py:34] Performing pass: "common::fuse_gelu_tanh_approximation"
[20200630 16:33:21 INFO /Volumes/data/work/1duo-coremltools/coremltools/converters/mil/mil/passes/common_pass.py:34] Performing pass: "common::reduce_transposes"
[20200630 16:33:21 DEBUG /Volumes/data/work/1duo-coremltools/coremltools/converters/mil/mil/passes/reduce_transposes.py:989] Block before optimize transpose transform:
function(%input: (1, 1, 5, 7, fp32)) {
  block86() {
    %1: (1, 1, 1, 1, fp32)* = const(val=[[[[-0.4041541814804077]]]], name="1")
    %2: (1,fp32)* = const(val=[-0.5474859476089478], name="2")
    %21: (2,i32)* = const(val=[1, 1], name="21")
    %22: (2,i32)* = const(val=[3, 3], name="22")
    %23: (2,i32)* = const(val=[3, 3], name="23")
    %12: (bool)* = const(val=False, name="12")
    %24: (2,i32)* = const(val=[0, 0], name="24")
    %16: (i32)* = const(val=1, name="16")
    %17: (bool)* = const(val=False, name="17")
    %18: (bool)* = const(val=False, name="18")
    %19: (bool)* = const(val=True, name="19")
    %20_pad_type_67: (str)* = const(val="custom", name="20_pad_type_67")
    %20_pad_67: (4,i32)* = const(val=[3, 3, 3, 3], name="20_pad_67")
    %20: (1, 1, 11, 13, fp32) = conv(x=%input, weight=%1, bias=%2, strides=%21, pad_type=%20_pad_type_67, pad=%20_pad_67, dilations=%23, groups=%16, name="20")
  } -> (%20)
}

[20200630 16:33:21 DEBUG /Volumes/data/work/1duo-coremltools/coremltools/converters/mil/mil/passes/reduce_transposes.py:1024] Block after optimize transpose transform:
function(%input: (1, 1, 5, 7, fp32)) {
  block86() {
    %1: (1, 1, 1, 1, fp32)* = const(val=[[[[-0.4041541814804077]]]], name="1")
    %2: (1,fp32)* = const(val=[-0.5474859476089478], name="2")
    %21: (2,i32)* = const(val=[1, 1], name="21")
    %22: (2,i32)* = const(val=[3, 3], name="22")
    %23: (2,i32)* = const(val=[3, 3], name="23")
    %12: (bool)* = const(val=False, name="12")
    %24: (2,i32)* = const(val=[0, 0], name="24")
    %16: (i32)* = const(val=1, name="16")
    %17: (bool)* = const(val=False, name="17")
    %18: (bool)* = const(val=False, name="18")
    %19: (bool)* = const(val=True, name="19")
    %20_pad_type_67: (str)* = const(val="custom", name="20_pad_type_67")
    %20_pad_67: (4,i32)* = const(val=[3, 3, 3, 3], name="20_pad_67")
    %20: (1, 1, 11, 13, fp32) = conv(x=%input, weight=%1, bias=%2, strides=%21, pad_type=%20_pad_type_67, pad=%20_pad_67, dilations=%23, groups=%16, name="20")
  } -> (%20)
}

[20200630 16:33:21 INFO /Volumes/data/work/1duo-coremltools/coremltools/converters/mil/mil/passes/common_pass.py:34] Performing pass: "common::fuse_bias_conv"
[20200630 16:33:21 INFO /Volumes/data/work/1duo-coremltools/coremltools/converters/mil/mil/passes/common_pass.py:34] Performing pass: "common::fuse_elementwise_to_batchnorm"
[20200630 16:33:21 INFO /Volumes/data/work/1duo-coremltools/coremltools/converters/mil/mil/passes/common_pass.py:34] Performing pass: "common::fuse_onehot_matmul_to_gather"
[20200630 16:33:21 INFO /Volumes/data/work/1duo-coremltools/coremltools/converters/mil/mil/passes/common_pass.py:34] Performing pass: "common::fuse_layernorm_or_instancenorm"
[20200630 16:33:21 INFO /Volumes/data/work/1duo-coremltools/coremltools/converters/mil/mil/passes/common_pass.py:34] Performing pass: "common::dead_code_elimination"
[20200630 16:33:21 INFO /Volumes/data/work/1duo-coremltools/coremltools/converters/mil/mil/passes/dead_code_elimination.py:35] Removing op "19" (type: const)
[20200630 16:33:21 INFO /Volumes/data/work/1duo-coremltools/coremltools/converters/mil/mil/passes/dead_code_elimination.py:35] Removing op "18" (type: const)
[20200630 16:33:21 INFO /Volumes/data/work/1duo-coremltools/coremltools/converters/mil/mil/passes/dead_code_elimination.py:35] Removing op "17" (type: const)
[20200630 16:33:21 INFO /Volumes/data/work/1duo-coremltools/coremltools/converters/mil/mil/passes/dead_code_elimination.py:35] Removing op "24" (type: const)
[20200630 16:33:21 INFO /Volumes/data/work/1duo-coremltools/coremltools/converters/mil/mil/passes/dead_code_elimination.py:35] Removing op "12" (type: const)
[20200630 16:33:21 INFO /Volumes/data/work/1duo-coremltools/coremltools/converters/mil/mil/passes/dead_code_elimination.py:35] Removing op "22" (type: const)
[20200630 16:33:21 DEBUG /Volumes/data/work/1duo-coremltools/coremltools/converters/mil/mil/passes/common_pass.py:38] Program after common passes:
main(%input: (1, 1, 5, 7, fp32)) {
  block86() {
    %1: (1, 1, 1, 1, fp32)* = const(val=[[[[-0.4041541814804077]]]], name="1")
    %2: (1,fp32)* = const(val=[-0.5474859476089478], name="2")
    %21: (2,i32)* = const(val=[1, 1], name="21")
    %23: (2,i32)* = const(val=[3, 3], name="23")
    %16: (i32)* = const(val=1, name="16")
    %20_pad_type_67: (str)* = const(val="custom", name="20_pad_type_67")
    %20_pad_67: (4,i32)* = const(val=[3, 3, 3, 3], name="20_pad_67")
    %20: (1, 1, 11, 13, fp32) = conv(x=%input, weight=%1, bias=%2, strides=%21, pad_type=%20_pad_type_67, pad=%20_pad_67, dilations=%23, groups=%16, name="20")
  } -> (%20)
}

[20200630 16:33:21 INFO /Volumes/data/work/1duo-coremltools/coremltools/converters/mil/backend/nn/passes/nn_passes.py:22] Performing passes for nn_backend: "nn_backend::commingle_loop_vars"
[20200630 16:33:21 INFO /Volumes/data/work/1duo-coremltools/coremltools/converters/mil/backend/nn/passes/nn_passes.py:22] Performing passes for nn_backend: "nn_backend::handle_return_inputs_as_outputs"
[20200630 16:33:21 INFO /Volumes/data/work/1duo-coremltools/coremltools/converters/mil/backend/nn/passes/nn_passes.py:22] Performing passes for nn_backend: "common::const_elimination"
[20200630 16:33:21 INFO /Volumes/data/work/1duo-coremltools/coremltools/converters/mil/backend/nn/passes/nn_passes.py:22] Performing passes for nn_backend: "common::dead_code_elimination"
[20200630 16:33:21 INFO /Volumes/data/work/1duo-coremltools/coremltools/converters/mil/backend/nn/passes/nn_passes.py:22] Performing passes for nn_backend: "nn_backend::handle_unused_inputs"
[20200630 16:33:21 INFO /Volumes/data/work/1duo-coremltools/coremltools/converters/mil/backend/nn/passes/nn_passes.py:22] Performing passes for nn_backend: "nn_backend::alert_return_type_cast"
[20200630 16:33:21 DEBUG /Volumes/data/work/1duo-coremltools/coremltools/converters/mil/backend/nn/passes/nn_passes.py:26] Program after nn backend passes:
main(%input: (1, 1, 5, 7, fp32)) {
  block86() {
    %1: (1, 1, 1, 1, fp32)* = const(val=[[[[-0.4041541814804077]]]], name="1")
    %2: (1,fp32)* = const(val=[-0.5474859476089478], name="2")
    %21: (2,i32)* = const(val=[1, 1], name="21")
    %23: (2,i32)* = const(val=[3, 3], name="23")
    %16: (i32)* = const(val=1, name="16")
    %20_pad_type_67: (str)* = const(val="custom", name="20_pad_type_67")
    %20_pad_67: (4,i32)* = const(val=[3, 3, 3, 3], name="20_pad_67")
    %20: (1, 1, 11, 13, fp32) = conv(x=%input, weight=%1, bias=%2, strides=%21, pad_type=%20_pad_type_67, pad=%20_pad_67, dilations=%23, groups=%16, name="20")
  } -> (%20)
}

[20200630 16:33:21 INFO /Volumes/data/work/1duo-coremltools/coremltools/converters/mil/frontend/torch/converter.py:269] Converting graph.
[20200630 16:33:21 INFO /Volumes/data/work/1duo-coremltools/coremltools/converters/mil/mil/builder.py:181] Adding op '1' of type const
[20200630 16:33:21 INFO /Volumes/data/work/1duo-coremltools/coremltools/converters/mil/mil/builder.py:181] Adding op '2' of type const
[20200630 16:33:21 INFO /Volumes/data/work/1duo-coremltools/coremltools/converters/mil/frontend/torch/ops.py:49] Converting op 21 : constant
[20200630 16:33:21 INFO /Volumes/data/work/1duo-coremltools/coremltools/converters/mil/mil/builder.py:181] Adding op '21' of type const
[20200630 16:33:21 INFO /Volumes/data/work/1duo-coremltools/coremltools/converters/mil/frontend/torch/ops.py:49] Converting op 22 : constant
[20200630 16:33:21 INFO /Volumes/data/work/1duo-coremltools/coremltools/converters/mil/mil/builder.py:181] Adding op '22' of type const
[20200630 16:33:21 INFO /Volumes/data/work/1duo-coremltools/coremltools/converters/mil/frontend/torch/ops.py:49] Converting op 23 : constant
[20200630 16:33:21 INFO /Volumes/data/work/1duo-coremltools/coremltools/converters/mil/mil/builder.py:181] Adding op '23' of type const
[20200630 16:33:21 INFO /Volumes/data/work/1duo-coremltools/coremltools/converters/mil/frontend/torch/ops.py:49] Converting op 12 : constant
[20200630 16:33:21 INFO /Volumes/data/work/1duo-coremltools/coremltools/converters/mil/mil/builder.py:181] Adding op '12' of type const
[20200630 16:33:21 INFO /Volumes/data/work/1duo-coremltools/coremltools/converters/mil/frontend/torch/ops.py:49] Converting op 24 : constant
[20200630 16:33:21 INFO /Volumes/data/work/1duo-coremltools/coremltools/converters/mil/mil/builder.py:181] Adding op '24' of type const
[20200630 16:33:21 INFO /Volumes/data/work/1duo-coremltools/coremltools/converters/mil/frontend/torch/ops.py:49] Converting op 16 : constant
[20200630 16:33:21 INFO /Volumes/data/work/1duo-coremltools/coremltools/converters/mil/mil/builder.py:181] Adding op '16' of type const
[20200630 16:33:21 INFO /Volumes/data/work/1duo-coremltools/coremltools/converters/mil/frontend/torch/ops.py:49] Converting op 17 : constant
[20200630 16:33:21 INFO /Volumes/data/work/1duo-coremltools/coremltools/converters/mil/mil/builder.py:181] Adding op '17' of type const
[20200630 16:33:21 INFO /Volumes/data/work/1duo-coremltools/coremltools/converters/mil/frontend/torch/ops.py:49] Converting op 18 : constant
[20200630 16:33:21 INFO /Volumes/data/work/1duo-coremltools/coremltools/converters/mil/mil/builder.py:181] Adding op '18' of type const
[20200630 16:33:21 INFO /Volumes/data/work/1duo-coremltools/coremltools/converters/mil/frontend/torch/ops.py:49] Converting op 19 : constant
[20200630 16:33:21 INFO /Volumes/data/work/1duo-coremltools/coremltools/converters/mil/mil/builder.py:181] Adding op '19' of type const
[20200630 16:33:21 INFO /Volumes/data/work/1duo-coremltools/coremltools/converters/mil/frontend/torch/ops.py:49] Converting op 20 : _convolution
[20200630 16:33:21 INFO /Volumes/data/work/1duo-coremltools/coremltools/converters/mil/mil/builder.py:181] Adding op '20' of type conv
[20200630 16:33:21 DEBUG /Volumes/data/work/1duo-coremltools/coremltools/converters/mil/mil/builder.py:93] Adding const op '20_pad_type_68'
[20200630 16:33:21 INFO /Volumes/data/work/1duo-coremltools/coremltools/converters/mil/mil/builder.py:181] Adding op '20_pad_type_68' of type const
[20200630 16:33:21 DEBUG /Volumes/data/work/1duo-coremltools/coremltools/converters/mil/mil/builder.py:93] Adding const op '20_pad_68'
[20200630 16:33:21 INFO /Volumes/data/work/1duo-coremltools/coremltools/converters/mil/mil/builder.py:181] Adding op '20_pad_68' of type const
[20200630 16:33:21 DEBUG /Volumes/data/work/1duo-coremltools/coremltools/converters/mil/mil/passes/common_pass.py:30] Program before common passes:
main(%input: (1, 1, 5, 7, fp32)) {
  block87() {
    %1: (1, 1, 1, 1, fp32)* = const(val=[[[[0.23816931247711182]]]], name="1")
    %2: (1,fp32)* = const(val=[-0.8547178506851196], name="2")
    %21: (2,i32)* = const(val=[3, 3], name="21")
    %22: (2,i32)* = const(val=[1, 1], name="22")
    %23: (2,i32)* = const(val=[1, 1], name="23")
    %12: (bool)* = const(val=False, name="12")
    %24: (2,i32)* = const(val=[0, 0], name="24")
    %16: (i32)* = const(val=1, name="16")
    %17: (bool)* = const(val=False, name="17")
    %18: (bool)* = const(val=False, name="18")
    %19: (bool)* = const(val=True, name="19")
    %20_pad_type_68: (str)* = const(val="custom", name="20_pad_type_68")
    %20_pad_68: (4,i32)* = const(val=[1, 1, 1, 1], name="20_pad_68")
    %20: (1, 1, 3, 3, fp32) = conv(x=%input, weight=%1, bias=%2, strides=%21, pad_type=%20_pad_type_68, pad=%20_pad_68, dilations=%23, groups=%16, name="20")
  } -> (%20)
}

[20200630 16:33:21 INFO /Volumes/data/work/1duo-coremltools/coremltools/converters/mil/mil/passes/common_pass.py:34] Performing pass: "common::const_elimination"
[20200630 16:33:21 INFO /Volumes/data/work/1duo-coremltools/coremltools/converters/mil/mil/passes/common_pass.py:34] Performing pass: "common::divide_to_multiply"
[20200630 16:33:21 INFO /Volumes/data/work/1duo-coremltools/coremltools/converters/mil/mil/passes/common_pass.py:34] Performing pass: "common::fuse_matmul_weight_bias"
[20200630 16:33:21 INFO /Volumes/data/work/1duo-coremltools/coremltools/converters/mil/mil/passes/common_pass.py:34] Performing pass: "common::const_elimination"
[20200630 16:33:21 INFO /Volumes/data/work/1duo-coremltools/coremltools/converters/mil/mil/passes/common_pass.py:34] Performing pass: "common::loop_invariant_elimination"
[20200630 16:33:21 INFO /Volumes/data/work/1duo-coremltools/coremltools/converters/mil/mil/passes/common_pass.py:34] Performing pass: "common::remove_symbolic_reshape"
[20200630 16:33:21 INFO /Volumes/data/work/1duo-coremltools/coremltools/converters/mil/mil/passes/remove_symbolic_reshape.py:104] remove_symbolic_reshape: changed 0 reshapes.
[20200630 16:33:21 INFO /Volumes/data/work/1duo-coremltools/coremltools/converters/mil/mil/passes/common_pass.py:34] Performing pass: "common::fuse_gelu_tanh_approximation"
[20200630 16:33:21 INFO /Volumes/data/work/1duo-coremltools/coremltools/converters/mil/mil/passes/common_pass.py:34] Performing pass: "common::reduce_transposes"
[20200630 16:33:21 DEBUG /Volumes/data/work/1duo-coremltools/coremltools/converters/mil/mil/passes/reduce_transposes.py:989] Block before optimize transpose transform:
function(%input: (1, 1, 5, 7, fp32)) {
  block87() {
    %1: (1, 1, 1, 1, fp32)* = const(val=[[[[0.23816931247711182]]]], name="1")
    %2: (1,fp32)* = const(val=[-0.8547178506851196], name="2")
    %21: (2,i32)* = const(val=[3, 3], name="21")
    %22: (2,i32)* = const(val=[1, 1], name="22")
    %23: (2,i32)* = const(val=[1, 1], name="23")
    %12: (bool)* = const(val=False, name="12")
    %24: (2,i32)* = const(val=[0, 0], name="24")
    %16: (i32)* = const(val=1, name="16")
    %17: (bool)* = const(val=False, name="17")
    %18: (bool)* = const(val=False, name="18")
    %19: (bool)* = const(val=True, name="19")
    %20_pad_type_68: (str)* = const(val="custom", name="20_pad_type_68")
    %20_pad_68: (4,i32)* = const(val=[1, 1, 1, 1], name="20_pad_68")
    %20: (1, 1, 3, 3, fp32) = conv(x=%input, weight=%1, bias=%2, strides=%21, pad_type=%20_pad_type_68, pad=%20_pad_68, dilations=%23, groups=%16, name="20")
  } -> (%20)
}

[20200630 16:33:21 DEBUG /Volumes/data/work/1duo-coremltools/coremltools/converters/mil/mil/passes/reduce_transposes.py:1024] Block after optimize transpose transform:
function(%input: (1, 1, 5, 7, fp32)) {
  block87() {
    %1: (1, 1, 1, 1, fp32)* = const(val=[[[[0.23816931247711182]]]], name="1")
    %2: (1,fp32)* = const(val=[-0.8547178506851196], name="2")
    %21: (2,i32)* = const(val=[3, 3], name="21")
    %22: (2,i32)* = const(val=[1, 1], name="22")
    %23: (2,i32)* = const(val=[1, 1], name="23")
    %12: (bool)* = const(val=False, name="12")
    %24: (2,i32)* = const(val=[0, 0], name="24")
    %16: (i32)* = const(val=1, name="16")
    %17: (bool)* = const(val=False, name="17")
    %18: (bool)* = const(val=False, name="18")
    %19: (bool)* = const(val=True, name="19")
    %20_pad_type_68: (str)* = const(val="custom", name="20_pad_type_68")
    %20_pad_68: (4,i32)* = const(val=[1, 1, 1, 1], name="20_pad_68")
    %20: (1, 1, 3, 3, fp32) = conv(x=%input, weight=%1, bias=%2, strides=%21, pad_type=%20_pad_type_68, pad=%20_pad_68, dilations=%23, groups=%16, name="20")
  } -> (%20)
}

[20200630 16:33:21 INFO /Volumes/data/work/1duo-coremltools/coremltools/converters/mil/mil/passes/common_pass.py:34] Performing pass: "common::fuse_bias_conv"
[20200630 16:33:21 INFO /Volumes/data/work/1duo-coremltools/coremltools/converters/mil/mil/passes/common_pass.py:34] Performing pass: "common::fuse_elementwise_to_batchnorm"
[20200630 16:33:21 INFO /Volumes/data/work/1duo-coremltools/coremltools/converters/mil/mil/passes/common_pass.py:34] Performing pass: "common::fuse_onehot_matmul_to_gather"
[20200630 16:33:21 INFO /Volumes/data/work/1duo-coremltools/coremltools/converters/mil/mil/passes/common_pass.py:34] Performing pass: "common::fuse_layernorm_or_instancenorm"
[20200630 16:33:21 INFO /Volumes/data/work/1duo-coremltools/coremltools/converters/mil/mil/passes/common_pass.py:34] Performing pass: "common::dead_code_elimination"
[20200630 16:33:21 INFO /Volumes/data/work/1duo-coremltools/coremltools/converters/mil/mil/passes/dead_code_elimination.py:35] Removing op "19" (type: const)
[20200630 16:33:21 INFO /Volumes/data/work/1duo-coremltools/coremltools/converters/mil/mil/passes/dead_code_elimination.py:35] Removing op "18" (type: const)
[20200630 16:33:21 INFO /Volumes/data/work/1duo-coremltools/coremltools/converters/mil/mil/passes/dead_code_elimination.py:35] Removing op "17" (type: const)
[20200630 16:33:21 INFO /Volumes/data/work/1duo-coremltools/coremltools/converters/mil/mil/passes/dead_code_elimination.py:35] Removing op "24" (type: const)
[20200630 16:33:21 INFO /Volumes/data/work/1duo-coremltools/coremltools/converters/mil/mil/passes/dead_code_elimination.py:35] Removing op "12" (type: const)
[20200630 16:33:21 INFO /Volumes/data/work/1duo-coremltools/coremltools/converters/mil/mil/passes/dead_code_elimination.py:35] Removing op "22" (type: const)
[20200630 16:33:21 DEBUG /Volumes/data/work/1duo-coremltools/coremltools/converters/mil/mil/passes/common_pass.py:38] Program after common passes:
main(%input: (1, 1, 5, 7, fp32)) {
  block87() {
    %1: (1, 1, 1, 1, fp32)* = const(val=[[[[0.23816931247711182]]]], name="1")
    %2: (1,fp32)* = const(val=[-0.8547178506851196], name="2")
    %21: (2,i32)* = const(val=[3, 3], name="21")
    %23: (2,i32)* = const(val=[1, 1], name="23")
    %16: (i32)* = const(val=1, name="16")
    %20_pad_type_68: (str)* = const(val="custom", name="20_pad_type_68")
    %20_pad_68: (4,i32)* = const(val=[1, 1, 1, 1], name="20_pad_68")
    %20: (1, 1, 3, 3, fp32) = conv(x=%input, weight=%1, bias=%2, strides=%21, pad_type=%20_pad_type_68, pad=%20_pad_68, dilations=%23, groups=%16, name="20")
  } -> (%20)
}

[20200630 16:33:21 INFO /Volumes/data/work/1duo-coremltools/coremltools/converters/mil/backend/nn/passes/nn_passes.py:22] Performing passes for nn_backend: "nn_backend::commingle_loop_vars"
[20200630 16:33:21 INFO /Volumes/data/work/1duo-coremltools/coremltools/converters/mil/backend/nn/passes/nn_passes.py:22] Performing passes for nn_backend: "nn_backend::handle_return_inputs_as_outputs"
[20200630 16:33:21 INFO /Volumes/data/work/1duo-coremltools/coremltools/converters/mil/backend/nn/passes/nn_passes.py:22] Performing passes for nn_backend: "common::const_elimination"
[20200630 16:33:21 INFO /Volumes/data/work/1duo-coremltools/coremltools/converters/mil/backend/nn/passes/nn_passes.py:22] Performing passes for nn_backend: "common::dead_code_elimination"
[20200630 16:33:21 INFO /Volumes/data/work/1duo-coremltools/coremltools/converters/mil/backend/nn/passes/nn_passes.py:22] Performing passes for nn_backend: "nn_backend::handle_unused_inputs"
[20200630 16:33:21 INFO /Volumes/data/work/1duo-coremltools/coremltools/converters/mil/backend/nn/passes/nn_passes.py:22] Performing passes for nn_backend: "nn_backend::alert_return_type_cast"
[20200630 16:33:21 DEBUG /Volumes/data/work/1duo-coremltools/coremltools/converters/mil/backend/nn/passes/nn_passes.py:26] Program after nn backend passes:
main(%input: (1, 1, 5, 7, fp32)) {
  block87() {
    %1: (1, 1, 1, 1, fp32)* = const(val=[[[[0.23816931247711182]]]], name="1")
    %2: (1,fp32)* = const(val=[-0.8547178506851196], name="2")
    %21: (2,i32)* = const(val=[3, 3], name="21")
    %23: (2,i32)* = const(val=[1, 1], name="23")
    %16: (i32)* = const(val=1, name="16")
    %20_pad_type_68: (str)* = const(val="custom", name="20_pad_type_68")
    %20_pad_68: (4,i32)* = const(val=[1, 1, 1, 1], name="20_pad_68")
    %20: (1, 1, 3, 3, fp32) = conv(x=%input, weight=%1, bias=%2, strides=%21, pad_type=%20_pad_type_68, pad=%20_pad_68, dilations=%23, groups=%16, name="20")
  } -> (%20)
}

[20200630 16:33:21 INFO /Volumes/data/work/1duo-coremltools/coremltools/converters/mil/frontend/torch/converter.py:269] Converting graph.
[20200630 16:33:21 INFO /Volumes/data/work/1duo-coremltools/coremltools/converters/mil/mil/builder.py:181] Adding op '1' of type const
[20200630 16:33:21 INFO /Volumes/data/work/1duo-coremltools/coremltools/converters/mil/mil/builder.py:181] Adding op '2' of type const
[20200630 16:33:21 INFO /Volumes/data/work/1duo-coremltools/coremltools/converters/mil/frontend/torch/ops.py:49] Converting op 21 : constant
[20200630 16:33:21 INFO /Volumes/data/work/1duo-coremltools/coremltools/converters/mil/mil/builder.py:181] Adding op '21' of type const
[20200630 16:33:21 INFO /Volumes/data/work/1duo-coremltools/coremltools/converters/mil/frontend/torch/ops.py:49] Converting op 22 : constant
[20200630 16:33:21 INFO /Volumes/data/work/1duo-coremltools/coremltools/converters/mil/mil/builder.py:181] Adding op '22' of type const
[20200630 16:33:21 INFO /Volumes/data/work/1duo-coremltools/coremltools/converters/mil/frontend/torch/ops.py:49] Converting op 23 : constant
[20200630 16:33:21 INFO /Volumes/data/work/1duo-coremltools/coremltools/converters/mil/mil/builder.py:181] Adding op '23' of type const
[20200630 16:33:21 INFO /Volumes/data/work/1duo-coremltools/coremltools/converters/mil/frontend/torch/ops.py:49] Converting op 12 : constant
[20200630 16:33:21 INFO /Volumes/data/work/1duo-coremltools/coremltools/converters/mil/mil/builder.py:181] Adding op '12' of type const
[20200630 16:33:21 INFO /Volumes/data/work/1duo-coremltools/coremltools/converters/mil/frontend/torch/ops.py:49] Converting op 24 : constant
[20200630 16:33:21 INFO /Volumes/data/work/1duo-coremltools/coremltools/converters/mil/mil/builder.py:181] Adding op '24' of type const
[20200630 16:33:21 INFO /Volumes/data/work/1duo-coremltools/coremltools/converters/mil/frontend/torch/ops.py:49] Converting op 16 : constant
[20200630 16:33:21 INFO /Volumes/data/work/1duo-coremltools/coremltools/converters/mil/mil/builder.py:181] Adding op '16' of type const
[20200630 16:33:21 INFO /Volumes/data/work/1duo-coremltools/coremltools/converters/mil/frontend/torch/ops.py:49] Converting op 17 : constant
[20200630 16:33:21 INFO /Volumes/data/work/1duo-coremltools/coremltools/converters/mil/mil/builder.py:181] Adding op '17' of type const
[20200630 16:33:21 INFO /Volumes/data/work/1duo-coremltools/coremltools/converters/mil/frontend/torch/ops.py:49] Converting op 18 : constant
[20200630 16:33:21 INFO /Volumes/data/work/1duo-coremltools/coremltools/converters/mil/mil/builder.py:181] Adding op '18' of type const
[20200630 16:33:21 INFO /Volumes/data/work/1duo-coremltools/coremltools/converters/mil/frontend/torch/ops.py:49] Converting op 19 : constant
[20200630 16:33:21 INFO /Volumes/data/work/1duo-coremltools/coremltools/converters/mil/mil/builder.py:181] Adding op '19' of type const
[20200630 16:33:21 INFO /Volumes/data/work/1duo-coremltools/coremltools/converters/mil/frontend/torch/ops.py:49] Converting op 20 : _convolution
[20200630 16:33:21 INFO /Volumes/data/work/1duo-coremltools/coremltools/converters/mil/mil/builder.py:181] Adding op '20' of type conv
[20200630 16:33:21 DEBUG /Volumes/data/work/1duo-coremltools/coremltools/converters/mil/mil/builder.py:93] Adding const op '20_pad_type_69'
[20200630 16:33:21 INFO /Volumes/data/work/1duo-coremltools/coremltools/converters/mil/mil/builder.py:181] Adding op '20_pad_type_69' of type const
[20200630 16:33:21 DEBUG /Volumes/data/work/1duo-coremltools/coremltools/converters/mil/mil/builder.py:93] Adding const op '20_pad_69'
[20200630 16:33:21 INFO /Volumes/data/work/1duo-coremltools/coremltools/converters/mil/mil/builder.py:181] Adding op '20_pad_69' of type const
[20200630 16:33:21 DEBUG /Volumes/data/work/1duo-coremltools/coremltools/converters/mil/mil/passes/common_pass.py:30] Program before common passes:
main(%input: (1, 1, 5, 7, fp32)) {
  block88() {
    %1: (1, 1, 1, 1, fp32)* = const(val=[[[[0.709391713142395]]]], name="1")
    %2: (1,fp32)* = const(val=[-0.48324263095855713], name="2")
    %21: (2,i32)* = const(val=[3, 3], name="21")
    %22: (2,i32)* = const(val=[1, 1], name="22")
    %23: (2,i32)* = const(val=[3, 3], name="23")
    %12: (bool)* = const(val=False, name="12")
    %24: (2,i32)* = const(val=[0, 0], name="24")
    %16: (i32)* = const(val=1, name="16")
    %17: (bool)* = const(val=False, name="17")
    %18: (bool)* = const(val=False, name="18")
    %19: (bool)* = const(val=True, name="19")
    %20_pad_type_69: (str)* = const(val="custom", name="20_pad_type_69")
    %20_pad_69: (4,i32)* = const(val=[1, 1, 1, 1], name="20_pad_69")
    %20: (1, 1, 3, 3, fp32) = conv(x=%input, weight=%1, bias=%2, strides=%21, pad_type=%20_pad_type_69, pad=%20_pad_69, dilations=%23, groups=%16, name="20")
  } -> (%20)
}

[20200630 16:33:21 INFO /Volumes/data/work/1duo-coremltools/coremltools/converters/mil/mil/passes/common_pass.py:34] Performing pass: "common::const_elimination"
[20200630 16:33:21 INFO /Volumes/data/work/1duo-coremltools/coremltools/converters/mil/mil/passes/common_pass.py:34] Performing pass: "common::divide_to_multiply"
[20200630 16:33:21 INFO /Volumes/data/work/1duo-coremltools/coremltools/converters/mil/mil/passes/common_pass.py:34] Performing pass: "common::fuse_matmul_weight_bias"
[20200630 16:33:21 INFO /Volumes/data/work/1duo-coremltools/coremltools/converters/mil/mil/passes/common_pass.py:34] Performing pass: "common::const_elimination"
[20200630 16:33:21 INFO /Volumes/data/work/1duo-coremltools/coremltools/converters/mil/mil/passes/common_pass.py:34] Performing pass: "common::loop_invariant_elimination"
[20200630 16:33:21 INFO /Volumes/data/work/1duo-coremltools/coremltools/converters/mil/mil/passes/common_pass.py:34] Performing pass: "common::remove_symbolic_reshape"
[20200630 16:33:21 INFO /Volumes/data/work/1duo-coremltools/coremltools/converters/mil/mil/passes/remove_symbolic_reshape.py:104] remove_symbolic_reshape: changed 0 reshapes.
[20200630 16:33:21 INFO /Volumes/data/work/1duo-coremltools/coremltools/converters/mil/mil/passes/common_pass.py:34] Performing pass: "common::fuse_gelu_tanh_approximation"
[20200630 16:33:21 INFO /Volumes/data/work/1duo-coremltools/coremltools/converters/mil/mil/passes/common_pass.py:34] Performing pass: "common::reduce_transposes"
[20200630 16:33:21 DEBUG /Volumes/data/work/1duo-coremltools/coremltools/converters/mil/mil/passes/reduce_transposes.py:989] Block before optimize transpose transform:
function(%input: (1, 1, 5, 7, fp32)) {
  block88() {
    %1: (1, 1, 1, 1, fp32)* = const(val=[[[[0.709391713142395]]]], name="1")
    %2: (1,fp32)* = const(val=[-0.48324263095855713], name="2")
    %21: (2,i32)* = const(val=[3, 3], name="21")
    %22: (2,i32)* = const(val=[1, 1], name="22")
    %23: (2,i32)* = const(val=[3, 3], name="23")
    %12: (bool)* = const(val=False, name="12")
    %24: (2,i32)* = const(val=[0, 0], name="24")
    %16: (i32)* = const(val=1, name="16")
    %17: (bool)* = const(val=False, name="17")
    %18: (bool)* = const(val=False, name="18")
    %19: (bool)* = const(val=True, name="19")
    %20_pad_type_69: (str)* = const(val="custom", name="20_pad_type_69")
    %20_pad_69: (4,i32)* = const(val=[1, 1, 1, 1], name="20_pad_69")
    %20: (1, 1, 3, 3, fp32) = conv(x=%input, weight=%1, bias=%2, strides=%21, pad_type=%20_pad_type_69, pad=%20_pad_69, dilations=%23, groups=%16, name="20")
  } -> (%20)
}

[20200630 16:33:21 DEBUG /Volumes/data/work/1duo-coremltools/coremltools/converters/mil/mil/passes/reduce_transposes.py:1024] Block after optimize transpose transform:
function(%input: (1, 1, 5, 7, fp32)) {
  block88() {
    %1: (1, 1, 1, 1, fp32)* = const(val=[[[[0.709391713142395]]]], name="1")
    %2: (1,fp32)* = const(val=[-0.48324263095855713], name="2")
    %21: (2,i32)* = const(val=[3, 3], name="21")
    %22: (2,i32)* = const(val=[1, 1], name="22")
    %23: (2,i32)* = const(val=[3, 3], name="23")
    %12: (bool)* = const(val=False, name="12")
    %24: (2,i32)* = const(val=[0, 0], name="24")
    %16: (i32)* = const(val=1, name="16")
    %17: (bool)* = const(val=False, name="17")
    %18: (bool)* = const(val=False, name="18")
    %19: (bool)* = const(val=True, name="19")
    %20_pad_type_69: (str)* = const(val="custom", name="20_pad_type_69")
    %20_pad_69: (4,i32)* = const(val=[1, 1, 1, 1], name="20_pad_69")
    %20: (1, 1, 3, 3, fp32) = conv(x=%input, weight=%1, bias=%2, strides=%21, pad_type=%20_pad_type_69, pad=%20_pad_69, dilations=%23, groups=%16, name="20")
  } -> (%20)
}

[20200630 16:33:21 INFO /Volumes/data/work/1duo-coremltools/coremltools/converters/mil/mil/passes/common_pass.py:34] Performing pass: "common::fuse_bias_conv"
[20200630 16:33:21 INFO /Volumes/data/work/1duo-coremltools/coremltools/converters/mil/mil/passes/common_pass.py:34] Performing pass: "common::fuse_elementwise_to_batchnorm"
[20200630 16:33:21 INFO /Volumes/data/work/1duo-coremltools/coremltools/converters/mil/mil/passes/common_pass.py:34] Performing pass: "common::fuse_onehot_matmul_to_gather"
[20200630 16:33:21 INFO /Volumes/data/work/1duo-coremltools/coremltools/converters/mil/mil/passes/common_pass.py:34] Performing pass: "common::fuse_layernorm_or_instancenorm"
[20200630 16:33:21 INFO /Volumes/data/work/1duo-coremltools/coremltools/converters/mil/mil/passes/common_pass.py:34] Performing pass: "common::dead_code_elimination"
[20200630 16:33:21 INFO /Volumes/data/work/1duo-coremltools/coremltools/converters/mil/mil/passes/dead_code_elimination.py:35] Removing op "19" (type: const)
[20200630 16:33:21 INFO /Volumes/data/work/1duo-coremltools/coremltools/converters/mil/mil/passes/dead_code_elimination.py:35] Removing op "18" (type: const)
[20200630 16:33:21 INFO /Volumes/data/work/1duo-coremltools/coremltools/converters/mil/mil/passes/dead_code_elimination.py:35] Removing op "17" (type: const)
[20200630 16:33:21 INFO /Volumes/data/work/1duo-coremltools/coremltools/converters/mil/mil/passes/dead_code_elimination.py:35] Removing op "24" (type: const)
[20200630 16:33:21 INFO /Volumes/data/work/1duo-coremltools/coremltools/converters/mil/mil/passes/dead_code_elimination.py:35] Removing op "12" (type: const)
[20200630 16:33:21 INFO /Volumes/data/work/1duo-coremltools/coremltools/converters/mil/mil/passes/dead_code_elimination.py:35] Removing op "22" (type: const)
[20200630 16:33:21 DEBUG /Volumes/data/work/1duo-coremltools/coremltools/converters/mil/mil/passes/common_pass.py:38] Program after common passes:
main(%input: (1, 1, 5, 7, fp32)) {
  block88() {
    %1: (1, 1, 1, 1, fp32)* = const(val=[[[[0.709391713142395]]]], name="1")
    %2: (1,fp32)* = const(val=[-0.48324263095855713], name="2")
    %21: (2,i32)* = const(val=[3, 3], name="21")
    %23: (2,i32)* = const(val=[3, 3], name="23")
    %16: (i32)* = const(val=1, name="16")
    %20_pad_type_69: (str)* = const(val="custom", name="20_pad_type_69")
    %20_pad_69: (4,i32)* = const(val=[1, 1, 1, 1], name="20_pad_69")
    %20: (1, 1, 3, 3, fp32) = conv(x=%input, weight=%1, bias=%2, strides=%21, pad_type=%20_pad_type_69, pad=%20_pad_69, dilations=%23, groups=%16, name="20")
  } -> (%20)
}

[20200630 16:33:21 INFO /Volumes/data/work/1duo-coremltools/coremltools/converters/mil/backend/nn/passes/nn_passes.py:22] Performing passes for nn_backend: "nn_backend::commingle_loop_vars"
[20200630 16:33:21 INFO /Volumes/data/work/1duo-coremltools/coremltools/converters/mil/backend/nn/passes/nn_passes.py:22] Performing passes for nn_backend: "nn_backend::handle_return_inputs_as_outputs"
[20200630 16:33:21 INFO /Volumes/data/work/1duo-coremltools/coremltools/converters/mil/backend/nn/passes/nn_passes.py:22] Performing passes for nn_backend: "common::const_elimination"
[20200630 16:33:21 INFO /Volumes/data/work/1duo-coremltools/coremltools/converters/mil/backend/nn/passes/nn_passes.py:22] Performing passes for nn_backend: "common::dead_code_elimination"
[20200630 16:33:21 INFO /Volumes/data/work/1duo-coremltools/coremltools/converters/mil/backend/nn/passes/nn_passes.py:22] Performing passes for nn_backend: "nn_backend::handle_unused_inputs"
[20200630 16:33:21 INFO /Volumes/data/work/1duo-coremltools/coremltools/converters/mil/backend/nn/passes/nn_passes.py:22] Performing passes for nn_backend: "nn_backend::alert_return_type_cast"
[20200630 16:33:21 DEBUG /Volumes/data/work/1duo-coremltools/coremltools/converters/mil/backend/nn/passes/nn_passes.py:26] Program after nn backend passes:
main(%input: (1, 1, 5, 7, fp32)) {
  block88() {
    %1: (1, 1, 1, 1, fp32)* = const(val=[[[[0.709391713142395]]]], name="1")
    %2: (1,fp32)* = const(val=[-0.48324263095855713], name="2")
    %21: (2,i32)* = const(val=[3, 3], name="21")
    %23: (2,i32)* = const(val=[3, 3], name="23")
    %16: (i32)* = const(val=1, name="16")
    %20_pad_type_69: (str)* = const(val="custom", name="20_pad_type_69")
    %20_pad_69: (4,i32)* = const(val=[1, 1, 1, 1], name="20_pad_69")
    %20: (1, 1, 3, 3, fp32) = conv(x=%input, weight=%1, bias=%2, strides=%21, pad_type=%20_pad_type_69, pad=%20_pad_69, dilations=%23, groups=%16, name="20")
  } -> (%20)
}

[20200630 16:33:21 INFO /Volumes/data/work/1duo-coremltools/coremltools/converters/mil/frontend/torch/converter.py:269] Converting graph.
[20200630 16:33:21 INFO /Volumes/data/work/1duo-coremltools/coremltools/converters/mil/mil/builder.py:181] Adding op '1' of type const
[20200630 16:33:21 INFO /Volumes/data/work/1duo-coremltools/coremltools/converters/mil/mil/builder.py:181] Adding op '2' of type const
[20200630 16:33:21 INFO /Volumes/data/work/1duo-coremltools/coremltools/converters/mil/frontend/torch/ops.py:49] Converting op 21 : constant
[20200630 16:33:21 INFO /Volumes/data/work/1duo-coremltools/coremltools/converters/mil/mil/builder.py:181] Adding op '21' of type const
[20200630 16:33:21 INFO /Volumes/data/work/1duo-coremltools/coremltools/converters/mil/frontend/torch/ops.py:49] Converting op 22 : constant
[20200630 16:33:21 INFO /Volumes/data/work/1duo-coremltools/coremltools/converters/mil/mil/builder.py:181] Adding op '22' of type const
[20200630 16:33:21 INFO /Volumes/data/work/1duo-coremltools/coremltools/converters/mil/frontend/torch/ops.py:49] Converting op 23 : constant
[20200630 16:33:21 INFO /Volumes/data/work/1duo-coremltools/coremltools/converters/mil/mil/builder.py:181] Adding op '23' of type const
[20200630 16:33:21 INFO /Volumes/data/work/1duo-coremltools/coremltools/converters/mil/frontend/torch/ops.py:49] Converting op 12 : constant
[20200630 16:33:21 INFO /Volumes/data/work/1duo-coremltools/coremltools/converters/mil/mil/builder.py:181] Adding op '12' of type const
[20200630 16:33:21 INFO /Volumes/data/work/1duo-coremltools/coremltools/converters/mil/frontend/torch/ops.py:49] Converting op 24 : constant
[20200630 16:33:21 INFO /Volumes/data/work/1duo-coremltools/coremltools/converters/mil/mil/builder.py:181] Adding op '24' of type const
[20200630 16:33:21 INFO /Volumes/data/work/1duo-coremltools/coremltools/converters/mil/frontend/torch/ops.py:49] Converting op 16 : constant
[20200630 16:33:21 INFO /Volumes/data/work/1duo-coremltools/coremltools/converters/mil/mil/builder.py:181] Adding op '16' of type const
[20200630 16:33:21 INFO /Volumes/data/work/1duo-coremltools/coremltools/converters/mil/frontend/torch/ops.py:49] Converting op 17 : constant
[20200630 16:33:21 INFO /Volumes/data/work/1duo-coremltools/coremltools/converters/mil/mil/builder.py:181] Adding op '17' of type const
[20200630 16:33:21 INFO /Volumes/data/work/1duo-coremltools/coremltools/converters/mil/frontend/torch/ops.py:49] Converting op 18 : constant
[20200630 16:33:21 INFO /Volumes/data/work/1duo-coremltools/coremltools/converters/mil/mil/builder.py:181] Adding op '18' of type const
[20200630 16:33:21 INFO /Volumes/data/work/1duo-coremltools/coremltools/converters/mil/frontend/torch/ops.py:49] Converting op 19 : constant
[20200630 16:33:21 INFO /Volumes/data/work/1duo-coremltools/coremltools/converters/mil/mil/builder.py:181] Adding op '19' of type const
[20200630 16:33:21 INFO /Volumes/data/work/1duo-coremltools/coremltools/converters/mil/frontend/torch/ops.py:49] Converting op 20 : _convolution
[20200630 16:33:21 INFO /Volumes/data/work/1duo-coremltools/coremltools/converters/mil/mil/builder.py:181] Adding op '20' of type conv
[20200630 16:33:21 DEBUG /Volumes/data/work/1duo-coremltools/coremltools/converters/mil/mil/builder.py:93] Adding const op '20_pad_type_70'
[20200630 16:33:21 INFO /Volumes/data/work/1duo-coremltools/coremltools/converters/mil/mil/builder.py:181] Adding op '20_pad_type_70' of type const
[20200630 16:33:21 DEBUG /Volumes/data/work/1duo-coremltools/coremltools/converters/mil/mil/builder.py:93] Adding const op '20_pad_70'
[20200630 16:33:21 INFO /Volumes/data/work/1duo-coremltools/coremltools/converters/mil/mil/builder.py:181] Adding op '20_pad_70' of type const
[20200630 16:33:21 DEBUG /Volumes/data/work/1duo-coremltools/coremltools/converters/mil/mil/passes/common_pass.py:30] Program before common passes:
main(%input: (1, 1, 5, 7, fp32)) {
  block89() {
    %1: (1, 1, 1, 1, fp32)* = const(val=[[[[0.26369452476501465]]]], name="1")
    %2: (1,fp32)* = const(val=[-0.586212158203125], name="2")
    %21: (2,i32)* = const(val=[3, 3], name="21")
    %22: (2,i32)* = const(val=[3, 3], name="22")
    %23: (2,i32)* = const(val=[1, 1], name="23")
    %12: (bool)* = const(val=False, name="12")
    %24: (2,i32)* = const(val=[0, 0], name="24")
    %16: (i32)* = const(val=1, name="16")
    %17: (bool)* = const(val=False, name="17")
    %18: (bool)* = const(val=False, name="18")
    %19: (bool)* = const(val=True, name="19")
    %20_pad_type_70: (str)* = const(val="custom", name="20_pad_type_70")
    %20_pad_70: (4,i32)* = const(val=[3, 3, 3, 3], name="20_pad_70")
    %20: (1, 1, 4, 5, fp32) = conv(x=%input, weight=%1, bias=%2, strides=%21, pad_type=%20_pad_type_70, pad=%20_pad_70, dilations=%23, groups=%16, name="20")
  } -> (%20)
}

[20200630 16:33:21 INFO /Volumes/data/work/1duo-coremltools/coremltools/converters/mil/mil/passes/common_pass.py:34] Performing pass: "common::const_elimination"
[20200630 16:33:21 INFO /Volumes/data/work/1duo-coremltools/coremltools/converters/mil/mil/passes/common_pass.py:34] Performing pass: "common::divide_to_multiply"
[20200630 16:33:21 INFO /Volumes/data/work/1duo-coremltools/coremltools/converters/mil/mil/passes/common_pass.py:34] Performing pass: "common::fuse_matmul_weight_bias"
[20200630 16:33:21 INFO /Volumes/data/work/1duo-coremltools/coremltools/converters/mil/mil/passes/common_pass.py:34] Performing pass: "common::const_elimination"
[20200630 16:33:21 INFO /Volumes/data/work/1duo-coremltools/coremltools/converters/mil/mil/passes/common_pass.py:34] Performing pass: "common::loop_invariant_elimination"
[20200630 16:33:21 INFO /Volumes/data/work/1duo-coremltools/coremltools/converters/mil/mil/passes/common_pass.py:34] Performing pass: "common::remove_symbolic_reshape"
[20200630 16:33:21 INFO /Volumes/data/work/1duo-coremltools/coremltools/converters/mil/mil/passes/remove_symbolic_reshape.py:104] remove_symbolic_reshape: changed 0 reshapes.
[20200630 16:33:21 INFO /Volumes/data/work/1duo-coremltools/coremltools/converters/mil/mil/passes/common_pass.py:34] Performing pass: "common::fuse_gelu_tanh_approximation"
[20200630 16:33:21 INFO /Volumes/data/work/1duo-coremltools/coremltools/converters/mil/mil/passes/common_pass.py:34] Performing pass: "common::reduce_transposes"
[20200630 16:33:21 DEBUG /Volumes/data/work/1duo-coremltools/coremltools/converters/mil/mil/passes/reduce_transposes.py:989] Block before optimize transpose transform:
function(%input: (1, 1, 5, 7, fp32)) {
  block89() {
    %1: (1, 1, 1, 1, fp32)* = const(val=[[[[0.26369452476501465]]]], name="1")
    %2: (1,fp32)* = const(val=[-0.586212158203125], name="2")
    %21: (2,i32)* = const(val=[3, 3], name="21")
    %22: (2,i32)* = const(val=[3, 3], name="22")
    %23: (2,i32)* = const(val=[1, 1], name="23")
    %12: (bool)* = const(val=False, name="12")
    %24: (2,i32)* = const(val=[0, 0], name="24")
    %16: (i32)* = const(val=1, name="16")
    %17: (bool)* = const(val=False, name="17")
    %18: (bool)* = const(val=False, name="18")
    %19: (bool)* = const(val=True, name="19")
    %20_pad_type_70: (str)* = const(val="custom", name="20_pad_type_70")
    %20_pad_70: (4,i32)* = const(val=[3, 3, 3, 3], name="20_pad_70")
    %20: (1, 1, 4, 5, fp32) = conv(x=%input, weight=%1, bias=%2, strides=%21, pad_type=%20_pad_type_70, pad=%20_pad_70, dilations=%23, groups=%16, name="20")
  } -> (%20)
}

[20200630 16:33:21 DEBUG /Volumes/data/work/1duo-coremltools/coremltools/converters/mil/mil/passes/reduce_transposes.py:1024] Block after optimize transpose transform:
function(%input: (1, 1, 5, 7, fp32)) {
  block89() {
    %1: (1, 1, 1, 1, fp32)* = const(val=[[[[0.26369452476501465]]]], name="1")
    %2: (1,fp32)* = const(val=[-0.586212158203125], name="2")
    %21: (2,i32)* = const(val=[3, 3], name="21")
    %22: (2,i32)* = const(val=[3, 3], name="22")
    %23: (2,i32)* = const(val=[1, 1], name="23")
    %12: (bool)* = const(val=False, name="12")
    %24: (2,i32)* = const(val=[0, 0], name="24")
    %16: (i32)* = const(val=1, name="16")
    %17: (bool)* = const(val=False, name="17")
    %18: (bool)* = const(val=False, name="18")
    %19: (bool)* = const(val=True, name="19")
    %20_pad_type_70: (str)* = const(val="custom", name="20_pad_type_70")
    %20_pad_70: (4,i32)* = const(val=[3, 3, 3, 3], name="20_pad_70")
    %20: (1, 1, 4, 5, fp32) = conv(x=%input, weight=%1, bias=%2, strides=%21, pad_type=%20_pad_type_70, pad=%20_pad_70, dilations=%23, groups=%16, name="20")
  } -> (%20)
}

[20200630 16:33:21 INFO /Volumes/data/work/1duo-coremltools/coremltools/converters/mil/mil/passes/common_pass.py:34] Performing pass: "common::fuse_bias_conv"
[20200630 16:33:21 INFO /Volumes/data/work/1duo-coremltools/coremltools/converters/mil/mil/passes/common_pass.py:34] Performing pass: "common::fuse_elementwise_to_batchnorm"
[20200630 16:33:21 INFO /Volumes/data/work/1duo-coremltools/coremltools/converters/mil/mil/passes/common_pass.py:34] Performing pass: "common::fuse_onehot_matmul_to_gather"
[20200630 16:33:21 INFO /Volumes/data/work/1duo-coremltools/coremltools/converters/mil/mil/passes/common_pass.py:34] Performing pass: "common::fuse_layernorm_or_instancenorm"
[20200630 16:33:21 INFO /Volumes/data/work/1duo-coremltools/coremltools/converters/mil/mil/passes/common_pass.py:34] Performing pass: "common::dead_code_elimination"
[20200630 16:33:21 INFO /Volumes/data/work/1duo-coremltools/coremltools/converters/mil/mil/passes/dead_code_elimination.py:35] Removing op "19" (type: const)
[20200630 16:33:21 INFO /Volumes/data/work/1duo-coremltools/coremltools/converters/mil/mil/passes/dead_code_elimination.py:35] Removing op "18" (type: const)
[20200630 16:33:21 INFO /Volumes/data/work/1duo-coremltools/coremltools/converters/mil/mil/passes/dead_code_elimination.py:35] Removing op "17" (type: const)
[20200630 16:33:21 INFO /Volumes/data/work/1duo-coremltools/coremltools/converters/mil/mil/passes/dead_code_elimination.py:35] Removing op "24" (type: const)
[20200630 16:33:21 INFO /Volumes/data/work/1duo-coremltools/coremltools/converters/mil/mil/passes/dead_code_elimination.py:35] Removing op "12" (type: const)
[20200630 16:33:21 INFO /Volumes/data/work/1duo-coremltools/coremltools/converters/mil/mil/passes/dead_code_elimination.py:35] Removing op "22" (type: const)
[20200630 16:33:21 DEBUG /Volumes/data/work/1duo-coremltools/coremltools/converters/mil/mil/passes/common_pass.py:38] Program after common passes:
main(%input: (1, 1, 5, 7, fp32)) {
  block89() {
    %1: (1, 1, 1, 1, fp32)* = const(val=[[[[0.26369452476501465]]]], name="1")
    %2: (1,fp32)* = const(val=[-0.586212158203125], name="2")
    %21: (2,i32)* = const(val=[3, 3], name="21")
    %23: (2,i32)* = const(val=[1, 1], name="23")
    %16: (i32)* = const(val=1, name="16")
    %20_pad_type_70: (str)* = const(val="custom", name="20_pad_type_70")
    %20_pad_70: (4,i32)* = const(val=[3, 3, 3, 3], name="20_pad_70")
    %20: (1, 1, 4, 5, fp32) = conv(x=%input, weight=%1, bias=%2, strides=%21, pad_type=%20_pad_type_70, pad=%20_pad_70, dilations=%23, groups=%16, name="20")
  } -> (%20)
}

[20200630 16:33:21 INFO /Volumes/data/work/1duo-coremltools/coremltools/converters/mil/backend/nn/passes/nn_passes.py:22] Performing passes for nn_backend: "nn_backend::commingle_loop_vars"
[20200630 16:33:21 INFO /Volumes/data/work/1duo-coremltools/coremltools/converters/mil/backend/nn/passes/nn_passes.py:22] Performing passes for nn_backend: "nn_backend::handle_return_inputs_as_outputs"
[20200630 16:33:21 INFO /Volumes/data/work/1duo-coremltools/coremltools/converters/mil/backend/nn/passes/nn_passes.py:22] Performing passes for nn_backend: "common::const_elimination"
[20200630 16:33:21 INFO /Volumes/data/work/1duo-coremltools/coremltools/converters/mil/backend/nn/passes/nn_passes.py:22] Performing passes for nn_backend: "common::dead_code_elimination"
[20200630 16:33:21 INFO /Volumes/data/work/1duo-coremltools/coremltools/converters/mil/backend/nn/passes/nn_passes.py:22] Performing passes for nn_backend: "nn_backend::handle_unused_inputs"
[20200630 16:33:21 INFO /Volumes/data/work/1duo-coremltools/coremltools/converters/mil/backend/nn/passes/nn_passes.py:22] Performing passes for nn_backend: "nn_backend::alert_return_type_cast"
[20200630 16:33:21 DEBUG /Volumes/data/work/1duo-coremltools/coremltools/converters/mil/backend/nn/passes/nn_passes.py:26] Program after nn backend passes:
main(%input: (1, 1, 5, 7, fp32)) {
  block89() {
    %1: (1, 1, 1, 1, fp32)* = const(val=[[[[0.26369452476501465]]]], name="1")
    %2: (1,fp32)* = const(val=[-0.586212158203125], name="2")
    %21: (2,i32)* = const(val=[3, 3], name="21")
    %23: (2,i32)* = const(val=[1, 1], name="23")
    %16: (i32)* = const(val=1, name="16")
    %20_pad_type_70: (str)* = const(val="custom", name="20_pad_type_70")
    %20_pad_70: (4,i32)* = const(val=[3, 3, 3, 3], name="20_pad_70")
    %20: (1, 1, 4, 5, fp32) = conv(x=%input, weight=%1, bias=%2, strides=%21, pad_type=%20_pad_type_70, pad=%20_pad_70, dilations=%23, groups=%16, name="20")
  } -> (%20)
}

[20200630 16:33:21 INFO /Volumes/data/work/1duo-coremltools/coremltools/converters/mil/frontend/torch/converter.py:269] Converting graph.
[20200630 16:33:21 INFO /Volumes/data/work/1duo-coremltools/coremltools/converters/mil/mil/builder.py:181] Adding op '1' of type const
[20200630 16:33:21 INFO /Volumes/data/work/1duo-coremltools/coremltools/converters/mil/mil/builder.py:181] Adding op '2' of type const
[20200630 16:33:21 INFO /Volumes/data/work/1duo-coremltools/coremltools/converters/mil/frontend/torch/ops.py:49] Converting op 21 : constant
[20200630 16:33:21 INFO /Volumes/data/work/1duo-coremltools/coremltools/converters/mil/mil/builder.py:181] Adding op '21' of type const
[20200630 16:33:21 INFO /Volumes/data/work/1duo-coremltools/coremltools/converters/mil/frontend/torch/ops.py:49] Converting op 22 : constant
[20200630 16:33:21 INFO /Volumes/data/work/1duo-coremltools/coremltools/converters/mil/mil/builder.py:181] Adding op '22' of type const
[20200630 16:33:21 INFO /Volumes/data/work/1duo-coremltools/coremltools/converters/mil/frontend/torch/ops.py:49] Converting op 23 : constant
[20200630 16:33:21 INFO /Volumes/data/work/1duo-coremltools/coremltools/converters/mil/mil/builder.py:181] Adding op '23' of type const
[20200630 16:33:21 INFO /Volumes/data/work/1duo-coremltools/coremltools/converters/mil/frontend/torch/ops.py:49] Converting op 12 : constant
[20200630 16:33:21 INFO /Volumes/data/work/1duo-coremltools/coremltools/converters/mil/mil/builder.py:181] Adding op '12' of type const
[20200630 16:33:21 INFO /Volumes/data/work/1duo-coremltools/coremltools/converters/mil/frontend/torch/ops.py:49] Converting op 24 : constant
[20200630 16:33:21 INFO /Volumes/data/work/1duo-coremltools/coremltools/converters/mil/mil/builder.py:181] Adding op '24' of type const
[20200630 16:33:21 INFO /Volumes/data/work/1duo-coremltools/coremltools/converters/mil/frontend/torch/ops.py:49] Converting op 16 : constant
[20200630 16:33:21 INFO /Volumes/data/work/1duo-coremltools/coremltools/converters/mil/mil/builder.py:181] Adding op '16' of type const
[20200630 16:33:21 INFO /Volumes/data/work/1duo-coremltools/coremltools/converters/mil/frontend/torch/ops.py:49] Converting op 17 : constant
[20200630 16:33:21 INFO /Volumes/data/work/1duo-coremltools/coremltools/converters/mil/mil/builder.py:181] Adding op '17' of type const
[20200630 16:33:21 INFO /Volumes/data/work/1duo-coremltools/coremltools/converters/mil/frontend/torch/ops.py:49] Converting op 18 : constant
[20200630 16:33:21 INFO /Volumes/data/work/1duo-coremltools/coremltools/converters/mil/mil/builder.py:181] Adding op '18' of type const
[20200630 16:33:21 INFO /Volumes/data/work/1duo-coremltools/coremltools/converters/mil/frontend/torch/ops.py:49] Converting op 19 : constant
[20200630 16:33:21 INFO /Volumes/data/work/1duo-coremltools/coremltools/converters/mil/mil/builder.py:181] Adding op '19' of type const
[20200630 16:33:21 INFO /Volumes/data/work/1duo-coremltools/coremltools/converters/mil/frontend/torch/ops.py:49] Converting op 20 : _convolution
[20200630 16:33:21 INFO /Volumes/data/work/1duo-coremltools/coremltools/converters/mil/mil/builder.py:181] Adding op '20' of type conv
[20200630 16:33:21 DEBUG /Volumes/data/work/1duo-coremltools/coremltools/converters/mil/mil/builder.py:93] Adding const op '20_pad_type_71'
[20200630 16:33:21 INFO /Volumes/data/work/1duo-coremltools/coremltools/converters/mil/mil/builder.py:181] Adding op '20_pad_type_71' of type const
[20200630 16:33:21 DEBUG /Volumes/data/work/1duo-coremltools/coremltools/converters/mil/mil/builder.py:93] Adding const op '20_pad_71'
[20200630 16:33:21 INFO /Volumes/data/work/1duo-coremltools/coremltools/converters/mil/mil/builder.py:181] Adding op '20_pad_71' of type const
[20200630 16:33:21 DEBUG /Volumes/data/work/1duo-coremltools/coremltools/converters/mil/mil/passes/common_pass.py:30] Program before common passes:
main(%input: (1, 1, 5, 7, fp32)) {
  block90() {
    %1: (1, 1, 1, 1, fp32)* = const(val=[[[[0.28098058700561523]]]], name="1")
    %2: (1,fp32)* = const(val=[-0.07358276844024658], name="2")
    %21: (2,i32)* = const(val=[3, 3], name="21")
    %22: (2,i32)* = const(val=[3, 3], name="22")
    %23: (2,i32)* = const(val=[3, 3], name="23")
    %12: (bool)* = const(val=False, name="12")
    %24: (2,i32)* = const(val=[0, 0], name="24")
    %16: (i32)* = const(val=1, name="16")
    %17: (bool)* = const(val=False, name="17")
    %18: (bool)* = const(val=False, name="18")
    %19: (bool)* = const(val=True, name="19")
    %20_pad_type_71: (str)* = const(val="custom", name="20_pad_type_71")
    %20_pad_71: (4,i32)* = const(val=[3, 3, 3, 3], name="20_pad_71")
    %20: (1, 1, 4, 5, fp32) = conv(x=%input, weight=%1, bias=%2, strides=%21, pad_type=%20_pad_type_71, pad=%20_pad_71, dilations=%23, groups=%16, name="20")
  } -> (%20)
}

[20200630 16:33:21 INFO /Volumes/data/work/1duo-coremltools/coremltools/converters/mil/mil/passes/common_pass.py:34] Performing pass: "common::const_elimination"
[20200630 16:33:21 INFO /Volumes/data/work/1duo-coremltools/coremltools/converters/mil/mil/passes/common_pass.py:34] Performing pass: "common::divide_to_multiply"
[20200630 16:33:21 INFO /Volumes/data/work/1duo-coremltools/coremltools/converters/mil/mil/passes/common_pass.py:34] Performing pass: "common::fuse_matmul_weight_bias"
[20200630 16:33:21 INFO /Volumes/data/work/1duo-coremltools/coremltools/converters/mil/mil/passes/common_pass.py:34] Performing pass: "common::const_elimination"
[20200630 16:33:21 INFO /Volumes/data/work/1duo-coremltools/coremltools/converters/mil/mil/passes/common_pass.py:34] Performing pass: "common::loop_invariant_elimination"
[20200630 16:33:21 INFO /Volumes/data/work/1duo-coremltools/coremltools/converters/mil/mil/passes/common_pass.py:34] Performing pass: "common::remove_symbolic_reshape"
[20200630 16:33:21 INFO /Volumes/data/work/1duo-coremltools/coremltools/converters/mil/mil/passes/remove_symbolic_reshape.py:104] remove_symbolic_reshape: changed 0 reshapes.
[20200630 16:33:21 INFO /Volumes/data/work/1duo-coremltools/coremltools/converters/mil/mil/passes/common_pass.py:34] Performing pass: "common::fuse_gelu_tanh_approximation"
[20200630 16:33:21 INFO /Volumes/data/work/1duo-coremltools/coremltools/converters/mil/mil/passes/common_pass.py:34] Performing pass: "common::reduce_transposes"
[20200630 16:33:21 DEBUG /Volumes/data/work/1duo-coremltools/coremltools/converters/mil/mil/passes/reduce_transposes.py:989] Block before optimize transpose transform:
function(%input: (1, 1, 5, 7, fp32)) {
  block90() {
    %1: (1, 1, 1, 1, fp32)* = const(val=[[[[0.28098058700561523]]]], name="1")
    %2: (1,fp32)* = const(val=[-0.07358276844024658], name="2")
    %21: (2,i32)* = const(val=[3, 3], name="21")
    %22: (2,i32)* = const(val=[3, 3], name="22")
    %23: (2,i32)* = const(val=[3, 3], name="23")
    %12: (bool)* = const(val=False, name="12")
    %24: (2,i32)* = const(val=[0, 0], name="24")
    %16: (i32)* = const(val=1, name="16")
    %17: (bool)* = const(val=False, name="17")
    %18: (bool)* = const(val=False, name="18")
    %19: (bool)* = const(val=True, name="19")
    %20_pad_type_71: (str)* = const(val="custom", name="20_pad_type_71")
    %20_pad_71: (4,i32)* = const(val=[3, 3, 3, 3], name="20_pad_71")
    %20: (1, 1, 4, 5, fp32) = conv(x=%input, weight=%1, bias=%2, strides=%21, pad_type=%20_pad_type_71, pad=%20_pad_71, dilations=%23, groups=%16, name="20")
  } -> (%20)
}

[20200630 16:33:21 DEBUG /Volumes/data/work/1duo-coremltools/coremltools/converters/mil/mil/passes/reduce_transposes.py:1024] Block after optimize transpose transform:
function(%input: (1, 1, 5, 7, fp32)) {
  block90() {
    %1: (1, 1, 1, 1, fp32)* = const(val=[[[[0.28098058700561523]]]], name="1")
    %2: (1,fp32)* = const(val=[-0.07358276844024658], name="2")
    %21: (2,i32)* = const(val=[3, 3], name="21")
    %22: (2,i32)* = const(val=[3, 3], name="22")
    %23: (2,i32)* = const(val=[3, 3], name="23")
    %12: (bool)* = const(val=False, name="12")
    %24: (2,i32)* = const(val=[0, 0], name="24")
    %16: (i32)* = const(val=1, name="16")
    %17: (bool)* = const(val=False, name="17")
    %18: (bool)* = const(val=False, name="18")
    %19: (bool)* = const(val=True, name="19")
    %20_pad_type_71: (str)* = const(val="custom", name="20_pad_type_71")
    %20_pad_71: (4,i32)* = const(val=[3, 3, 3, 3], name="20_pad_71")
    %20: (1, 1, 4, 5, fp32) = conv(x=%input, weight=%1, bias=%2, strides=%21, pad_type=%20_pad_type_71, pad=%20_pad_71, dilations=%23, groups=%16, name="20")
  } -> (%20)
}

[20200630 16:33:21 INFO /Volumes/data/work/1duo-coremltools/coremltools/converters/mil/mil/passes/common_pass.py:34] Performing pass: "common::fuse_bias_conv"
[20200630 16:33:21 INFO /Volumes/data/work/1duo-coremltools/coremltools/converters/mil/mil/passes/common_pass.py:34] Performing pass: "common::fuse_elementwise_to_batchnorm"
[20200630 16:33:21 INFO /Volumes/data/work/1duo-coremltools/coremltools/converters/mil/mil/passes/common_pass.py:34] Performing pass: "common::fuse_onehot_matmul_to_gather"
[20200630 16:33:21 INFO /Volumes/data/work/1duo-coremltools/coremltools/converters/mil/mil/passes/common_pass.py:34] Performing pass: "common::fuse_layernorm_or_instancenorm"
[20200630 16:33:21 INFO /Volumes/data/work/1duo-coremltools/coremltools/converters/mil/mil/passes/common_pass.py:34] Performing pass: "common::dead_code_elimination"
[20200630 16:33:21 INFO /Volumes/data/work/1duo-coremltools/coremltools/converters/mil/mil/passes/dead_code_elimination.py:35] Removing op "19" (type: const)
[20200630 16:33:21 INFO /Volumes/data/work/1duo-coremltools/coremltools/converters/mil/mil/passes/dead_code_elimination.py:35] Removing op "18" (type: const)
[20200630 16:33:21 INFO /Volumes/data/work/1duo-coremltools/coremltools/converters/mil/mil/passes/dead_code_elimination.py:35] Removing op "17" (type: const)
[20200630 16:33:21 INFO /Volumes/data/work/1duo-coremltools/coremltools/converters/mil/mil/passes/dead_code_elimination.py:35] Removing op "24" (type: const)
[20200630 16:33:21 INFO /Volumes/data/work/1duo-coremltools/coremltools/converters/mil/mil/passes/dead_code_elimination.py:35] Removing op "12" (type: const)
[20200630 16:33:21 INFO /Volumes/data/work/1duo-coremltools/coremltools/converters/mil/mil/passes/dead_code_elimination.py:35] Removing op "22" (type: const)
[20200630 16:33:21 DEBUG /Volumes/data/work/1duo-coremltools/coremltools/converters/mil/mil/passes/common_pass.py:38] Program after common passes:
main(%input: (1, 1, 5, 7, fp32)) {
  block90() {
    %1: (1, 1, 1, 1, fp32)* = const(val=[[[[0.28098058700561523]]]], name="1")
    %2: (1,fp32)* = const(val=[-0.07358276844024658], name="2")
    %21: (2,i32)* = const(val=[3, 3], name="21")
    %23: (2,i32)* = const(val=[3, 3], name="23")
    %16: (i32)* = const(val=1, name="16")
    %20_pad_type_71: (str)* = const(val="custom", name="20_pad_type_71")
    %20_pad_71: (4,i32)* = const(val=[3, 3, 3, 3], name="20_pad_71")
    %20: (1, 1, 4, 5, fp32) = conv(x=%input, weight=%1, bias=%2, strides=%21, pad_type=%20_pad_type_71, pad=%20_pad_71, dilations=%23, groups=%16, name="20")
  } -> (%20)
}

[20200630 16:33:21 INFO /Volumes/data/work/1duo-coremltools/coremltools/converters/mil/backend/nn/passes/nn_passes.py:22] Performing passes for nn_backend: "nn_backend::commingle_loop_vars"
[20200630 16:33:21 INFO /Volumes/data/work/1duo-coremltools/coremltools/converters/mil/backend/nn/passes/nn_passes.py:22] Performing passes for nn_backend: "nn_backend::handle_return_inputs_as_outputs"
[20200630 16:33:21 INFO /Volumes/data/work/1duo-coremltools/coremltools/converters/mil/backend/nn/passes/nn_passes.py:22] Performing passes for nn_backend: "common::const_elimination"
[20200630 16:33:21 INFO /Volumes/data/work/1duo-coremltools/coremltools/converters/mil/backend/nn/passes/nn_passes.py:22] Performing passes for nn_backend: "common::dead_code_elimination"
[20200630 16:33:21 INFO /Volumes/data/work/1duo-coremltools/coremltools/converters/mil/backend/nn/passes/nn_passes.py:22] Performing passes for nn_backend: "nn_backend::handle_unused_inputs"
[20200630 16:33:21 INFO /Volumes/data/work/1duo-coremltools/coremltools/converters/mil/backend/nn/passes/nn_passes.py:22] Performing passes for nn_backend: "nn_backend::alert_return_type_cast"
[20200630 16:33:21 DEBUG /Volumes/data/work/1duo-coremltools/coremltools/converters/mil/backend/nn/passes/nn_passes.py:26] Program after nn backend passes:
main(%input: (1, 1, 5, 7, fp32)) {
  block90() {
    %1: (1, 1, 1, 1, fp32)* = const(val=[[[[0.28098058700561523]]]], name="1")
    %2: (1,fp32)* = const(val=[-0.07358276844024658], name="2")
    %21: (2,i32)* = const(val=[3, 3], name="21")
    %23: (2,i32)* = const(val=[3, 3], name="23")
    %16: (i32)* = const(val=1, name="16")
    %20_pad_type_71: (str)* = const(val="custom", name="20_pad_type_71")
    %20_pad_71: (4,i32)* = const(val=[3, 3, 3, 3], name="20_pad_71")
    %20: (1, 1, 4, 5, fp32) = conv(x=%input, weight=%1, bias=%2, strides=%21, pad_type=%20_pad_type_71, pad=%20_pad_71, dilations=%23, groups=%16, name="20")
  } -> (%20)
}

[20200630 16:33:21 INFO /Volumes/data/work/1duo-coremltools/coremltools/converters/mil/frontend/torch/converter.py:269] Converting graph.
[20200630 16:33:21 INFO /Volumes/data/work/1duo-coremltools/coremltools/converters/mil/mil/builder.py:181] Adding op '1' of type const
[20200630 16:33:21 INFO /Volumes/data/work/1duo-coremltools/coremltools/converters/mil/mil/builder.py:181] Adding op '2' of type const
[20200630 16:33:21 INFO /Volumes/data/work/1duo-coremltools/coremltools/converters/mil/frontend/torch/ops.py:49] Converting op 21 : constant
[20200630 16:33:21 INFO /Volumes/data/work/1duo-coremltools/coremltools/converters/mil/mil/builder.py:181] Adding op '21' of type const
[20200630 16:33:21 INFO /Volumes/data/work/1duo-coremltools/coremltools/converters/mil/frontend/torch/ops.py:49] Converting op 22 : constant
[20200630 16:33:21 INFO /Volumes/data/work/1duo-coremltools/coremltools/converters/mil/mil/builder.py:181] Adding op '22' of type const
[20200630 16:33:21 INFO /Volumes/data/work/1duo-coremltools/coremltools/converters/mil/frontend/torch/ops.py:49] Converting op 23 : constant
[20200630 16:33:21 INFO /Volumes/data/work/1duo-coremltools/coremltools/converters/mil/mil/builder.py:181] Adding op '23' of type const
[20200630 16:33:21 INFO /Volumes/data/work/1duo-coremltools/coremltools/converters/mil/frontend/torch/ops.py:49] Converting op 12 : constant
[20200630 16:33:21 INFO /Volumes/data/work/1duo-coremltools/coremltools/converters/mil/mil/builder.py:181] Adding op '12' of type const
[20200630 16:33:21 INFO /Volumes/data/work/1duo-coremltools/coremltools/converters/mil/frontend/torch/ops.py:49] Converting op 24 : constant
[20200630 16:33:21 INFO /Volumes/data/work/1duo-coremltools/coremltools/converters/mil/mil/builder.py:181] Adding op '24' of type const
[20200630 16:33:21 INFO /Volumes/data/work/1duo-coremltools/coremltools/converters/mil/frontend/torch/ops.py:49] Converting op 16 : constant
[20200630 16:33:21 INFO /Volumes/data/work/1duo-coremltools/coremltools/converters/mil/mil/builder.py:181] Adding op '16' of type const
[20200630 16:33:21 INFO /Volumes/data/work/1duo-coremltools/coremltools/converters/mil/frontend/torch/ops.py:49] Converting op 17 : constant
[20200630 16:33:21 INFO /Volumes/data/work/1duo-coremltools/coremltools/converters/mil/mil/builder.py:181] Adding op '17' of type const
[20200630 16:33:21 INFO /Volumes/data/work/1duo-coremltools/coremltools/converters/mil/frontend/torch/ops.py:49] Converting op 18 : constant
[20200630 16:33:21 INFO /Volumes/data/work/1duo-coremltools/coremltools/converters/mil/mil/builder.py:181] Adding op '18' of type const
[20200630 16:33:21 INFO /Volumes/data/work/1duo-coremltools/coremltools/converters/mil/frontend/torch/ops.py:49] Converting op 19 : constant
[20200630 16:33:21 INFO /Volumes/data/work/1duo-coremltools/coremltools/converters/mil/mil/builder.py:181] Adding op '19' of type const
[20200630 16:33:21 INFO /Volumes/data/work/1duo-coremltools/coremltools/converters/mil/frontend/torch/ops.py:49] Converting op 20 : _convolution
[20200630 16:33:21 INFO /Volumes/data/work/1duo-coremltools/coremltools/converters/mil/mil/builder.py:181] Adding op '20' of type conv
[20200630 16:33:21 DEBUG /Volumes/data/work/1duo-coremltools/coremltools/converters/mil/mil/builder.py:93] Adding const op '20_pad_type_72'
[20200630 16:33:21 INFO /Volumes/data/work/1duo-coremltools/coremltools/converters/mil/mil/builder.py:181] Adding op '20_pad_type_72' of type const
[20200630 16:33:21 DEBUG /Volumes/data/work/1duo-coremltools/coremltools/converters/mil/mil/builder.py:93] Adding const op '20_pad_72'
[20200630 16:33:21 INFO /Volumes/data/work/1duo-coremltools/coremltools/converters/mil/mil/builder.py:181] Adding op '20_pad_72' of type const
[20200630 16:33:21 DEBUG /Volumes/data/work/1duo-coremltools/coremltools/converters/mil/mil/passes/common_pass.py:30] Program before common passes:
main(%input: (1, 1, 5, 7, fp32)) {
  block91() {
    %1: (1, 1, 3, 3, fp32)* = const(val=[[[[-0.2696821093559265, -0.19849038124084473, 0.03202572464942932], [0.2750779092311859, 0.09015405178070068, 0.11851796507835388], [-0.08609458804130554, -0.22745279967784882, 0.10691222548484802]]]], name="1")
    %2: (1,fp32)* = const(val=[0.24759641289710999], name="2")
    %21: (2,i32)* = const(val=[1, 1], name="21")
    %22: (2,i32)* = const(val=[1, 1], name="22")
    %23: (2,i32)* = const(val=[1, 1], name="23")
    %12: (bool)* = const(val=False, name="12")
    %24: (2,i32)* = const(val=[0, 0], name="24")
    %16: (i32)* = const(val=1, name="16")
    %17: (bool)* = const(val=False, name="17")
    %18: (bool)* = const(val=False, name="18")
    %19: (bool)* = const(val=True, name="19")
    %20_pad_type_72: (str)* = const(val="custom", name="20_pad_type_72")
    %20_pad_72: (4,i32)* = const(val=[1, 1, 1, 1], name="20_pad_72")
    %20: (1, 1, 5, 7, fp32) = conv(x=%input, weight=%1, bias=%2, strides=%21, pad_type=%20_pad_type_72, pad=%20_pad_72, dilations=%23, groups=%16, name="20")
  } -> (%20)
}

[20200630 16:33:21 INFO /Volumes/data/work/1duo-coremltools/coremltools/converters/mil/mil/passes/common_pass.py:34] Performing pass: "common::const_elimination"
[20200630 16:33:21 INFO /Volumes/data/work/1duo-coremltools/coremltools/converters/mil/mil/passes/common_pass.py:34] Performing pass: "common::divide_to_multiply"
[20200630 16:33:21 INFO /Volumes/data/work/1duo-coremltools/coremltools/converters/mil/mil/passes/common_pass.py:34] Performing pass: "common::fuse_matmul_weight_bias"
[20200630 16:33:21 INFO /Volumes/data/work/1duo-coremltools/coremltools/converters/mil/mil/passes/common_pass.py:34] Performing pass: "common::const_elimination"
[20200630 16:33:21 INFO /Volumes/data/work/1duo-coremltools/coremltools/converters/mil/mil/passes/common_pass.py:34] Performing pass: "common::loop_invariant_elimination"
[20200630 16:33:21 INFO /Volumes/data/work/1duo-coremltools/coremltools/converters/mil/mil/passes/common_pass.py:34] Performing pass: "common::remove_symbolic_reshape"
[20200630 16:33:21 INFO /Volumes/data/work/1duo-coremltools/coremltools/converters/mil/mil/passes/remove_symbolic_reshape.py:104] remove_symbolic_reshape: changed 0 reshapes.
[20200630 16:33:21 INFO /Volumes/data/work/1duo-coremltools/coremltools/converters/mil/mil/passes/common_pass.py:34] Performing pass: "common::fuse_gelu_tanh_approximation"
[20200630 16:33:21 INFO /Volumes/data/work/1duo-coremltools/coremltools/converters/mil/mil/passes/common_pass.py:34] Performing pass: "common::reduce_transposes"
[20200630 16:33:21 DEBUG /Volumes/data/work/1duo-coremltools/coremltools/converters/mil/mil/passes/reduce_transposes.py:989] Block before optimize transpose transform:
function(%input: (1, 1, 5, 7, fp32)) {
  block91() {
    %1: (1, 1, 3, 3, fp32)* = const(val=[[[[-0.2696821093559265, -0.19849038124084473, 0.03202572464942932], [0.2750779092311859, 0.09015405178070068, 0.11851796507835388], [-0.08609458804130554, -0.22745279967784882, 0.10691222548484802]]]], name="1")
    %2: (1,fp32)* = const(val=[0.24759641289710999], name="2")
    %21: (2,i32)* = const(val=[1, 1], name="21")
    %22: (2,i32)* = const(val=[1, 1], name="22")
    %23: (2,i32)* = const(val=[1, 1], name="23")
    %12: (bool)* = const(val=False, name="12")
    %24: (2,i32)* = const(val=[0, 0], name="24")
    %16: (i32)* = const(val=1, name="16")
    %17: (bool)* = const(val=False, name="17")
    %18: (bool)* = const(val=False, name="18")
    %19: (bool)* = const(val=True, name="19")
    %20_pad_type_72: (str)* = const(val="custom", name="20_pad_type_72")
    %20_pad_72: (4,i32)* = const(val=[1, 1, 1, 1], name="20_pad_72")
    %20: (1, 1, 5, 7, fp32) = conv(x=%input, weight=%1, bias=%2, strides=%21, pad_type=%20_pad_type_72, pad=%20_pad_72, dilations=%23, groups=%16, name="20")
  } -> (%20)
}

[20200630 16:33:21 DEBUG /Volumes/data/work/1duo-coremltools/coremltools/converters/mil/mil/passes/reduce_transposes.py:1024] Block after optimize transpose transform:
function(%input: (1, 1, 5, 7, fp32)) {
  block91() {
    %1: (1, 1, 3, 3, fp32)* = const(val=[[[[-0.2696821093559265, -0.19849038124084473, 0.03202572464942932], [0.2750779092311859, 0.09015405178070068, 0.11851796507835388], [-0.08609458804130554, -0.22745279967784882, 0.10691222548484802]]]], name="1")
    %2: (1,fp32)* = const(val=[0.24759641289710999], name="2")
    %21: (2,i32)* = const(val=[1, 1], name="21")
    %22: (2,i32)* = const(val=[1, 1], name="22")
    %23: (2,i32)* = const(val=[1, 1], name="23")
    %12: (bool)* = const(val=False, name="12")
    %24: (2,i32)* = const(val=[0, 0], name="24")
    %16: (i32)* = const(val=1, name="16")
    %17: (bool)* = const(val=False, name="17")
    %18: (bool)* = const(val=False, name="18")
    %19: (bool)* = const(val=True, name="19")
    %20_pad_type_72: (str)* = const(val="custom", name="20_pad_type_72")
    %20_pad_72: (4,i32)* = const(val=[1, 1, 1, 1], name="20_pad_72")
    %20: (1, 1, 5, 7, fp32) = conv(x=%input, weight=%1, bias=%2, strides=%21, pad_type=%20_pad_type_72, pad=%20_pad_72, dilations=%23, groups=%16, name="20")
  } -> (%20)
}

[20200630 16:33:21 INFO /Volumes/data/work/1duo-coremltools/coremltools/converters/mil/mil/passes/common_pass.py:34] Performing pass: "common::fuse_bias_conv"
[20200630 16:33:21 INFO /Volumes/data/work/1duo-coremltools/coremltools/converters/mil/mil/passes/common_pass.py:34] Performing pass: "common::fuse_elementwise_to_batchnorm"
[20200630 16:33:21 INFO /Volumes/data/work/1duo-coremltools/coremltools/converters/mil/mil/passes/common_pass.py:34] Performing pass: "common::fuse_onehot_matmul_to_gather"
[20200630 16:33:21 INFO /Volumes/data/work/1duo-coremltools/coremltools/converters/mil/mil/passes/common_pass.py:34] Performing pass: "common::fuse_layernorm_or_instancenorm"
[20200630 16:33:21 INFO /Volumes/data/work/1duo-coremltools/coremltools/converters/mil/mil/passes/common_pass.py:34] Performing pass: "common::dead_code_elimination"
[20200630 16:33:21 INFO /Volumes/data/work/1duo-coremltools/coremltools/converters/mil/mil/passes/dead_code_elimination.py:35] Removing op "19" (type: const)
[20200630 16:33:21 INFO /Volumes/data/work/1duo-coremltools/coremltools/converters/mil/mil/passes/dead_code_elimination.py:35] Removing op "18" (type: const)
[20200630 16:33:21 INFO /Volumes/data/work/1duo-coremltools/coremltools/converters/mil/mil/passes/dead_code_elimination.py:35] Removing op "17" (type: const)
[20200630 16:33:21 INFO /Volumes/data/work/1duo-coremltools/coremltools/converters/mil/mil/passes/dead_code_elimination.py:35] Removing op "24" (type: const)
[20200630 16:33:21 INFO /Volumes/data/work/1duo-coremltools/coremltools/converters/mil/mil/passes/dead_code_elimination.py:35] Removing op "12" (type: const)
[20200630 16:33:21 INFO /Volumes/data/work/1duo-coremltools/coremltools/converters/mil/mil/passes/dead_code_elimination.py:35] Removing op "22" (type: const)
[20200630 16:33:21 DEBUG /Volumes/data/work/1duo-coremltools/coremltools/converters/mil/mil/passes/common_pass.py:38] Program after common passes:
main(%input: (1, 1, 5, 7, fp32)) {
  block91() {
    %1: (1, 1, 3, 3, fp32)* = const(val=[[[[-0.2696821093559265, -0.19849038124084473, 0.03202572464942932], [0.2750779092311859, 0.09015405178070068, 0.11851796507835388], [-0.08609458804130554, -0.22745279967784882, 0.10691222548484802]]]], name="1")
    %2: (1,fp32)* = const(val=[0.24759641289710999], name="2")
    %21: (2,i32)* = const(val=[1, 1], name="21")
    %23: (2,i32)* = const(val=[1, 1], name="23")
    %16: (i32)* = const(val=1, name="16")
    %20_pad_type_72: (str)* = const(val="custom", name="20_pad_type_72")
    %20_pad_72: (4,i32)* = const(val=[1, 1, 1, 1], name="20_pad_72")
    %20: (1, 1, 5, 7, fp32) = conv(x=%input, weight=%1, bias=%2, strides=%21, pad_type=%20_pad_type_72, pad=%20_pad_72, dilations=%23, groups=%16, name="20")
  } -> (%20)
}

[20200630 16:33:21 INFO /Volumes/data/work/1duo-coremltools/coremltools/converters/mil/backend/nn/passes/nn_passes.py:22] Performing passes for nn_backend: "nn_backend::commingle_loop_vars"
[20200630 16:33:21 INFO /Volumes/data/work/1duo-coremltools/coremltools/converters/mil/backend/nn/passes/nn_passes.py:22] Performing passes for nn_backend: "nn_backend::handle_return_inputs_as_outputs"
[20200630 16:33:21 INFO /Volumes/data/work/1duo-coremltools/coremltools/converters/mil/backend/nn/passes/nn_passes.py:22] Performing passes for nn_backend: "common::const_elimination"
[20200630 16:33:21 INFO /Volumes/data/work/1duo-coremltools/coremltools/converters/mil/backend/nn/passes/nn_passes.py:22] Performing passes for nn_backend: "common::dead_code_elimination"
[20200630 16:33:21 INFO /Volumes/data/work/1duo-coremltools/coremltools/converters/mil/backend/nn/passes/nn_passes.py:22] Performing passes for nn_backend: "nn_backend::handle_unused_inputs"
[20200630 16:33:21 INFO /Volumes/data/work/1duo-coremltools/coremltools/converters/mil/backend/nn/passes/nn_passes.py:22] Performing passes for nn_backend: "nn_backend::alert_return_type_cast"
[20200630 16:33:21 DEBUG /Volumes/data/work/1duo-coremltools/coremltools/converters/mil/backend/nn/passes/nn_passes.py:26] Program after nn backend passes:
main(%input: (1, 1, 5, 7, fp32)) {
  block91() {
    %1: (1, 1, 3, 3, fp32)* = const(val=[[[[-0.2696821093559265, -0.19849038124084473, 0.03202572464942932], [0.2750779092311859, 0.09015405178070068, 0.11851796507835388], [-0.08609458804130554, -0.22745279967784882, 0.10691222548484802]]]], name="1")
    %2: (1,fp32)* = const(val=[0.24759641289710999], name="2")
    %21: (2,i32)* = const(val=[1, 1], name="21")
    %23: (2,i32)* = const(val=[1, 1], name="23")
    %16: (i32)* = const(val=1, name="16")
    %20_pad_type_72: (str)* = const(val="custom", name="20_pad_type_72")
    %20_pad_72: (4,i32)* = const(val=[1, 1, 1, 1], name="20_pad_72")
    %20: (1, 1, 5, 7, fp32) = conv(x=%input, weight=%1, bias=%2, strides=%21, pad_type=%20_pad_type_72, pad=%20_pad_72, dilations=%23, groups=%16, name="20")
  } -> (%20)
}

[20200630 16:33:21 INFO /Volumes/data/work/1duo-coremltools/coremltools/converters/mil/frontend/torch/converter.py:269] Converting graph.
[20200630 16:33:21 INFO /Volumes/data/work/1duo-coremltools/coremltools/converters/mil/mil/builder.py:181] Adding op '1' of type const
[20200630 16:33:21 INFO /Volumes/data/work/1duo-coremltools/coremltools/converters/mil/mil/builder.py:181] Adding op '2' of type const
[20200630 16:33:21 INFO /Volumes/data/work/1duo-coremltools/coremltools/converters/mil/frontend/torch/ops.py:49] Converting op 21 : constant
[20200630 16:33:21 INFO /Volumes/data/work/1duo-coremltools/coremltools/converters/mil/mil/builder.py:181] Adding op '21' of type const
[20200630 16:33:21 INFO /Volumes/data/work/1duo-coremltools/coremltools/converters/mil/frontend/torch/ops.py:49] Converting op 22 : constant
[20200630 16:33:21 INFO /Volumes/data/work/1duo-coremltools/coremltools/converters/mil/mil/builder.py:181] Adding op '22' of type const
[20200630 16:33:21 INFO /Volumes/data/work/1duo-coremltools/coremltools/converters/mil/frontend/torch/ops.py:49] Converting op 23 : constant
[20200630 16:33:21 INFO /Volumes/data/work/1duo-coremltools/coremltools/converters/mil/mil/builder.py:181] Adding op '23' of type const
[20200630 16:33:21 INFO /Volumes/data/work/1duo-coremltools/coremltools/converters/mil/frontend/torch/ops.py:49] Converting op 12 : constant
[20200630 16:33:21 INFO /Volumes/data/work/1duo-coremltools/coremltools/converters/mil/mil/builder.py:181] Adding op '12' of type const
[20200630 16:33:21 INFO /Volumes/data/work/1duo-coremltools/coremltools/converters/mil/frontend/torch/ops.py:49] Converting op 24 : constant
[20200630 16:33:21 INFO /Volumes/data/work/1duo-coremltools/coremltools/converters/mil/mil/builder.py:181] Adding op '24' of type const
[20200630 16:33:21 INFO /Volumes/data/work/1duo-coremltools/coremltools/converters/mil/frontend/torch/ops.py:49] Converting op 16 : constant
[20200630 16:33:21 INFO /Volumes/data/work/1duo-coremltools/coremltools/converters/mil/mil/builder.py:181] Adding op '16' of type const
[20200630 16:33:21 INFO /Volumes/data/work/1duo-coremltools/coremltools/converters/mil/frontend/torch/ops.py:49] Converting op 17 : constant
[20200630 16:33:21 INFO /Volumes/data/work/1duo-coremltools/coremltools/converters/mil/mil/builder.py:181] Adding op '17' of type const
[20200630 16:33:21 INFO /Volumes/data/work/1duo-coremltools/coremltools/converters/mil/frontend/torch/ops.py:49] Converting op 18 : constant
[20200630 16:33:21 INFO /Volumes/data/work/1duo-coremltools/coremltools/converters/mil/mil/builder.py:181] Adding op '18' of type const
[20200630 16:33:21 INFO /Volumes/data/work/1duo-coremltools/coremltools/converters/mil/frontend/torch/ops.py:49] Converting op 19 : constant
[20200630 16:33:21 INFO /Volumes/data/work/1duo-coremltools/coremltools/converters/mil/mil/builder.py:181] Adding op '19' of type const
[20200630 16:33:21 INFO /Volumes/data/work/1duo-coremltools/coremltools/converters/mil/frontend/torch/ops.py:49] Converting op 20 : _convolution
[20200630 16:33:21 INFO /Volumes/data/work/1duo-coremltools/coremltools/converters/mil/mil/builder.py:181] Adding op '20' of type conv
[20200630 16:33:21 DEBUG /Volumes/data/work/1duo-coremltools/coremltools/converters/mil/mil/builder.py:93] Adding const op '20_pad_type_73'
[20200630 16:33:21 INFO /Volumes/data/work/1duo-coremltools/coremltools/converters/mil/mil/builder.py:181] Adding op '20_pad_type_73' of type const
[20200630 16:33:21 DEBUG /Volumes/data/work/1duo-coremltools/coremltools/converters/mil/mil/builder.py:93] Adding const op '20_pad_73'
[20200630 16:33:21 INFO /Volumes/data/work/1duo-coremltools/coremltools/converters/mil/mil/builder.py:181] Adding op '20_pad_73' of type const
[20200630 16:33:21 DEBUG /Volumes/data/work/1duo-coremltools/coremltools/converters/mil/mil/passes/common_pass.py:30] Program before common passes:
main(%input: (1, 1, 5, 7, fp32)) {
  block92() {
    %1: (1, 1, 3, 3, fp32)* = const(val=[[[[-0.3158752918243408, 0.2622118294239044, -0.08299753069877625], [0.07547736167907715, 0.0796658992767334, -0.237540602684021], [0.3263936936855316, 0.3046375811100006, -0.2866661548614502]]]], name="1")
    %2: (1,fp32)* = const(val=[0.22132375836372375], name="2")
    %21: (2,i32)* = const(val=[1, 1], name="21")
    %22: (2,i32)* = const(val=[1, 1], name="22")
    %23: (2,i32)* = const(val=[3, 3], name="23")
    %12: (bool)* = const(val=False, name="12")
    %24: (2,i32)* = const(val=[0, 0], name="24")
    %16: (i32)* = const(val=1, name="16")
    %17: (bool)* = const(val=False, name="17")
    %18: (bool)* = const(val=False, name="18")
    %19: (bool)* = const(val=True, name="19")
    %20_pad_type_73: (str)* = const(val="custom", name="20_pad_type_73")
    %20_pad_73: (4,i32)* = const(val=[1, 1, 1, 1], name="20_pad_73")
    %20: (1, 1, 1, 3, fp32) = conv(x=%input, weight=%1, bias=%2, strides=%21, pad_type=%20_pad_type_73, pad=%20_pad_73, dilations=%23, groups=%16, name="20")
  } -> (%20)
}

[20200630 16:33:21 INFO /Volumes/data/work/1duo-coremltools/coremltools/converters/mil/mil/passes/common_pass.py:34] Performing pass: "common::const_elimination"
[20200630 16:33:21 INFO /Volumes/data/work/1duo-coremltools/coremltools/converters/mil/mil/passes/common_pass.py:34] Performing pass: "common::divide_to_multiply"
[20200630 16:33:21 INFO /Volumes/data/work/1duo-coremltools/coremltools/converters/mil/mil/passes/common_pass.py:34] Performing pass: "common::fuse_matmul_weight_bias"
[20200630 16:33:21 INFO /Volumes/data/work/1duo-coremltools/coremltools/converters/mil/mil/passes/common_pass.py:34] Performing pass: "common::const_elimination"
[20200630 16:33:21 INFO /Volumes/data/work/1duo-coremltools/coremltools/converters/mil/mil/passes/common_pass.py:34] Performing pass: "common::loop_invariant_elimination"
[20200630 16:33:21 INFO /Volumes/data/work/1duo-coremltools/coremltools/converters/mil/mil/passes/common_pass.py:34] Performing pass: "common::remove_symbolic_reshape"
[20200630 16:33:21 INFO /Volumes/data/work/1duo-coremltools/coremltools/converters/mil/mil/passes/remove_symbolic_reshape.py:104] remove_symbolic_reshape: changed 0 reshapes.
[20200630 16:33:21 INFO /Volumes/data/work/1duo-coremltools/coremltools/converters/mil/mil/passes/common_pass.py:34] Performing pass: "common::fuse_gelu_tanh_approximation"
[20200630 16:33:21 INFO /Volumes/data/work/1duo-coremltools/coremltools/converters/mil/mil/passes/common_pass.py:34] Performing pass: "common::reduce_transposes"
[20200630 16:33:21 DEBUG /Volumes/data/work/1duo-coremltools/coremltools/converters/mil/mil/passes/reduce_transposes.py:989] Block before optimize transpose transform:
function(%input: (1, 1, 5, 7, fp32)) {
  block92() {
    %1: (1, 1, 3, 3, fp32)* = const(val=[[[[-0.3158752918243408, 0.2622118294239044, -0.08299753069877625], [0.07547736167907715, 0.0796658992767334, -0.237540602684021], [0.3263936936855316, 0.3046375811100006, -0.2866661548614502]]]], name="1")
    %2: (1,fp32)* = const(val=[0.22132375836372375], name="2")
    %21: (2,i32)* = const(val=[1, 1], name="21")
    %22: (2,i32)* = const(val=[1, 1], name="22")
    %23: (2,i32)* = const(val=[3, 3], name="23")
    %12: (bool)* = const(val=False, name="12")
    %24: (2,i32)* = const(val=[0, 0], name="24")
    %16: (i32)* = const(val=1, name="16")
    %17: (bool)* = const(val=False, name="17")
    %18: (bool)* = const(val=False, name="18")
    %19: (bool)* = const(val=True, name="19")
    %20_pad_type_73: (str)* = const(val="custom", name="20_pad_type_73")
    %20_pad_73: (4,i32)* = const(val=[1, 1, 1, 1], name="20_pad_73")
    %20: (1, 1, 1, 3, fp32) = conv(x=%input, weight=%1, bias=%2, strides=%21, pad_type=%20_pad_type_73, pad=%20_pad_73, dilations=%23, groups=%16, name="20")
  } -> (%20)
}

[20200630 16:33:21 DEBUG /Volumes/data/work/1duo-coremltools/coremltools/converters/mil/mil/passes/reduce_transposes.py:1024] Block after optimize transpose transform:
function(%input: (1, 1, 5, 7, fp32)) {
  block92() {
    %1: (1, 1, 3, 3, fp32)* = const(val=[[[[-0.3158752918243408, 0.2622118294239044, -0.08299753069877625], [0.07547736167907715, 0.0796658992767334, -0.237540602684021], [0.3263936936855316, 0.3046375811100006, -0.2866661548614502]]]], name="1")
    %2: (1,fp32)* = const(val=[0.22132375836372375], name="2")
    %21: (2,i32)* = const(val=[1, 1], name="21")
    %22: (2,i32)* = const(val=[1, 1], name="22")
    %23: (2,i32)* = const(val=[3, 3], name="23")
    %12: (bool)* = const(val=False, name="12")
    %24: (2,i32)* = const(val=[0, 0], name="24")
    %16: (i32)* = const(val=1, name="16")
    %17: (bool)* = const(val=False, name="17")
    %18: (bool)* = const(val=False, name="18")
    %19: (bool)* = const(val=True, name="19")
    %20_pad_type_73: (str)* = const(val="custom", name="20_pad_type_73")
    %20_pad_73: (4,i32)* = const(val=[1, 1, 1, 1], name="20_pad_73")
    %20: (1, 1, 1, 3, fp32) = conv(x=%input, weight=%1, bias=%2, strides=%21, pad_type=%20_pad_type_73, pad=%20_pad_73, dilations=%23, groups=%16, name="20")
  } -> (%20)
}

[20200630 16:33:21 INFO /Volumes/data/work/1duo-coremltools/coremltools/converters/mil/mil/passes/common_pass.py:34] Performing pass: "common::fuse_bias_conv"
[20200630 16:33:21 INFO /Volumes/data/work/1duo-coremltools/coremltools/converters/mil/mil/passes/common_pass.py:34] Performing pass: "common::fuse_elementwise_to_batchnorm"
[20200630 16:33:21 INFO /Volumes/data/work/1duo-coremltools/coremltools/converters/mil/mil/passes/common_pass.py:34] Performing pass: "common::fuse_onehot_matmul_to_gather"
[20200630 16:33:21 INFO /Volumes/data/work/1duo-coremltools/coremltools/converters/mil/mil/passes/common_pass.py:34] Performing pass: "common::fuse_layernorm_or_instancenorm"
[20200630 16:33:21 INFO /Volumes/data/work/1duo-coremltools/coremltools/converters/mil/mil/passes/common_pass.py:34] Performing pass: "common::dead_code_elimination"
[20200630 16:33:21 INFO /Volumes/data/work/1duo-coremltools/coremltools/converters/mil/mil/passes/dead_code_elimination.py:35] Removing op "19" (type: const)
[20200630 16:33:21 INFO /Volumes/data/work/1duo-coremltools/coremltools/converters/mil/mil/passes/dead_code_elimination.py:35] Removing op "18" (type: const)
[20200630 16:33:21 INFO /Volumes/data/work/1duo-coremltools/coremltools/converters/mil/mil/passes/dead_code_elimination.py:35] Removing op "17" (type: const)
[20200630 16:33:21 INFO /Volumes/data/work/1duo-coremltools/coremltools/converters/mil/mil/passes/dead_code_elimination.py:35] Removing op "24" (type: const)
[20200630 16:33:21 INFO /Volumes/data/work/1duo-coremltools/coremltools/converters/mil/mil/passes/dead_code_elimination.py:35] Removing op "12" (type: const)
[20200630 16:33:21 INFO /Volumes/data/work/1duo-coremltools/coremltools/converters/mil/mil/passes/dead_code_elimination.py:35] Removing op "22" (type: const)
[20200630 16:33:21 DEBUG /Volumes/data/work/1duo-coremltools/coremltools/converters/mil/mil/passes/common_pass.py:38] Program after common passes:
main(%input: (1, 1, 5, 7, fp32)) {
  block92() {
    %1: (1, 1, 3, 3, fp32)* = const(val=[[[[-0.3158752918243408, 0.2622118294239044, -0.08299753069877625], [0.07547736167907715, 0.0796658992767334, -0.237540602684021], [0.3263936936855316, 0.3046375811100006, -0.2866661548614502]]]], name="1")
    %2: (1,fp32)* = const(val=[0.22132375836372375], name="2")
    %21: (2,i32)* = const(val=[1, 1], name="21")
    %23: (2,i32)* = const(val=[3, 3], name="23")
    %16: (i32)* = const(val=1, name="16")
    %20_pad_type_73: (str)* = const(val="custom", name="20_pad_type_73")
    %20_pad_73: (4,i32)* = const(val=[1, 1, 1, 1], name="20_pad_73")
    %20: (1, 1, 1, 3, fp32) = conv(x=%input, weight=%1, bias=%2, strides=%21, pad_type=%20_pad_type_73, pad=%20_pad_73, dilations=%23, groups=%16, name="20")
  } -> (%20)
}

[20200630 16:33:21 INFO /Volumes/data/work/1duo-coremltools/coremltools/converters/mil/backend/nn/passes/nn_passes.py:22] Performing passes for nn_backend: "nn_backend::commingle_loop_vars"
[20200630 16:33:21 INFO /Volumes/data/work/1duo-coremltools/coremltools/converters/mil/backend/nn/passes/nn_passes.py:22] Performing passes for nn_backend: "nn_backend::handle_return_inputs_as_outputs"
[20200630 16:33:21 INFO /Volumes/data/work/1duo-coremltools/coremltools/converters/mil/backend/nn/passes/nn_passes.py:22] Performing passes for nn_backend: "common::const_elimination"
[20200630 16:33:21 INFO /Volumes/data/work/1duo-coremltools/coremltools/converters/mil/backend/nn/passes/nn_passes.py:22] Performing passes for nn_backend: "common::dead_code_elimination"
[20200630 16:33:21 INFO /Volumes/data/work/1duo-coremltools/coremltools/converters/mil/backend/nn/passes/nn_passes.py:22] Performing passes for nn_backend: "nn_backend::handle_unused_inputs"
[20200630 16:33:21 INFO /Volumes/data/work/1duo-coremltools/coremltools/converters/mil/backend/nn/passes/nn_passes.py:22] Performing passes for nn_backend: "nn_backend::alert_return_type_cast"
[20200630 16:33:21 DEBUG /Volumes/data/work/1duo-coremltools/coremltools/converters/mil/backend/nn/passes/nn_passes.py:26] Program after nn backend passes:
main(%input: (1, 1, 5, 7, fp32)) {
  block92() {
    %1: (1, 1, 3, 3, fp32)* = const(val=[[[[-0.3158752918243408, 0.2622118294239044, -0.08299753069877625], [0.07547736167907715, 0.0796658992767334, -0.237540602684021], [0.3263936936855316, 0.3046375811100006, -0.2866661548614502]]]], name="1")
    %2: (1,fp32)* = const(val=[0.22132375836372375], name="2")
    %21: (2,i32)* = const(val=[1, 1], name="21")
    %23: (2,i32)* = const(val=[3, 3], name="23")
    %16: (i32)* = const(val=1, name="16")
    %20_pad_type_73: (str)* = const(val="custom", name="20_pad_type_73")
    %20_pad_73: (4,i32)* = const(val=[1, 1, 1, 1], name="20_pad_73")
    %20: (1, 1, 1, 3, fp32) = conv(x=%input, weight=%1, bias=%2, strides=%21, pad_type=%20_pad_type_73, pad=%20_pad_73, dilations=%23, groups=%16, name="20")
  } -> (%20)
}

[20200630 16:33:22 INFO /Volumes/data/work/1duo-coremltools/coremltools/converters/mil/frontend/torch/converter.py:269] Converting graph.
[20200630 16:33:22 INFO /Volumes/data/work/1duo-coremltools/coremltools/converters/mil/mil/builder.py:181] Adding op '1' of type const
[20200630 16:33:22 INFO /Volumes/data/work/1duo-coremltools/coremltools/converters/mil/mil/builder.py:181] Adding op '2' of type const
[20200630 16:33:22 INFO /Volumes/data/work/1duo-coremltools/coremltools/converters/mil/frontend/torch/ops.py:49] Converting op 21 : constant
[20200630 16:33:22 INFO /Volumes/data/work/1duo-coremltools/coremltools/converters/mil/mil/builder.py:181] Adding op '21' of type const
[20200630 16:33:22 INFO /Volumes/data/work/1duo-coremltools/coremltools/converters/mil/frontend/torch/ops.py:49] Converting op 22 : constant
[20200630 16:33:22 INFO /Volumes/data/work/1duo-coremltools/coremltools/converters/mil/mil/builder.py:181] Adding op '22' of type const
[20200630 16:33:22 INFO /Volumes/data/work/1duo-coremltools/coremltools/converters/mil/frontend/torch/ops.py:49] Converting op 23 : constant
[20200630 16:33:22 INFO /Volumes/data/work/1duo-coremltools/coremltools/converters/mil/mil/builder.py:181] Adding op '23' of type const
[20200630 16:33:22 INFO /Volumes/data/work/1duo-coremltools/coremltools/converters/mil/frontend/torch/ops.py:49] Converting op 12 : constant
[20200630 16:33:22 INFO /Volumes/data/work/1duo-coremltools/coremltools/converters/mil/mil/builder.py:181] Adding op '12' of type const
[20200630 16:33:22 INFO /Volumes/data/work/1duo-coremltools/coremltools/converters/mil/frontend/torch/ops.py:49] Converting op 24 : constant
[20200630 16:33:22 INFO /Volumes/data/work/1duo-coremltools/coremltools/converters/mil/mil/builder.py:181] Adding op '24' of type const
[20200630 16:33:22 INFO /Volumes/data/work/1duo-coremltools/coremltools/converters/mil/frontend/torch/ops.py:49] Converting op 16 : constant
[20200630 16:33:22 INFO /Volumes/data/work/1duo-coremltools/coremltools/converters/mil/mil/builder.py:181] Adding op '16' of type const
[20200630 16:33:22 INFO /Volumes/data/work/1duo-coremltools/coremltools/converters/mil/frontend/torch/ops.py:49] Converting op 17 : constant
[20200630 16:33:22 INFO /Volumes/data/work/1duo-coremltools/coremltools/converters/mil/mil/builder.py:181] Adding op '17' of type const
[20200630 16:33:22 INFO /Volumes/data/work/1duo-coremltools/coremltools/converters/mil/frontend/torch/ops.py:49] Converting op 18 : constant
[20200630 16:33:22 INFO /Volumes/data/work/1duo-coremltools/coremltools/converters/mil/mil/builder.py:181] Adding op '18' of type const
[20200630 16:33:22 INFO /Volumes/data/work/1duo-coremltools/coremltools/converters/mil/frontend/torch/ops.py:49] Converting op 19 : constant
[20200630 16:33:22 INFO /Volumes/data/work/1duo-coremltools/coremltools/converters/mil/mil/builder.py:181] Adding op '19' of type const
[20200630 16:33:22 INFO /Volumes/data/work/1duo-coremltools/coremltools/converters/mil/frontend/torch/ops.py:49] Converting op 20 : _convolution
[20200630 16:33:22 INFO /Volumes/data/work/1duo-coremltools/coremltools/converters/mil/mil/builder.py:181] Adding op '20' of type conv
[20200630 16:33:22 DEBUG /Volumes/data/work/1duo-coremltools/coremltools/converters/mil/mil/builder.py:93] Adding const op '20_pad_type_74'
[20200630 16:33:22 INFO /Volumes/data/work/1duo-coremltools/coremltools/converters/mil/mil/builder.py:181] Adding op '20_pad_type_74' of type const
[20200630 16:33:22 DEBUG /Volumes/data/work/1duo-coremltools/coremltools/converters/mil/mil/builder.py:93] Adding const op '20_pad_74'
[20200630 16:33:22 INFO /Volumes/data/work/1duo-coremltools/coremltools/converters/mil/mil/builder.py:181] Adding op '20_pad_74' of type const
[20200630 16:33:22 DEBUG /Volumes/data/work/1duo-coremltools/coremltools/converters/mil/mil/passes/common_pass.py:30] Program before common passes:
main(%input: (1, 1, 5, 7, fp32)) {
  block93() {
    %1: (1, 1, 3, 3, fp32)* = const(val=[[[[0.02945694327354431, -0.18321006000041962, 0.2209557592868805], [0.21570679545402527, -0.036428362131118774, 0.13739106059074402], [-0.016412019729614258, 0.06073498725891113, -0.0669710636138916]]]], name="1")
    %2: (1,fp32)* = const(val=[0.08135020732879639], name="2")
    %21: (2,i32)* = const(val=[1, 1], name="21")
    %22: (2,i32)* = const(val=[3, 3], name="22")
    %23: (2,i32)* = const(val=[1, 1], name="23")
    %12: (bool)* = const(val=False, name="12")
    %24: (2,i32)* = const(val=[0, 0], name="24")
    %16: (i32)* = const(val=1, name="16")
    %17: (bool)* = const(val=False, name="17")
    %18: (bool)* = const(val=False, name="18")
    %19: (bool)* = const(val=True, name="19")
    %20_pad_type_74: (str)* = const(val="custom", name="20_pad_type_74")
    %20_pad_74: (4,i32)* = const(val=[3, 3, 3, 3], name="20_pad_74")
    %20: (1, 1, 9, 11, fp32) = conv(x=%input, weight=%1, bias=%2, strides=%21, pad_type=%20_pad_type_74, pad=%20_pad_74, dilations=%23, groups=%16, name="20")
  } -> (%20)
}

[20200630 16:33:22 INFO /Volumes/data/work/1duo-coremltools/coremltools/converters/mil/mil/passes/common_pass.py:34] Performing pass: "common::const_elimination"
[20200630 16:33:22 INFO /Volumes/data/work/1duo-coremltools/coremltools/converters/mil/mil/passes/common_pass.py:34] Performing pass: "common::divide_to_multiply"
[20200630 16:33:22 INFO /Volumes/data/work/1duo-coremltools/coremltools/converters/mil/mil/passes/common_pass.py:34] Performing pass: "common::fuse_matmul_weight_bias"
[20200630 16:33:22 INFO /Volumes/data/work/1duo-coremltools/coremltools/converters/mil/mil/passes/common_pass.py:34] Performing pass: "common::const_elimination"
[20200630 16:33:22 INFO /Volumes/data/work/1duo-coremltools/coremltools/converters/mil/mil/passes/common_pass.py:34] Performing pass: "common::loop_invariant_elimination"
[20200630 16:33:22 INFO /Volumes/data/work/1duo-coremltools/coremltools/converters/mil/mil/passes/common_pass.py:34] Performing pass: "common::remove_symbolic_reshape"
[20200630 16:33:22 INFO /Volumes/data/work/1duo-coremltools/coremltools/converters/mil/mil/passes/remove_symbolic_reshape.py:104] remove_symbolic_reshape: changed 0 reshapes.
[20200630 16:33:22 INFO /Volumes/data/work/1duo-coremltools/coremltools/converters/mil/mil/passes/common_pass.py:34] Performing pass: "common::fuse_gelu_tanh_approximation"
[20200630 16:33:22 INFO /Volumes/data/work/1duo-coremltools/coremltools/converters/mil/mil/passes/common_pass.py:34] Performing pass: "common::reduce_transposes"
[20200630 16:33:22 DEBUG /Volumes/data/work/1duo-coremltools/coremltools/converters/mil/mil/passes/reduce_transposes.py:989] Block before optimize transpose transform:
function(%input: (1, 1, 5, 7, fp32)) {
  block93() {
    %1: (1, 1, 3, 3, fp32)* = const(val=[[[[0.02945694327354431, -0.18321006000041962, 0.2209557592868805], [0.21570679545402527, -0.036428362131118774, 0.13739106059074402], [-0.016412019729614258, 0.06073498725891113, -0.0669710636138916]]]], name="1")
    %2: (1,fp32)* = const(val=[0.08135020732879639], name="2")
    %21: (2,i32)* = const(val=[1, 1], name="21")
    %22: (2,i32)* = const(val=[3, 3], name="22")
    %23: (2,i32)* = const(val=[1, 1], name="23")
    %12: (bool)* = const(val=False, name="12")
    %24: (2,i32)* = const(val=[0, 0], name="24")
    %16: (i32)* = const(val=1, name="16")
    %17: (bool)* = const(val=False, name="17")
    %18: (bool)* = const(val=False, name="18")
    %19: (bool)* = const(val=True, name="19")
    %20_pad_type_74: (str)* = const(val="custom", name="20_pad_type_74")
    %20_pad_74: (4,i32)* = const(val=[3, 3, 3, 3], name="20_pad_74")
    %20: (1, 1, 9, 11, fp32) = conv(x=%input, weight=%1, bias=%2, strides=%21, pad_type=%20_pad_type_74, pad=%20_pad_74, dilations=%23, groups=%16, name="20")
  } -> (%20)
}

[20200630 16:33:22 DEBUG /Volumes/data/work/1duo-coremltools/coremltools/converters/mil/mil/passes/reduce_transposes.py:1024] Block after optimize transpose transform:
function(%input: (1, 1, 5, 7, fp32)) {
  block93() {
    %1: (1, 1, 3, 3, fp32)* = const(val=[[[[0.02945694327354431, -0.18321006000041962, 0.2209557592868805], [0.21570679545402527, -0.036428362131118774, 0.13739106059074402], [-0.016412019729614258, 0.06073498725891113, -0.0669710636138916]]]], name="1")
    %2: (1,fp32)* = const(val=[0.08135020732879639], name="2")
    %21: (2,i32)* = const(val=[1, 1], name="21")
    %22: (2,i32)* = const(val=[3, 3], name="22")
    %23: (2,i32)* = const(val=[1, 1], name="23")
    %12: (bool)* = const(val=False, name="12")
    %24: (2,i32)* = const(val=[0, 0], name="24")
    %16: (i32)* = const(val=1, name="16")
    %17: (bool)* = const(val=False, name="17")
    %18: (bool)* = const(val=False, name="18")
    %19: (bool)* = const(val=True, name="19")
    %20_pad_type_74: (str)* = const(val="custom", name="20_pad_type_74")
    %20_pad_74: (4,i32)* = const(val=[3, 3, 3, 3], name="20_pad_74")
    %20: (1, 1, 9, 11, fp32) = conv(x=%input, weight=%1, bias=%2, strides=%21, pad_type=%20_pad_type_74, pad=%20_pad_74, dilations=%23, groups=%16, name="20")
  } -> (%20)
}

[20200630 16:33:22 INFO /Volumes/data/work/1duo-coremltools/coremltools/converters/mil/mil/passes/common_pass.py:34] Performing pass: "common::fuse_bias_conv"
[20200630 16:33:22 INFO /Volumes/data/work/1duo-coremltools/coremltools/converters/mil/mil/passes/common_pass.py:34] Performing pass: "common::fuse_elementwise_to_batchnorm"
[20200630 16:33:22 INFO /Volumes/data/work/1duo-coremltools/coremltools/converters/mil/mil/passes/common_pass.py:34] Performing pass: "common::fuse_onehot_matmul_to_gather"
[20200630 16:33:22 INFO /Volumes/data/work/1duo-coremltools/coremltools/converters/mil/mil/passes/common_pass.py:34] Performing pass: "common::fuse_layernorm_or_instancenorm"
[20200630 16:33:22 INFO /Volumes/data/work/1duo-coremltools/coremltools/converters/mil/mil/passes/common_pass.py:34] Performing pass: "common::dead_code_elimination"
[20200630 16:33:22 INFO /Volumes/data/work/1duo-coremltools/coremltools/converters/mil/mil/passes/dead_code_elimination.py:35] Removing op "19" (type: const)
[20200630 16:33:22 INFO /Volumes/data/work/1duo-coremltools/coremltools/converters/mil/mil/passes/dead_code_elimination.py:35] Removing op "18" (type: const)
[20200630 16:33:22 INFO /Volumes/data/work/1duo-coremltools/coremltools/converters/mil/mil/passes/dead_code_elimination.py:35] Removing op "17" (type: const)
[20200630 16:33:22 INFO /Volumes/data/work/1duo-coremltools/coremltools/converters/mil/mil/passes/dead_code_elimination.py:35] Removing op "24" (type: const)
[20200630 16:33:22 INFO /Volumes/data/work/1duo-coremltools/coremltools/converters/mil/mil/passes/dead_code_elimination.py:35] Removing op "12" (type: const)
[20200630 16:33:22 INFO /Volumes/data/work/1duo-coremltools/coremltools/converters/mil/mil/passes/dead_code_elimination.py:35] Removing op "22" (type: const)
[20200630 16:33:22 DEBUG /Volumes/data/work/1duo-coremltools/coremltools/converters/mil/mil/passes/common_pass.py:38] Program after common passes:
main(%input: (1, 1, 5, 7, fp32)) {
  block93() {
    %1: (1, 1, 3, 3, fp32)* = const(val=[[[[0.02945694327354431, -0.18321006000041962, 0.2209557592868805], [0.21570679545402527, -0.036428362131118774, 0.13739106059074402], [-0.016412019729614258, 0.06073498725891113, -0.0669710636138916]]]], name="1")
    %2: (1,fp32)* = const(val=[0.08135020732879639], name="2")
    %21: (2,i32)* = const(val=[1, 1], name="21")
    %23: (2,i32)* = const(val=[1, 1], name="23")
    %16: (i32)* = const(val=1, name="16")
    %20_pad_type_74: (str)* = const(val="custom", name="20_pad_type_74")
    %20_pad_74: (4,i32)* = const(val=[3, 3, 3, 3], name="20_pad_74")
    %20: (1, 1, 9, 11, fp32) = conv(x=%input, weight=%1, bias=%2, strides=%21, pad_type=%20_pad_type_74, pad=%20_pad_74, dilations=%23, groups=%16, name="20")
  } -> (%20)
}

[20200630 16:33:22 INFO /Volumes/data/work/1duo-coremltools/coremltools/converters/mil/backend/nn/passes/nn_passes.py:22] Performing passes for nn_backend: "nn_backend::commingle_loop_vars"
[20200630 16:33:22 INFO /Volumes/data/work/1duo-coremltools/coremltools/converters/mil/backend/nn/passes/nn_passes.py:22] Performing passes for nn_backend: "nn_backend::handle_return_inputs_as_outputs"
[20200630 16:33:22 INFO /Volumes/data/work/1duo-coremltools/coremltools/converters/mil/backend/nn/passes/nn_passes.py:22] Performing passes for nn_backend: "common::const_elimination"
[20200630 16:33:22 INFO /Volumes/data/work/1duo-coremltools/coremltools/converters/mil/backend/nn/passes/nn_passes.py:22] Performing passes for nn_backend: "common::dead_code_elimination"
[20200630 16:33:22 INFO /Volumes/data/work/1duo-coremltools/coremltools/converters/mil/backend/nn/passes/nn_passes.py:22] Performing passes for nn_backend: "nn_backend::handle_unused_inputs"
[20200630 16:33:22 INFO /Volumes/data/work/1duo-coremltools/coremltools/converters/mil/backend/nn/passes/nn_passes.py:22] Performing passes for nn_backend: "nn_backend::alert_return_type_cast"
[20200630 16:33:22 DEBUG /Volumes/data/work/1duo-coremltools/coremltools/converters/mil/backend/nn/passes/nn_passes.py:26] Program after nn backend passes:
main(%input: (1, 1, 5, 7, fp32)) {
  block93() {
    %1: (1, 1, 3, 3, fp32)* = const(val=[[[[0.02945694327354431, -0.18321006000041962, 0.2209557592868805], [0.21570679545402527, -0.036428362131118774, 0.13739106059074402], [-0.016412019729614258, 0.06073498725891113, -0.0669710636138916]]]], name="1")
    %2: (1,fp32)* = const(val=[0.08135020732879639], name="2")
    %21: (2,i32)* = const(val=[1, 1], name="21")
    %23: (2,i32)* = const(val=[1, 1], name="23")
    %16: (i32)* = const(val=1, name="16")
    %20_pad_type_74: (str)* = const(val="custom", name="20_pad_type_74")
    %20_pad_74: (4,i32)* = const(val=[3, 3, 3, 3], name="20_pad_74")
    %20: (1, 1, 9, 11, fp32) = conv(x=%input, weight=%1, bias=%2, strides=%21, pad_type=%20_pad_type_74, pad=%20_pad_74, dilations=%23, groups=%16, name="20")
  } -> (%20)
}

[20200630 16:33:22 INFO /Volumes/data/work/1duo-coremltools/coremltools/converters/mil/frontend/torch/converter.py:269] Converting graph.
[20200630 16:33:22 INFO /Volumes/data/work/1duo-coremltools/coremltools/converters/mil/mil/builder.py:181] Adding op '1' of type const
[20200630 16:33:22 INFO /Volumes/data/work/1duo-coremltools/coremltools/converters/mil/mil/builder.py:181] Adding op '2' of type const
[20200630 16:33:22 INFO /Volumes/data/work/1duo-coremltools/coremltools/converters/mil/frontend/torch/ops.py:49] Converting op 21 : constant
[20200630 16:33:22 INFO /Volumes/data/work/1duo-coremltools/coremltools/converters/mil/mil/builder.py:181] Adding op '21' of type const
[20200630 16:33:22 INFO /Volumes/data/work/1duo-coremltools/coremltools/converters/mil/frontend/torch/ops.py:49] Converting op 22 : constant
[20200630 16:33:22 INFO /Volumes/data/work/1duo-coremltools/coremltools/converters/mil/mil/builder.py:181] Adding op '22' of type const
[20200630 16:33:22 INFO /Volumes/data/work/1duo-coremltools/coremltools/converters/mil/frontend/torch/ops.py:49] Converting op 23 : constant
[20200630 16:33:22 INFO /Volumes/data/work/1duo-coremltools/coremltools/converters/mil/mil/builder.py:181] Adding op '23' of type const
[20200630 16:33:22 INFO /Volumes/data/work/1duo-coremltools/coremltools/converters/mil/frontend/torch/ops.py:49] Converting op 12 : constant
[20200630 16:33:22 INFO /Volumes/data/work/1duo-coremltools/coremltools/converters/mil/mil/builder.py:181] Adding op '12' of type const
[20200630 16:33:22 INFO /Volumes/data/work/1duo-coremltools/coremltools/converters/mil/frontend/torch/ops.py:49] Converting op 24 : constant
[20200630 16:33:22 INFO /Volumes/data/work/1duo-coremltools/coremltools/converters/mil/mil/builder.py:181] Adding op '24' of type const
[20200630 16:33:22 INFO /Volumes/data/work/1duo-coremltools/coremltools/converters/mil/frontend/torch/ops.py:49] Converting op 16 : constant
[20200630 16:33:22 INFO /Volumes/data/work/1duo-coremltools/coremltools/converters/mil/mil/builder.py:181] Adding op '16' of type const
[20200630 16:33:22 INFO /Volumes/data/work/1duo-coremltools/coremltools/converters/mil/frontend/torch/ops.py:49] Converting op 17 : constant
[20200630 16:33:22 INFO /Volumes/data/work/1duo-coremltools/coremltools/converters/mil/mil/builder.py:181] Adding op '17' of type const
[20200630 16:33:22 INFO /Volumes/data/work/1duo-coremltools/coremltools/converters/mil/frontend/torch/ops.py:49] Converting op 18 : constant
[20200630 16:33:22 INFO /Volumes/data/work/1duo-coremltools/coremltools/converters/mil/mil/builder.py:181] Adding op '18' of type const
[20200630 16:33:22 INFO /Volumes/data/work/1duo-coremltools/coremltools/converters/mil/frontend/torch/ops.py:49] Converting op 19 : constant
[20200630 16:33:22 INFO /Volumes/data/work/1duo-coremltools/coremltools/converters/mil/mil/builder.py:181] Adding op '19' of type const
[20200630 16:33:22 INFO /Volumes/data/work/1duo-coremltools/coremltools/converters/mil/frontend/torch/ops.py:49] Converting op 20 : _convolution
[20200630 16:33:22 INFO /Volumes/data/work/1duo-coremltools/coremltools/converters/mil/mil/builder.py:181] Adding op '20' of type conv
[20200630 16:33:22 DEBUG /Volumes/data/work/1duo-coremltools/coremltools/converters/mil/mil/builder.py:93] Adding const op '20_pad_type_75'
[20200630 16:33:22 INFO /Volumes/data/work/1duo-coremltools/coremltools/converters/mil/mil/builder.py:181] Adding op '20_pad_type_75' of type const
[20200630 16:33:22 DEBUG /Volumes/data/work/1duo-coremltools/coremltools/converters/mil/mil/builder.py:93] Adding const op '20_pad_75'
[20200630 16:33:22 INFO /Volumes/data/work/1duo-coremltools/coremltools/converters/mil/mil/builder.py:181] Adding op '20_pad_75' of type const
[20200630 16:33:22 DEBUG /Volumes/data/work/1duo-coremltools/coremltools/converters/mil/mil/passes/common_pass.py:30] Program before common passes:
main(%input: (1, 1, 5, 7, fp32)) {
  block94() {
    %1: (1, 1, 3, 3, fp32)* = const(val=[[[[-0.08879682421684265, -0.12736885249614716, 0.06180581450462341], [-0.07446861267089844, 0.20289507508277893, 0.06276771426200867], [0.1396332085132599, -0.011598795652389526, 0.14761212468147278]]]], name="1")
    %2: (1,fp32)* = const(val=[0.2505505383014679], name="2")
    %21: (2,i32)* = const(val=[1, 1], name="21")
    %22: (2,i32)* = const(val=[3, 3], name="22")
    %23: (2,i32)* = const(val=[3, 3], name="23")
    %12: (bool)* = const(val=False, name="12")
    %24: (2,i32)* = const(val=[0, 0], name="24")
    %16: (i32)* = const(val=1, name="16")
    %17: (bool)* = const(val=False, name="17")
    %18: (bool)* = const(val=False, name="18")
    %19: (bool)* = const(val=True, name="19")
    %20_pad_type_75: (str)* = const(val="custom", name="20_pad_type_75")
    %20_pad_75: (4,i32)* = const(val=[3, 3, 3, 3], name="20_pad_75")
    %20: (1, 1, 5, 7, fp32) = conv(x=%input, weight=%1, bias=%2, strides=%21, pad_type=%20_pad_type_75, pad=%20_pad_75, dilations=%23, groups=%16, name="20")
  } -> (%20)
}

[20200630 16:33:22 INFO /Volumes/data/work/1duo-coremltools/coremltools/converters/mil/mil/passes/common_pass.py:34] Performing pass: "common::const_elimination"
[20200630 16:33:22 INFO /Volumes/data/work/1duo-coremltools/coremltools/converters/mil/mil/passes/common_pass.py:34] Performing pass: "common::divide_to_multiply"
[20200630 16:33:22 INFO /Volumes/data/work/1duo-coremltools/coremltools/converters/mil/mil/passes/common_pass.py:34] Performing pass: "common::fuse_matmul_weight_bias"
[20200630 16:33:22 INFO /Volumes/data/work/1duo-coremltools/coremltools/converters/mil/mil/passes/common_pass.py:34] Performing pass: "common::const_elimination"
[20200630 16:33:22 INFO /Volumes/data/work/1duo-coremltools/coremltools/converters/mil/mil/passes/common_pass.py:34] Performing pass: "common::loop_invariant_elimination"
[20200630 16:33:22 INFO /Volumes/data/work/1duo-coremltools/coremltools/converters/mil/mil/passes/common_pass.py:34] Performing pass: "common::remove_symbolic_reshape"
[20200630 16:33:22 INFO /Volumes/data/work/1duo-coremltools/coremltools/converters/mil/mil/passes/remove_symbolic_reshape.py:104] remove_symbolic_reshape: changed 0 reshapes.
[20200630 16:33:22 INFO /Volumes/data/work/1duo-coremltools/coremltools/converters/mil/mil/passes/common_pass.py:34] Performing pass: "common::fuse_gelu_tanh_approximation"
[20200630 16:33:22 INFO /Volumes/data/work/1duo-coremltools/coremltools/converters/mil/mil/passes/common_pass.py:34] Performing pass: "common::reduce_transposes"
[20200630 16:33:22 DEBUG /Volumes/data/work/1duo-coremltools/coremltools/converters/mil/mil/passes/reduce_transposes.py:989] Block before optimize transpose transform:
function(%input: (1, 1, 5, 7, fp32)) {
  block94() {
    %1: (1, 1, 3, 3, fp32)* = const(val=[[[[-0.08879682421684265, -0.12736885249614716, 0.06180581450462341], [-0.07446861267089844, 0.20289507508277893, 0.06276771426200867], [0.1396332085132599, -0.011598795652389526, 0.14761212468147278]]]], name="1")
    %2: (1,fp32)* = const(val=[0.2505505383014679], name="2")
    %21: (2,i32)* = const(val=[1, 1], name="21")
    %22: (2,i32)* = const(val=[3, 3], name="22")
    %23: (2,i32)* = const(val=[3, 3], name="23")
    %12: (bool)* = const(val=False, name="12")
    %24: (2,i32)* = const(val=[0, 0], name="24")
    %16: (i32)* = const(val=1, name="16")
    %17: (bool)* = const(val=False, name="17")
    %18: (bool)* = const(val=False, name="18")
    %19: (bool)* = const(val=True, name="19")
    %20_pad_type_75: (str)* = const(val="custom", name="20_pad_type_75")
    %20_pad_75: (4,i32)* = const(val=[3, 3, 3, 3], name="20_pad_75")
    %20: (1, 1, 5, 7, fp32) = conv(x=%input, weight=%1, bias=%2, strides=%21, pad_type=%20_pad_type_75, pad=%20_pad_75, dilations=%23, groups=%16, name="20")
  } -> (%20)
}

[20200630 16:33:22 DEBUG /Volumes/data/work/1duo-coremltools/coremltools/converters/mil/mil/passes/reduce_transposes.py:1024] Block after optimize transpose transform:
function(%input: (1, 1, 5, 7, fp32)) {
  block94() {
    %1: (1, 1, 3, 3, fp32)* = const(val=[[[[-0.08879682421684265, -0.12736885249614716, 0.06180581450462341], [-0.07446861267089844, 0.20289507508277893, 0.06276771426200867], [0.1396332085132599, -0.011598795652389526, 0.14761212468147278]]]], name="1")
    %2: (1,fp32)* = const(val=[0.2505505383014679], name="2")
    %21: (2,i32)* = const(val=[1, 1], name="21")
    %22: (2,i32)* = const(val=[3, 3], name="22")
    %23: (2,i32)* = const(val=[3, 3], name="23")
    %12: (bool)* = const(val=False, name="12")
    %24: (2,i32)* = const(val=[0, 0], name="24")
    %16: (i32)* = const(val=1, name="16")
    %17: (bool)* = const(val=False, name="17")
    %18: (bool)* = const(val=False, name="18")
    %19: (bool)* = const(val=True, name="19")
    %20_pad_type_75: (str)* = const(val="custom", name="20_pad_type_75")
    %20_pad_75: (4,i32)* = const(val=[3, 3, 3, 3], name="20_pad_75")
    %20: (1, 1, 5, 7, fp32) = conv(x=%input, weight=%1, bias=%2, strides=%21, pad_type=%20_pad_type_75, pad=%20_pad_75, dilations=%23, groups=%16, name="20")
  } -> (%20)
}

[20200630 16:33:22 INFO /Volumes/data/work/1duo-coremltools/coremltools/converters/mil/mil/passes/common_pass.py:34] Performing pass: "common::fuse_bias_conv"
[20200630 16:33:22 INFO /Volumes/data/work/1duo-coremltools/coremltools/converters/mil/mil/passes/common_pass.py:34] Performing pass: "common::fuse_elementwise_to_batchnorm"
[20200630 16:33:22 INFO /Volumes/data/work/1duo-coremltools/coremltools/converters/mil/mil/passes/common_pass.py:34] Performing pass: "common::fuse_onehot_matmul_to_gather"
[20200630 16:33:22 INFO /Volumes/data/work/1duo-coremltools/coremltools/converters/mil/mil/passes/common_pass.py:34] Performing pass: "common::fuse_layernorm_or_instancenorm"
[20200630 16:33:22 INFO /Volumes/data/work/1duo-coremltools/coremltools/converters/mil/mil/passes/common_pass.py:34] Performing pass: "common::dead_code_elimination"
[20200630 16:33:22 INFO /Volumes/data/work/1duo-coremltools/coremltools/converters/mil/mil/passes/dead_code_elimination.py:35] Removing op "19" (type: const)
[20200630 16:33:22 INFO /Volumes/data/work/1duo-coremltools/coremltools/converters/mil/mil/passes/dead_code_elimination.py:35] Removing op "18" (type: const)
[20200630 16:33:22 INFO /Volumes/data/work/1duo-coremltools/coremltools/converters/mil/mil/passes/dead_code_elimination.py:35] Removing op "17" (type: const)
[20200630 16:33:22 INFO /Volumes/data/work/1duo-coremltools/coremltools/converters/mil/mil/passes/dead_code_elimination.py:35] Removing op "24" (type: const)
[20200630 16:33:22 INFO /Volumes/data/work/1duo-coremltools/coremltools/converters/mil/mil/passes/dead_code_elimination.py:35] Removing op "12" (type: const)
[20200630 16:33:22 INFO /Volumes/data/work/1duo-coremltools/coremltools/converters/mil/mil/passes/dead_code_elimination.py:35] Removing op "22" (type: const)
[20200630 16:33:22 DEBUG /Volumes/data/work/1duo-coremltools/coremltools/converters/mil/mil/passes/common_pass.py:38] Program after common passes:
main(%input: (1, 1, 5, 7, fp32)) {
  block94() {
    %1: (1, 1, 3, 3, fp32)* = const(val=[[[[-0.08879682421684265, -0.12736885249614716, 0.06180581450462341], [-0.07446861267089844, 0.20289507508277893, 0.06276771426200867], [0.1396332085132599, -0.011598795652389526, 0.14761212468147278]]]], name="1")
    %2: (1,fp32)* = const(val=[0.2505505383014679], name="2")
    %21: (2,i32)* = const(val=[1, 1], name="21")
    %23: (2,i32)* = const(val=[3, 3], name="23")
    %16: (i32)* = const(val=1, name="16")
    %20_pad_type_75: (str)* = const(val="custom", name="20_pad_type_75")
    %20_pad_75: (4,i32)* = const(val=[3, 3, 3, 3], name="20_pad_75")
    %20: (1, 1, 5, 7, fp32) = conv(x=%input, weight=%1, bias=%2, strides=%21, pad_type=%20_pad_type_75, pad=%20_pad_75, dilations=%23, groups=%16, name="20")
  } -> (%20)
}

[20200630 16:33:22 INFO /Volumes/data/work/1duo-coremltools/coremltools/converters/mil/backend/nn/passes/nn_passes.py:22] Performing passes for nn_backend: "nn_backend::commingle_loop_vars"
[20200630 16:33:22 INFO /Volumes/data/work/1duo-coremltools/coremltools/converters/mil/backend/nn/passes/nn_passes.py:22] Performing passes for nn_backend: "nn_backend::handle_return_inputs_as_outputs"
[20200630 16:33:22 INFO /Volumes/data/work/1duo-coremltools/coremltools/converters/mil/backend/nn/passes/nn_passes.py:22] Performing passes for nn_backend: "common::const_elimination"
[20200630 16:33:22 INFO /Volumes/data/work/1duo-coremltools/coremltools/converters/mil/backend/nn/passes/nn_passes.py:22] Performing passes for nn_backend: "common::dead_code_elimination"
[20200630 16:33:22 INFO /Volumes/data/work/1duo-coremltools/coremltools/converters/mil/backend/nn/passes/nn_passes.py:22] Performing passes for nn_backend: "nn_backend::handle_unused_inputs"
[20200630 16:33:22 INFO /Volumes/data/work/1duo-coremltools/coremltools/converters/mil/backend/nn/passes/nn_passes.py:22] Performing passes for nn_backend: "nn_backend::alert_return_type_cast"
[20200630 16:33:22 DEBUG /Volumes/data/work/1duo-coremltools/coremltools/converters/mil/backend/nn/passes/nn_passes.py:26] Program after nn backend passes:
main(%input: (1, 1, 5, 7, fp32)) {
  block94() {
    %1: (1, 1, 3, 3, fp32)* = const(val=[[[[-0.08879682421684265, -0.12736885249614716, 0.06180581450462341], [-0.07446861267089844, 0.20289507508277893, 0.06276771426200867], [0.1396332085132599, -0.011598795652389526, 0.14761212468147278]]]], name="1")
    %2: (1,fp32)* = const(val=[0.2505505383014679], name="2")
    %21: (2,i32)* = const(val=[1, 1], name="21")
    %23: (2,i32)* = const(val=[3, 3], name="23")
    %16: (i32)* = const(val=1, name="16")
    %20_pad_type_75: (str)* = const(val="custom", name="20_pad_type_75")
    %20_pad_75: (4,i32)* = const(val=[3, 3, 3, 3], name="20_pad_75")
    %20: (1, 1, 5, 7, fp32) = conv(x=%input, weight=%1, bias=%2, strides=%21, pad_type=%20_pad_type_75, pad=%20_pad_75, dilations=%23, groups=%16, name="20")
  } -> (%20)
}

[20200630 16:33:22 INFO /Volumes/data/work/1duo-coremltools/coremltools/converters/mil/frontend/torch/converter.py:269] Converting graph.
[20200630 16:33:22 INFO /Volumes/data/work/1duo-coremltools/coremltools/converters/mil/mil/builder.py:181] Adding op '1' of type const
[20200630 16:33:22 INFO /Volumes/data/work/1duo-coremltools/coremltools/converters/mil/mil/builder.py:181] Adding op '2' of type const
[20200630 16:33:22 INFO /Volumes/data/work/1duo-coremltools/coremltools/converters/mil/frontend/torch/ops.py:49] Converting op 21 : constant
[20200630 16:33:22 INFO /Volumes/data/work/1duo-coremltools/coremltools/converters/mil/mil/builder.py:181] Adding op '21' of type const
[20200630 16:33:22 INFO /Volumes/data/work/1duo-coremltools/coremltools/converters/mil/frontend/torch/ops.py:49] Converting op 22 : constant
[20200630 16:33:22 INFO /Volumes/data/work/1duo-coremltools/coremltools/converters/mil/mil/builder.py:181] Adding op '22' of type const
[20200630 16:33:22 INFO /Volumes/data/work/1duo-coremltools/coremltools/converters/mil/frontend/torch/ops.py:49] Converting op 23 : constant
[20200630 16:33:22 INFO /Volumes/data/work/1duo-coremltools/coremltools/converters/mil/mil/builder.py:181] Adding op '23' of type const
[20200630 16:33:22 INFO /Volumes/data/work/1duo-coremltools/coremltools/converters/mil/frontend/torch/ops.py:49] Converting op 12 : constant
[20200630 16:33:22 INFO /Volumes/data/work/1duo-coremltools/coremltools/converters/mil/mil/builder.py:181] Adding op '12' of type const
[20200630 16:33:22 INFO /Volumes/data/work/1duo-coremltools/coremltools/converters/mil/frontend/torch/ops.py:49] Converting op 24 : constant
[20200630 16:33:22 INFO /Volumes/data/work/1duo-coremltools/coremltools/converters/mil/mil/builder.py:181] Adding op '24' of type const
[20200630 16:33:22 INFO /Volumes/data/work/1duo-coremltools/coremltools/converters/mil/frontend/torch/ops.py:49] Converting op 16 : constant
[20200630 16:33:22 INFO /Volumes/data/work/1duo-coremltools/coremltools/converters/mil/mil/builder.py:181] Adding op '16' of type const
[20200630 16:33:22 INFO /Volumes/data/work/1duo-coremltools/coremltools/converters/mil/frontend/torch/ops.py:49] Converting op 17 : constant
[20200630 16:33:22 INFO /Volumes/data/work/1duo-coremltools/coremltools/converters/mil/mil/builder.py:181] Adding op '17' of type const
[20200630 16:33:22 INFO /Volumes/data/work/1duo-coremltools/coremltools/converters/mil/frontend/torch/ops.py:49] Converting op 18 : constant
[20200630 16:33:22 INFO /Volumes/data/work/1duo-coremltools/coremltools/converters/mil/mil/builder.py:181] Adding op '18' of type const
[20200630 16:33:22 INFO /Volumes/data/work/1duo-coremltools/coremltools/converters/mil/frontend/torch/ops.py:49] Converting op 19 : constant
[20200630 16:33:22 INFO /Volumes/data/work/1duo-coremltools/coremltools/converters/mil/mil/builder.py:181] Adding op '19' of type const
[20200630 16:33:22 INFO /Volumes/data/work/1duo-coremltools/coremltools/converters/mil/frontend/torch/ops.py:49] Converting op 20 : _convolution
[20200630 16:33:22 INFO /Volumes/data/work/1duo-coremltools/coremltools/converters/mil/mil/builder.py:181] Adding op '20' of type conv
[20200630 16:33:22 DEBUG /Volumes/data/work/1duo-coremltools/coremltools/converters/mil/mil/builder.py:93] Adding const op '20_pad_type_76'
[20200630 16:33:22 INFO /Volumes/data/work/1duo-coremltools/coremltools/converters/mil/mil/builder.py:181] Adding op '20_pad_type_76' of type const
[20200630 16:33:22 DEBUG /Volumes/data/work/1duo-coremltools/coremltools/converters/mil/mil/builder.py:93] Adding const op '20_pad_76'
[20200630 16:33:22 INFO /Volumes/data/work/1duo-coremltools/coremltools/converters/mil/mil/builder.py:181] Adding op '20_pad_76' of type const
[20200630 16:33:22 DEBUG /Volumes/data/work/1duo-coremltools/coremltools/converters/mil/mil/passes/common_pass.py:30] Program before common passes:
main(%input: (1, 1, 5, 7, fp32)) {
  block95() {
    %1: (1, 1, 3, 3, fp32)* = const(val=[[[[-0.06399646401405334, -0.20823192596435547, -0.07920122146606445], [0.1669994294643402, 0.18188264966011047, -0.06939375400543213], [-0.07860198616981506, 0.08279478549957275, -0.23809437453746796]]]], name="1")
    %2: (1,fp32)* = const(val=[0.022775739431381226], name="2")
    %21: (2,i32)* = const(val=[3, 3], name="21")
    %22: (2,i32)* = const(val=[1, 1], name="22")
    %23: (2,i32)* = const(val=[1, 1], name="23")
    %12: (bool)* = const(val=False, name="12")
    %24: (2,i32)* = const(val=[0, 0], name="24")
    %16: (i32)* = const(val=1, name="16")
    %17: (bool)* = const(val=False, name="17")
    %18: (bool)* = const(val=False, name="18")
    %19: (bool)* = const(val=True, name="19")
    %20_pad_type_76: (str)* = const(val="custom", name="20_pad_type_76")
    %20_pad_76: (4,i32)* = const(val=[1, 1, 1, 1], name="20_pad_76")
    %20: (1, 1, 2, 3, fp32) = conv(x=%input, weight=%1, bias=%2, strides=%21, pad_type=%20_pad_type_76, pad=%20_pad_76, dilations=%23, groups=%16, name="20")
  } -> (%20)
}

[20200630 16:33:22 INFO /Volumes/data/work/1duo-coremltools/coremltools/converters/mil/mil/passes/common_pass.py:34] Performing pass: "common::const_elimination"
[20200630 16:33:22 INFO /Volumes/data/work/1duo-coremltools/coremltools/converters/mil/mil/passes/common_pass.py:34] Performing pass: "common::divide_to_multiply"
[20200630 16:33:22 INFO /Volumes/data/work/1duo-coremltools/coremltools/converters/mil/mil/passes/common_pass.py:34] Performing pass: "common::fuse_matmul_weight_bias"
[20200630 16:33:22 INFO /Volumes/data/work/1duo-coremltools/coremltools/converters/mil/mil/passes/common_pass.py:34] Performing pass: "common::const_elimination"
[20200630 16:33:22 INFO /Volumes/data/work/1duo-coremltools/coremltools/converters/mil/mil/passes/common_pass.py:34] Performing pass: "common::loop_invariant_elimination"
[20200630 16:33:22 INFO /Volumes/data/work/1duo-coremltools/coremltools/converters/mil/mil/passes/common_pass.py:34] Performing pass: "common::remove_symbolic_reshape"
[20200630 16:33:22 INFO /Volumes/data/work/1duo-coremltools/coremltools/converters/mil/mil/passes/remove_symbolic_reshape.py:104] remove_symbolic_reshape: changed 0 reshapes.
[20200630 16:33:22 INFO /Volumes/data/work/1duo-coremltools/coremltools/converters/mil/mil/passes/common_pass.py:34] Performing pass: "common::fuse_gelu_tanh_approximation"
[20200630 16:33:22 INFO /Volumes/data/work/1duo-coremltools/coremltools/converters/mil/mil/passes/common_pass.py:34] Performing pass: "common::reduce_transposes"
[20200630 16:33:22 DEBUG /Volumes/data/work/1duo-coremltools/coremltools/converters/mil/mil/passes/reduce_transposes.py:989] Block before optimize transpose transform:
function(%input: (1, 1, 5, 7, fp32)) {
  block95() {
    %1: (1, 1, 3, 3, fp32)* = const(val=[[[[-0.06399646401405334, -0.20823192596435547, -0.07920122146606445], [0.1669994294643402, 0.18188264966011047, -0.06939375400543213], [-0.07860198616981506, 0.08279478549957275, -0.23809437453746796]]]], name="1")
    %2: (1,fp32)* = const(val=[0.022775739431381226], name="2")
    %21: (2,i32)* = const(val=[3, 3], name="21")
    %22: (2,i32)* = const(val=[1, 1], name="22")
    %23: (2,i32)* = const(val=[1, 1], name="23")
    %12: (bool)* = const(val=False, name="12")
    %24: (2,i32)* = const(val=[0, 0], name="24")
    %16: (i32)* = const(val=1, name="16")
    %17: (bool)* = const(val=False, name="17")
    %18: (bool)* = const(val=False, name="18")
    %19: (bool)* = const(val=True, name="19")
    %20_pad_type_76: (str)* = const(val="custom", name="20_pad_type_76")
    %20_pad_76: (4,i32)* = const(val=[1, 1, 1, 1], name="20_pad_76")
    %20: (1, 1, 2, 3, fp32) = conv(x=%input, weight=%1, bias=%2, strides=%21, pad_type=%20_pad_type_76, pad=%20_pad_76, dilations=%23, groups=%16, name="20")
  } -> (%20)
}

[20200630 16:33:22 DEBUG /Volumes/data/work/1duo-coremltools/coremltools/converters/mil/mil/passes/reduce_transposes.py:1024] Block after optimize transpose transform:
function(%input: (1, 1, 5, 7, fp32)) {
  block95() {
    %1: (1, 1, 3, 3, fp32)* = const(val=[[[[-0.06399646401405334, -0.20823192596435547, -0.07920122146606445], [0.1669994294643402, 0.18188264966011047, -0.06939375400543213], [-0.07860198616981506, 0.08279478549957275, -0.23809437453746796]]]], name="1")
    %2: (1,fp32)* = const(val=[0.022775739431381226], name="2")
    %21: (2,i32)* = const(val=[3, 3], name="21")
    %22: (2,i32)* = const(val=[1, 1], name="22")
    %23: (2,i32)* = const(val=[1, 1], name="23")
    %12: (bool)* = const(val=False, name="12")
    %24: (2,i32)* = const(val=[0, 0], name="24")
    %16: (i32)* = const(val=1, name="16")
    %17: (bool)* = const(val=False, name="17")
    %18: (bool)* = const(val=False, name="18")
    %19: (bool)* = const(val=True, name="19")
    %20_pad_type_76: (str)* = const(val="custom", name="20_pad_type_76")
    %20_pad_76: (4,i32)* = const(val=[1, 1, 1, 1], name="20_pad_76")
    %20: (1, 1, 2, 3, fp32) = conv(x=%input, weight=%1, bias=%2, strides=%21, pad_type=%20_pad_type_76, pad=%20_pad_76, dilations=%23, groups=%16, name="20")
  } -> (%20)
}

[20200630 16:33:22 INFO /Volumes/data/work/1duo-coremltools/coremltools/converters/mil/mil/passes/common_pass.py:34] Performing pass: "common::fuse_bias_conv"
[20200630 16:33:22 INFO /Volumes/data/work/1duo-coremltools/coremltools/converters/mil/mil/passes/common_pass.py:34] Performing pass: "common::fuse_elementwise_to_batchnorm"
[20200630 16:33:22 INFO /Volumes/data/work/1duo-coremltools/coremltools/converters/mil/mil/passes/common_pass.py:34] Performing pass: "common::fuse_onehot_matmul_to_gather"
[20200630 16:33:22 INFO /Volumes/data/work/1duo-coremltools/coremltools/converters/mil/mil/passes/common_pass.py:34] Performing pass: "common::fuse_layernorm_or_instancenorm"
[20200630 16:33:22 INFO /Volumes/data/work/1duo-coremltools/coremltools/converters/mil/mil/passes/common_pass.py:34] Performing pass: "common::dead_code_elimination"
[20200630 16:33:22 INFO /Volumes/data/work/1duo-coremltools/coremltools/converters/mil/mil/passes/dead_code_elimination.py:35] Removing op "19" (type: const)
[20200630 16:33:22 INFO /Volumes/data/work/1duo-coremltools/coremltools/converters/mil/mil/passes/dead_code_elimination.py:35] Removing op "18" (type: const)
[20200630 16:33:22 INFO /Volumes/data/work/1duo-coremltools/coremltools/converters/mil/mil/passes/dead_code_elimination.py:35] Removing op "17" (type: const)
[20200630 16:33:22 INFO /Volumes/data/work/1duo-coremltools/coremltools/converters/mil/mil/passes/dead_code_elimination.py:35] Removing op "24" (type: const)
[20200630 16:33:22 INFO /Volumes/data/work/1duo-coremltools/coremltools/converters/mil/mil/passes/dead_code_elimination.py:35] Removing op "12" (type: const)
[20200630 16:33:22 INFO /Volumes/data/work/1duo-coremltools/coremltools/converters/mil/mil/passes/dead_code_elimination.py:35] Removing op "22" (type: const)
[20200630 16:33:22 DEBUG /Volumes/data/work/1duo-coremltools/coremltools/converters/mil/mil/passes/common_pass.py:38] Program after common passes:
main(%input: (1, 1, 5, 7, fp32)) {
  block95() {
    %1: (1, 1, 3, 3, fp32)* = const(val=[[[[-0.06399646401405334, -0.20823192596435547, -0.07920122146606445], [0.1669994294643402, 0.18188264966011047, -0.06939375400543213], [-0.07860198616981506, 0.08279478549957275, -0.23809437453746796]]]], name="1")
    %2: (1,fp32)* = const(val=[0.022775739431381226], name="2")
    %21: (2,i32)* = const(val=[3, 3], name="21")
    %23: (2,i32)* = const(val=[1, 1], name="23")
    %16: (i32)* = const(val=1, name="16")
    %20_pad_type_76: (str)* = const(val="custom", name="20_pad_type_76")
    %20_pad_76: (4,i32)* = const(val=[1, 1, 1, 1], name="20_pad_76")
    %20: (1, 1, 2, 3, fp32) = conv(x=%input, weight=%1, bias=%2, strides=%21, pad_type=%20_pad_type_76, pad=%20_pad_76, dilations=%23, groups=%16, name="20")
  } -> (%20)
}

[20200630 16:33:22 INFO /Volumes/data/work/1duo-coremltools/coremltools/converters/mil/backend/nn/passes/nn_passes.py:22] Performing passes for nn_backend: "nn_backend::commingle_loop_vars"
[20200630 16:33:22 INFO /Volumes/data/work/1duo-coremltools/coremltools/converters/mil/backend/nn/passes/nn_passes.py:22] Performing passes for nn_backend: "nn_backend::handle_return_inputs_as_outputs"
[20200630 16:33:22 INFO /Volumes/data/work/1duo-coremltools/coremltools/converters/mil/backend/nn/passes/nn_passes.py:22] Performing passes for nn_backend: "common::const_elimination"
[20200630 16:33:22 INFO /Volumes/data/work/1duo-coremltools/coremltools/converters/mil/backend/nn/passes/nn_passes.py:22] Performing passes for nn_backend: "common::dead_code_elimination"
[20200630 16:33:22 INFO /Volumes/data/work/1duo-coremltools/coremltools/converters/mil/backend/nn/passes/nn_passes.py:22] Performing passes for nn_backend: "nn_backend::handle_unused_inputs"
[20200630 16:33:22 INFO /Volumes/data/work/1duo-coremltools/coremltools/converters/mil/backend/nn/passes/nn_passes.py:22] Performing passes for nn_backend: "nn_backend::alert_return_type_cast"
[20200630 16:33:22 DEBUG /Volumes/data/work/1duo-coremltools/coremltools/converters/mil/backend/nn/passes/nn_passes.py:26] Program after nn backend passes:
main(%input: (1, 1, 5, 7, fp32)) {
  block95() {
    %1: (1, 1, 3, 3, fp32)* = const(val=[[[[-0.06399646401405334, -0.20823192596435547, -0.07920122146606445], [0.1669994294643402, 0.18188264966011047, -0.06939375400543213], [-0.07860198616981506, 0.08279478549957275, -0.23809437453746796]]]], name="1")
    %2: (1,fp32)* = const(val=[0.022775739431381226], name="2")
    %21: (2,i32)* = const(val=[3, 3], name="21")
    %23: (2,i32)* = const(val=[1, 1], name="23")
    %16: (i32)* = const(val=1, name="16")
    %20_pad_type_76: (str)* = const(val="custom", name="20_pad_type_76")
    %20_pad_76: (4,i32)* = const(val=[1, 1, 1, 1], name="20_pad_76")
    %20: (1, 1, 2, 3, fp32) = conv(x=%input, weight=%1, bias=%2, strides=%21, pad_type=%20_pad_type_76, pad=%20_pad_76, dilations=%23, groups=%16, name="20")
  } -> (%20)
}

[20200630 16:33:22 INFO /Volumes/data/work/1duo-coremltools/coremltools/converters/mil/frontend/torch/converter.py:269] Converting graph.
[20200630 16:33:22 INFO /Volumes/data/work/1duo-coremltools/coremltools/converters/mil/mil/builder.py:181] Adding op '1' of type const
[20200630 16:33:22 INFO /Volumes/data/work/1duo-coremltools/coremltools/converters/mil/mil/builder.py:181] Adding op '2' of type const
[20200630 16:33:22 INFO /Volumes/data/work/1duo-coremltools/coremltools/converters/mil/frontend/torch/ops.py:49] Converting op 21 : constant
[20200630 16:33:22 INFO /Volumes/data/work/1duo-coremltools/coremltools/converters/mil/mil/builder.py:181] Adding op '21' of type const
[20200630 16:33:22 INFO /Volumes/data/work/1duo-coremltools/coremltools/converters/mil/frontend/torch/ops.py:49] Converting op 22 : constant
[20200630 16:33:22 INFO /Volumes/data/work/1duo-coremltools/coremltools/converters/mil/mil/builder.py:181] Adding op '22' of type const
[20200630 16:33:22 INFO /Volumes/data/work/1duo-coremltools/coremltools/converters/mil/frontend/torch/ops.py:49] Converting op 23 : constant
[20200630 16:33:22 INFO /Volumes/data/work/1duo-coremltools/coremltools/converters/mil/mil/builder.py:181] Adding op '23' of type const
[20200630 16:33:22 INFO /Volumes/data/work/1duo-coremltools/coremltools/converters/mil/frontend/torch/ops.py:49] Converting op 12 : constant
[20200630 16:33:22 INFO /Volumes/data/work/1duo-coremltools/coremltools/converters/mil/mil/builder.py:181] Adding op '12' of type const
[20200630 16:33:22 INFO /Volumes/data/work/1duo-coremltools/coremltools/converters/mil/frontend/torch/ops.py:49] Converting op 24 : constant
[20200630 16:33:22 INFO /Volumes/data/work/1duo-coremltools/coremltools/converters/mil/mil/builder.py:181] Adding op '24' of type const
[20200630 16:33:22 INFO /Volumes/data/work/1duo-coremltools/coremltools/converters/mil/frontend/torch/ops.py:49] Converting op 16 : constant
[20200630 16:33:22 INFO /Volumes/data/work/1duo-coremltools/coremltools/converters/mil/mil/builder.py:181] Adding op '16' of type const
[20200630 16:33:22 INFO /Volumes/data/work/1duo-coremltools/coremltools/converters/mil/frontend/torch/ops.py:49] Converting op 17 : constant
[20200630 16:33:22 INFO /Volumes/data/work/1duo-coremltools/coremltools/converters/mil/mil/builder.py:181] Adding op '17' of type const
[20200630 16:33:22 INFO /Volumes/data/work/1duo-coremltools/coremltools/converters/mil/frontend/torch/ops.py:49] Converting op 18 : constant
[20200630 16:33:22 INFO /Volumes/data/work/1duo-coremltools/coremltools/converters/mil/mil/builder.py:181] Adding op '18' of type const
[20200630 16:33:22 INFO /Volumes/data/work/1duo-coremltools/coremltools/converters/mil/frontend/torch/ops.py:49] Converting op 19 : constant
[20200630 16:33:22 INFO /Volumes/data/work/1duo-coremltools/coremltools/converters/mil/mil/builder.py:181] Adding op '19' of type const
[20200630 16:33:22 INFO /Volumes/data/work/1duo-coremltools/coremltools/converters/mil/frontend/torch/ops.py:49] Converting op 20 : _convolution
[20200630 16:33:22 INFO /Volumes/data/work/1duo-coremltools/coremltools/converters/mil/mil/builder.py:181] Adding op '20' of type conv
[20200630 16:33:22 DEBUG /Volumes/data/work/1duo-coremltools/coremltools/converters/mil/mil/builder.py:93] Adding const op '20_pad_type_77'
[20200630 16:33:22 INFO /Volumes/data/work/1duo-coremltools/coremltools/converters/mil/mil/builder.py:181] Adding op '20_pad_type_77' of type const
[20200630 16:33:22 DEBUG /Volumes/data/work/1duo-coremltools/coremltools/converters/mil/mil/builder.py:93] Adding const op '20_pad_77'
[20200630 16:33:22 INFO /Volumes/data/work/1duo-coremltools/coremltools/converters/mil/mil/builder.py:181] Adding op '20_pad_77' of type const
[20200630 16:33:22 DEBUG /Volumes/data/work/1duo-coremltools/coremltools/converters/mil/mil/passes/common_pass.py:30] Program before common passes:
main(%input: (1, 1, 5, 7, fp32)) {
  block96() {
    %1: (1, 1, 3, 3, fp32)* = const(val=[[[[0.024444222450256348, -0.24281160533428192, 0.07543531060218811], [-0.1345430612564087, 0.30626532435417175, 0.26128891110420227], [-0.10918137431144714, -0.21052858233451843, 0.26326867938041687]]]], name="1")
    %2: (1,fp32)* = const(val=[0.2803786098957062], name="2")
    %21: (2,i32)* = const(val=[3, 3], name="21")
    %22: (2,i32)* = const(val=[1, 1], name="22")
    %23: (2,i32)* = const(val=[3, 3], name="23")
    %12: (bool)* = const(val=False, name="12")
    %24: (2,i32)* = const(val=[0, 0], name="24")
    %16: (i32)* = const(val=1, name="16")
    %17: (bool)* = const(val=False, name="17")
    %18: (bool)* = const(val=False, name="18")
    %19: (bool)* = const(val=True, name="19")
    %20_pad_type_77: (str)* = const(val="custom", name="20_pad_type_77")
    %20_pad_77: (4,i32)* = const(val=[1, 1, 1, 1], name="20_pad_77")
    %20: (1, 1, 1, 1, fp32) = conv(x=%input, weight=%1, bias=%2, strides=%21, pad_type=%20_pad_type_77, pad=%20_pad_77, dilations=%23, groups=%16, name="20")
  } -> (%20)
}

[20200630 16:33:22 INFO /Volumes/data/work/1duo-coremltools/coremltools/converters/mil/mil/passes/common_pass.py:34] Performing pass: "common::const_elimination"
[20200630 16:33:22 INFO /Volumes/data/work/1duo-coremltools/coremltools/converters/mil/mil/passes/common_pass.py:34] Performing pass: "common::divide_to_multiply"
[20200630 16:33:22 INFO /Volumes/data/work/1duo-coremltools/coremltools/converters/mil/mil/passes/common_pass.py:34] Performing pass: "common::fuse_matmul_weight_bias"
[20200630 16:33:22 INFO /Volumes/data/work/1duo-coremltools/coremltools/converters/mil/mil/passes/common_pass.py:34] Performing pass: "common::const_elimination"
[20200630 16:33:22 INFO /Volumes/data/work/1duo-coremltools/coremltools/converters/mil/mil/passes/common_pass.py:34] Performing pass: "common::loop_invariant_elimination"
[20200630 16:33:22 INFO /Volumes/data/work/1duo-coremltools/coremltools/converters/mil/mil/passes/common_pass.py:34] Performing pass: "common::remove_symbolic_reshape"
[20200630 16:33:22 INFO /Volumes/data/work/1duo-coremltools/coremltools/converters/mil/mil/passes/remove_symbolic_reshape.py:104] remove_symbolic_reshape: changed 0 reshapes.
[20200630 16:33:22 INFO /Volumes/data/work/1duo-coremltools/coremltools/converters/mil/mil/passes/common_pass.py:34] Performing pass: "common::fuse_gelu_tanh_approximation"
[20200630 16:33:22 INFO /Volumes/data/work/1duo-coremltools/coremltools/converters/mil/mil/passes/common_pass.py:34] Performing pass: "common::reduce_transposes"
[20200630 16:33:22 DEBUG /Volumes/data/work/1duo-coremltools/coremltools/converters/mil/mil/passes/reduce_transposes.py:989] Block before optimize transpose transform:
function(%input: (1, 1, 5, 7, fp32)) {
  block96() {
    %1: (1, 1, 3, 3, fp32)* = const(val=[[[[0.024444222450256348, -0.24281160533428192, 0.07543531060218811], [-0.1345430612564087, 0.30626532435417175, 0.26128891110420227], [-0.10918137431144714, -0.21052858233451843, 0.26326867938041687]]]], name="1")
    %2: (1,fp32)* = const(val=[0.2803786098957062], name="2")
    %21: (2,i32)* = const(val=[3, 3], name="21")
    %22: (2,i32)* = const(val=[1, 1], name="22")
    %23: (2,i32)* = const(val=[3, 3], name="23")
    %12: (bool)* = const(val=False, name="12")
    %24: (2,i32)* = const(val=[0, 0], name="24")
    %16: (i32)* = const(val=1, name="16")
    %17: (bool)* = const(val=False, name="17")
    %18: (bool)* = const(val=False, name="18")
    %19: (bool)* = const(val=True, name="19")
    %20_pad_type_77: (str)* = const(val="custom", name="20_pad_type_77")
    %20_pad_77: (4,i32)* = const(val=[1, 1, 1, 1], name="20_pad_77")
    %20: (1, 1, 1, 1, fp32) = conv(x=%input, weight=%1, bias=%2, strides=%21, pad_type=%20_pad_type_77, pad=%20_pad_77, dilations=%23, groups=%16, name="20")
  } -> (%20)
}

[20200630 16:33:22 DEBUG /Volumes/data/work/1duo-coremltools/coremltools/converters/mil/mil/passes/reduce_transposes.py:1024] Block after optimize transpose transform:
function(%input: (1, 1, 5, 7, fp32)) {
  block96() {
    %1: (1, 1, 3, 3, fp32)* = const(val=[[[[0.024444222450256348, -0.24281160533428192, 0.07543531060218811], [-0.1345430612564087, 0.30626532435417175, 0.26128891110420227], [-0.10918137431144714, -0.21052858233451843, 0.26326867938041687]]]], name="1")
    %2: (1,fp32)* = const(val=[0.2803786098957062], name="2")
    %21: (2,i32)* = const(val=[3, 3], name="21")
    %22: (2,i32)* = const(val=[1, 1], name="22")
    %23: (2,i32)* = const(val=[3, 3], name="23")
    %12: (bool)* = const(val=False, name="12")
    %24: (2,i32)* = const(val=[0, 0], name="24")
    %16: (i32)* = const(val=1, name="16")
    %17: (bool)* = const(val=False, name="17")
    %18: (bool)* = const(val=False, name="18")
    %19: (bool)* = const(val=True, name="19")
    %20_pad_type_77: (str)* = const(val="custom", name="20_pad_type_77")
    %20_pad_77: (4,i32)* = const(val=[1, 1, 1, 1], name="20_pad_77")
    %20: (1, 1, 1, 1, fp32) = conv(x=%input, weight=%1, bias=%2, strides=%21, pad_type=%20_pad_type_77, pad=%20_pad_77, dilations=%23, groups=%16, name="20")
  } -> (%20)
}

[20200630 16:33:22 INFO /Volumes/data/work/1duo-coremltools/coremltools/converters/mil/mil/passes/common_pass.py:34] Performing pass: "common::fuse_bias_conv"
[20200630 16:33:22 INFO /Volumes/data/work/1duo-coremltools/coremltools/converters/mil/mil/passes/common_pass.py:34] Performing pass: "common::fuse_elementwise_to_batchnorm"
[20200630 16:33:22 INFO /Volumes/data/work/1duo-coremltools/coremltools/converters/mil/mil/passes/common_pass.py:34] Performing pass: "common::fuse_onehot_matmul_to_gather"
[20200630 16:33:22 INFO /Volumes/data/work/1duo-coremltools/coremltools/converters/mil/mil/passes/common_pass.py:34] Performing pass: "common::fuse_layernorm_or_instancenorm"
[20200630 16:33:22 INFO /Volumes/data/work/1duo-coremltools/coremltools/converters/mil/mil/passes/common_pass.py:34] Performing pass: "common::dead_code_elimination"
[20200630 16:33:22 INFO /Volumes/data/work/1duo-coremltools/coremltools/converters/mil/mil/passes/dead_code_elimination.py:35] Removing op "19" (type: const)
[20200630 16:33:22 INFO /Volumes/data/work/1duo-coremltools/coremltools/converters/mil/mil/passes/dead_code_elimination.py:35] Removing op "18" (type: const)
[20200630 16:33:22 INFO /Volumes/data/work/1duo-coremltools/coremltools/converters/mil/mil/passes/dead_code_elimination.py:35] Removing op "17" (type: const)
[20200630 16:33:22 INFO /Volumes/data/work/1duo-coremltools/coremltools/converters/mil/mil/passes/dead_code_elimination.py:35] Removing op "24" (type: const)
[20200630 16:33:22 INFO /Volumes/data/work/1duo-coremltools/coremltools/converters/mil/mil/passes/dead_code_elimination.py:35] Removing op "12" (type: const)
[20200630 16:33:22 INFO /Volumes/data/work/1duo-coremltools/coremltools/converters/mil/mil/passes/dead_code_elimination.py:35] Removing op "22" (type: const)
[20200630 16:33:22 DEBUG /Volumes/data/work/1duo-coremltools/coremltools/converters/mil/mil/passes/common_pass.py:38] Program after common passes:
main(%input: (1, 1, 5, 7, fp32)) {
  block96() {
    %1: (1, 1, 3, 3, fp32)* = const(val=[[[[0.024444222450256348, -0.24281160533428192, 0.07543531060218811], [-0.1345430612564087, 0.30626532435417175, 0.26128891110420227], [-0.10918137431144714, -0.21052858233451843, 0.26326867938041687]]]], name="1")
    %2: (1,fp32)* = const(val=[0.2803786098957062], name="2")
    %21: (2,i32)* = const(val=[3, 3], name="21")
    %23: (2,i32)* = const(val=[3, 3], name="23")
    %16: (i32)* = const(val=1, name="16")
    %20_pad_type_77: (str)* = const(val="custom", name="20_pad_type_77")
    %20_pad_77: (4,i32)* = const(val=[1, 1, 1, 1], name="20_pad_77")
    %20: (1, 1, 1, 1, fp32) = conv(x=%input, weight=%1, bias=%2, strides=%21, pad_type=%20_pad_type_77, pad=%20_pad_77, dilations=%23, groups=%16, name="20")
  } -> (%20)
}

[20200630 16:33:22 INFO /Volumes/data/work/1duo-coremltools/coremltools/converters/mil/backend/nn/passes/nn_passes.py:22] Performing passes for nn_backend: "nn_backend::commingle_loop_vars"
[20200630 16:33:22 INFO /Volumes/data/work/1duo-coremltools/coremltools/converters/mil/backend/nn/passes/nn_passes.py:22] Performing passes for nn_backend: "nn_backend::handle_return_inputs_as_outputs"
[20200630 16:33:22 INFO /Volumes/data/work/1duo-coremltools/coremltools/converters/mil/backend/nn/passes/nn_passes.py:22] Performing passes for nn_backend: "common::const_elimination"
[20200630 16:33:22 INFO /Volumes/data/work/1duo-coremltools/coremltools/converters/mil/backend/nn/passes/nn_passes.py:22] Performing passes for nn_backend: "common::dead_code_elimination"
[20200630 16:33:22 INFO /Volumes/data/work/1duo-coremltools/coremltools/converters/mil/backend/nn/passes/nn_passes.py:22] Performing passes for nn_backend: "nn_backend::handle_unused_inputs"
[20200630 16:33:22 INFO /Volumes/data/work/1duo-coremltools/coremltools/converters/mil/backend/nn/passes/nn_passes.py:22] Performing passes for nn_backend: "nn_backend::alert_return_type_cast"
[20200630 16:33:22 DEBUG /Volumes/data/work/1duo-coremltools/coremltools/converters/mil/backend/nn/passes/nn_passes.py:26] Program after nn backend passes:
main(%input: (1, 1, 5, 7, fp32)) {
  block96() {
    %1: (1, 1, 3, 3, fp32)* = const(val=[[[[0.024444222450256348, -0.24281160533428192, 0.07543531060218811], [-0.1345430612564087, 0.30626532435417175, 0.26128891110420227], [-0.10918137431144714, -0.21052858233451843, 0.26326867938041687]]]], name="1")
    %2: (1,fp32)* = const(val=[0.2803786098957062], name="2")
    %21: (2,i32)* = const(val=[3, 3], name="21")
    %23: (2,i32)* = const(val=[3, 3], name="23")
    %16: (i32)* = const(val=1, name="16")
    %20_pad_type_77: (str)* = const(val="custom", name="20_pad_type_77")
    %20_pad_77: (4,i32)* = const(val=[1, 1, 1, 1], name="20_pad_77")
    %20: (1, 1, 1, 1, fp32) = conv(x=%input, weight=%1, bias=%2, strides=%21, pad_type=%20_pad_type_77, pad=%20_pad_77, dilations=%23, groups=%16, name="20")
  } -> (%20)
}

[20200630 16:33:22 INFO /Volumes/data/work/1duo-coremltools/coremltools/converters/mil/frontend/torch/converter.py:269] Converting graph.
[20200630 16:33:22 INFO /Volumes/data/work/1duo-coremltools/coremltools/converters/mil/mil/builder.py:181] Adding op '1' of type const
[20200630 16:33:22 INFO /Volumes/data/work/1duo-coremltools/coremltools/converters/mil/mil/builder.py:181] Adding op '2' of type const
[20200630 16:33:22 INFO /Volumes/data/work/1duo-coremltools/coremltools/converters/mil/frontend/torch/ops.py:49] Converting op 21 : constant
[20200630 16:33:22 INFO /Volumes/data/work/1duo-coremltools/coremltools/converters/mil/mil/builder.py:181] Adding op '21' of type const
[20200630 16:33:22 INFO /Volumes/data/work/1duo-coremltools/coremltools/converters/mil/frontend/torch/ops.py:49] Converting op 22 : constant
[20200630 16:33:22 INFO /Volumes/data/work/1duo-coremltools/coremltools/converters/mil/mil/builder.py:181] Adding op '22' of type const
[20200630 16:33:22 INFO /Volumes/data/work/1duo-coremltools/coremltools/converters/mil/frontend/torch/ops.py:49] Converting op 23 : constant
[20200630 16:33:22 INFO /Volumes/data/work/1duo-coremltools/coremltools/converters/mil/mil/builder.py:181] Adding op '23' of type const
[20200630 16:33:22 INFO /Volumes/data/work/1duo-coremltools/coremltools/converters/mil/frontend/torch/ops.py:49] Converting op 12 : constant
[20200630 16:33:22 INFO /Volumes/data/work/1duo-coremltools/coremltools/converters/mil/mil/builder.py:181] Adding op '12' of type const
[20200630 16:33:22 INFO /Volumes/data/work/1duo-coremltools/coremltools/converters/mil/frontend/torch/ops.py:49] Converting op 24 : constant
[20200630 16:33:22 INFO /Volumes/data/work/1duo-coremltools/coremltools/converters/mil/mil/builder.py:181] Adding op '24' of type const
[20200630 16:33:22 INFO /Volumes/data/work/1duo-coremltools/coremltools/converters/mil/frontend/torch/ops.py:49] Converting op 16 : constant
[20200630 16:33:22 INFO /Volumes/data/work/1duo-coremltools/coremltools/converters/mil/mil/builder.py:181] Adding op '16' of type const
[20200630 16:33:22 INFO /Volumes/data/work/1duo-coremltools/coremltools/converters/mil/frontend/torch/ops.py:49] Converting op 17 : constant
[20200630 16:33:22 INFO /Volumes/data/work/1duo-coremltools/coremltools/converters/mil/mil/builder.py:181] Adding op '17' of type const
[20200630 16:33:22 INFO /Volumes/data/work/1duo-coremltools/coremltools/converters/mil/frontend/torch/ops.py:49] Converting op 18 : constant
[20200630 16:33:22 INFO /Volumes/data/work/1duo-coremltools/coremltools/converters/mil/mil/builder.py:181] Adding op '18' of type const
[20200630 16:33:22 INFO /Volumes/data/work/1duo-coremltools/coremltools/converters/mil/frontend/torch/ops.py:49] Converting op 19 : constant
[20200630 16:33:22 INFO /Volumes/data/work/1duo-coremltools/coremltools/converters/mil/mil/builder.py:181] Adding op '19' of type const
[20200630 16:33:22 INFO /Volumes/data/work/1duo-coremltools/coremltools/converters/mil/frontend/torch/ops.py:49] Converting op 20 : _convolution
[20200630 16:33:22 INFO /Volumes/data/work/1duo-coremltools/coremltools/converters/mil/mil/builder.py:181] Adding op '20' of type conv
[20200630 16:33:22 DEBUG /Volumes/data/work/1duo-coremltools/coremltools/converters/mil/mil/builder.py:93] Adding const op '20_pad_type_78'
[20200630 16:33:22 INFO /Volumes/data/work/1duo-coremltools/coremltools/converters/mil/mil/builder.py:181] Adding op '20_pad_type_78' of type const
[20200630 16:33:22 DEBUG /Volumes/data/work/1duo-coremltools/coremltools/converters/mil/mil/builder.py:93] Adding const op '20_pad_78'
[20200630 16:33:22 INFO /Volumes/data/work/1duo-coremltools/coremltools/converters/mil/mil/builder.py:181] Adding op '20_pad_78' of type const
[20200630 16:33:22 DEBUG /Volumes/data/work/1duo-coremltools/coremltools/converters/mil/mil/passes/common_pass.py:30] Program before common passes:
main(%input: (1, 1, 5, 7, fp32)) {
  block97() {
    %1: (1, 1, 3, 3, fp32)* = const(val=[[[[-0.10894438624382019, -0.14885088801383972, -0.15378344058990479], [0.2109755575656891, -0.17126385867595673, 0.061322540044784546], [-0.11352643370628357, -0.27982157468795776, -0.07862463593482971]]]], name="1")
    %2: (1,fp32)* = const(val=[-0.3107307553291321], name="2")
    %21: (2,i32)* = const(val=[3, 3], name="21")
    %22: (2,i32)* = const(val=[3, 3], name="22")
    %23: (2,i32)* = const(val=[1, 1], name="23")
    %12: (bool)* = const(val=False, name="12")
    %24: (2,i32)* = const(val=[0, 0], name="24")
    %16: (i32)* = const(val=1, name="16")
    %17: (bool)* = const(val=False, name="17")
    %18: (bool)* = const(val=False, name="18")
    %19: (bool)* = const(val=True, name="19")
    %20_pad_type_78: (str)* = const(val="custom", name="20_pad_type_78")
    %20_pad_78: (4,i32)* = const(val=[3, 3, 3, 3], name="20_pad_78")
    %20: (1, 1, 3, 4, fp32) = conv(x=%input, weight=%1, bias=%2, strides=%21, pad_type=%20_pad_type_78, pad=%20_pad_78, dilations=%23, groups=%16, name="20")
  } -> (%20)
}

[20200630 16:33:22 INFO /Volumes/data/work/1duo-coremltools/coremltools/converters/mil/mil/passes/common_pass.py:34] Performing pass: "common::const_elimination"
[20200630 16:33:22 INFO /Volumes/data/work/1duo-coremltools/coremltools/converters/mil/mil/passes/common_pass.py:34] Performing pass: "common::divide_to_multiply"
[20200630 16:33:22 INFO /Volumes/data/work/1duo-coremltools/coremltools/converters/mil/mil/passes/common_pass.py:34] Performing pass: "common::fuse_matmul_weight_bias"
[20200630 16:33:22 INFO /Volumes/data/work/1duo-coremltools/coremltools/converters/mil/mil/passes/common_pass.py:34] Performing pass: "common::const_elimination"
[20200630 16:33:22 INFO /Volumes/data/work/1duo-coremltools/coremltools/converters/mil/mil/passes/common_pass.py:34] Performing pass: "common::loop_invariant_elimination"
[20200630 16:33:22 INFO /Volumes/data/work/1duo-coremltools/coremltools/converters/mil/mil/passes/common_pass.py:34] Performing pass: "common::remove_symbolic_reshape"
[20200630 16:33:22 INFO /Volumes/data/work/1duo-coremltools/coremltools/converters/mil/mil/passes/remove_symbolic_reshape.py:104] remove_symbolic_reshape: changed 0 reshapes.
[20200630 16:33:22 INFO /Volumes/data/work/1duo-coremltools/coremltools/converters/mil/mil/passes/common_pass.py:34] Performing pass: "common::fuse_gelu_tanh_approximation"
[20200630 16:33:22 INFO /Volumes/data/work/1duo-coremltools/coremltools/converters/mil/mil/passes/common_pass.py:34] Performing pass: "common::reduce_transposes"
[20200630 16:33:22 DEBUG /Volumes/data/work/1duo-coremltools/coremltools/converters/mil/mil/passes/reduce_transposes.py:989] Block before optimize transpose transform:
function(%input: (1, 1, 5, 7, fp32)) {
  block97() {
    %1: (1, 1, 3, 3, fp32)* = const(val=[[[[-0.10894438624382019, -0.14885088801383972, -0.15378344058990479], [0.2109755575656891, -0.17126385867595673, 0.061322540044784546], [-0.11352643370628357, -0.27982157468795776, -0.07862463593482971]]]], name="1")
    %2: (1,fp32)* = const(val=[-0.3107307553291321], name="2")
    %21: (2,i32)* = const(val=[3, 3], name="21")
    %22: (2,i32)* = const(val=[3, 3], name="22")
    %23: (2,i32)* = const(val=[1, 1], name="23")
    %12: (bool)* = const(val=False, name="12")
    %24: (2,i32)* = const(val=[0, 0], name="24")
    %16: (i32)* = const(val=1, name="16")
    %17: (bool)* = const(val=False, name="17")
    %18: (bool)* = const(val=False, name="18")
    %19: (bool)* = const(val=True, name="19")
    %20_pad_type_78: (str)* = const(val="custom", name="20_pad_type_78")
    %20_pad_78: (4,i32)* = const(val=[3, 3, 3, 3], name="20_pad_78")
    %20: (1, 1, 3, 4, fp32) = conv(x=%input, weight=%1, bias=%2, strides=%21, pad_type=%20_pad_type_78, pad=%20_pad_78, dilations=%23, groups=%16, name="20")
  } -> (%20)
}

[20200630 16:33:22 DEBUG /Volumes/data/work/1duo-coremltools/coremltools/converters/mil/mil/passes/reduce_transposes.py:1024] Block after optimize transpose transform:
function(%input: (1, 1, 5, 7, fp32)) {
  block97() {
    %1: (1, 1, 3, 3, fp32)* = const(val=[[[[-0.10894438624382019, -0.14885088801383972, -0.15378344058990479], [0.2109755575656891, -0.17126385867595673, 0.061322540044784546], [-0.11352643370628357, -0.27982157468795776, -0.07862463593482971]]]], name="1")
    %2: (1,fp32)* = const(val=[-0.3107307553291321], name="2")
    %21: (2,i32)* = const(val=[3, 3], name="21")
    %22: (2,i32)* = const(val=[3, 3], name="22")
    %23: (2,i32)* = const(val=[1, 1], name="23")
    %12: (bool)* = const(val=False, name="12")
    %24: (2,i32)* = const(val=[0, 0], name="24")
    %16: (i32)* = const(val=1, name="16")
    %17: (bool)* = const(val=False, name="17")
    %18: (bool)* = const(val=False, name="18")
    %19: (bool)* = const(val=True, name="19")
    %20_pad_type_78: (str)* = const(val="custom", name="20_pad_type_78")
    %20_pad_78: (4,i32)* = const(val=[3, 3, 3, 3], name="20_pad_78")
    %20: (1, 1, 3, 4, fp32) = conv(x=%input, weight=%1, bias=%2, strides=%21, pad_type=%20_pad_type_78, pad=%20_pad_78, dilations=%23, groups=%16, name="20")
  } -> (%20)
}

[20200630 16:33:22 INFO /Volumes/data/work/1duo-coremltools/coremltools/converters/mil/mil/passes/common_pass.py:34] Performing pass: "common::fuse_bias_conv"
[20200630 16:33:22 INFO /Volumes/data/work/1duo-coremltools/coremltools/converters/mil/mil/passes/common_pass.py:34] Performing pass: "common::fuse_elementwise_to_batchnorm"
[20200630 16:33:22 INFO /Volumes/data/work/1duo-coremltools/coremltools/converters/mil/mil/passes/common_pass.py:34] Performing pass: "common::fuse_onehot_matmul_to_gather"
[20200630 16:33:22 INFO /Volumes/data/work/1duo-coremltools/coremltools/converters/mil/mil/passes/common_pass.py:34] Performing pass: "common::fuse_layernorm_or_instancenorm"
[20200630 16:33:22 INFO /Volumes/data/work/1duo-coremltools/coremltools/converters/mil/mil/passes/common_pass.py:34] Performing pass: "common::dead_code_elimination"
[20200630 16:33:22 INFO /Volumes/data/work/1duo-coremltools/coremltools/converters/mil/mil/passes/dead_code_elimination.py:35] Removing op "19" (type: const)
[20200630 16:33:22 INFO /Volumes/data/work/1duo-coremltools/coremltools/converters/mil/mil/passes/dead_code_elimination.py:35] Removing op "18" (type: const)
[20200630 16:33:22 INFO /Volumes/data/work/1duo-coremltools/coremltools/converters/mil/mil/passes/dead_code_elimination.py:35] Removing op "17" (type: const)
[20200630 16:33:22 INFO /Volumes/data/work/1duo-coremltools/coremltools/converters/mil/mil/passes/dead_code_elimination.py:35] Removing op "24" (type: const)
[20200630 16:33:22 INFO /Volumes/data/work/1duo-coremltools/coremltools/converters/mil/mil/passes/dead_code_elimination.py:35] Removing op "12" (type: const)
[20200630 16:33:22 INFO /Volumes/data/work/1duo-coremltools/coremltools/converters/mil/mil/passes/dead_code_elimination.py:35] Removing op "22" (type: const)
[20200630 16:33:22 DEBUG /Volumes/data/work/1duo-coremltools/coremltools/converters/mil/mil/passes/common_pass.py:38] Program after common passes:
main(%input: (1, 1, 5, 7, fp32)) {
  block97() {
    %1: (1, 1, 3, 3, fp32)* = const(val=[[[[-0.10894438624382019, -0.14885088801383972, -0.15378344058990479], [0.2109755575656891, -0.17126385867595673, 0.061322540044784546], [-0.11352643370628357, -0.27982157468795776, -0.07862463593482971]]]], name="1")
    %2: (1,fp32)* = const(val=[-0.3107307553291321], name="2")
    %21: (2,i32)* = const(val=[3, 3], name="21")
    %23: (2,i32)* = const(val=[1, 1], name="23")
    %16: (i32)* = const(val=1, name="16")
    %20_pad_type_78: (str)* = const(val="custom", name="20_pad_type_78")
    %20_pad_78: (4,i32)* = const(val=[3, 3, 3, 3], name="20_pad_78")
    %20: (1, 1, 3, 4, fp32) = conv(x=%input, weight=%1, bias=%2, strides=%21, pad_type=%20_pad_type_78, pad=%20_pad_78, dilations=%23, groups=%16, name="20")
  } -> (%20)
}

[20200630 16:33:22 INFO /Volumes/data/work/1duo-coremltools/coremltools/converters/mil/backend/nn/passes/nn_passes.py:22] Performing passes for nn_backend: "nn_backend::commingle_loop_vars"
[20200630 16:33:22 INFO /Volumes/data/work/1duo-coremltools/coremltools/converters/mil/backend/nn/passes/nn_passes.py:22] Performing passes for nn_backend: "nn_backend::handle_return_inputs_as_outputs"
[20200630 16:33:22 INFO /Volumes/data/work/1duo-coremltools/coremltools/converters/mil/backend/nn/passes/nn_passes.py:22] Performing passes for nn_backend: "common::const_elimination"
[20200630 16:33:22 INFO /Volumes/data/work/1duo-coremltools/coremltools/converters/mil/backend/nn/passes/nn_passes.py:22] Performing passes for nn_backend: "common::dead_code_elimination"
[20200630 16:33:22 INFO /Volumes/data/work/1duo-coremltools/coremltools/converters/mil/backend/nn/passes/nn_passes.py:22] Performing passes for nn_backend: "nn_backend::handle_unused_inputs"
[20200630 16:33:22 INFO /Volumes/data/work/1duo-coremltools/coremltools/converters/mil/backend/nn/passes/nn_passes.py:22] Performing passes for nn_backend: "nn_backend::alert_return_type_cast"
[20200630 16:33:22 DEBUG /Volumes/data/work/1duo-coremltools/coremltools/converters/mil/backend/nn/passes/nn_passes.py:26] Program after nn backend passes:
main(%input: (1, 1, 5, 7, fp32)) {
  block97() {
    %1: (1, 1, 3, 3, fp32)* = const(val=[[[[-0.10894438624382019, -0.14885088801383972, -0.15378344058990479], [0.2109755575656891, -0.17126385867595673, 0.061322540044784546], [-0.11352643370628357, -0.27982157468795776, -0.07862463593482971]]]], name="1")
    %2: (1,fp32)* = const(val=[-0.3107307553291321], name="2")
    %21: (2,i32)* = const(val=[3, 3], name="21")
    %23: (2,i32)* = const(val=[1, 1], name="23")
    %16: (i32)* = const(val=1, name="16")
    %20_pad_type_78: (str)* = const(val="custom", name="20_pad_type_78")
    %20_pad_78: (4,i32)* = const(val=[3, 3, 3, 3], name="20_pad_78")
    %20: (1, 1, 3, 4, fp32) = conv(x=%input, weight=%1, bias=%2, strides=%21, pad_type=%20_pad_type_78, pad=%20_pad_78, dilations=%23, groups=%16, name="20")
  } -> (%20)
}

[20200630 16:33:22 INFO /Volumes/data/work/1duo-coremltools/coremltools/converters/mil/frontend/torch/converter.py:269] Converting graph.
[20200630 16:33:22 INFO /Volumes/data/work/1duo-coremltools/coremltools/converters/mil/mil/builder.py:181] Adding op '1' of type const
[20200630 16:33:22 INFO /Volumes/data/work/1duo-coremltools/coremltools/converters/mil/mil/builder.py:181] Adding op '2' of type const
[20200630 16:33:22 INFO /Volumes/data/work/1duo-coremltools/coremltools/converters/mil/frontend/torch/ops.py:49] Converting op 21 : constant
[20200630 16:33:22 INFO /Volumes/data/work/1duo-coremltools/coremltools/converters/mil/mil/builder.py:181] Adding op '21' of type const
[20200630 16:33:22 INFO /Volumes/data/work/1duo-coremltools/coremltools/converters/mil/frontend/torch/ops.py:49] Converting op 22 : constant
[20200630 16:33:22 INFO /Volumes/data/work/1duo-coremltools/coremltools/converters/mil/mil/builder.py:181] Adding op '22' of type const
[20200630 16:33:22 INFO /Volumes/data/work/1duo-coremltools/coremltools/converters/mil/frontend/torch/ops.py:49] Converting op 23 : constant
[20200630 16:33:22 INFO /Volumes/data/work/1duo-coremltools/coremltools/converters/mil/mil/builder.py:181] Adding op '23' of type const
[20200630 16:33:22 INFO /Volumes/data/work/1duo-coremltools/coremltools/converters/mil/frontend/torch/ops.py:49] Converting op 12 : constant
[20200630 16:33:22 INFO /Volumes/data/work/1duo-coremltools/coremltools/converters/mil/mil/builder.py:181] Adding op '12' of type const
[20200630 16:33:22 INFO /Volumes/data/work/1duo-coremltools/coremltools/converters/mil/frontend/torch/ops.py:49] Converting op 24 : constant
[20200630 16:33:22 INFO /Volumes/data/work/1duo-coremltools/coremltools/converters/mil/mil/builder.py:181] Adding op '24' of type const
[20200630 16:33:22 INFO /Volumes/data/work/1duo-coremltools/coremltools/converters/mil/frontend/torch/ops.py:49] Converting op 16 : constant
[20200630 16:33:22 INFO /Volumes/data/work/1duo-coremltools/coremltools/converters/mil/mil/builder.py:181] Adding op '16' of type const
[20200630 16:33:22 INFO /Volumes/data/work/1duo-coremltools/coremltools/converters/mil/frontend/torch/ops.py:49] Converting op 17 : constant
[20200630 16:33:22 INFO /Volumes/data/work/1duo-coremltools/coremltools/converters/mil/mil/builder.py:181] Adding op '17' of type const
[20200630 16:33:22 INFO /Volumes/data/work/1duo-coremltools/coremltools/converters/mil/frontend/torch/ops.py:49] Converting op 18 : constant
[20200630 16:33:22 INFO /Volumes/data/work/1duo-coremltools/coremltools/converters/mil/mil/builder.py:181] Adding op '18' of type const
[20200630 16:33:22 INFO /Volumes/data/work/1duo-coremltools/coremltools/converters/mil/frontend/torch/ops.py:49] Converting op 19 : constant
[20200630 16:33:22 INFO /Volumes/data/work/1duo-coremltools/coremltools/converters/mil/mil/builder.py:181] Adding op '19' of type const
[20200630 16:33:22 INFO /Volumes/data/work/1duo-coremltools/coremltools/converters/mil/frontend/torch/ops.py:49] Converting op 20 : _convolution
[20200630 16:33:22 INFO /Volumes/data/work/1duo-coremltools/coremltools/converters/mil/mil/builder.py:181] Adding op '20' of type conv
[20200630 16:33:22 DEBUG /Volumes/data/work/1duo-coremltools/coremltools/converters/mil/mil/builder.py:93] Adding const op '20_pad_type_79'
[20200630 16:33:22 INFO /Volumes/data/work/1duo-coremltools/coremltools/converters/mil/mil/builder.py:181] Adding op '20_pad_type_79' of type const
[20200630 16:33:22 DEBUG /Volumes/data/work/1duo-coremltools/coremltools/converters/mil/mil/builder.py:93] Adding const op '20_pad_79'
[20200630 16:33:22 INFO /Volumes/data/work/1duo-coremltools/coremltools/converters/mil/mil/builder.py:181] Adding op '20_pad_79' of type const
[20200630 16:33:22 DEBUG /Volumes/data/work/1duo-coremltools/coremltools/converters/mil/mil/passes/common_pass.py:30] Program before common passes:
main(%input: (1, 1, 5, 7, fp32)) {
  block98() {
    %1: (1, 1, 3, 3, fp32)* = const(val=[[[[-0.03167709708213806, -0.10075697302818298, 0.07354602217674255], [0.023647934198379517, -0.23938851058483124, -0.12397098541259766], [0.18714573979377747, -0.3139042854309082, 0.09767118096351624]]]], name="1")
    %2: (1,fp32)* = const(val=[0.1383891999721527], name="2")
    %21: (2,i32)* = const(val=[3, 3], name="21")
    %22: (2,i32)* = const(val=[3, 3], name="22")
    %23: (2,i32)* = const(val=[3, 3], name="23")
    %12: (bool)* = const(val=False, name="12")
    %24: (2,i32)* = const(val=[0, 0], name="24")
    %16: (i32)* = const(val=1, name="16")
    %17: (bool)* = const(val=False, name="17")
    %18: (bool)* = const(val=False, name="18")
    %19: (bool)* = const(val=True, name="19")
    %20_pad_type_79: (str)* = const(val="custom", name="20_pad_type_79")
    %20_pad_79: (4,i32)* = const(val=[3, 3, 3, 3], name="20_pad_79")
    %20: (1, 1, 2, 3, fp32) = conv(x=%input, weight=%1, bias=%2, strides=%21, pad_type=%20_pad_type_79, pad=%20_pad_79, dilations=%23, groups=%16, name="20")
  } -> (%20)
}

[20200630 16:33:22 INFO /Volumes/data/work/1duo-coremltools/coremltools/converters/mil/mil/passes/common_pass.py:34] Performing pass: "common::const_elimination"
[20200630 16:33:22 INFO /Volumes/data/work/1duo-coremltools/coremltools/converters/mil/mil/passes/common_pass.py:34] Performing pass: "common::divide_to_multiply"
[20200630 16:33:22 INFO /Volumes/data/work/1duo-coremltools/coremltools/converters/mil/mil/passes/common_pass.py:34] Performing pass: "common::fuse_matmul_weight_bias"
[20200630 16:33:22 INFO /Volumes/data/work/1duo-coremltools/coremltools/converters/mil/mil/passes/common_pass.py:34] Performing pass: "common::const_elimination"
[20200630 16:33:22 INFO /Volumes/data/work/1duo-coremltools/coremltools/converters/mil/mil/passes/common_pass.py:34] Performing pass: "common::loop_invariant_elimination"
[20200630 16:33:22 INFO /Volumes/data/work/1duo-coremltools/coremltools/converters/mil/mil/passes/common_pass.py:34] Performing pass: "common::remove_symbolic_reshape"
[20200630 16:33:22 INFO /Volumes/data/work/1duo-coremltools/coremltools/converters/mil/mil/passes/remove_symbolic_reshape.py:104] remove_symbolic_reshape: changed 0 reshapes.
[20200630 16:33:22 INFO /Volumes/data/work/1duo-coremltools/coremltools/converters/mil/mil/passes/common_pass.py:34] Performing pass: "common::fuse_gelu_tanh_approximation"
[20200630 16:33:22 INFO /Volumes/data/work/1duo-coremltools/coremltools/converters/mil/mil/passes/common_pass.py:34] Performing pass: "common::reduce_transposes"
[20200630 16:33:22 DEBUG /Volumes/data/work/1duo-coremltools/coremltools/converters/mil/mil/passes/reduce_transposes.py:989] Block before optimize transpose transform:
function(%input: (1, 1, 5, 7, fp32)) {
  block98() {
    %1: (1, 1, 3, 3, fp32)* = const(val=[[[[-0.03167709708213806, -0.10075697302818298, 0.07354602217674255], [0.023647934198379517, -0.23938851058483124, -0.12397098541259766], [0.18714573979377747, -0.3139042854309082, 0.09767118096351624]]]], name="1")
    %2: (1,fp32)* = const(val=[0.1383891999721527], name="2")
    %21: (2,i32)* = const(val=[3, 3], name="21")
    %22: (2,i32)* = const(val=[3, 3], name="22")
    %23: (2,i32)* = const(val=[3, 3], name="23")
    %12: (bool)* = const(val=False, name="12")
    %24: (2,i32)* = const(val=[0, 0], name="24")
    %16: (i32)* = const(val=1, name="16")
    %17: (bool)* = const(val=False, name="17")
    %18: (bool)* = const(val=False, name="18")
    %19: (bool)* = const(val=True, name="19")
    %20_pad_type_79: (str)* = const(val="custom", name="20_pad_type_79")
    %20_pad_79: (4,i32)* = const(val=[3, 3, 3, 3], name="20_pad_79")
    %20: (1, 1, 2, 3, fp32) = conv(x=%input, weight=%1, bias=%2, strides=%21, pad_type=%20_pad_type_79, pad=%20_pad_79, dilations=%23, groups=%16, name="20")
  } -> (%20)
}

[20200630 16:33:22 DEBUG /Volumes/data/work/1duo-coremltools/coremltools/converters/mil/mil/passes/reduce_transposes.py:1024] Block after optimize transpose transform:
function(%input: (1, 1, 5, 7, fp32)) {
  block98() {
    %1: (1, 1, 3, 3, fp32)* = const(val=[[[[-0.03167709708213806, -0.10075697302818298, 0.07354602217674255], [0.023647934198379517, -0.23938851058483124, -0.12397098541259766], [0.18714573979377747, -0.3139042854309082, 0.09767118096351624]]]], name="1")
    %2: (1,fp32)* = const(val=[0.1383891999721527], name="2")
    %21: (2,i32)* = const(val=[3, 3], name="21")
    %22: (2,i32)* = const(val=[3, 3], name="22")
    %23: (2,i32)* = const(val=[3, 3], name="23")
    %12: (bool)* = const(val=False, name="12")
    %24: (2,i32)* = const(val=[0, 0], name="24")
    %16: (i32)* = const(val=1, name="16")
    %17: (bool)* = const(val=False, name="17")
    %18: (bool)* = const(val=False, name="18")
    %19: (bool)* = const(val=True, name="19")
    %20_pad_type_79: (str)* = const(val="custom", name="20_pad_type_79")
    %20_pad_79: (4,i32)* = const(val=[3, 3, 3, 3], name="20_pad_79")
    %20: (1, 1, 2, 3, fp32) = conv(x=%input, weight=%1, bias=%2, strides=%21, pad_type=%20_pad_type_79, pad=%20_pad_79, dilations=%23, groups=%16, name="20")
  } -> (%20)
}

[20200630 16:33:22 INFO /Volumes/data/work/1duo-coremltools/coremltools/converters/mil/mil/passes/common_pass.py:34] Performing pass: "common::fuse_bias_conv"
[20200630 16:33:22 INFO /Volumes/data/work/1duo-coremltools/coremltools/converters/mil/mil/passes/common_pass.py:34] Performing pass: "common::fuse_elementwise_to_batchnorm"
[20200630 16:33:22 INFO /Volumes/data/work/1duo-coremltools/coremltools/converters/mil/mil/passes/common_pass.py:34] Performing pass: "common::fuse_onehot_matmul_to_gather"
[20200630 16:33:22 INFO /Volumes/data/work/1duo-coremltools/coremltools/converters/mil/mil/passes/common_pass.py:34] Performing pass: "common::fuse_layernorm_or_instancenorm"
[20200630 16:33:22 INFO /Volumes/data/work/1duo-coremltools/coremltools/converters/mil/mil/passes/common_pass.py:34] Performing pass: "common::dead_code_elimination"
[20200630 16:33:22 INFO /Volumes/data/work/1duo-coremltools/coremltools/converters/mil/mil/passes/dead_code_elimination.py:35] Removing op "19" (type: const)
[20200630 16:33:22 INFO /Volumes/data/work/1duo-coremltools/coremltools/converters/mil/mil/passes/dead_code_elimination.py:35] Removing op "18" (type: const)
[20200630 16:33:22 INFO /Volumes/data/work/1duo-coremltools/coremltools/converters/mil/mil/passes/dead_code_elimination.py:35] Removing op "17" (type: const)
[20200630 16:33:22 INFO /Volumes/data/work/1duo-coremltools/coremltools/converters/mil/mil/passes/dead_code_elimination.py:35] Removing op "24" (type: const)
[20200630 16:33:22 INFO /Volumes/data/work/1duo-coremltools/coremltools/converters/mil/mil/passes/dead_code_elimination.py:35] Removing op "12" (type: const)
[20200630 16:33:22 INFO /Volumes/data/work/1duo-coremltools/coremltools/converters/mil/mil/passes/dead_code_elimination.py:35] Removing op "22" (type: const)
[20200630 16:33:22 DEBUG /Volumes/data/work/1duo-coremltools/coremltools/converters/mil/mil/passes/common_pass.py:38] Program after common passes:
main(%input: (1, 1, 5, 7, fp32)) {
  block98() {
    %1: (1, 1, 3, 3, fp32)* = const(val=[[[[-0.03167709708213806, -0.10075697302818298, 0.07354602217674255], [0.023647934198379517, -0.23938851058483124, -0.12397098541259766], [0.18714573979377747, -0.3139042854309082, 0.09767118096351624]]]], name="1")
    %2: (1,fp32)* = const(val=[0.1383891999721527], name="2")
    %21: (2,i32)* = const(val=[3, 3], name="21")
    %23: (2,i32)* = const(val=[3, 3], name="23")
    %16: (i32)* = const(val=1, name="16")
    %20_pad_type_79: (str)* = const(val="custom", name="20_pad_type_79")
    %20_pad_79: (4,i32)* = const(val=[3, 3, 3, 3], name="20_pad_79")
    %20: (1, 1, 2, 3, fp32) = conv(x=%input, weight=%1, bias=%2, strides=%21, pad_type=%20_pad_type_79, pad=%20_pad_79, dilations=%23, groups=%16, name="20")
  } -> (%20)
}

[20200630 16:33:22 INFO /Volumes/data/work/1duo-coremltools/coremltools/converters/mil/backend/nn/passes/nn_passes.py:22] Performing passes for nn_backend: "nn_backend::commingle_loop_vars"
[20200630 16:33:22 INFO /Volumes/data/work/1duo-coremltools/coremltools/converters/mil/backend/nn/passes/nn_passes.py:22] Performing passes for nn_backend: "nn_backend::handle_return_inputs_as_outputs"
[20200630 16:33:22 INFO /Volumes/data/work/1duo-coremltools/coremltools/converters/mil/backend/nn/passes/nn_passes.py:22] Performing passes for nn_backend: "common::const_elimination"
[20200630 16:33:22 INFO /Volumes/data/work/1duo-coremltools/coremltools/converters/mil/backend/nn/passes/nn_passes.py:22] Performing passes for nn_backend: "common::dead_code_elimination"
[20200630 16:33:22 INFO /Volumes/data/work/1duo-coremltools/coremltools/converters/mil/backend/nn/passes/nn_passes.py:22] Performing passes for nn_backend: "nn_backend::handle_unused_inputs"
[20200630 16:33:22 INFO /Volumes/data/work/1duo-coremltools/coremltools/converters/mil/backend/nn/passes/nn_passes.py:22] Performing passes for nn_backend: "nn_backend::alert_return_type_cast"
[20200630 16:33:22 DEBUG /Volumes/data/work/1duo-coremltools/coremltools/converters/mil/backend/nn/passes/nn_passes.py:26] Program after nn backend passes:
main(%input: (1, 1, 5, 7, fp32)) {
  block98() {
    %1: (1, 1, 3, 3, fp32)* = const(val=[[[[-0.03167709708213806, -0.10075697302818298, 0.07354602217674255], [0.023647934198379517, -0.23938851058483124, -0.12397098541259766], [0.18714573979377747, -0.3139042854309082, 0.09767118096351624]]]], name="1")
    %2: (1,fp32)* = const(val=[0.1383891999721527], name="2")
    %21: (2,i32)* = const(val=[3, 3], name="21")
    %23: (2,i32)* = const(val=[3, 3], name="23")
    %16: (i32)* = const(val=1, name="16")
    %20_pad_type_79: (str)* = const(val="custom", name="20_pad_type_79")
    %20_pad_79: (4,i32)* = const(val=[3, 3, 3, 3], name="20_pad_79")
    %20: (1, 1, 2, 3, fp32) = conv(x=%input, weight=%1, bias=%2, strides=%21, pad_type=%20_pad_type_79, pad=%20_pad_79, dilations=%23, groups=%16, name="20")
  } -> (%20)
}

[20200630 16:33:22 INFO /Volumes/data/work/1duo-coremltools/coremltools/converters/mil/frontend/torch/converter.py:269] Converting graph.
[20200630 16:33:22 INFO /Volumes/data/work/1duo-coremltools/coremltools/converters/mil/mil/builder.py:181] Adding op '1' of type const
[20200630 16:33:22 INFO /Volumes/data/work/1duo-coremltools/coremltools/converters/mil/mil/builder.py:181] Adding op '2' of type const
[20200630 16:33:22 INFO /Volumes/data/work/1duo-coremltools/coremltools/converters/mil/frontend/torch/ops.py:49] Converting op 21 : constant
[20200630 16:33:22 INFO /Volumes/data/work/1duo-coremltools/coremltools/converters/mil/mil/builder.py:181] Adding op '21' of type const
[20200630 16:33:22 INFO /Volumes/data/work/1duo-coremltools/coremltools/converters/mil/frontend/torch/ops.py:49] Converting op 22 : constant
[20200630 16:33:22 INFO /Volumes/data/work/1duo-coremltools/coremltools/converters/mil/mil/builder.py:181] Adding op '22' of type const
[20200630 16:33:22 INFO /Volumes/data/work/1duo-coremltools/coremltools/converters/mil/frontend/torch/ops.py:49] Converting op 23 : constant
[20200630 16:33:22 INFO /Volumes/data/work/1duo-coremltools/coremltools/converters/mil/mil/builder.py:181] Adding op '23' of type const
[20200630 16:33:22 INFO /Volumes/data/work/1duo-coremltools/coremltools/converters/mil/frontend/torch/ops.py:49] Converting op 12 : constant
[20200630 16:33:22 INFO /Volumes/data/work/1duo-coremltools/coremltools/converters/mil/mil/builder.py:181] Adding op '12' of type const
[20200630 16:33:22 INFO /Volumes/data/work/1duo-coremltools/coremltools/converters/mil/frontend/torch/ops.py:49] Converting op 24 : constant
[20200630 16:33:22 INFO /Volumes/data/work/1duo-coremltools/coremltools/converters/mil/mil/builder.py:181] Adding op '24' of type const
[20200630 16:33:22 INFO /Volumes/data/work/1duo-coremltools/coremltools/converters/mil/frontend/torch/ops.py:49] Converting op 16 : constant
[20200630 16:33:22 INFO /Volumes/data/work/1duo-coremltools/coremltools/converters/mil/mil/builder.py:181] Adding op '16' of type const
[20200630 16:33:22 INFO /Volumes/data/work/1duo-coremltools/coremltools/converters/mil/frontend/torch/ops.py:49] Converting op 17 : constant
[20200630 16:33:22 INFO /Volumes/data/work/1duo-coremltools/coremltools/converters/mil/mil/builder.py:181] Adding op '17' of type const
[20200630 16:33:22 INFO /Volumes/data/work/1duo-coremltools/coremltools/converters/mil/frontend/torch/ops.py:49] Converting op 18 : constant
[20200630 16:33:22 INFO /Volumes/data/work/1duo-coremltools/coremltools/converters/mil/mil/builder.py:181] Adding op '18' of type const
[20200630 16:33:22 INFO /Volumes/data/work/1duo-coremltools/coremltools/converters/mil/frontend/torch/ops.py:49] Converting op 19 : constant
[20200630 16:33:22 INFO /Volumes/data/work/1duo-coremltools/coremltools/converters/mil/mil/builder.py:181] Adding op '19' of type const
[20200630 16:33:22 INFO /Volumes/data/work/1duo-coremltools/coremltools/converters/mil/frontend/torch/ops.py:49] Converting op 20 : _convolution
[20200630 16:33:22 INFO /Volumes/data/work/1duo-coremltools/coremltools/converters/mil/mil/builder.py:181] Adding op '20' of type conv
[20200630 16:33:22 DEBUG /Volumes/data/work/1duo-coremltools/coremltools/converters/mil/mil/builder.py:93] Adding const op '20_pad_type_80'
[20200630 16:33:22 INFO /Volumes/data/work/1duo-coremltools/coremltools/converters/mil/mil/builder.py:181] Adding op '20_pad_type_80' of type const
[20200630 16:33:22 DEBUG /Volumes/data/work/1duo-coremltools/coremltools/converters/mil/mil/builder.py:93] Adding const op '20_pad_80'
[20200630 16:33:22 INFO /Volumes/data/work/1duo-coremltools/coremltools/converters/mil/mil/builder.py:181] Adding op '20_pad_80' of type const
[20200630 16:33:22 DEBUG /Volumes/data/work/1duo-coremltools/coremltools/converters/mil/mil/passes/common_pass.py:30] Program before common passes:
main(%input: (1, 1, 5, 7, fp32)) {
  block99() {
    %1: (3, 1, 1, 1, fp32)* = const(val=[[[[0.5294767618179321]]], [[[0.02735757827758789]]], [[[0.9229024648666382]]]], name="1")
    %2: (3,fp32)* = const(val=[0.12953007221221924, -0.07262468338012695, 0.3039153814315796], name="2")
    %21: (2,i32)* = const(val=[1, 1], name="21")
    %22: (2,i32)* = const(val=[1, 1], name="22")
    %23: (2,i32)* = const(val=[1, 1], name="23")
    %12: (bool)* = const(val=False, name="12")
    %24: (2,i32)* = const(val=[0, 0], name="24")
    %16: (i32)* = const(val=1, name="16")
    %17: (bool)* = const(val=False, name="17")
    %18: (bool)* = const(val=False, name="18")
    %19: (bool)* = const(val=True, name="19")
    %20_pad_type_80: (str)* = const(val="custom", name="20_pad_type_80")
    %20_pad_80: (4,i32)* = const(val=[1, 1, 1, 1], name="20_pad_80")
    %20: (1, 3, 7, 9, fp32) = conv(x=%input, weight=%1, bias=%2, strides=%21, pad_type=%20_pad_type_80, pad=%20_pad_80, dilations=%23, groups=%16, name="20")
  } -> (%20)
}

[20200630 16:33:22 INFO /Volumes/data/work/1duo-coremltools/coremltools/converters/mil/mil/passes/common_pass.py:34] Performing pass: "common::const_elimination"
[20200630 16:33:22 INFO /Volumes/data/work/1duo-coremltools/coremltools/converters/mil/mil/passes/common_pass.py:34] Performing pass: "common::divide_to_multiply"
[20200630 16:33:22 INFO /Volumes/data/work/1duo-coremltools/coremltools/converters/mil/mil/passes/common_pass.py:34] Performing pass: "common::fuse_matmul_weight_bias"
[20200630 16:33:22 INFO /Volumes/data/work/1duo-coremltools/coremltools/converters/mil/mil/passes/common_pass.py:34] Performing pass: "common::const_elimination"
[20200630 16:33:22 INFO /Volumes/data/work/1duo-coremltools/coremltools/converters/mil/mil/passes/common_pass.py:34] Performing pass: "common::loop_invariant_elimination"
[20200630 16:33:22 INFO /Volumes/data/work/1duo-coremltools/coremltools/converters/mil/mil/passes/common_pass.py:34] Performing pass: "common::remove_symbolic_reshape"
[20200630 16:33:22 INFO /Volumes/data/work/1duo-coremltools/coremltools/converters/mil/mil/passes/remove_symbolic_reshape.py:104] remove_symbolic_reshape: changed 0 reshapes.
[20200630 16:33:22 INFO /Volumes/data/work/1duo-coremltools/coremltools/converters/mil/mil/passes/common_pass.py:34] Performing pass: "common::fuse_gelu_tanh_approximation"
[20200630 16:33:22 INFO /Volumes/data/work/1duo-coremltools/coremltools/converters/mil/mil/passes/common_pass.py:34] Performing pass: "common::reduce_transposes"
[20200630 16:33:22 DEBUG /Volumes/data/work/1duo-coremltools/coremltools/converters/mil/mil/passes/reduce_transposes.py:989] Block before optimize transpose transform:
function(%input: (1, 1, 5, 7, fp32)) {
  block99() {
    %1: (3, 1, 1, 1, fp32)* = const(val=[[[[0.5294767618179321]]], [[[0.02735757827758789]]], [[[0.9229024648666382]]]], name="1")
    %2: (3,fp32)* = const(val=[0.12953007221221924, -0.07262468338012695, 0.3039153814315796], name="2")
    %21: (2,i32)* = const(val=[1, 1], name="21")
    %22: (2,i32)* = const(val=[1, 1], name="22")
    %23: (2,i32)* = const(val=[1, 1], name="23")
    %12: (bool)* = const(val=False, name="12")
    %24: (2,i32)* = const(val=[0, 0], name="24")
    %16: (i32)* = const(val=1, name="16")
    %17: (bool)* = const(val=False, name="17")
    %18: (bool)* = const(val=False, name="18")
    %19: (bool)* = const(val=True, name="19")
    %20_pad_type_80: (str)* = const(val="custom", name="20_pad_type_80")
    %20_pad_80: (4,i32)* = const(val=[1, 1, 1, 1], name="20_pad_80")
    %20: (1, 3, 7, 9, fp32) = conv(x=%input, weight=%1, bias=%2, strides=%21, pad_type=%20_pad_type_80, pad=%20_pad_80, dilations=%23, groups=%16, name="20")
  } -> (%20)
}

[20200630 16:33:22 DEBUG /Volumes/data/work/1duo-coremltools/coremltools/converters/mil/mil/passes/reduce_transposes.py:1024] Block after optimize transpose transform:
function(%input: (1, 1, 5, 7, fp32)) {
  block99() {
    %1: (3, 1, 1, 1, fp32)* = const(val=[[[[0.5294767618179321]]], [[[0.02735757827758789]]], [[[0.9229024648666382]]]], name="1")
    %2: (3,fp32)* = const(val=[0.12953007221221924, -0.07262468338012695, 0.3039153814315796], name="2")
    %21: (2,i32)* = const(val=[1, 1], name="21")
    %22: (2,i32)* = const(val=[1, 1], name="22")
    %23: (2,i32)* = const(val=[1, 1], name="23")
    %12: (bool)* = const(val=False, name="12")
    %24: (2,i32)* = const(val=[0, 0], name="24")
    %16: (i32)* = const(val=1, name="16")
    %17: (bool)* = const(val=False, name="17")
    %18: (bool)* = const(val=False, name="18")
    %19: (bool)* = const(val=True, name="19")
    %20_pad_type_80: (str)* = const(val="custom", name="20_pad_type_80")
    %20_pad_80: (4,i32)* = const(val=[1, 1, 1, 1], name="20_pad_80")
    %20: (1, 3, 7, 9, fp32) = conv(x=%input, weight=%1, bias=%2, strides=%21, pad_type=%20_pad_type_80, pad=%20_pad_80, dilations=%23, groups=%16, name="20")
  } -> (%20)
}

[20200630 16:33:22 INFO /Volumes/data/work/1duo-coremltools/coremltools/converters/mil/mil/passes/common_pass.py:34] Performing pass: "common::fuse_bias_conv"
[20200630 16:33:22 INFO /Volumes/data/work/1duo-coremltools/coremltools/converters/mil/mil/passes/common_pass.py:34] Performing pass: "common::fuse_elementwise_to_batchnorm"
[20200630 16:33:22 INFO /Volumes/data/work/1duo-coremltools/coremltools/converters/mil/mil/passes/common_pass.py:34] Performing pass: "common::fuse_onehot_matmul_to_gather"
[20200630 16:33:22 INFO /Volumes/data/work/1duo-coremltools/coremltools/converters/mil/mil/passes/common_pass.py:34] Performing pass: "common::fuse_layernorm_or_instancenorm"
[20200630 16:33:22 INFO /Volumes/data/work/1duo-coremltools/coremltools/converters/mil/mil/passes/common_pass.py:34] Performing pass: "common::dead_code_elimination"
[20200630 16:33:22 INFO /Volumes/data/work/1duo-coremltools/coremltools/converters/mil/mil/passes/dead_code_elimination.py:35] Removing op "19" (type: const)
[20200630 16:33:22 INFO /Volumes/data/work/1duo-coremltools/coremltools/converters/mil/mil/passes/dead_code_elimination.py:35] Removing op "18" (type: const)
[20200630 16:33:22 INFO /Volumes/data/work/1duo-coremltools/coremltools/converters/mil/mil/passes/dead_code_elimination.py:35] Removing op "17" (type: const)
[20200630 16:33:22 INFO /Volumes/data/work/1duo-coremltools/coremltools/converters/mil/mil/passes/dead_code_elimination.py:35] Removing op "24" (type: const)
[20200630 16:33:22 INFO /Volumes/data/work/1duo-coremltools/coremltools/converters/mil/mil/passes/dead_code_elimination.py:35] Removing op "12" (type: const)
[20200630 16:33:22 INFO /Volumes/data/work/1duo-coremltools/coremltools/converters/mil/mil/passes/dead_code_elimination.py:35] Removing op "22" (type: const)
[20200630 16:33:23 DEBUG /Volumes/data/work/1duo-coremltools/coremltools/converters/mil/mil/passes/common_pass.py:38] Program after common passes:
main(%input: (1, 1, 5, 7, fp32)) {
  block99() {
    %1: (3, 1, 1, 1, fp32)* = const(val=[[[[0.5294767618179321]]], [[[0.02735757827758789]]], [[[0.9229024648666382]]]], name="1")
    %2: (3,fp32)* = const(val=[0.12953007221221924, -0.07262468338012695, 0.3039153814315796], name="2")
    %21: (2,i32)* = const(val=[1, 1], name="21")
    %23: (2,i32)* = const(val=[1, 1], name="23")
    %16: (i32)* = const(val=1, name="16")
    %20_pad_type_80: (str)* = const(val="custom", name="20_pad_type_80")
    %20_pad_80: (4,i32)* = const(val=[1, 1, 1, 1], name="20_pad_80")
    %20: (1, 3, 7, 9, fp32) = conv(x=%input, weight=%1, bias=%2, strides=%21, pad_type=%20_pad_type_80, pad=%20_pad_80, dilations=%23, groups=%16, name="20")
  } -> (%20)
}

[20200630 16:33:23 INFO /Volumes/data/work/1duo-coremltools/coremltools/converters/mil/backend/nn/passes/nn_passes.py:22] Performing passes for nn_backend: "nn_backend::commingle_loop_vars"
[20200630 16:33:23 INFO /Volumes/data/work/1duo-coremltools/coremltools/converters/mil/backend/nn/passes/nn_passes.py:22] Performing passes for nn_backend: "nn_backend::handle_return_inputs_as_outputs"
[20200630 16:33:23 INFO /Volumes/data/work/1duo-coremltools/coremltools/converters/mil/backend/nn/passes/nn_passes.py:22] Performing passes for nn_backend: "common::const_elimination"
[20200630 16:33:23 INFO /Volumes/data/work/1duo-coremltools/coremltools/converters/mil/backend/nn/passes/nn_passes.py:22] Performing passes for nn_backend: "common::dead_code_elimination"
[20200630 16:33:23 INFO /Volumes/data/work/1duo-coremltools/coremltools/converters/mil/backend/nn/passes/nn_passes.py:22] Performing passes for nn_backend: "nn_backend::handle_unused_inputs"
[20200630 16:33:23 INFO /Volumes/data/work/1duo-coremltools/coremltools/converters/mil/backend/nn/passes/nn_passes.py:22] Performing passes for nn_backend: "nn_backend::alert_return_type_cast"
[20200630 16:33:23 DEBUG /Volumes/data/work/1duo-coremltools/coremltools/converters/mil/backend/nn/passes/nn_passes.py:26] Program after nn backend passes:
main(%input: (1, 1, 5, 7, fp32)) {
  block99() {
    %1: (3, 1, 1, 1, fp32)* = const(val=[[[[0.5294767618179321]]], [[[0.02735757827758789]]], [[[0.9229024648666382]]]], name="1")
    %2: (3,fp32)* = const(val=[0.12953007221221924, -0.07262468338012695, 0.3039153814315796], name="2")
    %21: (2,i32)* = const(val=[1, 1], name="21")
    %23: (2,i32)* = const(val=[1, 1], name="23")
    %16: (i32)* = const(val=1, name="16")
    %20_pad_type_80: (str)* = const(val="custom", name="20_pad_type_80")
    %20_pad_80: (4,i32)* = const(val=[1, 1, 1, 1], name="20_pad_80")
    %20: (1, 3, 7, 9, fp32) = conv(x=%input, weight=%1, bias=%2, strides=%21, pad_type=%20_pad_type_80, pad=%20_pad_80, dilations=%23, groups=%16, name="20")
  } -> (%20)
}

[20200630 16:33:23 INFO /Volumes/data/work/1duo-coremltools/coremltools/converters/mil/frontend/torch/converter.py:269] Converting graph.
[20200630 16:33:23 INFO /Volumes/data/work/1duo-coremltools/coremltools/converters/mil/mil/builder.py:181] Adding op '1' of type const
[20200630 16:33:23 INFO /Volumes/data/work/1duo-coremltools/coremltools/converters/mil/mil/builder.py:181] Adding op '2' of type const
[20200630 16:33:23 INFO /Volumes/data/work/1duo-coremltools/coremltools/converters/mil/frontend/torch/ops.py:49] Converting op 21 : constant
[20200630 16:33:23 INFO /Volumes/data/work/1duo-coremltools/coremltools/converters/mil/mil/builder.py:181] Adding op '21' of type const
[20200630 16:33:23 INFO /Volumes/data/work/1duo-coremltools/coremltools/converters/mil/frontend/torch/ops.py:49] Converting op 22 : constant
[20200630 16:33:23 INFO /Volumes/data/work/1duo-coremltools/coremltools/converters/mil/mil/builder.py:181] Adding op '22' of type const
[20200630 16:33:23 INFO /Volumes/data/work/1duo-coremltools/coremltools/converters/mil/frontend/torch/ops.py:49] Converting op 23 : constant
[20200630 16:33:23 INFO /Volumes/data/work/1duo-coremltools/coremltools/converters/mil/mil/builder.py:181] Adding op '23' of type const
[20200630 16:33:23 INFO /Volumes/data/work/1duo-coremltools/coremltools/converters/mil/frontend/torch/ops.py:49] Converting op 12 : constant
[20200630 16:33:23 INFO /Volumes/data/work/1duo-coremltools/coremltools/converters/mil/mil/builder.py:181] Adding op '12' of type const
[20200630 16:33:23 INFO /Volumes/data/work/1duo-coremltools/coremltools/converters/mil/frontend/torch/ops.py:49] Converting op 24 : constant
[20200630 16:33:23 INFO /Volumes/data/work/1duo-coremltools/coremltools/converters/mil/mil/builder.py:181] Adding op '24' of type const
[20200630 16:33:23 INFO /Volumes/data/work/1duo-coremltools/coremltools/converters/mil/frontend/torch/ops.py:49] Converting op 16 : constant
[20200630 16:33:23 INFO /Volumes/data/work/1duo-coremltools/coremltools/converters/mil/mil/builder.py:181] Adding op '16' of type const
[20200630 16:33:23 INFO /Volumes/data/work/1duo-coremltools/coremltools/converters/mil/frontend/torch/ops.py:49] Converting op 17 : constant
[20200630 16:33:23 INFO /Volumes/data/work/1duo-coremltools/coremltools/converters/mil/mil/builder.py:181] Adding op '17' of type const
[20200630 16:33:23 INFO /Volumes/data/work/1duo-coremltools/coremltools/converters/mil/frontend/torch/ops.py:49] Converting op 18 : constant
[20200630 16:33:23 INFO /Volumes/data/work/1duo-coremltools/coremltools/converters/mil/mil/builder.py:181] Adding op '18' of type const
[20200630 16:33:23 INFO /Volumes/data/work/1duo-coremltools/coremltools/converters/mil/frontend/torch/ops.py:49] Converting op 19 : constant
[20200630 16:33:23 INFO /Volumes/data/work/1duo-coremltools/coremltools/converters/mil/mil/builder.py:181] Adding op '19' of type const
[20200630 16:33:23 INFO /Volumes/data/work/1duo-coremltools/coremltools/converters/mil/frontend/torch/ops.py:49] Converting op 20 : _convolution
[20200630 16:33:23 INFO /Volumes/data/work/1duo-coremltools/coremltools/converters/mil/mil/builder.py:181] Adding op '20' of type conv
[20200630 16:33:23 DEBUG /Volumes/data/work/1duo-coremltools/coremltools/converters/mil/mil/builder.py:93] Adding const op '20_pad_type_81'
[20200630 16:33:23 INFO /Volumes/data/work/1duo-coremltools/coremltools/converters/mil/mil/builder.py:181] Adding op '20_pad_type_81' of type const
[20200630 16:33:23 DEBUG /Volumes/data/work/1duo-coremltools/coremltools/converters/mil/mil/builder.py:93] Adding const op '20_pad_81'
[20200630 16:33:23 INFO /Volumes/data/work/1duo-coremltools/coremltools/converters/mil/mil/builder.py:181] Adding op '20_pad_81' of type const
[20200630 16:33:23 DEBUG /Volumes/data/work/1duo-coremltools/coremltools/converters/mil/mil/passes/common_pass.py:30] Program before common passes:
main(%input: (1, 1, 5, 7, fp32)) {
  block100() {
    %1: (3, 1, 1, 1, fp32)* = const(val=[[[[-0.3615635633468628]]], [[[-0.5407731533050537]]], [[[-0.2552586793899536]]]], name="1")
    %2: (3,fp32)* = const(val=[0.23415648937225342, -0.7577909231185913, -0.6231876611709595], name="2")
    %21: (2,i32)* = const(val=[1, 1], name="21")
    %22: (2,i32)* = const(val=[1, 1], name="22")
    %23: (2,i32)* = const(val=[3, 3], name="23")
    %12: (bool)* = const(val=False, name="12")
    %24: (2,i32)* = const(val=[0, 0], name="24")
    %16: (i32)* = const(val=1, name="16")
    %17: (bool)* = const(val=False, name="17")
    %18: (bool)* = const(val=False, name="18")
    %19: (bool)* = const(val=True, name="19")
    %20_pad_type_81: (str)* = const(val="custom", name="20_pad_type_81")
    %20_pad_81: (4,i32)* = const(val=[1, 1, 1, 1], name="20_pad_81")
    %20: (1, 3, 7, 9, fp32) = conv(x=%input, weight=%1, bias=%2, strides=%21, pad_type=%20_pad_type_81, pad=%20_pad_81, dilations=%23, groups=%16, name="20")
  } -> (%20)
}

[20200630 16:33:23 INFO /Volumes/data/work/1duo-coremltools/coremltools/converters/mil/mil/passes/common_pass.py:34] Performing pass: "common::const_elimination"
[20200630 16:33:23 INFO /Volumes/data/work/1duo-coremltools/coremltools/converters/mil/mil/passes/common_pass.py:34] Performing pass: "common::divide_to_multiply"
[20200630 16:33:23 INFO /Volumes/data/work/1duo-coremltools/coremltools/converters/mil/mil/passes/common_pass.py:34] Performing pass: "common::fuse_matmul_weight_bias"
[20200630 16:33:23 INFO /Volumes/data/work/1duo-coremltools/coremltools/converters/mil/mil/passes/common_pass.py:34] Performing pass: "common::const_elimination"
[20200630 16:33:23 INFO /Volumes/data/work/1duo-coremltools/coremltools/converters/mil/mil/passes/common_pass.py:34] Performing pass: "common::loop_invariant_elimination"
[20200630 16:33:23 INFO /Volumes/data/work/1duo-coremltools/coremltools/converters/mil/mil/passes/common_pass.py:34] Performing pass: "common::remove_symbolic_reshape"
[20200630 16:33:23 INFO /Volumes/data/work/1duo-coremltools/coremltools/converters/mil/mil/passes/remove_symbolic_reshape.py:104] remove_symbolic_reshape: changed 0 reshapes.
[20200630 16:33:23 INFO /Volumes/data/work/1duo-coremltools/coremltools/converters/mil/mil/passes/common_pass.py:34] Performing pass: "common::fuse_gelu_tanh_approximation"
[20200630 16:33:23 INFO /Volumes/data/work/1duo-coremltools/coremltools/converters/mil/mil/passes/common_pass.py:34] Performing pass: "common::reduce_transposes"
[20200630 16:33:23 DEBUG /Volumes/data/work/1duo-coremltools/coremltools/converters/mil/mil/passes/reduce_transposes.py:989] Block before optimize transpose transform:
function(%input: (1, 1, 5, 7, fp32)) {
  block100() {
    %1: (3, 1, 1, 1, fp32)* = const(val=[[[[-0.3615635633468628]]], [[[-0.5407731533050537]]], [[[-0.2552586793899536]]]], name="1")
    %2: (3,fp32)* = const(val=[0.23415648937225342, -0.7577909231185913, -0.6231876611709595], name="2")
    %21: (2,i32)* = const(val=[1, 1], name="21")
    %22: (2,i32)* = const(val=[1, 1], name="22")
    %23: (2,i32)* = const(val=[3, 3], name="23")
    %12: (bool)* = const(val=False, name="12")
    %24: (2,i32)* = const(val=[0, 0], name="24")
    %16: (i32)* = const(val=1, name="16")
    %17: (bool)* = const(val=False, name="17")
    %18: (bool)* = const(val=False, name="18")
    %19: (bool)* = const(val=True, name="19")
    %20_pad_type_81: (str)* = const(val="custom", name="20_pad_type_81")
    %20_pad_81: (4,i32)* = const(val=[1, 1, 1, 1], name="20_pad_81")
    %20: (1, 3, 7, 9, fp32) = conv(x=%input, weight=%1, bias=%2, strides=%21, pad_type=%20_pad_type_81, pad=%20_pad_81, dilations=%23, groups=%16, name="20")
  } -> (%20)
}

[20200630 16:33:23 DEBUG /Volumes/data/work/1duo-coremltools/coremltools/converters/mil/mil/passes/reduce_transposes.py:1024] Block after optimize transpose transform:
function(%input: (1, 1, 5, 7, fp32)) {
  block100() {
    %1: (3, 1, 1, 1, fp32)* = const(val=[[[[-0.3615635633468628]]], [[[-0.5407731533050537]]], [[[-0.2552586793899536]]]], name="1")
    %2: (3,fp32)* = const(val=[0.23415648937225342, -0.7577909231185913, -0.6231876611709595], name="2")
    %21: (2,i32)* = const(val=[1, 1], name="21")
    %22: (2,i32)* = const(val=[1, 1], name="22")
    %23: (2,i32)* = const(val=[3, 3], name="23")
    %12: (bool)* = const(val=False, name="12")
    %24: (2,i32)* = const(val=[0, 0], name="24")
    %16: (i32)* = const(val=1, name="16")
    %17: (bool)* = const(val=False, name="17")
    %18: (bool)* = const(val=False, name="18")
    %19: (bool)* = const(val=True, name="19")
    %20_pad_type_81: (str)* = const(val="custom", name="20_pad_type_81")
    %20_pad_81: (4,i32)* = const(val=[1, 1, 1, 1], name="20_pad_81")
    %20: (1, 3, 7, 9, fp32) = conv(x=%input, weight=%1, bias=%2, strides=%21, pad_type=%20_pad_type_81, pad=%20_pad_81, dilations=%23, groups=%16, name="20")
  } -> (%20)
}

[20200630 16:33:23 INFO /Volumes/data/work/1duo-coremltools/coremltools/converters/mil/mil/passes/common_pass.py:34] Performing pass: "common::fuse_bias_conv"
[20200630 16:33:23 INFO /Volumes/data/work/1duo-coremltools/coremltools/converters/mil/mil/passes/common_pass.py:34] Performing pass: "common::fuse_elementwise_to_batchnorm"
[20200630 16:33:23 INFO /Volumes/data/work/1duo-coremltools/coremltools/converters/mil/mil/passes/common_pass.py:34] Performing pass: "common::fuse_onehot_matmul_to_gather"
[20200630 16:33:23 INFO /Volumes/data/work/1duo-coremltools/coremltools/converters/mil/mil/passes/common_pass.py:34] Performing pass: "common::fuse_layernorm_or_instancenorm"
[20200630 16:33:23 INFO /Volumes/data/work/1duo-coremltools/coremltools/converters/mil/mil/passes/common_pass.py:34] Performing pass: "common::dead_code_elimination"
[20200630 16:33:23 INFO /Volumes/data/work/1duo-coremltools/coremltools/converters/mil/mil/passes/dead_code_elimination.py:35] Removing op "19" (type: const)
[20200630 16:33:23 INFO /Volumes/data/work/1duo-coremltools/coremltools/converters/mil/mil/passes/dead_code_elimination.py:35] Removing op "18" (type: const)
[20200630 16:33:23 INFO /Volumes/data/work/1duo-coremltools/coremltools/converters/mil/mil/passes/dead_code_elimination.py:35] Removing op "17" (type: const)
[20200630 16:33:23 INFO /Volumes/data/work/1duo-coremltools/coremltools/converters/mil/mil/passes/dead_code_elimination.py:35] Removing op "24" (type: const)
[20200630 16:33:23 INFO /Volumes/data/work/1duo-coremltools/coremltools/converters/mil/mil/passes/dead_code_elimination.py:35] Removing op "12" (type: const)
[20200630 16:33:23 INFO /Volumes/data/work/1duo-coremltools/coremltools/converters/mil/mil/passes/dead_code_elimination.py:35] Removing op "22" (type: const)
[20200630 16:33:23 DEBUG /Volumes/data/work/1duo-coremltools/coremltools/converters/mil/mil/passes/common_pass.py:38] Program after common passes:
main(%input: (1, 1, 5, 7, fp32)) {
  block100() {
    %1: (3, 1, 1, 1, fp32)* = const(val=[[[[-0.3615635633468628]]], [[[-0.5407731533050537]]], [[[-0.2552586793899536]]]], name="1")
    %2: (3,fp32)* = const(val=[0.23415648937225342, -0.7577909231185913, -0.6231876611709595], name="2")
    %21: (2,i32)* = const(val=[1, 1], name="21")
    %23: (2,i32)* = const(val=[3, 3], name="23")
    %16: (i32)* = const(val=1, name="16")
    %20_pad_type_81: (str)* = const(val="custom", name="20_pad_type_81")
    %20_pad_81: (4,i32)* = const(val=[1, 1, 1, 1], name="20_pad_81")
    %20: (1, 3, 7, 9, fp32) = conv(x=%input, weight=%1, bias=%2, strides=%21, pad_type=%20_pad_type_81, pad=%20_pad_81, dilations=%23, groups=%16, name="20")
  } -> (%20)
}

[20200630 16:33:23 INFO /Volumes/data/work/1duo-coremltools/coremltools/converters/mil/backend/nn/passes/nn_passes.py:22] Performing passes for nn_backend: "nn_backend::commingle_loop_vars"
[20200630 16:33:23 INFO /Volumes/data/work/1duo-coremltools/coremltools/converters/mil/backend/nn/passes/nn_passes.py:22] Performing passes for nn_backend: "nn_backend::handle_return_inputs_as_outputs"
[20200630 16:33:23 INFO /Volumes/data/work/1duo-coremltools/coremltools/converters/mil/backend/nn/passes/nn_passes.py:22] Performing passes for nn_backend: "common::const_elimination"
[20200630 16:33:23 INFO /Volumes/data/work/1duo-coremltools/coremltools/converters/mil/backend/nn/passes/nn_passes.py:22] Performing passes for nn_backend: "common::dead_code_elimination"
[20200630 16:33:23 INFO /Volumes/data/work/1duo-coremltools/coremltools/converters/mil/backend/nn/passes/nn_passes.py:22] Performing passes for nn_backend: "nn_backend::handle_unused_inputs"
[20200630 16:33:23 INFO /Volumes/data/work/1duo-coremltools/coremltools/converters/mil/backend/nn/passes/nn_passes.py:22] Performing passes for nn_backend: "nn_backend::alert_return_type_cast"
[20200630 16:33:23 DEBUG /Volumes/data/work/1duo-coremltools/coremltools/converters/mil/backend/nn/passes/nn_passes.py:26] Program after nn backend passes:
main(%input: (1, 1, 5, 7, fp32)) {
  block100() {
    %1: (3, 1, 1, 1, fp32)* = const(val=[[[[-0.3615635633468628]]], [[[-0.5407731533050537]]], [[[-0.2552586793899536]]]], name="1")
    %2: (3,fp32)* = const(val=[0.23415648937225342, -0.7577909231185913, -0.6231876611709595], name="2")
    %21: (2,i32)* = const(val=[1, 1], name="21")
    %23: (2,i32)* = const(val=[3, 3], name="23")
    %16: (i32)* = const(val=1, name="16")
    %20_pad_type_81: (str)* = const(val="custom", name="20_pad_type_81")
    %20_pad_81: (4,i32)* = const(val=[1, 1, 1, 1], name="20_pad_81")
    %20: (1, 3, 7, 9, fp32) = conv(x=%input, weight=%1, bias=%2, strides=%21, pad_type=%20_pad_type_81, pad=%20_pad_81, dilations=%23, groups=%16, name="20")
  } -> (%20)
}

[20200630 16:33:23 INFO /Volumes/data/work/1duo-coremltools/coremltools/converters/mil/frontend/torch/converter.py:269] Converting graph.
[20200630 16:33:23 INFO /Volumes/data/work/1duo-coremltools/coremltools/converters/mil/mil/builder.py:181] Adding op '1' of type const
[20200630 16:33:23 INFO /Volumes/data/work/1duo-coremltools/coremltools/converters/mil/mil/builder.py:181] Adding op '2' of type const
[20200630 16:33:23 INFO /Volumes/data/work/1duo-coremltools/coremltools/converters/mil/frontend/torch/ops.py:49] Converting op 21 : constant
[20200630 16:33:23 INFO /Volumes/data/work/1duo-coremltools/coremltools/converters/mil/mil/builder.py:181] Adding op '21' of type const
[20200630 16:33:23 INFO /Volumes/data/work/1duo-coremltools/coremltools/converters/mil/frontend/torch/ops.py:49] Converting op 22 : constant
[20200630 16:33:23 INFO /Volumes/data/work/1duo-coremltools/coremltools/converters/mil/mil/builder.py:181] Adding op '22' of type const
[20200630 16:33:23 INFO /Volumes/data/work/1duo-coremltools/coremltools/converters/mil/frontend/torch/ops.py:49] Converting op 23 : constant
[20200630 16:33:23 INFO /Volumes/data/work/1duo-coremltools/coremltools/converters/mil/mil/builder.py:181] Adding op '23' of type const
[20200630 16:33:23 INFO /Volumes/data/work/1duo-coremltools/coremltools/converters/mil/frontend/torch/ops.py:49] Converting op 12 : constant
[20200630 16:33:23 INFO /Volumes/data/work/1duo-coremltools/coremltools/converters/mil/mil/builder.py:181] Adding op '12' of type const
[20200630 16:33:23 INFO /Volumes/data/work/1duo-coremltools/coremltools/converters/mil/frontend/torch/ops.py:49] Converting op 24 : constant
[20200630 16:33:23 INFO /Volumes/data/work/1duo-coremltools/coremltools/converters/mil/mil/builder.py:181] Adding op '24' of type const
[20200630 16:33:23 INFO /Volumes/data/work/1duo-coremltools/coremltools/converters/mil/frontend/torch/ops.py:49] Converting op 16 : constant
[20200630 16:33:23 INFO /Volumes/data/work/1duo-coremltools/coremltools/converters/mil/mil/builder.py:181] Adding op '16' of type const
[20200630 16:33:23 INFO /Volumes/data/work/1duo-coremltools/coremltools/converters/mil/frontend/torch/ops.py:49] Converting op 17 : constant
[20200630 16:33:23 INFO /Volumes/data/work/1duo-coremltools/coremltools/converters/mil/mil/builder.py:181] Adding op '17' of type const
[20200630 16:33:23 INFO /Volumes/data/work/1duo-coremltools/coremltools/converters/mil/frontend/torch/ops.py:49] Converting op 18 : constant
[20200630 16:33:23 INFO /Volumes/data/work/1duo-coremltools/coremltools/converters/mil/mil/builder.py:181] Adding op '18' of type const
[20200630 16:33:23 INFO /Volumes/data/work/1duo-coremltools/coremltools/converters/mil/frontend/torch/ops.py:49] Converting op 19 : constant
[20200630 16:33:23 INFO /Volumes/data/work/1duo-coremltools/coremltools/converters/mil/mil/builder.py:181] Adding op '19' of type const
[20200630 16:33:23 INFO /Volumes/data/work/1duo-coremltools/coremltools/converters/mil/frontend/torch/ops.py:49] Converting op 20 : _convolution
[20200630 16:33:23 INFO /Volumes/data/work/1duo-coremltools/coremltools/converters/mil/mil/builder.py:181] Adding op '20' of type conv
[20200630 16:33:23 DEBUG /Volumes/data/work/1duo-coremltools/coremltools/converters/mil/mil/builder.py:93] Adding const op '20_pad_type_82'
[20200630 16:33:23 INFO /Volumes/data/work/1duo-coremltools/coremltools/converters/mil/mil/builder.py:181] Adding op '20_pad_type_82' of type const
[20200630 16:33:23 DEBUG /Volumes/data/work/1duo-coremltools/coremltools/converters/mil/mil/builder.py:93] Adding const op '20_pad_82'
[20200630 16:33:23 INFO /Volumes/data/work/1duo-coremltools/coremltools/converters/mil/mil/builder.py:181] Adding op '20_pad_82' of type const
[20200630 16:33:23 DEBUG /Volumes/data/work/1duo-coremltools/coremltools/converters/mil/mil/passes/common_pass.py:30] Program before common passes:
main(%input: (1, 1, 5, 7, fp32)) {
  block101() {
    %1: (3, 1, 1, 1, fp32)* = const(val=[[[[0.9062638282775879]]], [[[-0.6332192420959473]]], [[[-0.6234420537948608]]]], name="1")
    %2: (3,fp32)* = const(val=[-0.470320463180542, -0.09761989116668701, -0.821575403213501], name="2")
    %21: (2,i32)* = const(val=[1, 1], name="21")
    %22: (2,i32)* = const(val=[3, 3], name="22")
    %23: (2,i32)* = const(val=[1, 1], name="23")
    %12: (bool)* = const(val=False, name="12")
    %24: (2,i32)* = const(val=[0, 0], name="24")
    %16: (i32)* = const(val=1, name="16")
    %17: (bool)* = const(val=False, name="17")
    %18: (bool)* = const(val=False, name="18")
    %19: (bool)* = const(val=True, name="19")
    %20_pad_type_82: (str)* = const(val="custom", name="20_pad_type_82")
    %20_pad_82: (4,i32)* = const(val=[3, 3, 3, 3], name="20_pad_82")
    %20: (1, 3, 11, 13, fp32) = conv(x=%input, weight=%1, bias=%2, strides=%21, pad_type=%20_pad_type_82, pad=%20_pad_82, dilations=%23, groups=%16, name="20")
  } -> (%20)
}

[20200630 16:33:23 INFO /Volumes/data/work/1duo-coremltools/coremltools/converters/mil/mil/passes/common_pass.py:34] Performing pass: "common::const_elimination"
[20200630 16:33:23 INFO /Volumes/data/work/1duo-coremltools/coremltools/converters/mil/mil/passes/common_pass.py:34] Performing pass: "common::divide_to_multiply"
[20200630 16:33:23 INFO /Volumes/data/work/1duo-coremltools/coremltools/converters/mil/mil/passes/common_pass.py:34] Performing pass: "common::fuse_matmul_weight_bias"
[20200630 16:33:23 INFO /Volumes/data/work/1duo-coremltools/coremltools/converters/mil/mil/passes/common_pass.py:34] Performing pass: "common::const_elimination"
[20200630 16:33:23 INFO /Volumes/data/work/1duo-coremltools/coremltools/converters/mil/mil/passes/common_pass.py:34] Performing pass: "common::loop_invariant_elimination"
[20200630 16:33:23 INFO /Volumes/data/work/1duo-coremltools/coremltools/converters/mil/mil/passes/common_pass.py:34] Performing pass: "common::remove_symbolic_reshape"
[20200630 16:33:23 INFO /Volumes/data/work/1duo-coremltools/coremltools/converters/mil/mil/passes/remove_symbolic_reshape.py:104] remove_symbolic_reshape: changed 0 reshapes.
[20200630 16:33:23 INFO /Volumes/data/work/1duo-coremltools/coremltools/converters/mil/mil/passes/common_pass.py:34] Performing pass: "common::fuse_gelu_tanh_approximation"
[20200630 16:33:23 INFO /Volumes/data/work/1duo-coremltools/coremltools/converters/mil/mil/passes/common_pass.py:34] Performing pass: "common::reduce_transposes"
[20200630 16:33:23 DEBUG /Volumes/data/work/1duo-coremltools/coremltools/converters/mil/mil/passes/reduce_transposes.py:989] Block before optimize transpose transform:
function(%input: (1, 1, 5, 7, fp32)) {
  block101() {
    %1: (3, 1, 1, 1, fp32)* = const(val=[[[[0.9062638282775879]]], [[[-0.6332192420959473]]], [[[-0.6234420537948608]]]], name="1")
    %2: (3,fp32)* = const(val=[-0.470320463180542, -0.09761989116668701, -0.821575403213501], name="2")
    %21: (2,i32)* = const(val=[1, 1], name="21")
    %22: (2,i32)* = const(val=[3, 3], name="22")
    %23: (2,i32)* = const(val=[1, 1], name="23")
    %12: (bool)* = const(val=False, name="12")
    %24: (2,i32)* = const(val=[0, 0], name="24")
    %16: (i32)* = const(val=1, name="16")
    %17: (bool)* = const(val=False, name="17")
    %18: (bool)* = const(val=False, name="18")
    %19: (bool)* = const(val=True, name="19")
    %20_pad_type_82: (str)* = const(val="custom", name="20_pad_type_82")
    %20_pad_82: (4,i32)* = const(val=[3, 3, 3, 3], name="20_pad_82")
    %20: (1, 3, 11, 13, fp32) = conv(x=%input, weight=%1, bias=%2, strides=%21, pad_type=%20_pad_type_82, pad=%20_pad_82, dilations=%23, groups=%16, name="20")
  } -> (%20)
}

[20200630 16:33:23 DEBUG /Volumes/data/work/1duo-coremltools/coremltools/converters/mil/mil/passes/reduce_transposes.py:1024] Block after optimize transpose transform:
function(%input: (1, 1, 5, 7, fp32)) {
  block101() {
    %1: (3, 1, 1, 1, fp32)* = const(val=[[[[0.9062638282775879]]], [[[-0.6332192420959473]]], [[[-0.6234420537948608]]]], name="1")
    %2: (3,fp32)* = const(val=[-0.470320463180542, -0.09761989116668701, -0.821575403213501], name="2")
    %21: (2,i32)* = const(val=[1, 1], name="21")
    %22: (2,i32)* = const(val=[3, 3], name="22")
    %23: (2,i32)* = const(val=[1, 1], name="23")
    %12: (bool)* = const(val=False, name="12")
    %24: (2,i32)* = const(val=[0, 0], name="24")
    %16: (i32)* = const(val=1, name="16")
    %17: (bool)* = const(val=False, name="17")
    %18: (bool)* = const(val=False, name="18")
    %19: (bool)* = const(val=True, name="19")
    %20_pad_type_82: (str)* = const(val="custom", name="20_pad_type_82")
    %20_pad_82: (4,i32)* = const(val=[3, 3, 3, 3], name="20_pad_82")
    %20: (1, 3, 11, 13, fp32) = conv(x=%input, weight=%1, bias=%2, strides=%21, pad_type=%20_pad_type_82, pad=%20_pad_82, dilations=%23, groups=%16, name="20")
  } -> (%20)
}

[20200630 16:33:23 INFO /Volumes/data/work/1duo-coremltools/coremltools/converters/mil/mil/passes/common_pass.py:34] Performing pass: "common::fuse_bias_conv"
[20200630 16:33:23 INFO /Volumes/data/work/1duo-coremltools/coremltools/converters/mil/mil/passes/common_pass.py:34] Performing pass: "common::fuse_elementwise_to_batchnorm"
[20200630 16:33:23 INFO /Volumes/data/work/1duo-coremltools/coremltools/converters/mil/mil/passes/common_pass.py:34] Performing pass: "common::fuse_onehot_matmul_to_gather"
[20200630 16:33:23 INFO /Volumes/data/work/1duo-coremltools/coremltools/converters/mil/mil/passes/common_pass.py:34] Performing pass: "common::fuse_layernorm_or_instancenorm"
[20200630 16:33:23 INFO /Volumes/data/work/1duo-coremltools/coremltools/converters/mil/mil/passes/common_pass.py:34] Performing pass: "common::dead_code_elimination"
[20200630 16:33:23 INFO /Volumes/data/work/1duo-coremltools/coremltools/converters/mil/mil/passes/dead_code_elimination.py:35] Removing op "19" (type: const)
[20200630 16:33:23 INFO /Volumes/data/work/1duo-coremltools/coremltools/converters/mil/mil/passes/dead_code_elimination.py:35] Removing op "18" (type: const)
[20200630 16:33:23 INFO /Volumes/data/work/1duo-coremltools/coremltools/converters/mil/mil/passes/dead_code_elimination.py:35] Removing op "17" (type: const)
[20200630 16:33:23 INFO /Volumes/data/work/1duo-coremltools/coremltools/converters/mil/mil/passes/dead_code_elimination.py:35] Removing op "24" (type: const)
[20200630 16:33:23 INFO /Volumes/data/work/1duo-coremltools/coremltools/converters/mil/mil/passes/dead_code_elimination.py:35] Removing op "12" (type: const)
[20200630 16:33:23 INFO /Volumes/data/work/1duo-coremltools/coremltools/converters/mil/mil/passes/dead_code_elimination.py:35] Removing op "22" (type: const)
[20200630 16:33:23 DEBUG /Volumes/data/work/1duo-coremltools/coremltools/converters/mil/mil/passes/common_pass.py:38] Program after common passes:
main(%input: (1, 1, 5, 7, fp32)) {
  block101() {
    %1: (3, 1, 1, 1, fp32)* = const(val=[[[[0.9062638282775879]]], [[[-0.6332192420959473]]], [[[-0.6234420537948608]]]], name="1")
    %2: (3,fp32)* = const(val=[-0.470320463180542, -0.09761989116668701, -0.821575403213501], name="2")
    %21: (2,i32)* = const(val=[1, 1], name="21")
    %23: (2,i32)* = const(val=[1, 1], name="23")
    %16: (i32)* = const(val=1, name="16")
    %20_pad_type_82: (str)* = const(val="custom", name="20_pad_type_82")
    %20_pad_82: (4,i32)* = const(val=[3, 3, 3, 3], name="20_pad_82")
    %20: (1, 3, 11, 13, fp32) = conv(x=%input, weight=%1, bias=%2, strides=%21, pad_type=%20_pad_type_82, pad=%20_pad_82, dilations=%23, groups=%16, name="20")
  } -> (%20)
}

[20200630 16:33:23 INFO /Volumes/data/work/1duo-coremltools/coremltools/converters/mil/backend/nn/passes/nn_passes.py:22] Performing passes for nn_backend: "nn_backend::commingle_loop_vars"
[20200630 16:33:23 INFO /Volumes/data/work/1duo-coremltools/coremltools/converters/mil/backend/nn/passes/nn_passes.py:22] Performing passes for nn_backend: "nn_backend::handle_return_inputs_as_outputs"
[20200630 16:33:23 INFO /Volumes/data/work/1duo-coremltools/coremltools/converters/mil/backend/nn/passes/nn_passes.py:22] Performing passes for nn_backend: "common::const_elimination"
[20200630 16:33:23 INFO /Volumes/data/work/1duo-coremltools/coremltools/converters/mil/backend/nn/passes/nn_passes.py:22] Performing passes for nn_backend: "common::dead_code_elimination"
[20200630 16:33:23 INFO /Volumes/data/work/1duo-coremltools/coremltools/converters/mil/backend/nn/passes/nn_passes.py:22] Performing passes for nn_backend: "nn_backend::handle_unused_inputs"
[20200630 16:33:23 INFO /Volumes/data/work/1duo-coremltools/coremltools/converters/mil/backend/nn/passes/nn_passes.py:22] Performing passes for nn_backend: "nn_backend::alert_return_type_cast"
[20200630 16:33:23 DEBUG /Volumes/data/work/1duo-coremltools/coremltools/converters/mil/backend/nn/passes/nn_passes.py:26] Program after nn backend passes:
main(%input: (1, 1, 5, 7, fp32)) {
  block101() {
    %1: (3, 1, 1, 1, fp32)* = const(val=[[[[0.9062638282775879]]], [[[-0.6332192420959473]]], [[[-0.6234420537948608]]]], name="1")
    %2: (3,fp32)* = const(val=[-0.470320463180542, -0.09761989116668701, -0.821575403213501], name="2")
    %21: (2,i32)* = const(val=[1, 1], name="21")
    %23: (2,i32)* = const(val=[1, 1], name="23")
    %16: (i32)* = const(val=1, name="16")
    %20_pad_type_82: (str)* = const(val="custom", name="20_pad_type_82")
    %20_pad_82: (4,i32)* = const(val=[3, 3, 3, 3], name="20_pad_82")
    %20: (1, 3, 11, 13, fp32) = conv(x=%input, weight=%1, bias=%2, strides=%21, pad_type=%20_pad_type_82, pad=%20_pad_82, dilations=%23, groups=%16, name="20")
  } -> (%20)
}

[20200630 16:33:23 INFO /Volumes/data/work/1duo-coremltools/coremltools/converters/mil/frontend/torch/converter.py:269] Converting graph.
[20200630 16:33:23 INFO /Volumes/data/work/1duo-coremltools/coremltools/converters/mil/mil/builder.py:181] Adding op '1' of type const
[20200630 16:33:23 INFO /Volumes/data/work/1duo-coremltools/coremltools/converters/mil/mil/builder.py:181] Adding op '2' of type const
[20200630 16:33:23 INFO /Volumes/data/work/1duo-coremltools/coremltools/converters/mil/frontend/torch/ops.py:49] Converting op 21 : constant
[20200630 16:33:23 INFO /Volumes/data/work/1duo-coremltools/coremltools/converters/mil/mil/builder.py:181] Adding op '21' of type const
[20200630 16:33:23 INFO /Volumes/data/work/1duo-coremltools/coremltools/converters/mil/frontend/torch/ops.py:49] Converting op 22 : constant
[20200630 16:33:23 INFO /Volumes/data/work/1duo-coremltools/coremltools/converters/mil/mil/builder.py:181] Adding op '22' of type const
[20200630 16:33:23 INFO /Volumes/data/work/1duo-coremltools/coremltools/converters/mil/frontend/torch/ops.py:49] Converting op 23 : constant
[20200630 16:33:23 INFO /Volumes/data/work/1duo-coremltools/coremltools/converters/mil/mil/builder.py:181] Adding op '23' of type const
[20200630 16:33:23 INFO /Volumes/data/work/1duo-coremltools/coremltools/converters/mil/frontend/torch/ops.py:49] Converting op 12 : constant
[20200630 16:33:23 INFO /Volumes/data/work/1duo-coremltools/coremltools/converters/mil/mil/builder.py:181] Adding op '12' of type const
[20200630 16:33:23 INFO /Volumes/data/work/1duo-coremltools/coremltools/converters/mil/frontend/torch/ops.py:49] Converting op 24 : constant
[20200630 16:33:23 INFO /Volumes/data/work/1duo-coremltools/coremltools/converters/mil/mil/builder.py:181] Adding op '24' of type const
[20200630 16:33:23 INFO /Volumes/data/work/1duo-coremltools/coremltools/converters/mil/frontend/torch/ops.py:49] Converting op 16 : constant
[20200630 16:33:23 INFO /Volumes/data/work/1duo-coremltools/coremltools/converters/mil/mil/builder.py:181] Adding op '16' of type const
[20200630 16:33:23 INFO /Volumes/data/work/1duo-coremltools/coremltools/converters/mil/frontend/torch/ops.py:49] Converting op 17 : constant
[20200630 16:33:23 INFO /Volumes/data/work/1duo-coremltools/coremltools/converters/mil/mil/builder.py:181] Adding op '17' of type const
[20200630 16:33:23 INFO /Volumes/data/work/1duo-coremltools/coremltools/converters/mil/frontend/torch/ops.py:49] Converting op 18 : constant
[20200630 16:33:23 INFO /Volumes/data/work/1duo-coremltools/coremltools/converters/mil/mil/builder.py:181] Adding op '18' of type const
[20200630 16:33:23 INFO /Volumes/data/work/1duo-coremltools/coremltools/converters/mil/frontend/torch/ops.py:49] Converting op 19 : constant
[20200630 16:33:23 INFO /Volumes/data/work/1duo-coremltools/coremltools/converters/mil/mil/builder.py:181] Adding op '19' of type const
[20200630 16:33:23 INFO /Volumes/data/work/1duo-coremltools/coremltools/converters/mil/frontend/torch/ops.py:49] Converting op 20 : _convolution
[20200630 16:33:23 INFO /Volumes/data/work/1duo-coremltools/coremltools/converters/mil/mil/builder.py:181] Adding op '20' of type conv
[20200630 16:33:23 DEBUG /Volumes/data/work/1duo-coremltools/coremltools/converters/mil/mil/builder.py:93] Adding const op '20_pad_type_83'
[20200630 16:33:23 INFO /Volumes/data/work/1duo-coremltools/coremltools/converters/mil/mil/builder.py:181] Adding op '20_pad_type_83' of type const
[20200630 16:33:23 DEBUG /Volumes/data/work/1duo-coremltools/coremltools/converters/mil/mil/builder.py:93] Adding const op '20_pad_83'
[20200630 16:33:23 INFO /Volumes/data/work/1duo-coremltools/coremltools/converters/mil/mil/builder.py:181] Adding op '20_pad_83' of type const
[20200630 16:33:23 DEBUG /Volumes/data/work/1duo-coremltools/coremltools/converters/mil/mil/passes/common_pass.py:30] Program before common passes:
main(%input: (1, 1, 5, 7, fp32)) {
  block102() {
    %1: (3, 1, 1, 1, fp32)* = const(val=[[[[-0.8872876167297363]]], [[[0.6125065088272095]]], [[[-0.6200970411300659]]]], name="1")
    %2: (3,fp32)* = const(val=[-0.6553291082382202, -0.7662926912307739, 0.596076250076294], name="2")
    %21: (2,i32)* = const(val=[1, 1], name="21")
    %22: (2,i32)* = const(val=[3, 3], name="22")
    %23: (2,i32)* = const(val=[3, 3], name="23")
    %12: (bool)* = const(val=False, name="12")
    %24: (2,i32)* = const(val=[0, 0], name="24")
    %16: (i32)* = const(val=1, name="16")
    %17: (bool)* = const(val=False, name="17")
    %18: (bool)* = const(val=False, name="18")
    %19: (bool)* = const(val=True, name="19")
    %20_pad_type_83: (str)* = const(val="custom", name="20_pad_type_83")
    %20_pad_83: (4,i32)* = const(val=[3, 3, 3, 3], name="20_pad_83")
    %20: (1, 3, 11, 13, fp32) = conv(x=%input, weight=%1, bias=%2, strides=%21, pad_type=%20_pad_type_83, pad=%20_pad_83, dilations=%23, groups=%16, name="20")
  } -> (%20)
}

[20200630 16:33:23 INFO /Volumes/data/work/1duo-coremltools/coremltools/converters/mil/mil/passes/common_pass.py:34] Performing pass: "common::const_elimination"
[20200630 16:33:23 INFO /Volumes/data/work/1duo-coremltools/coremltools/converters/mil/mil/passes/common_pass.py:34] Performing pass: "common::divide_to_multiply"
[20200630 16:33:23 INFO /Volumes/data/work/1duo-coremltools/coremltools/converters/mil/mil/passes/common_pass.py:34] Performing pass: "common::fuse_matmul_weight_bias"
[20200630 16:33:23 INFO /Volumes/data/work/1duo-coremltools/coremltools/converters/mil/mil/passes/common_pass.py:34] Performing pass: "common::const_elimination"
[20200630 16:33:23 INFO /Volumes/data/work/1duo-coremltools/coremltools/converters/mil/mil/passes/common_pass.py:34] Performing pass: "common::loop_invariant_elimination"
[20200630 16:33:23 INFO /Volumes/data/work/1duo-coremltools/coremltools/converters/mil/mil/passes/common_pass.py:34] Performing pass: "common::remove_symbolic_reshape"
[20200630 16:33:23 INFO /Volumes/data/work/1duo-coremltools/coremltools/converters/mil/mil/passes/remove_symbolic_reshape.py:104] remove_symbolic_reshape: changed 0 reshapes.
[20200630 16:33:23 INFO /Volumes/data/work/1duo-coremltools/coremltools/converters/mil/mil/passes/common_pass.py:34] Performing pass: "common::fuse_gelu_tanh_approximation"
[20200630 16:33:23 INFO /Volumes/data/work/1duo-coremltools/coremltools/converters/mil/mil/passes/common_pass.py:34] Performing pass: "common::reduce_transposes"
[20200630 16:33:23 DEBUG /Volumes/data/work/1duo-coremltools/coremltools/converters/mil/mil/passes/reduce_transposes.py:989] Block before optimize transpose transform:
function(%input: (1, 1, 5, 7, fp32)) {
  block102() {
    %1: (3, 1, 1, 1, fp32)* = const(val=[[[[-0.8872876167297363]]], [[[0.6125065088272095]]], [[[-0.6200970411300659]]]], name="1")
    %2: (3,fp32)* = const(val=[-0.6553291082382202, -0.7662926912307739, 0.596076250076294], name="2")
    %21: (2,i32)* = const(val=[1, 1], name="21")
    %22: (2,i32)* = const(val=[3, 3], name="22")
    %23: (2,i32)* = const(val=[3, 3], name="23")
    %12: (bool)* = const(val=False, name="12")
    %24: (2,i32)* = const(val=[0, 0], name="24")
    %16: (i32)* = const(val=1, name="16")
    %17: (bool)* = const(val=False, name="17")
    %18: (bool)* = const(val=False, name="18")
    %19: (bool)* = const(val=True, name="19")
    %20_pad_type_83: (str)* = const(val="custom", name="20_pad_type_83")
    %20_pad_83: (4,i32)* = const(val=[3, 3, 3, 3], name="20_pad_83")
    %20: (1, 3, 11, 13, fp32) = conv(x=%input, weight=%1, bias=%2, strides=%21, pad_type=%20_pad_type_83, pad=%20_pad_83, dilations=%23, groups=%16, name="20")
  } -> (%20)
}

[20200630 16:33:23 DEBUG /Volumes/data/work/1duo-coremltools/coremltools/converters/mil/mil/passes/reduce_transposes.py:1024] Block after optimize transpose transform:
function(%input: (1, 1, 5, 7, fp32)) {
  block102() {
    %1: (3, 1, 1, 1, fp32)* = const(val=[[[[-0.8872876167297363]]], [[[0.6125065088272095]]], [[[-0.6200970411300659]]]], name="1")
    %2: (3,fp32)* = const(val=[-0.6553291082382202, -0.7662926912307739, 0.596076250076294], name="2")
    %21: (2,i32)* = const(val=[1, 1], name="21")
    %22: (2,i32)* = const(val=[3, 3], name="22")
    %23: (2,i32)* = const(val=[3, 3], name="23")
    %12: (bool)* = const(val=False, name="12")
    %24: (2,i32)* = const(val=[0, 0], name="24")
    %16: (i32)* = const(val=1, name="16")
    %17: (bool)* = const(val=False, name="17")
    %18: (bool)* = const(val=False, name="18")
    %19: (bool)* = const(val=True, name="19")
    %20_pad_type_83: (str)* = const(val="custom", name="20_pad_type_83")
    %20_pad_83: (4,i32)* = const(val=[3, 3, 3, 3], name="20_pad_83")
    %20: (1, 3, 11, 13, fp32) = conv(x=%input, weight=%1, bias=%2, strides=%21, pad_type=%20_pad_type_83, pad=%20_pad_83, dilations=%23, groups=%16, name="20")
  } -> (%20)
}

[20200630 16:33:23 INFO /Volumes/data/work/1duo-coremltools/coremltools/converters/mil/mil/passes/common_pass.py:34] Performing pass: "common::fuse_bias_conv"
[20200630 16:33:23 INFO /Volumes/data/work/1duo-coremltools/coremltools/converters/mil/mil/passes/common_pass.py:34] Performing pass: "common::fuse_elementwise_to_batchnorm"
[20200630 16:33:23 INFO /Volumes/data/work/1duo-coremltools/coremltools/converters/mil/mil/passes/common_pass.py:34] Performing pass: "common::fuse_onehot_matmul_to_gather"
[20200630 16:33:23 INFO /Volumes/data/work/1duo-coremltools/coremltools/converters/mil/mil/passes/common_pass.py:34] Performing pass: "common::fuse_layernorm_or_instancenorm"
[20200630 16:33:23 INFO /Volumes/data/work/1duo-coremltools/coremltools/converters/mil/mil/passes/common_pass.py:34] Performing pass: "common::dead_code_elimination"
[20200630 16:33:23 INFO /Volumes/data/work/1duo-coremltools/coremltools/converters/mil/mil/passes/dead_code_elimination.py:35] Removing op "19" (type: const)
[20200630 16:33:23 INFO /Volumes/data/work/1duo-coremltools/coremltools/converters/mil/mil/passes/dead_code_elimination.py:35] Removing op "18" (type: const)
[20200630 16:33:23 INFO /Volumes/data/work/1duo-coremltools/coremltools/converters/mil/mil/passes/dead_code_elimination.py:35] Removing op "17" (type: const)
[20200630 16:33:23 INFO /Volumes/data/work/1duo-coremltools/coremltools/converters/mil/mil/passes/dead_code_elimination.py:35] Removing op "24" (type: const)
[20200630 16:33:23 INFO /Volumes/data/work/1duo-coremltools/coremltools/converters/mil/mil/passes/dead_code_elimination.py:35] Removing op "12" (type: const)
[20200630 16:33:23 INFO /Volumes/data/work/1duo-coremltools/coremltools/converters/mil/mil/passes/dead_code_elimination.py:35] Removing op "22" (type: const)
[20200630 16:33:23 DEBUG /Volumes/data/work/1duo-coremltools/coremltools/converters/mil/mil/passes/common_pass.py:38] Program after common passes:
main(%input: (1, 1, 5, 7, fp32)) {
  block102() {
    %1: (3, 1, 1, 1, fp32)* = const(val=[[[[-0.8872876167297363]]], [[[0.6125065088272095]]], [[[-0.6200970411300659]]]], name="1")
    %2: (3,fp32)* = const(val=[-0.6553291082382202, -0.7662926912307739, 0.596076250076294], name="2")
    %21: (2,i32)* = const(val=[1, 1], name="21")
    %23: (2,i32)* = const(val=[3, 3], name="23")
    %16: (i32)* = const(val=1, name="16")
    %20_pad_type_83: (str)* = const(val="custom", name="20_pad_type_83")
    %20_pad_83: (4,i32)* = const(val=[3, 3, 3, 3], name="20_pad_83")
    %20: (1, 3, 11, 13, fp32) = conv(x=%input, weight=%1, bias=%2, strides=%21, pad_type=%20_pad_type_83, pad=%20_pad_83, dilations=%23, groups=%16, name="20")
  } -> (%20)
}

[20200630 16:33:23 INFO /Volumes/data/work/1duo-coremltools/coremltools/converters/mil/backend/nn/passes/nn_passes.py:22] Performing passes for nn_backend: "nn_backend::commingle_loop_vars"
[20200630 16:33:23 INFO /Volumes/data/work/1duo-coremltools/coremltools/converters/mil/backend/nn/passes/nn_passes.py:22] Performing passes for nn_backend: "nn_backend::handle_return_inputs_as_outputs"
[20200630 16:33:23 INFO /Volumes/data/work/1duo-coremltools/coremltools/converters/mil/backend/nn/passes/nn_passes.py:22] Performing passes for nn_backend: "common::const_elimination"
[20200630 16:33:23 INFO /Volumes/data/work/1duo-coremltools/coremltools/converters/mil/backend/nn/passes/nn_passes.py:22] Performing passes for nn_backend: "common::dead_code_elimination"
[20200630 16:33:23 INFO /Volumes/data/work/1duo-coremltools/coremltools/converters/mil/backend/nn/passes/nn_passes.py:22] Performing passes for nn_backend: "nn_backend::handle_unused_inputs"
[20200630 16:33:23 INFO /Volumes/data/work/1duo-coremltools/coremltools/converters/mil/backend/nn/passes/nn_passes.py:22] Performing passes for nn_backend: "nn_backend::alert_return_type_cast"
[20200630 16:33:23 DEBUG /Volumes/data/work/1duo-coremltools/coremltools/converters/mil/backend/nn/passes/nn_passes.py:26] Program after nn backend passes:
main(%input: (1, 1, 5, 7, fp32)) {
  block102() {
    %1: (3, 1, 1, 1, fp32)* = const(val=[[[[-0.8872876167297363]]], [[[0.6125065088272095]]], [[[-0.6200970411300659]]]], name="1")
    %2: (3,fp32)* = const(val=[-0.6553291082382202, -0.7662926912307739, 0.596076250076294], name="2")
    %21: (2,i32)* = const(val=[1, 1], name="21")
    %23: (2,i32)* = const(val=[3, 3], name="23")
    %16: (i32)* = const(val=1, name="16")
    %20_pad_type_83: (str)* = const(val="custom", name="20_pad_type_83")
    %20_pad_83: (4,i32)* = const(val=[3, 3, 3, 3], name="20_pad_83")
    %20: (1, 3, 11, 13, fp32) = conv(x=%input, weight=%1, bias=%2, strides=%21, pad_type=%20_pad_type_83, pad=%20_pad_83, dilations=%23, groups=%16, name="20")
  } -> (%20)
}

[20200630 16:33:23 INFO /Volumes/data/work/1duo-coremltools/coremltools/converters/mil/frontend/torch/converter.py:269] Converting graph.
[20200630 16:33:23 INFO /Volumes/data/work/1duo-coremltools/coremltools/converters/mil/mil/builder.py:181] Adding op '1' of type const
[20200630 16:33:23 INFO /Volumes/data/work/1duo-coremltools/coremltools/converters/mil/mil/builder.py:181] Adding op '2' of type const
[20200630 16:33:23 INFO /Volumes/data/work/1duo-coremltools/coremltools/converters/mil/frontend/torch/ops.py:49] Converting op 21 : constant
[20200630 16:33:23 INFO /Volumes/data/work/1duo-coremltools/coremltools/converters/mil/mil/builder.py:181] Adding op '21' of type const
[20200630 16:33:23 INFO /Volumes/data/work/1duo-coremltools/coremltools/converters/mil/frontend/torch/ops.py:49] Converting op 22 : constant
[20200630 16:33:23 INFO /Volumes/data/work/1duo-coremltools/coremltools/converters/mil/mil/builder.py:181] Adding op '22' of type const
[20200630 16:33:23 INFO /Volumes/data/work/1duo-coremltools/coremltools/converters/mil/frontend/torch/ops.py:49] Converting op 23 : constant
[20200630 16:33:23 INFO /Volumes/data/work/1duo-coremltools/coremltools/converters/mil/mil/builder.py:181] Adding op '23' of type const
[20200630 16:33:23 INFO /Volumes/data/work/1duo-coremltools/coremltools/converters/mil/frontend/torch/ops.py:49] Converting op 12 : constant
[20200630 16:33:23 INFO /Volumes/data/work/1duo-coremltools/coremltools/converters/mil/mil/builder.py:181] Adding op '12' of type const
[20200630 16:33:23 INFO /Volumes/data/work/1duo-coremltools/coremltools/converters/mil/frontend/torch/ops.py:49] Converting op 24 : constant
[20200630 16:33:23 INFO /Volumes/data/work/1duo-coremltools/coremltools/converters/mil/mil/builder.py:181] Adding op '24' of type const
[20200630 16:33:23 INFO /Volumes/data/work/1duo-coremltools/coremltools/converters/mil/frontend/torch/ops.py:49] Converting op 16 : constant
[20200630 16:33:23 INFO /Volumes/data/work/1duo-coremltools/coremltools/converters/mil/mil/builder.py:181] Adding op '16' of type const
[20200630 16:33:23 INFO /Volumes/data/work/1duo-coremltools/coremltools/converters/mil/frontend/torch/ops.py:49] Converting op 17 : constant
[20200630 16:33:23 INFO /Volumes/data/work/1duo-coremltools/coremltools/converters/mil/mil/builder.py:181] Adding op '17' of type const
[20200630 16:33:23 INFO /Volumes/data/work/1duo-coremltools/coremltools/converters/mil/frontend/torch/ops.py:49] Converting op 18 : constant
[20200630 16:33:23 INFO /Volumes/data/work/1duo-coremltools/coremltools/converters/mil/mil/builder.py:181] Adding op '18' of type const
[20200630 16:33:23 INFO /Volumes/data/work/1duo-coremltools/coremltools/converters/mil/frontend/torch/ops.py:49] Converting op 19 : constant
[20200630 16:33:23 INFO /Volumes/data/work/1duo-coremltools/coremltools/converters/mil/mil/builder.py:181] Adding op '19' of type const
[20200630 16:33:23 INFO /Volumes/data/work/1duo-coremltools/coremltools/converters/mil/frontend/torch/ops.py:49] Converting op 20 : _convolution
[20200630 16:33:23 INFO /Volumes/data/work/1duo-coremltools/coremltools/converters/mil/mil/builder.py:181] Adding op '20' of type conv
[20200630 16:33:23 DEBUG /Volumes/data/work/1duo-coremltools/coremltools/converters/mil/mil/builder.py:93] Adding const op '20_pad_type_84'
[20200630 16:33:23 INFO /Volumes/data/work/1duo-coremltools/coremltools/converters/mil/mil/builder.py:181] Adding op '20_pad_type_84' of type const
[20200630 16:33:23 DEBUG /Volumes/data/work/1duo-coremltools/coremltools/converters/mil/mil/builder.py:93] Adding const op '20_pad_84'
[20200630 16:33:23 INFO /Volumes/data/work/1duo-coremltools/coremltools/converters/mil/mil/builder.py:181] Adding op '20_pad_84' of type const
[20200630 16:33:23 DEBUG /Volumes/data/work/1duo-coremltools/coremltools/converters/mil/mil/passes/common_pass.py:30] Program before common passes:
main(%input: (1, 1, 5, 7, fp32)) {
  block103() {
    %1: (3, 1, 1, 1, fp32)* = const(val=[[[[0.9579602479934692]]], [[[0.9389864206314087]]], [[[-0.09913432598114014]]]], name="1")
    %2: (3,fp32)* = const(val=[-0.25297534465789795, -0.1565185785293579, -0.21764791011810303], name="2")
    %21: (2,i32)* = const(val=[3, 3], name="21")
    %22: (2,i32)* = const(val=[1, 1], name="22")
    %23: (2,i32)* = const(val=[1, 1], name="23")
    %12: (bool)* = const(val=False, name="12")
    %24: (2,i32)* = const(val=[0, 0], name="24")
    %16: (i32)* = const(val=1, name="16")
    %17: (bool)* = const(val=False, name="17")
    %18: (bool)* = const(val=False, name="18")
    %19: (bool)* = const(val=True, name="19")
    %20_pad_type_84: (str)* = const(val="custom", name="20_pad_type_84")
    %20_pad_84: (4,i32)* = const(val=[1, 1, 1, 1], name="20_pad_84")
    %20: (1, 3, 3, 3, fp32) = conv(x=%input, weight=%1, bias=%2, strides=%21, pad_type=%20_pad_type_84, pad=%20_pad_84, dilations=%23, groups=%16, name="20")
  } -> (%20)
}

[20200630 16:33:23 INFO /Volumes/data/work/1duo-coremltools/coremltools/converters/mil/mil/passes/common_pass.py:34] Performing pass: "common::const_elimination"
[20200630 16:33:23 INFO /Volumes/data/work/1duo-coremltools/coremltools/converters/mil/mil/passes/common_pass.py:34] Performing pass: "common::divide_to_multiply"
[20200630 16:33:23 INFO /Volumes/data/work/1duo-coremltools/coremltools/converters/mil/mil/passes/common_pass.py:34] Performing pass: "common::fuse_matmul_weight_bias"
[20200630 16:33:23 INFO /Volumes/data/work/1duo-coremltools/coremltools/converters/mil/mil/passes/common_pass.py:34] Performing pass: "common::const_elimination"
[20200630 16:33:23 INFO /Volumes/data/work/1duo-coremltools/coremltools/converters/mil/mil/passes/common_pass.py:34] Performing pass: "common::loop_invariant_elimination"
[20200630 16:33:23 INFO /Volumes/data/work/1duo-coremltools/coremltools/converters/mil/mil/passes/common_pass.py:34] Performing pass: "common::remove_symbolic_reshape"
[20200630 16:33:23 INFO /Volumes/data/work/1duo-coremltools/coremltools/converters/mil/mil/passes/remove_symbolic_reshape.py:104] remove_symbolic_reshape: changed 0 reshapes.
[20200630 16:33:23 INFO /Volumes/data/work/1duo-coremltools/coremltools/converters/mil/mil/passes/common_pass.py:34] Performing pass: "common::fuse_gelu_tanh_approximation"
[20200630 16:33:23 INFO /Volumes/data/work/1duo-coremltools/coremltools/converters/mil/mil/passes/common_pass.py:34] Performing pass: "common::reduce_transposes"
[20200630 16:33:23 DEBUG /Volumes/data/work/1duo-coremltools/coremltools/converters/mil/mil/passes/reduce_transposes.py:989] Block before optimize transpose transform:
function(%input: (1, 1, 5, 7, fp32)) {
  block103() {
    %1: (3, 1, 1, 1, fp32)* = const(val=[[[[0.9579602479934692]]], [[[0.9389864206314087]]], [[[-0.09913432598114014]]]], name="1")
    %2: (3,fp32)* = const(val=[-0.25297534465789795, -0.1565185785293579, -0.21764791011810303], name="2")
    %21: (2,i32)* = const(val=[3, 3], name="21")
    %22: (2,i32)* = const(val=[1, 1], name="22")
    %23: (2,i32)* = const(val=[1, 1], name="23")
    %12: (bool)* = const(val=False, name="12")
    %24: (2,i32)* = const(val=[0, 0], name="24")
    %16: (i32)* = const(val=1, name="16")
    %17: (bool)* = const(val=False, name="17")
    %18: (bool)* = const(val=False, name="18")
    %19: (bool)* = const(val=True, name="19")
    %20_pad_type_84: (str)* = const(val="custom", name="20_pad_type_84")
    %20_pad_84: (4,i32)* = const(val=[1, 1, 1, 1], name="20_pad_84")
    %20: (1, 3, 3, 3, fp32) = conv(x=%input, weight=%1, bias=%2, strides=%21, pad_type=%20_pad_type_84, pad=%20_pad_84, dilations=%23, groups=%16, name="20")
  } -> (%20)
}

[20200630 16:33:23 DEBUG /Volumes/data/work/1duo-coremltools/coremltools/converters/mil/mil/passes/reduce_transposes.py:1024] Block after optimize transpose transform:
function(%input: (1, 1, 5, 7, fp32)) {
  block103() {
    %1: (3, 1, 1, 1, fp32)* = const(val=[[[[0.9579602479934692]]], [[[0.9389864206314087]]], [[[-0.09913432598114014]]]], name="1")
    %2: (3,fp32)* = const(val=[-0.25297534465789795, -0.1565185785293579, -0.21764791011810303], name="2")
    %21: (2,i32)* = const(val=[3, 3], name="21")
    %22: (2,i32)* = const(val=[1, 1], name="22")
    %23: (2,i32)* = const(val=[1, 1], name="23")
    %12: (bool)* = const(val=False, name="12")
    %24: (2,i32)* = const(val=[0, 0], name="24")
    %16: (i32)* = const(val=1, name="16")
    %17: (bool)* = const(val=False, name="17")
    %18: (bool)* = const(val=False, name="18")
    %19: (bool)* = const(val=True, name="19")
    %20_pad_type_84: (str)* = const(val="custom", name="20_pad_type_84")
    %20_pad_84: (4,i32)* = const(val=[1, 1, 1, 1], name="20_pad_84")
    %20: (1, 3, 3, 3, fp32) = conv(x=%input, weight=%1, bias=%2, strides=%21, pad_type=%20_pad_type_84, pad=%20_pad_84, dilations=%23, groups=%16, name="20")
  } -> (%20)
}

[20200630 16:33:23 INFO /Volumes/data/work/1duo-coremltools/coremltools/converters/mil/mil/passes/common_pass.py:34] Performing pass: "common::fuse_bias_conv"
[20200630 16:33:23 INFO /Volumes/data/work/1duo-coremltools/coremltools/converters/mil/mil/passes/common_pass.py:34] Performing pass: "common::fuse_elementwise_to_batchnorm"
[20200630 16:33:23 INFO /Volumes/data/work/1duo-coremltools/coremltools/converters/mil/mil/passes/common_pass.py:34] Performing pass: "common::fuse_onehot_matmul_to_gather"
[20200630 16:33:23 INFO /Volumes/data/work/1duo-coremltools/coremltools/converters/mil/mil/passes/common_pass.py:34] Performing pass: "common::fuse_layernorm_or_instancenorm"
[20200630 16:33:23 INFO /Volumes/data/work/1duo-coremltools/coremltools/converters/mil/mil/passes/common_pass.py:34] Performing pass: "common::dead_code_elimination"
[20200630 16:33:23 INFO /Volumes/data/work/1duo-coremltools/coremltools/converters/mil/mil/passes/dead_code_elimination.py:35] Removing op "19" (type: const)
[20200630 16:33:23 INFO /Volumes/data/work/1duo-coremltools/coremltools/converters/mil/mil/passes/dead_code_elimination.py:35] Removing op "18" (type: const)
[20200630 16:33:23 INFO /Volumes/data/work/1duo-coremltools/coremltools/converters/mil/mil/passes/dead_code_elimination.py:35] Removing op "17" (type: const)
[20200630 16:33:23 INFO /Volumes/data/work/1duo-coremltools/coremltools/converters/mil/mil/passes/dead_code_elimination.py:35] Removing op "24" (type: const)
[20200630 16:33:23 INFO /Volumes/data/work/1duo-coremltools/coremltools/converters/mil/mil/passes/dead_code_elimination.py:35] Removing op "12" (type: const)
[20200630 16:33:23 INFO /Volumes/data/work/1duo-coremltools/coremltools/converters/mil/mil/passes/dead_code_elimination.py:35] Removing op "22" (type: const)
[20200630 16:33:23 DEBUG /Volumes/data/work/1duo-coremltools/coremltools/converters/mil/mil/passes/common_pass.py:38] Program after common passes:
main(%input: (1, 1, 5, 7, fp32)) {
  block103() {
    %1: (3, 1, 1, 1, fp32)* = const(val=[[[[0.9579602479934692]]], [[[0.9389864206314087]]], [[[-0.09913432598114014]]]], name="1")
    %2: (3,fp32)* = const(val=[-0.25297534465789795, -0.1565185785293579, -0.21764791011810303], name="2")
    %21: (2,i32)* = const(val=[3, 3], name="21")
    %23: (2,i32)* = const(val=[1, 1], name="23")
    %16: (i32)* = const(val=1, name="16")
    %20_pad_type_84: (str)* = const(val="custom", name="20_pad_type_84")
    %20_pad_84: (4,i32)* = const(val=[1, 1, 1, 1], name="20_pad_84")
    %20: (1, 3, 3, 3, fp32) = conv(x=%input, weight=%1, bias=%2, strides=%21, pad_type=%20_pad_type_84, pad=%20_pad_84, dilations=%23, groups=%16, name="20")
  } -> (%20)
}

[20200630 16:33:23 INFO /Volumes/data/work/1duo-coremltools/coremltools/converters/mil/backend/nn/passes/nn_passes.py:22] Performing passes for nn_backend: "nn_backend::commingle_loop_vars"
[20200630 16:33:23 INFO /Volumes/data/work/1duo-coremltools/coremltools/converters/mil/backend/nn/passes/nn_passes.py:22] Performing passes for nn_backend: "nn_backend::handle_return_inputs_as_outputs"
[20200630 16:33:23 INFO /Volumes/data/work/1duo-coremltools/coremltools/converters/mil/backend/nn/passes/nn_passes.py:22] Performing passes for nn_backend: "common::const_elimination"
[20200630 16:33:23 INFO /Volumes/data/work/1duo-coremltools/coremltools/converters/mil/backend/nn/passes/nn_passes.py:22] Performing passes for nn_backend: "common::dead_code_elimination"
[20200630 16:33:23 INFO /Volumes/data/work/1duo-coremltools/coremltools/converters/mil/backend/nn/passes/nn_passes.py:22] Performing passes for nn_backend: "nn_backend::handle_unused_inputs"
[20200630 16:33:23 INFO /Volumes/data/work/1duo-coremltools/coremltools/converters/mil/backend/nn/passes/nn_passes.py:22] Performing passes for nn_backend: "nn_backend::alert_return_type_cast"
[20200630 16:33:23 DEBUG /Volumes/data/work/1duo-coremltools/coremltools/converters/mil/backend/nn/passes/nn_passes.py:26] Program after nn backend passes:
main(%input: (1, 1, 5, 7, fp32)) {
  block103() {
    %1: (3, 1, 1, 1, fp32)* = const(val=[[[[0.9579602479934692]]], [[[0.9389864206314087]]], [[[-0.09913432598114014]]]], name="1")
    %2: (3,fp32)* = const(val=[-0.25297534465789795, -0.1565185785293579, -0.21764791011810303], name="2")
    %21: (2,i32)* = const(val=[3, 3], name="21")
    %23: (2,i32)* = const(val=[1, 1], name="23")
    %16: (i32)* = const(val=1, name="16")
    %20_pad_type_84: (str)* = const(val="custom", name="20_pad_type_84")
    %20_pad_84: (4,i32)* = const(val=[1, 1, 1, 1], name="20_pad_84")
    %20: (1, 3, 3, 3, fp32) = conv(x=%input, weight=%1, bias=%2, strides=%21, pad_type=%20_pad_type_84, pad=%20_pad_84, dilations=%23, groups=%16, name="20")
  } -> (%20)
}

[20200630 16:33:23 INFO /Volumes/data/work/1duo-coremltools/coremltools/converters/mil/frontend/torch/converter.py:269] Converting graph.
[20200630 16:33:23 INFO /Volumes/data/work/1duo-coremltools/coremltools/converters/mil/mil/builder.py:181] Adding op '1' of type const
[20200630 16:33:23 INFO /Volumes/data/work/1duo-coremltools/coremltools/converters/mil/mil/builder.py:181] Adding op '2' of type const
[20200630 16:33:23 INFO /Volumes/data/work/1duo-coremltools/coremltools/converters/mil/frontend/torch/ops.py:49] Converting op 21 : constant
[20200630 16:33:23 INFO /Volumes/data/work/1duo-coremltools/coremltools/converters/mil/mil/builder.py:181] Adding op '21' of type const
[20200630 16:33:23 INFO /Volumes/data/work/1duo-coremltools/coremltools/converters/mil/frontend/torch/ops.py:49] Converting op 22 : constant
[20200630 16:33:23 INFO /Volumes/data/work/1duo-coremltools/coremltools/converters/mil/mil/builder.py:181] Adding op '22' of type const
[20200630 16:33:23 INFO /Volumes/data/work/1duo-coremltools/coremltools/converters/mil/frontend/torch/ops.py:49] Converting op 23 : constant
[20200630 16:33:23 INFO /Volumes/data/work/1duo-coremltools/coremltools/converters/mil/mil/builder.py:181] Adding op '23' of type const
[20200630 16:33:23 INFO /Volumes/data/work/1duo-coremltools/coremltools/converters/mil/frontend/torch/ops.py:49] Converting op 12 : constant
[20200630 16:33:23 INFO /Volumes/data/work/1duo-coremltools/coremltools/converters/mil/mil/builder.py:181] Adding op '12' of type const
[20200630 16:33:23 INFO /Volumes/data/work/1duo-coremltools/coremltools/converters/mil/frontend/torch/ops.py:49] Converting op 24 : constant
[20200630 16:33:23 INFO /Volumes/data/work/1duo-coremltools/coremltools/converters/mil/mil/builder.py:181] Adding op '24' of type const
[20200630 16:33:23 INFO /Volumes/data/work/1duo-coremltools/coremltools/converters/mil/frontend/torch/ops.py:49] Converting op 16 : constant
[20200630 16:33:23 INFO /Volumes/data/work/1duo-coremltools/coremltools/converters/mil/mil/builder.py:181] Adding op '16' of type const
[20200630 16:33:23 INFO /Volumes/data/work/1duo-coremltools/coremltools/converters/mil/frontend/torch/ops.py:49] Converting op 17 : constant
[20200630 16:33:23 INFO /Volumes/data/work/1duo-coremltools/coremltools/converters/mil/mil/builder.py:181] Adding op '17' of type const
[20200630 16:33:23 INFO /Volumes/data/work/1duo-coremltools/coremltools/converters/mil/frontend/torch/ops.py:49] Converting op 18 : constant
[20200630 16:33:23 INFO /Volumes/data/work/1duo-coremltools/coremltools/converters/mil/mil/builder.py:181] Adding op '18' of type const
[20200630 16:33:23 INFO /Volumes/data/work/1duo-coremltools/coremltools/converters/mil/frontend/torch/ops.py:49] Converting op 19 : constant
[20200630 16:33:23 INFO /Volumes/data/work/1duo-coremltools/coremltools/converters/mil/mil/builder.py:181] Adding op '19' of type const
[20200630 16:33:23 INFO /Volumes/data/work/1duo-coremltools/coremltools/converters/mil/frontend/torch/ops.py:49] Converting op 20 : _convolution
[20200630 16:33:23 INFO /Volumes/data/work/1duo-coremltools/coremltools/converters/mil/mil/builder.py:181] Adding op '20' of type conv
[20200630 16:33:23 DEBUG /Volumes/data/work/1duo-coremltools/coremltools/converters/mil/mil/builder.py:93] Adding const op '20_pad_type_85'
[20200630 16:33:23 INFO /Volumes/data/work/1duo-coremltools/coremltools/converters/mil/mil/builder.py:181] Adding op '20_pad_type_85' of type const
[20200630 16:33:23 DEBUG /Volumes/data/work/1duo-coremltools/coremltools/converters/mil/mil/builder.py:93] Adding const op '20_pad_85'
[20200630 16:33:23 INFO /Volumes/data/work/1duo-coremltools/coremltools/converters/mil/mil/builder.py:181] Adding op '20_pad_85' of type const
[20200630 16:33:23 DEBUG /Volumes/data/work/1duo-coremltools/coremltools/converters/mil/mil/passes/common_pass.py:30] Program before common passes:
main(%input: (1, 1, 5, 7, fp32)) {
  block104() {
    %1: (3, 1, 1, 1, fp32)* = const(val=[[[[-0.7870362997055054]]], [[[0.518144965171814]]], [[[0.2017812728881836]]]], name="1")
    %2: (3,fp32)* = const(val=[-0.9803191423416138, -0.05266141891479492, 0.39348113536834717], name="2")
    %21: (2,i32)* = const(val=[3, 3], name="21")
    %22: (2,i32)* = const(val=[1, 1], name="22")
    %23: (2,i32)* = const(val=[3, 3], name="23")
    %12: (bool)* = const(val=False, name="12")
    %24: (2,i32)* = const(val=[0, 0], name="24")
    %16: (i32)* = const(val=1, name="16")
    %17: (bool)* = const(val=False, name="17")
    %18: (bool)* = const(val=False, name="18")
    %19: (bool)* = const(val=True, name="19")
    %20_pad_type_85: (str)* = const(val="custom", name="20_pad_type_85")
    %20_pad_85: (4,i32)* = const(val=[1, 1, 1, 1], name="20_pad_85")
    %20: (1, 3, 3, 3, fp32) = conv(x=%input, weight=%1, bias=%2, strides=%21, pad_type=%20_pad_type_85, pad=%20_pad_85, dilations=%23, groups=%16, name="20")
  } -> (%20)
}

[20200630 16:33:23 INFO /Volumes/data/work/1duo-coremltools/coremltools/converters/mil/mil/passes/common_pass.py:34] Performing pass: "common::const_elimination"
[20200630 16:33:23 INFO /Volumes/data/work/1duo-coremltools/coremltools/converters/mil/mil/passes/common_pass.py:34] Performing pass: "common::divide_to_multiply"
[20200630 16:33:23 INFO /Volumes/data/work/1duo-coremltools/coremltools/converters/mil/mil/passes/common_pass.py:34] Performing pass: "common::fuse_matmul_weight_bias"
[20200630 16:33:23 INFO /Volumes/data/work/1duo-coremltools/coremltools/converters/mil/mil/passes/common_pass.py:34] Performing pass: "common::const_elimination"
[20200630 16:33:23 INFO /Volumes/data/work/1duo-coremltools/coremltools/converters/mil/mil/passes/common_pass.py:34] Performing pass: "common::loop_invariant_elimination"
[20200630 16:33:23 INFO /Volumes/data/work/1duo-coremltools/coremltools/converters/mil/mil/passes/common_pass.py:34] Performing pass: "common::remove_symbolic_reshape"
[20200630 16:33:23 INFO /Volumes/data/work/1duo-coremltools/coremltools/converters/mil/mil/passes/remove_symbolic_reshape.py:104] remove_symbolic_reshape: changed 0 reshapes.
[20200630 16:33:23 INFO /Volumes/data/work/1duo-coremltools/coremltools/converters/mil/mil/passes/common_pass.py:34] Performing pass: "common::fuse_gelu_tanh_approximation"
[20200630 16:33:23 INFO /Volumes/data/work/1duo-coremltools/coremltools/converters/mil/mil/passes/common_pass.py:34] Performing pass: "common::reduce_transposes"
[20200630 16:33:23 DEBUG /Volumes/data/work/1duo-coremltools/coremltools/converters/mil/mil/passes/reduce_transposes.py:989] Block before optimize transpose transform:
function(%input: (1, 1, 5, 7, fp32)) {
  block104() {
    %1: (3, 1, 1, 1, fp32)* = const(val=[[[[-0.7870362997055054]]], [[[0.518144965171814]]], [[[0.2017812728881836]]]], name="1")
    %2: (3,fp32)* = const(val=[-0.9803191423416138, -0.05266141891479492, 0.39348113536834717], name="2")
    %21: (2,i32)* = const(val=[3, 3], name="21")
    %22: (2,i32)* = const(val=[1, 1], name="22")
    %23: (2,i32)* = const(val=[3, 3], name="23")
    %12: (bool)* = const(val=False, name="12")
    %24: (2,i32)* = const(val=[0, 0], name="24")
    %16: (i32)* = const(val=1, name="16")
    %17: (bool)* = const(val=False, name="17")
    %18: (bool)* = const(val=False, name="18")
    %19: (bool)* = const(val=True, name="19")
    %20_pad_type_85: (str)* = const(val="custom", name="20_pad_type_85")
    %20_pad_85: (4,i32)* = const(val=[1, 1, 1, 1], name="20_pad_85")
    %20: (1, 3, 3, 3, fp32) = conv(x=%input, weight=%1, bias=%2, strides=%21, pad_type=%20_pad_type_85, pad=%20_pad_85, dilations=%23, groups=%16, name="20")
  } -> (%20)
}

[20200630 16:33:23 DEBUG /Volumes/data/work/1duo-coremltools/coremltools/converters/mil/mil/passes/reduce_transposes.py:1024] Block after optimize transpose transform:
function(%input: (1, 1, 5, 7, fp32)) {
  block104() {
    %1: (3, 1, 1, 1, fp32)* = const(val=[[[[-0.7870362997055054]]], [[[0.518144965171814]]], [[[0.2017812728881836]]]], name="1")
    %2: (3,fp32)* = const(val=[-0.9803191423416138, -0.05266141891479492, 0.39348113536834717], name="2")
    %21: (2,i32)* = const(val=[3, 3], name="21")
    %22: (2,i32)* = const(val=[1, 1], name="22")
    %23: (2,i32)* = const(val=[3, 3], name="23")
    %12: (bool)* = const(val=False, name="12")
    %24: (2,i32)* = const(val=[0, 0], name="24")
    %16: (i32)* = const(val=1, name="16")
    %17: (bool)* = const(val=False, name="17")
    %18: (bool)* = const(val=False, name="18")
    %19: (bool)* = const(val=True, name="19")
    %20_pad_type_85: (str)* = const(val="custom", name="20_pad_type_85")
    %20_pad_85: (4,i32)* = const(val=[1, 1, 1, 1], name="20_pad_85")
    %20: (1, 3, 3, 3, fp32) = conv(x=%input, weight=%1, bias=%2, strides=%21, pad_type=%20_pad_type_85, pad=%20_pad_85, dilations=%23, groups=%16, name="20")
  } -> (%20)
}

[20200630 16:33:23 INFO /Volumes/data/work/1duo-coremltools/coremltools/converters/mil/mil/passes/common_pass.py:34] Performing pass: "common::fuse_bias_conv"
[20200630 16:33:23 INFO /Volumes/data/work/1duo-coremltools/coremltools/converters/mil/mil/passes/common_pass.py:34] Performing pass: "common::fuse_elementwise_to_batchnorm"
[20200630 16:33:23 INFO /Volumes/data/work/1duo-coremltools/coremltools/converters/mil/mil/passes/common_pass.py:34] Performing pass: "common::fuse_onehot_matmul_to_gather"
[20200630 16:33:23 INFO /Volumes/data/work/1duo-coremltools/coremltools/converters/mil/mil/passes/common_pass.py:34] Performing pass: "common::fuse_layernorm_or_instancenorm"
[20200630 16:33:23 INFO /Volumes/data/work/1duo-coremltools/coremltools/converters/mil/mil/passes/common_pass.py:34] Performing pass: "common::dead_code_elimination"
[20200630 16:33:23 INFO /Volumes/data/work/1duo-coremltools/coremltools/converters/mil/mil/passes/dead_code_elimination.py:35] Removing op "19" (type: const)
[20200630 16:33:23 INFO /Volumes/data/work/1duo-coremltools/coremltools/converters/mil/mil/passes/dead_code_elimination.py:35] Removing op "18" (type: const)
[20200630 16:33:23 INFO /Volumes/data/work/1duo-coremltools/coremltools/converters/mil/mil/passes/dead_code_elimination.py:35] Removing op "17" (type: const)
[20200630 16:33:23 INFO /Volumes/data/work/1duo-coremltools/coremltools/converters/mil/mil/passes/dead_code_elimination.py:35] Removing op "24" (type: const)
[20200630 16:33:23 INFO /Volumes/data/work/1duo-coremltools/coremltools/converters/mil/mil/passes/dead_code_elimination.py:35] Removing op "12" (type: const)
[20200630 16:33:23 INFO /Volumes/data/work/1duo-coremltools/coremltools/converters/mil/mil/passes/dead_code_elimination.py:35] Removing op "22" (type: const)
[20200630 16:33:23 DEBUG /Volumes/data/work/1duo-coremltools/coremltools/converters/mil/mil/passes/common_pass.py:38] Program after common passes:
main(%input: (1, 1, 5, 7, fp32)) {
  block104() {
    %1: (3, 1, 1, 1, fp32)* = const(val=[[[[-0.7870362997055054]]], [[[0.518144965171814]]], [[[0.2017812728881836]]]], name="1")
    %2: (3,fp32)* = const(val=[-0.9803191423416138, -0.05266141891479492, 0.39348113536834717], name="2")
    %21: (2,i32)* = const(val=[3, 3], name="21")
    %23: (2,i32)* = const(val=[3, 3], name="23")
    %16: (i32)* = const(val=1, name="16")
    %20_pad_type_85: (str)* = const(val="custom", name="20_pad_type_85")
    %20_pad_85: (4,i32)* = const(val=[1, 1, 1, 1], name="20_pad_85")
    %20: (1, 3, 3, 3, fp32) = conv(x=%input, weight=%1, bias=%2, strides=%21, pad_type=%20_pad_type_85, pad=%20_pad_85, dilations=%23, groups=%16, name="20")
  } -> (%20)
}

[20200630 16:33:23 INFO /Volumes/data/work/1duo-coremltools/coremltools/converters/mil/backend/nn/passes/nn_passes.py:22] Performing passes for nn_backend: "nn_backend::commingle_loop_vars"
[20200630 16:33:23 INFO /Volumes/data/work/1duo-coremltools/coremltools/converters/mil/backend/nn/passes/nn_passes.py:22] Performing passes for nn_backend: "nn_backend::handle_return_inputs_as_outputs"
[20200630 16:33:23 INFO /Volumes/data/work/1duo-coremltools/coremltools/converters/mil/backend/nn/passes/nn_passes.py:22] Performing passes for nn_backend: "common::const_elimination"
[20200630 16:33:23 INFO /Volumes/data/work/1duo-coremltools/coremltools/converters/mil/backend/nn/passes/nn_passes.py:22] Performing passes for nn_backend: "common::dead_code_elimination"
[20200630 16:33:23 INFO /Volumes/data/work/1duo-coremltools/coremltools/converters/mil/backend/nn/passes/nn_passes.py:22] Performing passes for nn_backend: "nn_backend::handle_unused_inputs"
[20200630 16:33:23 INFO /Volumes/data/work/1duo-coremltools/coremltools/converters/mil/backend/nn/passes/nn_passes.py:22] Performing passes for nn_backend: "nn_backend::alert_return_type_cast"
[20200630 16:33:23 DEBUG /Volumes/data/work/1duo-coremltools/coremltools/converters/mil/backend/nn/passes/nn_passes.py:26] Program after nn backend passes:
main(%input: (1, 1, 5, 7, fp32)) {
  block104() {
    %1: (3, 1, 1, 1, fp32)* = const(val=[[[[-0.7870362997055054]]], [[[0.518144965171814]]], [[[0.2017812728881836]]]], name="1")
    %2: (3,fp32)* = const(val=[-0.9803191423416138, -0.05266141891479492, 0.39348113536834717], name="2")
    %21: (2,i32)* = const(val=[3, 3], name="21")
    %23: (2,i32)* = const(val=[3, 3], name="23")
    %16: (i32)* = const(val=1, name="16")
    %20_pad_type_85: (str)* = const(val="custom", name="20_pad_type_85")
    %20_pad_85: (4,i32)* = const(val=[1, 1, 1, 1], name="20_pad_85")
    %20: (1, 3, 3, 3, fp32) = conv(x=%input, weight=%1, bias=%2, strides=%21, pad_type=%20_pad_type_85, pad=%20_pad_85, dilations=%23, groups=%16, name="20")
  } -> (%20)
}

[20200630 16:33:23 INFO /Volumes/data/work/1duo-coremltools/coremltools/converters/mil/frontend/torch/converter.py:269] Converting graph.
[20200630 16:33:23 INFO /Volumes/data/work/1duo-coremltools/coremltools/converters/mil/mil/builder.py:181] Adding op '1' of type const
[20200630 16:33:23 INFO /Volumes/data/work/1duo-coremltools/coremltools/converters/mil/mil/builder.py:181] Adding op '2' of type const
[20200630 16:33:23 INFO /Volumes/data/work/1duo-coremltools/coremltools/converters/mil/frontend/torch/ops.py:49] Converting op 21 : constant
[20200630 16:33:23 INFO /Volumes/data/work/1duo-coremltools/coremltools/converters/mil/mil/builder.py:181] Adding op '21' of type const
[20200630 16:33:23 INFO /Volumes/data/work/1duo-coremltools/coremltools/converters/mil/frontend/torch/ops.py:49] Converting op 22 : constant
[20200630 16:33:23 INFO /Volumes/data/work/1duo-coremltools/coremltools/converters/mil/mil/builder.py:181] Adding op '22' of type const
[20200630 16:33:23 INFO /Volumes/data/work/1duo-coremltools/coremltools/converters/mil/frontend/torch/ops.py:49] Converting op 23 : constant
[20200630 16:33:23 INFO /Volumes/data/work/1duo-coremltools/coremltools/converters/mil/mil/builder.py:181] Adding op '23' of type const
[20200630 16:33:23 INFO /Volumes/data/work/1duo-coremltools/coremltools/converters/mil/frontend/torch/ops.py:49] Converting op 12 : constant
[20200630 16:33:23 INFO /Volumes/data/work/1duo-coremltools/coremltools/converters/mil/mil/builder.py:181] Adding op '12' of type const
[20200630 16:33:23 INFO /Volumes/data/work/1duo-coremltools/coremltools/converters/mil/frontend/torch/ops.py:49] Converting op 24 : constant
[20200630 16:33:23 INFO /Volumes/data/work/1duo-coremltools/coremltools/converters/mil/mil/builder.py:181] Adding op '24' of type const
[20200630 16:33:23 INFO /Volumes/data/work/1duo-coremltools/coremltools/converters/mil/frontend/torch/ops.py:49] Converting op 16 : constant
[20200630 16:33:23 INFO /Volumes/data/work/1duo-coremltools/coremltools/converters/mil/mil/builder.py:181] Adding op '16' of type const
[20200630 16:33:23 INFO /Volumes/data/work/1duo-coremltools/coremltools/converters/mil/frontend/torch/ops.py:49] Converting op 17 : constant
[20200630 16:33:23 INFO /Volumes/data/work/1duo-coremltools/coremltools/converters/mil/mil/builder.py:181] Adding op '17' of type const
[20200630 16:33:23 INFO /Volumes/data/work/1duo-coremltools/coremltools/converters/mil/frontend/torch/ops.py:49] Converting op 18 : constant
[20200630 16:33:23 INFO /Volumes/data/work/1duo-coremltools/coremltools/converters/mil/mil/builder.py:181] Adding op '18' of type const
[20200630 16:33:23 INFO /Volumes/data/work/1duo-coremltools/coremltools/converters/mil/frontend/torch/ops.py:49] Converting op 19 : constant
[20200630 16:33:23 INFO /Volumes/data/work/1duo-coremltools/coremltools/converters/mil/mil/builder.py:181] Adding op '19' of type const
[20200630 16:33:23 INFO /Volumes/data/work/1duo-coremltools/coremltools/converters/mil/frontend/torch/ops.py:49] Converting op 20 : _convolution
[20200630 16:33:23 INFO /Volumes/data/work/1duo-coremltools/coremltools/converters/mil/mil/builder.py:181] Adding op '20' of type conv
[20200630 16:33:23 DEBUG /Volumes/data/work/1duo-coremltools/coremltools/converters/mil/mil/builder.py:93] Adding const op '20_pad_type_86'
[20200630 16:33:23 INFO /Volumes/data/work/1duo-coremltools/coremltools/converters/mil/mil/builder.py:181] Adding op '20_pad_type_86' of type const
[20200630 16:33:23 DEBUG /Volumes/data/work/1duo-coremltools/coremltools/converters/mil/mil/builder.py:93] Adding const op '20_pad_86'
[20200630 16:33:23 INFO /Volumes/data/work/1duo-coremltools/coremltools/converters/mil/mil/builder.py:181] Adding op '20_pad_86' of type const
[20200630 16:33:23 DEBUG /Volumes/data/work/1duo-coremltools/coremltools/converters/mil/mil/passes/common_pass.py:30] Program before common passes:
main(%input: (1, 1, 5, 7, fp32)) {
  block105() {
    %1: (3, 1, 1, 1, fp32)* = const(val=[[[[-0.8817398548126221]]], [[[-0.8698283433914185]]], [[[-0.9603052139282227]]]], name="1")
    %2: (3,fp32)* = const(val=[0.4398007392883301, 0.7653236389160156, -0.06438374519348145], name="2")
    %21: (2,i32)* = const(val=[3, 3], name="21")
    %22: (2,i32)* = const(val=[3, 3], name="22")
    %23: (2,i32)* = const(val=[1, 1], name="23")
    %12: (bool)* = const(val=False, name="12")
    %24: (2,i32)* = const(val=[0, 0], name="24")
    %16: (i32)* = const(val=1, name="16")
    %17: (bool)* = const(val=False, name="17")
    %18: (bool)* = const(val=False, name="18")
    %19: (bool)* = const(val=True, name="19")
    %20_pad_type_86: (str)* = const(val="custom", name="20_pad_type_86")
    %20_pad_86: (4,i32)* = const(val=[3, 3, 3, 3], name="20_pad_86")
    %20: (1, 3, 4, 5, fp32) = conv(x=%input, weight=%1, bias=%2, strides=%21, pad_type=%20_pad_type_86, pad=%20_pad_86, dilations=%23, groups=%16, name="20")
  } -> (%20)
}

[20200630 16:33:23 INFO /Volumes/data/work/1duo-coremltools/coremltools/converters/mil/mil/passes/common_pass.py:34] Performing pass: "common::const_elimination"
[20200630 16:33:23 INFO /Volumes/data/work/1duo-coremltools/coremltools/converters/mil/mil/passes/common_pass.py:34] Performing pass: "common::divide_to_multiply"
[20200630 16:33:23 INFO /Volumes/data/work/1duo-coremltools/coremltools/converters/mil/mil/passes/common_pass.py:34] Performing pass: "common::fuse_matmul_weight_bias"
[20200630 16:33:23 INFO /Volumes/data/work/1duo-coremltools/coremltools/converters/mil/mil/passes/common_pass.py:34] Performing pass: "common::const_elimination"
[20200630 16:33:23 INFO /Volumes/data/work/1duo-coremltools/coremltools/converters/mil/mil/passes/common_pass.py:34] Performing pass: "common::loop_invariant_elimination"
[20200630 16:33:23 INFO /Volumes/data/work/1duo-coremltools/coremltools/converters/mil/mil/passes/common_pass.py:34] Performing pass: "common::remove_symbolic_reshape"
[20200630 16:33:23 INFO /Volumes/data/work/1duo-coremltools/coremltools/converters/mil/mil/passes/remove_symbolic_reshape.py:104] remove_symbolic_reshape: changed 0 reshapes.
[20200630 16:33:23 INFO /Volumes/data/work/1duo-coremltools/coremltools/converters/mil/mil/passes/common_pass.py:34] Performing pass: "common::fuse_gelu_tanh_approximation"
[20200630 16:33:23 INFO /Volumes/data/work/1duo-coremltools/coremltools/converters/mil/mil/passes/common_pass.py:34] Performing pass: "common::reduce_transposes"
[20200630 16:33:23 DEBUG /Volumes/data/work/1duo-coremltools/coremltools/converters/mil/mil/passes/reduce_transposes.py:989] Block before optimize transpose transform:
function(%input: (1, 1, 5, 7, fp32)) {
  block105() {
    %1: (3, 1, 1, 1, fp32)* = const(val=[[[[-0.8817398548126221]]], [[[-0.8698283433914185]]], [[[-0.9603052139282227]]]], name="1")
    %2: (3,fp32)* = const(val=[0.4398007392883301, 0.7653236389160156, -0.06438374519348145], name="2")
    %21: (2,i32)* = const(val=[3, 3], name="21")
    %22: (2,i32)* = const(val=[3, 3], name="22")
    %23: (2,i32)* = const(val=[1, 1], name="23")
    %12: (bool)* = const(val=False, name="12")
    %24: (2,i32)* = const(val=[0, 0], name="24")
    %16: (i32)* = const(val=1, name="16")
    %17: (bool)* = const(val=False, name="17")
    %18: (bool)* = const(val=False, name="18")
    %19: (bool)* = const(val=True, name="19")
    %20_pad_type_86: (str)* = const(val="custom", name="20_pad_type_86")
    %20_pad_86: (4,i32)* = const(val=[3, 3, 3, 3], name="20_pad_86")
    %20: (1, 3, 4, 5, fp32) = conv(x=%input, weight=%1, bias=%2, strides=%21, pad_type=%20_pad_type_86, pad=%20_pad_86, dilations=%23, groups=%16, name="20")
  } -> (%20)
}

[20200630 16:33:23 DEBUG /Volumes/data/work/1duo-coremltools/coremltools/converters/mil/mil/passes/reduce_transposes.py:1024] Block after optimize transpose transform:
function(%input: (1, 1, 5, 7, fp32)) {
  block105() {
    %1: (3, 1, 1, 1, fp32)* = const(val=[[[[-0.8817398548126221]]], [[[-0.8698283433914185]]], [[[-0.9603052139282227]]]], name="1")
    %2: (3,fp32)* = const(val=[0.4398007392883301, 0.7653236389160156, -0.06438374519348145], name="2")
    %21: (2,i32)* = const(val=[3, 3], name="21")
    %22: (2,i32)* = const(val=[3, 3], name="22")
    %23: (2,i32)* = const(val=[1, 1], name="23")
    %12: (bool)* = const(val=False, name="12")
    %24: (2,i32)* = const(val=[0, 0], name="24")
    %16: (i32)* = const(val=1, name="16")
    %17: (bool)* = const(val=False, name="17")
    %18: (bool)* = const(val=False, name="18")
    %19: (bool)* = const(val=True, name="19")
    %20_pad_type_86: (str)* = const(val="custom", name="20_pad_type_86")
    %20_pad_86: (4,i32)* = const(val=[3, 3, 3, 3], name="20_pad_86")
    %20: (1, 3, 4, 5, fp32) = conv(x=%input, weight=%1, bias=%2, strides=%21, pad_type=%20_pad_type_86, pad=%20_pad_86, dilations=%23, groups=%16, name="20")
  } -> (%20)
}

[20200630 16:33:23 INFO /Volumes/data/work/1duo-coremltools/coremltools/converters/mil/mil/passes/common_pass.py:34] Performing pass: "common::fuse_bias_conv"
[20200630 16:33:23 INFO /Volumes/data/work/1duo-coremltools/coremltools/converters/mil/mil/passes/common_pass.py:34] Performing pass: "common::fuse_elementwise_to_batchnorm"
[20200630 16:33:23 INFO /Volumes/data/work/1duo-coremltools/coremltools/converters/mil/mil/passes/common_pass.py:34] Performing pass: "common::fuse_onehot_matmul_to_gather"
[20200630 16:33:23 INFO /Volumes/data/work/1duo-coremltools/coremltools/converters/mil/mil/passes/common_pass.py:34] Performing pass: "common::fuse_layernorm_or_instancenorm"
[20200630 16:33:23 INFO /Volumes/data/work/1duo-coremltools/coremltools/converters/mil/mil/passes/common_pass.py:34] Performing pass: "common::dead_code_elimination"
[20200630 16:33:23 INFO /Volumes/data/work/1duo-coremltools/coremltools/converters/mil/mil/passes/dead_code_elimination.py:35] Removing op "19" (type: const)
[20200630 16:33:23 INFO /Volumes/data/work/1duo-coremltools/coremltools/converters/mil/mil/passes/dead_code_elimination.py:35] Removing op "18" (type: const)
[20200630 16:33:23 INFO /Volumes/data/work/1duo-coremltools/coremltools/converters/mil/mil/passes/dead_code_elimination.py:35] Removing op "17" (type: const)
[20200630 16:33:23 INFO /Volumes/data/work/1duo-coremltools/coremltools/converters/mil/mil/passes/dead_code_elimination.py:35] Removing op "24" (type: const)
[20200630 16:33:23 INFO /Volumes/data/work/1duo-coremltools/coremltools/converters/mil/mil/passes/dead_code_elimination.py:35] Removing op "12" (type: const)
[20200630 16:33:23 INFO /Volumes/data/work/1duo-coremltools/coremltools/converters/mil/mil/passes/dead_code_elimination.py:35] Removing op "22" (type: const)
[20200630 16:33:23 DEBUG /Volumes/data/work/1duo-coremltools/coremltools/converters/mil/mil/passes/common_pass.py:38] Program after common passes:
main(%input: (1, 1, 5, 7, fp32)) {
  block105() {
    %1: (3, 1, 1, 1, fp32)* = const(val=[[[[-0.8817398548126221]]], [[[-0.8698283433914185]]], [[[-0.9603052139282227]]]], name="1")
    %2: (3,fp32)* = const(val=[0.4398007392883301, 0.7653236389160156, -0.06438374519348145], name="2")
    %21: (2,i32)* = const(val=[3, 3], name="21")
    %23: (2,i32)* = const(val=[1, 1], name="23")
    %16: (i32)* = const(val=1, name="16")
    %20_pad_type_86: (str)* = const(val="custom", name="20_pad_type_86")
    %20_pad_86: (4,i32)* = const(val=[3, 3, 3, 3], name="20_pad_86")
    %20: (1, 3, 4, 5, fp32) = conv(x=%input, weight=%1, bias=%2, strides=%21, pad_type=%20_pad_type_86, pad=%20_pad_86, dilations=%23, groups=%16, name="20")
  } -> (%20)
}

[20200630 16:33:23 INFO /Volumes/data/work/1duo-coremltools/coremltools/converters/mil/backend/nn/passes/nn_passes.py:22] Performing passes for nn_backend: "nn_backend::commingle_loop_vars"
[20200630 16:33:23 INFO /Volumes/data/work/1duo-coremltools/coremltools/converters/mil/backend/nn/passes/nn_passes.py:22] Performing passes for nn_backend: "nn_backend::handle_return_inputs_as_outputs"
[20200630 16:33:23 INFO /Volumes/data/work/1duo-coremltools/coremltools/converters/mil/backend/nn/passes/nn_passes.py:22] Performing passes for nn_backend: "common::const_elimination"
[20200630 16:33:23 INFO /Volumes/data/work/1duo-coremltools/coremltools/converters/mil/backend/nn/passes/nn_passes.py:22] Performing passes for nn_backend: "common::dead_code_elimination"
[20200630 16:33:23 INFO /Volumes/data/work/1duo-coremltools/coremltools/converters/mil/backend/nn/passes/nn_passes.py:22] Performing passes for nn_backend: "nn_backend::handle_unused_inputs"
[20200630 16:33:23 INFO /Volumes/data/work/1duo-coremltools/coremltools/converters/mil/backend/nn/passes/nn_passes.py:22] Performing passes for nn_backend: "nn_backend::alert_return_type_cast"
[20200630 16:33:23 DEBUG /Volumes/data/work/1duo-coremltools/coremltools/converters/mil/backend/nn/passes/nn_passes.py:26] Program after nn backend passes:
main(%input: (1, 1, 5, 7, fp32)) {
  block105() {
    %1: (3, 1, 1, 1, fp32)* = const(val=[[[[-0.8817398548126221]]], [[[-0.8698283433914185]]], [[[-0.9603052139282227]]]], name="1")
    %2: (3,fp32)* = const(val=[0.4398007392883301, 0.7653236389160156, -0.06438374519348145], name="2")
    %21: (2,i32)* = const(val=[3, 3], name="21")
    %23: (2,i32)* = const(val=[1, 1], name="23")
    %16: (i32)* = const(val=1, name="16")
    %20_pad_type_86: (str)* = const(val="custom", name="20_pad_type_86")
    %20_pad_86: (4,i32)* = const(val=[3, 3, 3, 3], name="20_pad_86")
    %20: (1, 3, 4, 5, fp32) = conv(x=%input, weight=%1, bias=%2, strides=%21, pad_type=%20_pad_type_86, pad=%20_pad_86, dilations=%23, groups=%16, name="20")
  } -> (%20)
}

[20200630 16:33:24 INFO /Volumes/data/work/1duo-coremltools/coremltools/converters/mil/frontend/torch/converter.py:269] Converting graph.
[20200630 16:33:24 INFO /Volumes/data/work/1duo-coremltools/coremltools/converters/mil/mil/builder.py:181] Adding op '1' of type const
[20200630 16:33:24 INFO /Volumes/data/work/1duo-coremltools/coremltools/converters/mil/mil/builder.py:181] Adding op '2' of type const
[20200630 16:33:24 INFO /Volumes/data/work/1duo-coremltools/coremltools/converters/mil/frontend/torch/ops.py:49] Converting op 21 : constant
[20200630 16:33:24 INFO /Volumes/data/work/1duo-coremltools/coremltools/converters/mil/mil/builder.py:181] Adding op '21' of type const
[20200630 16:33:24 INFO /Volumes/data/work/1duo-coremltools/coremltools/converters/mil/frontend/torch/ops.py:49] Converting op 22 : constant
[20200630 16:33:24 INFO /Volumes/data/work/1duo-coremltools/coremltools/converters/mil/mil/builder.py:181] Adding op '22' of type const
[20200630 16:33:24 INFO /Volumes/data/work/1duo-coremltools/coremltools/converters/mil/frontend/torch/ops.py:49] Converting op 23 : constant
[20200630 16:33:24 INFO /Volumes/data/work/1duo-coremltools/coremltools/converters/mil/mil/builder.py:181] Adding op '23' of type const
[20200630 16:33:24 INFO /Volumes/data/work/1duo-coremltools/coremltools/converters/mil/frontend/torch/ops.py:49] Converting op 12 : constant
[20200630 16:33:24 INFO /Volumes/data/work/1duo-coremltools/coremltools/converters/mil/mil/builder.py:181] Adding op '12' of type const
[20200630 16:33:24 INFO /Volumes/data/work/1duo-coremltools/coremltools/converters/mil/frontend/torch/ops.py:49] Converting op 24 : constant
[20200630 16:33:24 INFO /Volumes/data/work/1duo-coremltools/coremltools/converters/mil/mil/builder.py:181] Adding op '24' of type const
[20200630 16:33:24 INFO /Volumes/data/work/1duo-coremltools/coremltools/converters/mil/frontend/torch/ops.py:49] Converting op 16 : constant
[20200630 16:33:24 INFO /Volumes/data/work/1duo-coremltools/coremltools/converters/mil/mil/builder.py:181] Adding op '16' of type const
[20200630 16:33:24 INFO /Volumes/data/work/1duo-coremltools/coremltools/converters/mil/frontend/torch/ops.py:49] Converting op 17 : constant
[20200630 16:33:24 INFO /Volumes/data/work/1duo-coremltools/coremltools/converters/mil/mil/builder.py:181] Adding op '17' of type const
[20200630 16:33:24 INFO /Volumes/data/work/1duo-coremltools/coremltools/converters/mil/frontend/torch/ops.py:49] Converting op 18 : constant
[20200630 16:33:24 INFO /Volumes/data/work/1duo-coremltools/coremltools/converters/mil/mil/builder.py:181] Adding op '18' of type const
[20200630 16:33:24 INFO /Volumes/data/work/1duo-coremltools/coremltools/converters/mil/frontend/torch/ops.py:49] Converting op 19 : constant
[20200630 16:33:24 INFO /Volumes/data/work/1duo-coremltools/coremltools/converters/mil/mil/builder.py:181] Adding op '19' of type const
[20200630 16:33:24 INFO /Volumes/data/work/1duo-coremltools/coremltools/converters/mil/frontend/torch/ops.py:49] Converting op 20 : _convolution
[20200630 16:33:24 INFO /Volumes/data/work/1duo-coremltools/coremltools/converters/mil/mil/builder.py:181] Adding op '20' of type conv
[20200630 16:33:24 DEBUG /Volumes/data/work/1duo-coremltools/coremltools/converters/mil/mil/builder.py:93] Adding const op '20_pad_type_87'
[20200630 16:33:24 INFO /Volumes/data/work/1duo-coremltools/coremltools/converters/mil/mil/builder.py:181] Adding op '20_pad_type_87' of type const
[20200630 16:33:24 DEBUG /Volumes/data/work/1duo-coremltools/coremltools/converters/mil/mil/builder.py:93] Adding const op '20_pad_87'
[20200630 16:33:24 INFO /Volumes/data/work/1duo-coremltools/coremltools/converters/mil/mil/builder.py:181] Adding op '20_pad_87' of type const
[20200630 16:33:24 DEBUG /Volumes/data/work/1duo-coremltools/coremltools/converters/mil/mil/passes/common_pass.py:30] Program before common passes:
main(%input: (1, 1, 5, 7, fp32)) {
  block106() {
    %1: (3, 1, 1, 1, fp32)* = const(val=[[[[0.09136319160461426]]], [[[0.7275499105453491]]], [[[-0.6509517431259155]]]], name="1")
    %2: (3,fp32)* = const(val=[0.9883008003234863, 0.5030368566513062, -0.9074954986572266], name="2")
    %21: (2,i32)* = const(val=[3, 3], name="21")
    %22: (2,i32)* = const(val=[3, 3], name="22")
    %23: (2,i32)* = const(val=[3, 3], name="23")
    %12: (bool)* = const(val=False, name="12")
    %24: (2,i32)* = const(val=[0, 0], name="24")
    %16: (i32)* = const(val=1, name="16")
    %17: (bool)* = const(val=False, name="17")
    %18: (bool)* = const(val=False, name="18")
    %19: (bool)* = const(val=True, name="19")
    %20_pad_type_87: (str)* = const(val="custom", name="20_pad_type_87")
    %20_pad_87: (4,i32)* = const(val=[3, 3, 3, 3], name="20_pad_87")
    %20: (1, 3, 4, 5, fp32) = conv(x=%input, weight=%1, bias=%2, strides=%21, pad_type=%20_pad_type_87, pad=%20_pad_87, dilations=%23, groups=%16, name="20")
  } -> (%20)
}

[20200630 16:33:24 INFO /Volumes/data/work/1duo-coremltools/coremltools/converters/mil/mil/passes/common_pass.py:34] Performing pass: "common::const_elimination"
[20200630 16:33:24 INFO /Volumes/data/work/1duo-coremltools/coremltools/converters/mil/mil/passes/common_pass.py:34] Performing pass: "common::divide_to_multiply"
[20200630 16:33:24 INFO /Volumes/data/work/1duo-coremltools/coremltools/converters/mil/mil/passes/common_pass.py:34] Performing pass: "common::fuse_matmul_weight_bias"
[20200630 16:33:24 INFO /Volumes/data/work/1duo-coremltools/coremltools/converters/mil/mil/passes/common_pass.py:34] Performing pass: "common::const_elimination"
[20200630 16:33:24 INFO /Volumes/data/work/1duo-coremltools/coremltools/converters/mil/mil/passes/common_pass.py:34] Performing pass: "common::loop_invariant_elimination"
[20200630 16:33:24 INFO /Volumes/data/work/1duo-coremltools/coremltools/converters/mil/mil/passes/common_pass.py:34] Performing pass: "common::remove_symbolic_reshape"
[20200630 16:33:24 INFO /Volumes/data/work/1duo-coremltools/coremltools/converters/mil/mil/passes/remove_symbolic_reshape.py:104] remove_symbolic_reshape: changed 0 reshapes.
[20200630 16:33:24 INFO /Volumes/data/work/1duo-coremltools/coremltools/converters/mil/mil/passes/common_pass.py:34] Performing pass: "common::fuse_gelu_tanh_approximation"
[20200630 16:33:24 INFO /Volumes/data/work/1duo-coremltools/coremltools/converters/mil/mil/passes/common_pass.py:34] Performing pass: "common::reduce_transposes"
[20200630 16:33:24 DEBUG /Volumes/data/work/1duo-coremltools/coremltools/converters/mil/mil/passes/reduce_transposes.py:989] Block before optimize transpose transform:
function(%input: (1, 1, 5, 7, fp32)) {
  block106() {
    %1: (3, 1, 1, 1, fp32)* = const(val=[[[[0.09136319160461426]]], [[[0.7275499105453491]]], [[[-0.6509517431259155]]]], name="1")
    %2: (3,fp32)* = const(val=[0.9883008003234863, 0.5030368566513062, -0.9074954986572266], name="2")
    %21: (2,i32)* = const(val=[3, 3], name="21")
    %22: (2,i32)* = const(val=[3, 3], name="22")
    %23: (2,i32)* = const(val=[3, 3], name="23")
    %12: (bool)* = const(val=False, name="12")
    %24: (2,i32)* = const(val=[0, 0], name="24")
    %16: (i32)* = const(val=1, name="16")
    %17: (bool)* = const(val=False, name="17")
    %18: (bool)* = const(val=False, name="18")
    %19: (bool)* = const(val=True, name="19")
    %20_pad_type_87: (str)* = const(val="custom", name="20_pad_type_87")
    %20_pad_87: (4,i32)* = const(val=[3, 3, 3, 3], name="20_pad_87")
    %20: (1, 3, 4, 5, fp32) = conv(x=%input, weight=%1, bias=%2, strides=%21, pad_type=%20_pad_type_87, pad=%20_pad_87, dilations=%23, groups=%16, name="20")
  } -> (%20)
}

[20200630 16:33:24 DEBUG /Volumes/data/work/1duo-coremltools/coremltools/converters/mil/mil/passes/reduce_transposes.py:1024] Block after optimize transpose transform:
function(%input: (1, 1, 5, 7, fp32)) {
  block106() {
    %1: (3, 1, 1, 1, fp32)* = const(val=[[[[0.09136319160461426]]], [[[0.7275499105453491]]], [[[-0.6509517431259155]]]], name="1")
    %2: (3,fp32)* = const(val=[0.9883008003234863, 0.5030368566513062, -0.9074954986572266], name="2")
    %21: (2,i32)* = const(val=[3, 3], name="21")
    %22: (2,i32)* = const(val=[3, 3], name="22")
    %23: (2,i32)* = const(val=[3, 3], name="23")
    %12: (bool)* = const(val=False, name="12")
    %24: (2,i32)* = const(val=[0, 0], name="24")
    %16: (i32)* = const(val=1, name="16")
    %17: (bool)* = const(val=False, name="17")
    %18: (bool)* = const(val=False, name="18")
    %19: (bool)* = const(val=True, name="19")
    %20_pad_type_87: (str)* = const(val="custom", name="20_pad_type_87")
    %20_pad_87: (4,i32)* = const(val=[3, 3, 3, 3], name="20_pad_87")
    %20: (1, 3, 4, 5, fp32) = conv(x=%input, weight=%1, bias=%2, strides=%21, pad_type=%20_pad_type_87, pad=%20_pad_87, dilations=%23, groups=%16, name="20")
  } -> (%20)
}

[20200630 16:33:24 INFO /Volumes/data/work/1duo-coremltools/coremltools/converters/mil/mil/passes/common_pass.py:34] Performing pass: "common::fuse_bias_conv"
[20200630 16:33:24 INFO /Volumes/data/work/1duo-coremltools/coremltools/converters/mil/mil/passes/common_pass.py:34] Performing pass: "common::fuse_elementwise_to_batchnorm"
[20200630 16:33:24 INFO /Volumes/data/work/1duo-coremltools/coremltools/converters/mil/mil/passes/common_pass.py:34] Performing pass: "common::fuse_onehot_matmul_to_gather"
[20200630 16:33:24 INFO /Volumes/data/work/1duo-coremltools/coremltools/converters/mil/mil/passes/common_pass.py:34] Performing pass: "common::fuse_layernorm_or_instancenorm"
[20200630 16:33:24 INFO /Volumes/data/work/1duo-coremltools/coremltools/converters/mil/mil/passes/common_pass.py:34] Performing pass: "common::dead_code_elimination"
[20200630 16:33:24 INFO /Volumes/data/work/1duo-coremltools/coremltools/converters/mil/mil/passes/dead_code_elimination.py:35] Removing op "19" (type: const)
[20200630 16:33:24 INFO /Volumes/data/work/1duo-coremltools/coremltools/converters/mil/mil/passes/dead_code_elimination.py:35] Removing op "18" (type: const)
[20200630 16:33:24 INFO /Volumes/data/work/1duo-coremltools/coremltools/converters/mil/mil/passes/dead_code_elimination.py:35] Removing op "17" (type: const)
[20200630 16:33:24 INFO /Volumes/data/work/1duo-coremltools/coremltools/converters/mil/mil/passes/dead_code_elimination.py:35] Removing op "24" (type: const)
[20200630 16:33:24 INFO /Volumes/data/work/1duo-coremltools/coremltools/converters/mil/mil/passes/dead_code_elimination.py:35] Removing op "12" (type: const)
[20200630 16:33:24 INFO /Volumes/data/work/1duo-coremltools/coremltools/converters/mil/mil/passes/dead_code_elimination.py:35] Removing op "22" (type: const)
[20200630 16:33:24 DEBUG /Volumes/data/work/1duo-coremltools/coremltools/converters/mil/mil/passes/common_pass.py:38] Program after common passes:
main(%input: (1, 1, 5, 7, fp32)) {
  block106() {
    %1: (3, 1, 1, 1, fp32)* = const(val=[[[[0.09136319160461426]]], [[[0.7275499105453491]]], [[[-0.6509517431259155]]]], name="1")
    %2: (3,fp32)* = const(val=[0.9883008003234863, 0.5030368566513062, -0.9074954986572266], name="2")
    %21: (2,i32)* = const(val=[3, 3], name="21")
    %23: (2,i32)* = const(val=[3, 3], name="23")
    %16: (i32)* = const(val=1, name="16")
    %20_pad_type_87: (str)* = const(val="custom", name="20_pad_type_87")
    %20_pad_87: (4,i32)* = const(val=[3, 3, 3, 3], name="20_pad_87")
    %20: (1, 3, 4, 5, fp32) = conv(x=%input, weight=%1, bias=%2, strides=%21, pad_type=%20_pad_type_87, pad=%20_pad_87, dilations=%23, groups=%16, name="20")
  } -> (%20)
}

[20200630 16:33:24 INFO /Volumes/data/work/1duo-coremltools/coremltools/converters/mil/backend/nn/passes/nn_passes.py:22] Performing passes for nn_backend: "nn_backend::commingle_loop_vars"
[20200630 16:33:24 INFO /Volumes/data/work/1duo-coremltools/coremltools/converters/mil/backend/nn/passes/nn_passes.py:22] Performing passes for nn_backend: "nn_backend::handle_return_inputs_as_outputs"
[20200630 16:33:24 INFO /Volumes/data/work/1duo-coremltools/coremltools/converters/mil/backend/nn/passes/nn_passes.py:22] Performing passes for nn_backend: "common::const_elimination"
[20200630 16:33:24 INFO /Volumes/data/work/1duo-coremltools/coremltools/converters/mil/backend/nn/passes/nn_passes.py:22] Performing passes for nn_backend: "common::dead_code_elimination"
[20200630 16:33:24 INFO /Volumes/data/work/1duo-coremltools/coremltools/converters/mil/backend/nn/passes/nn_passes.py:22] Performing passes for nn_backend: "nn_backend::handle_unused_inputs"
[20200630 16:33:24 INFO /Volumes/data/work/1duo-coremltools/coremltools/converters/mil/backend/nn/passes/nn_passes.py:22] Performing passes for nn_backend: "nn_backend::alert_return_type_cast"
[20200630 16:33:24 DEBUG /Volumes/data/work/1duo-coremltools/coremltools/converters/mil/backend/nn/passes/nn_passes.py:26] Program after nn backend passes:
main(%input: (1, 1, 5, 7, fp32)) {
  block106() {
    %1: (3, 1, 1, 1, fp32)* = const(val=[[[[0.09136319160461426]]], [[[0.7275499105453491]]], [[[-0.6509517431259155]]]], name="1")
    %2: (3,fp32)* = const(val=[0.9883008003234863, 0.5030368566513062, -0.9074954986572266], name="2")
    %21: (2,i32)* = const(val=[3, 3], name="21")
    %23: (2,i32)* = const(val=[3, 3], name="23")
    %16: (i32)* = const(val=1, name="16")
    %20_pad_type_87: (str)* = const(val="custom", name="20_pad_type_87")
    %20_pad_87: (4,i32)* = const(val=[3, 3, 3, 3], name="20_pad_87")
    %20: (1, 3, 4, 5, fp32) = conv(x=%input, weight=%1, bias=%2, strides=%21, pad_type=%20_pad_type_87, pad=%20_pad_87, dilations=%23, groups=%16, name="20")
  } -> (%20)
}

[20200630 16:33:24 INFO /Volumes/data/work/1duo-coremltools/coremltools/converters/mil/frontend/torch/converter.py:269] Converting graph.
[20200630 16:33:24 INFO /Volumes/data/work/1duo-coremltools/coremltools/converters/mil/mil/builder.py:181] Adding op '1' of type const
[20200630 16:33:24 INFO /Volumes/data/work/1duo-coremltools/coremltools/converters/mil/mil/builder.py:181] Adding op '2' of type const
[20200630 16:33:24 INFO /Volumes/data/work/1duo-coremltools/coremltools/converters/mil/frontend/torch/ops.py:49] Converting op 21 : constant
[20200630 16:33:24 INFO /Volumes/data/work/1duo-coremltools/coremltools/converters/mil/mil/builder.py:181] Adding op '21' of type const
[20200630 16:33:24 INFO /Volumes/data/work/1duo-coremltools/coremltools/converters/mil/frontend/torch/ops.py:49] Converting op 22 : constant
[20200630 16:33:24 INFO /Volumes/data/work/1duo-coremltools/coremltools/converters/mil/mil/builder.py:181] Adding op '22' of type const
[20200630 16:33:24 INFO /Volumes/data/work/1duo-coremltools/coremltools/converters/mil/frontend/torch/ops.py:49] Converting op 23 : constant
[20200630 16:33:24 INFO /Volumes/data/work/1duo-coremltools/coremltools/converters/mil/mil/builder.py:181] Adding op '23' of type const
[20200630 16:33:24 INFO /Volumes/data/work/1duo-coremltools/coremltools/converters/mil/frontend/torch/ops.py:49] Converting op 12 : constant
[20200630 16:33:24 INFO /Volumes/data/work/1duo-coremltools/coremltools/converters/mil/mil/builder.py:181] Adding op '12' of type const
[20200630 16:33:24 INFO /Volumes/data/work/1duo-coremltools/coremltools/converters/mil/frontend/torch/ops.py:49] Converting op 24 : constant
[20200630 16:33:24 INFO /Volumes/data/work/1duo-coremltools/coremltools/converters/mil/mil/builder.py:181] Adding op '24' of type const
[20200630 16:33:24 INFO /Volumes/data/work/1duo-coremltools/coremltools/converters/mil/frontend/torch/ops.py:49] Converting op 16 : constant
[20200630 16:33:24 INFO /Volumes/data/work/1duo-coremltools/coremltools/converters/mil/mil/builder.py:181] Adding op '16' of type const
[20200630 16:33:24 INFO /Volumes/data/work/1duo-coremltools/coremltools/converters/mil/frontend/torch/ops.py:49] Converting op 17 : constant
[20200630 16:33:24 INFO /Volumes/data/work/1duo-coremltools/coremltools/converters/mil/mil/builder.py:181] Adding op '17' of type const
[20200630 16:33:24 INFO /Volumes/data/work/1duo-coremltools/coremltools/converters/mil/frontend/torch/ops.py:49] Converting op 18 : constant
[20200630 16:33:24 INFO /Volumes/data/work/1duo-coremltools/coremltools/converters/mil/mil/builder.py:181] Adding op '18' of type const
[20200630 16:33:24 INFO /Volumes/data/work/1duo-coremltools/coremltools/converters/mil/frontend/torch/ops.py:49] Converting op 19 : constant
[20200630 16:33:24 INFO /Volumes/data/work/1duo-coremltools/coremltools/converters/mil/mil/builder.py:181] Adding op '19' of type const
[20200630 16:33:24 INFO /Volumes/data/work/1duo-coremltools/coremltools/converters/mil/frontend/torch/ops.py:49] Converting op 20 : _convolution
[20200630 16:33:24 INFO /Volumes/data/work/1duo-coremltools/coremltools/converters/mil/mil/builder.py:181] Adding op '20' of type conv
[20200630 16:33:24 DEBUG /Volumes/data/work/1duo-coremltools/coremltools/converters/mil/mil/builder.py:93] Adding const op '20_pad_type_88'
[20200630 16:33:24 INFO /Volumes/data/work/1duo-coremltools/coremltools/converters/mil/mil/builder.py:181] Adding op '20_pad_type_88' of type const
[20200630 16:33:24 DEBUG /Volumes/data/work/1duo-coremltools/coremltools/converters/mil/mil/builder.py:93] Adding const op '20_pad_88'
[20200630 16:33:24 INFO /Volumes/data/work/1duo-coremltools/coremltools/converters/mil/mil/builder.py:181] Adding op '20_pad_88' of type const
[20200630 16:33:24 DEBUG /Volumes/data/work/1duo-coremltools/coremltools/converters/mil/mil/passes/common_pass.py:30] Program before common passes:
main(%input: (1, 1, 5, 7, fp32)) {
  block107() {
    %1: (3, 1, 3, 3, fp32)* = const(val=(file_value), name="1")
    %2: (3,fp32)* = const(val=[0.0039920806884765625, 0.06549671292304993, -0.08611628413200378], name="2")
    %21: (2,i32)* = const(val=[1, 1], name="21")
    %22: (2,i32)* = const(val=[1, 1], name="22")
    %23: (2,i32)* = const(val=[1, 1], name="23")
    %12: (bool)* = const(val=False, name="12")
    %24: (2,i32)* = const(val=[0, 0], name="24")
    %16: (i32)* = const(val=1, name="16")
    %17: (bool)* = const(val=False, name="17")
    %18: (bool)* = const(val=False, name="18")
    %19: (bool)* = const(val=True, name="19")
    %20_pad_type_88: (str)* = const(val="custom", name="20_pad_type_88")
    %20_pad_88: (4,i32)* = const(val=[1, 1, 1, 1], name="20_pad_88")
    %20: (1, 3, 5, 7, fp32) = conv(x=%input, weight=%1, bias=%2, strides=%21, pad_type=%20_pad_type_88, pad=%20_pad_88, dilations=%23, groups=%16, name="20")
  } -> (%20)
}

[20200630 16:33:24 INFO /Volumes/data/work/1duo-coremltools/coremltools/converters/mil/mil/passes/common_pass.py:34] Performing pass: "common::const_elimination"
[20200630 16:33:24 INFO /Volumes/data/work/1duo-coremltools/coremltools/converters/mil/mil/passes/common_pass.py:34] Performing pass: "common::divide_to_multiply"
[20200630 16:33:24 INFO /Volumes/data/work/1duo-coremltools/coremltools/converters/mil/mil/passes/common_pass.py:34] Performing pass: "common::fuse_matmul_weight_bias"
[20200630 16:33:24 INFO /Volumes/data/work/1duo-coremltools/coremltools/converters/mil/mil/passes/common_pass.py:34] Performing pass: "common::const_elimination"
[20200630 16:33:24 INFO /Volumes/data/work/1duo-coremltools/coremltools/converters/mil/mil/passes/common_pass.py:34] Performing pass: "common::loop_invariant_elimination"
[20200630 16:33:24 INFO /Volumes/data/work/1duo-coremltools/coremltools/converters/mil/mil/passes/common_pass.py:34] Performing pass: "common::remove_symbolic_reshape"
[20200630 16:33:24 INFO /Volumes/data/work/1duo-coremltools/coremltools/converters/mil/mil/passes/remove_symbolic_reshape.py:104] remove_symbolic_reshape: changed 0 reshapes.
[20200630 16:33:24 INFO /Volumes/data/work/1duo-coremltools/coremltools/converters/mil/mil/passes/common_pass.py:34] Performing pass: "common::fuse_gelu_tanh_approximation"
[20200630 16:33:24 INFO /Volumes/data/work/1duo-coremltools/coremltools/converters/mil/mil/passes/common_pass.py:34] Performing pass: "common::reduce_transposes"
[20200630 16:33:24 DEBUG /Volumes/data/work/1duo-coremltools/coremltools/converters/mil/mil/passes/reduce_transposes.py:989] Block before optimize transpose transform:
function(%input: (1, 1, 5, 7, fp32)) {
  block107() {
    %1: (3, 1, 3, 3, fp32)* = const(val=(file_value), name="1")
    %2: (3,fp32)* = const(val=[0.0039920806884765625, 0.06549671292304993, -0.08611628413200378], name="2")
    %21: (2,i32)* = const(val=[1, 1], name="21")
    %22: (2,i32)* = const(val=[1, 1], name="22")
    %23: (2,i32)* = const(val=[1, 1], name="23")
    %12: (bool)* = const(val=False, name="12")
    %24: (2,i32)* = const(val=[0, 0], name="24")
    %16: (i32)* = const(val=1, name="16")
    %17: (bool)* = const(val=False, name="17")
    %18: (bool)* = const(val=False, name="18")
    %19: (bool)* = const(val=True, name="19")
    %20_pad_type_88: (str)* = const(val="custom", name="20_pad_type_88")
    %20_pad_88: (4,i32)* = const(val=[1, 1, 1, 1], name="20_pad_88")
    %20: (1, 3, 5, 7, fp32) = conv(x=%input, weight=%1, bias=%2, strides=%21, pad_type=%20_pad_type_88, pad=%20_pad_88, dilations=%23, groups=%16, name="20")
  } -> (%20)
}

[20200630 16:33:24 DEBUG /Volumes/data/work/1duo-coremltools/coremltools/converters/mil/mil/passes/reduce_transposes.py:1024] Block after optimize transpose transform:
function(%input: (1, 1, 5, 7, fp32)) {
  block107() {
    %1: (3, 1, 3, 3, fp32)* = const(val=(file_value), name="1")
    %2: (3,fp32)* = const(val=[0.0039920806884765625, 0.06549671292304993, -0.08611628413200378], name="2")
    %21: (2,i32)* = const(val=[1, 1], name="21")
    %22: (2,i32)* = const(val=[1, 1], name="22")
    %23: (2,i32)* = const(val=[1, 1], name="23")
    %12: (bool)* = const(val=False, name="12")
    %24: (2,i32)* = const(val=[0, 0], name="24")
    %16: (i32)* = const(val=1, name="16")
    %17: (bool)* = const(val=False, name="17")
    %18: (bool)* = const(val=False, name="18")
    %19: (bool)* = const(val=True, name="19")
    %20_pad_type_88: (str)* = const(val="custom", name="20_pad_type_88")
    %20_pad_88: (4,i32)* = const(val=[1, 1, 1, 1], name="20_pad_88")
    %20: (1, 3, 5, 7, fp32) = conv(x=%input, weight=%1, bias=%2, strides=%21, pad_type=%20_pad_type_88, pad=%20_pad_88, dilations=%23, groups=%16, name="20")
  } -> (%20)
}

[20200630 16:33:24 INFO /Volumes/data/work/1duo-coremltools/coremltools/converters/mil/mil/passes/common_pass.py:34] Performing pass: "common::fuse_bias_conv"
[20200630 16:33:24 INFO /Volumes/data/work/1duo-coremltools/coremltools/converters/mil/mil/passes/common_pass.py:34] Performing pass: "common::fuse_elementwise_to_batchnorm"
[20200630 16:33:24 INFO /Volumes/data/work/1duo-coremltools/coremltools/converters/mil/mil/passes/common_pass.py:34] Performing pass: "common::fuse_onehot_matmul_to_gather"
[20200630 16:33:24 INFO /Volumes/data/work/1duo-coremltools/coremltools/converters/mil/mil/passes/common_pass.py:34] Performing pass: "common::fuse_layernorm_or_instancenorm"
[20200630 16:33:24 INFO /Volumes/data/work/1duo-coremltools/coremltools/converters/mil/mil/passes/common_pass.py:34] Performing pass: "common::dead_code_elimination"
[20200630 16:33:24 INFO /Volumes/data/work/1duo-coremltools/coremltools/converters/mil/mil/passes/dead_code_elimination.py:35] Removing op "19" (type: const)
[20200630 16:33:24 INFO /Volumes/data/work/1duo-coremltools/coremltools/converters/mil/mil/passes/dead_code_elimination.py:35] Removing op "18" (type: const)
[20200630 16:33:24 INFO /Volumes/data/work/1duo-coremltools/coremltools/converters/mil/mil/passes/dead_code_elimination.py:35] Removing op "17" (type: const)
[20200630 16:33:24 INFO /Volumes/data/work/1duo-coremltools/coremltools/converters/mil/mil/passes/dead_code_elimination.py:35] Removing op "24" (type: const)
[20200630 16:33:24 INFO /Volumes/data/work/1duo-coremltools/coremltools/converters/mil/mil/passes/dead_code_elimination.py:35] Removing op "12" (type: const)
[20200630 16:33:24 INFO /Volumes/data/work/1duo-coremltools/coremltools/converters/mil/mil/passes/dead_code_elimination.py:35] Removing op "22" (type: const)
[20200630 16:33:24 DEBUG /Volumes/data/work/1duo-coremltools/coremltools/converters/mil/mil/passes/common_pass.py:38] Program after common passes:
main(%input: (1, 1, 5, 7, fp32)) {
  block107() {
    %1: (3, 1, 3, 3, fp32)* = const(val=(file_value), name="1")
    %2: (3,fp32)* = const(val=[0.0039920806884765625, 0.06549671292304993, -0.08611628413200378], name="2")
    %21: (2,i32)* = const(val=[1, 1], name="21")
    %23: (2,i32)* = const(val=[1, 1], name="23")
    %16: (i32)* = const(val=1, name="16")
    %20_pad_type_88: (str)* = const(val="custom", name="20_pad_type_88")
    %20_pad_88: (4,i32)* = const(val=[1, 1, 1, 1], name="20_pad_88")
    %20: (1, 3, 5, 7, fp32) = conv(x=%input, weight=%1, bias=%2, strides=%21, pad_type=%20_pad_type_88, pad=%20_pad_88, dilations=%23, groups=%16, name="20")
  } -> (%20)
}

[20200630 16:33:24 INFO /Volumes/data/work/1duo-coremltools/coremltools/converters/mil/backend/nn/passes/nn_passes.py:22] Performing passes for nn_backend: "nn_backend::commingle_loop_vars"
[20200630 16:33:24 INFO /Volumes/data/work/1duo-coremltools/coremltools/converters/mil/backend/nn/passes/nn_passes.py:22] Performing passes for nn_backend: "nn_backend::handle_return_inputs_as_outputs"
[20200630 16:33:24 INFO /Volumes/data/work/1duo-coremltools/coremltools/converters/mil/backend/nn/passes/nn_passes.py:22] Performing passes for nn_backend: "common::const_elimination"
[20200630 16:33:24 INFO /Volumes/data/work/1duo-coremltools/coremltools/converters/mil/backend/nn/passes/nn_passes.py:22] Performing passes for nn_backend: "common::dead_code_elimination"
[20200630 16:33:24 INFO /Volumes/data/work/1duo-coremltools/coremltools/converters/mil/backend/nn/passes/nn_passes.py:22] Performing passes for nn_backend: "nn_backend::handle_unused_inputs"
[20200630 16:33:24 INFO /Volumes/data/work/1duo-coremltools/coremltools/converters/mil/backend/nn/passes/nn_passes.py:22] Performing passes for nn_backend: "nn_backend::alert_return_type_cast"
[20200630 16:33:24 DEBUG /Volumes/data/work/1duo-coremltools/coremltools/converters/mil/backend/nn/passes/nn_passes.py:26] Program after nn backend passes:
main(%input: (1, 1, 5, 7, fp32)) {
  block107() {
    %1: (3, 1, 3, 3, fp32)* = const(val=(file_value), name="1")
    %2: (3,fp32)* = const(val=[0.0039920806884765625, 0.06549671292304993, -0.08611628413200378], name="2")
    %21: (2,i32)* = const(val=[1, 1], name="21")
    %23: (2,i32)* = const(val=[1, 1], name="23")
    %16: (i32)* = const(val=1, name="16")
    %20_pad_type_88: (str)* = const(val="custom", name="20_pad_type_88")
    %20_pad_88: (4,i32)* = const(val=[1, 1, 1, 1], name="20_pad_88")
    %20: (1, 3, 5, 7, fp32) = conv(x=%input, weight=%1, bias=%2, strides=%21, pad_type=%20_pad_type_88, pad=%20_pad_88, dilations=%23, groups=%16, name="20")
  } -> (%20)
}

[20200630 16:33:24 INFO /Volumes/data/work/1duo-coremltools/coremltools/converters/mil/frontend/torch/converter.py:269] Converting graph.
[20200630 16:33:24 INFO /Volumes/data/work/1duo-coremltools/coremltools/converters/mil/mil/builder.py:181] Adding op '1' of type const
[20200630 16:33:24 INFO /Volumes/data/work/1duo-coremltools/coremltools/converters/mil/mil/builder.py:181] Adding op '2' of type const
[20200630 16:33:24 INFO /Volumes/data/work/1duo-coremltools/coremltools/converters/mil/frontend/torch/ops.py:49] Converting op 21 : constant
[20200630 16:33:24 INFO /Volumes/data/work/1duo-coremltools/coremltools/converters/mil/mil/builder.py:181] Adding op '21' of type const
[20200630 16:33:24 INFO /Volumes/data/work/1duo-coremltools/coremltools/converters/mil/frontend/torch/ops.py:49] Converting op 22 : constant
[20200630 16:33:24 INFO /Volumes/data/work/1duo-coremltools/coremltools/converters/mil/mil/builder.py:181] Adding op '22' of type const
[20200630 16:33:24 INFO /Volumes/data/work/1duo-coremltools/coremltools/converters/mil/frontend/torch/ops.py:49] Converting op 23 : constant
[20200630 16:33:24 INFO /Volumes/data/work/1duo-coremltools/coremltools/converters/mil/mil/builder.py:181] Adding op '23' of type const
[20200630 16:33:24 INFO /Volumes/data/work/1duo-coremltools/coremltools/converters/mil/frontend/torch/ops.py:49] Converting op 12 : constant
[20200630 16:33:24 INFO /Volumes/data/work/1duo-coremltools/coremltools/converters/mil/mil/builder.py:181] Adding op '12' of type const
[20200630 16:33:24 INFO /Volumes/data/work/1duo-coremltools/coremltools/converters/mil/frontend/torch/ops.py:49] Converting op 24 : constant
[20200630 16:33:24 INFO /Volumes/data/work/1duo-coremltools/coremltools/converters/mil/mil/builder.py:181] Adding op '24' of type const
[20200630 16:33:24 INFO /Volumes/data/work/1duo-coremltools/coremltools/converters/mil/frontend/torch/ops.py:49] Converting op 16 : constant
[20200630 16:33:24 INFO /Volumes/data/work/1duo-coremltools/coremltools/converters/mil/mil/builder.py:181] Adding op '16' of type const
[20200630 16:33:24 INFO /Volumes/data/work/1duo-coremltools/coremltools/converters/mil/frontend/torch/ops.py:49] Converting op 17 : constant
[20200630 16:33:24 INFO /Volumes/data/work/1duo-coremltools/coremltools/converters/mil/mil/builder.py:181] Adding op '17' of type const
[20200630 16:33:24 INFO /Volumes/data/work/1duo-coremltools/coremltools/converters/mil/frontend/torch/ops.py:49] Converting op 18 : constant
[20200630 16:33:24 INFO /Volumes/data/work/1duo-coremltools/coremltools/converters/mil/mil/builder.py:181] Adding op '18' of type const
[20200630 16:33:24 INFO /Volumes/data/work/1duo-coremltools/coremltools/converters/mil/frontend/torch/ops.py:49] Converting op 19 : constant
[20200630 16:33:24 INFO /Volumes/data/work/1duo-coremltools/coremltools/converters/mil/mil/builder.py:181] Adding op '19' of type const
[20200630 16:33:24 INFO /Volumes/data/work/1duo-coremltools/coremltools/converters/mil/frontend/torch/ops.py:49] Converting op 20 : _convolution
[20200630 16:33:24 INFO /Volumes/data/work/1duo-coremltools/coremltools/converters/mil/mil/builder.py:181] Adding op '20' of type conv
[20200630 16:33:24 DEBUG /Volumes/data/work/1duo-coremltools/coremltools/converters/mil/mil/builder.py:93] Adding const op '20_pad_type_89'
[20200630 16:33:24 INFO /Volumes/data/work/1duo-coremltools/coremltools/converters/mil/mil/builder.py:181] Adding op '20_pad_type_89' of type const
[20200630 16:33:24 DEBUG /Volumes/data/work/1duo-coremltools/coremltools/converters/mil/mil/builder.py:93] Adding const op '20_pad_89'
[20200630 16:33:24 INFO /Volumes/data/work/1duo-coremltools/coremltools/converters/mil/mil/builder.py:181] Adding op '20_pad_89' of type const
[20200630 16:33:24 DEBUG /Volumes/data/work/1duo-coremltools/coremltools/converters/mil/mil/passes/common_pass.py:30] Program before common passes:
main(%input: (1, 1, 5, 7, fp32)) {
  block108() {
    %1: (3, 1, 3, 3, fp32)* = const(val=(file_value), name="1")
    %2: (3,fp32)* = const(val=[0.17616704106330872, 0.12841340899467468, 0.29411545395851135], name="2")
    %21: (2,i32)* = const(val=[1, 1], name="21")
    %22: (2,i32)* = const(val=[1, 1], name="22")
    %23: (2,i32)* = const(val=[3, 3], name="23")
    %12: (bool)* = const(val=False, name="12")
    %24: (2,i32)* = const(val=[0, 0], name="24")
    %16: (i32)* = const(val=1, name="16")
    %17: (bool)* = const(val=False, name="17")
    %18: (bool)* = const(val=False, name="18")
    %19: (bool)* = const(val=True, name="19")
    %20_pad_type_89: (str)* = const(val="custom", name="20_pad_type_89")
    %20_pad_89: (4,i32)* = const(val=[1, 1, 1, 1], name="20_pad_89")
    %20: (1, 3, 1, 3, fp32) = conv(x=%input, weight=%1, bias=%2, strides=%21, pad_type=%20_pad_type_89, pad=%20_pad_89, dilations=%23, groups=%16, name="20")
  } -> (%20)
}

[20200630 16:33:24 INFO /Volumes/data/work/1duo-coremltools/coremltools/converters/mil/mil/passes/common_pass.py:34] Performing pass: "common::const_elimination"
[20200630 16:33:24 INFO /Volumes/data/work/1duo-coremltools/coremltools/converters/mil/mil/passes/common_pass.py:34] Performing pass: "common::divide_to_multiply"
[20200630 16:33:24 INFO /Volumes/data/work/1duo-coremltools/coremltools/converters/mil/mil/passes/common_pass.py:34] Performing pass: "common::fuse_matmul_weight_bias"
[20200630 16:33:24 INFO /Volumes/data/work/1duo-coremltools/coremltools/converters/mil/mil/passes/common_pass.py:34] Performing pass: "common::const_elimination"
[20200630 16:33:24 INFO /Volumes/data/work/1duo-coremltools/coremltools/converters/mil/mil/passes/common_pass.py:34] Performing pass: "common::loop_invariant_elimination"
[20200630 16:33:24 INFO /Volumes/data/work/1duo-coremltools/coremltools/converters/mil/mil/passes/common_pass.py:34] Performing pass: "common::remove_symbolic_reshape"
[20200630 16:33:24 INFO /Volumes/data/work/1duo-coremltools/coremltools/converters/mil/mil/passes/remove_symbolic_reshape.py:104] remove_symbolic_reshape: changed 0 reshapes.
[20200630 16:33:24 INFO /Volumes/data/work/1duo-coremltools/coremltools/converters/mil/mil/passes/common_pass.py:34] Performing pass: "common::fuse_gelu_tanh_approximation"
[20200630 16:33:24 INFO /Volumes/data/work/1duo-coremltools/coremltools/converters/mil/mil/passes/common_pass.py:34] Performing pass: "common::reduce_transposes"
[20200630 16:33:24 DEBUG /Volumes/data/work/1duo-coremltools/coremltools/converters/mil/mil/passes/reduce_transposes.py:989] Block before optimize transpose transform:
function(%input: (1, 1, 5, 7, fp32)) {
  block108() {
    %1: (3, 1, 3, 3, fp32)* = const(val=(file_value), name="1")
    %2: (3,fp32)* = const(val=[0.17616704106330872, 0.12841340899467468, 0.29411545395851135], name="2")
    %21: (2,i32)* = const(val=[1, 1], name="21")
    %22: (2,i32)* = const(val=[1, 1], name="22")
    %23: (2,i32)* = const(val=[3, 3], name="23")
    %12: (bool)* = const(val=False, name="12")
    %24: (2,i32)* = const(val=[0, 0], name="24")
    %16: (i32)* = const(val=1, name="16")
    %17: (bool)* = const(val=False, name="17")
    %18: (bool)* = const(val=False, name="18")
    %19: (bool)* = const(val=True, name="19")
    %20_pad_type_89: (str)* = const(val="custom", name="20_pad_type_89")
    %20_pad_89: (4,i32)* = const(val=[1, 1, 1, 1], name="20_pad_89")
    %20: (1, 3, 1, 3, fp32) = conv(x=%input, weight=%1, bias=%2, strides=%21, pad_type=%20_pad_type_89, pad=%20_pad_89, dilations=%23, groups=%16, name="20")
  } -> (%20)
}

[20200630 16:33:24 DEBUG /Volumes/data/work/1duo-coremltools/coremltools/converters/mil/mil/passes/reduce_transposes.py:1024] Block after optimize transpose transform:
function(%input: (1, 1, 5, 7, fp32)) {
  block108() {
    %1: (3, 1, 3, 3, fp32)* = const(val=(file_value), name="1")
    %2: (3,fp32)* = const(val=[0.17616704106330872, 0.12841340899467468, 0.29411545395851135], name="2")
    %21: (2,i32)* = const(val=[1, 1], name="21")
    %22: (2,i32)* = const(val=[1, 1], name="22")
    %23: (2,i32)* = const(val=[3, 3], name="23")
    %12: (bool)* = const(val=False, name="12")
    %24: (2,i32)* = const(val=[0, 0], name="24")
    %16: (i32)* = const(val=1, name="16")
    %17: (bool)* = const(val=False, name="17")
    %18: (bool)* = const(val=False, name="18")
    %19: (bool)* = const(val=True, name="19")
    %20_pad_type_89: (str)* = const(val="custom", name="20_pad_type_89")
    %20_pad_89: (4,i32)* = const(val=[1, 1, 1, 1], name="20_pad_89")
    %20: (1, 3, 1, 3, fp32) = conv(x=%input, weight=%1, bias=%2, strides=%21, pad_type=%20_pad_type_89, pad=%20_pad_89, dilations=%23, groups=%16, name="20")
  } -> (%20)
}

[20200630 16:33:24 INFO /Volumes/data/work/1duo-coremltools/coremltools/converters/mil/mil/passes/common_pass.py:34] Performing pass: "common::fuse_bias_conv"
[20200630 16:33:24 INFO /Volumes/data/work/1duo-coremltools/coremltools/converters/mil/mil/passes/common_pass.py:34] Performing pass: "common::fuse_elementwise_to_batchnorm"
[20200630 16:33:24 INFO /Volumes/data/work/1duo-coremltools/coremltools/converters/mil/mil/passes/common_pass.py:34] Performing pass: "common::fuse_onehot_matmul_to_gather"
[20200630 16:33:24 INFO /Volumes/data/work/1duo-coremltools/coremltools/converters/mil/mil/passes/common_pass.py:34] Performing pass: "common::fuse_layernorm_or_instancenorm"
[20200630 16:33:24 INFO /Volumes/data/work/1duo-coremltools/coremltools/converters/mil/mil/passes/common_pass.py:34] Performing pass: "common::dead_code_elimination"
[20200630 16:33:24 INFO /Volumes/data/work/1duo-coremltools/coremltools/converters/mil/mil/passes/dead_code_elimination.py:35] Removing op "19" (type: const)
[20200630 16:33:24 INFO /Volumes/data/work/1duo-coremltools/coremltools/converters/mil/mil/passes/dead_code_elimination.py:35] Removing op "18" (type: const)
[20200630 16:33:24 INFO /Volumes/data/work/1duo-coremltools/coremltools/converters/mil/mil/passes/dead_code_elimination.py:35] Removing op "17" (type: const)
[20200630 16:33:24 INFO /Volumes/data/work/1duo-coremltools/coremltools/converters/mil/mil/passes/dead_code_elimination.py:35] Removing op "24" (type: const)
[20200630 16:33:24 INFO /Volumes/data/work/1duo-coremltools/coremltools/converters/mil/mil/passes/dead_code_elimination.py:35] Removing op "12" (type: const)
[20200630 16:33:24 INFO /Volumes/data/work/1duo-coremltools/coremltools/converters/mil/mil/passes/dead_code_elimination.py:35] Removing op "22" (type: const)
[20200630 16:33:24 DEBUG /Volumes/data/work/1duo-coremltools/coremltools/converters/mil/mil/passes/common_pass.py:38] Program after common passes:
main(%input: (1, 1, 5, 7, fp32)) {
  block108() {
    %1: (3, 1, 3, 3, fp32)* = const(val=(file_value), name="1")
    %2: (3,fp32)* = const(val=[0.17616704106330872, 0.12841340899467468, 0.29411545395851135], name="2")
    %21: (2,i32)* = const(val=[1, 1], name="21")
    %23: (2,i32)* = const(val=[3, 3], name="23")
    %16: (i32)* = const(val=1, name="16")
    %20_pad_type_89: (str)* = const(val="custom", name="20_pad_type_89")
    %20_pad_89: (4,i32)* = const(val=[1, 1, 1, 1], name="20_pad_89")
    %20: (1, 3, 1, 3, fp32) = conv(x=%input, weight=%1, bias=%2, strides=%21, pad_type=%20_pad_type_89, pad=%20_pad_89, dilations=%23, groups=%16, name="20")
  } -> (%20)
}

[20200630 16:33:24 INFO /Volumes/data/work/1duo-coremltools/coremltools/converters/mil/backend/nn/passes/nn_passes.py:22] Performing passes for nn_backend: "nn_backend::commingle_loop_vars"
[20200630 16:33:24 INFO /Volumes/data/work/1duo-coremltools/coremltools/converters/mil/backend/nn/passes/nn_passes.py:22] Performing passes for nn_backend: "nn_backend::handle_return_inputs_as_outputs"
[20200630 16:33:24 INFO /Volumes/data/work/1duo-coremltools/coremltools/converters/mil/backend/nn/passes/nn_passes.py:22] Performing passes for nn_backend: "common::const_elimination"
[20200630 16:33:24 INFO /Volumes/data/work/1duo-coremltools/coremltools/converters/mil/backend/nn/passes/nn_passes.py:22] Performing passes for nn_backend: "common::dead_code_elimination"
[20200630 16:33:24 INFO /Volumes/data/work/1duo-coremltools/coremltools/converters/mil/backend/nn/passes/nn_passes.py:22] Performing passes for nn_backend: "nn_backend::handle_unused_inputs"
[20200630 16:33:24 INFO /Volumes/data/work/1duo-coremltools/coremltools/converters/mil/backend/nn/passes/nn_passes.py:22] Performing passes for nn_backend: "nn_backend::alert_return_type_cast"
[20200630 16:33:24 DEBUG /Volumes/data/work/1duo-coremltools/coremltools/converters/mil/backend/nn/passes/nn_passes.py:26] Program after nn backend passes:
main(%input: (1, 1, 5, 7, fp32)) {
  block108() {
    %1: (3, 1, 3, 3, fp32)* = const(val=(file_value), name="1")
    %2: (3,fp32)* = const(val=[0.17616704106330872, 0.12841340899467468, 0.29411545395851135], name="2")
    %21: (2,i32)* = const(val=[1, 1], name="21")
    %23: (2,i32)* = const(val=[3, 3], name="23")
    %16: (i32)* = const(val=1, name="16")
    %20_pad_type_89: (str)* = const(val="custom", name="20_pad_type_89")
    %20_pad_89: (4,i32)* = const(val=[1, 1, 1, 1], name="20_pad_89")
    %20: (1, 3, 1, 3, fp32) = conv(x=%input, weight=%1, bias=%2, strides=%21, pad_type=%20_pad_type_89, pad=%20_pad_89, dilations=%23, groups=%16, name="20")
  } -> (%20)
}

[20200630 16:33:24 INFO /Volumes/data/work/1duo-coremltools/coremltools/converters/mil/frontend/torch/converter.py:269] Converting graph.
[20200630 16:33:24 INFO /Volumes/data/work/1duo-coremltools/coremltools/converters/mil/mil/builder.py:181] Adding op '1' of type const
[20200630 16:33:24 INFO /Volumes/data/work/1duo-coremltools/coremltools/converters/mil/mil/builder.py:181] Adding op '2' of type const
[20200630 16:33:24 INFO /Volumes/data/work/1duo-coremltools/coremltools/converters/mil/frontend/torch/ops.py:49] Converting op 21 : constant
[20200630 16:33:24 INFO /Volumes/data/work/1duo-coremltools/coremltools/converters/mil/mil/builder.py:181] Adding op '21' of type const
[20200630 16:33:24 INFO /Volumes/data/work/1duo-coremltools/coremltools/converters/mil/frontend/torch/ops.py:49] Converting op 22 : constant
[20200630 16:33:24 INFO /Volumes/data/work/1duo-coremltools/coremltools/converters/mil/mil/builder.py:181] Adding op '22' of type const
[20200630 16:33:24 INFO /Volumes/data/work/1duo-coremltools/coremltools/converters/mil/frontend/torch/ops.py:49] Converting op 23 : constant
[20200630 16:33:24 INFO /Volumes/data/work/1duo-coremltools/coremltools/converters/mil/mil/builder.py:181] Adding op '23' of type const
[20200630 16:33:24 INFO /Volumes/data/work/1duo-coremltools/coremltools/converters/mil/frontend/torch/ops.py:49] Converting op 12 : constant
[20200630 16:33:24 INFO /Volumes/data/work/1duo-coremltools/coremltools/converters/mil/mil/builder.py:181] Adding op '12' of type const
[20200630 16:33:24 INFO /Volumes/data/work/1duo-coremltools/coremltools/converters/mil/frontend/torch/ops.py:49] Converting op 24 : constant
[20200630 16:33:24 INFO /Volumes/data/work/1duo-coremltools/coremltools/converters/mil/mil/builder.py:181] Adding op '24' of type const
[20200630 16:33:24 INFO /Volumes/data/work/1duo-coremltools/coremltools/converters/mil/frontend/torch/ops.py:49] Converting op 16 : constant
[20200630 16:33:24 INFO /Volumes/data/work/1duo-coremltools/coremltools/converters/mil/mil/builder.py:181] Adding op '16' of type const
[20200630 16:33:24 INFO /Volumes/data/work/1duo-coremltools/coremltools/converters/mil/frontend/torch/ops.py:49] Converting op 17 : constant
[20200630 16:33:24 INFO /Volumes/data/work/1duo-coremltools/coremltools/converters/mil/mil/builder.py:181] Adding op '17' of type const
[20200630 16:33:24 INFO /Volumes/data/work/1duo-coremltools/coremltools/converters/mil/frontend/torch/ops.py:49] Converting op 18 : constant
[20200630 16:33:24 INFO /Volumes/data/work/1duo-coremltools/coremltools/converters/mil/mil/builder.py:181] Adding op '18' of type const
[20200630 16:33:24 INFO /Volumes/data/work/1duo-coremltools/coremltools/converters/mil/frontend/torch/ops.py:49] Converting op 19 : constant
[20200630 16:33:24 INFO /Volumes/data/work/1duo-coremltools/coremltools/converters/mil/mil/builder.py:181] Adding op '19' of type const
[20200630 16:33:24 INFO /Volumes/data/work/1duo-coremltools/coremltools/converters/mil/frontend/torch/ops.py:49] Converting op 20 : _convolution
[20200630 16:33:24 INFO /Volumes/data/work/1duo-coremltools/coremltools/converters/mil/mil/builder.py:181] Adding op '20' of type conv
[20200630 16:33:24 DEBUG /Volumes/data/work/1duo-coremltools/coremltools/converters/mil/mil/builder.py:93] Adding const op '20_pad_type_90'
[20200630 16:33:24 INFO /Volumes/data/work/1duo-coremltools/coremltools/converters/mil/mil/builder.py:181] Adding op '20_pad_type_90' of type const
[20200630 16:33:24 DEBUG /Volumes/data/work/1duo-coremltools/coremltools/converters/mil/mil/builder.py:93] Adding const op '20_pad_90'
[20200630 16:33:24 INFO /Volumes/data/work/1duo-coremltools/coremltools/converters/mil/mil/builder.py:181] Adding op '20_pad_90' of type const
[20200630 16:33:24 DEBUG /Volumes/data/work/1duo-coremltools/coremltools/converters/mil/mil/passes/common_pass.py:30] Program before common passes:
main(%input: (1, 1, 5, 7, fp32)) {
  block109() {
    %1: (3, 1, 3, 3, fp32)* = const(val=(file_value), name="1")
    %2: (3,fp32)* = const(val=[-0.010255426168441772, -0.14616084098815918, 0.20841220021247864], name="2")
    %21: (2,i32)* = const(val=[1, 1], name="21")
    %22: (2,i32)* = const(val=[3, 3], name="22")
    %23: (2,i32)* = const(val=[1, 1], name="23")
    %12: (bool)* = const(val=False, name="12")
    %24: (2,i32)* = const(val=[0, 0], name="24")
    %16: (i32)* = const(val=1, name="16")
    %17: (bool)* = const(val=False, name="17")
    %18: (bool)* = const(val=False, name="18")
    %19: (bool)* = const(val=True, name="19")
    %20_pad_type_90: (str)* = const(val="custom", name="20_pad_type_90")
    %20_pad_90: (4,i32)* = const(val=[3, 3, 3, 3], name="20_pad_90")
    %20: (1, 3, 9, 11, fp32) = conv(x=%input, weight=%1, bias=%2, strides=%21, pad_type=%20_pad_type_90, pad=%20_pad_90, dilations=%23, groups=%16, name="20")
  } -> (%20)
}

[20200630 16:33:24 INFO /Volumes/data/work/1duo-coremltools/coremltools/converters/mil/mil/passes/common_pass.py:34] Performing pass: "common::const_elimination"
[20200630 16:33:24 INFO /Volumes/data/work/1duo-coremltools/coremltools/converters/mil/mil/passes/common_pass.py:34] Performing pass: "common::divide_to_multiply"
[20200630 16:33:24 INFO /Volumes/data/work/1duo-coremltools/coremltools/converters/mil/mil/passes/common_pass.py:34] Performing pass: "common::fuse_matmul_weight_bias"
[20200630 16:33:24 INFO /Volumes/data/work/1duo-coremltools/coremltools/converters/mil/mil/passes/common_pass.py:34] Performing pass: "common::const_elimination"
[20200630 16:33:24 INFO /Volumes/data/work/1duo-coremltools/coremltools/converters/mil/mil/passes/common_pass.py:34] Performing pass: "common::loop_invariant_elimination"
[20200630 16:33:24 INFO /Volumes/data/work/1duo-coremltools/coremltools/converters/mil/mil/passes/common_pass.py:34] Performing pass: "common::remove_symbolic_reshape"
[20200630 16:33:24 INFO /Volumes/data/work/1duo-coremltools/coremltools/converters/mil/mil/passes/remove_symbolic_reshape.py:104] remove_symbolic_reshape: changed 0 reshapes.
[20200630 16:33:24 INFO /Volumes/data/work/1duo-coremltools/coremltools/converters/mil/mil/passes/common_pass.py:34] Performing pass: "common::fuse_gelu_tanh_approximation"
[20200630 16:33:24 INFO /Volumes/data/work/1duo-coremltools/coremltools/converters/mil/mil/passes/common_pass.py:34] Performing pass: "common::reduce_transposes"
[20200630 16:33:24 DEBUG /Volumes/data/work/1duo-coremltools/coremltools/converters/mil/mil/passes/reduce_transposes.py:989] Block before optimize transpose transform:
function(%input: (1, 1, 5, 7, fp32)) {
  block109() {
    %1: (3, 1, 3, 3, fp32)* = const(val=(file_value), name="1")
    %2: (3,fp32)* = const(val=[-0.010255426168441772, -0.14616084098815918, 0.20841220021247864], name="2")
    %21: (2,i32)* = const(val=[1, 1], name="21")
    %22: (2,i32)* = const(val=[3, 3], name="22")
    %23: (2,i32)* = const(val=[1, 1], name="23")
    %12: (bool)* = const(val=False, name="12")
    %24: (2,i32)* = const(val=[0, 0], name="24")
    %16: (i32)* = const(val=1, name="16")
    %17: (bool)* = const(val=False, name="17")
    %18: (bool)* = const(val=False, name="18")
    %19: (bool)* = const(val=True, name="19")
    %20_pad_type_90: (str)* = const(val="custom", name="20_pad_type_90")
    %20_pad_90: (4,i32)* = const(val=[3, 3, 3, 3], name="20_pad_90")
    %20: (1, 3, 9, 11, fp32) = conv(x=%input, weight=%1, bias=%2, strides=%21, pad_type=%20_pad_type_90, pad=%20_pad_90, dilations=%23, groups=%16, name="20")
  } -> (%20)
}

[20200630 16:33:24 DEBUG /Volumes/data/work/1duo-coremltools/coremltools/converters/mil/mil/passes/reduce_transposes.py:1024] Block after optimize transpose transform:
function(%input: (1, 1, 5, 7, fp32)) {
  block109() {
    %1: (3, 1, 3, 3, fp32)* = const(val=(file_value), name="1")
    %2: (3,fp32)* = const(val=[-0.010255426168441772, -0.14616084098815918, 0.20841220021247864], name="2")
    %21: (2,i32)* = const(val=[1, 1], name="21")
    %22: (2,i32)* = const(val=[3, 3], name="22")
    %23: (2,i32)* = const(val=[1, 1], name="23")
    %12: (bool)* = const(val=False, name="12")
    %24: (2,i32)* = const(val=[0, 0], name="24")
    %16: (i32)* = const(val=1, name="16")
    %17: (bool)* = const(val=False, name="17")
    %18: (bool)* = const(val=False, name="18")
    %19: (bool)* = const(val=True, name="19")
    %20_pad_type_90: (str)* = const(val="custom", name="20_pad_type_90")
    %20_pad_90: (4,i32)* = const(val=[3, 3, 3, 3], name="20_pad_90")
    %20: (1, 3, 9, 11, fp32) = conv(x=%input, weight=%1, bias=%2, strides=%21, pad_type=%20_pad_type_90, pad=%20_pad_90, dilations=%23, groups=%16, name="20")
  } -> (%20)
}

[20200630 16:33:24 INFO /Volumes/data/work/1duo-coremltools/coremltools/converters/mil/mil/passes/common_pass.py:34] Performing pass: "common::fuse_bias_conv"
[20200630 16:33:24 INFO /Volumes/data/work/1duo-coremltools/coremltools/converters/mil/mil/passes/common_pass.py:34] Performing pass: "common::fuse_elementwise_to_batchnorm"
[20200630 16:33:24 INFO /Volumes/data/work/1duo-coremltools/coremltools/converters/mil/mil/passes/common_pass.py:34] Performing pass: "common::fuse_onehot_matmul_to_gather"
[20200630 16:33:24 INFO /Volumes/data/work/1duo-coremltools/coremltools/converters/mil/mil/passes/common_pass.py:34] Performing pass: "common::fuse_layernorm_or_instancenorm"
[20200630 16:33:24 INFO /Volumes/data/work/1duo-coremltools/coremltools/converters/mil/mil/passes/common_pass.py:34] Performing pass: "common::dead_code_elimination"
[20200630 16:33:24 INFO /Volumes/data/work/1duo-coremltools/coremltools/converters/mil/mil/passes/dead_code_elimination.py:35] Removing op "19" (type: const)
[20200630 16:33:24 INFO /Volumes/data/work/1duo-coremltools/coremltools/converters/mil/mil/passes/dead_code_elimination.py:35] Removing op "18" (type: const)
[20200630 16:33:24 INFO /Volumes/data/work/1duo-coremltools/coremltools/converters/mil/mil/passes/dead_code_elimination.py:35] Removing op "17" (type: const)
[20200630 16:33:24 INFO /Volumes/data/work/1duo-coremltools/coremltools/converters/mil/mil/passes/dead_code_elimination.py:35] Removing op "24" (type: const)
[20200630 16:33:24 INFO /Volumes/data/work/1duo-coremltools/coremltools/converters/mil/mil/passes/dead_code_elimination.py:35] Removing op "12" (type: const)
[20200630 16:33:24 INFO /Volumes/data/work/1duo-coremltools/coremltools/converters/mil/mil/passes/dead_code_elimination.py:35] Removing op "22" (type: const)
[20200630 16:33:24 DEBUG /Volumes/data/work/1duo-coremltools/coremltools/converters/mil/mil/passes/common_pass.py:38] Program after common passes:
main(%input: (1, 1, 5, 7, fp32)) {
  block109() {
    %1: (3, 1, 3, 3, fp32)* = const(val=(file_value), name="1")
    %2: (3,fp32)* = const(val=[-0.010255426168441772, -0.14616084098815918, 0.20841220021247864], name="2")
    %21: (2,i32)* = const(val=[1, 1], name="21")
    %23: (2,i32)* = const(val=[1, 1], name="23")
    %16: (i32)* = const(val=1, name="16")
    %20_pad_type_90: (str)* = const(val="custom", name="20_pad_type_90")
    %20_pad_90: (4,i32)* = const(val=[3, 3, 3, 3], name="20_pad_90")
    %20: (1, 3, 9, 11, fp32) = conv(x=%input, weight=%1, bias=%2, strides=%21, pad_type=%20_pad_type_90, pad=%20_pad_90, dilations=%23, groups=%16, name="20")
  } -> (%20)
}

[20200630 16:33:24 INFO /Volumes/data/work/1duo-coremltools/coremltools/converters/mil/backend/nn/passes/nn_passes.py:22] Performing passes for nn_backend: "nn_backend::commingle_loop_vars"
[20200630 16:33:24 INFO /Volumes/data/work/1duo-coremltools/coremltools/converters/mil/backend/nn/passes/nn_passes.py:22] Performing passes for nn_backend: "nn_backend::handle_return_inputs_as_outputs"
[20200630 16:33:24 INFO /Volumes/data/work/1duo-coremltools/coremltools/converters/mil/backend/nn/passes/nn_passes.py:22] Performing passes for nn_backend: "common::const_elimination"
[20200630 16:33:24 INFO /Volumes/data/work/1duo-coremltools/coremltools/converters/mil/backend/nn/passes/nn_passes.py:22] Performing passes for nn_backend: "common::dead_code_elimination"
[20200630 16:33:24 INFO /Volumes/data/work/1duo-coremltools/coremltools/converters/mil/backend/nn/passes/nn_passes.py:22] Performing passes for nn_backend: "nn_backend::handle_unused_inputs"
[20200630 16:33:24 INFO /Volumes/data/work/1duo-coremltools/coremltools/converters/mil/backend/nn/passes/nn_passes.py:22] Performing passes for nn_backend: "nn_backend::alert_return_type_cast"
[20200630 16:33:24 DEBUG /Volumes/data/work/1duo-coremltools/coremltools/converters/mil/backend/nn/passes/nn_passes.py:26] Program after nn backend passes:
main(%input: (1, 1, 5, 7, fp32)) {
  block109() {
    %1: (3, 1, 3, 3, fp32)* = const(val=(file_value), name="1")
    %2: (3,fp32)* = const(val=[-0.010255426168441772, -0.14616084098815918, 0.20841220021247864], name="2")
    %21: (2,i32)* = const(val=[1, 1], name="21")
    %23: (2,i32)* = const(val=[1, 1], name="23")
    %16: (i32)* = const(val=1, name="16")
    %20_pad_type_90: (str)* = const(val="custom", name="20_pad_type_90")
    %20_pad_90: (4,i32)* = const(val=[3, 3, 3, 3], name="20_pad_90")
    %20: (1, 3, 9, 11, fp32) = conv(x=%input, weight=%1, bias=%2, strides=%21, pad_type=%20_pad_type_90, pad=%20_pad_90, dilations=%23, groups=%16, name="20")
  } -> (%20)
}

[20200630 16:33:24 INFO /Volumes/data/work/1duo-coremltools/coremltools/converters/mil/frontend/torch/converter.py:269] Converting graph.
[20200630 16:33:24 INFO /Volumes/data/work/1duo-coremltools/coremltools/converters/mil/mil/builder.py:181] Adding op '1' of type const
[20200630 16:33:24 INFO /Volumes/data/work/1duo-coremltools/coremltools/converters/mil/mil/builder.py:181] Adding op '2' of type const
[20200630 16:33:24 INFO /Volumes/data/work/1duo-coremltools/coremltools/converters/mil/frontend/torch/ops.py:49] Converting op 21 : constant
[20200630 16:33:24 INFO /Volumes/data/work/1duo-coremltools/coremltools/converters/mil/mil/builder.py:181] Adding op '21' of type const
[20200630 16:33:24 INFO /Volumes/data/work/1duo-coremltools/coremltools/converters/mil/frontend/torch/ops.py:49] Converting op 22 : constant
[20200630 16:33:24 INFO /Volumes/data/work/1duo-coremltools/coremltools/converters/mil/mil/builder.py:181] Adding op '22' of type const
[20200630 16:33:24 INFO /Volumes/data/work/1duo-coremltools/coremltools/converters/mil/frontend/torch/ops.py:49] Converting op 23 : constant
[20200630 16:33:24 INFO /Volumes/data/work/1duo-coremltools/coremltools/converters/mil/mil/builder.py:181] Adding op '23' of type const
[20200630 16:33:24 INFO /Volumes/data/work/1duo-coremltools/coremltools/converters/mil/frontend/torch/ops.py:49] Converting op 12 : constant
[20200630 16:33:24 INFO /Volumes/data/work/1duo-coremltools/coremltools/converters/mil/mil/builder.py:181] Adding op '12' of type const
[20200630 16:33:24 INFO /Volumes/data/work/1duo-coremltools/coremltools/converters/mil/frontend/torch/ops.py:49] Converting op 24 : constant
[20200630 16:33:24 INFO /Volumes/data/work/1duo-coremltools/coremltools/converters/mil/mil/builder.py:181] Adding op '24' of type const
[20200630 16:33:24 INFO /Volumes/data/work/1duo-coremltools/coremltools/converters/mil/frontend/torch/ops.py:49] Converting op 16 : constant
[20200630 16:33:24 INFO /Volumes/data/work/1duo-coremltools/coremltools/converters/mil/mil/builder.py:181] Adding op '16' of type const
[20200630 16:33:24 INFO /Volumes/data/work/1duo-coremltools/coremltools/converters/mil/frontend/torch/ops.py:49] Converting op 17 : constant
[20200630 16:33:24 INFO /Volumes/data/work/1duo-coremltools/coremltools/converters/mil/mil/builder.py:181] Adding op '17' of type const
[20200630 16:33:24 INFO /Volumes/data/work/1duo-coremltools/coremltools/converters/mil/frontend/torch/ops.py:49] Converting op 18 : constant
[20200630 16:33:24 INFO /Volumes/data/work/1duo-coremltools/coremltools/converters/mil/mil/builder.py:181] Adding op '18' of type const
[20200630 16:33:24 INFO /Volumes/data/work/1duo-coremltools/coremltools/converters/mil/frontend/torch/ops.py:49] Converting op 19 : constant
[20200630 16:33:24 INFO /Volumes/data/work/1duo-coremltools/coremltools/converters/mil/mil/builder.py:181] Adding op '19' of type const
[20200630 16:33:24 INFO /Volumes/data/work/1duo-coremltools/coremltools/converters/mil/frontend/torch/ops.py:49] Converting op 20 : _convolution
[20200630 16:33:24 INFO /Volumes/data/work/1duo-coremltools/coremltools/converters/mil/mil/builder.py:181] Adding op '20' of type conv
[20200630 16:33:24 DEBUG /Volumes/data/work/1duo-coremltools/coremltools/converters/mil/mil/builder.py:93] Adding const op '20_pad_type_91'
[20200630 16:33:24 INFO /Volumes/data/work/1duo-coremltools/coremltools/converters/mil/mil/builder.py:181] Adding op '20_pad_type_91' of type const
[20200630 16:33:24 DEBUG /Volumes/data/work/1duo-coremltools/coremltools/converters/mil/mil/builder.py:93] Adding const op '20_pad_91'
[20200630 16:33:24 INFO /Volumes/data/work/1duo-coremltools/coremltools/converters/mil/mil/builder.py:181] Adding op '20_pad_91' of type const
[20200630 16:33:24 DEBUG /Volumes/data/work/1duo-coremltools/coremltools/converters/mil/mil/passes/common_pass.py:30] Program before common passes:
main(%input: (1, 1, 5, 7, fp32)) {
  block110() {
    %1: (3, 1, 3, 3, fp32)* = const(val=(file_value), name="1")
    %2: (3,fp32)* = const(val=[0.20367100834846497, -0.291909396648407, -0.2041286677122116], name="2")
    %21: (2,i32)* = const(val=[1, 1], name="21")
    %22: (2,i32)* = const(val=[3, 3], name="22")
    %23: (2,i32)* = const(val=[3, 3], name="23")
    %12: (bool)* = const(val=False, name="12")
    %24: (2,i32)* = const(val=[0, 0], name="24")
    %16: (i32)* = const(val=1, name="16")
    %17: (bool)* = const(val=False, name="17")
    %18: (bool)* = const(val=False, name="18")
    %19: (bool)* = const(val=True, name="19")
    %20_pad_type_91: (str)* = const(val="custom", name="20_pad_type_91")
    %20_pad_91: (4,i32)* = const(val=[3, 3, 3, 3], name="20_pad_91")
    %20: (1, 3, 5, 7, fp32) = conv(x=%input, weight=%1, bias=%2, strides=%21, pad_type=%20_pad_type_91, pad=%20_pad_91, dilations=%23, groups=%16, name="20")
  } -> (%20)
}

[20200630 16:33:24 INFO /Volumes/data/work/1duo-coremltools/coremltools/converters/mil/mil/passes/common_pass.py:34] Performing pass: "common::const_elimination"
[20200630 16:33:24 INFO /Volumes/data/work/1duo-coremltools/coremltools/converters/mil/mil/passes/common_pass.py:34] Performing pass: "common::divide_to_multiply"
[20200630 16:33:24 INFO /Volumes/data/work/1duo-coremltools/coremltools/converters/mil/mil/passes/common_pass.py:34] Performing pass: "common::fuse_matmul_weight_bias"
[20200630 16:33:24 INFO /Volumes/data/work/1duo-coremltools/coremltools/converters/mil/mil/passes/common_pass.py:34] Performing pass: "common::const_elimination"
[20200630 16:33:24 INFO /Volumes/data/work/1duo-coremltools/coremltools/converters/mil/mil/passes/common_pass.py:34] Performing pass: "common::loop_invariant_elimination"
[20200630 16:33:24 INFO /Volumes/data/work/1duo-coremltools/coremltools/converters/mil/mil/passes/common_pass.py:34] Performing pass: "common::remove_symbolic_reshape"
[20200630 16:33:24 INFO /Volumes/data/work/1duo-coremltools/coremltools/converters/mil/mil/passes/remove_symbolic_reshape.py:104] remove_symbolic_reshape: changed 0 reshapes.
[20200630 16:33:24 INFO /Volumes/data/work/1duo-coremltools/coremltools/converters/mil/mil/passes/common_pass.py:34] Performing pass: "common::fuse_gelu_tanh_approximation"
[20200630 16:33:24 INFO /Volumes/data/work/1duo-coremltools/coremltools/converters/mil/mil/passes/common_pass.py:34] Performing pass: "common::reduce_transposes"
[20200630 16:33:24 DEBUG /Volumes/data/work/1duo-coremltools/coremltools/converters/mil/mil/passes/reduce_transposes.py:989] Block before optimize transpose transform:
function(%input: (1, 1, 5, 7, fp32)) {
  block110() {
    %1: (3, 1, 3, 3, fp32)* = const(val=(file_value), name="1")
    %2: (3,fp32)* = const(val=[0.20367100834846497, -0.291909396648407, -0.2041286677122116], name="2")
    %21: (2,i32)* = const(val=[1, 1], name="21")
    %22: (2,i32)* = const(val=[3, 3], name="22")
    %23: (2,i32)* = const(val=[3, 3], name="23")
    %12: (bool)* = const(val=False, name="12")
    %24: (2,i32)* = const(val=[0, 0], name="24")
    %16: (i32)* = const(val=1, name="16")
    %17: (bool)* = const(val=False, name="17")
    %18: (bool)* = const(val=False, name="18")
    %19: (bool)* = const(val=True, name="19")
    %20_pad_type_91: (str)* = const(val="custom", name="20_pad_type_91")
    %20_pad_91: (4,i32)* = const(val=[3, 3, 3, 3], name="20_pad_91")
    %20: (1, 3, 5, 7, fp32) = conv(x=%input, weight=%1, bias=%2, strides=%21, pad_type=%20_pad_type_91, pad=%20_pad_91, dilations=%23, groups=%16, name="20")
  } -> (%20)
}

[20200630 16:33:24 DEBUG /Volumes/data/work/1duo-coremltools/coremltools/converters/mil/mil/passes/reduce_transposes.py:1024] Block after optimize transpose transform:
function(%input: (1, 1, 5, 7, fp32)) {
  block110() {
    %1: (3, 1, 3, 3, fp32)* = const(val=(file_value), name="1")
    %2: (3,fp32)* = const(val=[0.20367100834846497, -0.291909396648407, -0.2041286677122116], name="2")
    %21: (2,i32)* = const(val=[1, 1], name="21")
    %22: (2,i32)* = const(val=[3, 3], name="22")
    %23: (2,i32)* = const(val=[3, 3], name="23")
    %12: (bool)* = const(val=False, name="12")
    %24: (2,i32)* = const(val=[0, 0], name="24")
    %16: (i32)* = const(val=1, name="16")
    %17: (bool)* = const(val=False, name="17")
    %18: (bool)* = const(val=False, name="18")
    %19: (bool)* = const(val=True, name="19")
    %20_pad_type_91: (str)* = const(val="custom", name="20_pad_type_91")
    %20_pad_91: (4,i32)* = const(val=[3, 3, 3, 3], name="20_pad_91")
    %20: (1, 3, 5, 7, fp32) = conv(x=%input, weight=%1, bias=%2, strides=%21, pad_type=%20_pad_type_91, pad=%20_pad_91, dilations=%23, groups=%16, name="20")
  } -> (%20)
}

[20200630 16:33:24 INFO /Volumes/data/work/1duo-coremltools/coremltools/converters/mil/mil/passes/common_pass.py:34] Performing pass: "common::fuse_bias_conv"
[20200630 16:33:24 INFO /Volumes/data/work/1duo-coremltools/coremltools/converters/mil/mil/passes/common_pass.py:34] Performing pass: "common::fuse_elementwise_to_batchnorm"
[20200630 16:33:24 INFO /Volumes/data/work/1duo-coremltools/coremltools/converters/mil/mil/passes/common_pass.py:34] Performing pass: "common::fuse_onehot_matmul_to_gather"
[20200630 16:33:24 INFO /Volumes/data/work/1duo-coremltools/coremltools/converters/mil/mil/passes/common_pass.py:34] Performing pass: "common::fuse_layernorm_or_instancenorm"
[20200630 16:33:24 INFO /Volumes/data/work/1duo-coremltools/coremltools/converters/mil/mil/passes/common_pass.py:34] Performing pass: "common::dead_code_elimination"
[20200630 16:33:24 INFO /Volumes/data/work/1duo-coremltools/coremltools/converters/mil/mil/passes/dead_code_elimination.py:35] Removing op "19" (type: const)
[20200630 16:33:24 INFO /Volumes/data/work/1duo-coremltools/coremltools/converters/mil/mil/passes/dead_code_elimination.py:35] Removing op "18" (type: const)
[20200630 16:33:24 INFO /Volumes/data/work/1duo-coremltools/coremltools/converters/mil/mil/passes/dead_code_elimination.py:35] Removing op "17" (type: const)
[20200630 16:33:24 INFO /Volumes/data/work/1duo-coremltools/coremltools/converters/mil/mil/passes/dead_code_elimination.py:35] Removing op "24" (type: const)
[20200630 16:33:24 INFO /Volumes/data/work/1duo-coremltools/coremltools/converters/mil/mil/passes/dead_code_elimination.py:35] Removing op "12" (type: const)
[20200630 16:33:24 INFO /Volumes/data/work/1duo-coremltools/coremltools/converters/mil/mil/passes/dead_code_elimination.py:35] Removing op "22" (type: const)
[20200630 16:33:24 DEBUG /Volumes/data/work/1duo-coremltools/coremltools/converters/mil/mil/passes/common_pass.py:38] Program after common passes:
main(%input: (1, 1, 5, 7, fp32)) {
  block110() {
    %1: (3, 1, 3, 3, fp32)* = const(val=(file_value), name="1")
    %2: (3,fp32)* = const(val=[0.20367100834846497, -0.291909396648407, -0.2041286677122116], name="2")
    %21: (2,i32)* = const(val=[1, 1], name="21")
    %23: (2,i32)* = const(val=[3, 3], name="23")
    %16: (i32)* = const(val=1, name="16")
    %20_pad_type_91: (str)* = const(val="custom", name="20_pad_type_91")
    %20_pad_91: (4,i32)* = const(val=[3, 3, 3, 3], name="20_pad_91")
    %20: (1, 3, 5, 7, fp32) = conv(x=%input, weight=%1, bias=%2, strides=%21, pad_type=%20_pad_type_91, pad=%20_pad_91, dilations=%23, groups=%16, name="20")
  } -> (%20)
}

[20200630 16:33:24 INFO /Volumes/data/work/1duo-coremltools/coremltools/converters/mil/backend/nn/passes/nn_passes.py:22] Performing passes for nn_backend: "nn_backend::commingle_loop_vars"
[20200630 16:33:24 INFO /Volumes/data/work/1duo-coremltools/coremltools/converters/mil/backend/nn/passes/nn_passes.py:22] Performing passes for nn_backend: "nn_backend::handle_return_inputs_as_outputs"
[20200630 16:33:24 INFO /Volumes/data/work/1duo-coremltools/coremltools/converters/mil/backend/nn/passes/nn_passes.py:22] Performing passes for nn_backend: "common::const_elimination"
[20200630 16:33:24 INFO /Volumes/data/work/1duo-coremltools/coremltools/converters/mil/backend/nn/passes/nn_passes.py:22] Performing passes for nn_backend: "common::dead_code_elimination"
[20200630 16:33:24 INFO /Volumes/data/work/1duo-coremltools/coremltools/converters/mil/backend/nn/passes/nn_passes.py:22] Performing passes for nn_backend: "nn_backend::handle_unused_inputs"
[20200630 16:33:24 INFO /Volumes/data/work/1duo-coremltools/coremltools/converters/mil/backend/nn/passes/nn_passes.py:22] Performing passes for nn_backend: "nn_backend::alert_return_type_cast"
[20200630 16:33:24 DEBUG /Volumes/data/work/1duo-coremltools/coremltools/converters/mil/backend/nn/passes/nn_passes.py:26] Program after nn backend passes:
main(%input: (1, 1, 5, 7, fp32)) {
  block110() {
    %1: (3, 1, 3, 3, fp32)* = const(val=(file_value), name="1")
    %2: (3,fp32)* = const(val=[0.20367100834846497, -0.291909396648407, -0.2041286677122116], name="2")
    %21: (2,i32)* = const(val=[1, 1], name="21")
    %23: (2,i32)* = const(val=[3, 3], name="23")
    %16: (i32)* = const(val=1, name="16")
    %20_pad_type_91: (str)* = const(val="custom", name="20_pad_type_91")
    %20_pad_91: (4,i32)* = const(val=[3, 3, 3, 3], name="20_pad_91")
    %20: (1, 3, 5, 7, fp32) = conv(x=%input, weight=%1, bias=%2, strides=%21, pad_type=%20_pad_type_91, pad=%20_pad_91, dilations=%23, groups=%16, name="20")
  } -> (%20)
}

[20200630 16:33:24 INFO /Volumes/data/work/1duo-coremltools/coremltools/converters/mil/frontend/torch/converter.py:269] Converting graph.
[20200630 16:33:24 INFO /Volumes/data/work/1duo-coremltools/coremltools/converters/mil/mil/builder.py:181] Adding op '1' of type const
[20200630 16:33:24 INFO /Volumes/data/work/1duo-coremltools/coremltools/converters/mil/mil/builder.py:181] Adding op '2' of type const
[20200630 16:33:24 INFO /Volumes/data/work/1duo-coremltools/coremltools/converters/mil/frontend/torch/ops.py:49] Converting op 21 : constant
[20200630 16:33:24 INFO /Volumes/data/work/1duo-coremltools/coremltools/converters/mil/mil/builder.py:181] Adding op '21' of type const
[20200630 16:33:24 INFO /Volumes/data/work/1duo-coremltools/coremltools/converters/mil/frontend/torch/ops.py:49] Converting op 22 : constant
[20200630 16:33:24 INFO /Volumes/data/work/1duo-coremltools/coremltools/converters/mil/mil/builder.py:181] Adding op '22' of type const
[20200630 16:33:24 INFO /Volumes/data/work/1duo-coremltools/coremltools/converters/mil/frontend/torch/ops.py:49] Converting op 23 : constant
[20200630 16:33:24 INFO /Volumes/data/work/1duo-coremltools/coremltools/converters/mil/mil/builder.py:181] Adding op '23' of type const
[20200630 16:33:24 INFO /Volumes/data/work/1duo-coremltools/coremltools/converters/mil/frontend/torch/ops.py:49] Converting op 12 : constant
[20200630 16:33:24 INFO /Volumes/data/work/1duo-coremltools/coremltools/converters/mil/mil/builder.py:181] Adding op '12' of type const
[20200630 16:33:24 INFO /Volumes/data/work/1duo-coremltools/coremltools/converters/mil/frontend/torch/ops.py:49] Converting op 24 : constant
[20200630 16:33:24 INFO /Volumes/data/work/1duo-coremltools/coremltools/converters/mil/mil/builder.py:181] Adding op '24' of type const
[20200630 16:33:24 INFO /Volumes/data/work/1duo-coremltools/coremltools/converters/mil/frontend/torch/ops.py:49] Converting op 16 : constant
[20200630 16:33:24 INFO /Volumes/data/work/1duo-coremltools/coremltools/converters/mil/mil/builder.py:181] Adding op '16' of type const
[20200630 16:33:24 INFO /Volumes/data/work/1duo-coremltools/coremltools/converters/mil/frontend/torch/ops.py:49] Converting op 17 : constant
[20200630 16:33:24 INFO /Volumes/data/work/1duo-coremltools/coremltools/converters/mil/mil/builder.py:181] Adding op '17' of type const
[20200630 16:33:24 INFO /Volumes/data/work/1duo-coremltools/coremltools/converters/mil/frontend/torch/ops.py:49] Converting op 18 : constant
[20200630 16:33:24 INFO /Volumes/data/work/1duo-coremltools/coremltools/converters/mil/mil/builder.py:181] Adding op '18' of type const
[20200630 16:33:24 INFO /Volumes/data/work/1duo-coremltools/coremltools/converters/mil/frontend/torch/ops.py:49] Converting op 19 : constant
[20200630 16:33:24 INFO /Volumes/data/work/1duo-coremltools/coremltools/converters/mil/mil/builder.py:181] Adding op '19' of type const
[20200630 16:33:24 INFO /Volumes/data/work/1duo-coremltools/coremltools/converters/mil/frontend/torch/ops.py:49] Converting op 20 : _convolution
[20200630 16:33:24 INFO /Volumes/data/work/1duo-coremltools/coremltools/converters/mil/mil/builder.py:181] Adding op '20' of type conv
[20200630 16:33:24 DEBUG /Volumes/data/work/1duo-coremltools/coremltools/converters/mil/mil/builder.py:93] Adding const op '20_pad_type_92'
[20200630 16:33:24 INFO /Volumes/data/work/1duo-coremltools/coremltools/converters/mil/mil/builder.py:181] Adding op '20_pad_type_92' of type const
[20200630 16:33:24 DEBUG /Volumes/data/work/1duo-coremltools/coremltools/converters/mil/mil/builder.py:93] Adding const op '20_pad_92'
[20200630 16:33:24 INFO /Volumes/data/work/1duo-coremltools/coremltools/converters/mil/mil/builder.py:181] Adding op '20_pad_92' of type const
[20200630 16:33:24 DEBUG /Volumes/data/work/1duo-coremltools/coremltools/converters/mil/mil/passes/common_pass.py:30] Program before common passes:
main(%input: (1, 1, 5, 7, fp32)) {
  block111() {
    %1: (3, 1, 3, 3, fp32)* = const(val=(file_value), name="1")
    %2: (3,fp32)* = const(val=[-0.15610897541046143, 0.2579040825366974, -0.09691667556762695], name="2")
    %21: (2,i32)* = const(val=[3, 3], name="21")
    %22: (2,i32)* = const(val=[1, 1], name="22")
    %23: (2,i32)* = const(val=[1, 1], name="23")
    %12: (bool)* = const(val=False, name="12")
    %24: (2,i32)* = const(val=[0, 0], name="24")
    %16: (i32)* = const(val=1, name="16")
    %17: (bool)* = const(val=False, name="17")
    %18: (bool)* = const(val=False, name="18")
    %19: (bool)* = const(val=True, name="19")
    %20_pad_type_92: (str)* = const(val="custom", name="20_pad_type_92")
    %20_pad_92: (4,i32)* = const(val=[1, 1, 1, 1], name="20_pad_92")
    %20: (1, 3, 2, 3, fp32) = conv(x=%input, weight=%1, bias=%2, strides=%21, pad_type=%20_pad_type_92, pad=%20_pad_92, dilations=%23, groups=%16, name="20")
  } -> (%20)
}

[20200630 16:33:24 INFO /Volumes/data/work/1duo-coremltools/coremltools/converters/mil/mil/passes/common_pass.py:34] Performing pass: "common::const_elimination"
[20200630 16:33:24 INFO /Volumes/data/work/1duo-coremltools/coremltools/converters/mil/mil/passes/common_pass.py:34] Performing pass: "common::divide_to_multiply"
[20200630 16:33:24 INFO /Volumes/data/work/1duo-coremltools/coremltools/converters/mil/mil/passes/common_pass.py:34] Performing pass: "common::fuse_matmul_weight_bias"
[20200630 16:33:24 INFO /Volumes/data/work/1duo-coremltools/coremltools/converters/mil/mil/passes/common_pass.py:34] Performing pass: "common::const_elimination"
[20200630 16:33:24 INFO /Volumes/data/work/1duo-coremltools/coremltools/converters/mil/mil/passes/common_pass.py:34] Performing pass: "common::loop_invariant_elimination"
[20200630 16:33:24 INFO /Volumes/data/work/1duo-coremltools/coremltools/converters/mil/mil/passes/common_pass.py:34] Performing pass: "common::remove_symbolic_reshape"
[20200630 16:33:24 INFO /Volumes/data/work/1duo-coremltools/coremltools/converters/mil/mil/passes/remove_symbolic_reshape.py:104] remove_symbolic_reshape: changed 0 reshapes.
[20200630 16:33:24 INFO /Volumes/data/work/1duo-coremltools/coremltools/converters/mil/mil/passes/common_pass.py:34] Performing pass: "common::fuse_gelu_tanh_approximation"
[20200630 16:33:24 INFO /Volumes/data/work/1duo-coremltools/coremltools/converters/mil/mil/passes/common_pass.py:34] Performing pass: "common::reduce_transposes"
[20200630 16:33:24 DEBUG /Volumes/data/work/1duo-coremltools/coremltools/converters/mil/mil/passes/reduce_transposes.py:989] Block before optimize transpose transform:
function(%input: (1, 1, 5, 7, fp32)) {
  block111() {
    %1: (3, 1, 3, 3, fp32)* = const(val=(file_value), name="1")
    %2: (3,fp32)* = const(val=[-0.15610897541046143, 0.2579040825366974, -0.09691667556762695], name="2")
    %21: (2,i32)* = const(val=[3, 3], name="21")
    %22: (2,i32)* = const(val=[1, 1], name="22")
    %23: (2,i32)* = const(val=[1, 1], name="23")
    %12: (bool)* = const(val=False, name="12")
    %24: (2,i32)* = const(val=[0, 0], name="24")
    %16: (i32)* = const(val=1, name="16")
    %17: (bool)* = const(val=False, name="17")
    %18: (bool)* = const(val=False, name="18")
    %19: (bool)* = const(val=True, name="19")
    %20_pad_type_92: (str)* = const(val="custom", name="20_pad_type_92")
    %20_pad_92: (4,i32)* = const(val=[1, 1, 1, 1], name="20_pad_92")
    %20: (1, 3, 2, 3, fp32) = conv(x=%input, weight=%1, bias=%2, strides=%21, pad_type=%20_pad_type_92, pad=%20_pad_92, dilations=%23, groups=%16, name="20")
  } -> (%20)
}

[20200630 16:33:24 DEBUG /Volumes/data/work/1duo-coremltools/coremltools/converters/mil/mil/passes/reduce_transposes.py:1024] Block after optimize transpose transform:
function(%input: (1, 1, 5, 7, fp32)) {
  block111() {
    %1: (3, 1, 3, 3, fp32)* = const(val=(file_value), name="1")
    %2: (3,fp32)* = const(val=[-0.15610897541046143, 0.2579040825366974, -0.09691667556762695], name="2")
    %21: (2,i32)* = const(val=[3, 3], name="21")
    %22: (2,i32)* = const(val=[1, 1], name="22")
    %23: (2,i32)* = const(val=[1, 1], name="23")
    %12: (bool)* = const(val=False, name="12")
    %24: (2,i32)* = const(val=[0, 0], name="24")
    %16: (i32)* = const(val=1, name="16")
    %17: (bool)* = const(val=False, name="17")
    %18: (bool)* = const(val=False, name="18")
    %19: (bool)* = const(val=True, name="19")
    %20_pad_type_92: (str)* = const(val="custom", name="20_pad_type_92")
    %20_pad_92: (4,i32)* = const(val=[1, 1, 1, 1], name="20_pad_92")
    %20: (1, 3, 2, 3, fp32) = conv(x=%input, weight=%1, bias=%2, strides=%21, pad_type=%20_pad_type_92, pad=%20_pad_92, dilations=%23, groups=%16, name="20")
  } -> (%20)
}

[20200630 16:33:24 INFO /Volumes/data/work/1duo-coremltools/coremltools/converters/mil/mil/passes/common_pass.py:34] Performing pass: "common::fuse_bias_conv"
[20200630 16:33:24 INFO /Volumes/data/work/1duo-coremltools/coremltools/converters/mil/mil/passes/common_pass.py:34] Performing pass: "common::fuse_elementwise_to_batchnorm"
[20200630 16:33:24 INFO /Volumes/data/work/1duo-coremltools/coremltools/converters/mil/mil/passes/common_pass.py:34] Performing pass: "common::fuse_onehot_matmul_to_gather"
[20200630 16:33:24 INFO /Volumes/data/work/1duo-coremltools/coremltools/converters/mil/mil/passes/common_pass.py:34] Performing pass: "common::fuse_layernorm_or_instancenorm"
[20200630 16:33:24 INFO /Volumes/data/work/1duo-coremltools/coremltools/converters/mil/mil/passes/common_pass.py:34] Performing pass: "common::dead_code_elimination"
[20200630 16:33:24 INFO /Volumes/data/work/1duo-coremltools/coremltools/converters/mil/mil/passes/dead_code_elimination.py:35] Removing op "19" (type: const)
[20200630 16:33:24 INFO /Volumes/data/work/1duo-coremltools/coremltools/converters/mil/mil/passes/dead_code_elimination.py:35] Removing op "18" (type: const)
[20200630 16:33:24 INFO /Volumes/data/work/1duo-coremltools/coremltools/converters/mil/mil/passes/dead_code_elimination.py:35] Removing op "17" (type: const)
[20200630 16:33:24 INFO /Volumes/data/work/1duo-coremltools/coremltools/converters/mil/mil/passes/dead_code_elimination.py:35] Removing op "24" (type: const)
[20200630 16:33:24 INFO /Volumes/data/work/1duo-coremltools/coremltools/converters/mil/mil/passes/dead_code_elimination.py:35] Removing op "12" (type: const)
[20200630 16:33:24 INFO /Volumes/data/work/1duo-coremltools/coremltools/converters/mil/mil/passes/dead_code_elimination.py:35] Removing op "22" (type: const)
[20200630 16:33:24 DEBUG /Volumes/data/work/1duo-coremltools/coremltools/converters/mil/mil/passes/common_pass.py:38] Program after common passes:
main(%input: (1, 1, 5, 7, fp32)) {
  block111() {
    %1: (3, 1, 3, 3, fp32)* = const(val=(file_value), name="1")
    %2: (3,fp32)* = const(val=[-0.15610897541046143, 0.2579040825366974, -0.09691667556762695], name="2")
    %21: (2,i32)* = const(val=[3, 3], name="21")
    %23: (2,i32)* = const(val=[1, 1], name="23")
    %16: (i32)* = const(val=1, name="16")
    %20_pad_type_92: (str)* = const(val="custom", name="20_pad_type_92")
    %20_pad_92: (4,i32)* = const(val=[1, 1, 1, 1], name="20_pad_92")
    %20: (1, 3, 2, 3, fp32) = conv(x=%input, weight=%1, bias=%2, strides=%21, pad_type=%20_pad_type_92, pad=%20_pad_92, dilations=%23, groups=%16, name="20")
  } -> (%20)
}

[20200630 16:33:24 INFO /Volumes/data/work/1duo-coremltools/coremltools/converters/mil/backend/nn/passes/nn_passes.py:22] Performing passes for nn_backend: "nn_backend::commingle_loop_vars"
[20200630 16:33:24 INFO /Volumes/data/work/1duo-coremltools/coremltools/converters/mil/backend/nn/passes/nn_passes.py:22] Performing passes for nn_backend: "nn_backend::handle_return_inputs_as_outputs"
[20200630 16:33:24 INFO /Volumes/data/work/1duo-coremltools/coremltools/converters/mil/backend/nn/passes/nn_passes.py:22] Performing passes for nn_backend: "common::const_elimination"
[20200630 16:33:24 INFO /Volumes/data/work/1duo-coremltools/coremltools/converters/mil/backend/nn/passes/nn_passes.py:22] Performing passes for nn_backend: "common::dead_code_elimination"
[20200630 16:33:24 INFO /Volumes/data/work/1duo-coremltools/coremltools/converters/mil/backend/nn/passes/nn_passes.py:22] Performing passes for nn_backend: "nn_backend::handle_unused_inputs"
[20200630 16:33:24 INFO /Volumes/data/work/1duo-coremltools/coremltools/converters/mil/backend/nn/passes/nn_passes.py:22] Performing passes for nn_backend: "nn_backend::alert_return_type_cast"
[20200630 16:33:24 DEBUG /Volumes/data/work/1duo-coremltools/coremltools/converters/mil/backend/nn/passes/nn_passes.py:26] Program after nn backend passes:
main(%input: (1, 1, 5, 7, fp32)) {
  block111() {
    %1: (3, 1, 3, 3, fp32)* = const(val=(file_value), name="1")
    %2: (3,fp32)* = const(val=[-0.15610897541046143, 0.2579040825366974, -0.09691667556762695], name="2")
    %21: (2,i32)* = const(val=[3, 3], name="21")
    %23: (2,i32)* = const(val=[1, 1], name="23")
    %16: (i32)* = const(val=1, name="16")
    %20_pad_type_92: (str)* = const(val="custom", name="20_pad_type_92")
    %20_pad_92: (4,i32)* = const(val=[1, 1, 1, 1], name="20_pad_92")
    %20: (1, 3, 2, 3, fp32) = conv(x=%input, weight=%1, bias=%2, strides=%21, pad_type=%20_pad_type_92, pad=%20_pad_92, dilations=%23, groups=%16, name="20")
  } -> (%20)
}

[20200630 16:33:24 INFO /Volumes/data/work/1duo-coremltools/coremltools/converters/mil/frontend/torch/converter.py:269] Converting graph.
[20200630 16:33:24 INFO /Volumes/data/work/1duo-coremltools/coremltools/converters/mil/mil/builder.py:181] Adding op '1' of type const
[20200630 16:33:24 INFO /Volumes/data/work/1duo-coremltools/coremltools/converters/mil/mil/builder.py:181] Adding op '2' of type const
[20200630 16:33:24 INFO /Volumes/data/work/1duo-coremltools/coremltools/converters/mil/frontend/torch/ops.py:49] Converting op 21 : constant
[20200630 16:33:24 INFO /Volumes/data/work/1duo-coremltools/coremltools/converters/mil/mil/builder.py:181] Adding op '21' of type const
[20200630 16:33:24 INFO /Volumes/data/work/1duo-coremltools/coremltools/converters/mil/frontend/torch/ops.py:49] Converting op 22 : constant
[20200630 16:33:24 INFO /Volumes/data/work/1duo-coremltools/coremltools/converters/mil/mil/builder.py:181] Adding op '22' of type const
[20200630 16:33:24 INFO /Volumes/data/work/1duo-coremltools/coremltools/converters/mil/frontend/torch/ops.py:49] Converting op 23 : constant
[20200630 16:33:24 INFO /Volumes/data/work/1duo-coremltools/coremltools/converters/mil/mil/builder.py:181] Adding op '23' of type const
[20200630 16:33:24 INFO /Volumes/data/work/1duo-coremltools/coremltools/converters/mil/frontend/torch/ops.py:49] Converting op 12 : constant
[20200630 16:33:24 INFO /Volumes/data/work/1duo-coremltools/coremltools/converters/mil/mil/builder.py:181] Adding op '12' of type const
[20200630 16:33:24 INFO /Volumes/data/work/1duo-coremltools/coremltools/converters/mil/frontend/torch/ops.py:49] Converting op 24 : constant
[20200630 16:33:24 INFO /Volumes/data/work/1duo-coremltools/coremltools/converters/mil/mil/builder.py:181] Adding op '24' of type const
[20200630 16:33:24 INFO /Volumes/data/work/1duo-coremltools/coremltools/converters/mil/frontend/torch/ops.py:49] Converting op 16 : constant
[20200630 16:33:24 INFO /Volumes/data/work/1duo-coremltools/coremltools/converters/mil/mil/builder.py:181] Adding op '16' of type const
[20200630 16:33:24 INFO /Volumes/data/work/1duo-coremltools/coremltools/converters/mil/frontend/torch/ops.py:49] Converting op 17 : constant
[20200630 16:33:24 INFO /Volumes/data/work/1duo-coremltools/coremltools/converters/mil/mil/builder.py:181] Adding op '17' of type const
[20200630 16:33:24 INFO /Volumes/data/work/1duo-coremltools/coremltools/converters/mil/frontend/torch/ops.py:49] Converting op 18 : constant
[20200630 16:33:24 INFO /Volumes/data/work/1duo-coremltools/coremltools/converters/mil/mil/builder.py:181] Adding op '18' of type const
[20200630 16:33:24 INFO /Volumes/data/work/1duo-coremltools/coremltools/converters/mil/frontend/torch/ops.py:49] Converting op 19 : constant
[20200630 16:33:24 INFO /Volumes/data/work/1duo-coremltools/coremltools/converters/mil/mil/builder.py:181] Adding op '19' of type const
[20200630 16:33:24 INFO /Volumes/data/work/1duo-coremltools/coremltools/converters/mil/frontend/torch/ops.py:49] Converting op 20 : _convolution
[20200630 16:33:24 INFO /Volumes/data/work/1duo-coremltools/coremltools/converters/mil/mil/builder.py:181] Adding op '20' of type conv
[20200630 16:33:24 DEBUG /Volumes/data/work/1duo-coremltools/coremltools/converters/mil/mil/builder.py:93] Adding const op '20_pad_type_93'
[20200630 16:33:24 INFO /Volumes/data/work/1duo-coremltools/coremltools/converters/mil/mil/builder.py:181] Adding op '20_pad_type_93' of type const
[20200630 16:33:24 DEBUG /Volumes/data/work/1duo-coremltools/coremltools/converters/mil/mil/builder.py:93] Adding const op '20_pad_93'
[20200630 16:33:24 INFO /Volumes/data/work/1duo-coremltools/coremltools/converters/mil/mil/builder.py:181] Adding op '20_pad_93' of type const
[20200630 16:33:24 DEBUG /Volumes/data/work/1duo-coremltools/coremltools/converters/mil/mil/passes/common_pass.py:30] Program before common passes:
main(%input: (1, 1, 5, 7, fp32)) {
  block112() {
    %1: (3, 1, 3, 3, fp32)* = const(val=(file_value), name="1")
    %2: (3,fp32)* = const(val=[0.19850364327430725, -0.04478251934051514, -0.17901012301445007], name="2")
    %21: (2,i32)* = const(val=[3, 3], name="21")
    %22: (2,i32)* = const(val=[1, 1], name="22")
    %23: (2,i32)* = const(val=[3, 3], name="23")
    %12: (bool)* = const(val=False, name="12")
    %24: (2,i32)* = const(val=[0, 0], name="24")
    %16: (i32)* = const(val=1, name="16")
    %17: (bool)* = const(val=False, name="17")
    %18: (bool)* = const(val=False, name="18")
    %19: (bool)* = const(val=True, name="19")
    %20_pad_type_93: (str)* = const(val="custom", name="20_pad_type_93")
    %20_pad_93: (4,i32)* = const(val=[1, 1, 1, 1], name="20_pad_93")
    %20: (1, 3, 1, 1, fp32) = conv(x=%input, weight=%1, bias=%2, strides=%21, pad_type=%20_pad_type_93, pad=%20_pad_93, dilations=%23, groups=%16, name="20")
  } -> (%20)
}

[20200630 16:33:24 INFO /Volumes/data/work/1duo-coremltools/coremltools/converters/mil/mil/passes/common_pass.py:34] Performing pass: "common::const_elimination"
[20200630 16:33:24 INFO /Volumes/data/work/1duo-coremltools/coremltools/converters/mil/mil/passes/common_pass.py:34] Performing pass: "common::divide_to_multiply"
[20200630 16:33:24 INFO /Volumes/data/work/1duo-coremltools/coremltools/converters/mil/mil/passes/common_pass.py:34] Performing pass: "common::fuse_matmul_weight_bias"
[20200630 16:33:24 INFO /Volumes/data/work/1duo-coremltools/coremltools/converters/mil/mil/passes/common_pass.py:34] Performing pass: "common::const_elimination"
[20200630 16:33:24 INFO /Volumes/data/work/1duo-coremltools/coremltools/converters/mil/mil/passes/common_pass.py:34] Performing pass: "common::loop_invariant_elimination"
[20200630 16:33:24 INFO /Volumes/data/work/1duo-coremltools/coremltools/converters/mil/mil/passes/common_pass.py:34] Performing pass: "common::remove_symbolic_reshape"
[20200630 16:33:24 INFO /Volumes/data/work/1duo-coremltools/coremltools/converters/mil/mil/passes/remove_symbolic_reshape.py:104] remove_symbolic_reshape: changed 0 reshapes.
[20200630 16:33:24 INFO /Volumes/data/work/1duo-coremltools/coremltools/converters/mil/mil/passes/common_pass.py:34] Performing pass: "common::fuse_gelu_tanh_approximation"
[20200630 16:33:24 INFO /Volumes/data/work/1duo-coremltools/coremltools/converters/mil/mil/passes/common_pass.py:34] Performing pass: "common::reduce_transposes"
[20200630 16:33:24 DEBUG /Volumes/data/work/1duo-coremltools/coremltools/converters/mil/mil/passes/reduce_transposes.py:989] Block before optimize transpose transform:
function(%input: (1, 1, 5, 7, fp32)) {
  block112() {
    %1: (3, 1, 3, 3, fp32)* = const(val=(file_value), name="1")
    %2: (3,fp32)* = const(val=[0.19850364327430725, -0.04478251934051514, -0.17901012301445007], name="2")
    %21: (2,i32)* = const(val=[3, 3], name="21")
    %22: (2,i32)* = const(val=[1, 1], name="22")
    %23: (2,i32)* = const(val=[3, 3], name="23")
    %12: (bool)* = const(val=False, name="12")
    %24: (2,i32)* = const(val=[0, 0], name="24")
    %16: (i32)* = const(val=1, name="16")
    %17: (bool)* = const(val=False, name="17")
    %18: (bool)* = const(val=False, name="18")
    %19: (bool)* = const(val=True, name="19")
    %20_pad_type_93: (str)* = const(val="custom", name="20_pad_type_93")
    %20_pad_93: (4,i32)* = const(val=[1, 1, 1, 1], name="20_pad_93")
    %20: (1, 3, 1, 1, fp32) = conv(x=%input, weight=%1, bias=%2, strides=%21, pad_type=%20_pad_type_93, pad=%20_pad_93, dilations=%23, groups=%16, name="20")
  } -> (%20)
}

[20200630 16:33:24 DEBUG /Volumes/data/work/1duo-coremltools/coremltools/converters/mil/mil/passes/reduce_transposes.py:1024] Block after optimize transpose transform:
function(%input: (1, 1, 5, 7, fp32)) {
  block112() {
    %1: (3, 1, 3, 3, fp32)* = const(val=(file_value), name="1")
    %2: (3,fp32)* = const(val=[0.19850364327430725, -0.04478251934051514, -0.17901012301445007], name="2")
    %21: (2,i32)* = const(val=[3, 3], name="21")
    %22: (2,i32)* = const(val=[1, 1], name="22")
    %23: (2,i32)* = const(val=[3, 3], name="23")
    %12: (bool)* = const(val=False, name="12")
    %24: (2,i32)* = const(val=[0, 0], name="24")
    %16: (i32)* = const(val=1, name="16")
    %17: (bool)* = const(val=False, name="17")
    %18: (bool)* = const(val=False, name="18")
    %19: (bool)* = const(val=True, name="19")
    %20_pad_type_93: (str)* = const(val="custom", name="20_pad_type_93")
    %20_pad_93: (4,i32)* = const(val=[1, 1, 1, 1], name="20_pad_93")
    %20: (1, 3, 1, 1, fp32) = conv(x=%input, weight=%1, bias=%2, strides=%21, pad_type=%20_pad_type_93, pad=%20_pad_93, dilations=%23, groups=%16, name="20")
  } -> (%20)
}

[20200630 16:33:24 INFO /Volumes/data/work/1duo-coremltools/coremltools/converters/mil/mil/passes/common_pass.py:34] Performing pass: "common::fuse_bias_conv"
[20200630 16:33:24 INFO /Volumes/data/work/1duo-coremltools/coremltools/converters/mil/mil/passes/common_pass.py:34] Performing pass: "common::fuse_elementwise_to_batchnorm"
[20200630 16:33:24 INFO /Volumes/data/work/1duo-coremltools/coremltools/converters/mil/mil/passes/common_pass.py:34] Performing pass: "common::fuse_onehot_matmul_to_gather"
[20200630 16:33:24 INFO /Volumes/data/work/1duo-coremltools/coremltools/converters/mil/mil/passes/common_pass.py:34] Performing pass: "common::fuse_layernorm_or_instancenorm"
[20200630 16:33:24 INFO /Volumes/data/work/1duo-coremltools/coremltools/converters/mil/mil/passes/common_pass.py:34] Performing pass: "common::dead_code_elimination"
[20200630 16:33:24 INFO /Volumes/data/work/1duo-coremltools/coremltools/converters/mil/mil/passes/dead_code_elimination.py:35] Removing op "19" (type: const)
[20200630 16:33:24 INFO /Volumes/data/work/1duo-coremltools/coremltools/converters/mil/mil/passes/dead_code_elimination.py:35] Removing op "18" (type: const)
[20200630 16:33:24 INFO /Volumes/data/work/1duo-coremltools/coremltools/converters/mil/mil/passes/dead_code_elimination.py:35] Removing op "17" (type: const)
[20200630 16:33:24 INFO /Volumes/data/work/1duo-coremltools/coremltools/converters/mil/mil/passes/dead_code_elimination.py:35] Removing op "24" (type: const)
[20200630 16:33:24 INFO /Volumes/data/work/1duo-coremltools/coremltools/converters/mil/mil/passes/dead_code_elimination.py:35] Removing op "12" (type: const)
[20200630 16:33:24 INFO /Volumes/data/work/1duo-coremltools/coremltools/converters/mil/mil/passes/dead_code_elimination.py:35] Removing op "22" (type: const)
[20200630 16:33:24 DEBUG /Volumes/data/work/1duo-coremltools/coremltools/converters/mil/mil/passes/common_pass.py:38] Program after common passes:
main(%input: (1, 1, 5, 7, fp32)) {
  block112() {
    %1: (3, 1, 3, 3, fp32)* = const(val=(file_value), name="1")
    %2: (3,fp32)* = const(val=[0.19850364327430725, -0.04478251934051514, -0.17901012301445007], name="2")
    %21: (2,i32)* = const(val=[3, 3], name="21")
    %23: (2,i32)* = const(val=[3, 3], name="23")
    %16: (i32)* = const(val=1, name="16")
    %20_pad_type_93: (str)* = const(val="custom", name="20_pad_type_93")
    %20_pad_93: (4,i32)* = const(val=[1, 1, 1, 1], name="20_pad_93")
    %20: (1, 3, 1, 1, fp32) = conv(x=%input, weight=%1, bias=%2, strides=%21, pad_type=%20_pad_type_93, pad=%20_pad_93, dilations=%23, groups=%16, name="20")
  } -> (%20)
}

[20200630 16:33:24 INFO /Volumes/data/work/1duo-coremltools/coremltools/converters/mil/backend/nn/passes/nn_passes.py:22] Performing passes for nn_backend: "nn_backend::commingle_loop_vars"
[20200630 16:33:24 INFO /Volumes/data/work/1duo-coremltools/coremltools/converters/mil/backend/nn/passes/nn_passes.py:22] Performing passes for nn_backend: "nn_backend::handle_return_inputs_as_outputs"
[20200630 16:33:24 INFO /Volumes/data/work/1duo-coremltools/coremltools/converters/mil/backend/nn/passes/nn_passes.py:22] Performing passes for nn_backend: "common::const_elimination"
[20200630 16:33:24 INFO /Volumes/data/work/1duo-coremltools/coremltools/converters/mil/backend/nn/passes/nn_passes.py:22] Performing passes for nn_backend: "common::dead_code_elimination"
[20200630 16:33:24 INFO /Volumes/data/work/1duo-coremltools/coremltools/converters/mil/backend/nn/passes/nn_passes.py:22] Performing passes for nn_backend: "nn_backend::handle_unused_inputs"
[20200630 16:33:24 INFO /Volumes/data/work/1duo-coremltools/coremltools/converters/mil/backend/nn/passes/nn_passes.py:22] Performing passes for nn_backend: "nn_backend::alert_return_type_cast"
[20200630 16:33:24 DEBUG /Volumes/data/work/1duo-coremltools/coremltools/converters/mil/backend/nn/passes/nn_passes.py:26] Program after nn backend passes:
main(%input: (1, 1, 5, 7, fp32)) {
  block112() {
    %1: (3, 1, 3, 3, fp32)* = const(val=(file_value), name="1")
    %2: (3,fp32)* = const(val=[0.19850364327430725, -0.04478251934051514, -0.17901012301445007], name="2")
    %21: (2,i32)* = const(val=[3, 3], name="21")
    %23: (2,i32)* = const(val=[3, 3], name="23")
    %16: (i32)* = const(val=1, name="16")
    %20_pad_type_93: (str)* = const(val="custom", name="20_pad_type_93")
    %20_pad_93: (4,i32)* = const(val=[1, 1, 1, 1], name="20_pad_93")
    %20: (1, 3, 1, 1, fp32) = conv(x=%input, weight=%1, bias=%2, strides=%21, pad_type=%20_pad_type_93, pad=%20_pad_93, dilations=%23, groups=%16, name="20")
  } -> (%20)
}

[20200630 16:33:25 INFO /Volumes/data/work/1duo-coremltools/coremltools/converters/mil/frontend/torch/converter.py:269] Converting graph.
[20200630 16:33:25 INFO /Volumes/data/work/1duo-coremltools/coremltools/converters/mil/mil/builder.py:181] Adding op '1' of type const
[20200630 16:33:25 INFO /Volumes/data/work/1duo-coremltools/coremltools/converters/mil/mil/builder.py:181] Adding op '2' of type const
[20200630 16:33:25 INFO /Volumes/data/work/1duo-coremltools/coremltools/converters/mil/frontend/torch/ops.py:49] Converting op 21 : constant
[20200630 16:33:25 INFO /Volumes/data/work/1duo-coremltools/coremltools/converters/mil/mil/builder.py:181] Adding op '21' of type const
[20200630 16:33:25 INFO /Volumes/data/work/1duo-coremltools/coremltools/converters/mil/frontend/torch/ops.py:49] Converting op 22 : constant
[20200630 16:33:25 INFO /Volumes/data/work/1duo-coremltools/coremltools/converters/mil/mil/builder.py:181] Adding op '22' of type const
[20200630 16:33:25 INFO /Volumes/data/work/1duo-coremltools/coremltools/converters/mil/frontend/torch/ops.py:49] Converting op 23 : constant
[20200630 16:33:25 INFO /Volumes/data/work/1duo-coremltools/coremltools/converters/mil/mil/builder.py:181] Adding op '23' of type const
[20200630 16:33:25 INFO /Volumes/data/work/1duo-coremltools/coremltools/converters/mil/frontend/torch/ops.py:49] Converting op 12 : constant
[20200630 16:33:25 INFO /Volumes/data/work/1duo-coremltools/coremltools/converters/mil/mil/builder.py:181] Adding op '12' of type const
[20200630 16:33:25 INFO /Volumes/data/work/1duo-coremltools/coremltools/converters/mil/frontend/torch/ops.py:49] Converting op 24 : constant
[20200630 16:33:25 INFO /Volumes/data/work/1duo-coremltools/coremltools/converters/mil/mil/builder.py:181] Adding op '24' of type const
[20200630 16:33:25 INFO /Volumes/data/work/1duo-coremltools/coremltools/converters/mil/frontend/torch/ops.py:49] Converting op 16 : constant
[20200630 16:33:25 INFO /Volumes/data/work/1duo-coremltools/coremltools/converters/mil/mil/builder.py:181] Adding op '16' of type const
[20200630 16:33:25 INFO /Volumes/data/work/1duo-coremltools/coremltools/converters/mil/frontend/torch/ops.py:49] Converting op 17 : constant
[20200630 16:33:25 INFO /Volumes/data/work/1duo-coremltools/coremltools/converters/mil/mil/builder.py:181] Adding op '17' of type const
[20200630 16:33:25 INFO /Volumes/data/work/1duo-coremltools/coremltools/converters/mil/frontend/torch/ops.py:49] Converting op 18 : constant
[20200630 16:33:25 INFO /Volumes/data/work/1duo-coremltools/coremltools/converters/mil/mil/builder.py:181] Adding op '18' of type const
[20200630 16:33:25 INFO /Volumes/data/work/1duo-coremltools/coremltools/converters/mil/frontend/torch/ops.py:49] Converting op 19 : constant
[20200630 16:33:25 INFO /Volumes/data/work/1duo-coremltools/coremltools/converters/mil/mil/builder.py:181] Adding op '19' of type const
[20200630 16:33:25 INFO /Volumes/data/work/1duo-coremltools/coremltools/converters/mil/frontend/torch/ops.py:49] Converting op 20 : _convolution
[20200630 16:33:25 INFO /Volumes/data/work/1duo-coremltools/coremltools/converters/mil/mil/builder.py:181] Adding op '20' of type conv
[20200630 16:33:25 DEBUG /Volumes/data/work/1duo-coremltools/coremltools/converters/mil/mil/builder.py:93] Adding const op '20_pad_type_94'
[20200630 16:33:25 INFO /Volumes/data/work/1duo-coremltools/coremltools/converters/mil/mil/builder.py:181] Adding op '20_pad_type_94' of type const
[20200630 16:33:25 DEBUG /Volumes/data/work/1duo-coremltools/coremltools/converters/mil/mil/builder.py:93] Adding const op '20_pad_94'
[20200630 16:33:25 INFO /Volumes/data/work/1duo-coremltools/coremltools/converters/mil/mil/builder.py:181] Adding op '20_pad_94' of type const
[20200630 16:33:25 DEBUG /Volumes/data/work/1duo-coremltools/coremltools/converters/mil/mil/passes/common_pass.py:30] Program before common passes:
main(%input: (1, 1, 5, 7, fp32)) {
  block113() {
    %1: (3, 1, 3, 3, fp32)* = const(val=(file_value), name="1")
    %2: (3,fp32)* = const(val=[0.1979781687259674, -0.12699604034423828, 0.30227556824684143], name="2")
    %21: (2,i32)* = const(val=[3, 3], name="21")
    %22: (2,i32)* = const(val=[3, 3], name="22")
    %23: (2,i32)* = const(val=[1, 1], name="23")
    %12: (bool)* = const(val=False, name="12")
    %24: (2,i32)* = const(val=[0, 0], name="24")
    %16: (i32)* = const(val=1, name="16")
    %17: (bool)* = const(val=False, name="17")
    %18: (bool)* = const(val=False, name="18")
    %19: (bool)* = const(val=True, name="19")
    %20_pad_type_94: (str)* = const(val="custom", name="20_pad_type_94")
    %20_pad_94: (4,i32)* = const(val=[3, 3, 3, 3], name="20_pad_94")
    %20: (1, 3, 3, 4, fp32) = conv(x=%input, weight=%1, bias=%2, strides=%21, pad_type=%20_pad_type_94, pad=%20_pad_94, dilations=%23, groups=%16, name="20")
  } -> (%20)
}

[20200630 16:33:25 INFO /Volumes/data/work/1duo-coremltools/coremltools/converters/mil/mil/passes/common_pass.py:34] Performing pass: "common::const_elimination"
[20200630 16:33:25 INFO /Volumes/data/work/1duo-coremltools/coremltools/converters/mil/mil/passes/common_pass.py:34] Performing pass: "common::divide_to_multiply"
[20200630 16:33:25 INFO /Volumes/data/work/1duo-coremltools/coremltools/converters/mil/mil/passes/common_pass.py:34] Performing pass: "common::fuse_matmul_weight_bias"
[20200630 16:33:25 INFO /Volumes/data/work/1duo-coremltools/coremltools/converters/mil/mil/passes/common_pass.py:34] Performing pass: "common::const_elimination"
[20200630 16:33:25 INFO /Volumes/data/work/1duo-coremltools/coremltools/converters/mil/mil/passes/common_pass.py:34] Performing pass: "common::loop_invariant_elimination"
[20200630 16:33:25 INFO /Volumes/data/work/1duo-coremltools/coremltools/converters/mil/mil/passes/common_pass.py:34] Performing pass: "common::remove_symbolic_reshape"
[20200630 16:33:25 INFO /Volumes/data/work/1duo-coremltools/coremltools/converters/mil/mil/passes/remove_symbolic_reshape.py:104] remove_symbolic_reshape: changed 0 reshapes.
[20200630 16:33:25 INFO /Volumes/data/work/1duo-coremltools/coremltools/converters/mil/mil/passes/common_pass.py:34] Performing pass: "common::fuse_gelu_tanh_approximation"
[20200630 16:33:25 INFO /Volumes/data/work/1duo-coremltools/coremltools/converters/mil/mil/passes/common_pass.py:34] Performing pass: "common::reduce_transposes"
[20200630 16:33:25 DEBUG /Volumes/data/work/1duo-coremltools/coremltools/converters/mil/mil/passes/reduce_transposes.py:989] Block before optimize transpose transform:
function(%input: (1, 1, 5, 7, fp32)) {
  block113() {
    %1: (3, 1, 3, 3, fp32)* = const(val=(file_value), name="1")
    %2: (3,fp32)* = const(val=[0.1979781687259674, -0.12699604034423828, 0.30227556824684143], name="2")
    %21: (2,i32)* = const(val=[3, 3], name="21")
    %22: (2,i32)* = const(val=[3, 3], name="22")
    %23: (2,i32)* = const(val=[1, 1], name="23")
    %12: (bool)* = const(val=False, name="12")
    %24: (2,i32)* = const(val=[0, 0], name="24")
    %16: (i32)* = const(val=1, name="16")
    %17: (bool)* = const(val=False, name="17")
    %18: (bool)* = const(val=False, name="18")
    %19: (bool)* = const(val=True, name="19")
    %20_pad_type_94: (str)* = const(val="custom", name="20_pad_type_94")
    %20_pad_94: (4,i32)* = const(val=[3, 3, 3, 3], name="20_pad_94")
    %20: (1, 3, 3, 4, fp32) = conv(x=%input, weight=%1, bias=%2, strides=%21, pad_type=%20_pad_type_94, pad=%20_pad_94, dilations=%23, groups=%16, name="20")
  } -> (%20)
}

[20200630 16:33:25 DEBUG /Volumes/data/work/1duo-coremltools/coremltools/converters/mil/mil/passes/reduce_transposes.py:1024] Block after optimize transpose transform:
function(%input: (1, 1, 5, 7, fp32)) {
  block113() {
    %1: (3, 1, 3, 3, fp32)* = const(val=(file_value), name="1")
    %2: (3,fp32)* = const(val=[0.1979781687259674, -0.12699604034423828, 0.30227556824684143], name="2")
    %21: (2,i32)* = const(val=[3, 3], name="21")
    %22: (2,i32)* = const(val=[3, 3], name="22")
    %23: (2,i32)* = const(val=[1, 1], name="23")
    %12: (bool)* = const(val=False, name="12")
    %24: (2,i32)* = const(val=[0, 0], name="24")
    %16: (i32)* = const(val=1, name="16")
    %17: (bool)* = const(val=False, name="17")
    %18: (bool)* = const(val=False, name="18")
    %19: (bool)* = const(val=True, name="19")
    %20_pad_type_94: (str)* = const(val="custom", name="20_pad_type_94")
    %20_pad_94: (4,i32)* = const(val=[3, 3, 3, 3], name="20_pad_94")
    %20: (1, 3, 3, 4, fp32) = conv(x=%input, weight=%1, bias=%2, strides=%21, pad_type=%20_pad_type_94, pad=%20_pad_94, dilations=%23, groups=%16, name="20")
  } -> (%20)
}

[20200630 16:33:25 INFO /Volumes/data/work/1duo-coremltools/coremltools/converters/mil/mil/passes/common_pass.py:34] Performing pass: "common::fuse_bias_conv"
[20200630 16:33:25 INFO /Volumes/data/work/1duo-coremltools/coremltools/converters/mil/mil/passes/common_pass.py:34] Performing pass: "common::fuse_elementwise_to_batchnorm"
[20200630 16:33:25 INFO /Volumes/data/work/1duo-coremltools/coremltools/converters/mil/mil/passes/common_pass.py:34] Performing pass: "common::fuse_onehot_matmul_to_gather"
[20200630 16:33:25 INFO /Volumes/data/work/1duo-coremltools/coremltools/converters/mil/mil/passes/common_pass.py:34] Performing pass: "common::fuse_layernorm_or_instancenorm"
[20200630 16:33:25 INFO /Volumes/data/work/1duo-coremltools/coremltools/converters/mil/mil/passes/common_pass.py:34] Performing pass: "common::dead_code_elimination"
[20200630 16:33:25 INFO /Volumes/data/work/1duo-coremltools/coremltools/converters/mil/mil/passes/dead_code_elimination.py:35] Removing op "19" (type: const)
[20200630 16:33:25 INFO /Volumes/data/work/1duo-coremltools/coremltools/converters/mil/mil/passes/dead_code_elimination.py:35] Removing op "18" (type: const)
[20200630 16:33:25 INFO /Volumes/data/work/1duo-coremltools/coremltools/converters/mil/mil/passes/dead_code_elimination.py:35] Removing op "17" (type: const)
[20200630 16:33:25 INFO /Volumes/data/work/1duo-coremltools/coremltools/converters/mil/mil/passes/dead_code_elimination.py:35] Removing op "24" (type: const)
[20200630 16:33:25 INFO /Volumes/data/work/1duo-coremltools/coremltools/converters/mil/mil/passes/dead_code_elimination.py:35] Removing op "12" (type: const)
[20200630 16:33:25 INFO /Volumes/data/work/1duo-coremltools/coremltools/converters/mil/mil/passes/dead_code_elimination.py:35] Removing op "22" (type: const)
[20200630 16:33:25 DEBUG /Volumes/data/work/1duo-coremltools/coremltools/converters/mil/mil/passes/common_pass.py:38] Program after common passes:
main(%input: (1, 1, 5, 7, fp32)) {
  block113() {
    %1: (3, 1, 3, 3, fp32)* = const(val=(file_value), name="1")
    %2: (3,fp32)* = const(val=[0.1979781687259674, -0.12699604034423828, 0.30227556824684143], name="2")
    %21: (2,i32)* = const(val=[3, 3], name="21")
    %23: (2,i32)* = const(val=[1, 1], name="23")
    %16: (i32)* = const(val=1, name="16")
    %20_pad_type_94: (str)* = const(val="custom", name="20_pad_type_94")
    %20_pad_94: (4,i32)* = const(val=[3, 3, 3, 3], name="20_pad_94")
    %20: (1, 3, 3, 4, fp32) = conv(x=%input, weight=%1, bias=%2, strides=%21, pad_type=%20_pad_type_94, pad=%20_pad_94, dilations=%23, groups=%16, name="20")
  } -> (%20)
}

[20200630 16:33:25 INFO /Volumes/data/work/1duo-coremltools/coremltools/converters/mil/backend/nn/passes/nn_passes.py:22] Performing passes for nn_backend: "nn_backend::commingle_loop_vars"
[20200630 16:33:25 INFO /Volumes/data/work/1duo-coremltools/coremltools/converters/mil/backend/nn/passes/nn_passes.py:22] Performing passes for nn_backend: "nn_backend::handle_return_inputs_as_outputs"
[20200630 16:33:25 INFO /Volumes/data/work/1duo-coremltools/coremltools/converters/mil/backend/nn/passes/nn_passes.py:22] Performing passes for nn_backend: "common::const_elimination"
[20200630 16:33:25 INFO /Volumes/data/work/1duo-coremltools/coremltools/converters/mil/backend/nn/passes/nn_passes.py:22] Performing passes for nn_backend: "common::dead_code_elimination"
[20200630 16:33:25 INFO /Volumes/data/work/1duo-coremltools/coremltools/converters/mil/backend/nn/passes/nn_passes.py:22] Performing passes for nn_backend: "nn_backend::handle_unused_inputs"
[20200630 16:33:25 INFO /Volumes/data/work/1duo-coremltools/coremltools/converters/mil/backend/nn/passes/nn_passes.py:22] Performing passes for nn_backend: "nn_backend::alert_return_type_cast"
[20200630 16:33:25 DEBUG /Volumes/data/work/1duo-coremltools/coremltools/converters/mil/backend/nn/passes/nn_passes.py:26] Program after nn backend passes:
main(%input: (1, 1, 5, 7, fp32)) {
  block113() {
    %1: (3, 1, 3, 3, fp32)* = const(val=(file_value), name="1")
    %2: (3,fp32)* = const(val=[0.1979781687259674, -0.12699604034423828, 0.30227556824684143], name="2")
    %21: (2,i32)* = const(val=[3, 3], name="21")
    %23: (2,i32)* = const(val=[1, 1], name="23")
    %16: (i32)* = const(val=1, name="16")
    %20_pad_type_94: (str)* = const(val="custom", name="20_pad_type_94")
    %20_pad_94: (4,i32)* = const(val=[3, 3, 3, 3], name="20_pad_94")
    %20: (1, 3, 3, 4, fp32) = conv(x=%input, weight=%1, bias=%2, strides=%21, pad_type=%20_pad_type_94, pad=%20_pad_94, dilations=%23, groups=%16, name="20")
  } -> (%20)
}

[20200630 16:33:25 INFO /Volumes/data/work/1duo-coremltools/coremltools/converters/mil/frontend/torch/converter.py:269] Converting graph.
[20200630 16:33:25 INFO /Volumes/data/work/1duo-coremltools/coremltools/converters/mil/mil/builder.py:181] Adding op '1' of type const
[20200630 16:33:25 INFO /Volumes/data/work/1duo-coremltools/coremltools/converters/mil/mil/builder.py:181] Adding op '2' of type const
[20200630 16:33:25 INFO /Volumes/data/work/1duo-coremltools/coremltools/converters/mil/frontend/torch/ops.py:49] Converting op 21 : constant
[20200630 16:33:25 INFO /Volumes/data/work/1duo-coremltools/coremltools/converters/mil/mil/builder.py:181] Adding op '21' of type const
[20200630 16:33:25 INFO /Volumes/data/work/1duo-coremltools/coremltools/converters/mil/frontend/torch/ops.py:49] Converting op 22 : constant
[20200630 16:33:25 INFO /Volumes/data/work/1duo-coremltools/coremltools/converters/mil/mil/builder.py:181] Adding op '22' of type const
[20200630 16:33:25 INFO /Volumes/data/work/1duo-coremltools/coremltools/converters/mil/frontend/torch/ops.py:49] Converting op 23 : constant
[20200630 16:33:25 INFO /Volumes/data/work/1duo-coremltools/coremltools/converters/mil/mil/builder.py:181] Adding op '23' of type const
[20200630 16:33:25 INFO /Volumes/data/work/1duo-coremltools/coremltools/converters/mil/frontend/torch/ops.py:49] Converting op 12 : constant
[20200630 16:33:25 INFO /Volumes/data/work/1duo-coremltools/coremltools/converters/mil/mil/builder.py:181] Adding op '12' of type const
[20200630 16:33:25 INFO /Volumes/data/work/1duo-coremltools/coremltools/converters/mil/frontend/torch/ops.py:49] Converting op 24 : constant
[20200630 16:33:25 INFO /Volumes/data/work/1duo-coremltools/coremltools/converters/mil/mil/builder.py:181] Adding op '24' of type const
[20200630 16:33:25 INFO /Volumes/data/work/1duo-coremltools/coremltools/converters/mil/frontend/torch/ops.py:49] Converting op 16 : constant
[20200630 16:33:25 INFO /Volumes/data/work/1duo-coremltools/coremltools/converters/mil/mil/builder.py:181] Adding op '16' of type const
[20200630 16:33:25 INFO /Volumes/data/work/1duo-coremltools/coremltools/converters/mil/frontend/torch/ops.py:49] Converting op 17 : constant
[20200630 16:33:25 INFO /Volumes/data/work/1duo-coremltools/coremltools/converters/mil/mil/builder.py:181] Adding op '17' of type const
[20200630 16:33:25 INFO /Volumes/data/work/1duo-coremltools/coremltools/converters/mil/frontend/torch/ops.py:49] Converting op 18 : constant
[20200630 16:33:25 INFO /Volumes/data/work/1duo-coremltools/coremltools/converters/mil/mil/builder.py:181] Adding op '18' of type const
[20200630 16:33:25 INFO /Volumes/data/work/1duo-coremltools/coremltools/converters/mil/frontend/torch/ops.py:49] Converting op 19 : constant
[20200630 16:33:25 INFO /Volumes/data/work/1duo-coremltools/coremltools/converters/mil/mil/builder.py:181] Adding op '19' of type const
[20200630 16:33:25 INFO /Volumes/data/work/1duo-coremltools/coremltools/converters/mil/frontend/torch/ops.py:49] Converting op 20 : _convolution
[20200630 16:33:25 INFO /Volumes/data/work/1duo-coremltools/coremltools/converters/mil/mil/builder.py:181] Adding op '20' of type conv
[20200630 16:33:25 DEBUG /Volumes/data/work/1duo-coremltools/coremltools/converters/mil/mil/builder.py:93] Adding const op '20_pad_type_95'
[20200630 16:33:25 INFO /Volumes/data/work/1duo-coremltools/coremltools/converters/mil/mil/builder.py:181] Adding op '20_pad_type_95' of type const
[20200630 16:33:25 DEBUG /Volumes/data/work/1duo-coremltools/coremltools/converters/mil/mil/builder.py:93] Adding const op '20_pad_95'
[20200630 16:33:25 INFO /Volumes/data/work/1duo-coremltools/coremltools/converters/mil/mil/builder.py:181] Adding op '20_pad_95' of type const
[20200630 16:33:25 DEBUG /Volumes/data/work/1duo-coremltools/coremltools/converters/mil/mil/passes/common_pass.py:30] Program before common passes:
main(%input: (1, 1, 5, 7, fp32)) {
  block114() {
    %1: (3, 1, 3, 3, fp32)* = const(val=(file_value), name="1")
    %2: (3,fp32)* = const(val=[-0.0779711902141571, 0.2936230003833771, -0.05996596813201904], name="2")
    %21: (2,i32)* = const(val=[3, 3], name="21")
    %22: (2,i32)* = const(val=[3, 3], name="22")
    %23: (2,i32)* = const(val=[3, 3], name="23")
    %12: (bool)* = const(val=False, name="12")
    %24: (2,i32)* = const(val=[0, 0], name="24")
    %16: (i32)* = const(val=1, name="16")
    %17: (bool)* = const(val=False, name="17")
    %18: (bool)* = const(val=False, name="18")
    %19: (bool)* = const(val=True, name="19")
    %20_pad_type_95: (str)* = const(val="custom", name="20_pad_type_95")
    %20_pad_95: (4,i32)* = const(val=[3, 3, 3, 3], name="20_pad_95")
    %20: (1, 3, 2, 3, fp32) = conv(x=%input, weight=%1, bias=%2, strides=%21, pad_type=%20_pad_type_95, pad=%20_pad_95, dilations=%23, groups=%16, name="20")
  } -> (%20)
}

[20200630 16:33:25 INFO /Volumes/data/work/1duo-coremltools/coremltools/converters/mil/mil/passes/common_pass.py:34] Performing pass: "common::const_elimination"
[20200630 16:33:25 INFO /Volumes/data/work/1duo-coremltools/coremltools/converters/mil/mil/passes/common_pass.py:34] Performing pass: "common::divide_to_multiply"
[20200630 16:33:25 INFO /Volumes/data/work/1duo-coremltools/coremltools/converters/mil/mil/passes/common_pass.py:34] Performing pass: "common::fuse_matmul_weight_bias"
[20200630 16:33:25 INFO /Volumes/data/work/1duo-coremltools/coremltools/converters/mil/mil/passes/common_pass.py:34] Performing pass: "common::const_elimination"
[20200630 16:33:25 INFO /Volumes/data/work/1duo-coremltools/coremltools/converters/mil/mil/passes/common_pass.py:34] Performing pass: "common::loop_invariant_elimination"
[20200630 16:33:25 INFO /Volumes/data/work/1duo-coremltools/coremltools/converters/mil/mil/passes/common_pass.py:34] Performing pass: "common::remove_symbolic_reshape"
[20200630 16:33:25 INFO /Volumes/data/work/1duo-coremltools/coremltools/converters/mil/mil/passes/remove_symbolic_reshape.py:104] remove_symbolic_reshape: changed 0 reshapes.
[20200630 16:33:25 INFO /Volumes/data/work/1duo-coremltools/coremltools/converters/mil/mil/passes/common_pass.py:34] Performing pass: "common::fuse_gelu_tanh_approximation"
[20200630 16:33:25 INFO /Volumes/data/work/1duo-coremltools/coremltools/converters/mil/mil/passes/common_pass.py:34] Performing pass: "common::reduce_transposes"
[20200630 16:33:25 DEBUG /Volumes/data/work/1duo-coremltools/coremltools/converters/mil/mil/passes/reduce_transposes.py:989] Block before optimize transpose transform:
function(%input: (1, 1, 5, 7, fp32)) {
  block114() {
    %1: (3, 1, 3, 3, fp32)* = const(val=(file_value), name="1")
    %2: (3,fp32)* = const(val=[-0.0779711902141571, 0.2936230003833771, -0.05996596813201904], name="2")
    %21: (2,i32)* = const(val=[3, 3], name="21")
    %22: (2,i32)* = const(val=[3, 3], name="22")
    %23: (2,i32)* = const(val=[3, 3], name="23")
    %12: (bool)* = const(val=False, name="12")
    %24: (2,i32)* = const(val=[0, 0], name="24")
    %16: (i32)* = const(val=1, name="16")
    %17: (bool)* = const(val=False, name="17")
    %18: (bool)* = const(val=False, name="18")
    %19: (bool)* = const(val=True, name="19")
    %20_pad_type_95: (str)* = const(val="custom", name="20_pad_type_95")
    %20_pad_95: (4,i32)* = const(val=[3, 3, 3, 3], name="20_pad_95")
    %20: (1, 3, 2, 3, fp32) = conv(x=%input, weight=%1, bias=%2, strides=%21, pad_type=%20_pad_type_95, pad=%20_pad_95, dilations=%23, groups=%16, name="20")
  } -> (%20)
}

[20200630 16:33:25 DEBUG /Volumes/data/work/1duo-coremltools/coremltools/converters/mil/mil/passes/reduce_transposes.py:1024] Block after optimize transpose transform:
function(%input: (1, 1, 5, 7, fp32)) {
  block114() {
    %1: (3, 1, 3, 3, fp32)* = const(val=(file_value), name="1")
    %2: (3,fp32)* = const(val=[-0.0779711902141571, 0.2936230003833771, -0.05996596813201904], name="2")
    %21: (2,i32)* = const(val=[3, 3], name="21")
    %22: (2,i32)* = const(val=[3, 3], name="22")
    %23: (2,i32)* = const(val=[3, 3], name="23")
    %12: (bool)* = const(val=False, name="12")
    %24: (2,i32)* = const(val=[0, 0], name="24")
    %16: (i32)* = const(val=1, name="16")
    %17: (bool)* = const(val=False, name="17")
    %18: (bool)* = const(val=False, name="18")
    %19: (bool)* = const(val=True, name="19")
    %20_pad_type_95: (str)* = const(val="custom", name="20_pad_type_95")
    %20_pad_95: (4,i32)* = const(val=[3, 3, 3, 3], name="20_pad_95")
    %20: (1, 3, 2, 3, fp32) = conv(x=%input, weight=%1, bias=%2, strides=%21, pad_type=%20_pad_type_95, pad=%20_pad_95, dilations=%23, groups=%16, name="20")
  } -> (%20)
}

[20200630 16:33:25 INFO /Volumes/data/work/1duo-coremltools/coremltools/converters/mil/mil/passes/common_pass.py:34] Performing pass: "common::fuse_bias_conv"
[20200630 16:33:25 INFO /Volumes/data/work/1duo-coremltools/coremltools/converters/mil/mil/passes/common_pass.py:34] Performing pass: "common::fuse_elementwise_to_batchnorm"
[20200630 16:33:25 INFO /Volumes/data/work/1duo-coremltools/coremltools/converters/mil/mil/passes/common_pass.py:34] Performing pass: "common::fuse_onehot_matmul_to_gather"
[20200630 16:33:25 INFO /Volumes/data/work/1duo-coremltools/coremltools/converters/mil/mil/passes/common_pass.py:34] Performing pass: "common::fuse_layernorm_or_instancenorm"
[20200630 16:33:25 INFO /Volumes/data/work/1duo-coremltools/coremltools/converters/mil/mil/passes/common_pass.py:34] Performing pass: "common::dead_code_elimination"
[20200630 16:33:25 INFO /Volumes/data/work/1duo-coremltools/coremltools/converters/mil/mil/passes/dead_code_elimination.py:35] Removing op "19" (type: const)
[20200630 16:33:25 INFO /Volumes/data/work/1duo-coremltools/coremltools/converters/mil/mil/passes/dead_code_elimination.py:35] Removing op "18" (type: const)
[20200630 16:33:25 INFO /Volumes/data/work/1duo-coremltools/coremltools/converters/mil/mil/passes/dead_code_elimination.py:35] Removing op "17" (type: const)
[20200630 16:33:25 INFO /Volumes/data/work/1duo-coremltools/coremltools/converters/mil/mil/passes/dead_code_elimination.py:35] Removing op "24" (type: const)
[20200630 16:33:25 INFO /Volumes/data/work/1duo-coremltools/coremltools/converters/mil/mil/passes/dead_code_elimination.py:35] Removing op "12" (type: const)
[20200630 16:33:25 INFO /Volumes/data/work/1duo-coremltools/coremltools/converters/mil/mil/passes/dead_code_elimination.py:35] Removing op "22" (type: const)
[20200630 16:33:25 DEBUG /Volumes/data/work/1duo-coremltools/coremltools/converters/mil/mil/passes/common_pass.py:38] Program after common passes:
main(%input: (1, 1, 5, 7, fp32)) {
  block114() {
    %1: (3, 1, 3, 3, fp32)* = const(val=(file_value), name="1")
    %2: (3,fp32)* = const(val=[-0.0779711902141571, 0.2936230003833771, -0.05996596813201904], name="2")
    %21: (2,i32)* = const(val=[3, 3], name="21")
    %23: (2,i32)* = const(val=[3, 3], name="23")
    %16: (i32)* = const(val=1, name="16")
    %20_pad_type_95: (str)* = const(val="custom", name="20_pad_type_95")
    %20_pad_95: (4,i32)* = const(val=[3, 3, 3, 3], name="20_pad_95")
    %20: (1, 3, 2, 3, fp32) = conv(x=%input, weight=%1, bias=%2, strides=%21, pad_type=%20_pad_type_95, pad=%20_pad_95, dilations=%23, groups=%16, name="20")
  } -> (%20)
}

[20200630 16:33:25 INFO /Volumes/data/work/1duo-coremltools/coremltools/converters/mil/backend/nn/passes/nn_passes.py:22] Performing passes for nn_backend: "nn_backend::commingle_loop_vars"
[20200630 16:33:25 INFO /Volumes/data/work/1duo-coremltools/coremltools/converters/mil/backend/nn/passes/nn_passes.py:22] Performing passes for nn_backend: "nn_backend::handle_return_inputs_as_outputs"
[20200630 16:33:25 INFO /Volumes/data/work/1duo-coremltools/coremltools/converters/mil/backend/nn/passes/nn_passes.py:22] Performing passes for nn_backend: "common::const_elimination"
[20200630 16:33:25 INFO /Volumes/data/work/1duo-coremltools/coremltools/converters/mil/backend/nn/passes/nn_passes.py:22] Performing passes for nn_backend: "common::dead_code_elimination"
[20200630 16:33:25 INFO /Volumes/data/work/1duo-coremltools/coremltools/converters/mil/backend/nn/passes/nn_passes.py:22] Performing passes for nn_backend: "nn_backend::handle_unused_inputs"
[20200630 16:33:25 INFO /Volumes/data/work/1duo-coremltools/coremltools/converters/mil/backend/nn/passes/nn_passes.py:22] Performing passes for nn_backend: "nn_backend::alert_return_type_cast"
[20200630 16:33:25 DEBUG /Volumes/data/work/1duo-coremltools/coremltools/converters/mil/backend/nn/passes/nn_passes.py:26] Program after nn backend passes:
main(%input: (1, 1, 5, 7, fp32)) {
  block114() {
    %1: (3, 1, 3, 3, fp32)* = const(val=(file_value), name="1")
    %2: (3,fp32)* = const(val=[-0.0779711902141571, 0.2936230003833771, -0.05996596813201904], name="2")
    %21: (2,i32)* = const(val=[3, 3], name="21")
    %23: (2,i32)* = const(val=[3, 3], name="23")
    %16: (i32)* = const(val=1, name="16")
    %20_pad_type_95: (str)* = const(val="custom", name="20_pad_type_95")
    %20_pad_95: (4,i32)* = const(val=[3, 3, 3, 3], name="20_pad_95")
    %20: (1, 3, 2, 3, fp32) = conv(x=%input, weight=%1, bias=%2, strides=%21, pad_type=%20_pad_type_95, pad=%20_pad_95, dilations=%23, groups=%16, name="20")
  } -> (%20)
}

[20200630 16:33:25 INFO /Volumes/data/work/1duo-coremltools/coremltools/converters/mil/frontend/torch/converter.py:269] Converting graph.
[20200630 16:33:25 INFO /Volumes/data/work/1duo-coremltools/coremltools/converters/mil/mil/builder.py:181] Adding op '1' of type const
[20200630 16:33:25 INFO /Volumes/data/work/1duo-coremltools/coremltools/converters/mil/mil/builder.py:181] Adding op '2' of type const
[20200630 16:33:25 INFO /Volumes/data/work/1duo-coremltools/coremltools/converters/mil/frontend/torch/ops.py:49] Converting op 21 : constant
[20200630 16:33:25 INFO /Volumes/data/work/1duo-coremltools/coremltools/converters/mil/mil/builder.py:181] Adding op '21' of type const
[20200630 16:33:25 INFO /Volumes/data/work/1duo-coremltools/coremltools/converters/mil/frontend/torch/ops.py:49] Converting op 22 : constant
[20200630 16:33:25 INFO /Volumes/data/work/1duo-coremltools/coremltools/converters/mil/mil/builder.py:181] Adding op '22' of type const
[20200630 16:33:25 INFO /Volumes/data/work/1duo-coremltools/coremltools/converters/mil/frontend/torch/ops.py:49] Converting op 23 : constant
[20200630 16:33:25 INFO /Volumes/data/work/1duo-coremltools/coremltools/converters/mil/mil/builder.py:181] Adding op '23' of type const
[20200630 16:33:25 INFO /Volumes/data/work/1duo-coremltools/coremltools/converters/mil/frontend/torch/ops.py:49] Converting op 12 : constant
[20200630 16:33:25 INFO /Volumes/data/work/1duo-coremltools/coremltools/converters/mil/mil/builder.py:181] Adding op '12' of type const
[20200630 16:33:25 INFO /Volumes/data/work/1duo-coremltools/coremltools/converters/mil/frontend/torch/ops.py:49] Converting op 24 : constant
[20200630 16:33:25 INFO /Volumes/data/work/1duo-coremltools/coremltools/converters/mil/mil/builder.py:181] Adding op '24' of type const
[20200630 16:33:25 INFO /Volumes/data/work/1duo-coremltools/coremltools/converters/mil/frontend/torch/ops.py:49] Converting op 16 : constant
[20200630 16:33:25 INFO /Volumes/data/work/1duo-coremltools/coremltools/converters/mil/mil/builder.py:181] Adding op '16' of type const
[20200630 16:33:25 INFO /Volumes/data/work/1duo-coremltools/coremltools/converters/mil/frontend/torch/ops.py:49] Converting op 17 : constant
[20200630 16:33:25 INFO /Volumes/data/work/1duo-coremltools/coremltools/converters/mil/mil/builder.py:181] Adding op '17' of type const
[20200630 16:33:25 INFO /Volumes/data/work/1duo-coremltools/coremltools/converters/mil/frontend/torch/ops.py:49] Converting op 18 : constant
[20200630 16:33:25 INFO /Volumes/data/work/1duo-coremltools/coremltools/converters/mil/mil/builder.py:181] Adding op '18' of type const
[20200630 16:33:25 INFO /Volumes/data/work/1duo-coremltools/coremltools/converters/mil/frontend/torch/ops.py:49] Converting op 19 : constant
[20200630 16:33:25 INFO /Volumes/data/work/1duo-coremltools/coremltools/converters/mil/mil/builder.py:181] Adding op '19' of type const
[20200630 16:33:25 INFO /Volumes/data/work/1duo-coremltools/coremltools/converters/mil/frontend/torch/ops.py:49] Converting op 20 : _convolution
[20200630 16:33:25 INFO /Volumes/data/work/1duo-coremltools/coremltools/converters/mil/mil/builder.py:181] Adding op '20' of type conv
[20200630 16:33:25 DEBUG /Volumes/data/work/1duo-coremltools/coremltools/converters/mil/mil/builder.py:93] Adding const op '20_pad_type_96'
[20200630 16:33:25 INFO /Volumes/data/work/1duo-coremltools/coremltools/converters/mil/mil/builder.py:181] Adding op '20_pad_type_96' of type const
[20200630 16:33:25 DEBUG /Volumes/data/work/1duo-coremltools/coremltools/converters/mil/mil/builder.py:93] Adding const op '20_pad_96'
[20200630 16:33:25 INFO /Volumes/data/work/1duo-coremltools/coremltools/converters/mil/mil/builder.py:181] Adding op '20_pad_96' of type const
[20200630 16:33:25 DEBUG /Volumes/data/work/1duo-coremltools/coremltools/converters/mil/mil/passes/common_pass.py:30] Program before common passes:
main(%input: (1, 3, 5, 7, fp32)) {
  block115() {
    %1: (1, 3, 1, 1, fp32)* = const(val=[[[[0.4496110677719116]], [[-0.3466717004776001]], [[0.40758711099624634]]]], name="1")
    %2: (1,fp32)* = const(val=[0.3263377547264099], name="2")
    %21: (2,i32)* = const(val=[1, 1], name="21")
    %22: (2,i32)* = const(val=[1, 1], name="22")
    %23: (2,i32)* = const(val=[1, 1], name="23")
    %12: (bool)* = const(val=False, name="12")
    %24: (2,i32)* = const(val=[0, 0], name="24")
    %16: (i32)* = const(val=1, name="16")
    %17: (bool)* = const(val=False, name="17")
    %18: (bool)* = const(val=False, name="18")
    %19: (bool)* = const(val=True, name="19")
    %20_pad_type_96: (str)* = const(val="custom", name="20_pad_type_96")
    %20_pad_96: (4,i32)* = const(val=[1, 1, 1, 1], name="20_pad_96")
    %20: (1, 1, 7, 9, fp32) = conv(x=%input, weight=%1, bias=%2, strides=%21, pad_type=%20_pad_type_96, pad=%20_pad_96, dilations=%23, groups=%16, name="20")
  } -> (%20)
}

[20200630 16:33:25 INFO /Volumes/data/work/1duo-coremltools/coremltools/converters/mil/mil/passes/common_pass.py:34] Performing pass: "common::const_elimination"
[20200630 16:33:25 INFO /Volumes/data/work/1duo-coremltools/coremltools/converters/mil/mil/passes/common_pass.py:34] Performing pass: "common::divide_to_multiply"
[20200630 16:33:25 INFO /Volumes/data/work/1duo-coremltools/coremltools/converters/mil/mil/passes/common_pass.py:34] Performing pass: "common::fuse_matmul_weight_bias"
[20200630 16:33:25 INFO /Volumes/data/work/1duo-coremltools/coremltools/converters/mil/mil/passes/common_pass.py:34] Performing pass: "common::const_elimination"
[20200630 16:33:25 INFO /Volumes/data/work/1duo-coremltools/coremltools/converters/mil/mil/passes/common_pass.py:34] Performing pass: "common::loop_invariant_elimination"
[20200630 16:33:25 INFO /Volumes/data/work/1duo-coremltools/coremltools/converters/mil/mil/passes/common_pass.py:34] Performing pass: "common::remove_symbolic_reshape"
[20200630 16:33:25 INFO /Volumes/data/work/1duo-coremltools/coremltools/converters/mil/mil/passes/remove_symbolic_reshape.py:104] remove_symbolic_reshape: changed 0 reshapes.
[20200630 16:33:25 INFO /Volumes/data/work/1duo-coremltools/coremltools/converters/mil/mil/passes/common_pass.py:34] Performing pass: "common::fuse_gelu_tanh_approximation"
[20200630 16:33:25 INFO /Volumes/data/work/1duo-coremltools/coremltools/converters/mil/mil/passes/common_pass.py:34] Performing pass: "common::reduce_transposes"
[20200630 16:33:25 DEBUG /Volumes/data/work/1duo-coremltools/coremltools/converters/mil/mil/passes/reduce_transposes.py:989] Block before optimize transpose transform:
function(%input: (1, 3, 5, 7, fp32)) {
  block115() {
    %1: (1, 3, 1, 1, fp32)* = const(val=[[[[0.4496110677719116]], [[-0.3466717004776001]], [[0.40758711099624634]]]], name="1")
    %2: (1,fp32)* = const(val=[0.3263377547264099], name="2")
    %21: (2,i32)* = const(val=[1, 1], name="21")
    %22: (2,i32)* = const(val=[1, 1], name="22")
    %23: (2,i32)* = const(val=[1, 1], name="23")
    %12: (bool)* = const(val=False, name="12")
    %24: (2,i32)* = const(val=[0, 0], name="24")
    %16: (i32)* = const(val=1, name="16")
    %17: (bool)* = const(val=False, name="17")
    %18: (bool)* = const(val=False, name="18")
    %19: (bool)* = const(val=True, name="19")
    %20_pad_type_96: (str)* = const(val="custom", name="20_pad_type_96")
    %20_pad_96: (4,i32)* = const(val=[1, 1, 1, 1], name="20_pad_96")
    %20: (1, 1, 7, 9, fp32) = conv(x=%input, weight=%1, bias=%2, strides=%21, pad_type=%20_pad_type_96, pad=%20_pad_96, dilations=%23, groups=%16, name="20")
  } -> (%20)
}

[20200630 16:33:25 DEBUG /Volumes/data/work/1duo-coremltools/coremltools/converters/mil/mil/passes/reduce_transposes.py:1024] Block after optimize transpose transform:
function(%input: (1, 3, 5, 7, fp32)) {
  block115() {
    %1: (1, 3, 1, 1, fp32)* = const(val=[[[[0.4496110677719116]], [[-0.3466717004776001]], [[0.40758711099624634]]]], name="1")
    %2: (1,fp32)* = const(val=[0.3263377547264099], name="2")
    %21: (2,i32)* = const(val=[1, 1], name="21")
    %22: (2,i32)* = const(val=[1, 1], name="22")
    %23: (2,i32)* = const(val=[1, 1], name="23")
    %12: (bool)* = const(val=False, name="12")
    %24: (2,i32)* = const(val=[0, 0], name="24")
    %16: (i32)* = const(val=1, name="16")
    %17: (bool)* = const(val=False, name="17")
    %18: (bool)* = const(val=False, name="18")
    %19: (bool)* = const(val=True, name="19")
    %20_pad_type_96: (str)* = const(val="custom", name="20_pad_type_96")
    %20_pad_96: (4,i32)* = const(val=[1, 1, 1, 1], name="20_pad_96")
    %20: (1, 1, 7, 9, fp32) = conv(x=%input, weight=%1, bias=%2, strides=%21, pad_type=%20_pad_type_96, pad=%20_pad_96, dilations=%23, groups=%16, name="20")
  } -> (%20)
}

[20200630 16:33:25 INFO /Volumes/data/work/1duo-coremltools/coremltools/converters/mil/mil/passes/common_pass.py:34] Performing pass: "common::fuse_bias_conv"
[20200630 16:33:25 INFO /Volumes/data/work/1duo-coremltools/coremltools/converters/mil/mil/passes/common_pass.py:34] Performing pass: "common::fuse_elementwise_to_batchnorm"
[20200630 16:33:25 INFO /Volumes/data/work/1duo-coremltools/coremltools/converters/mil/mil/passes/common_pass.py:34] Performing pass: "common::fuse_onehot_matmul_to_gather"
[20200630 16:33:25 INFO /Volumes/data/work/1duo-coremltools/coremltools/converters/mil/mil/passes/common_pass.py:34] Performing pass: "common::fuse_layernorm_or_instancenorm"
[20200630 16:33:25 INFO /Volumes/data/work/1duo-coremltools/coremltools/converters/mil/mil/passes/common_pass.py:34] Performing pass: "common::dead_code_elimination"
[20200630 16:33:25 INFO /Volumes/data/work/1duo-coremltools/coremltools/converters/mil/mil/passes/dead_code_elimination.py:35] Removing op "19" (type: const)
[20200630 16:33:25 INFO /Volumes/data/work/1duo-coremltools/coremltools/converters/mil/mil/passes/dead_code_elimination.py:35] Removing op "18" (type: const)
[20200630 16:33:25 INFO /Volumes/data/work/1duo-coremltools/coremltools/converters/mil/mil/passes/dead_code_elimination.py:35] Removing op "17" (type: const)
[20200630 16:33:25 INFO /Volumes/data/work/1duo-coremltools/coremltools/converters/mil/mil/passes/dead_code_elimination.py:35] Removing op "24" (type: const)
[20200630 16:33:25 INFO /Volumes/data/work/1duo-coremltools/coremltools/converters/mil/mil/passes/dead_code_elimination.py:35] Removing op "12" (type: const)
[20200630 16:33:25 INFO /Volumes/data/work/1duo-coremltools/coremltools/converters/mil/mil/passes/dead_code_elimination.py:35] Removing op "22" (type: const)
[20200630 16:33:25 DEBUG /Volumes/data/work/1duo-coremltools/coremltools/converters/mil/mil/passes/common_pass.py:38] Program after common passes:
main(%input: (1, 3, 5, 7, fp32)) {
  block115() {
    %1: (1, 3, 1, 1, fp32)* = const(val=[[[[0.4496110677719116]], [[-0.3466717004776001]], [[0.40758711099624634]]]], name="1")
    %2: (1,fp32)* = const(val=[0.3263377547264099], name="2")
    %21: (2,i32)* = const(val=[1, 1], name="21")
    %23: (2,i32)* = const(val=[1, 1], name="23")
    %16: (i32)* = const(val=1, name="16")
    %20_pad_type_96: (str)* = const(val="custom", name="20_pad_type_96")
    %20_pad_96: (4,i32)* = const(val=[1, 1, 1, 1], name="20_pad_96")
    %20: (1, 1, 7, 9, fp32) = conv(x=%input, weight=%1, bias=%2, strides=%21, pad_type=%20_pad_type_96, pad=%20_pad_96, dilations=%23, groups=%16, name="20")
  } -> (%20)
}

[20200630 16:33:25 INFO /Volumes/data/work/1duo-coremltools/coremltools/converters/mil/backend/nn/passes/nn_passes.py:22] Performing passes for nn_backend: "nn_backend::commingle_loop_vars"
[20200630 16:33:25 INFO /Volumes/data/work/1duo-coremltools/coremltools/converters/mil/backend/nn/passes/nn_passes.py:22] Performing passes for nn_backend: "nn_backend::handle_return_inputs_as_outputs"
[20200630 16:33:25 INFO /Volumes/data/work/1duo-coremltools/coremltools/converters/mil/backend/nn/passes/nn_passes.py:22] Performing passes for nn_backend: "common::const_elimination"
[20200630 16:33:25 INFO /Volumes/data/work/1duo-coremltools/coremltools/converters/mil/backend/nn/passes/nn_passes.py:22] Performing passes for nn_backend: "common::dead_code_elimination"
[20200630 16:33:25 INFO /Volumes/data/work/1duo-coremltools/coremltools/converters/mil/backend/nn/passes/nn_passes.py:22] Performing passes for nn_backend: "nn_backend::handle_unused_inputs"
[20200630 16:33:25 INFO /Volumes/data/work/1duo-coremltools/coremltools/converters/mil/backend/nn/passes/nn_passes.py:22] Performing passes for nn_backend: "nn_backend::alert_return_type_cast"
[20200630 16:33:25 DEBUG /Volumes/data/work/1duo-coremltools/coremltools/converters/mil/backend/nn/passes/nn_passes.py:26] Program after nn backend passes:
main(%input: (1, 3, 5, 7, fp32)) {
  block115() {
    %1: (1, 3, 1, 1, fp32)* = const(val=[[[[0.4496110677719116]], [[-0.3466717004776001]], [[0.40758711099624634]]]], name="1")
    %2: (1,fp32)* = const(val=[0.3263377547264099], name="2")
    %21: (2,i32)* = const(val=[1, 1], name="21")
    %23: (2,i32)* = const(val=[1, 1], name="23")
    %16: (i32)* = const(val=1, name="16")
    %20_pad_type_96: (str)* = const(val="custom", name="20_pad_type_96")
    %20_pad_96: (4,i32)* = const(val=[1, 1, 1, 1], name="20_pad_96")
    %20: (1, 1, 7, 9, fp32) = conv(x=%input, weight=%1, bias=%2, strides=%21, pad_type=%20_pad_type_96, pad=%20_pad_96, dilations=%23, groups=%16, name="20")
  } -> (%20)
}

[20200630 16:33:25 INFO /Volumes/data/work/1duo-coremltools/coremltools/converters/mil/frontend/torch/converter.py:269] Converting graph.
[20200630 16:33:25 INFO /Volumes/data/work/1duo-coremltools/coremltools/converters/mil/mil/builder.py:181] Adding op '1' of type const
[20200630 16:33:25 INFO /Volumes/data/work/1duo-coremltools/coremltools/converters/mil/mil/builder.py:181] Adding op '2' of type const
[20200630 16:33:25 INFO /Volumes/data/work/1duo-coremltools/coremltools/converters/mil/frontend/torch/ops.py:49] Converting op 21 : constant
[20200630 16:33:25 INFO /Volumes/data/work/1duo-coremltools/coremltools/converters/mil/mil/builder.py:181] Adding op '21' of type const
[20200630 16:33:25 INFO /Volumes/data/work/1duo-coremltools/coremltools/converters/mil/frontend/torch/ops.py:49] Converting op 22 : constant
[20200630 16:33:25 INFO /Volumes/data/work/1duo-coremltools/coremltools/converters/mil/mil/builder.py:181] Adding op '22' of type const
[20200630 16:33:25 INFO /Volumes/data/work/1duo-coremltools/coremltools/converters/mil/frontend/torch/ops.py:49] Converting op 23 : constant
[20200630 16:33:25 INFO /Volumes/data/work/1duo-coremltools/coremltools/converters/mil/mil/builder.py:181] Adding op '23' of type const
[20200630 16:33:25 INFO /Volumes/data/work/1duo-coremltools/coremltools/converters/mil/frontend/torch/ops.py:49] Converting op 12 : constant
[20200630 16:33:25 INFO /Volumes/data/work/1duo-coremltools/coremltools/converters/mil/mil/builder.py:181] Adding op '12' of type const
[20200630 16:33:25 INFO /Volumes/data/work/1duo-coremltools/coremltools/converters/mil/frontend/torch/ops.py:49] Converting op 24 : constant
[20200630 16:33:25 INFO /Volumes/data/work/1duo-coremltools/coremltools/converters/mil/mil/builder.py:181] Adding op '24' of type const
[20200630 16:33:25 INFO /Volumes/data/work/1duo-coremltools/coremltools/converters/mil/frontend/torch/ops.py:49] Converting op 16 : constant
[20200630 16:33:25 INFO /Volumes/data/work/1duo-coremltools/coremltools/converters/mil/mil/builder.py:181] Adding op '16' of type const
[20200630 16:33:25 INFO /Volumes/data/work/1duo-coremltools/coremltools/converters/mil/frontend/torch/ops.py:49] Converting op 17 : constant
[20200630 16:33:25 INFO /Volumes/data/work/1duo-coremltools/coremltools/converters/mil/mil/builder.py:181] Adding op '17' of type const
[20200630 16:33:25 INFO /Volumes/data/work/1duo-coremltools/coremltools/converters/mil/frontend/torch/ops.py:49] Converting op 18 : constant
[20200630 16:33:25 INFO /Volumes/data/work/1duo-coremltools/coremltools/converters/mil/mil/builder.py:181] Adding op '18' of type const
[20200630 16:33:25 INFO /Volumes/data/work/1duo-coremltools/coremltools/converters/mil/frontend/torch/ops.py:49] Converting op 19 : constant
[20200630 16:33:25 INFO /Volumes/data/work/1duo-coremltools/coremltools/converters/mil/mil/builder.py:181] Adding op '19' of type const
[20200630 16:33:25 INFO /Volumes/data/work/1duo-coremltools/coremltools/converters/mil/frontend/torch/ops.py:49] Converting op 20 : _convolution
[20200630 16:33:25 INFO /Volumes/data/work/1duo-coremltools/coremltools/converters/mil/mil/builder.py:181] Adding op '20' of type conv
[20200630 16:33:25 DEBUG /Volumes/data/work/1duo-coremltools/coremltools/converters/mil/mil/builder.py:93] Adding const op '20_pad_type_97'
[20200630 16:33:25 INFO /Volumes/data/work/1duo-coremltools/coremltools/converters/mil/mil/builder.py:181] Adding op '20_pad_type_97' of type const
[20200630 16:33:25 DEBUG /Volumes/data/work/1duo-coremltools/coremltools/converters/mil/mil/builder.py:93] Adding const op '20_pad_97'
[20200630 16:33:25 INFO /Volumes/data/work/1duo-coremltools/coremltools/converters/mil/mil/builder.py:181] Adding op '20_pad_97' of type const
[20200630 16:33:25 DEBUG /Volumes/data/work/1duo-coremltools/coremltools/converters/mil/mil/passes/common_pass.py:30] Program before common passes:
main(%input: (1, 3, 5, 7, fp32)) {
  block116() {
    %1: (1, 3, 1, 1, fp32)* = const(val=[[[[0.25551486015319824]], [[0.20268148183822632]], [[0.5283676385879517]]]], name="1")
    %2: (1,fp32)* = const(val=[0.22661685943603516], name="2")
    %21: (2,i32)* = const(val=[1, 1], name="21")
    %22: (2,i32)* = const(val=[1, 1], name="22")
    %23: (2,i32)* = const(val=[3, 3], name="23")
    %12: (bool)* = const(val=False, name="12")
    %24: (2,i32)* = const(val=[0, 0], name="24")
    %16: (i32)* = const(val=1, name="16")
    %17: (bool)* = const(val=False, name="17")
    %18: (bool)* = const(val=False, name="18")
    %19: (bool)* = const(val=True, name="19")
    %20_pad_type_97: (str)* = const(val="custom", name="20_pad_type_97")
    %20_pad_97: (4,i32)* = const(val=[1, 1, 1, 1], name="20_pad_97")
    %20: (1, 1, 7, 9, fp32) = conv(x=%input, weight=%1, bias=%2, strides=%21, pad_type=%20_pad_type_97, pad=%20_pad_97, dilations=%23, groups=%16, name="20")
  } -> (%20)
}

[20200630 16:33:25 INFO /Volumes/data/work/1duo-coremltools/coremltools/converters/mil/mil/passes/common_pass.py:34] Performing pass: "common::const_elimination"
[20200630 16:33:25 INFO /Volumes/data/work/1duo-coremltools/coremltools/converters/mil/mil/passes/common_pass.py:34] Performing pass: "common::divide_to_multiply"
[20200630 16:33:25 INFO /Volumes/data/work/1duo-coremltools/coremltools/converters/mil/mil/passes/common_pass.py:34] Performing pass: "common::fuse_matmul_weight_bias"
[20200630 16:33:25 INFO /Volumes/data/work/1duo-coremltools/coremltools/converters/mil/mil/passes/common_pass.py:34] Performing pass: "common::const_elimination"
[20200630 16:33:25 INFO /Volumes/data/work/1duo-coremltools/coremltools/converters/mil/mil/passes/common_pass.py:34] Performing pass: "common::loop_invariant_elimination"
[20200630 16:33:25 INFO /Volumes/data/work/1duo-coremltools/coremltools/converters/mil/mil/passes/common_pass.py:34] Performing pass: "common::remove_symbolic_reshape"
[20200630 16:33:25 INFO /Volumes/data/work/1duo-coremltools/coremltools/converters/mil/mil/passes/remove_symbolic_reshape.py:104] remove_symbolic_reshape: changed 0 reshapes.
[20200630 16:33:25 INFO /Volumes/data/work/1duo-coremltools/coremltools/converters/mil/mil/passes/common_pass.py:34] Performing pass: "common::fuse_gelu_tanh_approximation"
[20200630 16:33:25 INFO /Volumes/data/work/1duo-coremltools/coremltools/converters/mil/mil/passes/common_pass.py:34] Performing pass: "common::reduce_transposes"
[20200630 16:33:25 DEBUG /Volumes/data/work/1duo-coremltools/coremltools/converters/mil/mil/passes/reduce_transposes.py:989] Block before optimize transpose transform:
function(%input: (1, 3, 5, 7, fp32)) {
  block116() {
    %1: (1, 3, 1, 1, fp32)* = const(val=[[[[0.25551486015319824]], [[0.20268148183822632]], [[0.5283676385879517]]]], name="1")
    %2: (1,fp32)* = const(val=[0.22661685943603516], name="2")
    %21: (2,i32)* = const(val=[1, 1], name="21")
    %22: (2,i32)* = const(val=[1, 1], name="22")
    %23: (2,i32)* = const(val=[3, 3], name="23")
    %12: (bool)* = const(val=False, name="12")
    %24: (2,i32)* = const(val=[0, 0], name="24")
    %16: (i32)* = const(val=1, name="16")
    %17: (bool)* = const(val=False, name="17")
    %18: (bool)* = const(val=False, name="18")
    %19: (bool)* = const(val=True, name="19")
    %20_pad_type_97: (str)* = const(val="custom", name="20_pad_type_97")
    %20_pad_97: (4,i32)* = const(val=[1, 1, 1, 1], name="20_pad_97")
    %20: (1, 1, 7, 9, fp32) = conv(x=%input, weight=%1, bias=%2, strides=%21, pad_type=%20_pad_type_97, pad=%20_pad_97, dilations=%23, groups=%16, name="20")
  } -> (%20)
}

[20200630 16:33:25 DEBUG /Volumes/data/work/1duo-coremltools/coremltools/converters/mil/mil/passes/reduce_transposes.py:1024] Block after optimize transpose transform:
function(%input: (1, 3, 5, 7, fp32)) {
  block116() {
    %1: (1, 3, 1, 1, fp32)* = const(val=[[[[0.25551486015319824]], [[0.20268148183822632]], [[0.5283676385879517]]]], name="1")
    %2: (1,fp32)* = const(val=[0.22661685943603516], name="2")
    %21: (2,i32)* = const(val=[1, 1], name="21")
    %22: (2,i32)* = const(val=[1, 1], name="22")
    %23: (2,i32)* = const(val=[3, 3], name="23")
    %12: (bool)* = const(val=False, name="12")
    %24: (2,i32)* = const(val=[0, 0], name="24")
    %16: (i32)* = const(val=1, name="16")
    %17: (bool)* = const(val=False, name="17")
    %18: (bool)* = const(val=False, name="18")
    %19: (bool)* = const(val=True, name="19")
    %20_pad_type_97: (str)* = const(val="custom", name="20_pad_type_97")
    %20_pad_97: (4,i32)* = const(val=[1, 1, 1, 1], name="20_pad_97")
    %20: (1, 1, 7, 9, fp32) = conv(x=%input, weight=%1, bias=%2, strides=%21, pad_type=%20_pad_type_97, pad=%20_pad_97, dilations=%23, groups=%16, name="20")
  } -> (%20)
}

[20200630 16:33:25 INFO /Volumes/data/work/1duo-coremltools/coremltools/converters/mil/mil/passes/common_pass.py:34] Performing pass: "common::fuse_bias_conv"
[20200630 16:33:25 INFO /Volumes/data/work/1duo-coremltools/coremltools/converters/mil/mil/passes/common_pass.py:34] Performing pass: "common::fuse_elementwise_to_batchnorm"
[20200630 16:33:25 INFO /Volumes/data/work/1duo-coremltools/coremltools/converters/mil/mil/passes/common_pass.py:34] Performing pass: "common::fuse_onehot_matmul_to_gather"
[20200630 16:33:25 INFO /Volumes/data/work/1duo-coremltools/coremltools/converters/mil/mil/passes/common_pass.py:34] Performing pass: "common::fuse_layernorm_or_instancenorm"
[20200630 16:33:25 INFO /Volumes/data/work/1duo-coremltools/coremltools/converters/mil/mil/passes/common_pass.py:34] Performing pass: "common::dead_code_elimination"
[20200630 16:33:25 INFO /Volumes/data/work/1duo-coremltools/coremltools/converters/mil/mil/passes/dead_code_elimination.py:35] Removing op "19" (type: const)
[20200630 16:33:25 INFO /Volumes/data/work/1duo-coremltools/coremltools/converters/mil/mil/passes/dead_code_elimination.py:35] Removing op "18" (type: const)
[20200630 16:33:25 INFO /Volumes/data/work/1duo-coremltools/coremltools/converters/mil/mil/passes/dead_code_elimination.py:35] Removing op "17" (type: const)
[20200630 16:33:25 INFO /Volumes/data/work/1duo-coremltools/coremltools/converters/mil/mil/passes/dead_code_elimination.py:35] Removing op "24" (type: const)
[20200630 16:33:25 INFO /Volumes/data/work/1duo-coremltools/coremltools/converters/mil/mil/passes/dead_code_elimination.py:35] Removing op "12" (type: const)
[20200630 16:33:25 INFO /Volumes/data/work/1duo-coremltools/coremltools/converters/mil/mil/passes/dead_code_elimination.py:35] Removing op "22" (type: const)
[20200630 16:33:25 DEBUG /Volumes/data/work/1duo-coremltools/coremltools/converters/mil/mil/passes/common_pass.py:38] Program after common passes:
main(%input: (1, 3, 5, 7, fp32)) {
  block116() {
    %1: (1, 3, 1, 1, fp32)* = const(val=[[[[0.25551486015319824]], [[0.20268148183822632]], [[0.5283676385879517]]]], name="1")
    %2: (1,fp32)* = const(val=[0.22661685943603516], name="2")
    %21: (2,i32)* = const(val=[1, 1], name="21")
    %23: (2,i32)* = const(val=[3, 3], name="23")
    %16: (i32)* = const(val=1, name="16")
    %20_pad_type_97: (str)* = const(val="custom", name="20_pad_type_97")
    %20_pad_97: (4,i32)* = const(val=[1, 1, 1, 1], name="20_pad_97")
    %20: (1, 1, 7, 9, fp32) = conv(x=%input, weight=%1, bias=%2, strides=%21, pad_type=%20_pad_type_97, pad=%20_pad_97, dilations=%23, groups=%16, name="20")
  } -> (%20)
}

[20200630 16:33:25 INFO /Volumes/data/work/1duo-coremltools/coremltools/converters/mil/backend/nn/passes/nn_passes.py:22] Performing passes for nn_backend: "nn_backend::commingle_loop_vars"
[20200630 16:33:25 INFO /Volumes/data/work/1duo-coremltools/coremltools/converters/mil/backend/nn/passes/nn_passes.py:22] Performing passes for nn_backend: "nn_backend::handle_return_inputs_as_outputs"
[20200630 16:33:25 INFO /Volumes/data/work/1duo-coremltools/coremltools/converters/mil/backend/nn/passes/nn_passes.py:22] Performing passes for nn_backend: "common::const_elimination"
[20200630 16:33:25 INFO /Volumes/data/work/1duo-coremltools/coremltools/converters/mil/backend/nn/passes/nn_passes.py:22] Performing passes for nn_backend: "common::dead_code_elimination"
[20200630 16:33:25 INFO /Volumes/data/work/1duo-coremltools/coremltools/converters/mil/backend/nn/passes/nn_passes.py:22] Performing passes for nn_backend: "nn_backend::handle_unused_inputs"
[20200630 16:33:25 INFO /Volumes/data/work/1duo-coremltools/coremltools/converters/mil/backend/nn/passes/nn_passes.py:22] Performing passes for nn_backend: "nn_backend::alert_return_type_cast"
[20200630 16:33:25 DEBUG /Volumes/data/work/1duo-coremltools/coremltools/converters/mil/backend/nn/passes/nn_passes.py:26] Program after nn backend passes:
main(%input: (1, 3, 5, 7, fp32)) {
  block116() {
    %1: (1, 3, 1, 1, fp32)* = const(val=[[[[0.25551486015319824]], [[0.20268148183822632]], [[0.5283676385879517]]]], name="1")
    %2: (1,fp32)* = const(val=[0.22661685943603516], name="2")
    %21: (2,i32)* = const(val=[1, 1], name="21")
    %23: (2,i32)* = const(val=[3, 3], name="23")
    %16: (i32)* = const(val=1, name="16")
    %20_pad_type_97: (str)* = const(val="custom", name="20_pad_type_97")
    %20_pad_97: (4,i32)* = const(val=[1, 1, 1, 1], name="20_pad_97")
    %20: (1, 1, 7, 9, fp32) = conv(x=%input, weight=%1, bias=%2, strides=%21, pad_type=%20_pad_type_97, pad=%20_pad_97, dilations=%23, groups=%16, name="20")
  } -> (%20)
}

[20200630 16:33:25 INFO /Volumes/data/work/1duo-coremltools/coremltools/converters/mil/frontend/torch/converter.py:269] Converting graph.
[20200630 16:33:25 INFO /Volumes/data/work/1duo-coremltools/coremltools/converters/mil/mil/builder.py:181] Adding op '1' of type const
[20200630 16:33:25 INFO /Volumes/data/work/1duo-coremltools/coremltools/converters/mil/mil/builder.py:181] Adding op '2' of type const
[20200630 16:33:25 INFO /Volumes/data/work/1duo-coremltools/coremltools/converters/mil/frontend/torch/ops.py:49] Converting op 21 : constant
[20200630 16:33:25 INFO /Volumes/data/work/1duo-coremltools/coremltools/converters/mil/mil/builder.py:181] Adding op '21' of type const
[20200630 16:33:25 INFO /Volumes/data/work/1duo-coremltools/coremltools/converters/mil/frontend/torch/ops.py:49] Converting op 22 : constant
[20200630 16:33:25 INFO /Volumes/data/work/1duo-coremltools/coremltools/converters/mil/mil/builder.py:181] Adding op '22' of type const
[20200630 16:33:25 INFO /Volumes/data/work/1duo-coremltools/coremltools/converters/mil/frontend/torch/ops.py:49] Converting op 23 : constant
[20200630 16:33:25 INFO /Volumes/data/work/1duo-coremltools/coremltools/converters/mil/mil/builder.py:181] Adding op '23' of type const
[20200630 16:33:25 INFO /Volumes/data/work/1duo-coremltools/coremltools/converters/mil/frontend/torch/ops.py:49] Converting op 12 : constant
[20200630 16:33:25 INFO /Volumes/data/work/1duo-coremltools/coremltools/converters/mil/mil/builder.py:181] Adding op '12' of type const
[20200630 16:33:25 INFO /Volumes/data/work/1duo-coremltools/coremltools/converters/mil/frontend/torch/ops.py:49] Converting op 24 : constant
[20200630 16:33:25 INFO /Volumes/data/work/1duo-coremltools/coremltools/converters/mil/mil/builder.py:181] Adding op '24' of type const
[20200630 16:33:25 INFO /Volumes/data/work/1duo-coremltools/coremltools/converters/mil/frontend/torch/ops.py:49] Converting op 16 : constant
[20200630 16:33:25 INFO /Volumes/data/work/1duo-coremltools/coremltools/converters/mil/mil/builder.py:181] Adding op '16' of type const
[20200630 16:33:25 INFO /Volumes/data/work/1duo-coremltools/coremltools/converters/mil/frontend/torch/ops.py:49] Converting op 17 : constant
[20200630 16:33:25 INFO /Volumes/data/work/1duo-coremltools/coremltools/converters/mil/mil/builder.py:181] Adding op '17' of type const
[20200630 16:33:25 INFO /Volumes/data/work/1duo-coremltools/coremltools/converters/mil/frontend/torch/ops.py:49] Converting op 18 : constant
[20200630 16:33:25 INFO /Volumes/data/work/1duo-coremltools/coremltools/converters/mil/mil/builder.py:181] Adding op '18' of type const
[20200630 16:33:25 INFO /Volumes/data/work/1duo-coremltools/coremltools/converters/mil/frontend/torch/ops.py:49] Converting op 19 : constant
[20200630 16:33:25 INFO /Volumes/data/work/1duo-coremltools/coremltools/converters/mil/mil/builder.py:181] Adding op '19' of type const
[20200630 16:33:25 INFO /Volumes/data/work/1duo-coremltools/coremltools/converters/mil/frontend/torch/ops.py:49] Converting op 20 : _convolution
[20200630 16:33:25 INFO /Volumes/data/work/1duo-coremltools/coremltools/converters/mil/mil/builder.py:181] Adding op '20' of type conv
[20200630 16:33:25 DEBUG /Volumes/data/work/1duo-coremltools/coremltools/converters/mil/mil/builder.py:93] Adding const op '20_pad_type_98'
[20200630 16:33:25 INFO /Volumes/data/work/1duo-coremltools/coremltools/converters/mil/mil/builder.py:181] Adding op '20_pad_type_98' of type const
[20200630 16:33:25 DEBUG /Volumes/data/work/1duo-coremltools/coremltools/converters/mil/mil/builder.py:93] Adding const op '20_pad_98'
[20200630 16:33:25 INFO /Volumes/data/work/1duo-coremltools/coremltools/converters/mil/mil/builder.py:181] Adding op '20_pad_98' of type const
[20200630 16:33:25 DEBUG /Volumes/data/work/1duo-coremltools/coremltools/converters/mil/mil/passes/common_pass.py:30] Program before common passes:
main(%input: (1, 3, 5, 7, fp32)) {
  block117() {
    %1: (1, 3, 1, 1, fp32)* = const(val=[[[[0.3963209390640259]], [[0.5422062873840332]], [[-0.3717638850212097]]]], name="1")
    %2: (1,fp32)* = const(val=[-0.3287687301635742], name="2")
    %21: (2,i32)* = const(val=[1, 1], name="21")
    %22: (2,i32)* = const(val=[3, 3], name="22")
    %23: (2,i32)* = const(val=[1, 1], name="23")
    %12: (bool)* = const(val=False, name="12")
    %24: (2,i32)* = const(val=[0, 0], name="24")
    %16: (i32)* = const(val=1, name="16")
    %17: (bool)* = const(val=False, name="17")
    %18: (bool)* = const(val=False, name="18")
    %19: (bool)* = const(val=True, name="19")
    %20_pad_type_98: (str)* = const(val="custom", name="20_pad_type_98")
    %20_pad_98: (4,i32)* = const(val=[3, 3, 3, 3], name="20_pad_98")
    %20: (1, 1, 11, 13, fp32) = conv(x=%input, weight=%1, bias=%2, strides=%21, pad_type=%20_pad_type_98, pad=%20_pad_98, dilations=%23, groups=%16, name="20")
  } -> (%20)
}

[20200630 16:33:25 INFO /Volumes/data/work/1duo-coremltools/coremltools/converters/mil/mil/passes/common_pass.py:34] Performing pass: "common::const_elimination"
[20200630 16:33:25 INFO /Volumes/data/work/1duo-coremltools/coremltools/converters/mil/mil/passes/common_pass.py:34] Performing pass: "common::divide_to_multiply"
[20200630 16:33:25 INFO /Volumes/data/work/1duo-coremltools/coremltools/converters/mil/mil/passes/common_pass.py:34] Performing pass: "common::fuse_matmul_weight_bias"
[20200630 16:33:25 INFO /Volumes/data/work/1duo-coremltools/coremltools/converters/mil/mil/passes/common_pass.py:34] Performing pass: "common::const_elimination"
[20200630 16:33:25 INFO /Volumes/data/work/1duo-coremltools/coremltools/converters/mil/mil/passes/common_pass.py:34] Performing pass: "common::loop_invariant_elimination"
[20200630 16:33:25 INFO /Volumes/data/work/1duo-coremltools/coremltools/converters/mil/mil/passes/common_pass.py:34] Performing pass: "common::remove_symbolic_reshape"
[20200630 16:33:25 INFO /Volumes/data/work/1duo-coremltools/coremltools/converters/mil/mil/passes/remove_symbolic_reshape.py:104] remove_symbolic_reshape: changed 0 reshapes.
[20200630 16:33:25 INFO /Volumes/data/work/1duo-coremltools/coremltools/converters/mil/mil/passes/common_pass.py:34] Performing pass: "common::fuse_gelu_tanh_approximation"
[20200630 16:33:25 INFO /Volumes/data/work/1duo-coremltools/coremltools/converters/mil/mil/passes/common_pass.py:34] Performing pass: "common::reduce_transposes"
[20200630 16:33:25 DEBUG /Volumes/data/work/1duo-coremltools/coremltools/converters/mil/mil/passes/reduce_transposes.py:989] Block before optimize transpose transform:
function(%input: (1, 3, 5, 7, fp32)) {
  block117() {
    %1: (1, 3, 1, 1, fp32)* = const(val=[[[[0.3963209390640259]], [[0.5422062873840332]], [[-0.3717638850212097]]]], name="1")
    %2: (1,fp32)* = const(val=[-0.3287687301635742], name="2")
    %21: (2,i32)* = const(val=[1, 1], name="21")
    %22: (2,i32)* = const(val=[3, 3], name="22")
    %23: (2,i32)* = const(val=[1, 1], name="23")
    %12: (bool)* = const(val=False, name="12")
    %24: (2,i32)* = const(val=[0, 0], name="24")
    %16: (i32)* = const(val=1, name="16")
    %17: (bool)* = const(val=False, name="17")
    %18: (bool)* = const(val=False, name="18")
    %19: (bool)* = const(val=True, name="19")
    %20_pad_type_98: (str)* = const(val="custom", name="20_pad_type_98")
    %20_pad_98: (4,i32)* = const(val=[3, 3, 3, 3], name="20_pad_98")
    %20: (1, 1, 11, 13, fp32) = conv(x=%input, weight=%1, bias=%2, strides=%21, pad_type=%20_pad_type_98, pad=%20_pad_98, dilations=%23, groups=%16, name="20")
  } -> (%20)
}

[20200630 16:33:25 DEBUG /Volumes/data/work/1duo-coremltools/coremltools/converters/mil/mil/passes/reduce_transposes.py:1024] Block after optimize transpose transform:
function(%input: (1, 3, 5, 7, fp32)) {
  block117() {
    %1: (1, 3, 1, 1, fp32)* = const(val=[[[[0.3963209390640259]], [[0.5422062873840332]], [[-0.3717638850212097]]]], name="1")
    %2: (1,fp32)* = const(val=[-0.3287687301635742], name="2")
    %21: (2,i32)* = const(val=[1, 1], name="21")
    %22: (2,i32)* = const(val=[3, 3], name="22")
    %23: (2,i32)* = const(val=[1, 1], name="23")
    %12: (bool)* = const(val=False, name="12")
    %24: (2,i32)* = const(val=[0, 0], name="24")
    %16: (i32)* = const(val=1, name="16")
    %17: (bool)* = const(val=False, name="17")
    %18: (bool)* = const(val=False, name="18")
    %19: (bool)* = const(val=True, name="19")
    %20_pad_type_98: (str)* = const(val="custom", name="20_pad_type_98")
    %20_pad_98: (4,i32)* = const(val=[3, 3, 3, 3], name="20_pad_98")
    %20: (1, 1, 11, 13, fp32) = conv(x=%input, weight=%1, bias=%2, strides=%21, pad_type=%20_pad_type_98, pad=%20_pad_98, dilations=%23, groups=%16, name="20")
  } -> (%20)
}

[20200630 16:33:25 INFO /Volumes/data/work/1duo-coremltools/coremltools/converters/mil/mil/passes/common_pass.py:34] Performing pass: "common::fuse_bias_conv"
[20200630 16:33:25 INFO /Volumes/data/work/1duo-coremltools/coremltools/converters/mil/mil/passes/common_pass.py:34] Performing pass: "common::fuse_elementwise_to_batchnorm"
[20200630 16:33:25 INFO /Volumes/data/work/1duo-coremltools/coremltools/converters/mil/mil/passes/common_pass.py:34] Performing pass: "common::fuse_onehot_matmul_to_gather"
[20200630 16:33:25 INFO /Volumes/data/work/1duo-coremltools/coremltools/converters/mil/mil/passes/common_pass.py:34] Performing pass: "common::fuse_layernorm_or_instancenorm"
[20200630 16:33:25 INFO /Volumes/data/work/1duo-coremltools/coremltools/converters/mil/mil/passes/common_pass.py:34] Performing pass: "common::dead_code_elimination"
[20200630 16:33:25 INFO /Volumes/data/work/1duo-coremltools/coremltools/converters/mil/mil/passes/dead_code_elimination.py:35] Removing op "19" (type: const)
[20200630 16:33:25 INFO /Volumes/data/work/1duo-coremltools/coremltools/converters/mil/mil/passes/dead_code_elimination.py:35] Removing op "18" (type: const)
[20200630 16:33:25 INFO /Volumes/data/work/1duo-coremltools/coremltools/converters/mil/mil/passes/dead_code_elimination.py:35] Removing op "17" (type: const)
[20200630 16:33:25 INFO /Volumes/data/work/1duo-coremltools/coremltools/converters/mil/mil/passes/dead_code_elimination.py:35] Removing op "24" (type: const)
[20200630 16:33:25 INFO /Volumes/data/work/1duo-coremltools/coremltools/converters/mil/mil/passes/dead_code_elimination.py:35] Removing op "12" (type: const)
[20200630 16:33:25 INFO /Volumes/data/work/1duo-coremltools/coremltools/converters/mil/mil/passes/dead_code_elimination.py:35] Removing op "22" (type: const)
[20200630 16:33:25 DEBUG /Volumes/data/work/1duo-coremltools/coremltools/converters/mil/mil/passes/common_pass.py:38] Program after common passes:
main(%input: (1, 3, 5, 7, fp32)) {
  block117() {
    %1: (1, 3, 1, 1, fp32)* = const(val=[[[[0.3963209390640259]], [[0.5422062873840332]], [[-0.3717638850212097]]]], name="1")
    %2: (1,fp32)* = const(val=[-0.3287687301635742], name="2")
    %21: (2,i32)* = const(val=[1, 1], name="21")
    %23: (2,i32)* = const(val=[1, 1], name="23")
    %16: (i32)* = const(val=1, name="16")
    %20_pad_type_98: (str)* = const(val="custom", name="20_pad_type_98")
    %20_pad_98: (4,i32)* = const(val=[3, 3, 3, 3], name="20_pad_98")
    %20: (1, 1, 11, 13, fp32) = conv(x=%input, weight=%1, bias=%2, strides=%21, pad_type=%20_pad_type_98, pad=%20_pad_98, dilations=%23, groups=%16, name="20")
  } -> (%20)
}

[20200630 16:33:25 INFO /Volumes/data/work/1duo-coremltools/coremltools/converters/mil/backend/nn/passes/nn_passes.py:22] Performing passes for nn_backend: "nn_backend::commingle_loop_vars"
[20200630 16:33:25 INFO /Volumes/data/work/1duo-coremltools/coremltools/converters/mil/backend/nn/passes/nn_passes.py:22] Performing passes for nn_backend: "nn_backend::handle_return_inputs_as_outputs"
[20200630 16:33:25 INFO /Volumes/data/work/1duo-coremltools/coremltools/converters/mil/backend/nn/passes/nn_passes.py:22] Performing passes for nn_backend: "common::const_elimination"
[20200630 16:33:25 INFO /Volumes/data/work/1duo-coremltools/coremltools/converters/mil/backend/nn/passes/nn_passes.py:22] Performing passes for nn_backend: "common::dead_code_elimination"
[20200630 16:33:25 INFO /Volumes/data/work/1duo-coremltools/coremltools/converters/mil/backend/nn/passes/nn_passes.py:22] Performing passes for nn_backend: "nn_backend::handle_unused_inputs"
[20200630 16:33:25 INFO /Volumes/data/work/1duo-coremltools/coremltools/converters/mil/backend/nn/passes/nn_passes.py:22] Performing passes for nn_backend: "nn_backend::alert_return_type_cast"
[20200630 16:33:25 DEBUG /Volumes/data/work/1duo-coremltools/coremltools/converters/mil/backend/nn/passes/nn_passes.py:26] Program after nn backend passes:
main(%input: (1, 3, 5, 7, fp32)) {
  block117() {
    %1: (1, 3, 1, 1, fp32)* = const(val=[[[[0.3963209390640259]], [[0.5422062873840332]], [[-0.3717638850212097]]]], name="1")
    %2: (1,fp32)* = const(val=[-0.3287687301635742], name="2")
    %21: (2,i32)* = const(val=[1, 1], name="21")
    %23: (2,i32)* = const(val=[1, 1], name="23")
    %16: (i32)* = const(val=1, name="16")
    %20_pad_type_98: (str)* = const(val="custom", name="20_pad_type_98")
    %20_pad_98: (4,i32)* = const(val=[3, 3, 3, 3], name="20_pad_98")
    %20: (1, 1, 11, 13, fp32) = conv(x=%input, weight=%1, bias=%2, strides=%21, pad_type=%20_pad_type_98, pad=%20_pad_98, dilations=%23, groups=%16, name="20")
  } -> (%20)
}

[20200630 16:33:25 INFO /Volumes/data/work/1duo-coremltools/coremltools/converters/mil/frontend/torch/converter.py:269] Converting graph.
[20200630 16:33:25 INFO /Volumes/data/work/1duo-coremltools/coremltools/converters/mil/mil/builder.py:181] Adding op '1' of type const
[20200630 16:33:25 INFO /Volumes/data/work/1duo-coremltools/coremltools/converters/mil/mil/builder.py:181] Adding op '2' of type const
[20200630 16:33:25 INFO /Volumes/data/work/1duo-coremltools/coremltools/converters/mil/frontend/torch/ops.py:49] Converting op 21 : constant
[20200630 16:33:25 INFO /Volumes/data/work/1duo-coremltools/coremltools/converters/mil/mil/builder.py:181] Adding op '21' of type const
[20200630 16:33:25 INFO /Volumes/data/work/1duo-coremltools/coremltools/converters/mil/frontend/torch/ops.py:49] Converting op 22 : constant
[20200630 16:33:25 INFO /Volumes/data/work/1duo-coremltools/coremltools/converters/mil/mil/builder.py:181] Adding op '22' of type const
[20200630 16:33:25 INFO /Volumes/data/work/1duo-coremltools/coremltools/converters/mil/frontend/torch/ops.py:49] Converting op 23 : constant
[20200630 16:33:25 INFO /Volumes/data/work/1duo-coremltools/coremltools/converters/mil/mil/builder.py:181] Adding op '23' of type const
[20200630 16:33:25 INFO /Volumes/data/work/1duo-coremltools/coremltools/converters/mil/frontend/torch/ops.py:49] Converting op 12 : constant
[20200630 16:33:25 INFO /Volumes/data/work/1duo-coremltools/coremltools/converters/mil/mil/builder.py:181] Adding op '12' of type const
[20200630 16:33:25 INFO /Volumes/data/work/1duo-coremltools/coremltools/converters/mil/frontend/torch/ops.py:49] Converting op 24 : constant
[20200630 16:33:25 INFO /Volumes/data/work/1duo-coremltools/coremltools/converters/mil/mil/builder.py:181] Adding op '24' of type const
[20200630 16:33:25 INFO /Volumes/data/work/1duo-coremltools/coremltools/converters/mil/frontend/torch/ops.py:49] Converting op 16 : constant
[20200630 16:33:25 INFO /Volumes/data/work/1duo-coremltools/coremltools/converters/mil/mil/builder.py:181] Adding op '16' of type const
[20200630 16:33:25 INFO /Volumes/data/work/1duo-coremltools/coremltools/converters/mil/frontend/torch/ops.py:49] Converting op 17 : constant
[20200630 16:33:25 INFO /Volumes/data/work/1duo-coremltools/coremltools/converters/mil/mil/builder.py:181] Adding op '17' of type const
[20200630 16:33:25 INFO /Volumes/data/work/1duo-coremltools/coremltools/converters/mil/frontend/torch/ops.py:49] Converting op 18 : constant
[20200630 16:33:25 INFO /Volumes/data/work/1duo-coremltools/coremltools/converters/mil/mil/builder.py:181] Adding op '18' of type const
[20200630 16:33:25 INFO /Volumes/data/work/1duo-coremltools/coremltools/converters/mil/frontend/torch/ops.py:49] Converting op 19 : constant
[20200630 16:33:25 INFO /Volumes/data/work/1duo-coremltools/coremltools/converters/mil/mil/builder.py:181] Adding op '19' of type const
[20200630 16:33:25 INFO /Volumes/data/work/1duo-coremltools/coremltools/converters/mil/frontend/torch/ops.py:49] Converting op 20 : _convolution
[20200630 16:33:25 INFO /Volumes/data/work/1duo-coremltools/coremltools/converters/mil/mil/builder.py:181] Adding op '20' of type conv
[20200630 16:33:25 DEBUG /Volumes/data/work/1duo-coremltools/coremltools/converters/mil/mil/builder.py:93] Adding const op '20_pad_type_99'
[20200630 16:33:25 INFO /Volumes/data/work/1duo-coremltools/coremltools/converters/mil/mil/builder.py:181] Adding op '20_pad_type_99' of type const
[20200630 16:33:25 DEBUG /Volumes/data/work/1duo-coremltools/coremltools/converters/mil/mil/builder.py:93] Adding const op '20_pad_99'
[20200630 16:33:25 INFO /Volumes/data/work/1duo-coremltools/coremltools/converters/mil/mil/builder.py:181] Adding op '20_pad_99' of type const
[20200630 16:33:25 DEBUG /Volumes/data/work/1duo-coremltools/coremltools/converters/mil/mil/passes/common_pass.py:30] Program before common passes:
main(%input: (1, 3, 5, 7, fp32)) {
  block118() {
    %1: (1, 3, 1, 1, fp32)* = const(val=[[[[0.03875911235809326]], [[0.04551750421524048]], [[-0.5098227262496948]]]], name="1")
    %2: (1,fp32)* = const(val=[0.09477746486663818], name="2")
    %21: (2,i32)* = const(val=[1, 1], name="21")
    %22: (2,i32)* = const(val=[3, 3], name="22")
    %23: (2,i32)* = const(val=[3, 3], name="23")
    %12: (bool)* = const(val=False, name="12")
    %24: (2,i32)* = const(val=[0, 0], name="24")
    %16: (i32)* = const(val=1, name="16")
    %17: (bool)* = const(val=False, name="17")
    %18: (bool)* = const(val=False, name="18")
    %19: (bool)* = const(val=True, name="19")
    %20_pad_type_99: (str)* = const(val="custom", name="20_pad_type_99")
    %20_pad_99: (4,i32)* = const(val=[3, 3, 3, 3], name="20_pad_99")
    %20: (1, 1, 11, 13, fp32) = conv(x=%input, weight=%1, bias=%2, strides=%21, pad_type=%20_pad_type_99, pad=%20_pad_99, dilations=%23, groups=%16, name="20")
  } -> (%20)
}

[20200630 16:33:25 INFO /Volumes/data/work/1duo-coremltools/coremltools/converters/mil/mil/passes/common_pass.py:34] Performing pass: "common::const_elimination"
[20200630 16:33:25 INFO /Volumes/data/work/1duo-coremltools/coremltools/converters/mil/mil/passes/common_pass.py:34] Performing pass: "common::divide_to_multiply"
[20200630 16:33:25 INFO /Volumes/data/work/1duo-coremltools/coremltools/converters/mil/mil/passes/common_pass.py:34] Performing pass: "common::fuse_matmul_weight_bias"
[20200630 16:33:25 INFO /Volumes/data/work/1duo-coremltools/coremltools/converters/mil/mil/passes/common_pass.py:34] Performing pass: "common::const_elimination"
[20200630 16:33:25 INFO /Volumes/data/work/1duo-coremltools/coremltools/converters/mil/mil/passes/common_pass.py:34] Performing pass: "common::loop_invariant_elimination"
[20200630 16:33:25 INFO /Volumes/data/work/1duo-coremltools/coremltools/converters/mil/mil/passes/common_pass.py:34] Performing pass: "common::remove_symbolic_reshape"
[20200630 16:33:25 INFO /Volumes/data/work/1duo-coremltools/coremltools/converters/mil/mil/passes/remove_symbolic_reshape.py:104] remove_symbolic_reshape: changed 0 reshapes.
[20200630 16:33:25 INFO /Volumes/data/work/1duo-coremltools/coremltools/converters/mil/mil/passes/common_pass.py:34] Performing pass: "common::fuse_gelu_tanh_approximation"
[20200630 16:33:25 INFO /Volumes/data/work/1duo-coremltools/coremltools/converters/mil/mil/passes/common_pass.py:34] Performing pass: "common::reduce_transposes"
[20200630 16:33:25 DEBUG /Volumes/data/work/1duo-coremltools/coremltools/converters/mil/mil/passes/reduce_transposes.py:989] Block before optimize transpose transform:
function(%input: (1, 3, 5, 7, fp32)) {
  block118() {
    %1: (1, 3, 1, 1, fp32)* = const(val=[[[[0.03875911235809326]], [[0.04551750421524048]], [[-0.5098227262496948]]]], name="1")
    %2: (1,fp32)* = const(val=[0.09477746486663818], name="2")
    %21: (2,i32)* = const(val=[1, 1], name="21")
    %22: (2,i32)* = const(val=[3, 3], name="22")
    %23: (2,i32)* = const(val=[3, 3], name="23")
    %12: (bool)* = const(val=False, name="12")
    %24: (2,i32)* = const(val=[0, 0], name="24")
    %16: (i32)* = const(val=1, name="16")
    %17: (bool)* = const(val=False, name="17")
    %18: (bool)* = const(val=False, name="18")
    %19: (bool)* = const(val=True, name="19")
    %20_pad_type_99: (str)* = const(val="custom", name="20_pad_type_99")
    %20_pad_99: (4,i32)* = const(val=[3, 3, 3, 3], name="20_pad_99")
    %20: (1, 1, 11, 13, fp32) = conv(x=%input, weight=%1, bias=%2, strides=%21, pad_type=%20_pad_type_99, pad=%20_pad_99, dilations=%23, groups=%16, name="20")
  } -> (%20)
}

[20200630 16:33:25 DEBUG /Volumes/data/work/1duo-coremltools/coremltools/converters/mil/mil/passes/reduce_transposes.py:1024] Block after optimize transpose transform:
function(%input: (1, 3, 5, 7, fp32)) {
  block118() {
    %1: (1, 3, 1, 1, fp32)* = const(val=[[[[0.03875911235809326]], [[0.04551750421524048]], [[-0.5098227262496948]]]], name="1")
    %2: (1,fp32)* = const(val=[0.09477746486663818], name="2")
    %21: (2,i32)* = const(val=[1, 1], name="21")
    %22: (2,i32)* = const(val=[3, 3], name="22")
    %23: (2,i32)* = const(val=[3, 3], name="23")
    %12: (bool)* = const(val=False, name="12")
    %24: (2,i32)* = const(val=[0, 0], name="24")
    %16: (i32)* = const(val=1, name="16")
    %17: (bool)* = const(val=False, name="17")
    %18: (bool)* = const(val=False, name="18")
    %19: (bool)* = const(val=True, name="19")
    %20_pad_type_99: (str)* = const(val="custom", name="20_pad_type_99")
    %20_pad_99: (4,i32)* = const(val=[3, 3, 3, 3], name="20_pad_99")
    %20: (1, 1, 11, 13, fp32) = conv(x=%input, weight=%1, bias=%2, strides=%21, pad_type=%20_pad_type_99, pad=%20_pad_99, dilations=%23, groups=%16, name="20")
  } -> (%20)
}

[20200630 16:33:25 INFO /Volumes/data/work/1duo-coremltools/coremltools/converters/mil/mil/passes/common_pass.py:34] Performing pass: "common::fuse_bias_conv"
[20200630 16:33:25 INFO /Volumes/data/work/1duo-coremltools/coremltools/converters/mil/mil/passes/common_pass.py:34] Performing pass: "common::fuse_elementwise_to_batchnorm"
[20200630 16:33:25 INFO /Volumes/data/work/1duo-coremltools/coremltools/converters/mil/mil/passes/common_pass.py:34] Performing pass: "common::fuse_onehot_matmul_to_gather"
[20200630 16:33:25 INFO /Volumes/data/work/1duo-coremltools/coremltools/converters/mil/mil/passes/common_pass.py:34] Performing pass: "common::fuse_layernorm_or_instancenorm"
[20200630 16:33:25 INFO /Volumes/data/work/1duo-coremltools/coremltools/converters/mil/mil/passes/common_pass.py:34] Performing pass: "common::dead_code_elimination"
[20200630 16:33:25 INFO /Volumes/data/work/1duo-coremltools/coremltools/converters/mil/mil/passes/dead_code_elimination.py:35] Removing op "19" (type: const)
[20200630 16:33:25 INFO /Volumes/data/work/1duo-coremltools/coremltools/converters/mil/mil/passes/dead_code_elimination.py:35] Removing op "18" (type: const)
[20200630 16:33:25 INFO /Volumes/data/work/1duo-coremltools/coremltools/converters/mil/mil/passes/dead_code_elimination.py:35] Removing op "17" (type: const)
[20200630 16:33:25 INFO /Volumes/data/work/1duo-coremltools/coremltools/converters/mil/mil/passes/dead_code_elimination.py:35] Removing op "24" (type: const)
[20200630 16:33:25 INFO /Volumes/data/work/1duo-coremltools/coremltools/converters/mil/mil/passes/dead_code_elimination.py:35] Removing op "12" (type: const)
[20200630 16:33:25 INFO /Volumes/data/work/1duo-coremltools/coremltools/converters/mil/mil/passes/dead_code_elimination.py:35] Removing op "22" (type: const)
[20200630 16:33:25 DEBUG /Volumes/data/work/1duo-coremltools/coremltools/converters/mil/mil/passes/common_pass.py:38] Program after common passes:
main(%input: (1, 3, 5, 7, fp32)) {
  block118() {
    %1: (1, 3, 1, 1, fp32)* = const(val=[[[[0.03875911235809326]], [[0.04551750421524048]], [[-0.5098227262496948]]]], name="1")
    %2: (1,fp32)* = const(val=[0.09477746486663818], name="2")
    %21: (2,i32)* = const(val=[1, 1], name="21")
    %23: (2,i32)* = const(val=[3, 3], name="23")
    %16: (i32)* = const(val=1, name="16")
    %20_pad_type_99: (str)* = const(val="custom", name="20_pad_type_99")
    %20_pad_99: (4,i32)* = const(val=[3, 3, 3, 3], name="20_pad_99")
    %20: (1, 1, 11, 13, fp32) = conv(x=%input, weight=%1, bias=%2, strides=%21, pad_type=%20_pad_type_99, pad=%20_pad_99, dilations=%23, groups=%16, name="20")
  } -> (%20)
}

[20200630 16:33:25 INFO /Volumes/data/work/1duo-coremltools/coremltools/converters/mil/backend/nn/passes/nn_passes.py:22] Performing passes for nn_backend: "nn_backend::commingle_loop_vars"
[20200630 16:33:25 INFO /Volumes/data/work/1duo-coremltools/coremltools/converters/mil/backend/nn/passes/nn_passes.py:22] Performing passes for nn_backend: "nn_backend::handle_return_inputs_as_outputs"
[20200630 16:33:25 INFO /Volumes/data/work/1duo-coremltools/coremltools/converters/mil/backend/nn/passes/nn_passes.py:22] Performing passes for nn_backend: "common::const_elimination"
[20200630 16:33:25 INFO /Volumes/data/work/1duo-coremltools/coremltools/converters/mil/backend/nn/passes/nn_passes.py:22] Performing passes for nn_backend: "common::dead_code_elimination"
[20200630 16:33:25 INFO /Volumes/data/work/1duo-coremltools/coremltools/converters/mil/backend/nn/passes/nn_passes.py:22] Performing passes for nn_backend: "nn_backend::handle_unused_inputs"
[20200630 16:33:25 INFO /Volumes/data/work/1duo-coremltools/coremltools/converters/mil/backend/nn/passes/nn_passes.py:22] Performing passes for nn_backend: "nn_backend::alert_return_type_cast"
[20200630 16:33:25 DEBUG /Volumes/data/work/1duo-coremltools/coremltools/converters/mil/backend/nn/passes/nn_passes.py:26] Program after nn backend passes:
main(%input: (1, 3, 5, 7, fp32)) {
  block118() {
    %1: (1, 3, 1, 1, fp32)* = const(val=[[[[0.03875911235809326]], [[0.04551750421524048]], [[-0.5098227262496948]]]], name="1")
    %2: (1,fp32)* = const(val=[0.09477746486663818], name="2")
    %21: (2,i32)* = const(val=[1, 1], name="21")
    %23: (2,i32)* = const(val=[3, 3], name="23")
    %16: (i32)* = const(val=1, name="16")
    %20_pad_type_99: (str)* = const(val="custom", name="20_pad_type_99")
    %20_pad_99: (4,i32)* = const(val=[3, 3, 3, 3], name="20_pad_99")
    %20: (1, 1, 11, 13, fp32) = conv(x=%input, weight=%1, bias=%2, strides=%21, pad_type=%20_pad_type_99, pad=%20_pad_99, dilations=%23, groups=%16, name="20")
  } -> (%20)
}

[20200630 16:33:25 INFO /Volumes/data/work/1duo-coremltools/coremltools/converters/mil/frontend/torch/converter.py:269] Converting graph.
[20200630 16:33:25 INFO /Volumes/data/work/1duo-coremltools/coremltools/converters/mil/mil/builder.py:181] Adding op '1' of type const
[20200630 16:33:25 INFO /Volumes/data/work/1duo-coremltools/coremltools/converters/mil/mil/builder.py:181] Adding op '2' of type const
[20200630 16:33:25 INFO /Volumes/data/work/1duo-coremltools/coremltools/converters/mil/frontend/torch/ops.py:49] Converting op 21 : constant
[20200630 16:33:25 INFO /Volumes/data/work/1duo-coremltools/coremltools/converters/mil/mil/builder.py:181] Adding op '21' of type const
[20200630 16:33:25 INFO /Volumes/data/work/1duo-coremltools/coremltools/converters/mil/frontend/torch/ops.py:49] Converting op 22 : constant
[20200630 16:33:25 INFO /Volumes/data/work/1duo-coremltools/coremltools/converters/mil/mil/builder.py:181] Adding op '22' of type const
[20200630 16:33:25 INFO /Volumes/data/work/1duo-coremltools/coremltools/converters/mil/frontend/torch/ops.py:49] Converting op 23 : constant
[20200630 16:33:25 INFO /Volumes/data/work/1duo-coremltools/coremltools/converters/mil/mil/builder.py:181] Adding op '23' of type const
[20200630 16:33:25 INFO /Volumes/data/work/1duo-coremltools/coremltools/converters/mil/frontend/torch/ops.py:49] Converting op 12 : constant
[20200630 16:33:25 INFO /Volumes/data/work/1duo-coremltools/coremltools/converters/mil/mil/builder.py:181] Adding op '12' of type const
[20200630 16:33:25 INFO /Volumes/data/work/1duo-coremltools/coremltools/converters/mil/frontend/torch/ops.py:49] Converting op 24 : constant
[20200630 16:33:25 INFO /Volumes/data/work/1duo-coremltools/coremltools/converters/mil/mil/builder.py:181] Adding op '24' of type const
[20200630 16:33:25 INFO /Volumes/data/work/1duo-coremltools/coremltools/converters/mil/frontend/torch/ops.py:49] Converting op 16 : constant
[20200630 16:33:25 INFO /Volumes/data/work/1duo-coremltools/coremltools/converters/mil/mil/builder.py:181] Adding op '16' of type const
[20200630 16:33:25 INFO /Volumes/data/work/1duo-coremltools/coremltools/converters/mil/frontend/torch/ops.py:49] Converting op 17 : constant
[20200630 16:33:25 INFO /Volumes/data/work/1duo-coremltools/coremltools/converters/mil/mil/builder.py:181] Adding op '17' of type const
[20200630 16:33:25 INFO /Volumes/data/work/1duo-coremltools/coremltools/converters/mil/frontend/torch/ops.py:49] Converting op 18 : constant
[20200630 16:33:25 INFO /Volumes/data/work/1duo-coremltools/coremltools/converters/mil/mil/builder.py:181] Adding op '18' of type const
[20200630 16:33:25 INFO /Volumes/data/work/1duo-coremltools/coremltools/converters/mil/frontend/torch/ops.py:49] Converting op 19 : constant
[20200630 16:33:25 INFO /Volumes/data/work/1duo-coremltools/coremltools/converters/mil/mil/builder.py:181] Adding op '19' of type const
[20200630 16:33:25 INFO /Volumes/data/work/1duo-coremltools/coremltools/converters/mil/frontend/torch/ops.py:49] Converting op 20 : _convolution
[20200630 16:33:25 INFO /Volumes/data/work/1duo-coremltools/coremltools/converters/mil/mil/builder.py:181] Adding op '20' of type conv
[20200630 16:33:25 DEBUG /Volumes/data/work/1duo-coremltools/coremltools/converters/mil/mil/builder.py:93] Adding const op '20_pad_type_100'
[20200630 16:33:25 INFO /Volumes/data/work/1duo-coremltools/coremltools/converters/mil/mil/builder.py:181] Adding op '20_pad_type_100' of type const
[20200630 16:33:25 DEBUG /Volumes/data/work/1duo-coremltools/coremltools/converters/mil/mil/builder.py:93] Adding const op '20_pad_100'
[20200630 16:33:25 INFO /Volumes/data/work/1duo-coremltools/coremltools/converters/mil/mil/builder.py:181] Adding op '20_pad_100' of type const
[20200630 16:33:25 DEBUG /Volumes/data/work/1duo-coremltools/coremltools/converters/mil/mil/passes/common_pass.py:30] Program before common passes:
main(%input: (1, 3, 5, 7, fp32)) {
  block119() {
    %1: (1, 3, 1, 1, fp32)* = const(val=[[[[0.4604445695877075]], [[-0.41794031858444214]], [[0.5480676889419556]]]], name="1")
    %2: (1,fp32)* = const(val=[-0.49298423528671265], name="2")
    %21: (2,i32)* = const(val=[3, 3], name="21")
    %22: (2,i32)* = const(val=[1, 1], name="22")
    %23: (2,i32)* = const(val=[1, 1], name="23")
    %12: (bool)* = const(val=False, name="12")
    %24: (2,i32)* = const(val=[0, 0], name="24")
    %16: (i32)* = const(val=1, name="16")
    %17: (bool)* = const(val=False, name="17")
    %18: (bool)* = const(val=False, name="18")
    %19: (bool)* = const(val=True, name="19")
    %20_pad_type_100: (str)* = const(val="custom", name="20_pad_type_100")
    %20_pad_100: (4,i32)* = const(val=[1, 1, 1, 1], name="20_pad_100")
    %20: (1, 1, 3, 3, fp32) = conv(x=%input, weight=%1, bias=%2, strides=%21, pad_type=%20_pad_type_100, pad=%20_pad_100, dilations=%23, groups=%16, name="20")
  } -> (%20)
}

[20200630 16:33:25 INFO /Volumes/data/work/1duo-coremltools/coremltools/converters/mil/mil/passes/common_pass.py:34] Performing pass: "common::const_elimination"
[20200630 16:33:25 INFO /Volumes/data/work/1duo-coremltools/coremltools/converters/mil/mil/passes/common_pass.py:34] Performing pass: "common::divide_to_multiply"
[20200630 16:33:25 INFO /Volumes/data/work/1duo-coremltools/coremltools/converters/mil/mil/passes/common_pass.py:34] Performing pass: "common::fuse_matmul_weight_bias"
[20200630 16:33:25 INFO /Volumes/data/work/1duo-coremltools/coremltools/converters/mil/mil/passes/common_pass.py:34] Performing pass: "common::const_elimination"
[20200630 16:33:25 INFO /Volumes/data/work/1duo-coremltools/coremltools/converters/mil/mil/passes/common_pass.py:34] Performing pass: "common::loop_invariant_elimination"
[20200630 16:33:25 INFO /Volumes/data/work/1duo-coremltools/coremltools/converters/mil/mil/passes/common_pass.py:34] Performing pass: "common::remove_symbolic_reshape"
[20200630 16:33:25 INFO /Volumes/data/work/1duo-coremltools/coremltools/converters/mil/mil/passes/remove_symbolic_reshape.py:104] remove_symbolic_reshape: changed 0 reshapes.
[20200630 16:33:25 INFO /Volumes/data/work/1duo-coremltools/coremltools/converters/mil/mil/passes/common_pass.py:34] Performing pass: "common::fuse_gelu_tanh_approximation"
[20200630 16:33:25 INFO /Volumes/data/work/1duo-coremltools/coremltools/converters/mil/mil/passes/common_pass.py:34] Performing pass: "common::reduce_transposes"
[20200630 16:33:25 DEBUG /Volumes/data/work/1duo-coremltools/coremltools/converters/mil/mil/passes/reduce_transposes.py:989] Block before optimize transpose transform:
function(%input: (1, 3, 5, 7, fp32)) {
  block119() {
    %1: (1, 3, 1, 1, fp32)* = const(val=[[[[0.4604445695877075]], [[-0.41794031858444214]], [[0.5480676889419556]]]], name="1")
    %2: (1,fp32)* = const(val=[-0.49298423528671265], name="2")
    %21: (2,i32)* = const(val=[3, 3], name="21")
    %22: (2,i32)* = const(val=[1, 1], name="22")
    %23: (2,i32)* = const(val=[1, 1], name="23")
    %12: (bool)* = const(val=False, name="12")
    %24: (2,i32)* = const(val=[0, 0], name="24")
    %16: (i32)* = const(val=1, name="16")
    %17: (bool)* = const(val=False, name="17")
    %18: (bool)* = const(val=False, name="18")
    %19: (bool)* = const(val=True, name="19")
    %20_pad_type_100: (str)* = const(val="custom", name="20_pad_type_100")
    %20_pad_100: (4,i32)* = const(val=[1, 1, 1, 1], name="20_pad_100")
    %20: (1, 1, 3, 3, fp32) = conv(x=%input, weight=%1, bias=%2, strides=%21, pad_type=%20_pad_type_100, pad=%20_pad_100, dilations=%23, groups=%16, name="20")
  } -> (%20)
}

[20200630 16:33:25 DEBUG /Volumes/data/work/1duo-coremltools/coremltools/converters/mil/mil/passes/reduce_transposes.py:1024] Block after optimize transpose transform:
function(%input: (1, 3, 5, 7, fp32)) {
  block119() {
    %1: (1, 3, 1, 1, fp32)* = const(val=[[[[0.4604445695877075]], [[-0.41794031858444214]], [[0.5480676889419556]]]], name="1")
    %2: (1,fp32)* = const(val=[-0.49298423528671265], name="2")
    %21: (2,i32)* = const(val=[3, 3], name="21")
    %22: (2,i32)* = const(val=[1, 1], name="22")
    %23: (2,i32)* = const(val=[1, 1], name="23")
    %12: (bool)* = const(val=False, name="12")
    %24: (2,i32)* = const(val=[0, 0], name="24")
    %16: (i32)* = const(val=1, name="16")
    %17: (bool)* = const(val=False, name="17")
    %18: (bool)* = const(val=False, name="18")
    %19: (bool)* = const(val=True, name="19")
    %20_pad_type_100: (str)* = const(val="custom", name="20_pad_type_100")
    %20_pad_100: (4,i32)* = const(val=[1, 1, 1, 1], name="20_pad_100")
    %20: (1, 1, 3, 3, fp32) = conv(x=%input, weight=%1, bias=%2, strides=%21, pad_type=%20_pad_type_100, pad=%20_pad_100, dilations=%23, groups=%16, name="20")
  } -> (%20)
}

[20200630 16:33:25 INFO /Volumes/data/work/1duo-coremltools/coremltools/converters/mil/mil/passes/common_pass.py:34] Performing pass: "common::fuse_bias_conv"
[20200630 16:33:25 INFO /Volumes/data/work/1duo-coremltools/coremltools/converters/mil/mil/passes/common_pass.py:34] Performing pass: "common::fuse_elementwise_to_batchnorm"
[20200630 16:33:25 INFO /Volumes/data/work/1duo-coremltools/coremltools/converters/mil/mil/passes/common_pass.py:34] Performing pass: "common::fuse_onehot_matmul_to_gather"
[20200630 16:33:25 INFO /Volumes/data/work/1duo-coremltools/coremltools/converters/mil/mil/passes/common_pass.py:34] Performing pass: "common::fuse_layernorm_or_instancenorm"
[20200630 16:33:25 INFO /Volumes/data/work/1duo-coremltools/coremltools/converters/mil/mil/passes/common_pass.py:34] Performing pass: "common::dead_code_elimination"
[20200630 16:33:25 INFO /Volumes/data/work/1duo-coremltools/coremltools/converters/mil/mil/passes/dead_code_elimination.py:35] Removing op "19" (type: const)
[20200630 16:33:25 INFO /Volumes/data/work/1duo-coremltools/coremltools/converters/mil/mil/passes/dead_code_elimination.py:35] Removing op "18" (type: const)
[20200630 16:33:25 INFO /Volumes/data/work/1duo-coremltools/coremltools/converters/mil/mil/passes/dead_code_elimination.py:35] Removing op "17" (type: const)
[20200630 16:33:25 INFO /Volumes/data/work/1duo-coremltools/coremltools/converters/mil/mil/passes/dead_code_elimination.py:35] Removing op "24" (type: const)
[20200630 16:33:25 INFO /Volumes/data/work/1duo-coremltools/coremltools/converters/mil/mil/passes/dead_code_elimination.py:35] Removing op "12" (type: const)
[20200630 16:33:25 INFO /Volumes/data/work/1duo-coremltools/coremltools/converters/mil/mil/passes/dead_code_elimination.py:35] Removing op "22" (type: const)
[20200630 16:33:25 DEBUG /Volumes/data/work/1duo-coremltools/coremltools/converters/mil/mil/passes/common_pass.py:38] Program after common passes:
main(%input: (1, 3, 5, 7, fp32)) {
  block119() {
    %1: (1, 3, 1, 1, fp32)* = const(val=[[[[0.4604445695877075]], [[-0.41794031858444214]], [[0.5480676889419556]]]], name="1")
    %2: (1,fp32)* = const(val=[-0.49298423528671265], name="2")
    %21: (2,i32)* = const(val=[3, 3], name="21")
    %23: (2,i32)* = const(val=[1, 1], name="23")
    %16: (i32)* = const(val=1, name="16")
    %20_pad_type_100: (str)* = const(val="custom", name="20_pad_type_100")
    %20_pad_100: (4,i32)* = const(val=[1, 1, 1, 1], name="20_pad_100")
    %20: (1, 1, 3, 3, fp32) = conv(x=%input, weight=%1, bias=%2, strides=%21, pad_type=%20_pad_type_100, pad=%20_pad_100, dilations=%23, groups=%16, name="20")
  } -> (%20)
}

[20200630 16:33:25 INFO /Volumes/data/work/1duo-coremltools/coremltools/converters/mil/backend/nn/passes/nn_passes.py:22] Performing passes for nn_backend: "nn_backend::commingle_loop_vars"
[20200630 16:33:25 INFO /Volumes/data/work/1duo-coremltools/coremltools/converters/mil/backend/nn/passes/nn_passes.py:22] Performing passes for nn_backend: "nn_backend::handle_return_inputs_as_outputs"
[20200630 16:33:25 INFO /Volumes/data/work/1duo-coremltools/coremltools/converters/mil/backend/nn/passes/nn_passes.py:22] Performing passes for nn_backend: "common::const_elimination"
[20200630 16:33:25 INFO /Volumes/data/work/1duo-coremltools/coremltools/converters/mil/backend/nn/passes/nn_passes.py:22] Performing passes for nn_backend: "common::dead_code_elimination"
[20200630 16:33:25 INFO /Volumes/data/work/1duo-coremltools/coremltools/converters/mil/backend/nn/passes/nn_passes.py:22] Performing passes for nn_backend: "nn_backend::handle_unused_inputs"
[20200630 16:33:25 INFO /Volumes/data/work/1duo-coremltools/coremltools/converters/mil/backend/nn/passes/nn_passes.py:22] Performing passes for nn_backend: "nn_backend::alert_return_type_cast"
[20200630 16:33:25 DEBUG /Volumes/data/work/1duo-coremltools/coremltools/converters/mil/backend/nn/passes/nn_passes.py:26] Program after nn backend passes:
main(%input: (1, 3, 5, 7, fp32)) {
  block119() {
    %1: (1, 3, 1, 1, fp32)* = const(val=[[[[0.4604445695877075]], [[-0.41794031858444214]], [[0.5480676889419556]]]], name="1")
    %2: (1,fp32)* = const(val=[-0.49298423528671265], name="2")
    %21: (2,i32)* = const(val=[3, 3], name="21")
    %23: (2,i32)* = const(val=[1, 1], name="23")
    %16: (i32)* = const(val=1, name="16")
    %20_pad_type_100: (str)* = const(val="custom", name="20_pad_type_100")
    %20_pad_100: (4,i32)* = const(val=[1, 1, 1, 1], name="20_pad_100")
    %20: (1, 1, 3, 3, fp32) = conv(x=%input, weight=%1, bias=%2, strides=%21, pad_type=%20_pad_type_100, pad=%20_pad_100, dilations=%23, groups=%16, name="20")
  } -> (%20)
}

[20200630 16:33:26 INFO /Volumes/data/work/1duo-coremltools/coremltools/converters/mil/frontend/torch/converter.py:269] Converting graph.
[20200630 16:33:26 INFO /Volumes/data/work/1duo-coremltools/coremltools/converters/mil/mil/builder.py:181] Adding op '1' of type const
[20200630 16:33:26 INFO /Volumes/data/work/1duo-coremltools/coremltools/converters/mil/mil/builder.py:181] Adding op '2' of type const
[20200630 16:33:26 INFO /Volumes/data/work/1duo-coremltools/coremltools/converters/mil/frontend/torch/ops.py:49] Converting op 21 : constant
[20200630 16:33:26 INFO /Volumes/data/work/1duo-coremltools/coremltools/converters/mil/mil/builder.py:181] Adding op '21' of type const
[20200630 16:33:26 INFO /Volumes/data/work/1duo-coremltools/coremltools/converters/mil/frontend/torch/ops.py:49] Converting op 22 : constant
[20200630 16:33:26 INFO /Volumes/data/work/1duo-coremltools/coremltools/converters/mil/mil/builder.py:181] Adding op '22' of type const
[20200630 16:33:26 INFO /Volumes/data/work/1duo-coremltools/coremltools/converters/mil/frontend/torch/ops.py:49] Converting op 23 : constant
[20200630 16:33:26 INFO /Volumes/data/work/1duo-coremltools/coremltools/converters/mil/mil/builder.py:181] Adding op '23' of type const
[20200630 16:33:26 INFO /Volumes/data/work/1duo-coremltools/coremltools/converters/mil/frontend/torch/ops.py:49] Converting op 12 : constant
[20200630 16:33:26 INFO /Volumes/data/work/1duo-coremltools/coremltools/converters/mil/mil/builder.py:181] Adding op '12' of type const
[20200630 16:33:26 INFO /Volumes/data/work/1duo-coremltools/coremltools/converters/mil/frontend/torch/ops.py:49] Converting op 24 : constant
[20200630 16:33:26 INFO /Volumes/data/work/1duo-coremltools/coremltools/converters/mil/mil/builder.py:181] Adding op '24' of type const
[20200630 16:33:26 INFO /Volumes/data/work/1duo-coremltools/coremltools/converters/mil/frontend/torch/ops.py:49] Converting op 16 : constant
[20200630 16:33:26 INFO /Volumes/data/work/1duo-coremltools/coremltools/converters/mil/mil/builder.py:181] Adding op '16' of type const
[20200630 16:33:26 INFO /Volumes/data/work/1duo-coremltools/coremltools/converters/mil/frontend/torch/ops.py:49] Converting op 17 : constant
[20200630 16:33:26 INFO /Volumes/data/work/1duo-coremltools/coremltools/converters/mil/mil/builder.py:181] Adding op '17' of type const
[20200630 16:33:26 INFO /Volumes/data/work/1duo-coremltools/coremltools/converters/mil/frontend/torch/ops.py:49] Converting op 18 : constant
[20200630 16:33:26 INFO /Volumes/data/work/1duo-coremltools/coremltools/converters/mil/mil/builder.py:181] Adding op '18' of type const
[20200630 16:33:26 INFO /Volumes/data/work/1duo-coremltools/coremltools/converters/mil/frontend/torch/ops.py:49] Converting op 19 : constant
[20200630 16:33:26 INFO /Volumes/data/work/1duo-coremltools/coremltools/converters/mil/mil/builder.py:181] Adding op '19' of type const
[20200630 16:33:26 INFO /Volumes/data/work/1duo-coremltools/coremltools/converters/mil/frontend/torch/ops.py:49] Converting op 20 : _convolution
[20200630 16:33:26 INFO /Volumes/data/work/1duo-coremltools/coremltools/converters/mil/mil/builder.py:181] Adding op '20' of type conv
[20200630 16:33:26 DEBUG /Volumes/data/work/1duo-coremltools/coremltools/converters/mil/mil/builder.py:93] Adding const op '20_pad_type_101'
[20200630 16:33:26 INFO /Volumes/data/work/1duo-coremltools/coremltools/converters/mil/mil/builder.py:181] Adding op '20_pad_type_101' of type const
[20200630 16:33:26 DEBUG /Volumes/data/work/1duo-coremltools/coremltools/converters/mil/mil/builder.py:93] Adding const op '20_pad_101'
[20200630 16:33:26 INFO /Volumes/data/work/1duo-coremltools/coremltools/converters/mil/mil/builder.py:181] Adding op '20_pad_101' of type const
[20200630 16:33:26 DEBUG /Volumes/data/work/1duo-coremltools/coremltools/converters/mil/mil/passes/common_pass.py:30] Program before common passes:
main(%input: (1, 3, 5, 7, fp32)) {
  block120() {
    %1: (1, 3, 1, 1, fp32)* = const(val=[[[[0.07344317436218262]], [[0.22770309448242188]], [[-0.4301604926586151]]]], name="1")
    %2: (1,fp32)* = const(val=[0.3458981513977051], name="2")
    %21: (2,i32)* = const(val=[3, 3], name="21")
    %22: (2,i32)* = const(val=[1, 1], name="22")
    %23: (2,i32)* = const(val=[3, 3], name="23")
    %12: (bool)* = const(val=False, name="12")
    %24: (2,i32)* = const(val=[0, 0], name="24")
    %16: (i32)* = const(val=1, name="16")
    %17: (bool)* = const(val=False, name="17")
    %18: (bool)* = const(val=False, name="18")
    %19: (bool)* = const(val=True, name="19")
    %20_pad_type_101: (str)* = const(val="custom", name="20_pad_type_101")
    %20_pad_101: (4,i32)* = const(val=[1, 1, 1, 1], name="20_pad_101")
    %20: (1, 1, 3, 3, fp32) = conv(x=%input, weight=%1, bias=%2, strides=%21, pad_type=%20_pad_type_101, pad=%20_pad_101, dilations=%23, groups=%16, name="20")
  } -> (%20)
}

[20200630 16:33:26 INFO /Volumes/data/work/1duo-coremltools/coremltools/converters/mil/mil/passes/common_pass.py:34] Performing pass: "common::const_elimination"
[20200630 16:33:26 INFO /Volumes/data/work/1duo-coremltools/coremltools/converters/mil/mil/passes/common_pass.py:34] Performing pass: "common::divide_to_multiply"
[20200630 16:33:26 INFO /Volumes/data/work/1duo-coremltools/coremltools/converters/mil/mil/passes/common_pass.py:34] Performing pass: "common::fuse_matmul_weight_bias"
[20200630 16:33:26 INFO /Volumes/data/work/1duo-coremltools/coremltools/converters/mil/mil/passes/common_pass.py:34] Performing pass: "common::const_elimination"
[20200630 16:33:26 INFO /Volumes/data/work/1duo-coremltools/coremltools/converters/mil/mil/passes/common_pass.py:34] Performing pass: "common::loop_invariant_elimination"
[20200630 16:33:26 INFO /Volumes/data/work/1duo-coremltools/coremltools/converters/mil/mil/passes/common_pass.py:34] Performing pass: "common::remove_symbolic_reshape"
[20200630 16:33:26 INFO /Volumes/data/work/1duo-coremltools/coremltools/converters/mil/mil/passes/remove_symbolic_reshape.py:104] remove_symbolic_reshape: changed 0 reshapes.
[20200630 16:33:26 INFO /Volumes/data/work/1duo-coremltools/coremltools/converters/mil/mil/passes/common_pass.py:34] Performing pass: "common::fuse_gelu_tanh_approximation"
[20200630 16:33:26 INFO /Volumes/data/work/1duo-coremltools/coremltools/converters/mil/mil/passes/common_pass.py:34] Performing pass: "common::reduce_transposes"
[20200630 16:33:26 DEBUG /Volumes/data/work/1duo-coremltools/coremltools/converters/mil/mil/passes/reduce_transposes.py:989] Block before optimize transpose transform:
function(%input: (1, 3, 5, 7, fp32)) {
  block120() {
    %1: (1, 3, 1, 1, fp32)* = const(val=[[[[0.07344317436218262]], [[0.22770309448242188]], [[-0.4301604926586151]]]], name="1")
    %2: (1,fp32)* = const(val=[0.3458981513977051], name="2")
    %21: (2,i32)* = const(val=[3, 3], name="21")
    %22: (2,i32)* = const(val=[1, 1], name="22")
    %23: (2,i32)* = const(val=[3, 3], name="23")
    %12: (bool)* = const(val=False, name="12")
    %24: (2,i32)* = const(val=[0, 0], name="24")
    %16: (i32)* = const(val=1, name="16")
    %17: (bool)* = const(val=False, name="17")
    %18: (bool)* = const(val=False, name="18")
    %19: (bool)* = const(val=True, name="19")
    %20_pad_type_101: (str)* = const(val="custom", name="20_pad_type_101")
    %20_pad_101: (4,i32)* = const(val=[1, 1, 1, 1], name="20_pad_101")
    %20: (1, 1, 3, 3, fp32) = conv(x=%input, weight=%1, bias=%2, strides=%21, pad_type=%20_pad_type_101, pad=%20_pad_101, dilations=%23, groups=%16, name="20")
  } -> (%20)
}

[20200630 16:33:26 DEBUG /Volumes/data/work/1duo-coremltools/coremltools/converters/mil/mil/passes/reduce_transposes.py:1024] Block after optimize transpose transform:
function(%input: (1, 3, 5, 7, fp32)) {
  block120() {
    %1: (1, 3, 1, 1, fp32)* = const(val=[[[[0.07344317436218262]], [[0.22770309448242188]], [[-0.4301604926586151]]]], name="1")
    %2: (1,fp32)* = const(val=[0.3458981513977051], name="2")
    %21: (2,i32)* = const(val=[3, 3], name="21")
    %22: (2,i32)* = const(val=[1, 1], name="22")
    %23: (2,i32)* = const(val=[3, 3], name="23")
    %12: (bool)* = const(val=False, name="12")
    %24: (2,i32)* = const(val=[0, 0], name="24")
    %16: (i32)* = const(val=1, name="16")
    %17: (bool)* = const(val=False, name="17")
    %18: (bool)* = const(val=False, name="18")
    %19: (bool)* = const(val=True, name="19")
    %20_pad_type_101: (str)* = const(val="custom", name="20_pad_type_101")
    %20_pad_101: (4,i32)* = const(val=[1, 1, 1, 1], name="20_pad_101")
    %20: (1, 1, 3, 3, fp32) = conv(x=%input, weight=%1, bias=%2, strides=%21, pad_type=%20_pad_type_101, pad=%20_pad_101, dilations=%23, groups=%16, name="20")
  } -> (%20)
}

[20200630 16:33:26 INFO /Volumes/data/work/1duo-coremltools/coremltools/converters/mil/mil/passes/common_pass.py:34] Performing pass: "common::fuse_bias_conv"
[20200630 16:33:26 INFO /Volumes/data/work/1duo-coremltools/coremltools/converters/mil/mil/passes/common_pass.py:34] Performing pass: "common::fuse_elementwise_to_batchnorm"
[20200630 16:33:26 INFO /Volumes/data/work/1duo-coremltools/coremltools/converters/mil/mil/passes/common_pass.py:34] Performing pass: "common::fuse_onehot_matmul_to_gather"
[20200630 16:33:26 INFO /Volumes/data/work/1duo-coremltools/coremltools/converters/mil/mil/passes/common_pass.py:34] Performing pass: "common::fuse_layernorm_or_instancenorm"
[20200630 16:33:26 INFO /Volumes/data/work/1duo-coremltools/coremltools/converters/mil/mil/passes/common_pass.py:34] Performing pass: "common::dead_code_elimination"
[20200630 16:33:26 INFO /Volumes/data/work/1duo-coremltools/coremltools/converters/mil/mil/passes/dead_code_elimination.py:35] Removing op "19" (type: const)
[20200630 16:33:26 INFO /Volumes/data/work/1duo-coremltools/coremltools/converters/mil/mil/passes/dead_code_elimination.py:35] Removing op "18" (type: const)
[20200630 16:33:26 INFO /Volumes/data/work/1duo-coremltools/coremltools/converters/mil/mil/passes/dead_code_elimination.py:35] Removing op "17" (type: const)
[20200630 16:33:26 INFO /Volumes/data/work/1duo-coremltools/coremltools/converters/mil/mil/passes/dead_code_elimination.py:35] Removing op "24" (type: const)
[20200630 16:33:26 INFO /Volumes/data/work/1duo-coremltools/coremltools/converters/mil/mil/passes/dead_code_elimination.py:35] Removing op "12" (type: const)
[20200630 16:33:26 INFO /Volumes/data/work/1duo-coremltools/coremltools/converters/mil/mil/passes/dead_code_elimination.py:35] Removing op "22" (type: const)
[20200630 16:33:26 DEBUG /Volumes/data/work/1duo-coremltools/coremltools/converters/mil/mil/passes/common_pass.py:38] Program after common passes:
main(%input: (1, 3, 5, 7, fp32)) {
  block120() {
    %1: (1, 3, 1, 1, fp32)* = const(val=[[[[0.07344317436218262]], [[0.22770309448242188]], [[-0.4301604926586151]]]], name="1")
    %2: (1,fp32)* = const(val=[0.3458981513977051], name="2")
    %21: (2,i32)* = const(val=[3, 3], name="21")
    %23: (2,i32)* = const(val=[3, 3], name="23")
    %16: (i32)* = const(val=1, name="16")
    %20_pad_type_101: (str)* = const(val="custom", name="20_pad_type_101")
    %20_pad_101: (4,i32)* = const(val=[1, 1, 1, 1], name="20_pad_101")
    %20: (1, 1, 3, 3, fp32) = conv(x=%input, weight=%1, bias=%2, strides=%21, pad_type=%20_pad_type_101, pad=%20_pad_101, dilations=%23, groups=%16, name="20")
  } -> (%20)
}

[20200630 16:33:26 INFO /Volumes/data/work/1duo-coremltools/coremltools/converters/mil/backend/nn/passes/nn_passes.py:22] Performing passes for nn_backend: "nn_backend::commingle_loop_vars"
[20200630 16:33:26 INFO /Volumes/data/work/1duo-coremltools/coremltools/converters/mil/backend/nn/passes/nn_passes.py:22] Performing passes for nn_backend: "nn_backend::handle_return_inputs_as_outputs"
[20200630 16:33:26 INFO /Volumes/data/work/1duo-coremltools/coremltools/converters/mil/backend/nn/passes/nn_passes.py:22] Performing passes for nn_backend: "common::const_elimination"
[20200630 16:33:26 INFO /Volumes/data/work/1duo-coremltools/coremltools/converters/mil/backend/nn/passes/nn_passes.py:22] Performing passes for nn_backend: "common::dead_code_elimination"
[20200630 16:33:26 INFO /Volumes/data/work/1duo-coremltools/coremltools/converters/mil/backend/nn/passes/nn_passes.py:22] Performing passes for nn_backend: "nn_backend::handle_unused_inputs"
[20200630 16:33:26 INFO /Volumes/data/work/1duo-coremltools/coremltools/converters/mil/backend/nn/passes/nn_passes.py:22] Performing passes for nn_backend: "nn_backend::alert_return_type_cast"
[20200630 16:33:26 DEBUG /Volumes/data/work/1duo-coremltools/coremltools/converters/mil/backend/nn/passes/nn_passes.py:26] Program after nn backend passes:
main(%input: (1, 3, 5, 7, fp32)) {
  block120() {
    %1: (1, 3, 1, 1, fp32)* = const(val=[[[[0.07344317436218262]], [[0.22770309448242188]], [[-0.4301604926586151]]]], name="1")
    %2: (1,fp32)* = const(val=[0.3458981513977051], name="2")
    %21: (2,i32)* = const(val=[3, 3], name="21")
    %23: (2,i32)* = const(val=[3, 3], name="23")
    %16: (i32)* = const(val=1, name="16")
    %20_pad_type_101: (str)* = const(val="custom", name="20_pad_type_101")
    %20_pad_101: (4,i32)* = const(val=[1, 1, 1, 1], name="20_pad_101")
    %20: (1, 1, 3, 3, fp32) = conv(x=%input, weight=%1, bias=%2, strides=%21, pad_type=%20_pad_type_101, pad=%20_pad_101, dilations=%23, groups=%16, name="20")
  } -> (%20)
}

[20200630 16:33:26 INFO /Volumes/data/work/1duo-coremltools/coremltools/converters/mil/frontend/torch/converter.py:269] Converting graph.
[20200630 16:33:26 INFO /Volumes/data/work/1duo-coremltools/coremltools/converters/mil/mil/builder.py:181] Adding op '1' of type const
[20200630 16:33:26 INFO /Volumes/data/work/1duo-coremltools/coremltools/converters/mil/mil/builder.py:181] Adding op '2' of type const
[20200630 16:33:26 INFO /Volumes/data/work/1duo-coremltools/coremltools/converters/mil/frontend/torch/ops.py:49] Converting op 21 : constant
[20200630 16:33:26 INFO /Volumes/data/work/1duo-coremltools/coremltools/converters/mil/mil/builder.py:181] Adding op '21' of type const
[20200630 16:33:26 INFO /Volumes/data/work/1duo-coremltools/coremltools/converters/mil/frontend/torch/ops.py:49] Converting op 22 : constant
[20200630 16:33:26 INFO /Volumes/data/work/1duo-coremltools/coremltools/converters/mil/mil/builder.py:181] Adding op '22' of type const
[20200630 16:33:26 INFO /Volumes/data/work/1duo-coremltools/coremltools/converters/mil/frontend/torch/ops.py:49] Converting op 23 : constant
[20200630 16:33:26 INFO /Volumes/data/work/1duo-coremltools/coremltools/converters/mil/mil/builder.py:181] Adding op '23' of type const
[20200630 16:33:26 INFO /Volumes/data/work/1duo-coremltools/coremltools/converters/mil/frontend/torch/ops.py:49] Converting op 12 : constant
[20200630 16:33:26 INFO /Volumes/data/work/1duo-coremltools/coremltools/converters/mil/mil/builder.py:181] Adding op '12' of type const
[20200630 16:33:26 INFO /Volumes/data/work/1duo-coremltools/coremltools/converters/mil/frontend/torch/ops.py:49] Converting op 24 : constant
[20200630 16:33:26 INFO /Volumes/data/work/1duo-coremltools/coremltools/converters/mil/mil/builder.py:181] Adding op '24' of type const
[20200630 16:33:26 INFO /Volumes/data/work/1duo-coremltools/coremltools/converters/mil/frontend/torch/ops.py:49] Converting op 16 : constant
[20200630 16:33:26 INFO /Volumes/data/work/1duo-coremltools/coremltools/converters/mil/mil/builder.py:181] Adding op '16' of type const
[20200630 16:33:26 INFO /Volumes/data/work/1duo-coremltools/coremltools/converters/mil/frontend/torch/ops.py:49] Converting op 17 : constant
[20200630 16:33:26 INFO /Volumes/data/work/1duo-coremltools/coremltools/converters/mil/mil/builder.py:181] Adding op '17' of type const
[20200630 16:33:26 INFO /Volumes/data/work/1duo-coremltools/coremltools/converters/mil/frontend/torch/ops.py:49] Converting op 18 : constant
[20200630 16:33:26 INFO /Volumes/data/work/1duo-coremltools/coremltools/converters/mil/mil/builder.py:181] Adding op '18' of type const
[20200630 16:33:26 INFO /Volumes/data/work/1duo-coremltools/coremltools/converters/mil/frontend/torch/ops.py:49] Converting op 19 : constant
[20200630 16:33:26 INFO /Volumes/data/work/1duo-coremltools/coremltools/converters/mil/mil/builder.py:181] Adding op '19' of type const
[20200630 16:33:26 INFO /Volumes/data/work/1duo-coremltools/coremltools/converters/mil/frontend/torch/ops.py:49] Converting op 20 : _convolution
[20200630 16:33:26 INFO /Volumes/data/work/1duo-coremltools/coremltools/converters/mil/mil/builder.py:181] Adding op '20' of type conv
[20200630 16:33:26 DEBUG /Volumes/data/work/1duo-coremltools/coremltools/converters/mil/mil/builder.py:93] Adding const op '20_pad_type_102'
[20200630 16:33:26 INFO /Volumes/data/work/1duo-coremltools/coremltools/converters/mil/mil/builder.py:181] Adding op '20_pad_type_102' of type const
[20200630 16:33:26 DEBUG /Volumes/data/work/1duo-coremltools/coremltools/converters/mil/mil/builder.py:93] Adding const op '20_pad_102'
[20200630 16:33:26 INFO /Volumes/data/work/1duo-coremltools/coremltools/converters/mil/mil/builder.py:181] Adding op '20_pad_102' of type const
[20200630 16:33:26 DEBUG /Volumes/data/work/1duo-coremltools/coremltools/converters/mil/mil/passes/common_pass.py:30] Program before common passes:
main(%input: (1, 3, 5, 7, fp32)) {
  block121() {
    %1: (1, 3, 1, 1, fp32)* = const(val=[[[[-0.40953660011291504]], [[0.09433156251907349]], [[-0.5027115345001221]]]], name="1")
    %2: (1,fp32)* = const(val=[-0.016932964324951172], name="2")
    %21: (2,i32)* = const(val=[3, 3], name="21")
    %22: (2,i32)* = const(val=[3, 3], name="22")
    %23: (2,i32)* = const(val=[1, 1], name="23")
    %12: (bool)* = const(val=False, name="12")
    %24: (2,i32)* = const(val=[0, 0], name="24")
    %16: (i32)* = const(val=1, name="16")
    %17: (bool)* = const(val=False, name="17")
    %18: (bool)* = const(val=False, name="18")
    %19: (bool)* = const(val=True, name="19")
    %20_pad_type_102: (str)* = const(val="custom", name="20_pad_type_102")
    %20_pad_102: (4,i32)* = const(val=[3, 3, 3, 3], name="20_pad_102")
    %20: (1, 1, 4, 5, fp32) = conv(x=%input, weight=%1, bias=%2, strides=%21, pad_type=%20_pad_type_102, pad=%20_pad_102, dilations=%23, groups=%16, name="20")
  } -> (%20)
}

[20200630 16:33:26 INFO /Volumes/data/work/1duo-coremltools/coremltools/converters/mil/mil/passes/common_pass.py:34] Performing pass: "common::const_elimination"
[20200630 16:33:26 INFO /Volumes/data/work/1duo-coremltools/coremltools/converters/mil/mil/passes/common_pass.py:34] Performing pass: "common::divide_to_multiply"
[20200630 16:33:26 INFO /Volumes/data/work/1duo-coremltools/coremltools/converters/mil/mil/passes/common_pass.py:34] Performing pass: "common::fuse_matmul_weight_bias"
[20200630 16:33:26 INFO /Volumes/data/work/1duo-coremltools/coremltools/converters/mil/mil/passes/common_pass.py:34] Performing pass: "common::const_elimination"
[20200630 16:33:26 INFO /Volumes/data/work/1duo-coremltools/coremltools/converters/mil/mil/passes/common_pass.py:34] Performing pass: "common::loop_invariant_elimination"
[20200630 16:33:26 INFO /Volumes/data/work/1duo-coremltools/coremltools/converters/mil/mil/passes/common_pass.py:34] Performing pass: "common::remove_symbolic_reshape"
[20200630 16:33:26 INFO /Volumes/data/work/1duo-coremltools/coremltools/converters/mil/mil/passes/remove_symbolic_reshape.py:104] remove_symbolic_reshape: changed 0 reshapes.
[20200630 16:33:26 INFO /Volumes/data/work/1duo-coremltools/coremltools/converters/mil/mil/passes/common_pass.py:34] Performing pass: "common::fuse_gelu_tanh_approximation"
[20200630 16:33:26 INFO /Volumes/data/work/1duo-coremltools/coremltools/converters/mil/mil/passes/common_pass.py:34] Performing pass: "common::reduce_transposes"
[20200630 16:33:26 DEBUG /Volumes/data/work/1duo-coremltools/coremltools/converters/mil/mil/passes/reduce_transposes.py:989] Block before optimize transpose transform:
function(%input: (1, 3, 5, 7, fp32)) {
  block121() {
    %1: (1, 3, 1, 1, fp32)* = const(val=[[[[-0.40953660011291504]], [[0.09433156251907349]], [[-0.5027115345001221]]]], name="1")
    %2: (1,fp32)* = const(val=[-0.016932964324951172], name="2")
    %21: (2,i32)* = const(val=[3, 3], name="21")
    %22: (2,i32)* = const(val=[3, 3], name="22")
    %23: (2,i32)* = const(val=[1, 1], name="23")
    %12: (bool)* = const(val=False, name="12")
    %24: (2,i32)* = const(val=[0, 0], name="24")
    %16: (i32)* = const(val=1, name="16")
    %17: (bool)* = const(val=False, name="17")
    %18: (bool)* = const(val=False, name="18")
    %19: (bool)* = const(val=True, name="19")
    %20_pad_type_102: (str)* = const(val="custom", name="20_pad_type_102")
    %20_pad_102: (4,i32)* = const(val=[3, 3, 3, 3], name="20_pad_102")
    %20: (1, 1, 4, 5, fp32) = conv(x=%input, weight=%1, bias=%2, strides=%21, pad_type=%20_pad_type_102, pad=%20_pad_102, dilations=%23, groups=%16, name="20")
  } -> (%20)
}

[20200630 16:33:26 DEBUG /Volumes/data/work/1duo-coremltools/coremltools/converters/mil/mil/passes/reduce_transposes.py:1024] Block after optimize transpose transform:
function(%input: (1, 3, 5, 7, fp32)) {
  block121() {
    %1: (1, 3, 1, 1, fp32)* = const(val=[[[[-0.40953660011291504]], [[0.09433156251907349]], [[-0.5027115345001221]]]], name="1")
    %2: (1,fp32)* = const(val=[-0.016932964324951172], name="2")
    %21: (2,i32)* = const(val=[3, 3], name="21")
    %22: (2,i32)* = const(val=[3, 3], name="22")
    %23: (2,i32)* = const(val=[1, 1], name="23")
    %12: (bool)* = const(val=False, name="12")
    %24: (2,i32)* = const(val=[0, 0], name="24")
    %16: (i32)* = const(val=1, name="16")
    %17: (bool)* = const(val=False, name="17")
    %18: (bool)* = const(val=False, name="18")
    %19: (bool)* = const(val=True, name="19")
    %20_pad_type_102: (str)* = const(val="custom", name="20_pad_type_102")
    %20_pad_102: (4,i32)* = const(val=[3, 3, 3, 3], name="20_pad_102")
    %20: (1, 1, 4, 5, fp32) = conv(x=%input, weight=%1, bias=%2, strides=%21, pad_type=%20_pad_type_102, pad=%20_pad_102, dilations=%23, groups=%16, name="20")
  } -> (%20)
}

[20200630 16:33:26 INFO /Volumes/data/work/1duo-coremltools/coremltools/converters/mil/mil/passes/common_pass.py:34] Performing pass: "common::fuse_bias_conv"
[20200630 16:33:26 INFO /Volumes/data/work/1duo-coremltools/coremltools/converters/mil/mil/passes/common_pass.py:34] Performing pass: "common::fuse_elementwise_to_batchnorm"
[20200630 16:33:26 INFO /Volumes/data/work/1duo-coremltools/coremltools/converters/mil/mil/passes/common_pass.py:34] Performing pass: "common::fuse_onehot_matmul_to_gather"
[20200630 16:33:26 INFO /Volumes/data/work/1duo-coremltools/coremltools/converters/mil/mil/passes/common_pass.py:34] Performing pass: "common::fuse_layernorm_or_instancenorm"
[20200630 16:33:26 INFO /Volumes/data/work/1duo-coremltools/coremltools/converters/mil/mil/passes/common_pass.py:34] Performing pass: "common::dead_code_elimination"
[20200630 16:33:26 INFO /Volumes/data/work/1duo-coremltools/coremltools/converters/mil/mil/passes/dead_code_elimination.py:35] Removing op "19" (type: const)
[20200630 16:33:26 INFO /Volumes/data/work/1duo-coremltools/coremltools/converters/mil/mil/passes/dead_code_elimination.py:35] Removing op "18" (type: const)
[20200630 16:33:26 INFO /Volumes/data/work/1duo-coremltools/coremltools/converters/mil/mil/passes/dead_code_elimination.py:35] Removing op "17" (type: const)
[20200630 16:33:26 INFO /Volumes/data/work/1duo-coremltools/coremltools/converters/mil/mil/passes/dead_code_elimination.py:35] Removing op "24" (type: const)
[20200630 16:33:26 INFO /Volumes/data/work/1duo-coremltools/coremltools/converters/mil/mil/passes/dead_code_elimination.py:35] Removing op "12" (type: const)
[20200630 16:33:26 INFO /Volumes/data/work/1duo-coremltools/coremltools/converters/mil/mil/passes/dead_code_elimination.py:35] Removing op "22" (type: const)
[20200630 16:33:26 DEBUG /Volumes/data/work/1duo-coremltools/coremltools/converters/mil/mil/passes/common_pass.py:38] Program after common passes:
main(%input: (1, 3, 5, 7, fp32)) {
  block121() {
    %1: (1, 3, 1, 1, fp32)* = const(val=[[[[-0.40953660011291504]], [[0.09433156251907349]], [[-0.5027115345001221]]]], name="1")
    %2: (1,fp32)* = const(val=[-0.016932964324951172], name="2")
    %21: (2,i32)* = const(val=[3, 3], name="21")
    %23: (2,i32)* = const(val=[1, 1], name="23")
    %16: (i32)* = const(val=1, name="16")
    %20_pad_type_102: (str)* = const(val="custom", name="20_pad_type_102")
    %20_pad_102: (4,i32)* = const(val=[3, 3, 3, 3], name="20_pad_102")
    %20: (1, 1, 4, 5, fp32) = conv(x=%input, weight=%1, bias=%2, strides=%21, pad_type=%20_pad_type_102, pad=%20_pad_102, dilations=%23, groups=%16, name="20")
  } -> (%20)
}

[20200630 16:33:26 INFO /Volumes/data/work/1duo-coremltools/coremltools/converters/mil/backend/nn/passes/nn_passes.py:22] Performing passes for nn_backend: "nn_backend::commingle_loop_vars"
[20200630 16:33:26 INFO /Volumes/data/work/1duo-coremltools/coremltools/converters/mil/backend/nn/passes/nn_passes.py:22] Performing passes for nn_backend: "nn_backend::handle_return_inputs_as_outputs"
[20200630 16:33:26 INFO /Volumes/data/work/1duo-coremltools/coremltools/converters/mil/backend/nn/passes/nn_passes.py:22] Performing passes for nn_backend: "common::const_elimination"
[20200630 16:33:26 INFO /Volumes/data/work/1duo-coremltools/coremltools/converters/mil/backend/nn/passes/nn_passes.py:22] Performing passes for nn_backend: "common::dead_code_elimination"
[20200630 16:33:26 INFO /Volumes/data/work/1duo-coremltools/coremltools/converters/mil/backend/nn/passes/nn_passes.py:22] Performing passes for nn_backend: "nn_backend::handle_unused_inputs"
[20200630 16:33:26 INFO /Volumes/data/work/1duo-coremltools/coremltools/converters/mil/backend/nn/passes/nn_passes.py:22] Performing passes for nn_backend: "nn_backend::alert_return_type_cast"
[20200630 16:33:26 DEBUG /Volumes/data/work/1duo-coremltools/coremltools/converters/mil/backend/nn/passes/nn_passes.py:26] Program after nn backend passes:
main(%input: (1, 3, 5, 7, fp32)) {
  block121() {
    %1: (1, 3, 1, 1, fp32)* = const(val=[[[[-0.40953660011291504]], [[0.09433156251907349]], [[-0.5027115345001221]]]], name="1")
    %2: (1,fp32)* = const(val=[-0.016932964324951172], name="2")
    %21: (2,i32)* = const(val=[3, 3], name="21")
    %23: (2,i32)* = const(val=[1, 1], name="23")
    %16: (i32)* = const(val=1, name="16")
    %20_pad_type_102: (str)* = const(val="custom", name="20_pad_type_102")
    %20_pad_102: (4,i32)* = const(val=[3, 3, 3, 3], name="20_pad_102")
    %20: (1, 1, 4, 5, fp32) = conv(x=%input, weight=%1, bias=%2, strides=%21, pad_type=%20_pad_type_102, pad=%20_pad_102, dilations=%23, groups=%16, name="20")
  } -> (%20)
}

[20200630 16:33:26 INFO /Volumes/data/work/1duo-coremltools/coremltools/converters/mil/frontend/torch/converter.py:269] Converting graph.
[20200630 16:33:26 INFO /Volumes/data/work/1duo-coremltools/coremltools/converters/mil/mil/builder.py:181] Adding op '1' of type const
[20200630 16:33:26 INFO /Volumes/data/work/1duo-coremltools/coremltools/converters/mil/mil/builder.py:181] Adding op '2' of type const
[20200630 16:33:26 INFO /Volumes/data/work/1duo-coremltools/coremltools/converters/mil/frontend/torch/ops.py:49] Converting op 21 : constant
[20200630 16:33:26 INFO /Volumes/data/work/1duo-coremltools/coremltools/converters/mil/mil/builder.py:181] Adding op '21' of type const
[20200630 16:33:26 INFO /Volumes/data/work/1duo-coremltools/coremltools/converters/mil/frontend/torch/ops.py:49] Converting op 22 : constant
[20200630 16:33:26 INFO /Volumes/data/work/1duo-coremltools/coremltools/converters/mil/mil/builder.py:181] Adding op '22' of type const
[20200630 16:33:26 INFO /Volumes/data/work/1duo-coremltools/coremltools/converters/mil/frontend/torch/ops.py:49] Converting op 23 : constant
[20200630 16:33:26 INFO /Volumes/data/work/1duo-coremltools/coremltools/converters/mil/mil/builder.py:181] Adding op '23' of type const
[20200630 16:33:26 INFO /Volumes/data/work/1duo-coremltools/coremltools/converters/mil/frontend/torch/ops.py:49] Converting op 12 : constant
[20200630 16:33:26 INFO /Volumes/data/work/1duo-coremltools/coremltools/converters/mil/mil/builder.py:181] Adding op '12' of type const
[20200630 16:33:26 INFO /Volumes/data/work/1duo-coremltools/coremltools/converters/mil/frontend/torch/ops.py:49] Converting op 24 : constant
[20200630 16:33:26 INFO /Volumes/data/work/1duo-coremltools/coremltools/converters/mil/mil/builder.py:181] Adding op '24' of type const
[20200630 16:33:26 INFO /Volumes/data/work/1duo-coremltools/coremltools/converters/mil/frontend/torch/ops.py:49] Converting op 16 : constant
[20200630 16:33:26 INFO /Volumes/data/work/1duo-coremltools/coremltools/converters/mil/mil/builder.py:181] Adding op '16' of type const
[20200630 16:33:26 INFO /Volumes/data/work/1duo-coremltools/coremltools/converters/mil/frontend/torch/ops.py:49] Converting op 17 : constant
[20200630 16:33:26 INFO /Volumes/data/work/1duo-coremltools/coremltools/converters/mil/mil/builder.py:181] Adding op '17' of type const
[20200630 16:33:26 INFO /Volumes/data/work/1duo-coremltools/coremltools/converters/mil/frontend/torch/ops.py:49] Converting op 18 : constant
[20200630 16:33:26 INFO /Volumes/data/work/1duo-coremltools/coremltools/converters/mil/mil/builder.py:181] Adding op '18' of type const
[20200630 16:33:26 INFO /Volumes/data/work/1duo-coremltools/coremltools/converters/mil/frontend/torch/ops.py:49] Converting op 19 : constant
[20200630 16:33:26 INFO /Volumes/data/work/1duo-coremltools/coremltools/converters/mil/mil/builder.py:181] Adding op '19' of type const
[20200630 16:33:26 INFO /Volumes/data/work/1duo-coremltools/coremltools/converters/mil/frontend/torch/ops.py:49] Converting op 20 : _convolution
[20200630 16:33:26 INFO /Volumes/data/work/1duo-coremltools/coremltools/converters/mil/mil/builder.py:181] Adding op '20' of type conv
[20200630 16:33:26 DEBUG /Volumes/data/work/1duo-coremltools/coremltools/converters/mil/mil/builder.py:93] Adding const op '20_pad_type_103'
[20200630 16:33:26 INFO /Volumes/data/work/1duo-coremltools/coremltools/converters/mil/mil/builder.py:181] Adding op '20_pad_type_103' of type const
[20200630 16:33:26 DEBUG /Volumes/data/work/1duo-coremltools/coremltools/converters/mil/mil/builder.py:93] Adding const op '20_pad_103'
[20200630 16:33:26 INFO /Volumes/data/work/1duo-coremltools/coremltools/converters/mil/mil/builder.py:181] Adding op '20_pad_103' of type const
[20200630 16:33:26 DEBUG /Volumes/data/work/1duo-coremltools/coremltools/converters/mil/mil/passes/common_pass.py:30] Program before common passes:
main(%input: (1, 3, 5, 7, fp32)) {
  block122() {
    %1: (1, 3, 1, 1, fp32)* = const(val=[[[[0.3080120086669922]], [[0.49134504795074463]], [[-0.39443153142929077]]]], name="1")
    %2: (1,fp32)* = const(val=[-0.11580207943916321], name="2")
    %21: (2,i32)* = const(val=[3, 3], name="21")
    %22: (2,i32)* = const(val=[3, 3], name="22")
    %23: (2,i32)* = const(val=[3, 3], name="23")
    %12: (bool)* = const(val=False, name="12")
    %24: (2,i32)* = const(val=[0, 0], name="24")
    %16: (i32)* = const(val=1, name="16")
    %17: (bool)* = const(val=False, name="17")
    %18: (bool)* = const(val=False, name="18")
    %19: (bool)* = const(val=True, name="19")
    %20_pad_type_103: (str)* = const(val="custom", name="20_pad_type_103")
    %20_pad_103: (4,i32)* = const(val=[3, 3, 3, 3], name="20_pad_103")
    %20: (1, 1, 4, 5, fp32) = conv(x=%input, weight=%1, bias=%2, strides=%21, pad_type=%20_pad_type_103, pad=%20_pad_103, dilations=%23, groups=%16, name="20")
  } -> (%20)
}

[20200630 16:33:26 INFO /Volumes/data/work/1duo-coremltools/coremltools/converters/mil/mil/passes/common_pass.py:34] Performing pass: "common::const_elimination"
[20200630 16:33:26 INFO /Volumes/data/work/1duo-coremltools/coremltools/converters/mil/mil/passes/common_pass.py:34] Performing pass: "common::divide_to_multiply"
[20200630 16:33:26 INFO /Volumes/data/work/1duo-coremltools/coremltools/converters/mil/mil/passes/common_pass.py:34] Performing pass: "common::fuse_matmul_weight_bias"
[20200630 16:33:26 INFO /Volumes/data/work/1duo-coremltools/coremltools/converters/mil/mil/passes/common_pass.py:34] Performing pass: "common::const_elimination"
[20200630 16:33:26 INFO /Volumes/data/work/1duo-coremltools/coremltools/converters/mil/mil/passes/common_pass.py:34] Performing pass: "common::loop_invariant_elimination"
[20200630 16:33:26 INFO /Volumes/data/work/1duo-coremltools/coremltools/converters/mil/mil/passes/common_pass.py:34] Performing pass: "common::remove_symbolic_reshape"
[20200630 16:33:26 INFO /Volumes/data/work/1duo-coremltools/coremltools/converters/mil/mil/passes/remove_symbolic_reshape.py:104] remove_symbolic_reshape: changed 0 reshapes.
[20200630 16:33:26 INFO /Volumes/data/work/1duo-coremltools/coremltools/converters/mil/mil/passes/common_pass.py:34] Performing pass: "common::fuse_gelu_tanh_approximation"
[20200630 16:33:26 INFO /Volumes/data/work/1duo-coremltools/coremltools/converters/mil/mil/passes/common_pass.py:34] Performing pass: "common::reduce_transposes"
[20200630 16:33:26 DEBUG /Volumes/data/work/1duo-coremltools/coremltools/converters/mil/mil/passes/reduce_transposes.py:989] Block before optimize transpose transform:
function(%input: (1, 3, 5, 7, fp32)) {
  block122() {
    %1: (1, 3, 1, 1, fp32)* = const(val=[[[[0.3080120086669922]], [[0.49134504795074463]], [[-0.39443153142929077]]]], name="1")
    %2: (1,fp32)* = const(val=[-0.11580207943916321], name="2")
    %21: (2,i32)* = const(val=[3, 3], name="21")
    %22: (2,i32)* = const(val=[3, 3], name="22")
    %23: (2,i32)* = const(val=[3, 3], name="23")
    %12: (bool)* = const(val=False, name="12")
    %24: (2,i32)* = const(val=[0, 0], name="24")
    %16: (i32)* = const(val=1, name="16")
    %17: (bool)* = const(val=False, name="17")
    %18: (bool)* = const(val=False, name="18")
    %19: (bool)* = const(val=True, name="19")
    %20_pad_type_103: (str)* = const(val="custom", name="20_pad_type_103")
    %20_pad_103: (4,i32)* = const(val=[3, 3, 3, 3], name="20_pad_103")
    %20: (1, 1, 4, 5, fp32) = conv(x=%input, weight=%1, bias=%2, strides=%21, pad_type=%20_pad_type_103, pad=%20_pad_103, dilations=%23, groups=%16, name="20")
  } -> (%20)
}

[20200630 16:33:26 DEBUG /Volumes/data/work/1duo-coremltools/coremltools/converters/mil/mil/passes/reduce_transposes.py:1024] Block after optimize transpose transform:
function(%input: (1, 3, 5, 7, fp32)) {
  block122() {
    %1: (1, 3, 1, 1, fp32)* = const(val=[[[[0.3080120086669922]], [[0.49134504795074463]], [[-0.39443153142929077]]]], name="1")
    %2: (1,fp32)* = const(val=[-0.11580207943916321], name="2")
    %21: (2,i32)* = const(val=[3, 3], name="21")
    %22: (2,i32)* = const(val=[3, 3], name="22")
    %23: (2,i32)* = const(val=[3, 3], name="23")
    %12: (bool)* = const(val=False, name="12")
    %24: (2,i32)* = const(val=[0, 0], name="24")
    %16: (i32)* = const(val=1, name="16")
    %17: (bool)* = const(val=False, name="17")
    %18: (bool)* = const(val=False, name="18")
    %19: (bool)* = const(val=True, name="19")
    %20_pad_type_103: (str)* = const(val="custom", name="20_pad_type_103")
    %20_pad_103: (4,i32)* = const(val=[3, 3, 3, 3], name="20_pad_103")
    %20: (1, 1, 4, 5, fp32) = conv(x=%input, weight=%1, bias=%2, strides=%21, pad_type=%20_pad_type_103, pad=%20_pad_103, dilations=%23, groups=%16, name="20")
  } -> (%20)
}

[20200630 16:33:26 INFO /Volumes/data/work/1duo-coremltools/coremltools/converters/mil/mil/passes/common_pass.py:34] Performing pass: "common::fuse_bias_conv"
[20200630 16:33:26 INFO /Volumes/data/work/1duo-coremltools/coremltools/converters/mil/mil/passes/common_pass.py:34] Performing pass: "common::fuse_elementwise_to_batchnorm"
[20200630 16:33:26 INFO /Volumes/data/work/1duo-coremltools/coremltools/converters/mil/mil/passes/common_pass.py:34] Performing pass: "common::fuse_onehot_matmul_to_gather"
[20200630 16:33:26 INFO /Volumes/data/work/1duo-coremltools/coremltools/converters/mil/mil/passes/common_pass.py:34] Performing pass: "common::fuse_layernorm_or_instancenorm"
[20200630 16:33:26 INFO /Volumes/data/work/1duo-coremltools/coremltools/converters/mil/mil/passes/common_pass.py:34] Performing pass: "common::dead_code_elimination"
[20200630 16:33:26 INFO /Volumes/data/work/1duo-coremltools/coremltools/converters/mil/mil/passes/dead_code_elimination.py:35] Removing op "19" (type: const)
[20200630 16:33:26 INFO /Volumes/data/work/1duo-coremltools/coremltools/converters/mil/mil/passes/dead_code_elimination.py:35] Removing op "18" (type: const)
[20200630 16:33:26 INFO /Volumes/data/work/1duo-coremltools/coremltools/converters/mil/mil/passes/dead_code_elimination.py:35] Removing op "17" (type: const)
[20200630 16:33:26 INFO /Volumes/data/work/1duo-coremltools/coremltools/converters/mil/mil/passes/dead_code_elimination.py:35] Removing op "24" (type: const)
[20200630 16:33:26 INFO /Volumes/data/work/1duo-coremltools/coremltools/converters/mil/mil/passes/dead_code_elimination.py:35] Removing op "12" (type: const)
[20200630 16:33:26 INFO /Volumes/data/work/1duo-coremltools/coremltools/converters/mil/mil/passes/dead_code_elimination.py:35] Removing op "22" (type: const)
[20200630 16:33:26 DEBUG /Volumes/data/work/1duo-coremltools/coremltools/converters/mil/mil/passes/common_pass.py:38] Program after common passes:
main(%input: (1, 3, 5, 7, fp32)) {
  block122() {
    %1: (1, 3, 1, 1, fp32)* = const(val=[[[[0.3080120086669922]], [[0.49134504795074463]], [[-0.39443153142929077]]]], name="1")
    %2: (1,fp32)* = const(val=[-0.11580207943916321], name="2")
    %21: (2,i32)* = const(val=[3, 3], name="21")
    %23: (2,i32)* = const(val=[3, 3], name="23")
    %16: (i32)* = const(val=1, name="16")
    %20_pad_type_103: (str)* = const(val="custom", name="20_pad_type_103")
    %20_pad_103: (4,i32)* = const(val=[3, 3, 3, 3], name="20_pad_103")
    %20: (1, 1, 4, 5, fp32) = conv(x=%input, weight=%1, bias=%2, strides=%21, pad_type=%20_pad_type_103, pad=%20_pad_103, dilations=%23, groups=%16, name="20")
  } -> (%20)
}

[20200630 16:33:26 INFO /Volumes/data/work/1duo-coremltools/coremltools/converters/mil/backend/nn/passes/nn_passes.py:22] Performing passes for nn_backend: "nn_backend::commingle_loop_vars"
[20200630 16:33:26 INFO /Volumes/data/work/1duo-coremltools/coremltools/converters/mil/backend/nn/passes/nn_passes.py:22] Performing passes for nn_backend: "nn_backend::handle_return_inputs_as_outputs"
[20200630 16:33:26 INFO /Volumes/data/work/1duo-coremltools/coremltools/converters/mil/backend/nn/passes/nn_passes.py:22] Performing passes for nn_backend: "common::const_elimination"
[20200630 16:33:26 INFO /Volumes/data/work/1duo-coremltools/coremltools/converters/mil/backend/nn/passes/nn_passes.py:22] Performing passes for nn_backend: "common::dead_code_elimination"
[20200630 16:33:26 INFO /Volumes/data/work/1duo-coremltools/coremltools/converters/mil/backend/nn/passes/nn_passes.py:22] Performing passes for nn_backend: "nn_backend::handle_unused_inputs"
[20200630 16:33:26 INFO /Volumes/data/work/1duo-coremltools/coremltools/converters/mil/backend/nn/passes/nn_passes.py:22] Performing passes for nn_backend: "nn_backend::alert_return_type_cast"
[20200630 16:33:26 DEBUG /Volumes/data/work/1duo-coremltools/coremltools/converters/mil/backend/nn/passes/nn_passes.py:26] Program after nn backend passes:
main(%input: (1, 3, 5, 7, fp32)) {
  block122() {
    %1: (1, 3, 1, 1, fp32)* = const(val=[[[[0.3080120086669922]], [[0.49134504795074463]], [[-0.39443153142929077]]]], name="1")
    %2: (1,fp32)* = const(val=[-0.11580207943916321], name="2")
    %21: (2,i32)* = const(val=[3, 3], name="21")
    %23: (2,i32)* = const(val=[3, 3], name="23")
    %16: (i32)* = const(val=1, name="16")
    %20_pad_type_103: (str)* = const(val="custom", name="20_pad_type_103")
    %20_pad_103: (4,i32)* = const(val=[3, 3, 3, 3], name="20_pad_103")
    %20: (1, 1, 4, 5, fp32) = conv(x=%input, weight=%1, bias=%2, strides=%21, pad_type=%20_pad_type_103, pad=%20_pad_103, dilations=%23, groups=%16, name="20")
  } -> (%20)
}

[20200630 16:33:26 INFO /Volumes/data/work/1duo-coremltools/coremltools/converters/mil/frontend/torch/converter.py:269] Converting graph.
[20200630 16:33:26 INFO /Volumes/data/work/1duo-coremltools/coremltools/converters/mil/mil/builder.py:181] Adding op '1' of type const
[20200630 16:33:26 INFO /Volumes/data/work/1duo-coremltools/coremltools/converters/mil/mil/builder.py:181] Adding op '2' of type const
[20200630 16:33:26 INFO /Volumes/data/work/1duo-coremltools/coremltools/converters/mil/frontend/torch/ops.py:49] Converting op 21 : constant
[20200630 16:33:26 INFO /Volumes/data/work/1duo-coremltools/coremltools/converters/mil/mil/builder.py:181] Adding op '21' of type const
[20200630 16:33:26 INFO /Volumes/data/work/1duo-coremltools/coremltools/converters/mil/frontend/torch/ops.py:49] Converting op 22 : constant
[20200630 16:33:26 INFO /Volumes/data/work/1duo-coremltools/coremltools/converters/mil/mil/builder.py:181] Adding op '22' of type const
[20200630 16:33:26 INFO /Volumes/data/work/1duo-coremltools/coremltools/converters/mil/frontend/torch/ops.py:49] Converting op 23 : constant
[20200630 16:33:26 INFO /Volumes/data/work/1duo-coremltools/coremltools/converters/mil/mil/builder.py:181] Adding op '23' of type const
[20200630 16:33:26 INFO /Volumes/data/work/1duo-coremltools/coremltools/converters/mil/frontend/torch/ops.py:49] Converting op 12 : constant
[20200630 16:33:26 INFO /Volumes/data/work/1duo-coremltools/coremltools/converters/mil/mil/builder.py:181] Adding op '12' of type const
[20200630 16:33:26 INFO /Volumes/data/work/1duo-coremltools/coremltools/converters/mil/frontend/torch/ops.py:49] Converting op 24 : constant
[20200630 16:33:26 INFO /Volumes/data/work/1duo-coremltools/coremltools/converters/mil/mil/builder.py:181] Adding op '24' of type const
[20200630 16:33:26 INFO /Volumes/data/work/1duo-coremltools/coremltools/converters/mil/frontend/torch/ops.py:49] Converting op 16 : constant
[20200630 16:33:26 INFO /Volumes/data/work/1duo-coremltools/coremltools/converters/mil/mil/builder.py:181] Adding op '16' of type const
[20200630 16:33:26 INFO /Volumes/data/work/1duo-coremltools/coremltools/converters/mil/frontend/torch/ops.py:49] Converting op 17 : constant
[20200630 16:33:26 INFO /Volumes/data/work/1duo-coremltools/coremltools/converters/mil/mil/builder.py:181] Adding op '17' of type const
[20200630 16:33:26 INFO /Volumes/data/work/1duo-coremltools/coremltools/converters/mil/frontend/torch/ops.py:49] Converting op 18 : constant
[20200630 16:33:26 INFO /Volumes/data/work/1duo-coremltools/coremltools/converters/mil/mil/builder.py:181] Adding op '18' of type const
[20200630 16:33:26 INFO /Volumes/data/work/1duo-coremltools/coremltools/converters/mil/frontend/torch/ops.py:49] Converting op 19 : constant
[20200630 16:33:26 INFO /Volumes/data/work/1duo-coremltools/coremltools/converters/mil/mil/builder.py:181] Adding op '19' of type const
[20200630 16:33:26 INFO /Volumes/data/work/1duo-coremltools/coremltools/converters/mil/frontend/torch/ops.py:49] Converting op 20 : _convolution
[20200630 16:33:26 INFO /Volumes/data/work/1duo-coremltools/coremltools/converters/mil/mil/builder.py:181] Adding op '20' of type conv
[20200630 16:33:26 DEBUG /Volumes/data/work/1duo-coremltools/coremltools/converters/mil/mil/builder.py:93] Adding const op '20_pad_type_104'
[20200630 16:33:26 INFO /Volumes/data/work/1duo-coremltools/coremltools/converters/mil/mil/builder.py:181] Adding op '20_pad_type_104' of type const
[20200630 16:33:26 DEBUG /Volumes/data/work/1duo-coremltools/coremltools/converters/mil/mil/builder.py:93] Adding const op '20_pad_104'
[20200630 16:33:26 INFO /Volumes/data/work/1duo-coremltools/coremltools/converters/mil/mil/builder.py:181] Adding op '20_pad_104' of type const
[20200630 16:33:26 DEBUG /Volumes/data/work/1duo-coremltools/coremltools/converters/mil/mil/passes/common_pass.py:30] Program before common passes:
main(%input: (1, 3, 5, 7, fp32)) {
  block123() {
    %1: (1, 3, 3, 3, fp32)* = const(val=(file_value), name="1")
    %2: (1,fp32)* = const(val=[0.06658665835857391], name="2")
    %21: (2,i32)* = const(val=[1, 1], name="21")
    %22: (2,i32)* = const(val=[1, 1], name="22")
    %23: (2,i32)* = const(val=[1, 1], name="23")
    %12: (bool)* = const(val=False, name="12")
    %24: (2,i32)* = const(val=[0, 0], name="24")
    %16: (i32)* = const(val=1, name="16")
    %17: (bool)* = const(val=False, name="17")
    %18: (bool)* = const(val=False, name="18")
    %19: (bool)* = const(val=True, name="19")
    %20_pad_type_104: (str)* = const(val="custom", name="20_pad_type_104")
    %20_pad_104: (4,i32)* = const(val=[1, 1, 1, 1], name="20_pad_104")
    %20: (1, 1, 5, 7, fp32) = conv(x=%input, weight=%1, bias=%2, strides=%21, pad_type=%20_pad_type_104, pad=%20_pad_104, dilations=%23, groups=%16, name="20")
  } -> (%20)
}

[20200630 16:33:26 INFO /Volumes/data/work/1duo-coremltools/coremltools/converters/mil/mil/passes/common_pass.py:34] Performing pass: "common::const_elimination"
[20200630 16:33:26 INFO /Volumes/data/work/1duo-coremltools/coremltools/converters/mil/mil/passes/common_pass.py:34] Performing pass: "common::divide_to_multiply"
[20200630 16:33:26 INFO /Volumes/data/work/1duo-coremltools/coremltools/converters/mil/mil/passes/common_pass.py:34] Performing pass: "common::fuse_matmul_weight_bias"
[20200630 16:33:26 INFO /Volumes/data/work/1duo-coremltools/coremltools/converters/mil/mil/passes/common_pass.py:34] Performing pass: "common::const_elimination"
[20200630 16:33:26 INFO /Volumes/data/work/1duo-coremltools/coremltools/converters/mil/mil/passes/common_pass.py:34] Performing pass: "common::loop_invariant_elimination"
[20200630 16:33:26 INFO /Volumes/data/work/1duo-coremltools/coremltools/converters/mil/mil/passes/common_pass.py:34] Performing pass: "common::remove_symbolic_reshape"
[20200630 16:33:26 INFO /Volumes/data/work/1duo-coremltools/coremltools/converters/mil/mil/passes/remove_symbolic_reshape.py:104] remove_symbolic_reshape: changed 0 reshapes.
[20200630 16:33:26 INFO /Volumes/data/work/1duo-coremltools/coremltools/converters/mil/mil/passes/common_pass.py:34] Performing pass: "common::fuse_gelu_tanh_approximation"
[20200630 16:33:26 INFO /Volumes/data/work/1duo-coremltools/coremltools/converters/mil/mil/passes/common_pass.py:34] Performing pass: "common::reduce_transposes"
[20200630 16:33:26 DEBUG /Volumes/data/work/1duo-coremltools/coremltools/converters/mil/mil/passes/reduce_transposes.py:989] Block before optimize transpose transform:
function(%input: (1, 3, 5, 7, fp32)) {
  block123() {
    %1: (1, 3, 3, 3, fp32)* = const(val=(file_value), name="1")
    %2: (1,fp32)* = const(val=[0.06658665835857391], name="2")
    %21: (2,i32)* = const(val=[1, 1], name="21")
    %22: (2,i32)* = const(val=[1, 1], name="22")
    %23: (2,i32)* = const(val=[1, 1], name="23")
    %12: (bool)* = const(val=False, name="12")
    %24: (2,i32)* = const(val=[0, 0], name="24")
    %16: (i32)* = const(val=1, name="16")
    %17: (bool)* = const(val=False, name="17")
    %18: (bool)* = const(val=False, name="18")
    %19: (bool)* = const(val=True, name="19")
    %20_pad_type_104: (str)* = const(val="custom", name="20_pad_type_104")
    %20_pad_104: (4,i32)* = const(val=[1, 1, 1, 1], name="20_pad_104")
    %20: (1, 1, 5, 7, fp32) = conv(x=%input, weight=%1, bias=%2, strides=%21, pad_type=%20_pad_type_104, pad=%20_pad_104, dilations=%23, groups=%16, name="20")
  } -> (%20)
}

[20200630 16:33:26 DEBUG /Volumes/data/work/1duo-coremltools/coremltools/converters/mil/mil/passes/reduce_transposes.py:1024] Block after optimize transpose transform:
function(%input: (1, 3, 5, 7, fp32)) {
  block123() {
    %1: (1, 3, 3, 3, fp32)* = const(val=(file_value), name="1")
    %2: (1,fp32)* = const(val=[0.06658665835857391], name="2")
    %21: (2,i32)* = const(val=[1, 1], name="21")
    %22: (2,i32)* = const(val=[1, 1], name="22")
    %23: (2,i32)* = const(val=[1, 1], name="23")
    %12: (bool)* = const(val=False, name="12")
    %24: (2,i32)* = const(val=[0, 0], name="24")
    %16: (i32)* = const(val=1, name="16")
    %17: (bool)* = const(val=False, name="17")
    %18: (bool)* = const(val=False, name="18")
    %19: (bool)* = const(val=True, name="19")
    %20_pad_type_104: (str)* = const(val="custom", name="20_pad_type_104")
    %20_pad_104: (4,i32)* = const(val=[1, 1, 1, 1], name="20_pad_104")
    %20: (1, 1, 5, 7, fp32) = conv(x=%input, weight=%1, bias=%2, strides=%21, pad_type=%20_pad_type_104, pad=%20_pad_104, dilations=%23, groups=%16, name="20")
  } -> (%20)
}

[20200630 16:33:26 INFO /Volumes/data/work/1duo-coremltools/coremltools/converters/mil/mil/passes/common_pass.py:34] Performing pass: "common::fuse_bias_conv"
[20200630 16:33:26 INFO /Volumes/data/work/1duo-coremltools/coremltools/converters/mil/mil/passes/common_pass.py:34] Performing pass: "common::fuse_elementwise_to_batchnorm"
[20200630 16:33:26 INFO /Volumes/data/work/1duo-coremltools/coremltools/converters/mil/mil/passes/common_pass.py:34] Performing pass: "common::fuse_onehot_matmul_to_gather"
[20200630 16:33:26 INFO /Volumes/data/work/1duo-coremltools/coremltools/converters/mil/mil/passes/common_pass.py:34] Performing pass: "common::fuse_layernorm_or_instancenorm"
[20200630 16:33:26 INFO /Volumes/data/work/1duo-coremltools/coremltools/converters/mil/mil/passes/common_pass.py:34] Performing pass: "common::dead_code_elimination"
[20200630 16:33:26 INFO /Volumes/data/work/1duo-coremltools/coremltools/converters/mil/mil/passes/dead_code_elimination.py:35] Removing op "19" (type: const)
[20200630 16:33:26 INFO /Volumes/data/work/1duo-coremltools/coremltools/converters/mil/mil/passes/dead_code_elimination.py:35] Removing op "18" (type: const)
[20200630 16:33:26 INFO /Volumes/data/work/1duo-coremltools/coremltools/converters/mil/mil/passes/dead_code_elimination.py:35] Removing op "17" (type: const)
[20200630 16:33:26 INFO /Volumes/data/work/1duo-coremltools/coremltools/converters/mil/mil/passes/dead_code_elimination.py:35] Removing op "24" (type: const)
[20200630 16:33:26 INFO /Volumes/data/work/1duo-coremltools/coremltools/converters/mil/mil/passes/dead_code_elimination.py:35] Removing op "12" (type: const)
[20200630 16:33:26 INFO /Volumes/data/work/1duo-coremltools/coremltools/converters/mil/mil/passes/dead_code_elimination.py:35] Removing op "22" (type: const)
[20200630 16:33:26 DEBUG /Volumes/data/work/1duo-coremltools/coremltools/converters/mil/mil/passes/common_pass.py:38] Program after common passes:
main(%input: (1, 3, 5, 7, fp32)) {
  block123() {
    %1: (1, 3, 3, 3, fp32)* = const(val=(file_value), name="1")
    %2: (1,fp32)* = const(val=[0.06658665835857391], name="2")
    %21: (2,i32)* = const(val=[1, 1], name="21")
    %23: (2,i32)* = const(val=[1, 1], name="23")
    %16: (i32)* = const(val=1, name="16")
    %20_pad_type_104: (str)* = const(val="custom", name="20_pad_type_104")
    %20_pad_104: (4,i32)* = const(val=[1, 1, 1, 1], name="20_pad_104")
    %20: (1, 1, 5, 7, fp32) = conv(x=%input, weight=%1, bias=%2, strides=%21, pad_type=%20_pad_type_104, pad=%20_pad_104, dilations=%23, groups=%16, name="20")
  } -> (%20)
}

[20200630 16:33:26 INFO /Volumes/data/work/1duo-coremltools/coremltools/converters/mil/backend/nn/passes/nn_passes.py:22] Performing passes for nn_backend: "nn_backend::commingle_loop_vars"
[20200630 16:33:26 INFO /Volumes/data/work/1duo-coremltools/coremltools/converters/mil/backend/nn/passes/nn_passes.py:22] Performing passes for nn_backend: "nn_backend::handle_return_inputs_as_outputs"
[20200630 16:33:26 INFO /Volumes/data/work/1duo-coremltools/coremltools/converters/mil/backend/nn/passes/nn_passes.py:22] Performing passes for nn_backend: "common::const_elimination"
[20200630 16:33:26 INFO /Volumes/data/work/1duo-coremltools/coremltools/converters/mil/backend/nn/passes/nn_passes.py:22] Performing passes for nn_backend: "common::dead_code_elimination"
[20200630 16:33:26 INFO /Volumes/data/work/1duo-coremltools/coremltools/converters/mil/backend/nn/passes/nn_passes.py:22] Performing passes for nn_backend: "nn_backend::handle_unused_inputs"
[20200630 16:33:26 INFO /Volumes/data/work/1duo-coremltools/coremltools/converters/mil/backend/nn/passes/nn_passes.py:22] Performing passes for nn_backend: "nn_backend::alert_return_type_cast"
[20200630 16:33:26 DEBUG /Volumes/data/work/1duo-coremltools/coremltools/converters/mil/backend/nn/passes/nn_passes.py:26] Program after nn backend passes:
main(%input: (1, 3, 5, 7, fp32)) {
  block123() {
    %1: (1, 3, 3, 3, fp32)* = const(val=(file_value), name="1")
    %2: (1,fp32)* = const(val=[0.06658665835857391], name="2")
    %21: (2,i32)* = const(val=[1, 1], name="21")
    %23: (2,i32)* = const(val=[1, 1], name="23")
    %16: (i32)* = const(val=1, name="16")
    %20_pad_type_104: (str)* = const(val="custom", name="20_pad_type_104")
    %20_pad_104: (4,i32)* = const(val=[1, 1, 1, 1], name="20_pad_104")
    %20: (1, 1, 5, 7, fp32) = conv(x=%input, weight=%1, bias=%2, strides=%21, pad_type=%20_pad_type_104, pad=%20_pad_104, dilations=%23, groups=%16, name="20")
  } -> (%20)
}

[20200630 16:33:26 INFO /Volumes/data/work/1duo-coremltools/coremltools/converters/mil/frontend/torch/converter.py:269] Converting graph.
[20200630 16:33:26 INFO /Volumes/data/work/1duo-coremltools/coremltools/converters/mil/mil/builder.py:181] Adding op '1' of type const
[20200630 16:33:26 INFO /Volumes/data/work/1duo-coremltools/coremltools/converters/mil/mil/builder.py:181] Adding op '2' of type const
[20200630 16:33:26 INFO /Volumes/data/work/1duo-coremltools/coremltools/converters/mil/frontend/torch/ops.py:49] Converting op 21 : constant
[20200630 16:33:26 INFO /Volumes/data/work/1duo-coremltools/coremltools/converters/mil/mil/builder.py:181] Adding op '21' of type const
[20200630 16:33:26 INFO /Volumes/data/work/1duo-coremltools/coremltools/converters/mil/frontend/torch/ops.py:49] Converting op 22 : constant
[20200630 16:33:26 INFO /Volumes/data/work/1duo-coremltools/coremltools/converters/mil/mil/builder.py:181] Adding op '22' of type const
[20200630 16:33:26 INFO /Volumes/data/work/1duo-coremltools/coremltools/converters/mil/frontend/torch/ops.py:49] Converting op 23 : constant
[20200630 16:33:26 INFO /Volumes/data/work/1duo-coremltools/coremltools/converters/mil/mil/builder.py:181] Adding op '23' of type const
[20200630 16:33:26 INFO /Volumes/data/work/1duo-coremltools/coremltools/converters/mil/frontend/torch/ops.py:49] Converting op 12 : constant
[20200630 16:33:26 INFO /Volumes/data/work/1duo-coremltools/coremltools/converters/mil/mil/builder.py:181] Adding op '12' of type const
[20200630 16:33:26 INFO /Volumes/data/work/1duo-coremltools/coremltools/converters/mil/frontend/torch/ops.py:49] Converting op 24 : constant
[20200630 16:33:26 INFO /Volumes/data/work/1duo-coremltools/coremltools/converters/mil/mil/builder.py:181] Adding op '24' of type const
[20200630 16:33:26 INFO /Volumes/data/work/1duo-coremltools/coremltools/converters/mil/frontend/torch/ops.py:49] Converting op 16 : constant
[20200630 16:33:26 INFO /Volumes/data/work/1duo-coremltools/coremltools/converters/mil/mil/builder.py:181] Adding op '16' of type const
[20200630 16:33:26 INFO /Volumes/data/work/1duo-coremltools/coremltools/converters/mil/frontend/torch/ops.py:49] Converting op 17 : constant
[20200630 16:33:26 INFO /Volumes/data/work/1duo-coremltools/coremltools/converters/mil/mil/builder.py:181] Adding op '17' of type const
[20200630 16:33:26 INFO /Volumes/data/work/1duo-coremltools/coremltools/converters/mil/frontend/torch/ops.py:49] Converting op 18 : constant
[20200630 16:33:26 INFO /Volumes/data/work/1duo-coremltools/coremltools/converters/mil/mil/builder.py:181] Adding op '18' of type const
[20200630 16:33:26 INFO /Volumes/data/work/1duo-coremltools/coremltools/converters/mil/frontend/torch/ops.py:49] Converting op 19 : constant
[20200630 16:33:26 INFO /Volumes/data/work/1duo-coremltools/coremltools/converters/mil/mil/builder.py:181] Adding op '19' of type const
[20200630 16:33:26 INFO /Volumes/data/work/1duo-coremltools/coremltools/converters/mil/frontend/torch/ops.py:49] Converting op 20 : _convolution
[20200630 16:33:26 INFO /Volumes/data/work/1duo-coremltools/coremltools/converters/mil/mil/builder.py:181] Adding op '20' of type conv
[20200630 16:33:26 DEBUG /Volumes/data/work/1duo-coremltools/coremltools/converters/mil/mil/builder.py:93] Adding const op '20_pad_type_105'
[20200630 16:33:26 INFO /Volumes/data/work/1duo-coremltools/coremltools/converters/mil/mil/builder.py:181] Adding op '20_pad_type_105' of type const
[20200630 16:33:26 DEBUG /Volumes/data/work/1duo-coremltools/coremltools/converters/mil/mil/builder.py:93] Adding const op '20_pad_105'
[20200630 16:33:26 INFO /Volumes/data/work/1duo-coremltools/coremltools/converters/mil/mil/builder.py:181] Adding op '20_pad_105' of type const
[20200630 16:33:26 DEBUG /Volumes/data/work/1duo-coremltools/coremltools/converters/mil/mil/passes/common_pass.py:30] Program before common passes:
main(%input: (1, 3, 5, 7, fp32)) {
  block124() {
    %1: (1, 3, 3, 3, fp32)* = const(val=(file_value), name="1")
    %2: (1,fp32)* = const(val=[0.1869899183511734], name="2")
    %21: (2,i32)* = const(val=[1, 1], name="21")
    %22: (2,i32)* = const(val=[1, 1], name="22")
    %23: (2,i32)* = const(val=[3, 3], name="23")
    %12: (bool)* = const(val=False, name="12")
    %24: (2,i32)* = const(val=[0, 0], name="24")
    %16: (i32)* = const(val=1, name="16")
    %17: (bool)* = const(val=False, name="17")
    %18: (bool)* = const(val=False, name="18")
    %19: (bool)* = const(val=True, name="19")
    %20_pad_type_105: (str)* = const(val="custom", name="20_pad_type_105")
    %20_pad_105: (4,i32)* = const(val=[1, 1, 1, 1], name="20_pad_105")
    %20: (1, 1, 1, 3, fp32) = conv(x=%input, weight=%1, bias=%2, strides=%21, pad_type=%20_pad_type_105, pad=%20_pad_105, dilations=%23, groups=%16, name="20")
  } -> (%20)
}

[20200630 16:33:26 INFO /Volumes/data/work/1duo-coremltools/coremltools/converters/mil/mil/passes/common_pass.py:34] Performing pass: "common::const_elimination"
[20200630 16:33:26 INFO /Volumes/data/work/1duo-coremltools/coremltools/converters/mil/mil/passes/common_pass.py:34] Performing pass: "common::divide_to_multiply"
[20200630 16:33:26 INFO /Volumes/data/work/1duo-coremltools/coremltools/converters/mil/mil/passes/common_pass.py:34] Performing pass: "common::fuse_matmul_weight_bias"
[20200630 16:33:26 INFO /Volumes/data/work/1duo-coremltools/coremltools/converters/mil/mil/passes/common_pass.py:34] Performing pass: "common::const_elimination"
[20200630 16:33:26 INFO /Volumes/data/work/1duo-coremltools/coremltools/converters/mil/mil/passes/common_pass.py:34] Performing pass: "common::loop_invariant_elimination"
[20200630 16:33:26 INFO /Volumes/data/work/1duo-coremltools/coremltools/converters/mil/mil/passes/common_pass.py:34] Performing pass: "common::remove_symbolic_reshape"
[20200630 16:33:26 INFO /Volumes/data/work/1duo-coremltools/coremltools/converters/mil/mil/passes/remove_symbolic_reshape.py:104] remove_symbolic_reshape: changed 0 reshapes.
[20200630 16:33:26 INFO /Volumes/data/work/1duo-coremltools/coremltools/converters/mil/mil/passes/common_pass.py:34] Performing pass: "common::fuse_gelu_tanh_approximation"
[20200630 16:33:26 INFO /Volumes/data/work/1duo-coremltools/coremltools/converters/mil/mil/passes/common_pass.py:34] Performing pass: "common::reduce_transposes"
[20200630 16:33:26 DEBUG /Volumes/data/work/1duo-coremltools/coremltools/converters/mil/mil/passes/reduce_transposes.py:989] Block before optimize transpose transform:
function(%input: (1, 3, 5, 7, fp32)) {
  block124() {
    %1: (1, 3, 3, 3, fp32)* = const(val=(file_value), name="1")
    %2: (1,fp32)* = const(val=[0.1869899183511734], name="2")
    %21: (2,i32)* = const(val=[1, 1], name="21")
    %22: (2,i32)* = const(val=[1, 1], name="22")
    %23: (2,i32)* = const(val=[3, 3], name="23")
    %12: (bool)* = const(val=False, name="12")
    %24: (2,i32)* = const(val=[0, 0], name="24")
    %16: (i32)* = const(val=1, name="16")
    %17: (bool)* = const(val=False, name="17")
    %18: (bool)* = const(val=False, name="18")
    %19: (bool)* = const(val=True, name="19")
    %20_pad_type_105: (str)* = const(val="custom", name="20_pad_type_105")
    %20_pad_105: (4,i32)* = const(val=[1, 1, 1, 1], name="20_pad_105")
    %20: (1, 1, 1, 3, fp32) = conv(x=%input, weight=%1, bias=%2, strides=%21, pad_type=%20_pad_type_105, pad=%20_pad_105, dilations=%23, groups=%16, name="20")
  } -> (%20)
}

[20200630 16:33:26 DEBUG /Volumes/data/work/1duo-coremltools/coremltools/converters/mil/mil/passes/reduce_transposes.py:1024] Block after optimize transpose transform:
function(%input: (1, 3, 5, 7, fp32)) {
  block124() {
    %1: (1, 3, 3, 3, fp32)* = const(val=(file_value), name="1")
    %2: (1,fp32)* = const(val=[0.1869899183511734], name="2")
    %21: (2,i32)* = const(val=[1, 1], name="21")
    %22: (2,i32)* = const(val=[1, 1], name="22")
    %23: (2,i32)* = const(val=[3, 3], name="23")
    %12: (bool)* = const(val=False, name="12")
    %24: (2,i32)* = const(val=[0, 0], name="24")
    %16: (i32)* = const(val=1, name="16")
    %17: (bool)* = const(val=False, name="17")
    %18: (bool)* = const(val=False, name="18")
    %19: (bool)* = const(val=True, name="19")
    %20_pad_type_105: (str)* = const(val="custom", name="20_pad_type_105")
    %20_pad_105: (4,i32)* = const(val=[1, 1, 1, 1], name="20_pad_105")
    %20: (1, 1, 1, 3, fp32) = conv(x=%input, weight=%1, bias=%2, strides=%21, pad_type=%20_pad_type_105, pad=%20_pad_105, dilations=%23, groups=%16, name="20")
  } -> (%20)
}

[20200630 16:33:26 INFO /Volumes/data/work/1duo-coremltools/coremltools/converters/mil/mil/passes/common_pass.py:34] Performing pass: "common::fuse_bias_conv"
[20200630 16:33:26 INFO /Volumes/data/work/1duo-coremltools/coremltools/converters/mil/mil/passes/common_pass.py:34] Performing pass: "common::fuse_elementwise_to_batchnorm"
[20200630 16:33:26 INFO /Volumes/data/work/1duo-coremltools/coremltools/converters/mil/mil/passes/common_pass.py:34] Performing pass: "common::fuse_onehot_matmul_to_gather"
[20200630 16:33:26 INFO /Volumes/data/work/1duo-coremltools/coremltools/converters/mil/mil/passes/common_pass.py:34] Performing pass: "common::fuse_layernorm_or_instancenorm"
[20200630 16:33:26 INFO /Volumes/data/work/1duo-coremltools/coremltools/converters/mil/mil/passes/common_pass.py:34] Performing pass: "common::dead_code_elimination"
[20200630 16:33:26 INFO /Volumes/data/work/1duo-coremltools/coremltools/converters/mil/mil/passes/dead_code_elimination.py:35] Removing op "19" (type: const)
[20200630 16:33:26 INFO /Volumes/data/work/1duo-coremltools/coremltools/converters/mil/mil/passes/dead_code_elimination.py:35] Removing op "18" (type: const)
[20200630 16:33:26 INFO /Volumes/data/work/1duo-coremltools/coremltools/converters/mil/mil/passes/dead_code_elimination.py:35] Removing op "17" (type: const)
[20200630 16:33:26 INFO /Volumes/data/work/1duo-coremltools/coremltools/converters/mil/mil/passes/dead_code_elimination.py:35] Removing op "24" (type: const)
[20200630 16:33:26 INFO /Volumes/data/work/1duo-coremltools/coremltools/converters/mil/mil/passes/dead_code_elimination.py:35] Removing op "12" (type: const)
[20200630 16:33:26 INFO /Volumes/data/work/1duo-coremltools/coremltools/converters/mil/mil/passes/dead_code_elimination.py:35] Removing op "22" (type: const)
[20200630 16:33:26 DEBUG /Volumes/data/work/1duo-coremltools/coremltools/converters/mil/mil/passes/common_pass.py:38] Program after common passes:
main(%input: (1, 3, 5, 7, fp32)) {
  block124() {
    %1: (1, 3, 3, 3, fp32)* = const(val=(file_value), name="1")
    %2: (1,fp32)* = const(val=[0.1869899183511734], name="2")
    %21: (2,i32)* = const(val=[1, 1], name="21")
    %23: (2,i32)* = const(val=[3, 3], name="23")
    %16: (i32)* = const(val=1, name="16")
    %20_pad_type_105: (str)* = const(val="custom", name="20_pad_type_105")
    %20_pad_105: (4,i32)* = const(val=[1, 1, 1, 1], name="20_pad_105")
    %20: (1, 1, 1, 3, fp32) = conv(x=%input, weight=%1, bias=%2, strides=%21, pad_type=%20_pad_type_105, pad=%20_pad_105, dilations=%23, groups=%16, name="20")
  } -> (%20)
}

[20200630 16:33:26 INFO /Volumes/data/work/1duo-coremltools/coremltools/converters/mil/backend/nn/passes/nn_passes.py:22] Performing passes for nn_backend: "nn_backend::commingle_loop_vars"
[20200630 16:33:26 INFO /Volumes/data/work/1duo-coremltools/coremltools/converters/mil/backend/nn/passes/nn_passes.py:22] Performing passes for nn_backend: "nn_backend::handle_return_inputs_as_outputs"
[20200630 16:33:26 INFO /Volumes/data/work/1duo-coremltools/coremltools/converters/mil/backend/nn/passes/nn_passes.py:22] Performing passes for nn_backend: "common::const_elimination"
[20200630 16:33:26 INFO /Volumes/data/work/1duo-coremltools/coremltools/converters/mil/backend/nn/passes/nn_passes.py:22] Performing passes for nn_backend: "common::dead_code_elimination"
[20200630 16:33:26 INFO /Volumes/data/work/1duo-coremltools/coremltools/converters/mil/backend/nn/passes/nn_passes.py:22] Performing passes for nn_backend: "nn_backend::handle_unused_inputs"
[20200630 16:33:26 INFO /Volumes/data/work/1duo-coremltools/coremltools/converters/mil/backend/nn/passes/nn_passes.py:22] Performing passes for nn_backend: "nn_backend::alert_return_type_cast"
[20200630 16:33:26 DEBUG /Volumes/data/work/1duo-coremltools/coremltools/converters/mil/backend/nn/passes/nn_passes.py:26] Program after nn backend passes:
main(%input: (1, 3, 5, 7, fp32)) {
  block124() {
    %1: (1, 3, 3, 3, fp32)* = const(val=(file_value), name="1")
    %2: (1,fp32)* = const(val=[0.1869899183511734], name="2")
    %21: (2,i32)* = const(val=[1, 1], name="21")
    %23: (2,i32)* = const(val=[3, 3], name="23")
    %16: (i32)* = const(val=1, name="16")
    %20_pad_type_105: (str)* = const(val="custom", name="20_pad_type_105")
    %20_pad_105: (4,i32)* = const(val=[1, 1, 1, 1], name="20_pad_105")
    %20: (1, 1, 1, 3, fp32) = conv(x=%input, weight=%1, bias=%2, strides=%21, pad_type=%20_pad_type_105, pad=%20_pad_105, dilations=%23, groups=%16, name="20")
  } -> (%20)
}

[20200630 16:33:26 INFO /Volumes/data/work/1duo-coremltools/coremltools/converters/mil/frontend/torch/converter.py:269] Converting graph.
[20200630 16:33:26 INFO /Volumes/data/work/1duo-coremltools/coremltools/converters/mil/mil/builder.py:181] Adding op '1' of type const
[20200630 16:33:26 INFO /Volumes/data/work/1duo-coremltools/coremltools/converters/mil/mil/builder.py:181] Adding op '2' of type const
[20200630 16:33:26 INFO /Volumes/data/work/1duo-coremltools/coremltools/converters/mil/frontend/torch/ops.py:49] Converting op 21 : constant
[20200630 16:33:26 INFO /Volumes/data/work/1duo-coremltools/coremltools/converters/mil/mil/builder.py:181] Adding op '21' of type const
[20200630 16:33:26 INFO /Volumes/data/work/1duo-coremltools/coremltools/converters/mil/frontend/torch/ops.py:49] Converting op 22 : constant
[20200630 16:33:26 INFO /Volumes/data/work/1duo-coremltools/coremltools/converters/mil/mil/builder.py:181] Adding op '22' of type const
[20200630 16:33:26 INFO /Volumes/data/work/1duo-coremltools/coremltools/converters/mil/frontend/torch/ops.py:49] Converting op 23 : constant
[20200630 16:33:26 INFO /Volumes/data/work/1duo-coremltools/coremltools/converters/mil/mil/builder.py:181] Adding op '23' of type const
[20200630 16:33:26 INFO /Volumes/data/work/1duo-coremltools/coremltools/converters/mil/frontend/torch/ops.py:49] Converting op 12 : constant
[20200630 16:33:26 INFO /Volumes/data/work/1duo-coremltools/coremltools/converters/mil/mil/builder.py:181] Adding op '12' of type const
[20200630 16:33:26 INFO /Volumes/data/work/1duo-coremltools/coremltools/converters/mil/frontend/torch/ops.py:49] Converting op 24 : constant
[20200630 16:33:26 INFO /Volumes/data/work/1duo-coremltools/coremltools/converters/mil/mil/builder.py:181] Adding op '24' of type const
[20200630 16:33:26 INFO /Volumes/data/work/1duo-coremltools/coremltools/converters/mil/frontend/torch/ops.py:49] Converting op 16 : constant
[20200630 16:33:26 INFO /Volumes/data/work/1duo-coremltools/coremltools/converters/mil/mil/builder.py:181] Adding op '16' of type const
[20200630 16:33:26 INFO /Volumes/data/work/1duo-coremltools/coremltools/converters/mil/frontend/torch/ops.py:49] Converting op 17 : constant
[20200630 16:33:26 INFO /Volumes/data/work/1duo-coremltools/coremltools/converters/mil/mil/builder.py:181] Adding op '17' of type const
[20200630 16:33:26 INFO /Volumes/data/work/1duo-coremltools/coremltools/converters/mil/frontend/torch/ops.py:49] Converting op 18 : constant
[20200630 16:33:26 INFO /Volumes/data/work/1duo-coremltools/coremltools/converters/mil/mil/builder.py:181] Adding op '18' of type const
[20200630 16:33:26 INFO /Volumes/data/work/1duo-coremltools/coremltools/converters/mil/frontend/torch/ops.py:49] Converting op 19 : constant
[20200630 16:33:26 INFO /Volumes/data/work/1duo-coremltools/coremltools/converters/mil/mil/builder.py:181] Adding op '19' of type const
[20200630 16:33:26 INFO /Volumes/data/work/1duo-coremltools/coremltools/converters/mil/frontend/torch/ops.py:49] Converting op 20 : _convolution
[20200630 16:33:26 INFO /Volumes/data/work/1duo-coremltools/coremltools/converters/mil/mil/builder.py:181] Adding op '20' of type conv
[20200630 16:33:26 DEBUG /Volumes/data/work/1duo-coremltools/coremltools/converters/mil/mil/builder.py:93] Adding const op '20_pad_type_106'
[20200630 16:33:26 INFO /Volumes/data/work/1duo-coremltools/coremltools/converters/mil/mil/builder.py:181] Adding op '20_pad_type_106' of type const
[20200630 16:33:26 DEBUG /Volumes/data/work/1duo-coremltools/coremltools/converters/mil/mil/builder.py:93] Adding const op '20_pad_106'
[20200630 16:33:26 INFO /Volumes/data/work/1duo-coremltools/coremltools/converters/mil/mil/builder.py:181] Adding op '20_pad_106' of type const
[20200630 16:33:26 DEBUG /Volumes/data/work/1duo-coremltools/coremltools/converters/mil/mil/passes/common_pass.py:30] Program before common passes:
main(%input: (1, 3, 5, 7, fp32)) {
  block125() {
    %1: (1, 3, 3, 3, fp32)* = const(val=(file_value), name="1")
    %2: (1,fp32)* = const(val=[0.03665901720523834], name="2")
    %21: (2,i32)* = const(val=[1, 1], name="21")
    %22: (2,i32)* = const(val=[3, 3], name="22")
    %23: (2,i32)* = const(val=[1, 1], name="23")
    %12: (bool)* = const(val=False, name="12")
    %24: (2,i32)* = const(val=[0, 0], name="24")
    %16: (i32)* = const(val=1, name="16")
    %17: (bool)* = const(val=False, name="17")
    %18: (bool)* = const(val=False, name="18")
    %19: (bool)* = const(val=True, name="19")
    %20_pad_type_106: (str)* = const(val="custom", name="20_pad_type_106")
    %20_pad_106: (4,i32)* = const(val=[3, 3, 3, 3], name="20_pad_106")
    %20: (1, 1, 9, 11, fp32) = conv(x=%input, weight=%1, bias=%2, strides=%21, pad_type=%20_pad_type_106, pad=%20_pad_106, dilations=%23, groups=%16, name="20")
  } -> (%20)
}

[20200630 16:33:26 INFO /Volumes/data/work/1duo-coremltools/coremltools/converters/mil/mil/passes/common_pass.py:34] Performing pass: "common::const_elimination"
[20200630 16:33:26 INFO /Volumes/data/work/1duo-coremltools/coremltools/converters/mil/mil/passes/common_pass.py:34] Performing pass: "common::divide_to_multiply"
[20200630 16:33:26 INFO /Volumes/data/work/1duo-coremltools/coremltools/converters/mil/mil/passes/common_pass.py:34] Performing pass: "common::fuse_matmul_weight_bias"
[20200630 16:33:26 INFO /Volumes/data/work/1duo-coremltools/coremltools/converters/mil/mil/passes/common_pass.py:34] Performing pass: "common::const_elimination"
[20200630 16:33:26 INFO /Volumes/data/work/1duo-coremltools/coremltools/converters/mil/mil/passes/common_pass.py:34] Performing pass: "common::loop_invariant_elimination"
[20200630 16:33:26 INFO /Volumes/data/work/1duo-coremltools/coremltools/converters/mil/mil/passes/common_pass.py:34] Performing pass: "common::remove_symbolic_reshape"
[20200630 16:33:26 INFO /Volumes/data/work/1duo-coremltools/coremltools/converters/mil/mil/passes/remove_symbolic_reshape.py:104] remove_symbolic_reshape: changed 0 reshapes.
[20200630 16:33:26 INFO /Volumes/data/work/1duo-coremltools/coremltools/converters/mil/mil/passes/common_pass.py:34] Performing pass: "common::fuse_gelu_tanh_approximation"
[20200630 16:33:26 INFO /Volumes/data/work/1duo-coremltools/coremltools/converters/mil/mil/passes/common_pass.py:34] Performing pass: "common::reduce_transposes"
[20200630 16:33:26 DEBUG /Volumes/data/work/1duo-coremltools/coremltools/converters/mil/mil/passes/reduce_transposes.py:989] Block before optimize transpose transform:
function(%input: (1, 3, 5, 7, fp32)) {
  block125() {
    %1: (1, 3, 3, 3, fp32)* = const(val=(file_value), name="1")
    %2: (1,fp32)* = const(val=[0.03665901720523834], name="2")
    %21: (2,i32)* = const(val=[1, 1], name="21")
    %22: (2,i32)* = const(val=[3, 3], name="22")
    %23: (2,i32)* = const(val=[1, 1], name="23")
    %12: (bool)* = const(val=False, name="12")
    %24: (2,i32)* = const(val=[0, 0], name="24")
    %16: (i32)* = const(val=1, name="16")
    %17: (bool)* = const(val=False, name="17")
    %18: (bool)* = const(val=False, name="18")
    %19: (bool)* = const(val=True, name="19")
    %20_pad_type_106: (str)* = const(val="custom", name="20_pad_type_106")
    %20_pad_106: (4,i32)* = const(val=[3, 3, 3, 3], name="20_pad_106")
    %20: (1, 1, 9, 11, fp32) = conv(x=%input, weight=%1, bias=%2, strides=%21, pad_type=%20_pad_type_106, pad=%20_pad_106, dilations=%23, groups=%16, name="20")
  } -> (%20)
}

[20200630 16:33:26 DEBUG /Volumes/data/work/1duo-coremltools/coremltools/converters/mil/mil/passes/reduce_transposes.py:1024] Block after optimize transpose transform:
function(%input: (1, 3, 5, 7, fp32)) {
  block125() {
    %1: (1, 3, 3, 3, fp32)* = const(val=(file_value), name="1")
    %2: (1,fp32)* = const(val=[0.03665901720523834], name="2")
    %21: (2,i32)* = const(val=[1, 1], name="21")
    %22: (2,i32)* = const(val=[3, 3], name="22")
    %23: (2,i32)* = const(val=[1, 1], name="23")
    %12: (bool)* = const(val=False, name="12")
    %24: (2,i32)* = const(val=[0, 0], name="24")
    %16: (i32)* = const(val=1, name="16")
    %17: (bool)* = const(val=False, name="17")
    %18: (bool)* = const(val=False, name="18")
    %19: (bool)* = const(val=True, name="19")
    %20_pad_type_106: (str)* = const(val="custom", name="20_pad_type_106")
    %20_pad_106: (4,i32)* = const(val=[3, 3, 3, 3], name="20_pad_106")
    %20: (1, 1, 9, 11, fp32) = conv(x=%input, weight=%1, bias=%2, strides=%21, pad_type=%20_pad_type_106, pad=%20_pad_106, dilations=%23, groups=%16, name="20")
  } -> (%20)
}

[20200630 16:33:26 INFO /Volumes/data/work/1duo-coremltools/coremltools/converters/mil/mil/passes/common_pass.py:34] Performing pass: "common::fuse_bias_conv"
[20200630 16:33:26 INFO /Volumes/data/work/1duo-coremltools/coremltools/converters/mil/mil/passes/common_pass.py:34] Performing pass: "common::fuse_elementwise_to_batchnorm"
[20200630 16:33:26 INFO /Volumes/data/work/1duo-coremltools/coremltools/converters/mil/mil/passes/common_pass.py:34] Performing pass: "common::fuse_onehot_matmul_to_gather"
[20200630 16:33:26 INFO /Volumes/data/work/1duo-coremltools/coremltools/converters/mil/mil/passes/common_pass.py:34] Performing pass: "common::fuse_layernorm_or_instancenorm"
[20200630 16:33:26 INFO /Volumes/data/work/1duo-coremltools/coremltools/converters/mil/mil/passes/common_pass.py:34] Performing pass: "common::dead_code_elimination"
[20200630 16:33:26 INFO /Volumes/data/work/1duo-coremltools/coremltools/converters/mil/mil/passes/dead_code_elimination.py:35] Removing op "19" (type: const)
[20200630 16:33:26 INFO /Volumes/data/work/1duo-coremltools/coremltools/converters/mil/mil/passes/dead_code_elimination.py:35] Removing op "18" (type: const)
[20200630 16:33:26 INFO /Volumes/data/work/1duo-coremltools/coremltools/converters/mil/mil/passes/dead_code_elimination.py:35] Removing op "17" (type: const)
[20200630 16:33:26 INFO /Volumes/data/work/1duo-coremltools/coremltools/converters/mil/mil/passes/dead_code_elimination.py:35] Removing op "24" (type: const)
[20200630 16:33:26 INFO /Volumes/data/work/1duo-coremltools/coremltools/converters/mil/mil/passes/dead_code_elimination.py:35] Removing op "12" (type: const)
[20200630 16:33:26 INFO /Volumes/data/work/1duo-coremltools/coremltools/converters/mil/mil/passes/dead_code_elimination.py:35] Removing op "22" (type: const)
[20200630 16:33:26 DEBUG /Volumes/data/work/1duo-coremltools/coremltools/converters/mil/mil/passes/common_pass.py:38] Program after common passes:
main(%input: (1, 3, 5, 7, fp32)) {
  block125() {
    %1: (1, 3, 3, 3, fp32)* = const(val=(file_value), name="1")
    %2: (1,fp32)* = const(val=[0.03665901720523834], name="2")
    %21: (2,i32)* = const(val=[1, 1], name="21")
    %23: (2,i32)* = const(val=[1, 1], name="23")
    %16: (i32)* = const(val=1, name="16")
    %20_pad_type_106: (str)* = const(val="custom", name="20_pad_type_106")
    %20_pad_106: (4,i32)* = const(val=[3, 3, 3, 3], name="20_pad_106")
    %20: (1, 1, 9, 11, fp32) = conv(x=%input, weight=%1, bias=%2, strides=%21, pad_type=%20_pad_type_106, pad=%20_pad_106, dilations=%23, groups=%16, name="20")
  } -> (%20)
}

[20200630 16:33:26 INFO /Volumes/data/work/1duo-coremltools/coremltools/converters/mil/backend/nn/passes/nn_passes.py:22] Performing passes for nn_backend: "nn_backend::commingle_loop_vars"
[20200630 16:33:26 INFO /Volumes/data/work/1duo-coremltools/coremltools/converters/mil/backend/nn/passes/nn_passes.py:22] Performing passes for nn_backend: "nn_backend::handle_return_inputs_as_outputs"
[20200630 16:33:26 INFO /Volumes/data/work/1duo-coremltools/coremltools/converters/mil/backend/nn/passes/nn_passes.py:22] Performing passes for nn_backend: "common::const_elimination"
[20200630 16:33:26 INFO /Volumes/data/work/1duo-coremltools/coremltools/converters/mil/backend/nn/passes/nn_passes.py:22] Performing passes for nn_backend: "common::dead_code_elimination"
[20200630 16:33:26 INFO /Volumes/data/work/1duo-coremltools/coremltools/converters/mil/backend/nn/passes/nn_passes.py:22] Performing passes for nn_backend: "nn_backend::handle_unused_inputs"
[20200630 16:33:26 INFO /Volumes/data/work/1duo-coremltools/coremltools/converters/mil/backend/nn/passes/nn_passes.py:22] Performing passes for nn_backend: "nn_backend::alert_return_type_cast"
[20200630 16:33:26 DEBUG /Volumes/data/work/1duo-coremltools/coremltools/converters/mil/backend/nn/passes/nn_passes.py:26] Program after nn backend passes:
main(%input: (1, 3, 5, 7, fp32)) {
  block125() {
    %1: (1, 3, 3, 3, fp32)* = const(val=(file_value), name="1")
    %2: (1,fp32)* = const(val=[0.03665901720523834], name="2")
    %21: (2,i32)* = const(val=[1, 1], name="21")
    %23: (2,i32)* = const(val=[1, 1], name="23")
    %16: (i32)* = const(val=1, name="16")
    %20_pad_type_106: (str)* = const(val="custom", name="20_pad_type_106")
    %20_pad_106: (4,i32)* = const(val=[3, 3, 3, 3], name="20_pad_106")
    %20: (1, 1, 9, 11, fp32) = conv(x=%input, weight=%1, bias=%2, strides=%21, pad_type=%20_pad_type_106, pad=%20_pad_106, dilations=%23, groups=%16, name="20")
  } -> (%20)
}

[20200630 16:33:27 INFO /Volumes/data/work/1duo-coremltools/coremltools/converters/mil/frontend/torch/converter.py:269] Converting graph.
[20200630 16:33:27 INFO /Volumes/data/work/1duo-coremltools/coremltools/converters/mil/mil/builder.py:181] Adding op '1' of type const
[20200630 16:33:27 INFO /Volumes/data/work/1duo-coremltools/coremltools/converters/mil/mil/builder.py:181] Adding op '2' of type const
[20200630 16:33:27 INFO /Volumes/data/work/1duo-coremltools/coremltools/converters/mil/frontend/torch/ops.py:49] Converting op 21 : constant
[20200630 16:33:27 INFO /Volumes/data/work/1duo-coremltools/coremltools/converters/mil/mil/builder.py:181] Adding op '21' of type const
[20200630 16:33:27 INFO /Volumes/data/work/1duo-coremltools/coremltools/converters/mil/frontend/torch/ops.py:49] Converting op 22 : constant
[20200630 16:33:27 INFO /Volumes/data/work/1duo-coremltools/coremltools/converters/mil/mil/builder.py:181] Adding op '22' of type const
[20200630 16:33:27 INFO /Volumes/data/work/1duo-coremltools/coremltools/converters/mil/frontend/torch/ops.py:49] Converting op 23 : constant
[20200630 16:33:27 INFO /Volumes/data/work/1duo-coremltools/coremltools/converters/mil/mil/builder.py:181] Adding op '23' of type const
[20200630 16:33:27 INFO /Volumes/data/work/1duo-coremltools/coremltools/converters/mil/frontend/torch/ops.py:49] Converting op 12 : constant
[20200630 16:33:27 INFO /Volumes/data/work/1duo-coremltools/coremltools/converters/mil/mil/builder.py:181] Adding op '12' of type const
[20200630 16:33:27 INFO /Volumes/data/work/1duo-coremltools/coremltools/converters/mil/frontend/torch/ops.py:49] Converting op 24 : constant
[20200630 16:33:27 INFO /Volumes/data/work/1duo-coremltools/coremltools/converters/mil/mil/builder.py:181] Adding op '24' of type const
[20200630 16:33:27 INFO /Volumes/data/work/1duo-coremltools/coremltools/converters/mil/frontend/torch/ops.py:49] Converting op 16 : constant
[20200630 16:33:27 INFO /Volumes/data/work/1duo-coremltools/coremltools/converters/mil/mil/builder.py:181] Adding op '16' of type const
[20200630 16:33:27 INFO /Volumes/data/work/1duo-coremltools/coremltools/converters/mil/frontend/torch/ops.py:49] Converting op 17 : constant
[20200630 16:33:27 INFO /Volumes/data/work/1duo-coremltools/coremltools/converters/mil/mil/builder.py:181] Adding op '17' of type const
[20200630 16:33:27 INFO /Volumes/data/work/1duo-coremltools/coremltools/converters/mil/frontend/torch/ops.py:49] Converting op 18 : constant
[20200630 16:33:27 INFO /Volumes/data/work/1duo-coremltools/coremltools/converters/mil/mil/builder.py:181] Adding op '18' of type const
[20200630 16:33:27 INFO /Volumes/data/work/1duo-coremltools/coremltools/converters/mil/frontend/torch/ops.py:49] Converting op 19 : constant
[20200630 16:33:27 INFO /Volumes/data/work/1duo-coremltools/coremltools/converters/mil/mil/builder.py:181] Adding op '19' of type const
[20200630 16:33:27 INFO /Volumes/data/work/1duo-coremltools/coremltools/converters/mil/frontend/torch/ops.py:49] Converting op 20 : _convolution
[20200630 16:33:27 INFO /Volumes/data/work/1duo-coremltools/coremltools/converters/mil/mil/builder.py:181] Adding op '20' of type conv
[20200630 16:33:27 DEBUG /Volumes/data/work/1duo-coremltools/coremltools/converters/mil/mil/builder.py:93] Adding const op '20_pad_type_107'
[20200630 16:33:27 INFO /Volumes/data/work/1duo-coremltools/coremltools/converters/mil/mil/builder.py:181] Adding op '20_pad_type_107' of type const
[20200630 16:33:27 DEBUG /Volumes/data/work/1duo-coremltools/coremltools/converters/mil/mil/builder.py:93] Adding const op '20_pad_107'
[20200630 16:33:27 INFO /Volumes/data/work/1duo-coremltools/coremltools/converters/mil/mil/builder.py:181] Adding op '20_pad_107' of type const
[20200630 16:33:27 DEBUG /Volumes/data/work/1duo-coremltools/coremltools/converters/mil/mil/passes/common_pass.py:30] Program before common passes:
main(%input: (1, 3, 5, 7, fp32)) {
  block126() {
    %1: (1, 3, 3, 3, fp32)* = const(val=(file_value), name="1")
    %2: (1,fp32)* = const(val=[-0.07024043053388596], name="2")
    %21: (2,i32)* = const(val=[1, 1], name="21")
    %22: (2,i32)* = const(val=[3, 3], name="22")
    %23: (2,i32)* = const(val=[3, 3], name="23")
    %12: (bool)* = const(val=False, name="12")
    %24: (2,i32)* = const(val=[0, 0], name="24")
    %16: (i32)* = const(val=1, name="16")
    %17: (bool)* = const(val=False, name="17")
    %18: (bool)* = const(val=False, name="18")
    %19: (bool)* = const(val=True, name="19")
    %20_pad_type_107: (str)* = const(val="custom", name="20_pad_type_107")
    %20_pad_107: (4,i32)* = const(val=[3, 3, 3, 3], name="20_pad_107")
    %20: (1, 1, 5, 7, fp32) = conv(x=%input, weight=%1, bias=%2, strides=%21, pad_type=%20_pad_type_107, pad=%20_pad_107, dilations=%23, groups=%16, name="20")
  } -> (%20)
}

[20200630 16:33:27 INFO /Volumes/data/work/1duo-coremltools/coremltools/converters/mil/mil/passes/common_pass.py:34] Performing pass: "common::const_elimination"
[20200630 16:33:27 INFO /Volumes/data/work/1duo-coremltools/coremltools/converters/mil/mil/passes/common_pass.py:34] Performing pass: "common::divide_to_multiply"
[20200630 16:33:27 INFO /Volumes/data/work/1duo-coremltools/coremltools/converters/mil/mil/passes/common_pass.py:34] Performing pass: "common::fuse_matmul_weight_bias"
[20200630 16:33:27 INFO /Volumes/data/work/1duo-coremltools/coremltools/converters/mil/mil/passes/common_pass.py:34] Performing pass: "common::const_elimination"
[20200630 16:33:27 INFO /Volumes/data/work/1duo-coremltools/coremltools/converters/mil/mil/passes/common_pass.py:34] Performing pass: "common::loop_invariant_elimination"
[20200630 16:33:27 INFO /Volumes/data/work/1duo-coremltools/coremltools/converters/mil/mil/passes/common_pass.py:34] Performing pass: "common::remove_symbolic_reshape"
[20200630 16:33:27 INFO /Volumes/data/work/1duo-coremltools/coremltools/converters/mil/mil/passes/remove_symbolic_reshape.py:104] remove_symbolic_reshape: changed 0 reshapes.
[20200630 16:33:27 INFO /Volumes/data/work/1duo-coremltools/coremltools/converters/mil/mil/passes/common_pass.py:34] Performing pass: "common::fuse_gelu_tanh_approximation"
[20200630 16:33:27 INFO /Volumes/data/work/1duo-coremltools/coremltools/converters/mil/mil/passes/common_pass.py:34] Performing pass: "common::reduce_transposes"
[20200630 16:33:27 DEBUG /Volumes/data/work/1duo-coremltools/coremltools/converters/mil/mil/passes/reduce_transposes.py:989] Block before optimize transpose transform:
function(%input: (1, 3, 5, 7, fp32)) {
  block126() {
    %1: (1, 3, 3, 3, fp32)* = const(val=(file_value), name="1")
    %2: (1,fp32)* = const(val=[-0.07024043053388596], name="2")
    %21: (2,i32)* = const(val=[1, 1], name="21")
    %22: (2,i32)* = const(val=[3, 3], name="22")
    %23: (2,i32)* = const(val=[3, 3], name="23")
    %12: (bool)* = const(val=False, name="12")
    %24: (2,i32)* = const(val=[0, 0], name="24")
    %16: (i32)* = const(val=1, name="16")
    %17: (bool)* = const(val=False, name="17")
    %18: (bool)* = const(val=False, name="18")
    %19: (bool)* = const(val=True, name="19")
    %20_pad_type_107: (str)* = const(val="custom", name="20_pad_type_107")
    %20_pad_107: (4,i32)* = const(val=[3, 3, 3, 3], name="20_pad_107")
    %20: (1, 1, 5, 7, fp32) = conv(x=%input, weight=%1, bias=%2, strides=%21, pad_type=%20_pad_type_107, pad=%20_pad_107, dilations=%23, groups=%16, name="20")
  } -> (%20)
}

[20200630 16:33:27 DEBUG /Volumes/data/work/1duo-coremltools/coremltools/converters/mil/mil/passes/reduce_transposes.py:1024] Block after optimize transpose transform:
function(%input: (1, 3, 5, 7, fp32)) {
  block126() {
    %1: (1, 3, 3, 3, fp32)* = const(val=(file_value), name="1")
    %2: (1,fp32)* = const(val=[-0.07024043053388596], name="2")
    %21: (2,i32)* = const(val=[1, 1], name="21")
    %22: (2,i32)* = const(val=[3, 3], name="22")
    %23: (2,i32)* = const(val=[3, 3], name="23")
    %12: (bool)* = const(val=False, name="12")
    %24: (2,i32)* = const(val=[0, 0], name="24")
    %16: (i32)* = const(val=1, name="16")
    %17: (bool)* = const(val=False, name="17")
    %18: (bool)* = const(val=False, name="18")
    %19: (bool)* = const(val=True, name="19")
    %20_pad_type_107: (str)* = const(val="custom", name="20_pad_type_107")
    %20_pad_107: (4,i32)* = const(val=[3, 3, 3, 3], name="20_pad_107")
    %20: (1, 1, 5, 7, fp32) = conv(x=%input, weight=%1, bias=%2, strides=%21, pad_type=%20_pad_type_107, pad=%20_pad_107, dilations=%23, groups=%16, name="20")
  } -> (%20)
}

[20200630 16:33:27 INFO /Volumes/data/work/1duo-coremltools/coremltools/converters/mil/mil/passes/common_pass.py:34] Performing pass: "common::fuse_bias_conv"
[20200630 16:33:27 INFO /Volumes/data/work/1duo-coremltools/coremltools/converters/mil/mil/passes/common_pass.py:34] Performing pass: "common::fuse_elementwise_to_batchnorm"
[20200630 16:33:27 INFO /Volumes/data/work/1duo-coremltools/coremltools/converters/mil/mil/passes/common_pass.py:34] Performing pass: "common::fuse_onehot_matmul_to_gather"
[20200630 16:33:27 INFO /Volumes/data/work/1duo-coremltools/coremltools/converters/mil/mil/passes/common_pass.py:34] Performing pass: "common::fuse_layernorm_or_instancenorm"
[20200630 16:33:27 INFO /Volumes/data/work/1duo-coremltools/coremltools/converters/mil/mil/passes/common_pass.py:34] Performing pass: "common::dead_code_elimination"
[20200630 16:33:27 INFO /Volumes/data/work/1duo-coremltools/coremltools/converters/mil/mil/passes/dead_code_elimination.py:35] Removing op "19" (type: const)
[20200630 16:33:27 INFO /Volumes/data/work/1duo-coremltools/coremltools/converters/mil/mil/passes/dead_code_elimination.py:35] Removing op "18" (type: const)
[20200630 16:33:27 INFO /Volumes/data/work/1duo-coremltools/coremltools/converters/mil/mil/passes/dead_code_elimination.py:35] Removing op "17" (type: const)
[20200630 16:33:27 INFO /Volumes/data/work/1duo-coremltools/coremltools/converters/mil/mil/passes/dead_code_elimination.py:35] Removing op "24" (type: const)
[20200630 16:33:27 INFO /Volumes/data/work/1duo-coremltools/coremltools/converters/mil/mil/passes/dead_code_elimination.py:35] Removing op "12" (type: const)
[20200630 16:33:27 INFO /Volumes/data/work/1duo-coremltools/coremltools/converters/mil/mil/passes/dead_code_elimination.py:35] Removing op "22" (type: const)
[20200630 16:33:27 DEBUG /Volumes/data/work/1duo-coremltools/coremltools/converters/mil/mil/passes/common_pass.py:38] Program after common passes:
main(%input: (1, 3, 5, 7, fp32)) {
  block126() {
    %1: (1, 3, 3, 3, fp32)* = const(val=(file_value), name="1")
    %2: (1,fp32)* = const(val=[-0.07024043053388596], name="2")
    %21: (2,i32)* = const(val=[1, 1], name="21")
    %23: (2,i32)* = const(val=[3, 3], name="23")
    %16: (i32)* = const(val=1, name="16")
    %20_pad_type_107: (str)* = const(val="custom", name="20_pad_type_107")
    %20_pad_107: (4,i32)* = const(val=[3, 3, 3, 3], name="20_pad_107")
    %20: (1, 1, 5, 7, fp32) = conv(x=%input, weight=%1, bias=%2, strides=%21, pad_type=%20_pad_type_107, pad=%20_pad_107, dilations=%23, groups=%16, name="20")
  } -> (%20)
}

[20200630 16:33:27 INFO /Volumes/data/work/1duo-coremltools/coremltools/converters/mil/backend/nn/passes/nn_passes.py:22] Performing passes for nn_backend: "nn_backend::commingle_loop_vars"
[20200630 16:33:27 INFO /Volumes/data/work/1duo-coremltools/coremltools/converters/mil/backend/nn/passes/nn_passes.py:22] Performing passes for nn_backend: "nn_backend::handle_return_inputs_as_outputs"
[20200630 16:33:27 INFO /Volumes/data/work/1duo-coremltools/coremltools/converters/mil/backend/nn/passes/nn_passes.py:22] Performing passes for nn_backend: "common::const_elimination"
[20200630 16:33:27 INFO /Volumes/data/work/1duo-coremltools/coremltools/converters/mil/backend/nn/passes/nn_passes.py:22] Performing passes for nn_backend: "common::dead_code_elimination"
[20200630 16:33:27 INFO /Volumes/data/work/1duo-coremltools/coremltools/converters/mil/backend/nn/passes/nn_passes.py:22] Performing passes for nn_backend: "nn_backend::handle_unused_inputs"
[20200630 16:33:27 INFO /Volumes/data/work/1duo-coremltools/coremltools/converters/mil/backend/nn/passes/nn_passes.py:22] Performing passes for nn_backend: "nn_backend::alert_return_type_cast"
[20200630 16:33:27 DEBUG /Volumes/data/work/1duo-coremltools/coremltools/converters/mil/backend/nn/passes/nn_passes.py:26] Program after nn backend passes:
main(%input: (1, 3, 5, 7, fp32)) {
  block126() {
    %1: (1, 3, 3, 3, fp32)* = const(val=(file_value), name="1")
    %2: (1,fp32)* = const(val=[-0.07024043053388596], name="2")
    %21: (2,i32)* = const(val=[1, 1], name="21")
    %23: (2,i32)* = const(val=[3, 3], name="23")
    %16: (i32)* = const(val=1, name="16")
    %20_pad_type_107: (str)* = const(val="custom", name="20_pad_type_107")
    %20_pad_107: (4,i32)* = const(val=[3, 3, 3, 3], name="20_pad_107")
    %20: (1, 1, 5, 7, fp32) = conv(x=%input, weight=%1, bias=%2, strides=%21, pad_type=%20_pad_type_107, pad=%20_pad_107, dilations=%23, groups=%16, name="20")
  } -> (%20)
}

[20200630 16:33:27 INFO /Volumes/data/work/1duo-coremltools/coremltools/converters/mil/frontend/torch/converter.py:269] Converting graph.
[20200630 16:33:27 INFO /Volumes/data/work/1duo-coremltools/coremltools/converters/mil/mil/builder.py:181] Adding op '1' of type const
[20200630 16:33:27 INFO /Volumes/data/work/1duo-coremltools/coremltools/converters/mil/mil/builder.py:181] Adding op '2' of type const
[20200630 16:33:27 INFO /Volumes/data/work/1duo-coremltools/coremltools/converters/mil/frontend/torch/ops.py:49] Converting op 21 : constant
[20200630 16:33:27 INFO /Volumes/data/work/1duo-coremltools/coremltools/converters/mil/mil/builder.py:181] Adding op '21' of type const
[20200630 16:33:27 INFO /Volumes/data/work/1duo-coremltools/coremltools/converters/mil/frontend/torch/ops.py:49] Converting op 22 : constant
[20200630 16:33:27 INFO /Volumes/data/work/1duo-coremltools/coremltools/converters/mil/mil/builder.py:181] Adding op '22' of type const
[20200630 16:33:27 INFO /Volumes/data/work/1duo-coremltools/coremltools/converters/mil/frontend/torch/ops.py:49] Converting op 23 : constant
[20200630 16:33:27 INFO /Volumes/data/work/1duo-coremltools/coremltools/converters/mil/mil/builder.py:181] Adding op '23' of type const
[20200630 16:33:27 INFO /Volumes/data/work/1duo-coremltools/coremltools/converters/mil/frontend/torch/ops.py:49] Converting op 12 : constant
[20200630 16:33:27 INFO /Volumes/data/work/1duo-coremltools/coremltools/converters/mil/mil/builder.py:181] Adding op '12' of type const
[20200630 16:33:27 INFO /Volumes/data/work/1duo-coremltools/coremltools/converters/mil/frontend/torch/ops.py:49] Converting op 24 : constant
[20200630 16:33:27 INFO /Volumes/data/work/1duo-coremltools/coremltools/converters/mil/mil/builder.py:181] Adding op '24' of type const
[20200630 16:33:27 INFO /Volumes/data/work/1duo-coremltools/coremltools/converters/mil/frontend/torch/ops.py:49] Converting op 16 : constant
[20200630 16:33:27 INFO /Volumes/data/work/1duo-coremltools/coremltools/converters/mil/mil/builder.py:181] Adding op '16' of type const
[20200630 16:33:27 INFO /Volumes/data/work/1duo-coremltools/coremltools/converters/mil/frontend/torch/ops.py:49] Converting op 17 : constant
[20200630 16:33:27 INFO /Volumes/data/work/1duo-coremltools/coremltools/converters/mil/mil/builder.py:181] Adding op '17' of type const
[20200630 16:33:27 INFO /Volumes/data/work/1duo-coremltools/coremltools/converters/mil/frontend/torch/ops.py:49] Converting op 18 : constant
[20200630 16:33:27 INFO /Volumes/data/work/1duo-coremltools/coremltools/converters/mil/mil/builder.py:181] Adding op '18' of type const
[20200630 16:33:27 INFO /Volumes/data/work/1duo-coremltools/coremltools/converters/mil/frontend/torch/ops.py:49] Converting op 19 : constant
[20200630 16:33:27 INFO /Volumes/data/work/1duo-coremltools/coremltools/converters/mil/mil/builder.py:181] Adding op '19' of type const
[20200630 16:33:27 INFO /Volumes/data/work/1duo-coremltools/coremltools/converters/mil/frontend/torch/ops.py:49] Converting op 20 : _convolution
[20200630 16:33:27 INFO /Volumes/data/work/1duo-coremltools/coremltools/converters/mil/mil/builder.py:181] Adding op '20' of type conv
[20200630 16:33:27 DEBUG /Volumes/data/work/1duo-coremltools/coremltools/converters/mil/mil/builder.py:93] Adding const op '20_pad_type_108'
[20200630 16:33:27 INFO /Volumes/data/work/1duo-coremltools/coremltools/converters/mil/mil/builder.py:181] Adding op '20_pad_type_108' of type const
[20200630 16:33:27 DEBUG /Volumes/data/work/1duo-coremltools/coremltools/converters/mil/mil/builder.py:93] Adding const op '20_pad_108'
[20200630 16:33:27 INFO /Volumes/data/work/1duo-coremltools/coremltools/converters/mil/mil/builder.py:181] Adding op '20_pad_108' of type const
[20200630 16:33:27 DEBUG /Volumes/data/work/1duo-coremltools/coremltools/converters/mil/mil/passes/common_pass.py:30] Program before common passes:
main(%input: (1, 3, 5, 7, fp32)) {
  block127() {
    %1: (1, 3, 3, 3, fp32)* = const(val=(file_value), name="1")
    %2: (1,fp32)* = const(val=[0.14294330775737762], name="2")
    %21: (2,i32)* = const(val=[3, 3], name="21")
    %22: (2,i32)* = const(val=[1, 1], name="22")
    %23: (2,i32)* = const(val=[1, 1], name="23")
    %12: (bool)* = const(val=False, name="12")
    %24: (2,i32)* = const(val=[0, 0], name="24")
    %16: (i32)* = const(val=1, name="16")
    %17: (bool)* = const(val=False, name="17")
    %18: (bool)* = const(val=False, name="18")
    %19: (bool)* = const(val=True, name="19")
    %20_pad_type_108: (str)* = const(val="custom", name="20_pad_type_108")
    %20_pad_108: (4,i32)* = const(val=[1, 1, 1, 1], name="20_pad_108")
    %20: (1, 1, 2, 3, fp32) = conv(x=%input, weight=%1, bias=%2, strides=%21, pad_type=%20_pad_type_108, pad=%20_pad_108, dilations=%23, groups=%16, name="20")
  } -> (%20)
}

[20200630 16:33:27 INFO /Volumes/data/work/1duo-coremltools/coremltools/converters/mil/mil/passes/common_pass.py:34] Performing pass: "common::const_elimination"
[20200630 16:33:27 INFO /Volumes/data/work/1duo-coremltools/coremltools/converters/mil/mil/passes/common_pass.py:34] Performing pass: "common::divide_to_multiply"
[20200630 16:33:27 INFO /Volumes/data/work/1duo-coremltools/coremltools/converters/mil/mil/passes/common_pass.py:34] Performing pass: "common::fuse_matmul_weight_bias"
[20200630 16:33:27 INFO /Volumes/data/work/1duo-coremltools/coremltools/converters/mil/mil/passes/common_pass.py:34] Performing pass: "common::const_elimination"
[20200630 16:33:27 INFO /Volumes/data/work/1duo-coremltools/coremltools/converters/mil/mil/passes/common_pass.py:34] Performing pass: "common::loop_invariant_elimination"
[20200630 16:33:27 INFO /Volumes/data/work/1duo-coremltools/coremltools/converters/mil/mil/passes/common_pass.py:34] Performing pass: "common::remove_symbolic_reshape"
[20200630 16:33:27 INFO /Volumes/data/work/1duo-coremltools/coremltools/converters/mil/mil/passes/remove_symbolic_reshape.py:104] remove_symbolic_reshape: changed 0 reshapes.
[20200630 16:33:27 INFO /Volumes/data/work/1duo-coremltools/coremltools/converters/mil/mil/passes/common_pass.py:34] Performing pass: "common::fuse_gelu_tanh_approximation"
[20200630 16:33:27 INFO /Volumes/data/work/1duo-coremltools/coremltools/converters/mil/mil/passes/common_pass.py:34] Performing pass: "common::reduce_transposes"
[20200630 16:33:27 DEBUG /Volumes/data/work/1duo-coremltools/coremltools/converters/mil/mil/passes/reduce_transposes.py:989] Block before optimize transpose transform:
function(%input: (1, 3, 5, 7, fp32)) {
  block127() {
    %1: (1, 3, 3, 3, fp32)* = const(val=(file_value), name="1")
    %2: (1,fp32)* = const(val=[0.14294330775737762], name="2")
    %21: (2,i32)* = const(val=[3, 3], name="21")
    %22: (2,i32)* = const(val=[1, 1], name="22")
    %23: (2,i32)* = const(val=[1, 1], name="23")
    %12: (bool)* = const(val=False, name="12")
    %24: (2,i32)* = const(val=[0, 0], name="24")
    %16: (i32)* = const(val=1, name="16")
    %17: (bool)* = const(val=False, name="17")
    %18: (bool)* = const(val=False, name="18")
    %19: (bool)* = const(val=True, name="19")
    %20_pad_type_108: (str)* = const(val="custom", name="20_pad_type_108")
    %20_pad_108: (4,i32)* = const(val=[1, 1, 1, 1], name="20_pad_108")
    %20: (1, 1, 2, 3, fp32) = conv(x=%input, weight=%1, bias=%2, strides=%21, pad_type=%20_pad_type_108, pad=%20_pad_108, dilations=%23, groups=%16, name="20")
  } -> (%20)
}

[20200630 16:33:27 DEBUG /Volumes/data/work/1duo-coremltools/coremltools/converters/mil/mil/passes/reduce_transposes.py:1024] Block after optimize transpose transform:
function(%input: (1, 3, 5, 7, fp32)) {
  block127() {
    %1: (1, 3, 3, 3, fp32)* = const(val=(file_value), name="1")
    %2: (1,fp32)* = const(val=[0.14294330775737762], name="2")
    %21: (2,i32)* = const(val=[3, 3], name="21")
    %22: (2,i32)* = const(val=[1, 1], name="22")
    %23: (2,i32)* = const(val=[1, 1], name="23")
    %12: (bool)* = const(val=False, name="12")
    %24: (2,i32)* = const(val=[0, 0], name="24")
    %16: (i32)* = const(val=1, name="16")
    %17: (bool)* = const(val=False, name="17")
    %18: (bool)* = const(val=False, name="18")
    %19: (bool)* = const(val=True, name="19")
    %20_pad_type_108: (str)* = const(val="custom", name="20_pad_type_108")
    %20_pad_108: (4,i32)* = const(val=[1, 1, 1, 1], name="20_pad_108")
    %20: (1, 1, 2, 3, fp32) = conv(x=%input, weight=%1, bias=%2, strides=%21, pad_type=%20_pad_type_108, pad=%20_pad_108, dilations=%23, groups=%16, name="20")
  } -> (%20)
}

[20200630 16:33:27 INFO /Volumes/data/work/1duo-coremltools/coremltools/converters/mil/mil/passes/common_pass.py:34] Performing pass: "common::fuse_bias_conv"
[20200630 16:33:27 INFO /Volumes/data/work/1duo-coremltools/coremltools/converters/mil/mil/passes/common_pass.py:34] Performing pass: "common::fuse_elementwise_to_batchnorm"
[20200630 16:33:27 INFO /Volumes/data/work/1duo-coremltools/coremltools/converters/mil/mil/passes/common_pass.py:34] Performing pass: "common::fuse_onehot_matmul_to_gather"
[20200630 16:33:27 INFO /Volumes/data/work/1duo-coremltools/coremltools/converters/mil/mil/passes/common_pass.py:34] Performing pass: "common::fuse_layernorm_or_instancenorm"
[20200630 16:33:27 INFO /Volumes/data/work/1duo-coremltools/coremltools/converters/mil/mil/passes/common_pass.py:34] Performing pass: "common::dead_code_elimination"
[20200630 16:33:27 INFO /Volumes/data/work/1duo-coremltools/coremltools/converters/mil/mil/passes/dead_code_elimination.py:35] Removing op "19" (type: const)
[20200630 16:33:27 INFO /Volumes/data/work/1duo-coremltools/coremltools/converters/mil/mil/passes/dead_code_elimination.py:35] Removing op "18" (type: const)
[20200630 16:33:27 INFO /Volumes/data/work/1duo-coremltools/coremltools/converters/mil/mil/passes/dead_code_elimination.py:35] Removing op "17" (type: const)
[20200630 16:33:27 INFO /Volumes/data/work/1duo-coremltools/coremltools/converters/mil/mil/passes/dead_code_elimination.py:35] Removing op "24" (type: const)
[20200630 16:33:27 INFO /Volumes/data/work/1duo-coremltools/coremltools/converters/mil/mil/passes/dead_code_elimination.py:35] Removing op "12" (type: const)
[20200630 16:33:27 INFO /Volumes/data/work/1duo-coremltools/coremltools/converters/mil/mil/passes/dead_code_elimination.py:35] Removing op "22" (type: const)
[20200630 16:33:27 DEBUG /Volumes/data/work/1duo-coremltools/coremltools/converters/mil/mil/passes/common_pass.py:38] Program after common passes:
main(%input: (1, 3, 5, 7, fp32)) {
  block127() {
    %1: (1, 3, 3, 3, fp32)* = const(val=(file_value), name="1")
    %2: (1,fp32)* = const(val=[0.14294330775737762], name="2")
    %21: (2,i32)* = const(val=[3, 3], name="21")
    %23: (2,i32)* = const(val=[1, 1], name="23")
    %16: (i32)* = const(val=1, name="16")
    %20_pad_type_108: (str)* = const(val="custom", name="20_pad_type_108")
    %20_pad_108: (4,i32)* = const(val=[1, 1, 1, 1], name="20_pad_108")
    %20: (1, 1, 2, 3, fp32) = conv(x=%input, weight=%1, bias=%2, strides=%21, pad_type=%20_pad_type_108, pad=%20_pad_108, dilations=%23, groups=%16, name="20")
  } -> (%20)
}

[20200630 16:33:27 INFO /Volumes/data/work/1duo-coremltools/coremltools/converters/mil/backend/nn/passes/nn_passes.py:22] Performing passes for nn_backend: "nn_backend::commingle_loop_vars"
[20200630 16:33:27 INFO /Volumes/data/work/1duo-coremltools/coremltools/converters/mil/backend/nn/passes/nn_passes.py:22] Performing passes for nn_backend: "nn_backend::handle_return_inputs_as_outputs"
[20200630 16:33:27 INFO /Volumes/data/work/1duo-coremltools/coremltools/converters/mil/backend/nn/passes/nn_passes.py:22] Performing passes for nn_backend: "common::const_elimination"
[20200630 16:33:27 INFO /Volumes/data/work/1duo-coremltools/coremltools/converters/mil/backend/nn/passes/nn_passes.py:22] Performing passes for nn_backend: "common::dead_code_elimination"
[20200630 16:33:27 INFO /Volumes/data/work/1duo-coremltools/coremltools/converters/mil/backend/nn/passes/nn_passes.py:22] Performing passes for nn_backend: "nn_backend::handle_unused_inputs"
[20200630 16:33:27 INFO /Volumes/data/work/1duo-coremltools/coremltools/converters/mil/backend/nn/passes/nn_passes.py:22] Performing passes for nn_backend: "nn_backend::alert_return_type_cast"
[20200630 16:33:27 DEBUG /Volumes/data/work/1duo-coremltools/coremltools/converters/mil/backend/nn/passes/nn_passes.py:26] Program after nn backend passes:
main(%input: (1, 3, 5, 7, fp32)) {
  block127() {
    %1: (1, 3, 3, 3, fp32)* = const(val=(file_value), name="1")
    %2: (1,fp32)* = const(val=[0.14294330775737762], name="2")
    %21: (2,i32)* = const(val=[3, 3], name="21")
    %23: (2,i32)* = const(val=[1, 1], name="23")
    %16: (i32)* = const(val=1, name="16")
    %20_pad_type_108: (str)* = const(val="custom", name="20_pad_type_108")
    %20_pad_108: (4,i32)* = const(val=[1, 1, 1, 1], name="20_pad_108")
    %20: (1, 1, 2, 3, fp32) = conv(x=%input, weight=%1, bias=%2, strides=%21, pad_type=%20_pad_type_108, pad=%20_pad_108, dilations=%23, groups=%16, name="20")
  } -> (%20)
}

[20200630 16:33:27 INFO /Volumes/data/work/1duo-coremltools/coremltools/converters/mil/frontend/torch/converter.py:269] Converting graph.
[20200630 16:33:27 INFO /Volumes/data/work/1duo-coremltools/coremltools/converters/mil/mil/builder.py:181] Adding op '1' of type const
[20200630 16:33:27 INFO /Volumes/data/work/1duo-coremltools/coremltools/converters/mil/mil/builder.py:181] Adding op '2' of type const
[20200630 16:33:27 INFO /Volumes/data/work/1duo-coremltools/coremltools/converters/mil/frontend/torch/ops.py:49] Converting op 21 : constant
[20200630 16:33:27 INFO /Volumes/data/work/1duo-coremltools/coremltools/converters/mil/mil/builder.py:181] Adding op '21' of type const
[20200630 16:33:27 INFO /Volumes/data/work/1duo-coremltools/coremltools/converters/mil/frontend/torch/ops.py:49] Converting op 22 : constant
[20200630 16:33:27 INFO /Volumes/data/work/1duo-coremltools/coremltools/converters/mil/mil/builder.py:181] Adding op '22' of type const
[20200630 16:33:27 INFO /Volumes/data/work/1duo-coremltools/coremltools/converters/mil/frontend/torch/ops.py:49] Converting op 23 : constant
[20200630 16:33:27 INFO /Volumes/data/work/1duo-coremltools/coremltools/converters/mil/mil/builder.py:181] Adding op '23' of type const
[20200630 16:33:27 INFO /Volumes/data/work/1duo-coremltools/coremltools/converters/mil/frontend/torch/ops.py:49] Converting op 12 : constant
[20200630 16:33:27 INFO /Volumes/data/work/1duo-coremltools/coremltools/converters/mil/mil/builder.py:181] Adding op '12' of type const
[20200630 16:33:27 INFO /Volumes/data/work/1duo-coremltools/coremltools/converters/mil/frontend/torch/ops.py:49] Converting op 24 : constant
[20200630 16:33:27 INFO /Volumes/data/work/1duo-coremltools/coremltools/converters/mil/mil/builder.py:181] Adding op '24' of type const
[20200630 16:33:27 INFO /Volumes/data/work/1duo-coremltools/coremltools/converters/mil/frontend/torch/ops.py:49] Converting op 16 : constant
[20200630 16:33:27 INFO /Volumes/data/work/1duo-coremltools/coremltools/converters/mil/mil/builder.py:181] Adding op '16' of type const
[20200630 16:33:27 INFO /Volumes/data/work/1duo-coremltools/coremltools/converters/mil/frontend/torch/ops.py:49] Converting op 17 : constant
[20200630 16:33:27 INFO /Volumes/data/work/1duo-coremltools/coremltools/converters/mil/mil/builder.py:181] Adding op '17' of type const
[20200630 16:33:27 INFO /Volumes/data/work/1duo-coremltools/coremltools/converters/mil/frontend/torch/ops.py:49] Converting op 18 : constant
[20200630 16:33:27 INFO /Volumes/data/work/1duo-coremltools/coremltools/converters/mil/mil/builder.py:181] Adding op '18' of type const
[20200630 16:33:27 INFO /Volumes/data/work/1duo-coremltools/coremltools/converters/mil/frontend/torch/ops.py:49] Converting op 19 : constant
[20200630 16:33:27 INFO /Volumes/data/work/1duo-coremltools/coremltools/converters/mil/mil/builder.py:181] Adding op '19' of type const
[20200630 16:33:27 INFO /Volumes/data/work/1duo-coremltools/coremltools/converters/mil/frontend/torch/ops.py:49] Converting op 20 : _convolution
[20200630 16:33:27 INFO /Volumes/data/work/1duo-coremltools/coremltools/converters/mil/mil/builder.py:181] Adding op '20' of type conv
[20200630 16:33:27 DEBUG /Volumes/data/work/1duo-coremltools/coremltools/converters/mil/mil/builder.py:93] Adding const op '20_pad_type_109'
[20200630 16:33:27 INFO /Volumes/data/work/1duo-coremltools/coremltools/converters/mil/mil/builder.py:181] Adding op '20_pad_type_109' of type const
[20200630 16:33:27 DEBUG /Volumes/data/work/1duo-coremltools/coremltools/converters/mil/mil/builder.py:93] Adding const op '20_pad_109'
[20200630 16:33:27 INFO /Volumes/data/work/1duo-coremltools/coremltools/converters/mil/mil/builder.py:181] Adding op '20_pad_109' of type const
[20200630 16:33:27 DEBUG /Volumes/data/work/1duo-coremltools/coremltools/converters/mil/mil/passes/common_pass.py:30] Program before common passes:
main(%input: (1, 3, 5, 7, fp32)) {
  block128() {
    %1: (1, 3, 3, 3, fp32)* = const(val=(file_value), name="1")
    %2: (1,fp32)* = const(val=[0.1114518791437149], name="2")
    %21: (2,i32)* = const(val=[3, 3], name="21")
    %22: (2,i32)* = const(val=[1, 1], name="22")
    %23: (2,i32)* = const(val=[3, 3], name="23")
    %12: (bool)* = const(val=False, name="12")
    %24: (2,i32)* = const(val=[0, 0], name="24")
    %16: (i32)* = const(val=1, name="16")
    %17: (bool)* = const(val=False, name="17")
    %18: (bool)* = const(val=False, name="18")
    %19: (bool)* = const(val=True, name="19")
    %20_pad_type_109: (str)* = const(val="custom", name="20_pad_type_109")
    %20_pad_109: (4,i32)* = const(val=[1, 1, 1, 1], name="20_pad_109")
    %20: (1, 1, 1, 1, fp32) = conv(x=%input, weight=%1, bias=%2, strides=%21, pad_type=%20_pad_type_109, pad=%20_pad_109, dilations=%23, groups=%16, name="20")
  } -> (%20)
}

[20200630 16:33:27 INFO /Volumes/data/work/1duo-coremltools/coremltools/converters/mil/mil/passes/common_pass.py:34] Performing pass: "common::const_elimination"
[20200630 16:33:27 INFO /Volumes/data/work/1duo-coremltools/coremltools/converters/mil/mil/passes/common_pass.py:34] Performing pass: "common::divide_to_multiply"
[20200630 16:33:27 INFO /Volumes/data/work/1duo-coremltools/coremltools/converters/mil/mil/passes/common_pass.py:34] Performing pass: "common::fuse_matmul_weight_bias"
[20200630 16:33:27 INFO /Volumes/data/work/1duo-coremltools/coremltools/converters/mil/mil/passes/common_pass.py:34] Performing pass: "common::const_elimination"
[20200630 16:33:27 INFO /Volumes/data/work/1duo-coremltools/coremltools/converters/mil/mil/passes/common_pass.py:34] Performing pass: "common::loop_invariant_elimination"
[20200630 16:33:27 INFO /Volumes/data/work/1duo-coremltools/coremltools/converters/mil/mil/passes/common_pass.py:34] Performing pass: "common::remove_symbolic_reshape"
[20200630 16:33:27 INFO /Volumes/data/work/1duo-coremltools/coremltools/converters/mil/mil/passes/remove_symbolic_reshape.py:104] remove_symbolic_reshape: changed 0 reshapes.
[20200630 16:33:27 INFO /Volumes/data/work/1duo-coremltools/coremltools/converters/mil/mil/passes/common_pass.py:34] Performing pass: "common::fuse_gelu_tanh_approximation"
[20200630 16:33:27 INFO /Volumes/data/work/1duo-coremltools/coremltools/converters/mil/mil/passes/common_pass.py:34] Performing pass: "common::reduce_transposes"
[20200630 16:33:27 DEBUG /Volumes/data/work/1duo-coremltools/coremltools/converters/mil/mil/passes/reduce_transposes.py:989] Block before optimize transpose transform:
function(%input: (1, 3, 5, 7, fp32)) {
  block128() {
    %1: (1, 3, 3, 3, fp32)* = const(val=(file_value), name="1")
    %2: (1,fp32)* = const(val=[0.1114518791437149], name="2")
    %21: (2,i32)* = const(val=[3, 3], name="21")
    %22: (2,i32)* = const(val=[1, 1], name="22")
    %23: (2,i32)* = const(val=[3, 3], name="23")
    %12: (bool)* = const(val=False, name="12")
    %24: (2,i32)* = const(val=[0, 0], name="24")
    %16: (i32)* = const(val=1, name="16")
    %17: (bool)* = const(val=False, name="17")
    %18: (bool)* = const(val=False, name="18")
    %19: (bool)* = const(val=True, name="19")
    %20_pad_type_109: (str)* = const(val="custom", name="20_pad_type_109")
    %20_pad_109: (4,i32)* = const(val=[1, 1, 1, 1], name="20_pad_109")
    %20: (1, 1, 1, 1, fp32) = conv(x=%input, weight=%1, bias=%2, strides=%21, pad_type=%20_pad_type_109, pad=%20_pad_109, dilations=%23, groups=%16, name="20")
  } -> (%20)
}

[20200630 16:33:27 DEBUG /Volumes/data/work/1duo-coremltools/coremltools/converters/mil/mil/passes/reduce_transposes.py:1024] Block after optimize transpose transform:
function(%input: (1, 3, 5, 7, fp32)) {
  block128() {
    %1: (1, 3, 3, 3, fp32)* = const(val=(file_value), name="1")
    %2: (1,fp32)* = const(val=[0.1114518791437149], name="2")
    %21: (2,i32)* = const(val=[3, 3], name="21")
    %22: (2,i32)* = const(val=[1, 1], name="22")
    %23: (2,i32)* = const(val=[3, 3], name="23")
    %12: (bool)* = const(val=False, name="12")
    %24: (2,i32)* = const(val=[0, 0], name="24")
    %16: (i32)* = const(val=1, name="16")
    %17: (bool)* = const(val=False, name="17")
    %18: (bool)* = const(val=False, name="18")
    %19: (bool)* = const(val=True, name="19")
    %20_pad_type_109: (str)* = const(val="custom", name="20_pad_type_109")
    %20_pad_109: (4,i32)* = const(val=[1, 1, 1, 1], name="20_pad_109")
    %20: (1, 1, 1, 1, fp32) = conv(x=%input, weight=%1, bias=%2, strides=%21, pad_type=%20_pad_type_109, pad=%20_pad_109, dilations=%23, groups=%16, name="20")
  } -> (%20)
}

[20200630 16:33:27 INFO /Volumes/data/work/1duo-coremltools/coremltools/converters/mil/mil/passes/common_pass.py:34] Performing pass: "common::fuse_bias_conv"
[20200630 16:33:27 INFO /Volumes/data/work/1duo-coremltools/coremltools/converters/mil/mil/passes/common_pass.py:34] Performing pass: "common::fuse_elementwise_to_batchnorm"
[20200630 16:33:27 INFO /Volumes/data/work/1duo-coremltools/coremltools/converters/mil/mil/passes/common_pass.py:34] Performing pass: "common::fuse_onehot_matmul_to_gather"
[20200630 16:33:27 INFO /Volumes/data/work/1duo-coremltools/coremltools/converters/mil/mil/passes/common_pass.py:34] Performing pass: "common::fuse_layernorm_or_instancenorm"
[20200630 16:33:27 INFO /Volumes/data/work/1duo-coremltools/coremltools/converters/mil/mil/passes/common_pass.py:34] Performing pass: "common::dead_code_elimination"
[20200630 16:33:27 INFO /Volumes/data/work/1duo-coremltools/coremltools/converters/mil/mil/passes/dead_code_elimination.py:35] Removing op "19" (type: const)
[20200630 16:33:27 INFO /Volumes/data/work/1duo-coremltools/coremltools/converters/mil/mil/passes/dead_code_elimination.py:35] Removing op "18" (type: const)
[20200630 16:33:27 INFO /Volumes/data/work/1duo-coremltools/coremltools/converters/mil/mil/passes/dead_code_elimination.py:35] Removing op "17" (type: const)
[20200630 16:33:27 INFO /Volumes/data/work/1duo-coremltools/coremltools/converters/mil/mil/passes/dead_code_elimination.py:35] Removing op "24" (type: const)
[20200630 16:33:27 INFO /Volumes/data/work/1duo-coremltools/coremltools/converters/mil/mil/passes/dead_code_elimination.py:35] Removing op "12" (type: const)
[20200630 16:33:27 INFO /Volumes/data/work/1duo-coremltools/coremltools/converters/mil/mil/passes/dead_code_elimination.py:35] Removing op "22" (type: const)
[20200630 16:33:27 DEBUG /Volumes/data/work/1duo-coremltools/coremltools/converters/mil/mil/passes/common_pass.py:38] Program after common passes:
main(%input: (1, 3, 5, 7, fp32)) {
  block128() {
    %1: (1, 3, 3, 3, fp32)* = const(val=(file_value), name="1")
    %2: (1,fp32)* = const(val=[0.1114518791437149], name="2")
    %21: (2,i32)* = const(val=[3, 3], name="21")
    %23: (2,i32)* = const(val=[3, 3], name="23")
    %16: (i32)* = const(val=1, name="16")
    %20_pad_type_109: (str)* = const(val="custom", name="20_pad_type_109")
    %20_pad_109: (4,i32)* = const(val=[1, 1, 1, 1], name="20_pad_109")
    %20: (1, 1, 1, 1, fp32) = conv(x=%input, weight=%1, bias=%2, strides=%21, pad_type=%20_pad_type_109, pad=%20_pad_109, dilations=%23, groups=%16, name="20")
  } -> (%20)
}

[20200630 16:33:27 INFO /Volumes/data/work/1duo-coremltools/coremltools/converters/mil/backend/nn/passes/nn_passes.py:22] Performing passes for nn_backend: "nn_backend::commingle_loop_vars"
[20200630 16:33:27 INFO /Volumes/data/work/1duo-coremltools/coremltools/converters/mil/backend/nn/passes/nn_passes.py:22] Performing passes for nn_backend: "nn_backend::handle_return_inputs_as_outputs"
[20200630 16:33:27 INFO /Volumes/data/work/1duo-coremltools/coremltools/converters/mil/backend/nn/passes/nn_passes.py:22] Performing passes for nn_backend: "common::const_elimination"
[20200630 16:33:27 INFO /Volumes/data/work/1duo-coremltools/coremltools/converters/mil/backend/nn/passes/nn_passes.py:22] Performing passes for nn_backend: "common::dead_code_elimination"
[20200630 16:33:27 INFO /Volumes/data/work/1duo-coremltools/coremltools/converters/mil/backend/nn/passes/nn_passes.py:22] Performing passes for nn_backend: "nn_backend::handle_unused_inputs"
[20200630 16:33:27 INFO /Volumes/data/work/1duo-coremltools/coremltools/converters/mil/backend/nn/passes/nn_passes.py:22] Performing passes for nn_backend: "nn_backend::alert_return_type_cast"
[20200630 16:33:27 DEBUG /Volumes/data/work/1duo-coremltools/coremltools/converters/mil/backend/nn/passes/nn_passes.py:26] Program after nn backend passes:
main(%input: (1, 3, 5, 7, fp32)) {
  block128() {
    %1: (1, 3, 3, 3, fp32)* = const(val=(file_value), name="1")
    %2: (1,fp32)* = const(val=[0.1114518791437149], name="2")
    %21: (2,i32)* = const(val=[3, 3], name="21")
    %23: (2,i32)* = const(val=[3, 3], name="23")
    %16: (i32)* = const(val=1, name="16")
    %20_pad_type_109: (str)* = const(val="custom", name="20_pad_type_109")
    %20_pad_109: (4,i32)* = const(val=[1, 1, 1, 1], name="20_pad_109")
    %20: (1, 1, 1, 1, fp32) = conv(x=%input, weight=%1, bias=%2, strides=%21, pad_type=%20_pad_type_109, pad=%20_pad_109, dilations=%23, groups=%16, name="20")
  } -> (%20)
}

[20200630 16:33:27 INFO /Volumes/data/work/1duo-coremltools/coremltools/converters/mil/frontend/torch/converter.py:269] Converting graph.
[20200630 16:33:27 INFO /Volumes/data/work/1duo-coremltools/coremltools/converters/mil/mil/builder.py:181] Adding op '1' of type const
[20200630 16:33:27 INFO /Volumes/data/work/1duo-coremltools/coremltools/converters/mil/mil/builder.py:181] Adding op '2' of type const
[20200630 16:33:27 INFO /Volumes/data/work/1duo-coremltools/coremltools/converters/mil/frontend/torch/ops.py:49] Converting op 21 : constant
[20200630 16:33:27 INFO /Volumes/data/work/1duo-coremltools/coremltools/converters/mil/mil/builder.py:181] Adding op '21' of type const
[20200630 16:33:27 INFO /Volumes/data/work/1duo-coremltools/coremltools/converters/mil/frontend/torch/ops.py:49] Converting op 22 : constant
[20200630 16:33:27 INFO /Volumes/data/work/1duo-coremltools/coremltools/converters/mil/mil/builder.py:181] Adding op '22' of type const
[20200630 16:33:27 INFO /Volumes/data/work/1duo-coremltools/coremltools/converters/mil/frontend/torch/ops.py:49] Converting op 23 : constant
[20200630 16:33:27 INFO /Volumes/data/work/1duo-coremltools/coremltools/converters/mil/mil/builder.py:181] Adding op '23' of type const
[20200630 16:33:27 INFO /Volumes/data/work/1duo-coremltools/coremltools/converters/mil/frontend/torch/ops.py:49] Converting op 12 : constant
[20200630 16:33:27 INFO /Volumes/data/work/1duo-coremltools/coremltools/converters/mil/mil/builder.py:181] Adding op '12' of type const
[20200630 16:33:27 INFO /Volumes/data/work/1duo-coremltools/coremltools/converters/mil/frontend/torch/ops.py:49] Converting op 24 : constant
[20200630 16:33:27 INFO /Volumes/data/work/1duo-coremltools/coremltools/converters/mil/mil/builder.py:181] Adding op '24' of type const
[20200630 16:33:27 INFO /Volumes/data/work/1duo-coremltools/coremltools/converters/mil/frontend/torch/ops.py:49] Converting op 16 : constant
[20200630 16:33:27 INFO /Volumes/data/work/1duo-coremltools/coremltools/converters/mil/mil/builder.py:181] Adding op '16' of type const
[20200630 16:33:27 INFO /Volumes/data/work/1duo-coremltools/coremltools/converters/mil/frontend/torch/ops.py:49] Converting op 17 : constant
[20200630 16:33:27 INFO /Volumes/data/work/1duo-coremltools/coremltools/converters/mil/mil/builder.py:181] Adding op '17' of type const
[20200630 16:33:27 INFO /Volumes/data/work/1duo-coremltools/coremltools/converters/mil/frontend/torch/ops.py:49] Converting op 18 : constant
[20200630 16:33:27 INFO /Volumes/data/work/1duo-coremltools/coremltools/converters/mil/mil/builder.py:181] Adding op '18' of type const
[20200630 16:33:27 INFO /Volumes/data/work/1duo-coremltools/coremltools/converters/mil/frontend/torch/ops.py:49] Converting op 19 : constant
[20200630 16:33:27 INFO /Volumes/data/work/1duo-coremltools/coremltools/converters/mil/mil/builder.py:181] Adding op '19' of type const
[20200630 16:33:27 INFO /Volumes/data/work/1duo-coremltools/coremltools/converters/mil/frontend/torch/ops.py:49] Converting op 20 : _convolution
[20200630 16:33:27 INFO /Volumes/data/work/1duo-coremltools/coremltools/converters/mil/mil/builder.py:181] Adding op '20' of type conv
[20200630 16:33:27 DEBUG /Volumes/data/work/1duo-coremltools/coremltools/converters/mil/mil/builder.py:93] Adding const op '20_pad_type_110'
[20200630 16:33:27 INFO /Volumes/data/work/1duo-coremltools/coremltools/converters/mil/mil/builder.py:181] Adding op '20_pad_type_110' of type const
[20200630 16:33:27 DEBUG /Volumes/data/work/1duo-coremltools/coremltools/converters/mil/mil/builder.py:93] Adding const op '20_pad_110'
[20200630 16:33:27 INFO /Volumes/data/work/1duo-coremltools/coremltools/converters/mil/mil/builder.py:181] Adding op '20_pad_110' of type const
[20200630 16:33:27 DEBUG /Volumes/data/work/1duo-coremltools/coremltools/converters/mil/mil/passes/common_pass.py:30] Program before common passes:
main(%input: (1, 3, 5, 7, fp32)) {
  block129() {
    %1: (1, 3, 3, 3, fp32)* = const(val=(file_value), name="1")
    %2: (1,fp32)* = const(val=[-0.15314826369285583], name="2")
    %21: (2,i32)* = const(val=[3, 3], name="21")
    %22: (2,i32)* = const(val=[3, 3], name="22")
    %23: (2,i32)* = const(val=[1, 1], name="23")
    %12: (bool)* = const(val=False, name="12")
    %24: (2,i32)* = const(val=[0, 0], name="24")
    %16: (i32)* = const(val=1, name="16")
    %17: (bool)* = const(val=False, name="17")
    %18: (bool)* = const(val=False, name="18")
    %19: (bool)* = const(val=True, name="19")
    %20_pad_type_110: (str)* = const(val="custom", name="20_pad_type_110")
    %20_pad_110: (4,i32)* = const(val=[3, 3, 3, 3], name="20_pad_110")
    %20: (1, 1, 3, 4, fp32) = conv(x=%input, weight=%1, bias=%2, strides=%21, pad_type=%20_pad_type_110, pad=%20_pad_110, dilations=%23, groups=%16, name="20")
  } -> (%20)
}

[20200630 16:33:27 INFO /Volumes/data/work/1duo-coremltools/coremltools/converters/mil/mil/passes/common_pass.py:34] Performing pass: "common::const_elimination"
[20200630 16:33:27 INFO /Volumes/data/work/1duo-coremltools/coremltools/converters/mil/mil/passes/common_pass.py:34] Performing pass: "common::divide_to_multiply"
[20200630 16:33:27 INFO /Volumes/data/work/1duo-coremltools/coremltools/converters/mil/mil/passes/common_pass.py:34] Performing pass: "common::fuse_matmul_weight_bias"
[20200630 16:33:27 INFO /Volumes/data/work/1duo-coremltools/coremltools/converters/mil/mil/passes/common_pass.py:34] Performing pass: "common::const_elimination"
[20200630 16:33:27 INFO /Volumes/data/work/1duo-coremltools/coremltools/converters/mil/mil/passes/common_pass.py:34] Performing pass: "common::loop_invariant_elimination"
[20200630 16:33:27 INFO /Volumes/data/work/1duo-coremltools/coremltools/converters/mil/mil/passes/common_pass.py:34] Performing pass: "common::remove_symbolic_reshape"
[20200630 16:33:27 INFO /Volumes/data/work/1duo-coremltools/coremltools/converters/mil/mil/passes/remove_symbolic_reshape.py:104] remove_symbolic_reshape: changed 0 reshapes.
[20200630 16:33:27 INFO /Volumes/data/work/1duo-coremltools/coremltools/converters/mil/mil/passes/common_pass.py:34] Performing pass: "common::fuse_gelu_tanh_approximation"
[20200630 16:33:27 INFO /Volumes/data/work/1duo-coremltools/coremltools/converters/mil/mil/passes/common_pass.py:34] Performing pass: "common::reduce_transposes"
[20200630 16:33:27 DEBUG /Volumes/data/work/1duo-coremltools/coremltools/converters/mil/mil/passes/reduce_transposes.py:989] Block before optimize transpose transform:
function(%input: (1, 3, 5, 7, fp32)) {
  block129() {
    %1: (1, 3, 3, 3, fp32)* = const(val=(file_value), name="1")
    %2: (1,fp32)* = const(val=[-0.15314826369285583], name="2")
    %21: (2,i32)* = const(val=[3, 3], name="21")
    %22: (2,i32)* = const(val=[3, 3], name="22")
    %23: (2,i32)* = const(val=[1, 1], name="23")
    %12: (bool)* = const(val=False, name="12")
    %24: (2,i32)* = const(val=[0, 0], name="24")
    %16: (i32)* = const(val=1, name="16")
    %17: (bool)* = const(val=False, name="17")
    %18: (bool)* = const(val=False, name="18")
    %19: (bool)* = const(val=True, name="19")
    %20_pad_type_110: (str)* = const(val="custom", name="20_pad_type_110")
    %20_pad_110: (4,i32)* = const(val=[3, 3, 3, 3], name="20_pad_110")
    %20: (1, 1, 3, 4, fp32) = conv(x=%input, weight=%1, bias=%2, strides=%21, pad_type=%20_pad_type_110, pad=%20_pad_110, dilations=%23, groups=%16, name="20")
  } -> (%20)
}

[20200630 16:33:27 DEBUG /Volumes/data/work/1duo-coremltools/coremltools/converters/mil/mil/passes/reduce_transposes.py:1024] Block after optimize transpose transform:
function(%input: (1, 3, 5, 7, fp32)) {
  block129() {
    %1: (1, 3, 3, 3, fp32)* = const(val=(file_value), name="1")
    %2: (1,fp32)* = const(val=[-0.15314826369285583], name="2")
    %21: (2,i32)* = const(val=[3, 3], name="21")
    %22: (2,i32)* = const(val=[3, 3], name="22")
    %23: (2,i32)* = const(val=[1, 1], name="23")
    %12: (bool)* = const(val=False, name="12")
    %24: (2,i32)* = const(val=[0, 0], name="24")
    %16: (i32)* = const(val=1, name="16")
    %17: (bool)* = const(val=False, name="17")
    %18: (bool)* = const(val=False, name="18")
    %19: (bool)* = const(val=True, name="19")
    %20_pad_type_110: (str)* = const(val="custom", name="20_pad_type_110")
    %20_pad_110: (4,i32)* = const(val=[3, 3, 3, 3], name="20_pad_110")
    %20: (1, 1, 3, 4, fp32) = conv(x=%input, weight=%1, bias=%2, strides=%21, pad_type=%20_pad_type_110, pad=%20_pad_110, dilations=%23, groups=%16, name="20")
  } -> (%20)
}

[20200630 16:33:27 INFO /Volumes/data/work/1duo-coremltools/coremltools/converters/mil/mil/passes/common_pass.py:34] Performing pass: "common::fuse_bias_conv"
[20200630 16:33:27 INFO /Volumes/data/work/1duo-coremltools/coremltools/converters/mil/mil/passes/common_pass.py:34] Performing pass: "common::fuse_elementwise_to_batchnorm"
[20200630 16:33:27 INFO /Volumes/data/work/1duo-coremltools/coremltools/converters/mil/mil/passes/common_pass.py:34] Performing pass: "common::fuse_onehot_matmul_to_gather"
[20200630 16:33:27 INFO /Volumes/data/work/1duo-coremltools/coremltools/converters/mil/mil/passes/common_pass.py:34] Performing pass: "common::fuse_layernorm_or_instancenorm"
[20200630 16:33:27 INFO /Volumes/data/work/1duo-coremltools/coremltools/converters/mil/mil/passes/common_pass.py:34] Performing pass: "common::dead_code_elimination"
[20200630 16:33:27 INFO /Volumes/data/work/1duo-coremltools/coremltools/converters/mil/mil/passes/dead_code_elimination.py:35] Removing op "19" (type: const)
[20200630 16:33:27 INFO /Volumes/data/work/1duo-coremltools/coremltools/converters/mil/mil/passes/dead_code_elimination.py:35] Removing op "18" (type: const)
[20200630 16:33:27 INFO /Volumes/data/work/1duo-coremltools/coremltools/converters/mil/mil/passes/dead_code_elimination.py:35] Removing op "17" (type: const)
[20200630 16:33:27 INFO /Volumes/data/work/1duo-coremltools/coremltools/converters/mil/mil/passes/dead_code_elimination.py:35] Removing op "24" (type: const)
[20200630 16:33:27 INFO /Volumes/data/work/1duo-coremltools/coremltools/converters/mil/mil/passes/dead_code_elimination.py:35] Removing op "12" (type: const)
[20200630 16:33:27 INFO /Volumes/data/work/1duo-coremltools/coremltools/converters/mil/mil/passes/dead_code_elimination.py:35] Removing op "22" (type: const)
[20200630 16:33:27 DEBUG /Volumes/data/work/1duo-coremltools/coremltools/converters/mil/mil/passes/common_pass.py:38] Program after common passes:
main(%input: (1, 3, 5, 7, fp32)) {
  block129() {
    %1: (1, 3, 3, 3, fp32)* = const(val=(file_value), name="1")
    %2: (1,fp32)* = const(val=[-0.15314826369285583], name="2")
    %21: (2,i32)* = const(val=[3, 3], name="21")
    %23: (2,i32)* = const(val=[1, 1], name="23")
    %16: (i32)* = const(val=1, name="16")
    %20_pad_type_110: (str)* = const(val="custom", name="20_pad_type_110")
    %20_pad_110: (4,i32)* = const(val=[3, 3, 3, 3], name="20_pad_110")
    %20: (1, 1, 3, 4, fp32) = conv(x=%input, weight=%1, bias=%2, strides=%21, pad_type=%20_pad_type_110, pad=%20_pad_110, dilations=%23, groups=%16, name="20")
  } -> (%20)
}

[20200630 16:33:27 INFO /Volumes/data/work/1duo-coremltools/coremltools/converters/mil/backend/nn/passes/nn_passes.py:22] Performing passes for nn_backend: "nn_backend::commingle_loop_vars"
[20200630 16:33:27 INFO /Volumes/data/work/1duo-coremltools/coremltools/converters/mil/backend/nn/passes/nn_passes.py:22] Performing passes for nn_backend: "nn_backend::handle_return_inputs_as_outputs"
[20200630 16:33:27 INFO /Volumes/data/work/1duo-coremltools/coremltools/converters/mil/backend/nn/passes/nn_passes.py:22] Performing passes for nn_backend: "common::const_elimination"
[20200630 16:33:27 INFO /Volumes/data/work/1duo-coremltools/coremltools/converters/mil/backend/nn/passes/nn_passes.py:22] Performing passes for nn_backend: "common::dead_code_elimination"
[20200630 16:33:27 INFO /Volumes/data/work/1duo-coremltools/coremltools/converters/mil/backend/nn/passes/nn_passes.py:22] Performing passes for nn_backend: "nn_backend::handle_unused_inputs"
[20200630 16:33:27 INFO /Volumes/data/work/1duo-coremltools/coremltools/converters/mil/backend/nn/passes/nn_passes.py:22] Performing passes for nn_backend: "nn_backend::alert_return_type_cast"
[20200630 16:33:27 DEBUG /Volumes/data/work/1duo-coremltools/coremltools/converters/mil/backend/nn/passes/nn_passes.py:26] Program after nn backend passes:
main(%input: (1, 3, 5, 7, fp32)) {
  block129() {
    %1: (1, 3, 3, 3, fp32)* = const(val=(file_value), name="1")
    %2: (1,fp32)* = const(val=[-0.15314826369285583], name="2")
    %21: (2,i32)* = const(val=[3, 3], name="21")
    %23: (2,i32)* = const(val=[1, 1], name="23")
    %16: (i32)* = const(val=1, name="16")
    %20_pad_type_110: (str)* = const(val="custom", name="20_pad_type_110")
    %20_pad_110: (4,i32)* = const(val=[3, 3, 3, 3], name="20_pad_110")
    %20: (1, 1, 3, 4, fp32) = conv(x=%input, weight=%1, bias=%2, strides=%21, pad_type=%20_pad_type_110, pad=%20_pad_110, dilations=%23, groups=%16, name="20")
  } -> (%20)
}

[20200630 16:33:27 INFO /Volumes/data/work/1duo-coremltools/coremltools/converters/mil/frontend/torch/converter.py:269] Converting graph.
[20200630 16:33:27 INFO /Volumes/data/work/1duo-coremltools/coremltools/converters/mil/mil/builder.py:181] Adding op '1' of type const
[20200630 16:33:27 INFO /Volumes/data/work/1duo-coremltools/coremltools/converters/mil/mil/builder.py:181] Adding op '2' of type const
[20200630 16:33:27 INFO /Volumes/data/work/1duo-coremltools/coremltools/converters/mil/frontend/torch/ops.py:49] Converting op 21 : constant
[20200630 16:33:27 INFO /Volumes/data/work/1duo-coremltools/coremltools/converters/mil/mil/builder.py:181] Adding op '21' of type const
[20200630 16:33:27 INFO /Volumes/data/work/1duo-coremltools/coremltools/converters/mil/frontend/torch/ops.py:49] Converting op 22 : constant
[20200630 16:33:27 INFO /Volumes/data/work/1duo-coremltools/coremltools/converters/mil/mil/builder.py:181] Adding op '22' of type const
[20200630 16:33:27 INFO /Volumes/data/work/1duo-coremltools/coremltools/converters/mil/frontend/torch/ops.py:49] Converting op 23 : constant
[20200630 16:33:27 INFO /Volumes/data/work/1duo-coremltools/coremltools/converters/mil/mil/builder.py:181] Adding op '23' of type const
[20200630 16:33:27 INFO /Volumes/data/work/1duo-coremltools/coremltools/converters/mil/frontend/torch/ops.py:49] Converting op 12 : constant
[20200630 16:33:27 INFO /Volumes/data/work/1duo-coremltools/coremltools/converters/mil/mil/builder.py:181] Adding op '12' of type const
[20200630 16:33:27 INFO /Volumes/data/work/1duo-coremltools/coremltools/converters/mil/frontend/torch/ops.py:49] Converting op 24 : constant
[20200630 16:33:27 INFO /Volumes/data/work/1duo-coremltools/coremltools/converters/mil/mil/builder.py:181] Adding op '24' of type const
[20200630 16:33:27 INFO /Volumes/data/work/1duo-coremltools/coremltools/converters/mil/frontend/torch/ops.py:49] Converting op 16 : constant
[20200630 16:33:27 INFO /Volumes/data/work/1duo-coremltools/coremltools/converters/mil/mil/builder.py:181] Adding op '16' of type const
[20200630 16:33:27 INFO /Volumes/data/work/1duo-coremltools/coremltools/converters/mil/frontend/torch/ops.py:49] Converting op 17 : constant
[20200630 16:33:27 INFO /Volumes/data/work/1duo-coremltools/coremltools/converters/mil/mil/builder.py:181] Adding op '17' of type const
[20200630 16:33:27 INFO /Volumes/data/work/1duo-coremltools/coremltools/converters/mil/frontend/torch/ops.py:49] Converting op 18 : constant
[20200630 16:33:27 INFO /Volumes/data/work/1duo-coremltools/coremltools/converters/mil/mil/builder.py:181] Adding op '18' of type const
[20200630 16:33:27 INFO /Volumes/data/work/1duo-coremltools/coremltools/converters/mil/frontend/torch/ops.py:49] Converting op 19 : constant
[20200630 16:33:27 INFO /Volumes/data/work/1duo-coremltools/coremltools/converters/mil/mil/builder.py:181] Adding op '19' of type const
[20200630 16:33:27 INFO /Volumes/data/work/1duo-coremltools/coremltools/converters/mil/frontend/torch/ops.py:49] Converting op 20 : _convolution
[20200630 16:33:27 INFO /Volumes/data/work/1duo-coremltools/coremltools/converters/mil/mil/builder.py:181] Adding op '20' of type conv
[20200630 16:33:27 DEBUG /Volumes/data/work/1duo-coremltools/coremltools/converters/mil/mil/builder.py:93] Adding const op '20_pad_type_111'
[20200630 16:33:27 INFO /Volumes/data/work/1duo-coremltools/coremltools/converters/mil/mil/builder.py:181] Adding op '20_pad_type_111' of type const
[20200630 16:33:27 DEBUG /Volumes/data/work/1duo-coremltools/coremltools/converters/mil/mil/builder.py:93] Adding const op '20_pad_111'
[20200630 16:33:27 INFO /Volumes/data/work/1duo-coremltools/coremltools/converters/mil/mil/builder.py:181] Adding op '20_pad_111' of type const
[20200630 16:33:27 DEBUG /Volumes/data/work/1duo-coremltools/coremltools/converters/mil/mil/passes/common_pass.py:30] Program before common passes:
main(%input: (1, 3, 5, 7, fp32)) {
  block130() {
    %1: (1, 3, 3, 3, fp32)* = const(val=(file_value), name="1")
    %2: (1,fp32)* = const(val=[-0.17731784284114838], name="2")
    %21: (2,i32)* = const(val=[3, 3], name="21")
    %22: (2,i32)* = const(val=[3, 3], name="22")
    %23: (2,i32)* = const(val=[3, 3], name="23")
    %12: (bool)* = const(val=False, name="12")
    %24: (2,i32)* = const(val=[0, 0], name="24")
    %16: (i32)* = const(val=1, name="16")
    %17: (bool)* = const(val=False, name="17")
    %18: (bool)* = const(val=False, name="18")
    %19: (bool)* = const(val=True, name="19")
    %20_pad_type_111: (str)* = const(val="custom", name="20_pad_type_111")
    %20_pad_111: (4,i32)* = const(val=[3, 3, 3, 3], name="20_pad_111")
    %20: (1, 1, 2, 3, fp32) = conv(x=%input, weight=%1, bias=%2, strides=%21, pad_type=%20_pad_type_111, pad=%20_pad_111, dilations=%23, groups=%16, name="20")
  } -> (%20)
}

[20200630 16:33:27 INFO /Volumes/data/work/1duo-coremltools/coremltools/converters/mil/mil/passes/common_pass.py:34] Performing pass: "common::const_elimination"
[20200630 16:33:27 INFO /Volumes/data/work/1duo-coremltools/coremltools/converters/mil/mil/passes/common_pass.py:34] Performing pass: "common::divide_to_multiply"
[20200630 16:33:27 INFO /Volumes/data/work/1duo-coremltools/coremltools/converters/mil/mil/passes/common_pass.py:34] Performing pass: "common::fuse_matmul_weight_bias"
[20200630 16:33:27 INFO /Volumes/data/work/1duo-coremltools/coremltools/converters/mil/mil/passes/common_pass.py:34] Performing pass: "common::const_elimination"
[20200630 16:33:27 INFO /Volumes/data/work/1duo-coremltools/coremltools/converters/mil/mil/passes/common_pass.py:34] Performing pass: "common::loop_invariant_elimination"
[20200630 16:33:27 INFO /Volumes/data/work/1duo-coremltools/coremltools/converters/mil/mil/passes/common_pass.py:34] Performing pass: "common::remove_symbolic_reshape"
[20200630 16:33:27 INFO /Volumes/data/work/1duo-coremltools/coremltools/converters/mil/mil/passes/remove_symbolic_reshape.py:104] remove_symbolic_reshape: changed 0 reshapes.
[20200630 16:33:27 INFO /Volumes/data/work/1duo-coremltools/coremltools/converters/mil/mil/passes/common_pass.py:34] Performing pass: "common::fuse_gelu_tanh_approximation"
[20200630 16:33:27 INFO /Volumes/data/work/1duo-coremltools/coremltools/converters/mil/mil/passes/common_pass.py:34] Performing pass: "common::reduce_transposes"
[20200630 16:33:27 DEBUG /Volumes/data/work/1duo-coremltools/coremltools/converters/mil/mil/passes/reduce_transposes.py:989] Block before optimize transpose transform:
function(%input: (1, 3, 5, 7, fp32)) {
  block130() {
    %1: (1, 3, 3, 3, fp32)* = const(val=(file_value), name="1")
    %2: (1,fp32)* = const(val=[-0.17731784284114838], name="2")
    %21: (2,i32)* = const(val=[3, 3], name="21")
    %22: (2,i32)* = const(val=[3, 3], name="22")
    %23: (2,i32)* = const(val=[3, 3], name="23")
    %12: (bool)* = const(val=False, name="12")
    %24: (2,i32)* = const(val=[0, 0], name="24")
    %16: (i32)* = const(val=1, name="16")
    %17: (bool)* = const(val=False, name="17")
    %18: (bool)* = const(val=False, name="18")
    %19: (bool)* = const(val=True, name="19")
    %20_pad_type_111: (str)* = const(val="custom", name="20_pad_type_111")
    %20_pad_111: (4,i32)* = const(val=[3, 3, 3, 3], name="20_pad_111")
    %20: (1, 1, 2, 3, fp32) = conv(x=%input, weight=%1, bias=%2, strides=%21, pad_type=%20_pad_type_111, pad=%20_pad_111, dilations=%23, groups=%16, name="20")
  } -> (%20)
}

[20200630 16:33:27 DEBUG /Volumes/data/work/1duo-coremltools/coremltools/converters/mil/mil/passes/reduce_transposes.py:1024] Block after optimize transpose transform:
function(%input: (1, 3, 5, 7, fp32)) {
  block130() {
    %1: (1, 3, 3, 3, fp32)* = const(val=(file_value), name="1")
    %2: (1,fp32)* = const(val=[-0.17731784284114838], name="2")
    %21: (2,i32)* = const(val=[3, 3], name="21")
    %22: (2,i32)* = const(val=[3, 3], name="22")
    %23: (2,i32)* = const(val=[3, 3], name="23")
    %12: (bool)* = const(val=False, name="12")
    %24: (2,i32)* = const(val=[0, 0], name="24")
    %16: (i32)* = const(val=1, name="16")
    %17: (bool)* = const(val=False, name="17")
    %18: (bool)* = const(val=False, name="18")
    %19: (bool)* = const(val=True, name="19")
    %20_pad_type_111: (str)* = const(val="custom", name="20_pad_type_111")
    %20_pad_111: (4,i32)* = const(val=[3, 3, 3, 3], name="20_pad_111")
    %20: (1, 1, 2, 3, fp32) = conv(x=%input, weight=%1, bias=%2, strides=%21, pad_type=%20_pad_type_111, pad=%20_pad_111, dilations=%23, groups=%16, name="20")
  } -> (%20)
}

[20200630 16:33:27 INFO /Volumes/data/work/1duo-coremltools/coremltools/converters/mil/mil/passes/common_pass.py:34] Performing pass: "common::fuse_bias_conv"
[20200630 16:33:27 INFO /Volumes/data/work/1duo-coremltools/coremltools/converters/mil/mil/passes/common_pass.py:34] Performing pass: "common::fuse_elementwise_to_batchnorm"
[20200630 16:33:27 INFO /Volumes/data/work/1duo-coremltools/coremltools/converters/mil/mil/passes/common_pass.py:34] Performing pass: "common::fuse_onehot_matmul_to_gather"
[20200630 16:33:27 INFO /Volumes/data/work/1duo-coremltools/coremltools/converters/mil/mil/passes/common_pass.py:34] Performing pass: "common::fuse_layernorm_or_instancenorm"
[20200630 16:33:27 INFO /Volumes/data/work/1duo-coremltools/coremltools/converters/mil/mil/passes/common_pass.py:34] Performing pass: "common::dead_code_elimination"
[20200630 16:33:27 INFO /Volumes/data/work/1duo-coremltools/coremltools/converters/mil/mil/passes/dead_code_elimination.py:35] Removing op "19" (type: const)
[20200630 16:33:27 INFO /Volumes/data/work/1duo-coremltools/coremltools/converters/mil/mil/passes/dead_code_elimination.py:35] Removing op "18" (type: const)
[20200630 16:33:27 INFO /Volumes/data/work/1duo-coremltools/coremltools/converters/mil/mil/passes/dead_code_elimination.py:35] Removing op "17" (type: const)
[20200630 16:33:27 INFO /Volumes/data/work/1duo-coremltools/coremltools/converters/mil/mil/passes/dead_code_elimination.py:35] Removing op "24" (type: const)
[20200630 16:33:27 INFO /Volumes/data/work/1duo-coremltools/coremltools/converters/mil/mil/passes/dead_code_elimination.py:35] Removing op "12" (type: const)
[20200630 16:33:27 INFO /Volumes/data/work/1duo-coremltools/coremltools/converters/mil/mil/passes/dead_code_elimination.py:35] Removing op "22" (type: const)
[20200630 16:33:27 DEBUG /Volumes/data/work/1duo-coremltools/coremltools/converters/mil/mil/passes/common_pass.py:38] Program after common passes:
main(%input: (1, 3, 5, 7, fp32)) {
  block130() {
    %1: (1, 3, 3, 3, fp32)* = const(val=(file_value), name="1")
    %2: (1,fp32)* = const(val=[-0.17731784284114838], name="2")
    %21: (2,i32)* = const(val=[3, 3], name="21")
    %23: (2,i32)* = const(val=[3, 3], name="23")
    %16: (i32)* = const(val=1, name="16")
    %20_pad_type_111: (str)* = const(val="custom", name="20_pad_type_111")
    %20_pad_111: (4,i32)* = const(val=[3, 3, 3, 3], name="20_pad_111")
    %20: (1, 1, 2, 3, fp32) = conv(x=%input, weight=%1, bias=%2, strides=%21, pad_type=%20_pad_type_111, pad=%20_pad_111, dilations=%23, groups=%16, name="20")
  } -> (%20)
}

[20200630 16:33:27 INFO /Volumes/data/work/1duo-coremltools/coremltools/converters/mil/backend/nn/passes/nn_passes.py:22] Performing passes for nn_backend: "nn_backend::commingle_loop_vars"
[20200630 16:33:27 INFO /Volumes/data/work/1duo-coremltools/coremltools/converters/mil/backend/nn/passes/nn_passes.py:22] Performing passes for nn_backend: "nn_backend::handle_return_inputs_as_outputs"
[20200630 16:33:27 INFO /Volumes/data/work/1duo-coremltools/coremltools/converters/mil/backend/nn/passes/nn_passes.py:22] Performing passes for nn_backend: "common::const_elimination"
[20200630 16:33:27 INFO /Volumes/data/work/1duo-coremltools/coremltools/converters/mil/backend/nn/passes/nn_passes.py:22] Performing passes for nn_backend: "common::dead_code_elimination"
[20200630 16:33:27 INFO /Volumes/data/work/1duo-coremltools/coremltools/converters/mil/backend/nn/passes/nn_passes.py:22] Performing passes for nn_backend: "nn_backend::handle_unused_inputs"
[20200630 16:33:27 INFO /Volumes/data/work/1duo-coremltools/coremltools/converters/mil/backend/nn/passes/nn_passes.py:22] Performing passes for nn_backend: "nn_backend::alert_return_type_cast"
[20200630 16:33:27 DEBUG /Volumes/data/work/1duo-coremltools/coremltools/converters/mil/backend/nn/passes/nn_passes.py:26] Program after nn backend passes:
main(%input: (1, 3, 5, 7, fp32)) {
  block130() {
    %1: (1, 3, 3, 3, fp32)* = const(val=(file_value), name="1")
    %2: (1,fp32)* = const(val=[-0.17731784284114838], name="2")
    %21: (2,i32)* = const(val=[3, 3], name="21")
    %23: (2,i32)* = const(val=[3, 3], name="23")
    %16: (i32)* = const(val=1, name="16")
    %20_pad_type_111: (str)* = const(val="custom", name="20_pad_type_111")
    %20_pad_111: (4,i32)* = const(val=[3, 3, 3, 3], name="20_pad_111")
    %20: (1, 1, 2, 3, fp32) = conv(x=%input, weight=%1, bias=%2, strides=%21, pad_type=%20_pad_type_111, pad=%20_pad_111, dilations=%23, groups=%16, name="20")
  } -> (%20)
}

[20200630 16:33:27 INFO /Volumes/data/work/1duo-coremltools/coremltools/converters/mil/frontend/torch/converter.py:269] Converting graph.
[20200630 16:33:27 INFO /Volumes/data/work/1duo-coremltools/coremltools/converters/mil/mil/builder.py:181] Adding op '1' of type const
[20200630 16:33:27 INFO /Volumes/data/work/1duo-coremltools/coremltools/converters/mil/mil/builder.py:181] Adding op '2' of type const
[20200630 16:33:27 INFO /Volumes/data/work/1duo-coremltools/coremltools/converters/mil/frontend/torch/ops.py:49] Converting op 21 : constant
[20200630 16:33:27 INFO /Volumes/data/work/1duo-coremltools/coremltools/converters/mil/mil/builder.py:181] Adding op '21' of type const
[20200630 16:33:27 INFO /Volumes/data/work/1duo-coremltools/coremltools/converters/mil/frontend/torch/ops.py:49] Converting op 22 : constant
[20200630 16:33:27 INFO /Volumes/data/work/1duo-coremltools/coremltools/converters/mil/mil/builder.py:181] Adding op '22' of type const
[20200630 16:33:27 INFO /Volumes/data/work/1duo-coremltools/coremltools/converters/mil/frontend/torch/ops.py:49] Converting op 23 : constant
[20200630 16:33:27 INFO /Volumes/data/work/1duo-coremltools/coremltools/converters/mil/mil/builder.py:181] Adding op '23' of type const
[20200630 16:33:27 INFO /Volumes/data/work/1duo-coremltools/coremltools/converters/mil/frontend/torch/ops.py:49] Converting op 12 : constant
[20200630 16:33:27 INFO /Volumes/data/work/1duo-coremltools/coremltools/converters/mil/mil/builder.py:181] Adding op '12' of type const
[20200630 16:33:27 INFO /Volumes/data/work/1duo-coremltools/coremltools/converters/mil/frontend/torch/ops.py:49] Converting op 24 : constant
[20200630 16:33:27 INFO /Volumes/data/work/1duo-coremltools/coremltools/converters/mil/mil/builder.py:181] Adding op '24' of type const
[20200630 16:33:27 INFO /Volumes/data/work/1duo-coremltools/coremltools/converters/mil/frontend/torch/ops.py:49] Converting op 16 : constant
[20200630 16:33:27 INFO /Volumes/data/work/1duo-coremltools/coremltools/converters/mil/mil/builder.py:181] Adding op '16' of type const
[20200630 16:33:27 INFO /Volumes/data/work/1duo-coremltools/coremltools/converters/mil/frontend/torch/ops.py:49] Converting op 17 : constant
[20200630 16:33:27 INFO /Volumes/data/work/1duo-coremltools/coremltools/converters/mil/mil/builder.py:181] Adding op '17' of type const
[20200630 16:33:27 INFO /Volumes/data/work/1duo-coremltools/coremltools/converters/mil/frontend/torch/ops.py:49] Converting op 18 : constant
[20200630 16:33:27 INFO /Volumes/data/work/1duo-coremltools/coremltools/converters/mil/mil/builder.py:181] Adding op '18' of type const
[20200630 16:33:27 INFO /Volumes/data/work/1duo-coremltools/coremltools/converters/mil/frontend/torch/ops.py:49] Converting op 19 : constant
[20200630 16:33:27 INFO /Volumes/data/work/1duo-coremltools/coremltools/converters/mil/mil/builder.py:181] Adding op '19' of type const
[20200630 16:33:27 INFO /Volumes/data/work/1duo-coremltools/coremltools/converters/mil/frontend/torch/ops.py:49] Converting op 20 : _convolution
[20200630 16:33:27 INFO /Volumes/data/work/1duo-coremltools/coremltools/converters/mil/mil/builder.py:181] Adding op '20' of type conv
[20200630 16:33:27 DEBUG /Volumes/data/work/1duo-coremltools/coremltools/converters/mil/mil/builder.py:93] Adding const op '20_pad_type_112'
[20200630 16:33:27 INFO /Volumes/data/work/1duo-coremltools/coremltools/converters/mil/mil/builder.py:181] Adding op '20_pad_type_112' of type const
[20200630 16:33:27 DEBUG /Volumes/data/work/1duo-coremltools/coremltools/converters/mil/mil/builder.py:93] Adding const op '20_pad_112'
[20200630 16:33:27 INFO /Volumes/data/work/1duo-coremltools/coremltools/converters/mil/mil/builder.py:181] Adding op '20_pad_112' of type const
[20200630 16:33:27 DEBUG /Volumes/data/work/1duo-coremltools/coremltools/converters/mil/mil/passes/common_pass.py:30] Program before common passes:
main(%input: (1, 3, 5, 7, fp32)) {
  block131() {
    %1: (3, 3, 1, 1, fp32)* = const(val=[[[[0.182827889919281]], [[0.07945305109024048]], [[-0.06906628608703613]]], [[[-0.22956350445747375]], [[0.25627171993255615]], [[-0.42711785435676575]]], [[[-0.040382564067840576]], [[0.41211265325546265]], [[0.19880914688110352]]]], name="1")
    %2: (3,fp32)* = const(val=[0.41548287868499756, 0.0999528169631958, 0.3628079891204834], name="2")
    %21: (2,i32)* = const(val=[1, 1], name="21")
    %22: (2,i32)* = const(val=[1, 1], name="22")
    %23: (2,i32)* = const(val=[1, 1], name="23")
    %12: (bool)* = const(val=False, name="12")
    %24: (2,i32)* = const(val=[0, 0], name="24")
    %16: (i32)* = const(val=1, name="16")
    %17: (bool)* = const(val=False, name="17")
    %18: (bool)* = const(val=False, name="18")
    %19: (bool)* = const(val=True, name="19")
    %20_pad_type_112: (str)* = const(val="custom", name="20_pad_type_112")
    %20_pad_112: (4,i32)* = const(val=[1, 1, 1, 1], name="20_pad_112")
    %20: (1, 3, 7, 9, fp32) = conv(x=%input, weight=%1, bias=%2, strides=%21, pad_type=%20_pad_type_112, pad=%20_pad_112, dilations=%23, groups=%16, name="20")
  } -> (%20)
}

[20200630 16:33:27 INFO /Volumes/data/work/1duo-coremltools/coremltools/converters/mil/mil/passes/common_pass.py:34] Performing pass: "common::const_elimination"
[20200630 16:33:27 INFO /Volumes/data/work/1duo-coremltools/coremltools/converters/mil/mil/passes/common_pass.py:34] Performing pass: "common::divide_to_multiply"
[20200630 16:33:27 INFO /Volumes/data/work/1duo-coremltools/coremltools/converters/mil/mil/passes/common_pass.py:34] Performing pass: "common::fuse_matmul_weight_bias"
[20200630 16:33:27 INFO /Volumes/data/work/1duo-coremltools/coremltools/converters/mil/mil/passes/common_pass.py:34] Performing pass: "common::const_elimination"
[20200630 16:33:27 INFO /Volumes/data/work/1duo-coremltools/coremltools/converters/mil/mil/passes/common_pass.py:34] Performing pass: "common::loop_invariant_elimination"
[20200630 16:33:27 INFO /Volumes/data/work/1duo-coremltools/coremltools/converters/mil/mil/passes/common_pass.py:34] Performing pass: "common::remove_symbolic_reshape"
[20200630 16:33:27 INFO /Volumes/data/work/1duo-coremltools/coremltools/converters/mil/mil/passes/remove_symbolic_reshape.py:104] remove_symbolic_reshape: changed 0 reshapes.
[20200630 16:33:27 INFO /Volumes/data/work/1duo-coremltools/coremltools/converters/mil/mil/passes/common_pass.py:34] Performing pass: "common::fuse_gelu_tanh_approximation"
[20200630 16:33:27 INFO /Volumes/data/work/1duo-coremltools/coremltools/converters/mil/mil/passes/common_pass.py:34] Performing pass: "common::reduce_transposes"
[20200630 16:33:27 DEBUG /Volumes/data/work/1duo-coremltools/coremltools/converters/mil/mil/passes/reduce_transposes.py:989] Block before optimize transpose transform:
function(%input: (1, 3, 5, 7, fp32)) {
  block131() {
    %1: (3, 3, 1, 1, fp32)* = const(val=[[[[0.182827889919281]], [[0.07945305109024048]], [[-0.06906628608703613]]], [[[-0.22956350445747375]], [[0.25627171993255615]], [[-0.42711785435676575]]], [[[-0.040382564067840576]], [[0.41211265325546265]], [[0.19880914688110352]]]], name="1")
    %2: (3,fp32)* = const(val=[0.41548287868499756, 0.0999528169631958, 0.3628079891204834], name="2")
    %21: (2,i32)* = const(val=[1, 1], name="21")
    %22: (2,i32)* = const(val=[1, 1], name="22")
    %23: (2,i32)* = const(val=[1, 1], name="23")
    %12: (bool)* = const(val=False, name="12")
    %24: (2,i32)* = const(val=[0, 0], name="24")
    %16: (i32)* = const(val=1, name="16")
    %17: (bool)* = const(val=False, name="17")
    %18: (bool)* = const(val=False, name="18")
    %19: (bool)* = const(val=True, name="19")
    %20_pad_type_112: (str)* = const(val="custom", name="20_pad_type_112")
    %20_pad_112: (4,i32)* = const(val=[1, 1, 1, 1], name="20_pad_112")
    %20: (1, 3, 7, 9, fp32) = conv(x=%input, weight=%1, bias=%2, strides=%21, pad_type=%20_pad_type_112, pad=%20_pad_112, dilations=%23, groups=%16, name="20")
  } -> (%20)
}

[20200630 16:33:27 DEBUG /Volumes/data/work/1duo-coremltools/coremltools/converters/mil/mil/passes/reduce_transposes.py:1024] Block after optimize transpose transform:
function(%input: (1, 3, 5, 7, fp32)) {
  block131() {
    %1: (3, 3, 1, 1, fp32)* = const(val=[[[[0.182827889919281]], [[0.07945305109024048]], [[-0.06906628608703613]]], [[[-0.22956350445747375]], [[0.25627171993255615]], [[-0.42711785435676575]]], [[[-0.040382564067840576]], [[0.41211265325546265]], [[0.19880914688110352]]]], name="1")
    %2: (3,fp32)* = const(val=[0.41548287868499756, 0.0999528169631958, 0.3628079891204834], name="2")
    %21: (2,i32)* = const(val=[1, 1], name="21")
    %22: (2,i32)* = const(val=[1, 1], name="22")
    %23: (2,i32)* = const(val=[1, 1], name="23")
    %12: (bool)* = const(val=False, name="12")
    %24: (2,i32)* = const(val=[0, 0], name="24")
    %16: (i32)* = const(val=1, name="16")
    %17: (bool)* = const(val=False, name="17")
    %18: (bool)* = const(val=False, name="18")
    %19: (bool)* = const(val=True, name="19")
    %20_pad_type_112: (str)* = const(val="custom", name="20_pad_type_112")
    %20_pad_112: (4,i32)* = const(val=[1, 1, 1, 1], name="20_pad_112")
    %20: (1, 3, 7, 9, fp32) = conv(x=%input, weight=%1, bias=%2, strides=%21, pad_type=%20_pad_type_112, pad=%20_pad_112, dilations=%23, groups=%16, name="20")
  } -> (%20)
}

[20200630 16:33:27 INFO /Volumes/data/work/1duo-coremltools/coremltools/converters/mil/mil/passes/common_pass.py:34] Performing pass: "common::fuse_bias_conv"
[20200630 16:33:27 INFO /Volumes/data/work/1duo-coremltools/coremltools/converters/mil/mil/passes/common_pass.py:34] Performing pass: "common::fuse_elementwise_to_batchnorm"
[20200630 16:33:27 INFO /Volumes/data/work/1duo-coremltools/coremltools/converters/mil/mil/passes/common_pass.py:34] Performing pass: "common::fuse_onehot_matmul_to_gather"
[20200630 16:33:27 INFO /Volumes/data/work/1duo-coremltools/coremltools/converters/mil/mil/passes/common_pass.py:34] Performing pass: "common::fuse_layernorm_or_instancenorm"
[20200630 16:33:27 INFO /Volumes/data/work/1duo-coremltools/coremltools/converters/mil/mil/passes/common_pass.py:34] Performing pass: "common::dead_code_elimination"
[20200630 16:33:27 INFO /Volumes/data/work/1duo-coremltools/coremltools/converters/mil/mil/passes/dead_code_elimination.py:35] Removing op "19" (type: const)
[20200630 16:33:27 INFO /Volumes/data/work/1duo-coremltools/coremltools/converters/mil/mil/passes/dead_code_elimination.py:35] Removing op "18" (type: const)
[20200630 16:33:27 INFO /Volumes/data/work/1duo-coremltools/coremltools/converters/mil/mil/passes/dead_code_elimination.py:35] Removing op "17" (type: const)
[20200630 16:33:27 INFO /Volumes/data/work/1duo-coremltools/coremltools/converters/mil/mil/passes/dead_code_elimination.py:35] Removing op "24" (type: const)
[20200630 16:33:27 INFO /Volumes/data/work/1duo-coremltools/coremltools/converters/mil/mil/passes/dead_code_elimination.py:35] Removing op "12" (type: const)
[20200630 16:33:27 INFO /Volumes/data/work/1duo-coremltools/coremltools/converters/mil/mil/passes/dead_code_elimination.py:35] Removing op "22" (type: const)
[20200630 16:33:27 DEBUG /Volumes/data/work/1duo-coremltools/coremltools/converters/mil/mil/passes/common_pass.py:38] Program after common passes:
main(%input: (1, 3, 5, 7, fp32)) {
  block131() {
    %1: (3, 3, 1, 1, fp32)* = const(val=[[[[0.182827889919281]], [[0.07945305109024048]], [[-0.06906628608703613]]], [[[-0.22956350445747375]], [[0.25627171993255615]], [[-0.42711785435676575]]], [[[-0.040382564067840576]], [[0.41211265325546265]], [[0.19880914688110352]]]], name="1")
    %2: (3,fp32)* = const(val=[0.41548287868499756, 0.0999528169631958, 0.3628079891204834], name="2")
    %21: (2,i32)* = const(val=[1, 1], name="21")
    %23: (2,i32)* = const(val=[1, 1], name="23")
    %16: (i32)* = const(val=1, name="16")
    %20_pad_type_112: (str)* = const(val="custom", name="20_pad_type_112")
    %20_pad_112: (4,i32)* = const(val=[1, 1, 1, 1], name="20_pad_112")
    %20: (1, 3, 7, 9, fp32) = conv(x=%input, weight=%1, bias=%2, strides=%21, pad_type=%20_pad_type_112, pad=%20_pad_112, dilations=%23, groups=%16, name="20")
  } -> (%20)
}

[20200630 16:33:27 INFO /Volumes/data/work/1duo-coremltools/coremltools/converters/mil/backend/nn/passes/nn_passes.py:22] Performing passes for nn_backend: "nn_backend::commingle_loop_vars"
[20200630 16:33:27 INFO /Volumes/data/work/1duo-coremltools/coremltools/converters/mil/backend/nn/passes/nn_passes.py:22] Performing passes for nn_backend: "nn_backend::handle_return_inputs_as_outputs"
[20200630 16:33:27 INFO /Volumes/data/work/1duo-coremltools/coremltools/converters/mil/backend/nn/passes/nn_passes.py:22] Performing passes for nn_backend: "common::const_elimination"
[20200630 16:33:27 INFO /Volumes/data/work/1duo-coremltools/coremltools/converters/mil/backend/nn/passes/nn_passes.py:22] Performing passes for nn_backend: "common::dead_code_elimination"
[20200630 16:33:27 INFO /Volumes/data/work/1duo-coremltools/coremltools/converters/mil/backend/nn/passes/nn_passes.py:22] Performing passes for nn_backend: "nn_backend::handle_unused_inputs"
[20200630 16:33:27 INFO /Volumes/data/work/1duo-coremltools/coremltools/converters/mil/backend/nn/passes/nn_passes.py:22] Performing passes for nn_backend: "nn_backend::alert_return_type_cast"
[20200630 16:33:27 DEBUG /Volumes/data/work/1duo-coremltools/coremltools/converters/mil/backend/nn/passes/nn_passes.py:26] Program after nn backend passes:
main(%input: (1, 3, 5, 7, fp32)) {
  block131() {
    %1: (3, 3, 1, 1, fp32)* = const(val=[[[[0.182827889919281]], [[0.07945305109024048]], [[-0.06906628608703613]]], [[[-0.22956350445747375]], [[0.25627171993255615]], [[-0.42711785435676575]]], [[[-0.040382564067840576]], [[0.41211265325546265]], [[0.19880914688110352]]]], name="1")
    %2: (3,fp32)* = const(val=[0.41548287868499756, 0.0999528169631958, 0.3628079891204834], name="2")
    %21: (2,i32)* = const(val=[1, 1], name="21")
    %23: (2,i32)* = const(val=[1, 1], name="23")
    %16: (i32)* = const(val=1, name="16")
    %20_pad_type_112: (str)* = const(val="custom", name="20_pad_type_112")
    %20_pad_112: (4,i32)* = const(val=[1, 1, 1, 1], name="20_pad_112")
    %20: (1, 3, 7, 9, fp32) = conv(x=%input, weight=%1, bias=%2, strides=%21, pad_type=%20_pad_type_112, pad=%20_pad_112, dilations=%23, groups=%16, name="20")
  } -> (%20)
}

[20200630 16:33:27 INFO /Volumes/data/work/1duo-coremltools/coremltools/converters/mil/frontend/torch/converter.py:269] Converting graph.
[20200630 16:33:27 INFO /Volumes/data/work/1duo-coremltools/coremltools/converters/mil/mil/builder.py:181] Adding op '1' of type const
[20200630 16:33:27 INFO /Volumes/data/work/1duo-coremltools/coremltools/converters/mil/mil/builder.py:181] Adding op '2' of type const
[20200630 16:33:27 INFO /Volumes/data/work/1duo-coremltools/coremltools/converters/mil/frontend/torch/ops.py:49] Converting op 21 : constant
[20200630 16:33:27 INFO /Volumes/data/work/1duo-coremltools/coremltools/converters/mil/mil/builder.py:181] Adding op '21' of type const
[20200630 16:33:27 INFO /Volumes/data/work/1duo-coremltools/coremltools/converters/mil/frontend/torch/ops.py:49] Converting op 22 : constant
[20200630 16:33:27 INFO /Volumes/data/work/1duo-coremltools/coremltools/converters/mil/mil/builder.py:181] Adding op '22' of type const
[20200630 16:33:27 INFO /Volumes/data/work/1duo-coremltools/coremltools/converters/mil/frontend/torch/ops.py:49] Converting op 23 : constant
[20200630 16:33:27 INFO /Volumes/data/work/1duo-coremltools/coremltools/converters/mil/mil/builder.py:181] Adding op '23' of type const
[20200630 16:33:27 INFO /Volumes/data/work/1duo-coremltools/coremltools/converters/mil/frontend/torch/ops.py:49] Converting op 12 : constant
[20200630 16:33:27 INFO /Volumes/data/work/1duo-coremltools/coremltools/converters/mil/mil/builder.py:181] Adding op '12' of type const
[20200630 16:33:27 INFO /Volumes/data/work/1duo-coremltools/coremltools/converters/mil/frontend/torch/ops.py:49] Converting op 24 : constant
[20200630 16:33:27 INFO /Volumes/data/work/1duo-coremltools/coremltools/converters/mil/mil/builder.py:181] Adding op '24' of type const
[20200630 16:33:27 INFO /Volumes/data/work/1duo-coremltools/coremltools/converters/mil/frontend/torch/ops.py:49] Converting op 16 : constant
[20200630 16:33:27 INFO /Volumes/data/work/1duo-coremltools/coremltools/converters/mil/mil/builder.py:181] Adding op '16' of type const
[20200630 16:33:27 INFO /Volumes/data/work/1duo-coremltools/coremltools/converters/mil/frontend/torch/ops.py:49] Converting op 17 : constant
[20200630 16:33:27 INFO /Volumes/data/work/1duo-coremltools/coremltools/converters/mil/mil/builder.py:181] Adding op '17' of type const
[20200630 16:33:27 INFO /Volumes/data/work/1duo-coremltools/coremltools/converters/mil/frontend/torch/ops.py:49] Converting op 18 : constant
[20200630 16:33:27 INFO /Volumes/data/work/1duo-coremltools/coremltools/converters/mil/mil/builder.py:181] Adding op '18' of type const
[20200630 16:33:27 INFO /Volumes/data/work/1duo-coremltools/coremltools/converters/mil/frontend/torch/ops.py:49] Converting op 19 : constant
[20200630 16:33:27 INFO /Volumes/data/work/1duo-coremltools/coremltools/converters/mil/mil/builder.py:181] Adding op '19' of type const
[20200630 16:33:27 INFO /Volumes/data/work/1duo-coremltools/coremltools/converters/mil/frontend/torch/ops.py:49] Converting op 20 : _convolution
[20200630 16:33:27 INFO /Volumes/data/work/1duo-coremltools/coremltools/converters/mil/mil/builder.py:181] Adding op '20' of type conv
[20200630 16:33:27 DEBUG /Volumes/data/work/1duo-coremltools/coremltools/converters/mil/mil/builder.py:93] Adding const op '20_pad_type_113'
[20200630 16:33:27 INFO /Volumes/data/work/1duo-coremltools/coremltools/converters/mil/mil/builder.py:181] Adding op '20_pad_type_113' of type const
[20200630 16:33:27 DEBUG /Volumes/data/work/1duo-coremltools/coremltools/converters/mil/mil/builder.py:93] Adding const op '20_pad_113'
[20200630 16:33:27 INFO /Volumes/data/work/1duo-coremltools/coremltools/converters/mil/mil/builder.py:181] Adding op '20_pad_113' of type const
[20200630 16:33:27 DEBUG /Volumes/data/work/1duo-coremltools/coremltools/converters/mil/mil/passes/common_pass.py:30] Program before common passes:
main(%input: (1, 3, 5, 7, fp32)) {
  block132() {
    %1: (3, 3, 1, 1, fp32)* = const(val=[[[[0.25405412912368774]], [[-0.355685293674469]], [[-0.3999859392642975]]], [[[0.27682459354400635]], [[-0.08576628565788269]], [[-0.026542603969573975]]], [[[0.003710150718688965]], [[-0.34953194856643677]], [[-0.48813503980636597]]]], name="1")
    %2: (3,fp32)* = const(val=[0.2922658920288086, -0.5546227097511292, 0.11876797676086426], name="2")
    %21: (2,i32)* = const(val=[1, 1], name="21")
    %22: (2,i32)* = const(val=[1, 1], name="22")
    %23: (2,i32)* = const(val=[3, 3], name="23")
    %12: (bool)* = const(val=False, name="12")
    %24: (2,i32)* = const(val=[0, 0], name="24")
    %16: (i32)* = const(val=1, name="16")
    %17: (bool)* = const(val=False, name="17")
    %18: (bool)* = const(val=False, name="18")
    %19: (bool)* = const(val=True, name="19")
    %20_pad_type_113: (str)* = const(val="custom", name="20_pad_type_113")
    %20_pad_113: (4,i32)* = const(val=[1, 1, 1, 1], name="20_pad_113")
    %20: (1, 3, 7, 9, fp32) = conv(x=%input, weight=%1, bias=%2, strides=%21, pad_type=%20_pad_type_113, pad=%20_pad_113, dilations=%23, groups=%16, name="20")
  } -> (%20)
}

[20200630 16:33:27 INFO /Volumes/data/work/1duo-coremltools/coremltools/converters/mil/mil/passes/common_pass.py:34] Performing pass: "common::const_elimination"
[20200630 16:33:27 INFO /Volumes/data/work/1duo-coremltools/coremltools/converters/mil/mil/passes/common_pass.py:34] Performing pass: "common::divide_to_multiply"
[20200630 16:33:27 INFO /Volumes/data/work/1duo-coremltools/coremltools/converters/mil/mil/passes/common_pass.py:34] Performing pass: "common::fuse_matmul_weight_bias"
[20200630 16:33:27 INFO /Volumes/data/work/1duo-coremltools/coremltools/converters/mil/mil/passes/common_pass.py:34] Performing pass: "common::const_elimination"
[20200630 16:33:27 INFO /Volumes/data/work/1duo-coremltools/coremltools/converters/mil/mil/passes/common_pass.py:34] Performing pass: "common::loop_invariant_elimination"
[20200630 16:33:27 INFO /Volumes/data/work/1duo-coremltools/coremltools/converters/mil/mil/passes/common_pass.py:34] Performing pass: "common::remove_symbolic_reshape"
[20200630 16:33:27 INFO /Volumes/data/work/1duo-coremltools/coremltools/converters/mil/mil/passes/remove_symbolic_reshape.py:104] remove_symbolic_reshape: changed 0 reshapes.
[20200630 16:33:27 INFO /Volumes/data/work/1duo-coremltools/coremltools/converters/mil/mil/passes/common_pass.py:34] Performing pass: "common::fuse_gelu_tanh_approximation"
[20200630 16:33:27 INFO /Volumes/data/work/1duo-coremltools/coremltools/converters/mil/mil/passes/common_pass.py:34] Performing pass: "common::reduce_transposes"
[20200630 16:33:27 DEBUG /Volumes/data/work/1duo-coremltools/coremltools/converters/mil/mil/passes/reduce_transposes.py:989] Block before optimize transpose transform:
function(%input: (1, 3, 5, 7, fp32)) {
  block132() {
    %1: (3, 3, 1, 1, fp32)* = const(val=[[[[0.25405412912368774]], [[-0.355685293674469]], [[-0.3999859392642975]]], [[[0.27682459354400635]], [[-0.08576628565788269]], [[-0.026542603969573975]]], [[[0.003710150718688965]], [[-0.34953194856643677]], [[-0.48813503980636597]]]], name="1")
    %2: (3,fp32)* = const(val=[0.2922658920288086, -0.5546227097511292, 0.11876797676086426], name="2")
    %21: (2,i32)* = const(val=[1, 1], name="21")
    %22: (2,i32)* = const(val=[1, 1], name="22")
    %23: (2,i32)* = const(val=[3, 3], name="23")
    %12: (bool)* = const(val=False, name="12")
    %24: (2,i32)* = const(val=[0, 0], name="24")
    %16: (i32)* = const(val=1, name="16")
    %17: (bool)* = const(val=False, name="17")
    %18: (bool)* = const(val=False, name="18")
    %19: (bool)* = const(val=True, name="19")
    %20_pad_type_113: (str)* = const(val="custom", name="20_pad_type_113")
    %20_pad_113: (4,i32)* = const(val=[1, 1, 1, 1], name="20_pad_113")
    %20: (1, 3, 7, 9, fp32) = conv(x=%input, weight=%1, bias=%2, strides=%21, pad_type=%20_pad_type_113, pad=%20_pad_113, dilations=%23, groups=%16, name="20")
  } -> (%20)
}

[20200630 16:33:27 DEBUG /Volumes/data/work/1duo-coremltools/coremltools/converters/mil/mil/passes/reduce_transposes.py:1024] Block after optimize transpose transform:
function(%input: (1, 3, 5, 7, fp32)) {
  block132() {
    %1: (3, 3, 1, 1, fp32)* = const(val=[[[[0.25405412912368774]], [[-0.355685293674469]], [[-0.3999859392642975]]], [[[0.27682459354400635]], [[-0.08576628565788269]], [[-0.026542603969573975]]], [[[0.003710150718688965]], [[-0.34953194856643677]], [[-0.48813503980636597]]]], name="1")
    %2: (3,fp32)* = const(val=[0.2922658920288086, -0.5546227097511292, 0.11876797676086426], name="2")
    %21: (2,i32)* = const(val=[1, 1], name="21")
    %22: (2,i32)* = const(val=[1, 1], name="22")
    %23: (2,i32)* = const(val=[3, 3], name="23")
    %12: (bool)* = const(val=False, name="12")
    %24: (2,i32)* = const(val=[0, 0], name="24")
    %16: (i32)* = const(val=1, name="16")
    %17: (bool)* = const(val=False, name="17")
    %18: (bool)* = const(val=False, name="18")
    %19: (bool)* = const(val=True, name="19")
    %20_pad_type_113: (str)* = const(val="custom", name="20_pad_type_113")
    %20_pad_113: (4,i32)* = const(val=[1, 1, 1, 1], name="20_pad_113")
    %20: (1, 3, 7, 9, fp32) = conv(x=%input, weight=%1, bias=%2, strides=%21, pad_type=%20_pad_type_113, pad=%20_pad_113, dilations=%23, groups=%16, name="20")
  } -> (%20)
}

[20200630 16:33:27 INFO /Volumes/data/work/1duo-coremltools/coremltools/converters/mil/mil/passes/common_pass.py:34] Performing pass: "common::fuse_bias_conv"
[20200630 16:33:27 INFO /Volumes/data/work/1duo-coremltools/coremltools/converters/mil/mil/passes/common_pass.py:34] Performing pass: "common::fuse_elementwise_to_batchnorm"
[20200630 16:33:27 INFO /Volumes/data/work/1duo-coremltools/coremltools/converters/mil/mil/passes/common_pass.py:34] Performing pass: "common::fuse_onehot_matmul_to_gather"
[20200630 16:33:27 INFO /Volumes/data/work/1duo-coremltools/coremltools/converters/mil/mil/passes/common_pass.py:34] Performing pass: "common::fuse_layernorm_or_instancenorm"
[20200630 16:33:27 INFO /Volumes/data/work/1duo-coremltools/coremltools/converters/mil/mil/passes/common_pass.py:34] Performing pass: "common::dead_code_elimination"
[20200630 16:33:27 INFO /Volumes/data/work/1duo-coremltools/coremltools/converters/mil/mil/passes/dead_code_elimination.py:35] Removing op "19" (type: const)
[20200630 16:33:27 INFO /Volumes/data/work/1duo-coremltools/coremltools/converters/mil/mil/passes/dead_code_elimination.py:35] Removing op "18" (type: const)
[20200630 16:33:27 INFO /Volumes/data/work/1duo-coremltools/coremltools/converters/mil/mil/passes/dead_code_elimination.py:35] Removing op "17" (type: const)
[20200630 16:33:27 INFO /Volumes/data/work/1duo-coremltools/coremltools/converters/mil/mil/passes/dead_code_elimination.py:35] Removing op "24" (type: const)
[20200630 16:33:27 INFO /Volumes/data/work/1duo-coremltools/coremltools/converters/mil/mil/passes/dead_code_elimination.py:35] Removing op "12" (type: const)
[20200630 16:33:27 INFO /Volumes/data/work/1duo-coremltools/coremltools/converters/mil/mil/passes/dead_code_elimination.py:35] Removing op "22" (type: const)
[20200630 16:33:27 DEBUG /Volumes/data/work/1duo-coremltools/coremltools/converters/mil/mil/passes/common_pass.py:38] Program after common passes:
main(%input: (1, 3, 5, 7, fp32)) {
  block132() {
    %1: (3, 3, 1, 1, fp32)* = const(val=[[[[0.25405412912368774]], [[-0.355685293674469]], [[-0.3999859392642975]]], [[[0.27682459354400635]], [[-0.08576628565788269]], [[-0.026542603969573975]]], [[[0.003710150718688965]], [[-0.34953194856643677]], [[-0.48813503980636597]]]], name="1")
    %2: (3,fp32)* = const(val=[0.2922658920288086, -0.5546227097511292, 0.11876797676086426], name="2")
    %21: (2,i32)* = const(val=[1, 1], name="21")
    %23: (2,i32)* = const(val=[3, 3], name="23")
    %16: (i32)* = const(val=1, name="16")
    %20_pad_type_113: (str)* = const(val="custom", name="20_pad_type_113")
    %20_pad_113: (4,i32)* = const(val=[1, 1, 1, 1], name="20_pad_113")
    %20: (1, 3, 7, 9, fp32) = conv(x=%input, weight=%1, bias=%2, strides=%21, pad_type=%20_pad_type_113, pad=%20_pad_113, dilations=%23, groups=%16, name="20")
  } -> (%20)
}

[20200630 16:33:27 INFO /Volumes/data/work/1duo-coremltools/coremltools/converters/mil/backend/nn/passes/nn_passes.py:22] Performing passes for nn_backend: "nn_backend::commingle_loop_vars"
[20200630 16:33:27 INFO /Volumes/data/work/1duo-coremltools/coremltools/converters/mil/backend/nn/passes/nn_passes.py:22] Performing passes for nn_backend: "nn_backend::handle_return_inputs_as_outputs"
[20200630 16:33:27 INFO /Volumes/data/work/1duo-coremltools/coremltools/converters/mil/backend/nn/passes/nn_passes.py:22] Performing passes for nn_backend: "common::const_elimination"
[20200630 16:33:27 INFO /Volumes/data/work/1duo-coremltools/coremltools/converters/mil/backend/nn/passes/nn_passes.py:22] Performing passes for nn_backend: "common::dead_code_elimination"
[20200630 16:33:27 INFO /Volumes/data/work/1duo-coremltools/coremltools/converters/mil/backend/nn/passes/nn_passes.py:22] Performing passes for nn_backend: "nn_backend::handle_unused_inputs"
[20200630 16:33:27 INFO /Volumes/data/work/1duo-coremltools/coremltools/converters/mil/backend/nn/passes/nn_passes.py:22] Performing passes for nn_backend: "nn_backend::alert_return_type_cast"
[20200630 16:33:27 DEBUG /Volumes/data/work/1duo-coremltools/coremltools/converters/mil/backend/nn/passes/nn_passes.py:26] Program after nn backend passes:
main(%input: (1, 3, 5, 7, fp32)) {
  block132() {
    %1: (3, 3, 1, 1, fp32)* = const(val=[[[[0.25405412912368774]], [[-0.355685293674469]], [[-0.3999859392642975]]], [[[0.27682459354400635]], [[-0.08576628565788269]], [[-0.026542603969573975]]], [[[0.003710150718688965]], [[-0.34953194856643677]], [[-0.48813503980636597]]]], name="1")
    %2: (3,fp32)* = const(val=[0.2922658920288086, -0.5546227097511292, 0.11876797676086426], name="2")
    %21: (2,i32)* = const(val=[1, 1], name="21")
    %23: (2,i32)* = const(val=[3, 3], name="23")
    %16: (i32)* = const(val=1, name="16")
    %20_pad_type_113: (str)* = const(val="custom", name="20_pad_type_113")
    %20_pad_113: (4,i32)* = const(val=[1, 1, 1, 1], name="20_pad_113")
    %20: (1, 3, 7, 9, fp32) = conv(x=%input, weight=%1, bias=%2, strides=%21, pad_type=%20_pad_type_113, pad=%20_pad_113, dilations=%23, groups=%16, name="20")
  } -> (%20)
}

[20200630 16:33:28 INFO /Volumes/data/work/1duo-coremltools/coremltools/converters/mil/frontend/torch/converter.py:269] Converting graph.
[20200630 16:33:28 INFO /Volumes/data/work/1duo-coremltools/coremltools/converters/mil/mil/builder.py:181] Adding op '1' of type const
[20200630 16:33:28 INFO /Volumes/data/work/1duo-coremltools/coremltools/converters/mil/mil/builder.py:181] Adding op '2' of type const
[20200630 16:33:28 INFO /Volumes/data/work/1duo-coremltools/coremltools/converters/mil/frontend/torch/ops.py:49] Converting op 21 : constant
[20200630 16:33:28 INFO /Volumes/data/work/1duo-coremltools/coremltools/converters/mil/mil/builder.py:181] Adding op '21' of type const
[20200630 16:33:28 INFO /Volumes/data/work/1duo-coremltools/coremltools/converters/mil/frontend/torch/ops.py:49] Converting op 22 : constant
[20200630 16:33:28 INFO /Volumes/data/work/1duo-coremltools/coremltools/converters/mil/mil/builder.py:181] Adding op '22' of type const
[20200630 16:33:28 INFO /Volumes/data/work/1duo-coremltools/coremltools/converters/mil/frontend/torch/ops.py:49] Converting op 23 : constant
[20200630 16:33:28 INFO /Volumes/data/work/1duo-coremltools/coremltools/converters/mil/mil/builder.py:181] Adding op '23' of type const
[20200630 16:33:28 INFO /Volumes/data/work/1duo-coremltools/coremltools/converters/mil/frontend/torch/ops.py:49] Converting op 12 : constant
[20200630 16:33:28 INFO /Volumes/data/work/1duo-coremltools/coremltools/converters/mil/mil/builder.py:181] Adding op '12' of type const
[20200630 16:33:28 INFO /Volumes/data/work/1duo-coremltools/coremltools/converters/mil/frontend/torch/ops.py:49] Converting op 24 : constant
[20200630 16:33:28 INFO /Volumes/data/work/1duo-coremltools/coremltools/converters/mil/mil/builder.py:181] Adding op '24' of type const
[20200630 16:33:28 INFO /Volumes/data/work/1duo-coremltools/coremltools/converters/mil/frontend/torch/ops.py:49] Converting op 16 : constant
[20200630 16:33:28 INFO /Volumes/data/work/1duo-coremltools/coremltools/converters/mil/mil/builder.py:181] Adding op '16' of type const
[20200630 16:33:28 INFO /Volumes/data/work/1duo-coremltools/coremltools/converters/mil/frontend/torch/ops.py:49] Converting op 17 : constant
[20200630 16:33:28 INFO /Volumes/data/work/1duo-coremltools/coremltools/converters/mil/mil/builder.py:181] Adding op '17' of type const
[20200630 16:33:28 INFO /Volumes/data/work/1duo-coremltools/coremltools/converters/mil/frontend/torch/ops.py:49] Converting op 18 : constant
[20200630 16:33:28 INFO /Volumes/data/work/1duo-coremltools/coremltools/converters/mil/mil/builder.py:181] Adding op '18' of type const
[20200630 16:33:28 INFO /Volumes/data/work/1duo-coremltools/coremltools/converters/mil/frontend/torch/ops.py:49] Converting op 19 : constant
[20200630 16:33:28 INFO /Volumes/data/work/1duo-coremltools/coremltools/converters/mil/mil/builder.py:181] Adding op '19' of type const
[20200630 16:33:28 INFO /Volumes/data/work/1duo-coremltools/coremltools/converters/mil/frontend/torch/ops.py:49] Converting op 20 : _convolution
[20200630 16:33:28 INFO /Volumes/data/work/1duo-coremltools/coremltools/converters/mil/mil/builder.py:181] Adding op '20' of type conv
[20200630 16:33:28 DEBUG /Volumes/data/work/1duo-coremltools/coremltools/converters/mil/mil/builder.py:93] Adding const op '20_pad_type_114'
[20200630 16:33:28 INFO /Volumes/data/work/1duo-coremltools/coremltools/converters/mil/mil/builder.py:181] Adding op '20_pad_type_114' of type const
[20200630 16:33:28 DEBUG /Volumes/data/work/1duo-coremltools/coremltools/converters/mil/mil/builder.py:93] Adding const op '20_pad_114'
[20200630 16:33:28 INFO /Volumes/data/work/1duo-coremltools/coremltools/converters/mil/mil/builder.py:181] Adding op '20_pad_114' of type const
[20200630 16:33:28 DEBUG /Volumes/data/work/1duo-coremltools/coremltools/converters/mil/mil/passes/common_pass.py:30] Program before common passes:
main(%input: (1, 3, 5, 7, fp32)) {
  block133() {
    %1: (3, 3, 1, 1, fp32)* = const(val=[[[[-0.3890470266342163]], [[-0.11214092373847961]], [[-0.35882264375686646]]], [[[-0.37483519315719604]], [[-0.0741303563117981]], [[-0.45308035612106323]]], [[[-0.5517725944519043]], [[-0.24371203780174255]], [[-0.38010162115097046]]]], name="1")
    %2: (3,fp32)* = const(val=[-0.408747136592865, 0.3978085517883301, -0.18478542566299438], name="2")
    %21: (2,i32)* = const(val=[1, 1], name="21")
    %22: (2,i32)* = const(val=[3, 3], name="22")
    %23: (2,i32)* = const(val=[1, 1], name="23")
    %12: (bool)* = const(val=False, name="12")
    %24: (2,i32)* = const(val=[0, 0], name="24")
    %16: (i32)* = const(val=1, name="16")
    %17: (bool)* = const(val=False, name="17")
    %18: (bool)* = const(val=False, name="18")
    %19: (bool)* = const(val=True, name="19")
    %20_pad_type_114: (str)* = const(val="custom", name="20_pad_type_114")
    %20_pad_114: (4,i32)* = const(val=[3, 3, 3, 3], name="20_pad_114")
    %20: (1, 3, 11, 13, fp32) = conv(x=%input, weight=%1, bias=%2, strides=%21, pad_type=%20_pad_type_114, pad=%20_pad_114, dilations=%23, groups=%16, name="20")
  } -> (%20)
}

[20200630 16:33:28 INFO /Volumes/data/work/1duo-coremltools/coremltools/converters/mil/mil/passes/common_pass.py:34] Performing pass: "common::const_elimination"
[20200630 16:33:28 INFO /Volumes/data/work/1duo-coremltools/coremltools/converters/mil/mil/passes/common_pass.py:34] Performing pass: "common::divide_to_multiply"
[20200630 16:33:28 INFO /Volumes/data/work/1duo-coremltools/coremltools/converters/mil/mil/passes/common_pass.py:34] Performing pass: "common::fuse_matmul_weight_bias"
[20200630 16:33:28 INFO /Volumes/data/work/1duo-coremltools/coremltools/converters/mil/mil/passes/common_pass.py:34] Performing pass: "common::const_elimination"
[20200630 16:33:28 INFO /Volumes/data/work/1duo-coremltools/coremltools/converters/mil/mil/passes/common_pass.py:34] Performing pass: "common::loop_invariant_elimination"
[20200630 16:33:28 INFO /Volumes/data/work/1duo-coremltools/coremltools/converters/mil/mil/passes/common_pass.py:34] Performing pass: "common::remove_symbolic_reshape"
[20200630 16:33:28 INFO /Volumes/data/work/1duo-coremltools/coremltools/converters/mil/mil/passes/remove_symbolic_reshape.py:104] remove_symbolic_reshape: changed 0 reshapes.
[20200630 16:33:28 INFO /Volumes/data/work/1duo-coremltools/coremltools/converters/mil/mil/passes/common_pass.py:34] Performing pass: "common::fuse_gelu_tanh_approximation"
[20200630 16:33:28 INFO /Volumes/data/work/1duo-coremltools/coremltools/converters/mil/mil/passes/common_pass.py:34] Performing pass: "common::reduce_transposes"
[20200630 16:33:28 DEBUG /Volumes/data/work/1duo-coremltools/coremltools/converters/mil/mil/passes/reduce_transposes.py:989] Block before optimize transpose transform:
function(%input: (1, 3, 5, 7, fp32)) {
  block133() {
    %1: (3, 3, 1, 1, fp32)* = const(val=[[[[-0.3890470266342163]], [[-0.11214092373847961]], [[-0.35882264375686646]]], [[[-0.37483519315719604]], [[-0.0741303563117981]], [[-0.45308035612106323]]], [[[-0.5517725944519043]], [[-0.24371203780174255]], [[-0.38010162115097046]]]], name="1")
    %2: (3,fp32)* = const(val=[-0.408747136592865, 0.3978085517883301, -0.18478542566299438], name="2")
    %21: (2,i32)* = const(val=[1, 1], name="21")
    %22: (2,i32)* = const(val=[3, 3], name="22")
    %23: (2,i32)* = const(val=[1, 1], name="23")
    %12: (bool)* = const(val=False, name="12")
    %24: (2,i32)* = const(val=[0, 0], name="24")
    %16: (i32)* = const(val=1, name="16")
    %17: (bool)* = const(val=False, name="17")
    %18: (bool)* = const(val=False, name="18")
    %19: (bool)* = const(val=True, name="19")
    %20_pad_type_114: (str)* = const(val="custom", name="20_pad_type_114")
    %20_pad_114: (4,i32)* = const(val=[3, 3, 3, 3], name="20_pad_114")
    %20: (1, 3, 11, 13, fp32) = conv(x=%input, weight=%1, bias=%2, strides=%21, pad_type=%20_pad_type_114, pad=%20_pad_114, dilations=%23, groups=%16, name="20")
  } -> (%20)
}

[20200630 16:33:28 DEBUG /Volumes/data/work/1duo-coremltools/coremltools/converters/mil/mil/passes/reduce_transposes.py:1024] Block after optimize transpose transform:
function(%input: (1, 3, 5, 7, fp32)) {
  block133() {
    %1: (3, 3, 1, 1, fp32)* = const(val=[[[[-0.3890470266342163]], [[-0.11214092373847961]], [[-0.35882264375686646]]], [[[-0.37483519315719604]], [[-0.0741303563117981]], [[-0.45308035612106323]]], [[[-0.5517725944519043]], [[-0.24371203780174255]], [[-0.38010162115097046]]]], name="1")
    %2: (3,fp32)* = const(val=[-0.408747136592865, 0.3978085517883301, -0.18478542566299438], name="2")
    %21: (2,i32)* = const(val=[1, 1], name="21")
    %22: (2,i32)* = const(val=[3, 3], name="22")
    %23: (2,i32)* = const(val=[1, 1], name="23")
    %12: (bool)* = const(val=False, name="12")
    %24: (2,i32)* = const(val=[0, 0], name="24")
    %16: (i32)* = const(val=1, name="16")
    %17: (bool)* = const(val=False, name="17")
    %18: (bool)* = const(val=False, name="18")
    %19: (bool)* = const(val=True, name="19")
    %20_pad_type_114: (str)* = const(val="custom", name="20_pad_type_114")
    %20_pad_114: (4,i32)* = const(val=[3, 3, 3, 3], name="20_pad_114")
    %20: (1, 3, 11, 13, fp32) = conv(x=%input, weight=%1, bias=%2, strides=%21, pad_type=%20_pad_type_114, pad=%20_pad_114, dilations=%23, groups=%16, name="20")
  } -> (%20)
}

[20200630 16:33:28 INFO /Volumes/data/work/1duo-coremltools/coremltools/converters/mil/mil/passes/common_pass.py:34] Performing pass: "common::fuse_bias_conv"
[20200630 16:33:28 INFO /Volumes/data/work/1duo-coremltools/coremltools/converters/mil/mil/passes/common_pass.py:34] Performing pass: "common::fuse_elementwise_to_batchnorm"
[20200630 16:33:28 INFO /Volumes/data/work/1duo-coremltools/coremltools/converters/mil/mil/passes/common_pass.py:34] Performing pass: "common::fuse_onehot_matmul_to_gather"
[20200630 16:33:28 INFO /Volumes/data/work/1duo-coremltools/coremltools/converters/mil/mil/passes/common_pass.py:34] Performing pass: "common::fuse_layernorm_or_instancenorm"
[20200630 16:33:28 INFO /Volumes/data/work/1duo-coremltools/coremltools/converters/mil/mil/passes/common_pass.py:34] Performing pass: "common::dead_code_elimination"
[20200630 16:33:28 INFO /Volumes/data/work/1duo-coremltools/coremltools/converters/mil/mil/passes/dead_code_elimination.py:35] Removing op "19" (type: const)
[20200630 16:33:28 INFO /Volumes/data/work/1duo-coremltools/coremltools/converters/mil/mil/passes/dead_code_elimination.py:35] Removing op "18" (type: const)
[20200630 16:33:28 INFO /Volumes/data/work/1duo-coremltools/coremltools/converters/mil/mil/passes/dead_code_elimination.py:35] Removing op "17" (type: const)
[20200630 16:33:28 INFO /Volumes/data/work/1duo-coremltools/coremltools/converters/mil/mil/passes/dead_code_elimination.py:35] Removing op "24" (type: const)
[20200630 16:33:28 INFO /Volumes/data/work/1duo-coremltools/coremltools/converters/mil/mil/passes/dead_code_elimination.py:35] Removing op "12" (type: const)
[20200630 16:33:28 INFO /Volumes/data/work/1duo-coremltools/coremltools/converters/mil/mil/passes/dead_code_elimination.py:35] Removing op "22" (type: const)
[20200630 16:33:28 DEBUG /Volumes/data/work/1duo-coremltools/coremltools/converters/mil/mil/passes/common_pass.py:38] Program after common passes:
main(%input: (1, 3, 5, 7, fp32)) {
  block133() {
    %1: (3, 3, 1, 1, fp32)* = const(val=[[[[-0.3890470266342163]], [[-0.11214092373847961]], [[-0.35882264375686646]]], [[[-0.37483519315719604]], [[-0.0741303563117981]], [[-0.45308035612106323]]], [[[-0.5517725944519043]], [[-0.24371203780174255]], [[-0.38010162115097046]]]], name="1")
    %2: (3,fp32)* = const(val=[-0.408747136592865, 0.3978085517883301, -0.18478542566299438], name="2")
    %21: (2,i32)* = const(val=[1, 1], name="21")
    %23: (2,i32)* = const(val=[1, 1], name="23")
    %16: (i32)* = const(val=1, name="16")
    %20_pad_type_114: (str)* = const(val="custom", name="20_pad_type_114")
    %20_pad_114: (4,i32)* = const(val=[3, 3, 3, 3], name="20_pad_114")
    %20: (1, 3, 11, 13, fp32) = conv(x=%input, weight=%1, bias=%2, strides=%21, pad_type=%20_pad_type_114, pad=%20_pad_114, dilations=%23, groups=%16, name="20")
  } -> (%20)
}

[20200630 16:33:28 INFO /Volumes/data/work/1duo-coremltools/coremltools/converters/mil/backend/nn/passes/nn_passes.py:22] Performing passes for nn_backend: "nn_backend::commingle_loop_vars"
[20200630 16:33:28 INFO /Volumes/data/work/1duo-coremltools/coremltools/converters/mil/backend/nn/passes/nn_passes.py:22] Performing passes for nn_backend: "nn_backend::handle_return_inputs_as_outputs"
[20200630 16:33:28 INFO /Volumes/data/work/1duo-coremltools/coremltools/converters/mil/backend/nn/passes/nn_passes.py:22] Performing passes for nn_backend: "common::const_elimination"
[20200630 16:33:28 INFO /Volumes/data/work/1duo-coremltools/coremltools/converters/mil/backend/nn/passes/nn_passes.py:22] Performing passes for nn_backend: "common::dead_code_elimination"
[20200630 16:33:28 INFO /Volumes/data/work/1duo-coremltools/coremltools/converters/mil/backend/nn/passes/nn_passes.py:22] Performing passes for nn_backend: "nn_backend::handle_unused_inputs"
[20200630 16:33:28 INFO /Volumes/data/work/1duo-coremltools/coremltools/converters/mil/backend/nn/passes/nn_passes.py:22] Performing passes for nn_backend: "nn_backend::alert_return_type_cast"
[20200630 16:33:28 DEBUG /Volumes/data/work/1duo-coremltools/coremltools/converters/mil/backend/nn/passes/nn_passes.py:26] Program after nn backend passes:
main(%input: (1, 3, 5, 7, fp32)) {
  block133() {
    %1: (3, 3, 1, 1, fp32)* = const(val=[[[[-0.3890470266342163]], [[-0.11214092373847961]], [[-0.35882264375686646]]], [[[-0.37483519315719604]], [[-0.0741303563117981]], [[-0.45308035612106323]]], [[[-0.5517725944519043]], [[-0.24371203780174255]], [[-0.38010162115097046]]]], name="1")
    %2: (3,fp32)* = const(val=[-0.408747136592865, 0.3978085517883301, -0.18478542566299438], name="2")
    %21: (2,i32)* = const(val=[1, 1], name="21")
    %23: (2,i32)* = const(val=[1, 1], name="23")
    %16: (i32)* = const(val=1, name="16")
    %20_pad_type_114: (str)* = const(val="custom", name="20_pad_type_114")
    %20_pad_114: (4,i32)* = const(val=[3, 3, 3, 3], name="20_pad_114")
    %20: (1, 3, 11, 13, fp32) = conv(x=%input, weight=%1, bias=%2, strides=%21, pad_type=%20_pad_type_114, pad=%20_pad_114, dilations=%23, groups=%16, name="20")
  } -> (%20)
}

[20200630 16:33:28 INFO /Volumes/data/work/1duo-coremltools/coremltools/converters/mil/frontend/torch/converter.py:269] Converting graph.
[20200630 16:33:28 INFO /Volumes/data/work/1duo-coremltools/coremltools/converters/mil/mil/builder.py:181] Adding op '1' of type const
[20200630 16:33:28 INFO /Volumes/data/work/1duo-coremltools/coremltools/converters/mil/mil/builder.py:181] Adding op '2' of type const
[20200630 16:33:28 INFO /Volumes/data/work/1duo-coremltools/coremltools/converters/mil/frontend/torch/ops.py:49] Converting op 21 : constant
[20200630 16:33:28 INFO /Volumes/data/work/1duo-coremltools/coremltools/converters/mil/mil/builder.py:181] Adding op '21' of type const
[20200630 16:33:28 INFO /Volumes/data/work/1duo-coremltools/coremltools/converters/mil/frontend/torch/ops.py:49] Converting op 22 : constant
[20200630 16:33:28 INFO /Volumes/data/work/1duo-coremltools/coremltools/converters/mil/mil/builder.py:181] Adding op '22' of type const
[20200630 16:33:28 INFO /Volumes/data/work/1duo-coremltools/coremltools/converters/mil/frontend/torch/ops.py:49] Converting op 23 : constant
[20200630 16:33:28 INFO /Volumes/data/work/1duo-coremltools/coremltools/converters/mil/mil/builder.py:181] Adding op '23' of type const
[20200630 16:33:28 INFO /Volumes/data/work/1duo-coremltools/coremltools/converters/mil/frontend/torch/ops.py:49] Converting op 12 : constant
[20200630 16:33:28 INFO /Volumes/data/work/1duo-coremltools/coremltools/converters/mil/mil/builder.py:181] Adding op '12' of type const
[20200630 16:33:28 INFO /Volumes/data/work/1duo-coremltools/coremltools/converters/mil/frontend/torch/ops.py:49] Converting op 24 : constant
[20200630 16:33:28 INFO /Volumes/data/work/1duo-coremltools/coremltools/converters/mil/mil/builder.py:181] Adding op '24' of type const
[20200630 16:33:28 INFO /Volumes/data/work/1duo-coremltools/coremltools/converters/mil/frontend/torch/ops.py:49] Converting op 16 : constant
[20200630 16:33:28 INFO /Volumes/data/work/1duo-coremltools/coremltools/converters/mil/mil/builder.py:181] Adding op '16' of type const
[20200630 16:33:28 INFO /Volumes/data/work/1duo-coremltools/coremltools/converters/mil/frontend/torch/ops.py:49] Converting op 17 : constant
[20200630 16:33:28 INFO /Volumes/data/work/1duo-coremltools/coremltools/converters/mil/mil/builder.py:181] Adding op '17' of type const
[20200630 16:33:28 INFO /Volumes/data/work/1duo-coremltools/coremltools/converters/mil/frontend/torch/ops.py:49] Converting op 18 : constant
[20200630 16:33:28 INFO /Volumes/data/work/1duo-coremltools/coremltools/converters/mil/mil/builder.py:181] Adding op '18' of type const
[20200630 16:33:28 INFO /Volumes/data/work/1duo-coremltools/coremltools/converters/mil/frontend/torch/ops.py:49] Converting op 19 : constant
[20200630 16:33:28 INFO /Volumes/data/work/1duo-coremltools/coremltools/converters/mil/mil/builder.py:181] Adding op '19' of type const
[20200630 16:33:28 INFO /Volumes/data/work/1duo-coremltools/coremltools/converters/mil/frontend/torch/ops.py:49] Converting op 20 : _convolution
[20200630 16:33:28 INFO /Volumes/data/work/1duo-coremltools/coremltools/converters/mil/mil/builder.py:181] Adding op '20' of type conv
[20200630 16:33:28 DEBUG /Volumes/data/work/1duo-coremltools/coremltools/converters/mil/mil/builder.py:93] Adding const op '20_pad_type_115'
[20200630 16:33:28 INFO /Volumes/data/work/1duo-coremltools/coremltools/converters/mil/mil/builder.py:181] Adding op '20_pad_type_115' of type const
[20200630 16:33:28 DEBUG /Volumes/data/work/1duo-coremltools/coremltools/converters/mil/mil/builder.py:93] Adding const op '20_pad_115'
[20200630 16:33:28 INFO /Volumes/data/work/1duo-coremltools/coremltools/converters/mil/mil/builder.py:181] Adding op '20_pad_115' of type const
[20200630 16:33:28 DEBUG /Volumes/data/work/1duo-coremltools/coremltools/converters/mil/mil/passes/common_pass.py:30] Program before common passes:
main(%input: (1, 3, 5, 7, fp32)) {
  block134() {
    %1: (3, 3, 1, 1, fp32)* = const(val=[[[[0.22630465030670166]], [[-0.43914794921875]], [[0.22280412912368774]]], [[[-0.42717209458351135]], [[-0.47700533270835876]], [[0.36670613288879395]]], [[[-0.5451221466064453]], [[-0.2213936448097229]], [[-0.06607496738433838]]]], name="1")
    %2: (3,fp32)* = const(val=[-0.08988839387893677, 0.14886069297790527, -0.03154301643371582], name="2")
    %21: (2,i32)* = const(val=[1, 1], name="21")
    %22: (2,i32)* = const(val=[3, 3], name="22")
    %23: (2,i32)* = const(val=[3, 3], name="23")
    %12: (bool)* = const(val=False, name="12")
    %24: (2,i32)* = const(val=[0, 0], name="24")
    %16: (i32)* = const(val=1, name="16")
    %17: (bool)* = const(val=False, name="17")
    %18: (bool)* = const(val=False, name="18")
    %19: (bool)* = const(val=True, name="19")
    %20_pad_type_115: (str)* = const(val="custom", name="20_pad_type_115")
    %20_pad_115: (4,i32)* = const(val=[3, 3, 3, 3], name="20_pad_115")
    %20: (1, 3, 11, 13, fp32) = conv(x=%input, weight=%1, bias=%2, strides=%21, pad_type=%20_pad_type_115, pad=%20_pad_115, dilations=%23, groups=%16, name="20")
  } -> (%20)
}

[20200630 16:33:28 INFO /Volumes/data/work/1duo-coremltools/coremltools/converters/mil/mil/passes/common_pass.py:34] Performing pass: "common::const_elimination"
[20200630 16:33:28 INFO /Volumes/data/work/1duo-coremltools/coremltools/converters/mil/mil/passes/common_pass.py:34] Performing pass: "common::divide_to_multiply"
[20200630 16:33:28 INFO /Volumes/data/work/1duo-coremltools/coremltools/converters/mil/mil/passes/common_pass.py:34] Performing pass: "common::fuse_matmul_weight_bias"
[20200630 16:33:28 INFO /Volumes/data/work/1duo-coremltools/coremltools/converters/mil/mil/passes/common_pass.py:34] Performing pass: "common::const_elimination"
[20200630 16:33:28 INFO /Volumes/data/work/1duo-coremltools/coremltools/converters/mil/mil/passes/common_pass.py:34] Performing pass: "common::loop_invariant_elimination"
[20200630 16:33:28 INFO /Volumes/data/work/1duo-coremltools/coremltools/converters/mil/mil/passes/common_pass.py:34] Performing pass: "common::remove_symbolic_reshape"
[20200630 16:33:28 INFO /Volumes/data/work/1duo-coremltools/coremltools/converters/mil/mil/passes/remove_symbolic_reshape.py:104] remove_symbolic_reshape: changed 0 reshapes.
[20200630 16:33:28 INFO /Volumes/data/work/1duo-coremltools/coremltools/converters/mil/mil/passes/common_pass.py:34] Performing pass: "common::fuse_gelu_tanh_approximation"
[20200630 16:33:28 INFO /Volumes/data/work/1duo-coremltools/coremltools/converters/mil/mil/passes/common_pass.py:34] Performing pass: "common::reduce_transposes"
[20200630 16:33:28 DEBUG /Volumes/data/work/1duo-coremltools/coremltools/converters/mil/mil/passes/reduce_transposes.py:989] Block before optimize transpose transform:
function(%input: (1, 3, 5, 7, fp32)) {
  block134() {
    %1: (3, 3, 1, 1, fp32)* = const(val=[[[[0.22630465030670166]], [[-0.43914794921875]], [[0.22280412912368774]]], [[[-0.42717209458351135]], [[-0.47700533270835876]], [[0.36670613288879395]]], [[[-0.5451221466064453]], [[-0.2213936448097229]], [[-0.06607496738433838]]]], name="1")
    %2: (3,fp32)* = const(val=[-0.08988839387893677, 0.14886069297790527, -0.03154301643371582], name="2")
    %21: (2,i32)* = const(val=[1, 1], name="21")
    %22: (2,i32)* = const(val=[3, 3], name="22")
    %23: (2,i32)* = const(val=[3, 3], name="23")
    %12: (bool)* = const(val=False, name="12")
    %24: (2,i32)* = const(val=[0, 0], name="24")
    %16: (i32)* = const(val=1, name="16")
    %17: (bool)* = const(val=False, name="17")
    %18: (bool)* = const(val=False, name="18")
    %19: (bool)* = const(val=True, name="19")
    %20_pad_type_115: (str)* = const(val="custom", name="20_pad_type_115")
    %20_pad_115: (4,i32)* = const(val=[3, 3, 3, 3], name="20_pad_115")
    %20: (1, 3, 11, 13, fp32) = conv(x=%input, weight=%1, bias=%2, strides=%21, pad_type=%20_pad_type_115, pad=%20_pad_115, dilations=%23, groups=%16, name="20")
  } -> (%20)
}

[20200630 16:33:28 DEBUG /Volumes/data/work/1duo-coremltools/coremltools/converters/mil/mil/passes/reduce_transposes.py:1024] Block after optimize transpose transform:
function(%input: (1, 3, 5, 7, fp32)) {
  block134() {
    %1: (3, 3, 1, 1, fp32)* = const(val=[[[[0.22630465030670166]], [[-0.43914794921875]], [[0.22280412912368774]]], [[[-0.42717209458351135]], [[-0.47700533270835876]], [[0.36670613288879395]]], [[[-0.5451221466064453]], [[-0.2213936448097229]], [[-0.06607496738433838]]]], name="1")
    %2: (3,fp32)* = const(val=[-0.08988839387893677, 0.14886069297790527, -0.03154301643371582], name="2")
    %21: (2,i32)* = const(val=[1, 1], name="21")
    %22: (2,i32)* = const(val=[3, 3], name="22")
    %23: (2,i32)* = const(val=[3, 3], name="23")
    %12: (bool)* = const(val=False, name="12")
    %24: (2,i32)* = const(val=[0, 0], name="24")
    %16: (i32)* = const(val=1, name="16")
    %17: (bool)* = const(val=False, name="17")
    %18: (bool)* = const(val=False, name="18")
    %19: (bool)* = const(val=True, name="19")
    %20_pad_type_115: (str)* = const(val="custom", name="20_pad_type_115")
    %20_pad_115: (4,i32)* = const(val=[3, 3, 3, 3], name="20_pad_115")
    %20: (1, 3, 11, 13, fp32) = conv(x=%input, weight=%1, bias=%2, strides=%21, pad_type=%20_pad_type_115, pad=%20_pad_115, dilations=%23, groups=%16, name="20")
  } -> (%20)
}

[20200630 16:33:28 INFO /Volumes/data/work/1duo-coremltools/coremltools/converters/mil/mil/passes/common_pass.py:34] Performing pass: "common::fuse_bias_conv"
[20200630 16:33:28 INFO /Volumes/data/work/1duo-coremltools/coremltools/converters/mil/mil/passes/common_pass.py:34] Performing pass: "common::fuse_elementwise_to_batchnorm"
[20200630 16:33:28 INFO /Volumes/data/work/1duo-coremltools/coremltools/converters/mil/mil/passes/common_pass.py:34] Performing pass: "common::fuse_onehot_matmul_to_gather"
[20200630 16:33:28 INFO /Volumes/data/work/1duo-coremltools/coremltools/converters/mil/mil/passes/common_pass.py:34] Performing pass: "common::fuse_layernorm_or_instancenorm"
[20200630 16:33:28 INFO /Volumes/data/work/1duo-coremltools/coremltools/converters/mil/mil/passes/common_pass.py:34] Performing pass: "common::dead_code_elimination"
[20200630 16:33:28 INFO /Volumes/data/work/1duo-coremltools/coremltools/converters/mil/mil/passes/dead_code_elimination.py:35] Removing op "19" (type: const)
[20200630 16:33:28 INFO /Volumes/data/work/1duo-coremltools/coremltools/converters/mil/mil/passes/dead_code_elimination.py:35] Removing op "18" (type: const)
[20200630 16:33:28 INFO /Volumes/data/work/1duo-coremltools/coremltools/converters/mil/mil/passes/dead_code_elimination.py:35] Removing op "17" (type: const)
[20200630 16:33:28 INFO /Volumes/data/work/1duo-coremltools/coremltools/converters/mil/mil/passes/dead_code_elimination.py:35] Removing op "24" (type: const)
[20200630 16:33:28 INFO /Volumes/data/work/1duo-coremltools/coremltools/converters/mil/mil/passes/dead_code_elimination.py:35] Removing op "12" (type: const)
[20200630 16:33:28 INFO /Volumes/data/work/1duo-coremltools/coremltools/converters/mil/mil/passes/dead_code_elimination.py:35] Removing op "22" (type: const)
[20200630 16:33:28 DEBUG /Volumes/data/work/1duo-coremltools/coremltools/converters/mil/mil/passes/common_pass.py:38] Program after common passes:
main(%input: (1, 3, 5, 7, fp32)) {
  block134() {
    %1: (3, 3, 1, 1, fp32)* = const(val=[[[[0.22630465030670166]], [[-0.43914794921875]], [[0.22280412912368774]]], [[[-0.42717209458351135]], [[-0.47700533270835876]], [[0.36670613288879395]]], [[[-0.5451221466064453]], [[-0.2213936448097229]], [[-0.06607496738433838]]]], name="1")
    %2: (3,fp32)* = const(val=[-0.08988839387893677, 0.14886069297790527, -0.03154301643371582], name="2")
    %21: (2,i32)* = const(val=[1, 1], name="21")
    %23: (2,i32)* = const(val=[3, 3], name="23")
    %16: (i32)* = const(val=1, name="16")
    %20_pad_type_115: (str)* = const(val="custom", name="20_pad_type_115")
    %20_pad_115: (4,i32)* = const(val=[3, 3, 3, 3], name="20_pad_115")
    %20: (1, 3, 11, 13, fp32) = conv(x=%input, weight=%1, bias=%2, strides=%21, pad_type=%20_pad_type_115, pad=%20_pad_115, dilations=%23, groups=%16, name="20")
  } -> (%20)
}

[20200630 16:33:28 INFO /Volumes/data/work/1duo-coremltools/coremltools/converters/mil/backend/nn/passes/nn_passes.py:22] Performing passes for nn_backend: "nn_backend::commingle_loop_vars"
[20200630 16:33:28 INFO /Volumes/data/work/1duo-coremltools/coremltools/converters/mil/backend/nn/passes/nn_passes.py:22] Performing passes for nn_backend: "nn_backend::handle_return_inputs_as_outputs"
[20200630 16:33:28 INFO /Volumes/data/work/1duo-coremltools/coremltools/converters/mil/backend/nn/passes/nn_passes.py:22] Performing passes for nn_backend: "common::const_elimination"
[20200630 16:33:28 INFO /Volumes/data/work/1duo-coremltools/coremltools/converters/mil/backend/nn/passes/nn_passes.py:22] Performing passes for nn_backend: "common::dead_code_elimination"
[20200630 16:33:28 INFO /Volumes/data/work/1duo-coremltools/coremltools/converters/mil/backend/nn/passes/nn_passes.py:22] Performing passes for nn_backend: "nn_backend::handle_unused_inputs"
[20200630 16:33:28 INFO /Volumes/data/work/1duo-coremltools/coremltools/converters/mil/backend/nn/passes/nn_passes.py:22] Performing passes for nn_backend: "nn_backend::alert_return_type_cast"
[20200630 16:33:28 DEBUG /Volumes/data/work/1duo-coremltools/coremltools/converters/mil/backend/nn/passes/nn_passes.py:26] Program after nn backend passes:
main(%input: (1, 3, 5, 7, fp32)) {
  block134() {
    %1: (3, 3, 1, 1, fp32)* = const(val=[[[[0.22630465030670166]], [[-0.43914794921875]], [[0.22280412912368774]]], [[[-0.42717209458351135]], [[-0.47700533270835876]], [[0.36670613288879395]]], [[[-0.5451221466064453]], [[-0.2213936448097229]], [[-0.06607496738433838]]]], name="1")
    %2: (3,fp32)* = const(val=[-0.08988839387893677, 0.14886069297790527, -0.03154301643371582], name="2")
    %21: (2,i32)* = const(val=[1, 1], name="21")
    %23: (2,i32)* = const(val=[3, 3], name="23")
    %16: (i32)* = const(val=1, name="16")
    %20_pad_type_115: (str)* = const(val="custom", name="20_pad_type_115")
    %20_pad_115: (4,i32)* = const(val=[3, 3, 3, 3], name="20_pad_115")
    %20: (1, 3, 11, 13, fp32) = conv(x=%input, weight=%1, bias=%2, strides=%21, pad_type=%20_pad_type_115, pad=%20_pad_115, dilations=%23, groups=%16, name="20")
  } -> (%20)
}

[20200630 16:33:28 INFO /Volumes/data/work/1duo-coremltools/coremltools/converters/mil/frontend/torch/converter.py:269] Converting graph.
[20200630 16:33:28 INFO /Volumes/data/work/1duo-coremltools/coremltools/converters/mil/mil/builder.py:181] Adding op '1' of type const
[20200630 16:33:28 INFO /Volumes/data/work/1duo-coremltools/coremltools/converters/mil/mil/builder.py:181] Adding op '2' of type const
[20200630 16:33:28 INFO /Volumes/data/work/1duo-coremltools/coremltools/converters/mil/frontend/torch/ops.py:49] Converting op 21 : constant
[20200630 16:33:28 INFO /Volumes/data/work/1duo-coremltools/coremltools/converters/mil/mil/builder.py:181] Adding op '21' of type const
[20200630 16:33:28 INFO /Volumes/data/work/1duo-coremltools/coremltools/converters/mil/frontend/torch/ops.py:49] Converting op 22 : constant
[20200630 16:33:28 INFO /Volumes/data/work/1duo-coremltools/coremltools/converters/mil/mil/builder.py:181] Adding op '22' of type const
[20200630 16:33:28 INFO /Volumes/data/work/1duo-coremltools/coremltools/converters/mil/frontend/torch/ops.py:49] Converting op 23 : constant
[20200630 16:33:28 INFO /Volumes/data/work/1duo-coremltools/coremltools/converters/mil/mil/builder.py:181] Adding op '23' of type const
[20200630 16:33:28 INFO /Volumes/data/work/1duo-coremltools/coremltools/converters/mil/frontend/torch/ops.py:49] Converting op 12 : constant
[20200630 16:33:28 INFO /Volumes/data/work/1duo-coremltools/coremltools/converters/mil/mil/builder.py:181] Adding op '12' of type const
[20200630 16:33:28 INFO /Volumes/data/work/1duo-coremltools/coremltools/converters/mil/frontend/torch/ops.py:49] Converting op 24 : constant
[20200630 16:33:28 INFO /Volumes/data/work/1duo-coremltools/coremltools/converters/mil/mil/builder.py:181] Adding op '24' of type const
[20200630 16:33:28 INFO /Volumes/data/work/1duo-coremltools/coremltools/converters/mil/frontend/torch/ops.py:49] Converting op 16 : constant
[20200630 16:33:28 INFO /Volumes/data/work/1duo-coremltools/coremltools/converters/mil/mil/builder.py:181] Adding op '16' of type const
[20200630 16:33:28 INFO /Volumes/data/work/1duo-coremltools/coremltools/converters/mil/frontend/torch/ops.py:49] Converting op 17 : constant
[20200630 16:33:28 INFO /Volumes/data/work/1duo-coremltools/coremltools/converters/mil/mil/builder.py:181] Adding op '17' of type const
[20200630 16:33:28 INFO /Volumes/data/work/1duo-coremltools/coremltools/converters/mil/frontend/torch/ops.py:49] Converting op 18 : constant
[20200630 16:33:28 INFO /Volumes/data/work/1duo-coremltools/coremltools/converters/mil/mil/builder.py:181] Adding op '18' of type const
[20200630 16:33:28 INFO /Volumes/data/work/1duo-coremltools/coremltools/converters/mil/frontend/torch/ops.py:49] Converting op 19 : constant
[20200630 16:33:28 INFO /Volumes/data/work/1duo-coremltools/coremltools/converters/mil/mil/builder.py:181] Adding op '19' of type const
[20200630 16:33:28 INFO /Volumes/data/work/1duo-coremltools/coremltools/converters/mil/frontend/torch/ops.py:49] Converting op 20 : _convolution
[20200630 16:33:28 INFO /Volumes/data/work/1duo-coremltools/coremltools/converters/mil/mil/builder.py:181] Adding op '20' of type conv
[20200630 16:33:28 DEBUG /Volumes/data/work/1duo-coremltools/coremltools/converters/mil/mil/builder.py:93] Adding const op '20_pad_type_116'
[20200630 16:33:28 INFO /Volumes/data/work/1duo-coremltools/coremltools/converters/mil/mil/builder.py:181] Adding op '20_pad_type_116' of type const
[20200630 16:33:28 DEBUG /Volumes/data/work/1duo-coremltools/coremltools/converters/mil/mil/builder.py:93] Adding const op '20_pad_116'
[20200630 16:33:28 INFO /Volumes/data/work/1duo-coremltools/coremltools/converters/mil/mil/builder.py:181] Adding op '20_pad_116' of type const
[20200630 16:33:28 DEBUG /Volumes/data/work/1duo-coremltools/coremltools/converters/mil/mil/passes/common_pass.py:30] Program before common passes:
main(%input: (1, 3, 5, 7, fp32)) {
  block135() {
    %1: (3, 3, 1, 1, fp32)* = const(val=[[[[0.0932842493057251]], [[0.45082247257232666]], [[0.49785494804382324]]], [[[-0.4212624430656433]], [[0.4826381206512451]], [[0.44208717346191406]]], [[[-0.1420910358428955]], [[0.26907652616500854]], [[-0.04528689384460449]]]], name="1")
    %2: (3,fp32)* = const(val=[-0.4748620390892029, 0.025497853755950928, 0.02249431610107422], name="2")
    %21: (2,i32)* = const(val=[3, 3], name="21")
    %22: (2,i32)* = const(val=[1, 1], name="22")
    %23: (2,i32)* = const(val=[1, 1], name="23")
    %12: (bool)* = const(val=False, name="12")
    %24: (2,i32)* = const(val=[0, 0], name="24")
    %16: (i32)* = const(val=1, name="16")
    %17: (bool)* = const(val=False, name="17")
    %18: (bool)* = const(val=False, name="18")
    %19: (bool)* = const(val=True, name="19")
    %20_pad_type_116: (str)* = const(val="custom", name="20_pad_type_116")
    %20_pad_116: (4,i32)* = const(val=[1, 1, 1, 1], name="20_pad_116")
    %20: (1, 3, 3, 3, fp32) = conv(x=%input, weight=%1, bias=%2, strides=%21, pad_type=%20_pad_type_116, pad=%20_pad_116, dilations=%23, groups=%16, name="20")
  } -> (%20)
}

[20200630 16:33:28 INFO /Volumes/data/work/1duo-coremltools/coremltools/converters/mil/mil/passes/common_pass.py:34] Performing pass: "common::const_elimination"
[20200630 16:33:28 INFO /Volumes/data/work/1duo-coremltools/coremltools/converters/mil/mil/passes/common_pass.py:34] Performing pass: "common::divide_to_multiply"
[20200630 16:33:28 INFO /Volumes/data/work/1duo-coremltools/coremltools/converters/mil/mil/passes/common_pass.py:34] Performing pass: "common::fuse_matmul_weight_bias"
[20200630 16:33:28 INFO /Volumes/data/work/1duo-coremltools/coremltools/converters/mil/mil/passes/common_pass.py:34] Performing pass: "common::const_elimination"
[20200630 16:33:28 INFO /Volumes/data/work/1duo-coremltools/coremltools/converters/mil/mil/passes/common_pass.py:34] Performing pass: "common::loop_invariant_elimination"
[20200630 16:33:28 INFO /Volumes/data/work/1duo-coremltools/coremltools/converters/mil/mil/passes/common_pass.py:34] Performing pass: "common::remove_symbolic_reshape"
[20200630 16:33:28 INFO /Volumes/data/work/1duo-coremltools/coremltools/converters/mil/mil/passes/remove_symbolic_reshape.py:104] remove_symbolic_reshape: changed 0 reshapes.
[20200630 16:33:28 INFO /Volumes/data/work/1duo-coremltools/coremltools/converters/mil/mil/passes/common_pass.py:34] Performing pass: "common::fuse_gelu_tanh_approximation"
[20200630 16:33:28 INFO /Volumes/data/work/1duo-coremltools/coremltools/converters/mil/mil/passes/common_pass.py:34] Performing pass: "common::reduce_transposes"
[20200630 16:33:28 DEBUG /Volumes/data/work/1duo-coremltools/coremltools/converters/mil/mil/passes/reduce_transposes.py:989] Block before optimize transpose transform:
function(%input: (1, 3, 5, 7, fp32)) {
  block135() {
    %1: (3, 3, 1, 1, fp32)* = const(val=[[[[0.0932842493057251]], [[0.45082247257232666]], [[0.49785494804382324]]], [[[-0.4212624430656433]], [[0.4826381206512451]], [[0.44208717346191406]]], [[[-0.1420910358428955]], [[0.26907652616500854]], [[-0.04528689384460449]]]], name="1")
    %2: (3,fp32)* = const(val=[-0.4748620390892029, 0.025497853755950928, 0.02249431610107422], name="2")
    %21: (2,i32)* = const(val=[3, 3], name="21")
    %22: (2,i32)* = const(val=[1, 1], name="22")
    %23: (2,i32)* = const(val=[1, 1], name="23")
    %12: (bool)* = const(val=False, name="12")
    %24: (2,i32)* = const(val=[0, 0], name="24")
    %16: (i32)* = const(val=1, name="16")
    %17: (bool)* = const(val=False, name="17")
    %18: (bool)* = const(val=False, name="18")
    %19: (bool)* = const(val=True, name="19")
    %20_pad_type_116: (str)* = const(val="custom", name="20_pad_type_116")
    %20_pad_116: (4,i32)* = const(val=[1, 1, 1, 1], name="20_pad_116")
    %20: (1, 3, 3, 3, fp32) = conv(x=%input, weight=%1, bias=%2, strides=%21, pad_type=%20_pad_type_116, pad=%20_pad_116, dilations=%23, groups=%16, name="20")
  } -> (%20)
}

[20200630 16:33:28 DEBUG /Volumes/data/work/1duo-coremltools/coremltools/converters/mil/mil/passes/reduce_transposes.py:1024] Block after optimize transpose transform:
function(%input: (1, 3, 5, 7, fp32)) {
  block135() {
    %1: (3, 3, 1, 1, fp32)* = const(val=[[[[0.0932842493057251]], [[0.45082247257232666]], [[0.49785494804382324]]], [[[-0.4212624430656433]], [[0.4826381206512451]], [[0.44208717346191406]]], [[[-0.1420910358428955]], [[0.26907652616500854]], [[-0.04528689384460449]]]], name="1")
    %2: (3,fp32)* = const(val=[-0.4748620390892029, 0.025497853755950928, 0.02249431610107422], name="2")
    %21: (2,i32)* = const(val=[3, 3], name="21")
    %22: (2,i32)* = const(val=[1, 1], name="22")
    %23: (2,i32)* = const(val=[1, 1], name="23")
    %12: (bool)* = const(val=False, name="12")
    %24: (2,i32)* = const(val=[0, 0], name="24")
    %16: (i32)* = const(val=1, name="16")
    %17: (bool)* = const(val=False, name="17")
    %18: (bool)* = const(val=False, name="18")
    %19: (bool)* = const(val=True, name="19")
    %20_pad_type_116: (str)* = const(val="custom", name="20_pad_type_116")
    %20_pad_116: (4,i32)* = const(val=[1, 1, 1, 1], name="20_pad_116")
    %20: (1, 3, 3, 3, fp32) = conv(x=%input, weight=%1, bias=%2, strides=%21, pad_type=%20_pad_type_116, pad=%20_pad_116, dilations=%23, groups=%16, name="20")
  } -> (%20)
}

[20200630 16:33:28 INFO /Volumes/data/work/1duo-coremltools/coremltools/converters/mil/mil/passes/common_pass.py:34] Performing pass: "common::fuse_bias_conv"
[20200630 16:33:28 INFO /Volumes/data/work/1duo-coremltools/coremltools/converters/mil/mil/passes/common_pass.py:34] Performing pass: "common::fuse_elementwise_to_batchnorm"
[20200630 16:33:28 INFO /Volumes/data/work/1duo-coremltools/coremltools/converters/mil/mil/passes/common_pass.py:34] Performing pass: "common::fuse_onehot_matmul_to_gather"
[20200630 16:33:28 INFO /Volumes/data/work/1duo-coremltools/coremltools/converters/mil/mil/passes/common_pass.py:34] Performing pass: "common::fuse_layernorm_or_instancenorm"
[20200630 16:33:28 INFO /Volumes/data/work/1duo-coremltools/coremltools/converters/mil/mil/passes/common_pass.py:34] Performing pass: "common::dead_code_elimination"
[20200630 16:33:28 INFO /Volumes/data/work/1duo-coremltools/coremltools/converters/mil/mil/passes/dead_code_elimination.py:35] Removing op "19" (type: const)
[20200630 16:33:28 INFO /Volumes/data/work/1duo-coremltools/coremltools/converters/mil/mil/passes/dead_code_elimination.py:35] Removing op "18" (type: const)
[20200630 16:33:28 INFO /Volumes/data/work/1duo-coremltools/coremltools/converters/mil/mil/passes/dead_code_elimination.py:35] Removing op "17" (type: const)
[20200630 16:33:28 INFO /Volumes/data/work/1duo-coremltools/coremltools/converters/mil/mil/passes/dead_code_elimination.py:35] Removing op "24" (type: const)
[20200630 16:33:28 INFO /Volumes/data/work/1duo-coremltools/coremltools/converters/mil/mil/passes/dead_code_elimination.py:35] Removing op "12" (type: const)
[20200630 16:33:28 INFO /Volumes/data/work/1duo-coremltools/coremltools/converters/mil/mil/passes/dead_code_elimination.py:35] Removing op "22" (type: const)
[20200630 16:33:28 DEBUG /Volumes/data/work/1duo-coremltools/coremltools/converters/mil/mil/passes/common_pass.py:38] Program after common passes:
main(%input: (1, 3, 5, 7, fp32)) {
  block135() {
    %1: (3, 3, 1, 1, fp32)* = const(val=[[[[0.0932842493057251]], [[0.45082247257232666]], [[0.49785494804382324]]], [[[-0.4212624430656433]], [[0.4826381206512451]], [[0.44208717346191406]]], [[[-0.1420910358428955]], [[0.26907652616500854]], [[-0.04528689384460449]]]], name="1")
    %2: (3,fp32)* = const(val=[-0.4748620390892029, 0.025497853755950928, 0.02249431610107422], name="2")
    %21: (2,i32)* = const(val=[3, 3], name="21")
    %23: (2,i32)* = const(val=[1, 1], name="23")
    %16: (i32)* = const(val=1, name="16")
    %20_pad_type_116: (str)* = const(val="custom", name="20_pad_type_116")
    %20_pad_116: (4,i32)* = const(val=[1, 1, 1, 1], name="20_pad_116")
    %20: (1, 3, 3, 3, fp32) = conv(x=%input, weight=%1, bias=%2, strides=%21, pad_type=%20_pad_type_116, pad=%20_pad_116, dilations=%23, groups=%16, name="20")
  } -> (%20)
}

[20200630 16:33:28 INFO /Volumes/data/work/1duo-coremltools/coremltools/converters/mil/backend/nn/passes/nn_passes.py:22] Performing passes for nn_backend: "nn_backend::commingle_loop_vars"
[20200630 16:33:28 INFO /Volumes/data/work/1duo-coremltools/coremltools/converters/mil/backend/nn/passes/nn_passes.py:22] Performing passes for nn_backend: "nn_backend::handle_return_inputs_as_outputs"
[20200630 16:33:28 INFO /Volumes/data/work/1duo-coremltools/coremltools/converters/mil/backend/nn/passes/nn_passes.py:22] Performing passes for nn_backend: "common::const_elimination"
[20200630 16:33:28 INFO /Volumes/data/work/1duo-coremltools/coremltools/converters/mil/backend/nn/passes/nn_passes.py:22] Performing passes for nn_backend: "common::dead_code_elimination"
[20200630 16:33:28 INFO /Volumes/data/work/1duo-coremltools/coremltools/converters/mil/backend/nn/passes/nn_passes.py:22] Performing passes for nn_backend: "nn_backend::handle_unused_inputs"
[20200630 16:33:28 INFO /Volumes/data/work/1duo-coremltools/coremltools/converters/mil/backend/nn/passes/nn_passes.py:22] Performing passes for nn_backend: "nn_backend::alert_return_type_cast"
[20200630 16:33:28 DEBUG /Volumes/data/work/1duo-coremltools/coremltools/converters/mil/backend/nn/passes/nn_passes.py:26] Program after nn backend passes:
main(%input: (1, 3, 5, 7, fp32)) {
  block135() {
    %1: (3, 3, 1, 1, fp32)* = const(val=[[[[0.0932842493057251]], [[0.45082247257232666]], [[0.49785494804382324]]], [[[-0.4212624430656433]], [[0.4826381206512451]], [[0.44208717346191406]]], [[[-0.1420910358428955]], [[0.26907652616500854]], [[-0.04528689384460449]]]], name="1")
    %2: (3,fp32)* = const(val=[-0.4748620390892029, 0.025497853755950928, 0.02249431610107422], name="2")
    %21: (2,i32)* = const(val=[3, 3], name="21")
    %23: (2,i32)* = const(val=[1, 1], name="23")
    %16: (i32)* = const(val=1, name="16")
    %20_pad_type_116: (str)* = const(val="custom", name="20_pad_type_116")
    %20_pad_116: (4,i32)* = const(val=[1, 1, 1, 1], name="20_pad_116")
    %20: (1, 3, 3, 3, fp32) = conv(x=%input, weight=%1, bias=%2, strides=%21, pad_type=%20_pad_type_116, pad=%20_pad_116, dilations=%23, groups=%16, name="20")
  } -> (%20)
}

[20200630 16:33:28 INFO /Volumes/data/work/1duo-coremltools/coremltools/converters/mil/frontend/torch/converter.py:269] Converting graph.
[20200630 16:33:28 INFO /Volumes/data/work/1duo-coremltools/coremltools/converters/mil/mil/builder.py:181] Adding op '1' of type const
[20200630 16:33:28 INFO /Volumes/data/work/1duo-coremltools/coremltools/converters/mil/mil/builder.py:181] Adding op '2' of type const
[20200630 16:33:28 INFO /Volumes/data/work/1duo-coremltools/coremltools/converters/mil/frontend/torch/ops.py:49] Converting op 21 : constant
[20200630 16:33:28 INFO /Volumes/data/work/1duo-coremltools/coremltools/converters/mil/mil/builder.py:181] Adding op '21' of type const
[20200630 16:33:28 INFO /Volumes/data/work/1duo-coremltools/coremltools/converters/mil/frontend/torch/ops.py:49] Converting op 22 : constant
[20200630 16:33:28 INFO /Volumes/data/work/1duo-coremltools/coremltools/converters/mil/mil/builder.py:181] Adding op '22' of type const
[20200630 16:33:28 INFO /Volumes/data/work/1duo-coremltools/coremltools/converters/mil/frontend/torch/ops.py:49] Converting op 23 : constant
[20200630 16:33:28 INFO /Volumes/data/work/1duo-coremltools/coremltools/converters/mil/mil/builder.py:181] Adding op '23' of type const
[20200630 16:33:28 INFO /Volumes/data/work/1duo-coremltools/coremltools/converters/mil/frontend/torch/ops.py:49] Converting op 12 : constant
[20200630 16:33:28 INFO /Volumes/data/work/1duo-coremltools/coremltools/converters/mil/mil/builder.py:181] Adding op '12' of type const
[20200630 16:33:28 INFO /Volumes/data/work/1duo-coremltools/coremltools/converters/mil/frontend/torch/ops.py:49] Converting op 24 : constant
[20200630 16:33:28 INFO /Volumes/data/work/1duo-coremltools/coremltools/converters/mil/mil/builder.py:181] Adding op '24' of type const
[20200630 16:33:28 INFO /Volumes/data/work/1duo-coremltools/coremltools/converters/mil/frontend/torch/ops.py:49] Converting op 16 : constant
[20200630 16:33:28 INFO /Volumes/data/work/1duo-coremltools/coremltools/converters/mil/mil/builder.py:181] Adding op '16' of type const
[20200630 16:33:28 INFO /Volumes/data/work/1duo-coremltools/coremltools/converters/mil/frontend/torch/ops.py:49] Converting op 17 : constant
[20200630 16:33:28 INFO /Volumes/data/work/1duo-coremltools/coremltools/converters/mil/mil/builder.py:181] Adding op '17' of type const
[20200630 16:33:28 INFO /Volumes/data/work/1duo-coremltools/coremltools/converters/mil/frontend/torch/ops.py:49] Converting op 18 : constant
[20200630 16:33:28 INFO /Volumes/data/work/1duo-coremltools/coremltools/converters/mil/mil/builder.py:181] Adding op '18' of type const
[20200630 16:33:28 INFO /Volumes/data/work/1duo-coremltools/coremltools/converters/mil/frontend/torch/ops.py:49] Converting op 19 : constant
[20200630 16:33:28 INFO /Volumes/data/work/1duo-coremltools/coremltools/converters/mil/mil/builder.py:181] Adding op '19' of type const
[20200630 16:33:28 INFO /Volumes/data/work/1duo-coremltools/coremltools/converters/mil/frontend/torch/ops.py:49] Converting op 20 : _convolution
[20200630 16:33:28 INFO /Volumes/data/work/1duo-coremltools/coremltools/converters/mil/mil/builder.py:181] Adding op '20' of type conv
[20200630 16:33:28 DEBUG /Volumes/data/work/1duo-coremltools/coremltools/converters/mil/mil/builder.py:93] Adding const op '20_pad_type_117'
[20200630 16:33:28 INFO /Volumes/data/work/1duo-coremltools/coremltools/converters/mil/mil/builder.py:181] Adding op '20_pad_type_117' of type const
[20200630 16:33:28 DEBUG /Volumes/data/work/1duo-coremltools/coremltools/converters/mil/mil/builder.py:93] Adding const op '20_pad_117'
[20200630 16:33:28 INFO /Volumes/data/work/1duo-coremltools/coremltools/converters/mil/mil/builder.py:181] Adding op '20_pad_117' of type const
[20200630 16:33:28 DEBUG /Volumes/data/work/1duo-coremltools/coremltools/converters/mil/mil/passes/common_pass.py:30] Program before common passes:
main(%input: (1, 3, 5, 7, fp32)) {
  block136() {
    %1: (3, 3, 1, 1, fp32)* = const(val=[[[[-0.520741879940033]], [[0.14180326461791992]], [[0.4353783130645752]]], [[[0.34758269786834717]], [[0.12756294012069702]], [[0.5414760112762451]]], [[[0.034500718116760254]], [[0.1265087127685547]], [[-0.46693333983421326]]]], name="1")
    %2: (3,fp32)* = const(val=[0.4664987325668335, -0.3145684599876404, -0.30795562267303467], name="2")
    %21: (2,i32)* = const(val=[3, 3], name="21")
    %22: (2,i32)* = const(val=[1, 1], name="22")
    %23: (2,i32)* = const(val=[3, 3], name="23")
    %12: (bool)* = const(val=False, name="12")
    %24: (2,i32)* = const(val=[0, 0], name="24")
    %16: (i32)* = const(val=1, name="16")
    %17: (bool)* = const(val=False, name="17")
    %18: (bool)* = const(val=False, name="18")
    %19: (bool)* = const(val=True, name="19")
    %20_pad_type_117: (str)* = const(val="custom", name="20_pad_type_117")
    %20_pad_117: (4,i32)* = const(val=[1, 1, 1, 1], name="20_pad_117")
    %20: (1, 3, 3, 3, fp32) = conv(x=%input, weight=%1, bias=%2, strides=%21, pad_type=%20_pad_type_117, pad=%20_pad_117, dilations=%23, groups=%16, name="20")
  } -> (%20)
}

[20200630 16:33:28 INFO /Volumes/data/work/1duo-coremltools/coremltools/converters/mil/mil/passes/common_pass.py:34] Performing pass: "common::const_elimination"
[20200630 16:33:28 INFO /Volumes/data/work/1duo-coremltools/coremltools/converters/mil/mil/passes/common_pass.py:34] Performing pass: "common::divide_to_multiply"
[20200630 16:33:28 INFO /Volumes/data/work/1duo-coremltools/coremltools/converters/mil/mil/passes/common_pass.py:34] Performing pass: "common::fuse_matmul_weight_bias"
[20200630 16:33:28 INFO /Volumes/data/work/1duo-coremltools/coremltools/converters/mil/mil/passes/common_pass.py:34] Performing pass: "common::const_elimination"
[20200630 16:33:28 INFO /Volumes/data/work/1duo-coremltools/coremltools/converters/mil/mil/passes/common_pass.py:34] Performing pass: "common::loop_invariant_elimination"
[20200630 16:33:28 INFO /Volumes/data/work/1duo-coremltools/coremltools/converters/mil/mil/passes/common_pass.py:34] Performing pass: "common::remove_symbolic_reshape"
[20200630 16:33:28 INFO /Volumes/data/work/1duo-coremltools/coremltools/converters/mil/mil/passes/remove_symbolic_reshape.py:104] remove_symbolic_reshape: changed 0 reshapes.
[20200630 16:33:28 INFO /Volumes/data/work/1duo-coremltools/coremltools/converters/mil/mil/passes/common_pass.py:34] Performing pass: "common::fuse_gelu_tanh_approximation"
[20200630 16:33:28 INFO /Volumes/data/work/1duo-coremltools/coremltools/converters/mil/mil/passes/common_pass.py:34] Performing pass: "common::reduce_transposes"
[20200630 16:33:28 DEBUG /Volumes/data/work/1duo-coremltools/coremltools/converters/mil/mil/passes/reduce_transposes.py:989] Block before optimize transpose transform:
function(%input: (1, 3, 5, 7, fp32)) {
  block136() {
    %1: (3, 3, 1, 1, fp32)* = const(val=[[[[-0.520741879940033]], [[0.14180326461791992]], [[0.4353783130645752]]], [[[0.34758269786834717]], [[0.12756294012069702]], [[0.5414760112762451]]], [[[0.034500718116760254]], [[0.1265087127685547]], [[-0.46693333983421326]]]], name="1")
    %2: (3,fp32)* = const(val=[0.4664987325668335, -0.3145684599876404, -0.30795562267303467], name="2")
    %21: (2,i32)* = const(val=[3, 3], name="21")
    %22: (2,i32)* = const(val=[1, 1], name="22")
    %23: (2,i32)* = const(val=[3, 3], name="23")
    %12: (bool)* = const(val=False, name="12")
    %24: (2,i32)* = const(val=[0, 0], name="24")
    %16: (i32)* = const(val=1, name="16")
    %17: (bool)* = const(val=False, name="17")
    %18: (bool)* = const(val=False, name="18")
    %19: (bool)* = const(val=True, name="19")
    %20_pad_type_117: (str)* = const(val="custom", name="20_pad_type_117")
    %20_pad_117: (4,i32)* = const(val=[1, 1, 1, 1], name="20_pad_117")
    %20: (1, 3, 3, 3, fp32) = conv(x=%input, weight=%1, bias=%2, strides=%21, pad_type=%20_pad_type_117, pad=%20_pad_117, dilations=%23, groups=%16, name="20")
  } -> (%20)
}

[20200630 16:33:28 DEBUG /Volumes/data/work/1duo-coremltools/coremltools/converters/mil/mil/passes/reduce_transposes.py:1024] Block after optimize transpose transform:
function(%input: (1, 3, 5, 7, fp32)) {
  block136() {
    %1: (3, 3, 1, 1, fp32)* = const(val=[[[[-0.520741879940033]], [[0.14180326461791992]], [[0.4353783130645752]]], [[[0.34758269786834717]], [[0.12756294012069702]], [[0.5414760112762451]]], [[[0.034500718116760254]], [[0.1265087127685547]], [[-0.46693333983421326]]]], name="1")
    %2: (3,fp32)* = const(val=[0.4664987325668335, -0.3145684599876404, -0.30795562267303467], name="2")
    %21: (2,i32)* = const(val=[3, 3], name="21")
    %22: (2,i32)* = const(val=[1, 1], name="22")
    %23: (2,i32)* = const(val=[3, 3], name="23")
    %12: (bool)* = const(val=False, name="12")
    %24: (2,i32)* = const(val=[0, 0], name="24")
    %16: (i32)* = const(val=1, name="16")
    %17: (bool)* = const(val=False, name="17")
    %18: (bool)* = const(val=False, name="18")
    %19: (bool)* = const(val=True, name="19")
    %20_pad_type_117: (str)* = const(val="custom", name="20_pad_type_117")
    %20_pad_117: (4,i32)* = const(val=[1, 1, 1, 1], name="20_pad_117")
    %20: (1, 3, 3, 3, fp32) = conv(x=%input, weight=%1, bias=%2, strides=%21, pad_type=%20_pad_type_117, pad=%20_pad_117, dilations=%23, groups=%16, name="20")
  } -> (%20)
}

[20200630 16:33:28 INFO /Volumes/data/work/1duo-coremltools/coremltools/converters/mil/mil/passes/common_pass.py:34] Performing pass: "common::fuse_bias_conv"
[20200630 16:33:28 INFO /Volumes/data/work/1duo-coremltools/coremltools/converters/mil/mil/passes/common_pass.py:34] Performing pass: "common::fuse_elementwise_to_batchnorm"
[20200630 16:33:28 INFO /Volumes/data/work/1duo-coremltools/coremltools/converters/mil/mil/passes/common_pass.py:34] Performing pass: "common::fuse_onehot_matmul_to_gather"
[20200630 16:33:28 INFO /Volumes/data/work/1duo-coremltools/coremltools/converters/mil/mil/passes/common_pass.py:34] Performing pass: "common::fuse_layernorm_or_instancenorm"
[20200630 16:33:28 INFO /Volumes/data/work/1duo-coremltools/coremltools/converters/mil/mil/passes/common_pass.py:34] Performing pass: "common::dead_code_elimination"
[20200630 16:33:28 INFO /Volumes/data/work/1duo-coremltools/coremltools/converters/mil/mil/passes/dead_code_elimination.py:35] Removing op "19" (type: const)
[20200630 16:33:28 INFO /Volumes/data/work/1duo-coremltools/coremltools/converters/mil/mil/passes/dead_code_elimination.py:35] Removing op "18" (type: const)
[20200630 16:33:28 INFO /Volumes/data/work/1duo-coremltools/coremltools/converters/mil/mil/passes/dead_code_elimination.py:35] Removing op "17" (type: const)
[20200630 16:33:28 INFO /Volumes/data/work/1duo-coremltools/coremltools/converters/mil/mil/passes/dead_code_elimination.py:35] Removing op "24" (type: const)
[20200630 16:33:28 INFO /Volumes/data/work/1duo-coremltools/coremltools/converters/mil/mil/passes/dead_code_elimination.py:35] Removing op "12" (type: const)
[20200630 16:33:28 INFO /Volumes/data/work/1duo-coremltools/coremltools/converters/mil/mil/passes/dead_code_elimination.py:35] Removing op "22" (type: const)
[20200630 16:33:28 DEBUG /Volumes/data/work/1duo-coremltools/coremltools/converters/mil/mil/passes/common_pass.py:38] Program after common passes:
main(%input: (1, 3, 5, 7, fp32)) {
  block136() {
    %1: (3, 3, 1, 1, fp32)* = const(val=[[[[-0.520741879940033]], [[0.14180326461791992]], [[0.4353783130645752]]], [[[0.34758269786834717]], [[0.12756294012069702]], [[0.5414760112762451]]], [[[0.034500718116760254]], [[0.1265087127685547]], [[-0.46693333983421326]]]], name="1")
    %2: (3,fp32)* = const(val=[0.4664987325668335, -0.3145684599876404, -0.30795562267303467], name="2")
    %21: (2,i32)* = const(val=[3, 3], name="21")
    %23: (2,i32)* = const(val=[3, 3], name="23")
    %16: (i32)* = const(val=1, name="16")
    %20_pad_type_117: (str)* = const(val="custom", name="20_pad_type_117")
    %20_pad_117: (4,i32)* = const(val=[1, 1, 1, 1], name="20_pad_117")
    %20: (1, 3, 3, 3, fp32) = conv(x=%input, weight=%1, bias=%2, strides=%21, pad_type=%20_pad_type_117, pad=%20_pad_117, dilations=%23, groups=%16, name="20")
  } -> (%20)
}

[20200630 16:33:28 INFO /Volumes/data/work/1duo-coremltools/coremltools/converters/mil/backend/nn/passes/nn_passes.py:22] Performing passes for nn_backend: "nn_backend::commingle_loop_vars"
[20200630 16:33:28 INFO /Volumes/data/work/1duo-coremltools/coremltools/converters/mil/backend/nn/passes/nn_passes.py:22] Performing passes for nn_backend: "nn_backend::handle_return_inputs_as_outputs"
[20200630 16:33:28 INFO /Volumes/data/work/1duo-coremltools/coremltools/converters/mil/backend/nn/passes/nn_passes.py:22] Performing passes for nn_backend: "common::const_elimination"
[20200630 16:33:28 INFO /Volumes/data/work/1duo-coremltools/coremltools/converters/mil/backend/nn/passes/nn_passes.py:22] Performing passes for nn_backend: "common::dead_code_elimination"
[20200630 16:33:28 INFO /Volumes/data/work/1duo-coremltools/coremltools/converters/mil/backend/nn/passes/nn_passes.py:22] Performing passes for nn_backend: "nn_backend::handle_unused_inputs"
[20200630 16:33:28 INFO /Volumes/data/work/1duo-coremltools/coremltools/converters/mil/backend/nn/passes/nn_passes.py:22] Performing passes for nn_backend: "nn_backend::alert_return_type_cast"
[20200630 16:33:28 DEBUG /Volumes/data/work/1duo-coremltools/coremltools/converters/mil/backend/nn/passes/nn_passes.py:26] Program after nn backend passes:
main(%input: (1, 3, 5, 7, fp32)) {
  block136() {
    %1: (3, 3, 1, 1, fp32)* = const(val=[[[[-0.520741879940033]], [[0.14180326461791992]], [[0.4353783130645752]]], [[[0.34758269786834717]], [[0.12756294012069702]], [[0.5414760112762451]]], [[[0.034500718116760254]], [[0.1265087127685547]], [[-0.46693333983421326]]]], name="1")
    %2: (3,fp32)* = const(val=[0.4664987325668335, -0.3145684599876404, -0.30795562267303467], name="2")
    %21: (2,i32)* = const(val=[3, 3], name="21")
    %23: (2,i32)* = const(val=[3, 3], name="23")
    %16: (i32)* = const(val=1, name="16")
    %20_pad_type_117: (str)* = const(val="custom", name="20_pad_type_117")
    %20_pad_117: (4,i32)* = const(val=[1, 1, 1, 1], name="20_pad_117")
    %20: (1, 3, 3, 3, fp32) = conv(x=%input, weight=%1, bias=%2, strides=%21, pad_type=%20_pad_type_117, pad=%20_pad_117, dilations=%23, groups=%16, name="20")
  } -> (%20)
}

[20200630 16:33:28 INFO /Volumes/data/work/1duo-coremltools/coremltools/converters/mil/frontend/torch/converter.py:269] Converting graph.
[20200630 16:33:28 INFO /Volumes/data/work/1duo-coremltools/coremltools/converters/mil/mil/builder.py:181] Adding op '1' of type const
[20200630 16:33:28 INFO /Volumes/data/work/1duo-coremltools/coremltools/converters/mil/mil/builder.py:181] Adding op '2' of type const
[20200630 16:33:28 INFO /Volumes/data/work/1duo-coremltools/coremltools/converters/mil/frontend/torch/ops.py:49] Converting op 21 : constant
[20200630 16:33:28 INFO /Volumes/data/work/1duo-coremltools/coremltools/converters/mil/mil/builder.py:181] Adding op '21' of type const
[20200630 16:33:28 INFO /Volumes/data/work/1duo-coremltools/coremltools/converters/mil/frontend/torch/ops.py:49] Converting op 22 : constant
[20200630 16:33:28 INFO /Volumes/data/work/1duo-coremltools/coremltools/converters/mil/mil/builder.py:181] Adding op '22' of type const
[20200630 16:33:28 INFO /Volumes/data/work/1duo-coremltools/coremltools/converters/mil/frontend/torch/ops.py:49] Converting op 23 : constant
[20200630 16:33:28 INFO /Volumes/data/work/1duo-coremltools/coremltools/converters/mil/mil/builder.py:181] Adding op '23' of type const
[20200630 16:33:28 INFO /Volumes/data/work/1duo-coremltools/coremltools/converters/mil/frontend/torch/ops.py:49] Converting op 12 : constant
[20200630 16:33:28 INFO /Volumes/data/work/1duo-coremltools/coremltools/converters/mil/mil/builder.py:181] Adding op '12' of type const
[20200630 16:33:28 INFO /Volumes/data/work/1duo-coremltools/coremltools/converters/mil/frontend/torch/ops.py:49] Converting op 24 : constant
[20200630 16:33:28 INFO /Volumes/data/work/1duo-coremltools/coremltools/converters/mil/mil/builder.py:181] Adding op '24' of type const
[20200630 16:33:28 INFO /Volumes/data/work/1duo-coremltools/coremltools/converters/mil/frontend/torch/ops.py:49] Converting op 16 : constant
[20200630 16:33:28 INFO /Volumes/data/work/1duo-coremltools/coremltools/converters/mil/mil/builder.py:181] Adding op '16' of type const
[20200630 16:33:28 INFO /Volumes/data/work/1duo-coremltools/coremltools/converters/mil/frontend/torch/ops.py:49] Converting op 17 : constant
[20200630 16:33:28 INFO /Volumes/data/work/1duo-coremltools/coremltools/converters/mil/mil/builder.py:181] Adding op '17' of type const
[20200630 16:33:28 INFO /Volumes/data/work/1duo-coremltools/coremltools/converters/mil/frontend/torch/ops.py:49] Converting op 18 : constant
[20200630 16:33:28 INFO /Volumes/data/work/1duo-coremltools/coremltools/converters/mil/mil/builder.py:181] Adding op '18' of type const
[20200630 16:33:28 INFO /Volumes/data/work/1duo-coremltools/coremltools/converters/mil/frontend/torch/ops.py:49] Converting op 19 : constant
[20200630 16:33:28 INFO /Volumes/data/work/1duo-coremltools/coremltools/converters/mil/mil/builder.py:181] Adding op '19' of type const
[20200630 16:33:28 INFO /Volumes/data/work/1duo-coremltools/coremltools/converters/mil/frontend/torch/ops.py:49] Converting op 20 : _convolution
[20200630 16:33:28 INFO /Volumes/data/work/1duo-coremltools/coremltools/converters/mil/mil/builder.py:181] Adding op '20' of type conv
[20200630 16:33:28 DEBUG /Volumes/data/work/1duo-coremltools/coremltools/converters/mil/mil/builder.py:93] Adding const op '20_pad_type_118'
[20200630 16:33:28 INFO /Volumes/data/work/1duo-coremltools/coremltools/converters/mil/mil/builder.py:181] Adding op '20_pad_type_118' of type const
[20200630 16:33:28 DEBUG /Volumes/data/work/1duo-coremltools/coremltools/converters/mil/mil/builder.py:93] Adding const op '20_pad_118'
[20200630 16:33:28 INFO /Volumes/data/work/1duo-coremltools/coremltools/converters/mil/mil/builder.py:181] Adding op '20_pad_118' of type const
[20200630 16:33:28 DEBUG /Volumes/data/work/1duo-coremltools/coremltools/converters/mil/mil/passes/common_pass.py:30] Program before common passes:
main(%input: (1, 3, 5, 7, fp32)) {
  block137() {
    %1: (3, 3, 1, 1, fp32)* = const(val=[[[[-0.03448963165283203]], [[0.5410023927688599]], [[0.18142598867416382]]], [[[0.5366479158401489]], [[-0.3009698987007141]], [[0.5332133769989014]]], [[[0.5551214218139648]], [[-0.3242265284061432]], [[0.01294618844985962]]]], name="1")
    %2: (3,fp32)* = const(val=[-0.1644498109817505, -0.05191159248352051, -0.45313891768455505], name="2")
    %21: (2,i32)* = const(val=[3, 3], name="21")
    %22: (2,i32)* = const(val=[3, 3], name="22")
    %23: (2,i32)* = const(val=[1, 1], name="23")
    %12: (bool)* = const(val=False, name="12")
    %24: (2,i32)* = const(val=[0, 0], name="24")
    %16: (i32)* = const(val=1, name="16")
    %17: (bool)* = const(val=False, name="17")
    %18: (bool)* = const(val=False, name="18")
    %19: (bool)* = const(val=True, name="19")
    %20_pad_type_118: (str)* = const(val="custom", name="20_pad_type_118")
    %20_pad_118: (4,i32)* = const(val=[3, 3, 3, 3], name="20_pad_118")
    %20: (1, 3, 4, 5, fp32) = conv(x=%input, weight=%1, bias=%2, strides=%21, pad_type=%20_pad_type_118, pad=%20_pad_118, dilations=%23, groups=%16, name="20")
  } -> (%20)
}

[20200630 16:33:28 INFO /Volumes/data/work/1duo-coremltools/coremltools/converters/mil/mil/passes/common_pass.py:34] Performing pass: "common::const_elimination"
[20200630 16:33:28 INFO /Volumes/data/work/1duo-coremltools/coremltools/converters/mil/mil/passes/common_pass.py:34] Performing pass: "common::divide_to_multiply"
[20200630 16:33:28 INFO /Volumes/data/work/1duo-coremltools/coremltools/converters/mil/mil/passes/common_pass.py:34] Performing pass: "common::fuse_matmul_weight_bias"
[20200630 16:33:28 INFO /Volumes/data/work/1duo-coremltools/coremltools/converters/mil/mil/passes/common_pass.py:34] Performing pass: "common::const_elimination"
[20200630 16:33:28 INFO /Volumes/data/work/1duo-coremltools/coremltools/converters/mil/mil/passes/common_pass.py:34] Performing pass: "common::loop_invariant_elimination"
[20200630 16:33:28 INFO /Volumes/data/work/1duo-coremltools/coremltools/converters/mil/mil/passes/common_pass.py:34] Performing pass: "common::remove_symbolic_reshape"
[20200630 16:33:28 INFO /Volumes/data/work/1duo-coremltools/coremltools/converters/mil/mil/passes/remove_symbolic_reshape.py:104] remove_symbolic_reshape: changed 0 reshapes.
[20200630 16:33:28 INFO /Volumes/data/work/1duo-coremltools/coremltools/converters/mil/mil/passes/common_pass.py:34] Performing pass: "common::fuse_gelu_tanh_approximation"
[20200630 16:33:28 INFO /Volumes/data/work/1duo-coremltools/coremltools/converters/mil/mil/passes/common_pass.py:34] Performing pass: "common::reduce_transposes"
[20200630 16:33:28 DEBUG /Volumes/data/work/1duo-coremltools/coremltools/converters/mil/mil/passes/reduce_transposes.py:989] Block before optimize transpose transform:
function(%input: (1, 3, 5, 7, fp32)) {
  block137() {
    %1: (3, 3, 1, 1, fp32)* = const(val=[[[[-0.03448963165283203]], [[0.5410023927688599]], [[0.18142598867416382]]], [[[0.5366479158401489]], [[-0.3009698987007141]], [[0.5332133769989014]]], [[[0.5551214218139648]], [[-0.3242265284061432]], [[0.01294618844985962]]]], name="1")
    %2: (3,fp32)* = const(val=[-0.1644498109817505, -0.05191159248352051, -0.45313891768455505], name="2")
    %21: (2,i32)* = const(val=[3, 3], name="21")
    %22: (2,i32)* = const(val=[3, 3], name="22")
    %23: (2,i32)* = const(val=[1, 1], name="23")
    %12: (bool)* = const(val=False, name="12")
    %24: (2,i32)* = const(val=[0, 0], name="24")
    %16: (i32)* = const(val=1, name="16")
    %17: (bool)* = const(val=False, name="17")
    %18: (bool)* = const(val=False, name="18")
    %19: (bool)* = const(val=True, name="19")
    %20_pad_type_118: (str)* = const(val="custom", name="20_pad_type_118")
    %20_pad_118: (4,i32)* = const(val=[3, 3, 3, 3], name="20_pad_118")
    %20: (1, 3, 4, 5, fp32) = conv(x=%input, weight=%1, bias=%2, strides=%21, pad_type=%20_pad_type_118, pad=%20_pad_118, dilations=%23, groups=%16, name="20")
  } -> (%20)
}

[20200630 16:33:28 DEBUG /Volumes/data/work/1duo-coremltools/coremltools/converters/mil/mil/passes/reduce_transposes.py:1024] Block after optimize transpose transform:
function(%input: (1, 3, 5, 7, fp32)) {
  block137() {
    %1: (3, 3, 1, 1, fp32)* = const(val=[[[[-0.03448963165283203]], [[0.5410023927688599]], [[0.18142598867416382]]], [[[0.5366479158401489]], [[-0.3009698987007141]], [[0.5332133769989014]]], [[[0.5551214218139648]], [[-0.3242265284061432]], [[0.01294618844985962]]]], name="1")
    %2: (3,fp32)* = const(val=[-0.1644498109817505, -0.05191159248352051, -0.45313891768455505], name="2")
    %21: (2,i32)* = const(val=[3, 3], name="21")
    %22: (2,i32)* = const(val=[3, 3], name="22")
    %23: (2,i32)* = const(val=[1, 1], name="23")
    %12: (bool)* = const(val=False, name="12")
    %24: (2,i32)* = const(val=[0, 0], name="24")
    %16: (i32)* = const(val=1, name="16")
    %17: (bool)* = const(val=False, name="17")
    %18: (bool)* = const(val=False, name="18")
    %19: (bool)* = const(val=True, name="19")
    %20_pad_type_118: (str)* = const(val="custom", name="20_pad_type_118")
    %20_pad_118: (4,i32)* = const(val=[3, 3, 3, 3], name="20_pad_118")
    %20: (1, 3, 4, 5, fp32) = conv(x=%input, weight=%1, bias=%2, strides=%21, pad_type=%20_pad_type_118, pad=%20_pad_118, dilations=%23, groups=%16, name="20")
  } -> (%20)
}

[20200630 16:33:28 INFO /Volumes/data/work/1duo-coremltools/coremltools/converters/mil/mil/passes/common_pass.py:34] Performing pass: "common::fuse_bias_conv"
[20200630 16:33:28 INFO /Volumes/data/work/1duo-coremltools/coremltools/converters/mil/mil/passes/common_pass.py:34] Performing pass: "common::fuse_elementwise_to_batchnorm"
[20200630 16:33:28 INFO /Volumes/data/work/1duo-coremltools/coremltools/converters/mil/mil/passes/common_pass.py:34] Performing pass: "common::fuse_onehot_matmul_to_gather"
[20200630 16:33:28 INFO /Volumes/data/work/1duo-coremltools/coremltools/converters/mil/mil/passes/common_pass.py:34] Performing pass: "common::fuse_layernorm_or_instancenorm"
[20200630 16:33:28 INFO /Volumes/data/work/1duo-coremltools/coremltools/converters/mil/mil/passes/common_pass.py:34] Performing pass: "common::dead_code_elimination"
[20200630 16:33:28 INFO /Volumes/data/work/1duo-coremltools/coremltools/converters/mil/mil/passes/dead_code_elimination.py:35] Removing op "19" (type: const)
[20200630 16:33:28 INFO /Volumes/data/work/1duo-coremltools/coremltools/converters/mil/mil/passes/dead_code_elimination.py:35] Removing op "18" (type: const)
[20200630 16:33:28 INFO /Volumes/data/work/1duo-coremltools/coremltools/converters/mil/mil/passes/dead_code_elimination.py:35] Removing op "17" (type: const)
[20200630 16:33:28 INFO /Volumes/data/work/1duo-coremltools/coremltools/converters/mil/mil/passes/dead_code_elimination.py:35] Removing op "24" (type: const)
[20200630 16:33:28 INFO /Volumes/data/work/1duo-coremltools/coremltools/converters/mil/mil/passes/dead_code_elimination.py:35] Removing op "12" (type: const)
[20200630 16:33:28 INFO /Volumes/data/work/1duo-coremltools/coremltools/converters/mil/mil/passes/dead_code_elimination.py:35] Removing op "22" (type: const)
[20200630 16:33:28 DEBUG /Volumes/data/work/1duo-coremltools/coremltools/converters/mil/mil/passes/common_pass.py:38] Program after common passes:
main(%input: (1, 3, 5, 7, fp32)) {
  block137() {
    %1: (3, 3, 1, 1, fp32)* = const(val=[[[[-0.03448963165283203]], [[0.5410023927688599]], [[0.18142598867416382]]], [[[0.5366479158401489]], [[-0.3009698987007141]], [[0.5332133769989014]]], [[[0.5551214218139648]], [[-0.3242265284061432]], [[0.01294618844985962]]]], name="1")
    %2: (3,fp32)* = const(val=[-0.1644498109817505, -0.05191159248352051, -0.45313891768455505], name="2")
    %21: (2,i32)* = const(val=[3, 3], name="21")
    %23: (2,i32)* = const(val=[1, 1], name="23")
    %16: (i32)* = const(val=1, name="16")
    %20_pad_type_118: (str)* = const(val="custom", name="20_pad_type_118")
    %20_pad_118: (4,i32)* = const(val=[3, 3, 3, 3], name="20_pad_118")
    %20: (1, 3, 4, 5, fp32) = conv(x=%input, weight=%1, bias=%2, strides=%21, pad_type=%20_pad_type_118, pad=%20_pad_118, dilations=%23, groups=%16, name="20")
  } -> (%20)
}

[20200630 16:33:28 INFO /Volumes/data/work/1duo-coremltools/coremltools/converters/mil/backend/nn/passes/nn_passes.py:22] Performing passes for nn_backend: "nn_backend::commingle_loop_vars"
[20200630 16:33:28 INFO /Volumes/data/work/1duo-coremltools/coremltools/converters/mil/backend/nn/passes/nn_passes.py:22] Performing passes for nn_backend: "nn_backend::handle_return_inputs_as_outputs"
[20200630 16:33:28 INFO /Volumes/data/work/1duo-coremltools/coremltools/converters/mil/backend/nn/passes/nn_passes.py:22] Performing passes for nn_backend: "common::const_elimination"
[20200630 16:33:28 INFO /Volumes/data/work/1duo-coremltools/coremltools/converters/mil/backend/nn/passes/nn_passes.py:22] Performing passes for nn_backend: "common::dead_code_elimination"
[20200630 16:33:28 INFO /Volumes/data/work/1duo-coremltools/coremltools/converters/mil/backend/nn/passes/nn_passes.py:22] Performing passes for nn_backend: "nn_backend::handle_unused_inputs"
[20200630 16:33:28 INFO /Volumes/data/work/1duo-coremltools/coremltools/converters/mil/backend/nn/passes/nn_passes.py:22] Performing passes for nn_backend: "nn_backend::alert_return_type_cast"
[20200630 16:33:28 DEBUG /Volumes/data/work/1duo-coremltools/coremltools/converters/mil/backend/nn/passes/nn_passes.py:26] Program after nn backend passes:
main(%input: (1, 3, 5, 7, fp32)) {
  block137() {
    %1: (3, 3, 1, 1, fp32)* = const(val=[[[[-0.03448963165283203]], [[0.5410023927688599]], [[0.18142598867416382]]], [[[0.5366479158401489]], [[-0.3009698987007141]], [[0.5332133769989014]]], [[[0.5551214218139648]], [[-0.3242265284061432]], [[0.01294618844985962]]]], name="1")
    %2: (3,fp32)* = const(val=[-0.1644498109817505, -0.05191159248352051, -0.45313891768455505], name="2")
    %21: (2,i32)* = const(val=[3, 3], name="21")
    %23: (2,i32)* = const(val=[1, 1], name="23")
    %16: (i32)* = const(val=1, name="16")
    %20_pad_type_118: (str)* = const(val="custom", name="20_pad_type_118")
    %20_pad_118: (4,i32)* = const(val=[3, 3, 3, 3], name="20_pad_118")
    %20: (1, 3, 4, 5, fp32) = conv(x=%input, weight=%1, bias=%2, strides=%21, pad_type=%20_pad_type_118, pad=%20_pad_118, dilations=%23, groups=%16, name="20")
  } -> (%20)
}

[20200630 16:33:28 INFO /Volumes/data/work/1duo-coremltools/coremltools/converters/mil/frontend/torch/converter.py:269] Converting graph.
[20200630 16:33:28 INFO /Volumes/data/work/1duo-coremltools/coremltools/converters/mil/mil/builder.py:181] Adding op '1' of type const
[20200630 16:33:28 INFO /Volumes/data/work/1duo-coremltools/coremltools/converters/mil/mil/builder.py:181] Adding op '2' of type const
[20200630 16:33:28 INFO /Volumes/data/work/1duo-coremltools/coremltools/converters/mil/frontend/torch/ops.py:49] Converting op 21 : constant
[20200630 16:33:28 INFO /Volumes/data/work/1duo-coremltools/coremltools/converters/mil/mil/builder.py:181] Adding op '21' of type const
[20200630 16:33:28 INFO /Volumes/data/work/1duo-coremltools/coremltools/converters/mil/frontend/torch/ops.py:49] Converting op 22 : constant
[20200630 16:33:28 INFO /Volumes/data/work/1duo-coremltools/coremltools/converters/mil/mil/builder.py:181] Adding op '22' of type const
[20200630 16:33:28 INFO /Volumes/data/work/1duo-coremltools/coremltools/converters/mil/frontend/torch/ops.py:49] Converting op 23 : constant
[20200630 16:33:28 INFO /Volumes/data/work/1duo-coremltools/coremltools/converters/mil/mil/builder.py:181] Adding op '23' of type const
[20200630 16:33:28 INFO /Volumes/data/work/1duo-coremltools/coremltools/converters/mil/frontend/torch/ops.py:49] Converting op 12 : constant
[20200630 16:33:28 INFO /Volumes/data/work/1duo-coremltools/coremltools/converters/mil/mil/builder.py:181] Adding op '12' of type const
[20200630 16:33:28 INFO /Volumes/data/work/1duo-coremltools/coremltools/converters/mil/frontend/torch/ops.py:49] Converting op 24 : constant
[20200630 16:33:28 INFO /Volumes/data/work/1duo-coremltools/coremltools/converters/mil/mil/builder.py:181] Adding op '24' of type const
[20200630 16:33:28 INFO /Volumes/data/work/1duo-coremltools/coremltools/converters/mil/frontend/torch/ops.py:49] Converting op 16 : constant
[20200630 16:33:28 INFO /Volumes/data/work/1duo-coremltools/coremltools/converters/mil/mil/builder.py:181] Adding op '16' of type const
[20200630 16:33:28 INFO /Volumes/data/work/1duo-coremltools/coremltools/converters/mil/frontend/torch/ops.py:49] Converting op 17 : constant
[20200630 16:33:28 INFO /Volumes/data/work/1duo-coremltools/coremltools/converters/mil/mil/builder.py:181] Adding op '17' of type const
[20200630 16:33:28 INFO /Volumes/data/work/1duo-coremltools/coremltools/converters/mil/frontend/torch/ops.py:49] Converting op 18 : constant
[20200630 16:33:28 INFO /Volumes/data/work/1duo-coremltools/coremltools/converters/mil/mil/builder.py:181] Adding op '18' of type const
[20200630 16:33:28 INFO /Volumes/data/work/1duo-coremltools/coremltools/converters/mil/frontend/torch/ops.py:49] Converting op 19 : constant
[20200630 16:33:28 INFO /Volumes/data/work/1duo-coremltools/coremltools/converters/mil/mil/builder.py:181] Adding op '19' of type const
[20200630 16:33:28 INFO /Volumes/data/work/1duo-coremltools/coremltools/converters/mil/frontend/torch/ops.py:49] Converting op 20 : _convolution
[20200630 16:33:28 INFO /Volumes/data/work/1duo-coremltools/coremltools/converters/mil/mil/builder.py:181] Adding op '20' of type conv
[20200630 16:33:28 DEBUG /Volumes/data/work/1duo-coremltools/coremltools/converters/mil/mil/builder.py:93] Adding const op '20_pad_type_119'
[20200630 16:33:28 INFO /Volumes/data/work/1duo-coremltools/coremltools/converters/mil/mil/builder.py:181] Adding op '20_pad_type_119' of type const
[20200630 16:33:28 DEBUG /Volumes/data/work/1duo-coremltools/coremltools/converters/mil/mil/builder.py:93] Adding const op '20_pad_119'
[20200630 16:33:28 INFO /Volumes/data/work/1duo-coremltools/coremltools/converters/mil/mil/builder.py:181] Adding op '20_pad_119' of type const
[20200630 16:33:28 DEBUG /Volumes/data/work/1duo-coremltools/coremltools/converters/mil/mil/passes/common_pass.py:30] Program before common passes:
main(%input: (1, 3, 5, 7, fp32)) {
  block138() {
    %1: (3, 3, 1, 1, fp32)* = const(val=[[[[-0.3739454746246338]], [[0.4007030129432678]], [[-0.5773058533668518]]], [[[-0.45835575461387634]], [[0.0268591046333313]], [[0.09727323055267334]]], [[[-0.3279740810394287]], [[-0.01721256971359253]], [[0.3853757977485657]]]], name="1")
    %2: (3,fp32)* = const(val=[0.0873265266418457, 0.36203819513320923, -0.3073934018611908], name="2")
    %21: (2,i32)* = const(val=[3, 3], name="21")
    %22: (2,i32)* = const(val=[3, 3], name="22")
    %23: (2,i32)* = const(val=[3, 3], name="23")
    %12: (bool)* = const(val=False, name="12")
    %24: (2,i32)* = const(val=[0, 0], name="24")
    %16: (i32)* = const(val=1, name="16")
    %17: (bool)* = const(val=False, name="17")
    %18: (bool)* = const(val=False, name="18")
    %19: (bool)* = const(val=True, name="19")
    %20_pad_type_119: (str)* = const(val="custom", name="20_pad_type_119")
    %20_pad_119: (4,i32)* = const(val=[3, 3, 3, 3], name="20_pad_119")
    %20: (1, 3, 4, 5, fp32) = conv(x=%input, weight=%1, bias=%2, strides=%21, pad_type=%20_pad_type_119, pad=%20_pad_119, dilations=%23, groups=%16, name="20")
  } -> (%20)
}

[20200630 16:33:28 INFO /Volumes/data/work/1duo-coremltools/coremltools/converters/mil/mil/passes/common_pass.py:34] Performing pass: "common::const_elimination"
[20200630 16:33:28 INFO /Volumes/data/work/1duo-coremltools/coremltools/converters/mil/mil/passes/common_pass.py:34] Performing pass: "common::divide_to_multiply"
[20200630 16:33:28 INFO /Volumes/data/work/1duo-coremltools/coremltools/converters/mil/mil/passes/common_pass.py:34] Performing pass: "common::fuse_matmul_weight_bias"
[20200630 16:33:28 INFO /Volumes/data/work/1duo-coremltools/coremltools/converters/mil/mil/passes/common_pass.py:34] Performing pass: "common::const_elimination"
[20200630 16:33:28 INFO /Volumes/data/work/1duo-coremltools/coremltools/converters/mil/mil/passes/common_pass.py:34] Performing pass: "common::loop_invariant_elimination"
[20200630 16:33:28 INFO /Volumes/data/work/1duo-coremltools/coremltools/converters/mil/mil/passes/common_pass.py:34] Performing pass: "common::remove_symbolic_reshape"
[20200630 16:33:28 INFO /Volumes/data/work/1duo-coremltools/coremltools/converters/mil/mil/passes/remove_symbolic_reshape.py:104] remove_symbolic_reshape: changed 0 reshapes.
[20200630 16:33:28 INFO /Volumes/data/work/1duo-coremltools/coremltools/converters/mil/mil/passes/common_pass.py:34] Performing pass: "common::fuse_gelu_tanh_approximation"
[20200630 16:33:28 INFO /Volumes/data/work/1duo-coremltools/coremltools/converters/mil/mil/passes/common_pass.py:34] Performing pass: "common::reduce_transposes"
[20200630 16:33:28 DEBUG /Volumes/data/work/1duo-coremltools/coremltools/converters/mil/mil/passes/reduce_transposes.py:989] Block before optimize transpose transform:
function(%input: (1, 3, 5, 7, fp32)) {
  block138() {
    %1: (3, 3, 1, 1, fp32)* = const(val=[[[[-0.3739454746246338]], [[0.4007030129432678]], [[-0.5773058533668518]]], [[[-0.45835575461387634]], [[0.0268591046333313]], [[0.09727323055267334]]], [[[-0.3279740810394287]], [[-0.01721256971359253]], [[0.3853757977485657]]]], name="1")
    %2: (3,fp32)* = const(val=[0.0873265266418457, 0.36203819513320923, -0.3073934018611908], name="2")
    %21: (2,i32)* = const(val=[3, 3], name="21")
    %22: (2,i32)* = const(val=[3, 3], name="22")
    %23: (2,i32)* = const(val=[3, 3], name="23")
    %12: (bool)* = const(val=False, name="12")
    %24: (2,i32)* = const(val=[0, 0], name="24")
    %16: (i32)* = const(val=1, name="16")
    %17: (bool)* = const(val=False, name="17")
    %18: (bool)* = const(val=False, name="18")
    %19: (bool)* = const(val=True, name="19")
    %20_pad_type_119: (str)* = const(val="custom", name="20_pad_type_119")
    %20_pad_119: (4,i32)* = const(val=[3, 3, 3, 3], name="20_pad_119")
    %20: (1, 3, 4, 5, fp32) = conv(x=%input, weight=%1, bias=%2, strides=%21, pad_type=%20_pad_type_119, pad=%20_pad_119, dilations=%23, groups=%16, name="20")
  } -> (%20)
}

[20200630 16:33:28 DEBUG /Volumes/data/work/1duo-coremltools/coremltools/converters/mil/mil/passes/reduce_transposes.py:1024] Block after optimize transpose transform:
function(%input: (1, 3, 5, 7, fp32)) {
  block138() {
    %1: (3, 3, 1, 1, fp32)* = const(val=[[[[-0.3739454746246338]], [[0.4007030129432678]], [[-0.5773058533668518]]], [[[-0.45835575461387634]], [[0.0268591046333313]], [[0.09727323055267334]]], [[[-0.3279740810394287]], [[-0.01721256971359253]], [[0.3853757977485657]]]], name="1")
    %2: (3,fp32)* = const(val=[0.0873265266418457, 0.36203819513320923, -0.3073934018611908], name="2")
    %21: (2,i32)* = const(val=[3, 3], name="21")
    %22: (2,i32)* = const(val=[3, 3], name="22")
    %23: (2,i32)* = const(val=[3, 3], name="23")
    %12: (bool)* = const(val=False, name="12")
    %24: (2,i32)* = const(val=[0, 0], name="24")
    %16: (i32)* = const(val=1, name="16")
    %17: (bool)* = const(val=False, name="17")
    %18: (bool)* = const(val=False, name="18")
    %19: (bool)* = const(val=True, name="19")
    %20_pad_type_119: (str)* = const(val="custom", name="20_pad_type_119")
    %20_pad_119: (4,i32)* = const(val=[3, 3, 3, 3], name="20_pad_119")
    %20: (1, 3, 4, 5, fp32) = conv(x=%input, weight=%1, bias=%2, strides=%21, pad_type=%20_pad_type_119, pad=%20_pad_119, dilations=%23, groups=%16, name="20")
  } -> (%20)
}

[20200630 16:33:28 INFO /Volumes/data/work/1duo-coremltools/coremltools/converters/mil/mil/passes/common_pass.py:34] Performing pass: "common::fuse_bias_conv"
[20200630 16:33:28 INFO /Volumes/data/work/1duo-coremltools/coremltools/converters/mil/mil/passes/common_pass.py:34] Performing pass: "common::fuse_elementwise_to_batchnorm"
[20200630 16:33:28 INFO /Volumes/data/work/1duo-coremltools/coremltools/converters/mil/mil/passes/common_pass.py:34] Performing pass: "common::fuse_onehot_matmul_to_gather"
[20200630 16:33:28 INFO /Volumes/data/work/1duo-coremltools/coremltools/converters/mil/mil/passes/common_pass.py:34] Performing pass: "common::fuse_layernorm_or_instancenorm"
[20200630 16:33:28 INFO /Volumes/data/work/1duo-coremltools/coremltools/converters/mil/mil/passes/common_pass.py:34] Performing pass: "common::dead_code_elimination"
[20200630 16:33:28 INFO /Volumes/data/work/1duo-coremltools/coremltools/converters/mil/mil/passes/dead_code_elimination.py:35] Removing op "19" (type: const)
[20200630 16:33:28 INFO /Volumes/data/work/1duo-coremltools/coremltools/converters/mil/mil/passes/dead_code_elimination.py:35] Removing op "18" (type: const)
[20200630 16:33:28 INFO /Volumes/data/work/1duo-coremltools/coremltools/converters/mil/mil/passes/dead_code_elimination.py:35] Removing op "17" (type: const)
[20200630 16:33:28 INFO /Volumes/data/work/1duo-coremltools/coremltools/converters/mil/mil/passes/dead_code_elimination.py:35] Removing op "24" (type: const)
[20200630 16:33:28 INFO /Volumes/data/work/1duo-coremltools/coremltools/converters/mil/mil/passes/dead_code_elimination.py:35] Removing op "12" (type: const)
[20200630 16:33:28 INFO /Volumes/data/work/1duo-coremltools/coremltools/converters/mil/mil/passes/dead_code_elimination.py:35] Removing op "22" (type: const)
[20200630 16:33:28 DEBUG /Volumes/data/work/1duo-coremltools/coremltools/converters/mil/mil/passes/common_pass.py:38] Program after common passes:
main(%input: (1, 3, 5, 7, fp32)) {
  block138() {
    %1: (3, 3, 1, 1, fp32)* = const(val=[[[[-0.3739454746246338]], [[0.4007030129432678]], [[-0.5773058533668518]]], [[[-0.45835575461387634]], [[0.0268591046333313]], [[0.09727323055267334]]], [[[-0.3279740810394287]], [[-0.01721256971359253]], [[0.3853757977485657]]]], name="1")
    %2: (3,fp32)* = const(val=[0.0873265266418457, 0.36203819513320923, -0.3073934018611908], name="2")
    %21: (2,i32)* = const(val=[3, 3], name="21")
    %23: (2,i32)* = const(val=[3, 3], name="23")
    %16: (i32)* = const(val=1, name="16")
    %20_pad_type_119: (str)* = const(val="custom", name="20_pad_type_119")
    %20_pad_119: (4,i32)* = const(val=[3, 3, 3, 3], name="20_pad_119")
    %20: (1, 3, 4, 5, fp32) = conv(x=%input, weight=%1, bias=%2, strides=%21, pad_type=%20_pad_type_119, pad=%20_pad_119, dilations=%23, groups=%16, name="20")
  } -> (%20)
}

[20200630 16:33:28 INFO /Volumes/data/work/1duo-coremltools/coremltools/converters/mil/backend/nn/passes/nn_passes.py:22] Performing passes for nn_backend: "nn_backend::commingle_loop_vars"
[20200630 16:33:28 INFO /Volumes/data/work/1duo-coremltools/coremltools/converters/mil/backend/nn/passes/nn_passes.py:22] Performing passes for nn_backend: "nn_backend::handle_return_inputs_as_outputs"
[20200630 16:33:28 INFO /Volumes/data/work/1duo-coremltools/coremltools/converters/mil/backend/nn/passes/nn_passes.py:22] Performing passes for nn_backend: "common::const_elimination"
[20200630 16:33:28 INFO /Volumes/data/work/1duo-coremltools/coremltools/converters/mil/backend/nn/passes/nn_passes.py:22] Performing passes for nn_backend: "common::dead_code_elimination"
[20200630 16:33:28 INFO /Volumes/data/work/1duo-coremltools/coremltools/converters/mil/backend/nn/passes/nn_passes.py:22] Performing passes for nn_backend: "nn_backend::handle_unused_inputs"
[20200630 16:33:28 INFO /Volumes/data/work/1duo-coremltools/coremltools/converters/mil/backend/nn/passes/nn_passes.py:22] Performing passes for nn_backend: "nn_backend::alert_return_type_cast"
[20200630 16:33:28 DEBUG /Volumes/data/work/1duo-coremltools/coremltools/converters/mil/backend/nn/passes/nn_passes.py:26] Program after nn backend passes:
main(%input: (1, 3, 5, 7, fp32)) {
  block138() {
    %1: (3, 3, 1, 1, fp32)* = const(val=[[[[-0.3739454746246338]], [[0.4007030129432678]], [[-0.5773058533668518]]], [[[-0.45835575461387634]], [[0.0268591046333313]], [[0.09727323055267334]]], [[[-0.3279740810394287]], [[-0.01721256971359253]], [[0.3853757977485657]]]], name="1")
    %2: (3,fp32)* = const(val=[0.0873265266418457, 0.36203819513320923, -0.3073934018611908], name="2")
    %21: (2,i32)* = const(val=[3, 3], name="21")
    %23: (2,i32)* = const(val=[3, 3], name="23")
    %16: (i32)* = const(val=1, name="16")
    %20_pad_type_119: (str)* = const(val="custom", name="20_pad_type_119")
    %20_pad_119: (4,i32)* = const(val=[3, 3, 3, 3], name="20_pad_119")
    %20: (1, 3, 4, 5, fp32) = conv(x=%input, weight=%1, bias=%2, strides=%21, pad_type=%20_pad_type_119, pad=%20_pad_119, dilations=%23, groups=%16, name="20")
  } -> (%20)
}

[20200630 16:33:29 INFO /Volumes/data/work/1duo-coremltools/coremltools/converters/mil/frontend/torch/converter.py:269] Converting graph.
[20200630 16:33:29 INFO /Volumes/data/work/1duo-coremltools/coremltools/converters/mil/mil/builder.py:181] Adding op '1' of type const
[20200630 16:33:29 INFO /Volumes/data/work/1duo-coremltools/coremltools/converters/mil/mil/builder.py:181] Adding op '2' of type const
[20200630 16:33:29 INFO /Volumes/data/work/1duo-coremltools/coremltools/converters/mil/frontend/torch/ops.py:49] Converting op 21 : constant
[20200630 16:33:29 INFO /Volumes/data/work/1duo-coremltools/coremltools/converters/mil/mil/builder.py:181] Adding op '21' of type const
[20200630 16:33:29 INFO /Volumes/data/work/1duo-coremltools/coremltools/converters/mil/frontend/torch/ops.py:49] Converting op 22 : constant
[20200630 16:33:29 INFO /Volumes/data/work/1duo-coremltools/coremltools/converters/mil/mil/builder.py:181] Adding op '22' of type const
[20200630 16:33:29 INFO /Volumes/data/work/1duo-coremltools/coremltools/converters/mil/frontend/torch/ops.py:49] Converting op 23 : constant
[20200630 16:33:29 INFO /Volumes/data/work/1duo-coremltools/coremltools/converters/mil/mil/builder.py:181] Adding op '23' of type const
[20200630 16:33:29 INFO /Volumes/data/work/1duo-coremltools/coremltools/converters/mil/frontend/torch/ops.py:49] Converting op 12 : constant
[20200630 16:33:29 INFO /Volumes/data/work/1duo-coremltools/coremltools/converters/mil/mil/builder.py:181] Adding op '12' of type const
[20200630 16:33:29 INFO /Volumes/data/work/1duo-coremltools/coremltools/converters/mil/frontend/torch/ops.py:49] Converting op 24 : constant
[20200630 16:33:29 INFO /Volumes/data/work/1duo-coremltools/coremltools/converters/mil/mil/builder.py:181] Adding op '24' of type const
[20200630 16:33:29 INFO /Volumes/data/work/1duo-coremltools/coremltools/converters/mil/frontend/torch/ops.py:49] Converting op 16 : constant
[20200630 16:33:29 INFO /Volumes/data/work/1duo-coremltools/coremltools/converters/mil/mil/builder.py:181] Adding op '16' of type const
[20200630 16:33:29 INFO /Volumes/data/work/1duo-coremltools/coremltools/converters/mil/frontend/torch/ops.py:49] Converting op 17 : constant
[20200630 16:33:29 INFO /Volumes/data/work/1duo-coremltools/coremltools/converters/mil/mil/builder.py:181] Adding op '17' of type const
[20200630 16:33:29 INFO /Volumes/data/work/1duo-coremltools/coremltools/converters/mil/frontend/torch/ops.py:49] Converting op 18 : constant
[20200630 16:33:29 INFO /Volumes/data/work/1duo-coremltools/coremltools/converters/mil/mil/builder.py:181] Adding op '18' of type const
[20200630 16:33:29 INFO /Volumes/data/work/1duo-coremltools/coremltools/converters/mil/frontend/torch/ops.py:49] Converting op 19 : constant
[20200630 16:33:29 INFO /Volumes/data/work/1duo-coremltools/coremltools/converters/mil/mil/builder.py:181] Adding op '19' of type const
[20200630 16:33:29 INFO /Volumes/data/work/1duo-coremltools/coremltools/converters/mil/frontend/torch/ops.py:49] Converting op 20 : _convolution
[20200630 16:33:29 INFO /Volumes/data/work/1duo-coremltools/coremltools/converters/mil/mil/builder.py:181] Adding op '20' of type conv
[20200630 16:33:29 DEBUG /Volumes/data/work/1duo-coremltools/coremltools/converters/mil/mil/builder.py:93] Adding const op '20_pad_type_120'
[20200630 16:33:29 INFO /Volumes/data/work/1duo-coremltools/coremltools/converters/mil/mil/builder.py:181] Adding op '20_pad_type_120' of type const
[20200630 16:33:29 DEBUG /Volumes/data/work/1duo-coremltools/coremltools/converters/mil/mil/builder.py:93] Adding const op '20_pad_120'
[20200630 16:33:29 INFO /Volumes/data/work/1duo-coremltools/coremltools/converters/mil/mil/builder.py:181] Adding op '20_pad_120' of type const
[20200630 16:33:29 DEBUG /Volumes/data/work/1duo-coremltools/coremltools/converters/mil/mil/passes/common_pass.py:30] Program before common passes:
main(%input: (1, 3, 5, 7, fp32)) {
  block139() {
    %1: (3, 3, 3, 3, fp32)* = const(val=(file_value), name="1")
    %2: (3,fp32)* = const(val=[-0.10612992942333221, -0.09921000897884369, -0.0721094086766243], name="2")
    %21: (2,i32)* = const(val=[1, 1], name="21")
    %22: (2,i32)* = const(val=[1, 1], name="22")
    %23: (2,i32)* = const(val=[1, 1], name="23")
    %12: (bool)* = const(val=False, name="12")
    %24: (2,i32)* = const(val=[0, 0], name="24")
    %16: (i32)* = const(val=1, name="16")
    %17: (bool)* = const(val=False, name="17")
    %18: (bool)* = const(val=False, name="18")
    %19: (bool)* = const(val=True, name="19")
    %20_pad_type_120: (str)* = const(val="custom", name="20_pad_type_120")
    %20_pad_120: (4,i32)* = const(val=[1, 1, 1, 1], name="20_pad_120")
    %20: (1, 3, 5, 7, fp32) = conv(x=%input, weight=%1, bias=%2, strides=%21, pad_type=%20_pad_type_120, pad=%20_pad_120, dilations=%23, groups=%16, name="20")
  } -> (%20)
}

[20200630 16:33:29 INFO /Volumes/data/work/1duo-coremltools/coremltools/converters/mil/mil/passes/common_pass.py:34] Performing pass: "common::const_elimination"
[20200630 16:33:29 INFO /Volumes/data/work/1duo-coremltools/coremltools/converters/mil/mil/passes/common_pass.py:34] Performing pass: "common::divide_to_multiply"
[20200630 16:33:29 INFO /Volumes/data/work/1duo-coremltools/coremltools/converters/mil/mil/passes/common_pass.py:34] Performing pass: "common::fuse_matmul_weight_bias"
[20200630 16:33:29 INFO /Volumes/data/work/1duo-coremltools/coremltools/converters/mil/mil/passes/common_pass.py:34] Performing pass: "common::const_elimination"
[20200630 16:33:29 INFO /Volumes/data/work/1duo-coremltools/coremltools/converters/mil/mil/passes/common_pass.py:34] Performing pass: "common::loop_invariant_elimination"
[20200630 16:33:29 INFO /Volumes/data/work/1duo-coremltools/coremltools/converters/mil/mil/passes/common_pass.py:34] Performing pass: "common::remove_symbolic_reshape"
[20200630 16:33:29 INFO /Volumes/data/work/1duo-coremltools/coremltools/converters/mil/mil/passes/remove_symbolic_reshape.py:104] remove_symbolic_reshape: changed 0 reshapes.
[20200630 16:33:29 INFO /Volumes/data/work/1duo-coremltools/coremltools/converters/mil/mil/passes/common_pass.py:34] Performing pass: "common::fuse_gelu_tanh_approximation"
[20200630 16:33:29 INFO /Volumes/data/work/1duo-coremltools/coremltools/converters/mil/mil/passes/common_pass.py:34] Performing pass: "common::reduce_transposes"
[20200630 16:33:29 DEBUG /Volumes/data/work/1duo-coremltools/coremltools/converters/mil/mil/passes/reduce_transposes.py:989] Block before optimize transpose transform:
function(%input: (1, 3, 5, 7, fp32)) {
  block139() {
    %1: (3, 3, 3, 3, fp32)* = const(val=(file_value), name="1")
    %2: (3,fp32)* = const(val=[-0.10612992942333221, -0.09921000897884369, -0.0721094086766243], name="2")
    %21: (2,i32)* = const(val=[1, 1], name="21")
    %22: (2,i32)* = const(val=[1, 1], name="22")
    %23: (2,i32)* = const(val=[1, 1], name="23")
    %12: (bool)* = const(val=False, name="12")
    %24: (2,i32)* = const(val=[0, 0], name="24")
    %16: (i32)* = const(val=1, name="16")
    %17: (bool)* = const(val=False, name="17")
    %18: (bool)* = const(val=False, name="18")
    %19: (bool)* = const(val=True, name="19")
    %20_pad_type_120: (str)* = const(val="custom", name="20_pad_type_120")
    %20_pad_120: (4,i32)* = const(val=[1, 1, 1, 1], name="20_pad_120")
    %20: (1, 3, 5, 7, fp32) = conv(x=%input, weight=%1, bias=%2, strides=%21, pad_type=%20_pad_type_120, pad=%20_pad_120, dilations=%23, groups=%16, name="20")
  } -> (%20)
}

[20200630 16:33:29 DEBUG /Volumes/data/work/1duo-coremltools/coremltools/converters/mil/mil/passes/reduce_transposes.py:1024] Block after optimize transpose transform:
function(%input: (1, 3, 5, 7, fp32)) {
  block139() {
    %1: (3, 3, 3, 3, fp32)* = const(val=(file_value), name="1")
    %2: (3,fp32)* = const(val=[-0.10612992942333221, -0.09921000897884369, -0.0721094086766243], name="2")
    %21: (2,i32)* = const(val=[1, 1], name="21")
    %22: (2,i32)* = const(val=[1, 1], name="22")
    %23: (2,i32)* = const(val=[1, 1], name="23")
    %12: (bool)* = const(val=False, name="12")
    %24: (2,i32)* = const(val=[0, 0], name="24")
    %16: (i32)* = const(val=1, name="16")
    %17: (bool)* = const(val=False, name="17")
    %18: (bool)* = const(val=False, name="18")
    %19: (bool)* = const(val=True, name="19")
    %20_pad_type_120: (str)* = const(val="custom", name="20_pad_type_120")
    %20_pad_120: (4,i32)* = const(val=[1, 1, 1, 1], name="20_pad_120")
    %20: (1, 3, 5, 7, fp32) = conv(x=%input, weight=%1, bias=%2, strides=%21, pad_type=%20_pad_type_120, pad=%20_pad_120, dilations=%23, groups=%16, name="20")
  } -> (%20)
}

[20200630 16:33:29 INFO /Volumes/data/work/1duo-coremltools/coremltools/converters/mil/mil/passes/common_pass.py:34] Performing pass: "common::fuse_bias_conv"
[20200630 16:33:29 INFO /Volumes/data/work/1duo-coremltools/coremltools/converters/mil/mil/passes/common_pass.py:34] Performing pass: "common::fuse_elementwise_to_batchnorm"
[20200630 16:33:29 INFO /Volumes/data/work/1duo-coremltools/coremltools/converters/mil/mil/passes/common_pass.py:34] Performing pass: "common::fuse_onehot_matmul_to_gather"
[20200630 16:33:29 INFO /Volumes/data/work/1duo-coremltools/coremltools/converters/mil/mil/passes/common_pass.py:34] Performing pass: "common::fuse_layernorm_or_instancenorm"
[20200630 16:33:29 INFO /Volumes/data/work/1duo-coremltools/coremltools/converters/mil/mil/passes/common_pass.py:34] Performing pass: "common::dead_code_elimination"
[20200630 16:33:29 INFO /Volumes/data/work/1duo-coremltools/coremltools/converters/mil/mil/passes/dead_code_elimination.py:35] Removing op "19" (type: const)
[20200630 16:33:29 INFO /Volumes/data/work/1duo-coremltools/coremltools/converters/mil/mil/passes/dead_code_elimination.py:35] Removing op "18" (type: const)
[20200630 16:33:29 INFO /Volumes/data/work/1duo-coremltools/coremltools/converters/mil/mil/passes/dead_code_elimination.py:35] Removing op "17" (type: const)
[20200630 16:33:29 INFO /Volumes/data/work/1duo-coremltools/coremltools/converters/mil/mil/passes/dead_code_elimination.py:35] Removing op "24" (type: const)
[20200630 16:33:29 INFO /Volumes/data/work/1duo-coremltools/coremltools/converters/mil/mil/passes/dead_code_elimination.py:35] Removing op "12" (type: const)
[20200630 16:33:29 INFO /Volumes/data/work/1duo-coremltools/coremltools/converters/mil/mil/passes/dead_code_elimination.py:35] Removing op "22" (type: const)
[20200630 16:33:29 DEBUG /Volumes/data/work/1duo-coremltools/coremltools/converters/mil/mil/passes/common_pass.py:38] Program after common passes:
main(%input: (1, 3, 5, 7, fp32)) {
  block139() {
    %1: (3, 3, 3, 3, fp32)* = const(val=(file_value), name="1")
    %2: (3,fp32)* = const(val=[-0.10612992942333221, -0.09921000897884369, -0.0721094086766243], name="2")
    %21: (2,i32)* = const(val=[1, 1], name="21")
    %23: (2,i32)* = const(val=[1, 1], name="23")
    %16: (i32)* = const(val=1, name="16")
    %20_pad_type_120: (str)* = const(val="custom", name="20_pad_type_120")
    %20_pad_120: (4,i32)* = const(val=[1, 1, 1, 1], name="20_pad_120")
    %20: (1, 3, 5, 7, fp32) = conv(x=%input, weight=%1, bias=%2, strides=%21, pad_type=%20_pad_type_120, pad=%20_pad_120, dilations=%23, groups=%16, name="20")
  } -> (%20)
}

[20200630 16:33:29 INFO /Volumes/data/work/1duo-coremltools/coremltools/converters/mil/backend/nn/passes/nn_passes.py:22] Performing passes for nn_backend: "nn_backend::commingle_loop_vars"
[20200630 16:33:29 INFO /Volumes/data/work/1duo-coremltools/coremltools/converters/mil/backend/nn/passes/nn_passes.py:22] Performing passes for nn_backend: "nn_backend::handle_return_inputs_as_outputs"
[20200630 16:33:29 INFO /Volumes/data/work/1duo-coremltools/coremltools/converters/mil/backend/nn/passes/nn_passes.py:22] Performing passes for nn_backend: "common::const_elimination"
[20200630 16:33:29 INFO /Volumes/data/work/1duo-coremltools/coremltools/converters/mil/backend/nn/passes/nn_passes.py:22] Performing passes for nn_backend: "common::dead_code_elimination"
[20200630 16:33:29 INFO /Volumes/data/work/1duo-coremltools/coremltools/converters/mil/backend/nn/passes/nn_passes.py:22] Performing passes for nn_backend: "nn_backend::handle_unused_inputs"
[20200630 16:33:29 INFO /Volumes/data/work/1duo-coremltools/coremltools/converters/mil/backend/nn/passes/nn_passes.py:22] Performing passes for nn_backend: "nn_backend::alert_return_type_cast"
[20200630 16:33:29 DEBUG /Volumes/data/work/1duo-coremltools/coremltools/converters/mil/backend/nn/passes/nn_passes.py:26] Program after nn backend passes:
main(%input: (1, 3, 5, 7, fp32)) {
  block139() {
    %1: (3, 3, 3, 3, fp32)* = const(val=(file_value), name="1")
    %2: (3,fp32)* = const(val=[-0.10612992942333221, -0.09921000897884369, -0.0721094086766243], name="2")
    %21: (2,i32)* = const(val=[1, 1], name="21")
    %23: (2,i32)* = const(val=[1, 1], name="23")
    %16: (i32)* = const(val=1, name="16")
    %20_pad_type_120: (str)* = const(val="custom", name="20_pad_type_120")
    %20_pad_120: (4,i32)* = const(val=[1, 1, 1, 1], name="20_pad_120")
    %20: (1, 3, 5, 7, fp32) = conv(x=%input, weight=%1, bias=%2, strides=%21, pad_type=%20_pad_type_120, pad=%20_pad_120, dilations=%23, groups=%16, name="20")
  } -> (%20)
}

[20200630 16:33:29 INFO /Volumes/data/work/1duo-coremltools/coremltools/converters/mil/frontend/torch/converter.py:269] Converting graph.
[20200630 16:33:29 INFO /Volumes/data/work/1duo-coremltools/coremltools/converters/mil/mil/builder.py:181] Adding op '1' of type const
[20200630 16:33:29 INFO /Volumes/data/work/1duo-coremltools/coremltools/converters/mil/mil/builder.py:181] Adding op '2' of type const
[20200630 16:33:29 INFO /Volumes/data/work/1duo-coremltools/coremltools/converters/mil/frontend/torch/ops.py:49] Converting op 21 : constant
[20200630 16:33:29 INFO /Volumes/data/work/1duo-coremltools/coremltools/converters/mil/mil/builder.py:181] Adding op '21' of type const
[20200630 16:33:29 INFO /Volumes/data/work/1duo-coremltools/coremltools/converters/mil/frontend/torch/ops.py:49] Converting op 22 : constant
[20200630 16:33:29 INFO /Volumes/data/work/1duo-coremltools/coremltools/converters/mil/mil/builder.py:181] Adding op '22' of type const
[20200630 16:33:29 INFO /Volumes/data/work/1duo-coremltools/coremltools/converters/mil/frontend/torch/ops.py:49] Converting op 23 : constant
[20200630 16:33:29 INFO /Volumes/data/work/1duo-coremltools/coremltools/converters/mil/mil/builder.py:181] Adding op '23' of type const
[20200630 16:33:29 INFO /Volumes/data/work/1duo-coremltools/coremltools/converters/mil/frontend/torch/ops.py:49] Converting op 12 : constant
[20200630 16:33:29 INFO /Volumes/data/work/1duo-coremltools/coremltools/converters/mil/mil/builder.py:181] Adding op '12' of type const
[20200630 16:33:29 INFO /Volumes/data/work/1duo-coremltools/coremltools/converters/mil/frontend/torch/ops.py:49] Converting op 24 : constant
[20200630 16:33:29 INFO /Volumes/data/work/1duo-coremltools/coremltools/converters/mil/mil/builder.py:181] Adding op '24' of type const
[20200630 16:33:29 INFO /Volumes/data/work/1duo-coremltools/coremltools/converters/mil/frontend/torch/ops.py:49] Converting op 16 : constant
[20200630 16:33:29 INFO /Volumes/data/work/1duo-coremltools/coremltools/converters/mil/mil/builder.py:181] Adding op '16' of type const
[20200630 16:33:29 INFO /Volumes/data/work/1duo-coremltools/coremltools/converters/mil/frontend/torch/ops.py:49] Converting op 17 : constant
[20200630 16:33:29 INFO /Volumes/data/work/1duo-coremltools/coremltools/converters/mil/mil/builder.py:181] Adding op '17' of type const
[20200630 16:33:29 INFO /Volumes/data/work/1duo-coremltools/coremltools/converters/mil/frontend/torch/ops.py:49] Converting op 18 : constant
[20200630 16:33:29 INFO /Volumes/data/work/1duo-coremltools/coremltools/converters/mil/mil/builder.py:181] Adding op '18' of type const
[20200630 16:33:29 INFO /Volumes/data/work/1duo-coremltools/coremltools/converters/mil/frontend/torch/ops.py:49] Converting op 19 : constant
[20200630 16:33:29 INFO /Volumes/data/work/1duo-coremltools/coremltools/converters/mil/mil/builder.py:181] Adding op '19' of type const
[20200630 16:33:29 INFO /Volumes/data/work/1duo-coremltools/coremltools/converters/mil/frontend/torch/ops.py:49] Converting op 20 : _convolution
[20200630 16:33:29 INFO /Volumes/data/work/1duo-coremltools/coremltools/converters/mil/mil/builder.py:181] Adding op '20' of type conv
[20200630 16:33:29 DEBUG /Volumes/data/work/1duo-coremltools/coremltools/converters/mil/mil/builder.py:93] Adding const op '20_pad_type_121'
[20200630 16:33:29 INFO /Volumes/data/work/1duo-coremltools/coremltools/converters/mil/mil/builder.py:181] Adding op '20_pad_type_121' of type const
[20200630 16:33:29 DEBUG /Volumes/data/work/1duo-coremltools/coremltools/converters/mil/mil/builder.py:93] Adding const op '20_pad_121'
[20200630 16:33:29 INFO /Volumes/data/work/1duo-coremltools/coremltools/converters/mil/mil/builder.py:181] Adding op '20_pad_121' of type const
[20200630 16:33:29 DEBUG /Volumes/data/work/1duo-coremltools/coremltools/converters/mil/mil/passes/common_pass.py:30] Program before common passes:
main(%input: (1, 3, 5, 7, fp32)) {
  block140() {
    %1: (3, 3, 3, 3, fp32)* = const(val=(file_value), name="1")
    %2: (3,fp32)* = const(val=[-0.15389364957809448, -0.13884887099266052, -0.07467249780893326], name="2")
    %21: (2,i32)* = const(val=[1, 1], name="21")
    %22: (2,i32)* = const(val=[1, 1], name="22")
    %23: (2,i32)* = const(val=[3, 3], name="23")
    %12: (bool)* = const(val=False, name="12")
    %24: (2,i32)* = const(val=[0, 0], name="24")
    %16: (i32)* = const(val=1, name="16")
    %17: (bool)* = const(val=False, name="17")
    %18: (bool)* = const(val=False, name="18")
    %19: (bool)* = const(val=True, name="19")
    %20_pad_type_121: (str)* = const(val="custom", name="20_pad_type_121")
    %20_pad_121: (4,i32)* = const(val=[1, 1, 1, 1], name="20_pad_121")
    %20: (1, 3, 1, 3, fp32) = conv(x=%input, weight=%1, bias=%2, strides=%21, pad_type=%20_pad_type_121, pad=%20_pad_121, dilations=%23, groups=%16, name="20")
  } -> (%20)
}

[20200630 16:33:29 INFO /Volumes/data/work/1duo-coremltools/coremltools/converters/mil/mil/passes/common_pass.py:34] Performing pass: "common::const_elimination"
[20200630 16:33:29 INFO /Volumes/data/work/1duo-coremltools/coremltools/converters/mil/mil/passes/common_pass.py:34] Performing pass: "common::divide_to_multiply"
[20200630 16:33:29 INFO /Volumes/data/work/1duo-coremltools/coremltools/converters/mil/mil/passes/common_pass.py:34] Performing pass: "common::fuse_matmul_weight_bias"
[20200630 16:33:29 INFO /Volumes/data/work/1duo-coremltools/coremltools/converters/mil/mil/passes/common_pass.py:34] Performing pass: "common::const_elimination"
[20200630 16:33:29 INFO /Volumes/data/work/1duo-coremltools/coremltools/converters/mil/mil/passes/common_pass.py:34] Performing pass: "common::loop_invariant_elimination"
[20200630 16:33:29 INFO /Volumes/data/work/1duo-coremltools/coremltools/converters/mil/mil/passes/common_pass.py:34] Performing pass: "common::remove_symbolic_reshape"
[20200630 16:33:29 INFO /Volumes/data/work/1duo-coremltools/coremltools/converters/mil/mil/passes/remove_symbolic_reshape.py:104] remove_symbolic_reshape: changed 0 reshapes.
[20200630 16:33:29 INFO /Volumes/data/work/1duo-coremltools/coremltools/converters/mil/mil/passes/common_pass.py:34] Performing pass: "common::fuse_gelu_tanh_approximation"
[20200630 16:33:29 INFO /Volumes/data/work/1duo-coremltools/coremltools/converters/mil/mil/passes/common_pass.py:34] Performing pass: "common::reduce_transposes"
[20200630 16:33:29 DEBUG /Volumes/data/work/1duo-coremltools/coremltools/converters/mil/mil/passes/reduce_transposes.py:989] Block before optimize transpose transform:
function(%input: (1, 3, 5, 7, fp32)) {
  block140() {
    %1: (3, 3, 3, 3, fp32)* = const(val=(file_value), name="1")
    %2: (3,fp32)* = const(val=[-0.15389364957809448, -0.13884887099266052, -0.07467249780893326], name="2")
    %21: (2,i32)* = const(val=[1, 1], name="21")
    %22: (2,i32)* = const(val=[1, 1], name="22")
    %23: (2,i32)* = const(val=[3, 3], name="23")
    %12: (bool)* = const(val=False, name="12")
    %24: (2,i32)* = const(val=[0, 0], name="24")
    %16: (i32)* = const(val=1, name="16")
    %17: (bool)* = const(val=False, name="17")
    %18: (bool)* = const(val=False, name="18")
    %19: (bool)* = const(val=True, name="19")
    %20_pad_type_121: (str)* = const(val="custom", name="20_pad_type_121")
    %20_pad_121: (4,i32)* = const(val=[1, 1, 1, 1], name="20_pad_121")
    %20: (1, 3, 1, 3, fp32) = conv(x=%input, weight=%1, bias=%2, strides=%21, pad_type=%20_pad_type_121, pad=%20_pad_121, dilations=%23, groups=%16, name="20")
  } -> (%20)
}

[20200630 16:33:29 DEBUG /Volumes/data/work/1duo-coremltools/coremltools/converters/mil/mil/passes/reduce_transposes.py:1024] Block after optimize transpose transform:
function(%input: (1, 3, 5, 7, fp32)) {
  block140() {
    %1: (3, 3, 3, 3, fp32)* = const(val=(file_value), name="1")
    %2: (3,fp32)* = const(val=[-0.15389364957809448, -0.13884887099266052, -0.07467249780893326], name="2")
    %21: (2,i32)* = const(val=[1, 1], name="21")
    %22: (2,i32)* = const(val=[1, 1], name="22")
    %23: (2,i32)* = const(val=[3, 3], name="23")
    %12: (bool)* = const(val=False, name="12")
    %24: (2,i32)* = const(val=[0, 0], name="24")
    %16: (i32)* = const(val=1, name="16")
    %17: (bool)* = const(val=False, name="17")
    %18: (bool)* = const(val=False, name="18")
    %19: (bool)* = const(val=True, name="19")
    %20_pad_type_121: (str)* = const(val="custom", name="20_pad_type_121")
    %20_pad_121: (4,i32)* = const(val=[1, 1, 1, 1], name="20_pad_121")
    %20: (1, 3, 1, 3, fp32) = conv(x=%input, weight=%1, bias=%2, strides=%21, pad_type=%20_pad_type_121, pad=%20_pad_121, dilations=%23, groups=%16, name="20")
  } -> (%20)
}

[20200630 16:33:29 INFO /Volumes/data/work/1duo-coremltools/coremltools/converters/mil/mil/passes/common_pass.py:34] Performing pass: "common::fuse_bias_conv"
[20200630 16:33:29 INFO /Volumes/data/work/1duo-coremltools/coremltools/converters/mil/mil/passes/common_pass.py:34] Performing pass: "common::fuse_elementwise_to_batchnorm"
[20200630 16:33:29 INFO /Volumes/data/work/1duo-coremltools/coremltools/converters/mil/mil/passes/common_pass.py:34] Performing pass: "common::fuse_onehot_matmul_to_gather"
[20200630 16:33:29 INFO /Volumes/data/work/1duo-coremltools/coremltools/converters/mil/mil/passes/common_pass.py:34] Performing pass: "common::fuse_layernorm_or_instancenorm"
[20200630 16:33:29 INFO /Volumes/data/work/1duo-coremltools/coremltools/converters/mil/mil/passes/common_pass.py:34] Performing pass: "common::dead_code_elimination"
[20200630 16:33:29 INFO /Volumes/data/work/1duo-coremltools/coremltools/converters/mil/mil/passes/dead_code_elimination.py:35] Removing op "19" (type: const)
[20200630 16:33:29 INFO /Volumes/data/work/1duo-coremltools/coremltools/converters/mil/mil/passes/dead_code_elimination.py:35] Removing op "18" (type: const)
[20200630 16:33:29 INFO /Volumes/data/work/1duo-coremltools/coremltools/converters/mil/mil/passes/dead_code_elimination.py:35] Removing op "17" (type: const)
[20200630 16:33:29 INFO /Volumes/data/work/1duo-coremltools/coremltools/converters/mil/mil/passes/dead_code_elimination.py:35] Removing op "24" (type: const)
[20200630 16:33:29 INFO /Volumes/data/work/1duo-coremltools/coremltools/converters/mil/mil/passes/dead_code_elimination.py:35] Removing op "12" (type: const)
[20200630 16:33:29 INFO /Volumes/data/work/1duo-coremltools/coremltools/converters/mil/mil/passes/dead_code_elimination.py:35] Removing op "22" (type: const)
[20200630 16:33:29 DEBUG /Volumes/data/work/1duo-coremltools/coremltools/converters/mil/mil/passes/common_pass.py:38] Program after common passes:
main(%input: (1, 3, 5, 7, fp32)) {
  block140() {
    %1: (3, 3, 3, 3, fp32)* = const(val=(file_value), name="1")
    %2: (3,fp32)* = const(val=[-0.15389364957809448, -0.13884887099266052, -0.07467249780893326], name="2")
    %21: (2,i32)* = const(val=[1, 1], name="21")
    %23: (2,i32)* = const(val=[3, 3], name="23")
    %16: (i32)* = const(val=1, name="16")
    %20_pad_type_121: (str)* = const(val="custom", name="20_pad_type_121")
    %20_pad_121: (4,i32)* = const(val=[1, 1, 1, 1], name="20_pad_121")
    %20: (1, 3, 1, 3, fp32) = conv(x=%input, weight=%1, bias=%2, strides=%21, pad_type=%20_pad_type_121, pad=%20_pad_121, dilations=%23, groups=%16, name="20")
  } -> (%20)
}

[20200630 16:33:29 INFO /Volumes/data/work/1duo-coremltools/coremltools/converters/mil/backend/nn/passes/nn_passes.py:22] Performing passes for nn_backend: "nn_backend::commingle_loop_vars"
[20200630 16:33:29 INFO /Volumes/data/work/1duo-coremltools/coremltools/converters/mil/backend/nn/passes/nn_passes.py:22] Performing passes for nn_backend: "nn_backend::handle_return_inputs_as_outputs"
[20200630 16:33:29 INFO /Volumes/data/work/1duo-coremltools/coremltools/converters/mil/backend/nn/passes/nn_passes.py:22] Performing passes for nn_backend: "common::const_elimination"
[20200630 16:33:29 INFO /Volumes/data/work/1duo-coremltools/coremltools/converters/mil/backend/nn/passes/nn_passes.py:22] Performing passes for nn_backend: "common::dead_code_elimination"
[20200630 16:33:29 INFO /Volumes/data/work/1duo-coremltools/coremltools/converters/mil/backend/nn/passes/nn_passes.py:22] Performing passes for nn_backend: "nn_backend::handle_unused_inputs"
[20200630 16:33:29 INFO /Volumes/data/work/1duo-coremltools/coremltools/converters/mil/backend/nn/passes/nn_passes.py:22] Performing passes for nn_backend: "nn_backend::alert_return_type_cast"
[20200630 16:33:29 DEBUG /Volumes/data/work/1duo-coremltools/coremltools/converters/mil/backend/nn/passes/nn_passes.py:26] Program after nn backend passes:
main(%input: (1, 3, 5, 7, fp32)) {
  block140() {
    %1: (3, 3, 3, 3, fp32)* = const(val=(file_value), name="1")
    %2: (3,fp32)* = const(val=[-0.15389364957809448, -0.13884887099266052, -0.07467249780893326], name="2")
    %21: (2,i32)* = const(val=[1, 1], name="21")
    %23: (2,i32)* = const(val=[3, 3], name="23")
    %16: (i32)* = const(val=1, name="16")
    %20_pad_type_121: (str)* = const(val="custom", name="20_pad_type_121")
    %20_pad_121: (4,i32)* = const(val=[1, 1, 1, 1], name="20_pad_121")
    %20: (1, 3, 1, 3, fp32) = conv(x=%input, weight=%1, bias=%2, strides=%21, pad_type=%20_pad_type_121, pad=%20_pad_121, dilations=%23, groups=%16, name="20")
  } -> (%20)
}

[20200630 16:33:29 INFO /Volumes/data/work/1duo-coremltools/coremltools/converters/mil/frontend/torch/converter.py:269] Converting graph.
[20200630 16:33:29 INFO /Volumes/data/work/1duo-coremltools/coremltools/converters/mil/mil/builder.py:181] Adding op '1' of type const
[20200630 16:33:29 INFO /Volumes/data/work/1duo-coremltools/coremltools/converters/mil/mil/builder.py:181] Adding op '2' of type const
[20200630 16:33:29 INFO /Volumes/data/work/1duo-coremltools/coremltools/converters/mil/frontend/torch/ops.py:49] Converting op 21 : constant
[20200630 16:33:29 INFO /Volumes/data/work/1duo-coremltools/coremltools/converters/mil/mil/builder.py:181] Adding op '21' of type const
[20200630 16:33:29 INFO /Volumes/data/work/1duo-coremltools/coremltools/converters/mil/frontend/torch/ops.py:49] Converting op 22 : constant
[20200630 16:33:29 INFO /Volumes/data/work/1duo-coremltools/coremltools/converters/mil/mil/builder.py:181] Adding op '22' of type const
[20200630 16:33:29 INFO /Volumes/data/work/1duo-coremltools/coremltools/converters/mil/frontend/torch/ops.py:49] Converting op 23 : constant
[20200630 16:33:29 INFO /Volumes/data/work/1duo-coremltools/coremltools/converters/mil/mil/builder.py:181] Adding op '23' of type const
[20200630 16:33:29 INFO /Volumes/data/work/1duo-coremltools/coremltools/converters/mil/frontend/torch/ops.py:49] Converting op 12 : constant
[20200630 16:33:29 INFO /Volumes/data/work/1duo-coremltools/coremltools/converters/mil/mil/builder.py:181] Adding op '12' of type const
[20200630 16:33:29 INFO /Volumes/data/work/1duo-coremltools/coremltools/converters/mil/frontend/torch/ops.py:49] Converting op 24 : constant
[20200630 16:33:29 INFO /Volumes/data/work/1duo-coremltools/coremltools/converters/mil/mil/builder.py:181] Adding op '24' of type const
[20200630 16:33:29 INFO /Volumes/data/work/1duo-coremltools/coremltools/converters/mil/frontend/torch/ops.py:49] Converting op 16 : constant
[20200630 16:33:29 INFO /Volumes/data/work/1duo-coremltools/coremltools/converters/mil/mil/builder.py:181] Adding op '16' of type const
[20200630 16:33:29 INFO /Volumes/data/work/1duo-coremltools/coremltools/converters/mil/frontend/torch/ops.py:49] Converting op 17 : constant
[20200630 16:33:29 INFO /Volumes/data/work/1duo-coremltools/coremltools/converters/mil/mil/builder.py:181] Adding op '17' of type const
[20200630 16:33:29 INFO /Volumes/data/work/1duo-coremltools/coremltools/converters/mil/frontend/torch/ops.py:49] Converting op 18 : constant
[20200630 16:33:29 INFO /Volumes/data/work/1duo-coremltools/coremltools/converters/mil/mil/builder.py:181] Adding op '18' of type const
[20200630 16:33:29 INFO /Volumes/data/work/1duo-coremltools/coremltools/converters/mil/frontend/torch/ops.py:49] Converting op 19 : constant
[20200630 16:33:29 INFO /Volumes/data/work/1duo-coremltools/coremltools/converters/mil/mil/builder.py:181] Adding op '19' of type const
[20200630 16:33:29 INFO /Volumes/data/work/1duo-coremltools/coremltools/converters/mil/frontend/torch/ops.py:49] Converting op 20 : _convolution
[20200630 16:33:29 INFO /Volumes/data/work/1duo-coremltools/coremltools/converters/mil/mil/builder.py:181] Adding op '20' of type conv
[20200630 16:33:29 DEBUG /Volumes/data/work/1duo-coremltools/coremltools/converters/mil/mil/builder.py:93] Adding const op '20_pad_type_122'
[20200630 16:33:29 INFO /Volumes/data/work/1duo-coremltools/coremltools/converters/mil/mil/builder.py:181] Adding op '20_pad_type_122' of type const
[20200630 16:33:29 DEBUG /Volumes/data/work/1duo-coremltools/coremltools/converters/mil/mil/builder.py:93] Adding const op '20_pad_122'
[20200630 16:33:29 INFO /Volumes/data/work/1duo-coremltools/coremltools/converters/mil/mil/builder.py:181] Adding op '20_pad_122' of type const
[20200630 16:33:29 DEBUG /Volumes/data/work/1duo-coremltools/coremltools/converters/mil/mil/passes/common_pass.py:30] Program before common passes:
main(%input: (1, 3, 5, 7, fp32)) {
  block141() {
    %1: (3, 3, 3, 3, fp32)* = const(val=(file_value), name="1")
    %2: (3,fp32)* = const(val=[0.17848075926303864, -0.19000175595283508, -0.07631052285432816], name="2")
    %21: (2,i32)* = const(val=[1, 1], name="21")
    %22: (2,i32)* = const(val=[3, 3], name="22")
    %23: (2,i32)* = const(val=[1, 1], name="23")
    %12: (bool)* = const(val=False, name="12")
    %24: (2,i32)* = const(val=[0, 0], name="24")
    %16: (i32)* = const(val=1, name="16")
    %17: (bool)* = const(val=False, name="17")
    %18: (bool)* = const(val=False, name="18")
    %19: (bool)* = const(val=True, name="19")
    %20_pad_type_122: (str)* = const(val="custom", name="20_pad_type_122")
    %20_pad_122: (4,i32)* = const(val=[3, 3, 3, 3], name="20_pad_122")
    %20: (1, 3, 9, 11, fp32) = conv(x=%input, weight=%1, bias=%2, strides=%21, pad_type=%20_pad_type_122, pad=%20_pad_122, dilations=%23, groups=%16, name="20")
  } -> (%20)
}

[20200630 16:33:29 INFO /Volumes/data/work/1duo-coremltools/coremltools/converters/mil/mil/passes/common_pass.py:34] Performing pass: "common::const_elimination"
[20200630 16:33:29 INFO /Volumes/data/work/1duo-coremltools/coremltools/converters/mil/mil/passes/common_pass.py:34] Performing pass: "common::divide_to_multiply"
[20200630 16:33:29 INFO /Volumes/data/work/1duo-coremltools/coremltools/converters/mil/mil/passes/common_pass.py:34] Performing pass: "common::fuse_matmul_weight_bias"
[20200630 16:33:29 INFO /Volumes/data/work/1duo-coremltools/coremltools/converters/mil/mil/passes/common_pass.py:34] Performing pass: "common::const_elimination"
[20200630 16:33:29 INFO /Volumes/data/work/1duo-coremltools/coremltools/converters/mil/mil/passes/common_pass.py:34] Performing pass: "common::loop_invariant_elimination"
[20200630 16:33:29 INFO /Volumes/data/work/1duo-coremltools/coremltools/converters/mil/mil/passes/common_pass.py:34] Performing pass: "common::remove_symbolic_reshape"
[20200630 16:33:29 INFO /Volumes/data/work/1duo-coremltools/coremltools/converters/mil/mil/passes/remove_symbolic_reshape.py:104] remove_symbolic_reshape: changed 0 reshapes.
[20200630 16:33:29 INFO /Volumes/data/work/1duo-coremltools/coremltools/converters/mil/mil/passes/common_pass.py:34] Performing pass: "common::fuse_gelu_tanh_approximation"
[20200630 16:33:29 INFO /Volumes/data/work/1duo-coremltools/coremltools/converters/mil/mil/passes/common_pass.py:34] Performing pass: "common::reduce_transposes"
[20200630 16:33:29 DEBUG /Volumes/data/work/1duo-coremltools/coremltools/converters/mil/mil/passes/reduce_transposes.py:989] Block before optimize transpose transform:
function(%input: (1, 3, 5, 7, fp32)) {
  block141() {
    %1: (3, 3, 3, 3, fp32)* = const(val=(file_value), name="1")
    %2: (3,fp32)* = const(val=[0.17848075926303864, -0.19000175595283508, -0.07631052285432816], name="2")
    %21: (2,i32)* = const(val=[1, 1], name="21")
    %22: (2,i32)* = const(val=[3, 3], name="22")
    %23: (2,i32)* = const(val=[1, 1], name="23")
    %12: (bool)* = const(val=False, name="12")
    %24: (2,i32)* = const(val=[0, 0], name="24")
    %16: (i32)* = const(val=1, name="16")
    %17: (bool)* = const(val=False, name="17")
    %18: (bool)* = const(val=False, name="18")
    %19: (bool)* = const(val=True, name="19")
    %20_pad_type_122: (str)* = const(val="custom", name="20_pad_type_122")
    %20_pad_122: (4,i32)* = const(val=[3, 3, 3, 3], name="20_pad_122")
    %20: (1, 3, 9, 11, fp32) = conv(x=%input, weight=%1, bias=%2, strides=%21, pad_type=%20_pad_type_122, pad=%20_pad_122, dilations=%23, groups=%16, name="20")
  } -> (%20)
}

[20200630 16:33:29 DEBUG /Volumes/data/work/1duo-coremltools/coremltools/converters/mil/mil/passes/reduce_transposes.py:1024] Block after optimize transpose transform:
function(%input: (1, 3, 5, 7, fp32)) {
  block141() {
    %1: (3, 3, 3, 3, fp32)* = const(val=(file_value), name="1")
    %2: (3,fp32)* = const(val=[0.17848075926303864, -0.19000175595283508, -0.07631052285432816], name="2")
    %21: (2,i32)* = const(val=[1, 1], name="21")
    %22: (2,i32)* = const(val=[3, 3], name="22")
    %23: (2,i32)* = const(val=[1, 1], name="23")
    %12: (bool)* = const(val=False, name="12")
    %24: (2,i32)* = const(val=[0, 0], name="24")
    %16: (i32)* = const(val=1, name="16")
    %17: (bool)* = const(val=False, name="17")
    %18: (bool)* = const(val=False, name="18")
    %19: (bool)* = const(val=True, name="19")
    %20_pad_type_122: (str)* = const(val="custom", name="20_pad_type_122")
    %20_pad_122: (4,i32)* = const(val=[3, 3, 3, 3], name="20_pad_122")
    %20: (1, 3, 9, 11, fp32) = conv(x=%input, weight=%1, bias=%2, strides=%21, pad_type=%20_pad_type_122, pad=%20_pad_122, dilations=%23, groups=%16, name="20")
  } -> (%20)
}

[20200630 16:33:29 INFO /Volumes/data/work/1duo-coremltools/coremltools/converters/mil/mil/passes/common_pass.py:34] Performing pass: "common::fuse_bias_conv"
[20200630 16:33:29 INFO /Volumes/data/work/1duo-coremltools/coremltools/converters/mil/mil/passes/common_pass.py:34] Performing pass: "common::fuse_elementwise_to_batchnorm"
[20200630 16:33:29 INFO /Volumes/data/work/1duo-coremltools/coremltools/converters/mil/mil/passes/common_pass.py:34] Performing pass: "common::fuse_onehot_matmul_to_gather"
[20200630 16:33:29 INFO /Volumes/data/work/1duo-coremltools/coremltools/converters/mil/mil/passes/common_pass.py:34] Performing pass: "common::fuse_layernorm_or_instancenorm"
[20200630 16:33:29 INFO /Volumes/data/work/1duo-coremltools/coremltools/converters/mil/mil/passes/common_pass.py:34] Performing pass: "common::dead_code_elimination"
[20200630 16:33:29 INFO /Volumes/data/work/1duo-coremltools/coremltools/converters/mil/mil/passes/dead_code_elimination.py:35] Removing op "19" (type: const)
[20200630 16:33:29 INFO /Volumes/data/work/1duo-coremltools/coremltools/converters/mil/mil/passes/dead_code_elimination.py:35] Removing op "18" (type: const)
[20200630 16:33:29 INFO /Volumes/data/work/1duo-coremltools/coremltools/converters/mil/mil/passes/dead_code_elimination.py:35] Removing op "17" (type: const)
[20200630 16:33:29 INFO /Volumes/data/work/1duo-coremltools/coremltools/converters/mil/mil/passes/dead_code_elimination.py:35] Removing op "24" (type: const)
[20200630 16:33:29 INFO /Volumes/data/work/1duo-coremltools/coremltools/converters/mil/mil/passes/dead_code_elimination.py:35] Removing op "12" (type: const)
[20200630 16:33:29 INFO /Volumes/data/work/1duo-coremltools/coremltools/converters/mil/mil/passes/dead_code_elimination.py:35] Removing op "22" (type: const)
[20200630 16:33:29 DEBUG /Volumes/data/work/1duo-coremltools/coremltools/converters/mil/mil/passes/common_pass.py:38] Program after common passes:
main(%input: (1, 3, 5, 7, fp32)) {
  block141() {
    %1: (3, 3, 3, 3, fp32)* = const(val=(file_value), name="1")
    %2: (3,fp32)* = const(val=[0.17848075926303864, -0.19000175595283508, -0.07631052285432816], name="2")
    %21: (2,i32)* = const(val=[1, 1], name="21")
    %23: (2,i32)* = const(val=[1, 1], name="23")
    %16: (i32)* = const(val=1, name="16")
    %20_pad_type_122: (str)* = const(val="custom", name="20_pad_type_122")
    %20_pad_122: (4,i32)* = const(val=[3, 3, 3, 3], name="20_pad_122")
    %20: (1, 3, 9, 11, fp32) = conv(x=%input, weight=%1, bias=%2, strides=%21, pad_type=%20_pad_type_122, pad=%20_pad_122, dilations=%23, groups=%16, name="20")
  } -> (%20)
}

[20200630 16:33:29 INFO /Volumes/data/work/1duo-coremltools/coremltools/converters/mil/backend/nn/passes/nn_passes.py:22] Performing passes for nn_backend: "nn_backend::commingle_loop_vars"
[20200630 16:33:29 INFO /Volumes/data/work/1duo-coremltools/coremltools/converters/mil/backend/nn/passes/nn_passes.py:22] Performing passes for nn_backend: "nn_backend::handle_return_inputs_as_outputs"
[20200630 16:33:29 INFO /Volumes/data/work/1duo-coremltools/coremltools/converters/mil/backend/nn/passes/nn_passes.py:22] Performing passes for nn_backend: "common::const_elimination"
[20200630 16:33:29 INFO /Volumes/data/work/1duo-coremltools/coremltools/converters/mil/backend/nn/passes/nn_passes.py:22] Performing passes for nn_backend: "common::dead_code_elimination"
[20200630 16:33:29 INFO /Volumes/data/work/1duo-coremltools/coremltools/converters/mil/backend/nn/passes/nn_passes.py:22] Performing passes for nn_backend: "nn_backend::handle_unused_inputs"
[20200630 16:33:29 INFO /Volumes/data/work/1duo-coremltools/coremltools/converters/mil/backend/nn/passes/nn_passes.py:22] Performing passes for nn_backend: "nn_backend::alert_return_type_cast"
[20200630 16:33:29 DEBUG /Volumes/data/work/1duo-coremltools/coremltools/converters/mil/backend/nn/passes/nn_passes.py:26] Program after nn backend passes:
main(%input: (1, 3, 5, 7, fp32)) {
  block141() {
    %1: (3, 3, 3, 3, fp32)* = const(val=(file_value), name="1")
    %2: (3,fp32)* = const(val=[0.17848075926303864, -0.19000175595283508, -0.07631052285432816], name="2")
    %21: (2,i32)* = const(val=[1, 1], name="21")
    %23: (2,i32)* = const(val=[1, 1], name="23")
    %16: (i32)* = const(val=1, name="16")
    %20_pad_type_122: (str)* = const(val="custom", name="20_pad_type_122")
    %20_pad_122: (4,i32)* = const(val=[3, 3, 3, 3], name="20_pad_122")
    %20: (1, 3, 9, 11, fp32) = conv(x=%input, weight=%1, bias=%2, strides=%21, pad_type=%20_pad_type_122, pad=%20_pad_122, dilations=%23, groups=%16, name="20")
  } -> (%20)
}

[20200630 16:33:29 INFO /Volumes/data/work/1duo-coremltools/coremltools/converters/mil/frontend/torch/converter.py:269] Converting graph.
[20200630 16:33:29 INFO /Volumes/data/work/1duo-coremltools/coremltools/converters/mil/mil/builder.py:181] Adding op '1' of type const
[20200630 16:33:29 INFO /Volumes/data/work/1duo-coremltools/coremltools/converters/mil/mil/builder.py:181] Adding op '2' of type const
[20200630 16:33:29 INFO /Volumes/data/work/1duo-coremltools/coremltools/converters/mil/frontend/torch/ops.py:49] Converting op 21 : constant
[20200630 16:33:29 INFO /Volumes/data/work/1duo-coremltools/coremltools/converters/mil/mil/builder.py:181] Adding op '21' of type const
[20200630 16:33:29 INFO /Volumes/data/work/1duo-coremltools/coremltools/converters/mil/frontend/torch/ops.py:49] Converting op 22 : constant
[20200630 16:33:29 INFO /Volumes/data/work/1duo-coremltools/coremltools/converters/mil/mil/builder.py:181] Adding op '22' of type const
[20200630 16:33:29 INFO /Volumes/data/work/1duo-coremltools/coremltools/converters/mil/frontend/torch/ops.py:49] Converting op 23 : constant
[20200630 16:33:29 INFO /Volumes/data/work/1duo-coremltools/coremltools/converters/mil/mil/builder.py:181] Adding op '23' of type const
[20200630 16:33:29 INFO /Volumes/data/work/1duo-coremltools/coremltools/converters/mil/frontend/torch/ops.py:49] Converting op 12 : constant
[20200630 16:33:29 INFO /Volumes/data/work/1duo-coremltools/coremltools/converters/mil/mil/builder.py:181] Adding op '12' of type const
[20200630 16:33:29 INFO /Volumes/data/work/1duo-coremltools/coremltools/converters/mil/frontend/torch/ops.py:49] Converting op 24 : constant
[20200630 16:33:29 INFO /Volumes/data/work/1duo-coremltools/coremltools/converters/mil/mil/builder.py:181] Adding op '24' of type const
[20200630 16:33:29 INFO /Volumes/data/work/1duo-coremltools/coremltools/converters/mil/frontend/torch/ops.py:49] Converting op 16 : constant
[20200630 16:33:29 INFO /Volumes/data/work/1duo-coremltools/coremltools/converters/mil/mil/builder.py:181] Adding op '16' of type const
[20200630 16:33:29 INFO /Volumes/data/work/1duo-coremltools/coremltools/converters/mil/frontend/torch/ops.py:49] Converting op 17 : constant
[20200630 16:33:29 INFO /Volumes/data/work/1duo-coremltools/coremltools/converters/mil/mil/builder.py:181] Adding op '17' of type const
[20200630 16:33:29 INFO /Volumes/data/work/1duo-coremltools/coremltools/converters/mil/frontend/torch/ops.py:49] Converting op 18 : constant
[20200630 16:33:29 INFO /Volumes/data/work/1duo-coremltools/coremltools/converters/mil/mil/builder.py:181] Adding op '18' of type const
[20200630 16:33:29 INFO /Volumes/data/work/1duo-coremltools/coremltools/converters/mil/frontend/torch/ops.py:49] Converting op 19 : constant
[20200630 16:33:29 INFO /Volumes/data/work/1duo-coremltools/coremltools/converters/mil/mil/builder.py:181] Adding op '19' of type const
[20200630 16:33:29 INFO /Volumes/data/work/1duo-coremltools/coremltools/converters/mil/frontend/torch/ops.py:49] Converting op 20 : _convolution
[20200630 16:33:29 INFO /Volumes/data/work/1duo-coremltools/coremltools/converters/mil/mil/builder.py:181] Adding op '20' of type conv
[20200630 16:33:29 DEBUG /Volumes/data/work/1duo-coremltools/coremltools/converters/mil/mil/builder.py:93] Adding const op '20_pad_type_123'
[20200630 16:33:29 INFO /Volumes/data/work/1duo-coremltools/coremltools/converters/mil/mil/builder.py:181] Adding op '20_pad_type_123' of type const
[20200630 16:33:29 DEBUG /Volumes/data/work/1duo-coremltools/coremltools/converters/mil/mil/builder.py:93] Adding const op '20_pad_123'
[20200630 16:33:29 INFO /Volumes/data/work/1duo-coremltools/coremltools/converters/mil/mil/builder.py:181] Adding op '20_pad_123' of type const
[20200630 16:33:29 DEBUG /Volumes/data/work/1duo-coremltools/coremltools/converters/mil/mil/passes/common_pass.py:30] Program before common passes:
main(%input: (1, 3, 5, 7, fp32)) {
  block142() {
    %1: (3, 3, 3, 3, fp32)* = const(val=(file_value), name="1")
    %2: (3,fp32)* = const(val=[-0.10271859169006348, 0.024690940976142883, 0.09709461033344269], name="2")
    %21: (2,i32)* = const(val=[1, 1], name="21")
    %22: (2,i32)* = const(val=[3, 3], name="22")
    %23: (2,i32)* = const(val=[3, 3], name="23")
    %12: (bool)* = const(val=False, name="12")
    %24: (2,i32)* = const(val=[0, 0], name="24")
    %16: (i32)* = const(val=1, name="16")
    %17: (bool)* = const(val=False, name="17")
    %18: (bool)* = const(val=False, name="18")
    %19: (bool)* = const(val=True, name="19")
    %20_pad_type_123: (str)* = const(val="custom", name="20_pad_type_123")
    %20_pad_123: (4,i32)* = const(val=[3, 3, 3, 3], name="20_pad_123")
    %20: (1, 3, 5, 7, fp32) = conv(x=%input, weight=%1, bias=%2, strides=%21, pad_type=%20_pad_type_123, pad=%20_pad_123, dilations=%23, groups=%16, name="20")
  } -> (%20)
}

[20200630 16:33:29 INFO /Volumes/data/work/1duo-coremltools/coremltools/converters/mil/mil/passes/common_pass.py:34] Performing pass: "common::const_elimination"
[20200630 16:33:29 INFO /Volumes/data/work/1duo-coremltools/coremltools/converters/mil/mil/passes/common_pass.py:34] Performing pass: "common::divide_to_multiply"
[20200630 16:33:29 INFO /Volumes/data/work/1duo-coremltools/coremltools/converters/mil/mil/passes/common_pass.py:34] Performing pass: "common::fuse_matmul_weight_bias"
[20200630 16:33:29 INFO /Volumes/data/work/1duo-coremltools/coremltools/converters/mil/mil/passes/common_pass.py:34] Performing pass: "common::const_elimination"
[20200630 16:33:29 INFO /Volumes/data/work/1duo-coremltools/coremltools/converters/mil/mil/passes/common_pass.py:34] Performing pass: "common::loop_invariant_elimination"
[20200630 16:33:29 INFO /Volumes/data/work/1duo-coremltools/coremltools/converters/mil/mil/passes/common_pass.py:34] Performing pass: "common::remove_symbolic_reshape"
[20200630 16:33:29 INFO /Volumes/data/work/1duo-coremltools/coremltools/converters/mil/mil/passes/remove_symbolic_reshape.py:104] remove_symbolic_reshape: changed 0 reshapes.
[20200630 16:33:29 INFO /Volumes/data/work/1duo-coremltools/coremltools/converters/mil/mil/passes/common_pass.py:34] Performing pass: "common::fuse_gelu_tanh_approximation"
[20200630 16:33:29 INFO /Volumes/data/work/1duo-coremltools/coremltools/converters/mil/mil/passes/common_pass.py:34] Performing pass: "common::reduce_transposes"
[20200630 16:33:29 DEBUG /Volumes/data/work/1duo-coremltools/coremltools/converters/mil/mil/passes/reduce_transposes.py:989] Block before optimize transpose transform:
function(%input: (1, 3, 5, 7, fp32)) {
  block142() {
    %1: (3, 3, 3, 3, fp32)* = const(val=(file_value), name="1")
    %2: (3,fp32)* = const(val=[-0.10271859169006348, 0.024690940976142883, 0.09709461033344269], name="2")
    %21: (2,i32)* = const(val=[1, 1], name="21")
    %22: (2,i32)* = const(val=[3, 3], name="22")
    %23: (2,i32)* = const(val=[3, 3], name="23")
    %12: (bool)* = const(val=False, name="12")
    %24: (2,i32)* = const(val=[0, 0], name="24")
    %16: (i32)* = const(val=1, name="16")
    %17: (bool)* = const(val=False, name="17")
    %18: (bool)* = const(val=False, name="18")
    %19: (bool)* = const(val=True, name="19")
    %20_pad_type_123: (str)* = const(val="custom", name="20_pad_type_123")
    %20_pad_123: (4,i32)* = const(val=[3, 3, 3, 3], name="20_pad_123")
    %20: (1, 3, 5, 7, fp32) = conv(x=%input, weight=%1, bias=%2, strides=%21, pad_type=%20_pad_type_123, pad=%20_pad_123, dilations=%23, groups=%16, name="20")
  } -> (%20)
}

[20200630 16:33:29 DEBUG /Volumes/data/work/1duo-coremltools/coremltools/converters/mil/mil/passes/reduce_transposes.py:1024] Block after optimize transpose transform:
function(%input: (1, 3, 5, 7, fp32)) {
  block142() {
    %1: (3, 3, 3, 3, fp32)* = const(val=(file_value), name="1")
    %2: (3,fp32)* = const(val=[-0.10271859169006348, 0.024690940976142883, 0.09709461033344269], name="2")
    %21: (2,i32)* = const(val=[1, 1], name="21")
    %22: (2,i32)* = const(val=[3, 3], name="22")
    %23: (2,i32)* = const(val=[3, 3], name="23")
    %12: (bool)* = const(val=False, name="12")
    %24: (2,i32)* = const(val=[0, 0], name="24")
    %16: (i32)* = const(val=1, name="16")
    %17: (bool)* = const(val=False, name="17")
    %18: (bool)* = const(val=False, name="18")
    %19: (bool)* = const(val=True, name="19")
    %20_pad_type_123: (str)* = const(val="custom", name="20_pad_type_123")
    %20_pad_123: (4,i32)* = const(val=[3, 3, 3, 3], name="20_pad_123")
    %20: (1, 3, 5, 7, fp32) = conv(x=%input, weight=%1, bias=%2, strides=%21, pad_type=%20_pad_type_123, pad=%20_pad_123, dilations=%23, groups=%16, name="20")
  } -> (%20)
}

[20200630 16:33:29 INFO /Volumes/data/work/1duo-coremltools/coremltools/converters/mil/mil/passes/common_pass.py:34] Performing pass: "common::fuse_bias_conv"
[20200630 16:33:29 INFO /Volumes/data/work/1duo-coremltools/coremltools/converters/mil/mil/passes/common_pass.py:34] Performing pass: "common::fuse_elementwise_to_batchnorm"
[20200630 16:33:29 INFO /Volumes/data/work/1duo-coremltools/coremltools/converters/mil/mil/passes/common_pass.py:34] Performing pass: "common::fuse_onehot_matmul_to_gather"
[20200630 16:33:29 INFO /Volumes/data/work/1duo-coremltools/coremltools/converters/mil/mil/passes/common_pass.py:34] Performing pass: "common::fuse_layernorm_or_instancenorm"
[20200630 16:33:29 INFO /Volumes/data/work/1duo-coremltools/coremltools/converters/mil/mil/passes/common_pass.py:34] Performing pass: "common::dead_code_elimination"
[20200630 16:33:29 INFO /Volumes/data/work/1duo-coremltools/coremltools/converters/mil/mil/passes/dead_code_elimination.py:35] Removing op "19" (type: const)
[20200630 16:33:29 INFO /Volumes/data/work/1duo-coremltools/coremltools/converters/mil/mil/passes/dead_code_elimination.py:35] Removing op "18" (type: const)
[20200630 16:33:29 INFO /Volumes/data/work/1duo-coremltools/coremltools/converters/mil/mil/passes/dead_code_elimination.py:35] Removing op "17" (type: const)
[20200630 16:33:29 INFO /Volumes/data/work/1duo-coremltools/coremltools/converters/mil/mil/passes/dead_code_elimination.py:35] Removing op "24" (type: const)
[20200630 16:33:29 INFO /Volumes/data/work/1duo-coremltools/coremltools/converters/mil/mil/passes/dead_code_elimination.py:35] Removing op "12" (type: const)
[20200630 16:33:29 INFO /Volumes/data/work/1duo-coremltools/coremltools/converters/mil/mil/passes/dead_code_elimination.py:35] Removing op "22" (type: const)
[20200630 16:33:29 DEBUG /Volumes/data/work/1duo-coremltools/coremltools/converters/mil/mil/passes/common_pass.py:38] Program after common passes:
main(%input: (1, 3, 5, 7, fp32)) {
  block142() {
    %1: (3, 3, 3, 3, fp32)* = const(val=(file_value), name="1")
    %2: (3,fp32)* = const(val=[-0.10271859169006348, 0.024690940976142883, 0.09709461033344269], name="2")
    %21: (2,i32)* = const(val=[1, 1], name="21")
    %23: (2,i32)* = const(val=[3, 3], name="23")
    %16: (i32)* = const(val=1, name="16")
    %20_pad_type_123: (str)* = const(val="custom", name="20_pad_type_123")
    %20_pad_123: (4,i32)* = const(val=[3, 3, 3, 3], name="20_pad_123")
    %20: (1, 3, 5, 7, fp32) = conv(x=%input, weight=%1, bias=%2, strides=%21, pad_type=%20_pad_type_123, pad=%20_pad_123, dilations=%23, groups=%16, name="20")
  } -> (%20)
}

[20200630 16:33:29 INFO /Volumes/data/work/1duo-coremltools/coremltools/converters/mil/backend/nn/passes/nn_passes.py:22] Performing passes for nn_backend: "nn_backend::commingle_loop_vars"
[20200630 16:33:29 INFO /Volumes/data/work/1duo-coremltools/coremltools/converters/mil/backend/nn/passes/nn_passes.py:22] Performing passes for nn_backend: "nn_backend::handle_return_inputs_as_outputs"
[20200630 16:33:29 INFO /Volumes/data/work/1duo-coremltools/coremltools/converters/mil/backend/nn/passes/nn_passes.py:22] Performing passes for nn_backend: "common::const_elimination"
[20200630 16:33:29 INFO /Volumes/data/work/1duo-coremltools/coremltools/converters/mil/backend/nn/passes/nn_passes.py:22] Performing passes for nn_backend: "common::dead_code_elimination"
[20200630 16:33:29 INFO /Volumes/data/work/1duo-coremltools/coremltools/converters/mil/backend/nn/passes/nn_passes.py:22] Performing passes for nn_backend: "nn_backend::handle_unused_inputs"
[20200630 16:33:29 INFO /Volumes/data/work/1duo-coremltools/coremltools/converters/mil/backend/nn/passes/nn_passes.py:22] Performing passes for nn_backend: "nn_backend::alert_return_type_cast"
[20200630 16:33:29 DEBUG /Volumes/data/work/1duo-coremltools/coremltools/converters/mil/backend/nn/passes/nn_passes.py:26] Program after nn backend passes:
main(%input: (1, 3, 5, 7, fp32)) {
  block142() {
    %1: (3, 3, 3, 3, fp32)* = const(val=(file_value), name="1")
    %2: (3,fp32)* = const(val=[-0.10271859169006348, 0.024690940976142883, 0.09709461033344269], name="2")
    %21: (2,i32)* = const(val=[1, 1], name="21")
    %23: (2,i32)* = const(val=[3, 3], name="23")
    %16: (i32)* = const(val=1, name="16")
    %20_pad_type_123: (str)* = const(val="custom", name="20_pad_type_123")
    %20_pad_123: (4,i32)* = const(val=[3, 3, 3, 3], name="20_pad_123")
    %20: (1, 3, 5, 7, fp32) = conv(x=%input, weight=%1, bias=%2, strides=%21, pad_type=%20_pad_type_123, pad=%20_pad_123, dilations=%23, groups=%16, name="20")
  } -> (%20)
}

[20200630 16:33:29 INFO /Volumes/data/work/1duo-coremltools/coremltools/converters/mil/frontend/torch/converter.py:269] Converting graph.
[20200630 16:33:29 INFO /Volumes/data/work/1duo-coremltools/coremltools/converters/mil/mil/builder.py:181] Adding op '1' of type const
[20200630 16:33:29 INFO /Volumes/data/work/1duo-coremltools/coremltools/converters/mil/mil/builder.py:181] Adding op '2' of type const
[20200630 16:33:29 INFO /Volumes/data/work/1duo-coremltools/coremltools/converters/mil/frontend/torch/ops.py:49] Converting op 21 : constant
[20200630 16:33:29 INFO /Volumes/data/work/1duo-coremltools/coremltools/converters/mil/mil/builder.py:181] Adding op '21' of type const
[20200630 16:33:29 INFO /Volumes/data/work/1duo-coremltools/coremltools/converters/mil/frontend/torch/ops.py:49] Converting op 22 : constant
[20200630 16:33:29 INFO /Volumes/data/work/1duo-coremltools/coremltools/converters/mil/mil/builder.py:181] Adding op '22' of type const
[20200630 16:33:29 INFO /Volumes/data/work/1duo-coremltools/coremltools/converters/mil/frontend/torch/ops.py:49] Converting op 23 : constant
[20200630 16:33:29 INFO /Volumes/data/work/1duo-coremltools/coremltools/converters/mil/mil/builder.py:181] Adding op '23' of type const
[20200630 16:33:29 INFO /Volumes/data/work/1duo-coremltools/coremltools/converters/mil/frontend/torch/ops.py:49] Converting op 12 : constant
[20200630 16:33:29 INFO /Volumes/data/work/1duo-coremltools/coremltools/converters/mil/mil/builder.py:181] Adding op '12' of type const
[20200630 16:33:29 INFO /Volumes/data/work/1duo-coremltools/coremltools/converters/mil/frontend/torch/ops.py:49] Converting op 24 : constant
[20200630 16:33:29 INFO /Volumes/data/work/1duo-coremltools/coremltools/converters/mil/mil/builder.py:181] Adding op '24' of type const
[20200630 16:33:29 INFO /Volumes/data/work/1duo-coremltools/coremltools/converters/mil/frontend/torch/ops.py:49] Converting op 16 : constant
[20200630 16:33:29 INFO /Volumes/data/work/1duo-coremltools/coremltools/converters/mil/mil/builder.py:181] Adding op '16' of type const
[20200630 16:33:29 INFO /Volumes/data/work/1duo-coremltools/coremltools/converters/mil/frontend/torch/ops.py:49] Converting op 17 : constant
[20200630 16:33:29 INFO /Volumes/data/work/1duo-coremltools/coremltools/converters/mil/mil/builder.py:181] Adding op '17' of type const
[20200630 16:33:29 INFO /Volumes/data/work/1duo-coremltools/coremltools/converters/mil/frontend/torch/ops.py:49] Converting op 18 : constant
[20200630 16:33:29 INFO /Volumes/data/work/1duo-coremltools/coremltools/converters/mil/mil/builder.py:181] Adding op '18' of type const
[20200630 16:33:29 INFO /Volumes/data/work/1duo-coremltools/coremltools/converters/mil/frontend/torch/ops.py:49] Converting op 19 : constant
[20200630 16:33:29 INFO /Volumes/data/work/1duo-coremltools/coremltools/converters/mil/mil/builder.py:181] Adding op '19' of type const
[20200630 16:33:29 INFO /Volumes/data/work/1duo-coremltools/coremltools/converters/mil/frontend/torch/ops.py:49] Converting op 20 : _convolution
[20200630 16:33:29 INFO /Volumes/data/work/1duo-coremltools/coremltools/converters/mil/mil/builder.py:181] Adding op '20' of type conv
[20200630 16:33:29 DEBUG /Volumes/data/work/1duo-coremltools/coremltools/converters/mil/mil/builder.py:93] Adding const op '20_pad_type_124'
[20200630 16:33:29 INFO /Volumes/data/work/1duo-coremltools/coremltools/converters/mil/mil/builder.py:181] Adding op '20_pad_type_124' of type const
[20200630 16:33:29 DEBUG /Volumes/data/work/1duo-coremltools/coremltools/converters/mil/mil/builder.py:93] Adding const op '20_pad_124'
[20200630 16:33:29 INFO /Volumes/data/work/1duo-coremltools/coremltools/converters/mil/mil/builder.py:181] Adding op '20_pad_124' of type const
[20200630 16:33:29 DEBUG /Volumes/data/work/1duo-coremltools/coremltools/converters/mil/mil/passes/common_pass.py:30] Program before common passes:
main(%input: (1, 3, 5, 7, fp32)) {
  block143() {
    %1: (3, 3, 3, 3, fp32)* = const(val=(file_value), name="1")
    %2: (3,fp32)* = const(val=[0.157614603638649, -0.13265123963356018, -0.010090261697769165], name="2")
    %21: (2,i32)* = const(val=[3, 3], name="21")
    %22: (2,i32)* = const(val=[1, 1], name="22")
    %23: (2,i32)* = const(val=[1, 1], name="23")
    %12: (bool)* = const(val=False, name="12")
    %24: (2,i32)* = const(val=[0, 0], name="24")
    %16: (i32)* = const(val=1, name="16")
    %17: (bool)* = const(val=False, name="17")
    %18: (bool)* = const(val=False, name="18")
    %19: (bool)* = const(val=True, name="19")
    %20_pad_type_124: (str)* = const(val="custom", name="20_pad_type_124")
    %20_pad_124: (4,i32)* = const(val=[1, 1, 1, 1], name="20_pad_124")
    %20: (1, 3, 2, 3, fp32) = conv(x=%input, weight=%1, bias=%2, strides=%21, pad_type=%20_pad_type_124, pad=%20_pad_124, dilations=%23, groups=%16, name="20")
  } -> (%20)
}

[20200630 16:33:29 INFO /Volumes/data/work/1duo-coremltools/coremltools/converters/mil/mil/passes/common_pass.py:34] Performing pass: "common::const_elimination"
[20200630 16:33:29 INFO /Volumes/data/work/1duo-coremltools/coremltools/converters/mil/mil/passes/common_pass.py:34] Performing pass: "common::divide_to_multiply"
[20200630 16:33:29 INFO /Volumes/data/work/1duo-coremltools/coremltools/converters/mil/mil/passes/common_pass.py:34] Performing pass: "common::fuse_matmul_weight_bias"
[20200630 16:33:29 INFO /Volumes/data/work/1duo-coremltools/coremltools/converters/mil/mil/passes/common_pass.py:34] Performing pass: "common::const_elimination"
[20200630 16:33:29 INFO /Volumes/data/work/1duo-coremltools/coremltools/converters/mil/mil/passes/common_pass.py:34] Performing pass: "common::loop_invariant_elimination"
[20200630 16:33:29 INFO /Volumes/data/work/1duo-coremltools/coremltools/converters/mil/mil/passes/common_pass.py:34] Performing pass: "common::remove_symbolic_reshape"
[20200630 16:33:29 INFO /Volumes/data/work/1duo-coremltools/coremltools/converters/mil/mil/passes/remove_symbolic_reshape.py:104] remove_symbolic_reshape: changed 0 reshapes.
[20200630 16:33:29 INFO /Volumes/data/work/1duo-coremltools/coremltools/converters/mil/mil/passes/common_pass.py:34] Performing pass: "common::fuse_gelu_tanh_approximation"
[20200630 16:33:29 INFO /Volumes/data/work/1duo-coremltools/coremltools/converters/mil/mil/passes/common_pass.py:34] Performing pass: "common::reduce_transposes"
[20200630 16:33:29 DEBUG /Volumes/data/work/1duo-coremltools/coremltools/converters/mil/mil/passes/reduce_transposes.py:989] Block before optimize transpose transform:
function(%input: (1, 3, 5, 7, fp32)) {
  block143() {
    %1: (3, 3, 3, 3, fp32)* = const(val=(file_value), name="1")
    %2: (3,fp32)* = const(val=[0.157614603638649, -0.13265123963356018, -0.010090261697769165], name="2")
    %21: (2,i32)* = const(val=[3, 3], name="21")
    %22: (2,i32)* = const(val=[1, 1], name="22")
    %23: (2,i32)* = const(val=[1, 1], name="23")
    %12: (bool)* = const(val=False, name="12")
    %24: (2,i32)* = const(val=[0, 0], name="24")
    %16: (i32)* = const(val=1, name="16")
    %17: (bool)* = const(val=False, name="17")
    %18: (bool)* = const(val=False, name="18")
    %19: (bool)* = const(val=True, name="19")
    %20_pad_type_124: (str)* = const(val="custom", name="20_pad_type_124")
    %20_pad_124: (4,i32)* = const(val=[1, 1, 1, 1], name="20_pad_124")
    %20: (1, 3, 2, 3, fp32) = conv(x=%input, weight=%1, bias=%2, strides=%21, pad_type=%20_pad_type_124, pad=%20_pad_124, dilations=%23, groups=%16, name="20")
  } -> (%20)
}

[20200630 16:33:29 DEBUG /Volumes/data/work/1duo-coremltools/coremltools/converters/mil/mil/passes/reduce_transposes.py:1024] Block after optimize transpose transform:
function(%input: (1, 3, 5, 7, fp32)) {
  block143() {
    %1: (3, 3, 3, 3, fp32)* = const(val=(file_value), name="1")
    %2: (3,fp32)* = const(val=[0.157614603638649, -0.13265123963356018, -0.010090261697769165], name="2")
    %21: (2,i32)* = const(val=[3, 3], name="21")
    %22: (2,i32)* = const(val=[1, 1], name="22")
    %23: (2,i32)* = const(val=[1, 1], name="23")
    %12: (bool)* = const(val=False, name="12")
    %24: (2,i32)* = const(val=[0, 0], name="24")
    %16: (i32)* = const(val=1, name="16")
    %17: (bool)* = const(val=False, name="17")
    %18: (bool)* = const(val=False, name="18")
    %19: (bool)* = const(val=True, name="19")
    %20_pad_type_124: (str)* = const(val="custom", name="20_pad_type_124")
    %20_pad_124: (4,i32)* = const(val=[1, 1, 1, 1], name="20_pad_124")
    %20: (1, 3, 2, 3, fp32) = conv(x=%input, weight=%1, bias=%2, strides=%21, pad_type=%20_pad_type_124, pad=%20_pad_124, dilations=%23, groups=%16, name="20")
  } -> (%20)
}

[20200630 16:33:29 INFO /Volumes/data/work/1duo-coremltools/coremltools/converters/mil/mil/passes/common_pass.py:34] Performing pass: "common::fuse_bias_conv"
[20200630 16:33:29 INFO /Volumes/data/work/1duo-coremltools/coremltools/converters/mil/mil/passes/common_pass.py:34] Performing pass: "common::fuse_elementwise_to_batchnorm"
[20200630 16:33:29 INFO /Volumes/data/work/1duo-coremltools/coremltools/converters/mil/mil/passes/common_pass.py:34] Performing pass: "common::fuse_onehot_matmul_to_gather"
[20200630 16:33:29 INFO /Volumes/data/work/1duo-coremltools/coremltools/converters/mil/mil/passes/common_pass.py:34] Performing pass: "common::fuse_layernorm_or_instancenorm"
[20200630 16:33:29 INFO /Volumes/data/work/1duo-coremltools/coremltools/converters/mil/mil/passes/common_pass.py:34] Performing pass: "common::dead_code_elimination"
[20200630 16:33:29 INFO /Volumes/data/work/1duo-coremltools/coremltools/converters/mil/mil/passes/dead_code_elimination.py:35] Removing op "19" (type: const)
[20200630 16:33:29 INFO /Volumes/data/work/1duo-coremltools/coremltools/converters/mil/mil/passes/dead_code_elimination.py:35] Removing op "18" (type: const)
[20200630 16:33:29 INFO /Volumes/data/work/1duo-coremltools/coremltools/converters/mil/mil/passes/dead_code_elimination.py:35] Removing op "17" (type: const)
[20200630 16:33:29 INFO /Volumes/data/work/1duo-coremltools/coremltools/converters/mil/mil/passes/dead_code_elimination.py:35] Removing op "24" (type: const)
[20200630 16:33:29 INFO /Volumes/data/work/1duo-coremltools/coremltools/converters/mil/mil/passes/dead_code_elimination.py:35] Removing op "12" (type: const)
[20200630 16:33:29 INFO /Volumes/data/work/1duo-coremltools/coremltools/converters/mil/mil/passes/dead_code_elimination.py:35] Removing op "22" (type: const)
[20200630 16:33:29 DEBUG /Volumes/data/work/1duo-coremltools/coremltools/converters/mil/mil/passes/common_pass.py:38] Program after common passes:
main(%input: (1, 3, 5, 7, fp32)) {
  block143() {
    %1: (3, 3, 3, 3, fp32)* = const(val=(file_value), name="1")
    %2: (3,fp32)* = const(val=[0.157614603638649, -0.13265123963356018, -0.010090261697769165], name="2")
    %21: (2,i32)* = const(val=[3, 3], name="21")
    %23: (2,i32)* = const(val=[1, 1], name="23")
    %16: (i32)* = const(val=1, name="16")
    %20_pad_type_124: (str)* = const(val="custom", name="20_pad_type_124")
    %20_pad_124: (4,i32)* = const(val=[1, 1, 1, 1], name="20_pad_124")
    %20: (1, 3, 2, 3, fp32) = conv(x=%input, weight=%1, bias=%2, strides=%21, pad_type=%20_pad_type_124, pad=%20_pad_124, dilations=%23, groups=%16, name="20")
  } -> (%20)
}

[20200630 16:33:29 INFO /Volumes/data/work/1duo-coremltools/coremltools/converters/mil/backend/nn/passes/nn_passes.py:22] Performing passes for nn_backend: "nn_backend::commingle_loop_vars"
[20200630 16:33:29 INFO /Volumes/data/work/1duo-coremltools/coremltools/converters/mil/backend/nn/passes/nn_passes.py:22] Performing passes for nn_backend: "nn_backend::handle_return_inputs_as_outputs"
[20200630 16:33:29 INFO /Volumes/data/work/1duo-coremltools/coremltools/converters/mil/backend/nn/passes/nn_passes.py:22] Performing passes for nn_backend: "common::const_elimination"
[20200630 16:33:29 INFO /Volumes/data/work/1duo-coremltools/coremltools/converters/mil/backend/nn/passes/nn_passes.py:22] Performing passes for nn_backend: "common::dead_code_elimination"
[20200630 16:33:29 INFO /Volumes/data/work/1duo-coremltools/coremltools/converters/mil/backend/nn/passes/nn_passes.py:22] Performing passes for nn_backend: "nn_backend::handle_unused_inputs"
[20200630 16:33:29 INFO /Volumes/data/work/1duo-coremltools/coremltools/converters/mil/backend/nn/passes/nn_passes.py:22] Performing passes for nn_backend: "nn_backend::alert_return_type_cast"
[20200630 16:33:29 DEBUG /Volumes/data/work/1duo-coremltools/coremltools/converters/mil/backend/nn/passes/nn_passes.py:26] Program after nn backend passes:
main(%input: (1, 3, 5, 7, fp32)) {
  block143() {
    %1: (3, 3, 3, 3, fp32)* = const(val=(file_value), name="1")
    %2: (3,fp32)* = const(val=[0.157614603638649, -0.13265123963356018, -0.010090261697769165], name="2")
    %21: (2,i32)* = const(val=[3, 3], name="21")
    %23: (2,i32)* = const(val=[1, 1], name="23")
    %16: (i32)* = const(val=1, name="16")
    %20_pad_type_124: (str)* = const(val="custom", name="20_pad_type_124")
    %20_pad_124: (4,i32)* = const(val=[1, 1, 1, 1], name="20_pad_124")
    %20: (1, 3, 2, 3, fp32) = conv(x=%input, weight=%1, bias=%2, strides=%21, pad_type=%20_pad_type_124, pad=%20_pad_124, dilations=%23, groups=%16, name="20")
  } -> (%20)
}

[20200630 16:33:29 INFO /Volumes/data/work/1duo-coremltools/coremltools/converters/mil/frontend/torch/converter.py:269] Converting graph.
[20200630 16:33:29 INFO /Volumes/data/work/1duo-coremltools/coremltools/converters/mil/mil/builder.py:181] Adding op '1' of type const
[20200630 16:33:29 INFO /Volumes/data/work/1duo-coremltools/coremltools/converters/mil/mil/builder.py:181] Adding op '2' of type const
[20200630 16:33:29 INFO /Volumes/data/work/1duo-coremltools/coremltools/converters/mil/frontend/torch/ops.py:49] Converting op 21 : constant
[20200630 16:33:29 INFO /Volumes/data/work/1duo-coremltools/coremltools/converters/mil/mil/builder.py:181] Adding op '21' of type const
[20200630 16:33:29 INFO /Volumes/data/work/1duo-coremltools/coremltools/converters/mil/frontend/torch/ops.py:49] Converting op 22 : constant
[20200630 16:33:29 INFO /Volumes/data/work/1duo-coremltools/coremltools/converters/mil/mil/builder.py:181] Adding op '22' of type const
[20200630 16:33:29 INFO /Volumes/data/work/1duo-coremltools/coremltools/converters/mil/frontend/torch/ops.py:49] Converting op 23 : constant
[20200630 16:33:29 INFO /Volumes/data/work/1duo-coremltools/coremltools/converters/mil/mil/builder.py:181] Adding op '23' of type const
[20200630 16:33:29 INFO /Volumes/data/work/1duo-coremltools/coremltools/converters/mil/frontend/torch/ops.py:49] Converting op 12 : constant
[20200630 16:33:29 INFO /Volumes/data/work/1duo-coremltools/coremltools/converters/mil/mil/builder.py:181] Adding op '12' of type const
[20200630 16:33:29 INFO /Volumes/data/work/1duo-coremltools/coremltools/converters/mil/frontend/torch/ops.py:49] Converting op 24 : constant
[20200630 16:33:29 INFO /Volumes/data/work/1duo-coremltools/coremltools/converters/mil/mil/builder.py:181] Adding op '24' of type const
[20200630 16:33:29 INFO /Volumes/data/work/1duo-coremltools/coremltools/converters/mil/frontend/torch/ops.py:49] Converting op 16 : constant
[20200630 16:33:29 INFO /Volumes/data/work/1duo-coremltools/coremltools/converters/mil/mil/builder.py:181] Adding op '16' of type const
[20200630 16:33:29 INFO /Volumes/data/work/1duo-coremltools/coremltools/converters/mil/frontend/torch/ops.py:49] Converting op 17 : constant
[20200630 16:33:29 INFO /Volumes/data/work/1duo-coremltools/coremltools/converters/mil/mil/builder.py:181] Adding op '17' of type const
[20200630 16:33:29 INFO /Volumes/data/work/1duo-coremltools/coremltools/converters/mil/frontend/torch/ops.py:49] Converting op 18 : constant
[20200630 16:33:29 INFO /Volumes/data/work/1duo-coremltools/coremltools/converters/mil/mil/builder.py:181] Adding op '18' of type const
[20200630 16:33:29 INFO /Volumes/data/work/1duo-coremltools/coremltools/converters/mil/frontend/torch/ops.py:49] Converting op 19 : constant
[20200630 16:33:29 INFO /Volumes/data/work/1duo-coremltools/coremltools/converters/mil/mil/builder.py:181] Adding op '19' of type const
[20200630 16:33:29 INFO /Volumes/data/work/1duo-coremltools/coremltools/converters/mil/frontend/torch/ops.py:49] Converting op 20 : _convolution
[20200630 16:33:29 INFO /Volumes/data/work/1duo-coremltools/coremltools/converters/mil/mil/builder.py:181] Adding op '20' of type conv
[20200630 16:33:29 DEBUG /Volumes/data/work/1duo-coremltools/coremltools/converters/mil/mil/builder.py:93] Adding const op '20_pad_type_125'
[20200630 16:33:29 INFO /Volumes/data/work/1duo-coremltools/coremltools/converters/mil/mil/builder.py:181] Adding op '20_pad_type_125' of type const
[20200630 16:33:29 DEBUG /Volumes/data/work/1duo-coremltools/coremltools/converters/mil/mil/builder.py:93] Adding const op '20_pad_125'
[20200630 16:33:29 INFO /Volumes/data/work/1duo-coremltools/coremltools/converters/mil/mil/builder.py:181] Adding op '20_pad_125' of type const
[20200630 16:33:29 DEBUG /Volumes/data/work/1duo-coremltools/coremltools/converters/mil/mil/passes/common_pass.py:30] Program before common passes:
main(%input: (1, 3, 5, 7, fp32)) {
  block144() {
    %1: (3, 3, 3, 3, fp32)* = const(val=(file_value), name="1")
    %2: (3,fp32)* = const(val=[0.15584631264209747, 0.0803074985742569, 0.18330617249011993], name="2")
    %21: (2,i32)* = const(val=[3, 3], name="21")
    %22: (2,i32)* = const(val=[1, 1], name="22")
    %23: (2,i32)* = const(val=[3, 3], name="23")
    %12: (bool)* = const(val=False, name="12")
    %24: (2,i32)* = const(val=[0, 0], name="24")
    %16: (i32)* = const(val=1, name="16")
    %17: (bool)* = const(val=False, name="17")
    %18: (bool)* = const(val=False, name="18")
    %19: (bool)* = const(val=True, name="19")
    %20_pad_type_125: (str)* = const(val="custom", name="20_pad_type_125")
    %20_pad_125: (4,i32)* = const(val=[1, 1, 1, 1], name="20_pad_125")
    %20: (1, 3, 1, 1, fp32) = conv(x=%input, weight=%1, bias=%2, strides=%21, pad_type=%20_pad_type_125, pad=%20_pad_125, dilations=%23, groups=%16, name="20")
  } -> (%20)
}

[20200630 16:33:29 INFO /Volumes/data/work/1duo-coremltools/coremltools/converters/mil/mil/passes/common_pass.py:34] Performing pass: "common::const_elimination"
[20200630 16:33:29 INFO /Volumes/data/work/1duo-coremltools/coremltools/converters/mil/mil/passes/common_pass.py:34] Performing pass: "common::divide_to_multiply"
[20200630 16:33:29 INFO /Volumes/data/work/1duo-coremltools/coremltools/converters/mil/mil/passes/common_pass.py:34] Performing pass: "common::fuse_matmul_weight_bias"
[20200630 16:33:29 INFO /Volumes/data/work/1duo-coremltools/coremltools/converters/mil/mil/passes/common_pass.py:34] Performing pass: "common::const_elimination"
[20200630 16:33:29 INFO /Volumes/data/work/1duo-coremltools/coremltools/converters/mil/mil/passes/common_pass.py:34] Performing pass: "common::loop_invariant_elimination"
[20200630 16:33:29 INFO /Volumes/data/work/1duo-coremltools/coremltools/converters/mil/mil/passes/common_pass.py:34] Performing pass: "common::remove_symbolic_reshape"
[20200630 16:33:29 INFO /Volumes/data/work/1duo-coremltools/coremltools/converters/mil/mil/passes/remove_symbolic_reshape.py:104] remove_symbolic_reshape: changed 0 reshapes.
[20200630 16:33:29 INFO /Volumes/data/work/1duo-coremltools/coremltools/converters/mil/mil/passes/common_pass.py:34] Performing pass: "common::fuse_gelu_tanh_approximation"
[20200630 16:33:29 INFO /Volumes/data/work/1duo-coremltools/coremltools/converters/mil/mil/passes/common_pass.py:34] Performing pass: "common::reduce_transposes"
[20200630 16:33:29 DEBUG /Volumes/data/work/1duo-coremltools/coremltools/converters/mil/mil/passes/reduce_transposes.py:989] Block before optimize transpose transform:
function(%input: (1, 3, 5, 7, fp32)) {
  block144() {
    %1: (3, 3, 3, 3, fp32)* = const(val=(file_value), name="1")
    %2: (3,fp32)* = const(val=[0.15584631264209747, 0.0803074985742569, 0.18330617249011993], name="2")
    %21: (2,i32)* = const(val=[3, 3], name="21")
    %22: (2,i32)* = const(val=[1, 1], name="22")
    %23: (2,i32)* = const(val=[3, 3], name="23")
    %12: (bool)* = const(val=False, name="12")
    %24: (2,i32)* = const(val=[0, 0], name="24")
    %16: (i32)* = const(val=1, name="16")
    %17: (bool)* = const(val=False, name="17")
    %18: (bool)* = const(val=False, name="18")
    %19: (bool)* = const(val=True, name="19")
    %20_pad_type_125: (str)* = const(val="custom", name="20_pad_type_125")
    %20_pad_125: (4,i32)* = const(val=[1, 1, 1, 1], name="20_pad_125")
    %20: (1, 3, 1, 1, fp32) = conv(x=%input, weight=%1, bias=%2, strides=%21, pad_type=%20_pad_type_125, pad=%20_pad_125, dilations=%23, groups=%16, name="20")
  } -> (%20)
}

[20200630 16:33:29 DEBUG /Volumes/data/work/1duo-coremltools/coremltools/converters/mil/mil/passes/reduce_transposes.py:1024] Block after optimize transpose transform:
function(%input: (1, 3, 5, 7, fp32)) {
  block144() {
    %1: (3, 3, 3, 3, fp32)* = const(val=(file_value), name="1")
    %2: (3,fp32)* = const(val=[0.15584631264209747, 0.0803074985742569, 0.18330617249011993], name="2")
    %21: (2,i32)* = const(val=[3, 3], name="21")
    %22: (2,i32)* = const(val=[1, 1], name="22")
    %23: (2,i32)* = const(val=[3, 3], name="23")
    %12: (bool)* = const(val=False, name="12")
    %24: (2,i32)* = const(val=[0, 0], name="24")
    %16: (i32)* = const(val=1, name="16")
    %17: (bool)* = const(val=False, name="17")
    %18: (bool)* = const(val=False, name="18")
    %19: (bool)* = const(val=True, name="19")
    %20_pad_type_125: (str)* = const(val="custom", name="20_pad_type_125")
    %20_pad_125: (4,i32)* = const(val=[1, 1, 1, 1], name="20_pad_125")
    %20: (1, 3, 1, 1, fp32) = conv(x=%input, weight=%1, bias=%2, strides=%21, pad_type=%20_pad_type_125, pad=%20_pad_125, dilations=%23, groups=%16, name="20")
  } -> (%20)
}

[20200630 16:33:29 INFO /Volumes/data/work/1duo-coremltools/coremltools/converters/mil/mil/passes/common_pass.py:34] Performing pass: "common::fuse_bias_conv"
[20200630 16:33:29 INFO /Volumes/data/work/1duo-coremltools/coremltools/converters/mil/mil/passes/common_pass.py:34] Performing pass: "common::fuse_elementwise_to_batchnorm"
[20200630 16:33:29 INFO /Volumes/data/work/1duo-coremltools/coremltools/converters/mil/mil/passes/common_pass.py:34] Performing pass: "common::fuse_onehot_matmul_to_gather"
[20200630 16:33:29 INFO /Volumes/data/work/1duo-coremltools/coremltools/converters/mil/mil/passes/common_pass.py:34] Performing pass: "common::fuse_layernorm_or_instancenorm"
[20200630 16:33:29 INFO /Volumes/data/work/1duo-coremltools/coremltools/converters/mil/mil/passes/common_pass.py:34] Performing pass: "common::dead_code_elimination"
[20200630 16:33:29 INFO /Volumes/data/work/1duo-coremltools/coremltools/converters/mil/mil/passes/dead_code_elimination.py:35] Removing op "19" (type: const)
[20200630 16:33:29 INFO /Volumes/data/work/1duo-coremltools/coremltools/converters/mil/mil/passes/dead_code_elimination.py:35] Removing op "18" (type: const)
[20200630 16:33:29 INFO /Volumes/data/work/1duo-coremltools/coremltools/converters/mil/mil/passes/dead_code_elimination.py:35] Removing op "17" (type: const)
[20200630 16:33:29 INFO /Volumes/data/work/1duo-coremltools/coremltools/converters/mil/mil/passes/dead_code_elimination.py:35] Removing op "24" (type: const)
[20200630 16:33:29 INFO /Volumes/data/work/1duo-coremltools/coremltools/converters/mil/mil/passes/dead_code_elimination.py:35] Removing op "12" (type: const)
[20200630 16:33:29 INFO /Volumes/data/work/1duo-coremltools/coremltools/converters/mil/mil/passes/dead_code_elimination.py:35] Removing op "22" (type: const)
[20200630 16:33:29 DEBUG /Volumes/data/work/1duo-coremltools/coremltools/converters/mil/mil/passes/common_pass.py:38] Program after common passes:
main(%input: (1, 3, 5, 7, fp32)) {
  block144() {
    %1: (3, 3, 3, 3, fp32)* = const(val=(file_value), name="1")
    %2: (3,fp32)* = const(val=[0.15584631264209747, 0.0803074985742569, 0.18330617249011993], name="2")
    %21: (2,i32)* = const(val=[3, 3], name="21")
    %23: (2,i32)* = const(val=[3, 3], name="23")
    %16: (i32)* = const(val=1, name="16")
    %20_pad_type_125: (str)* = const(val="custom", name="20_pad_type_125")
    %20_pad_125: (4,i32)* = const(val=[1, 1, 1, 1], name="20_pad_125")
    %20: (1, 3, 1, 1, fp32) = conv(x=%input, weight=%1, bias=%2, strides=%21, pad_type=%20_pad_type_125, pad=%20_pad_125, dilations=%23, groups=%16, name="20")
  } -> (%20)
}

[20200630 16:33:29 INFO /Volumes/data/work/1duo-coremltools/coremltools/converters/mil/backend/nn/passes/nn_passes.py:22] Performing passes for nn_backend: "nn_backend::commingle_loop_vars"
[20200630 16:33:29 INFO /Volumes/data/work/1duo-coremltools/coremltools/converters/mil/backend/nn/passes/nn_passes.py:22] Performing passes for nn_backend: "nn_backend::handle_return_inputs_as_outputs"
[20200630 16:33:29 INFO /Volumes/data/work/1duo-coremltools/coremltools/converters/mil/backend/nn/passes/nn_passes.py:22] Performing passes for nn_backend: "common::const_elimination"
[20200630 16:33:29 INFO /Volumes/data/work/1duo-coremltools/coremltools/converters/mil/backend/nn/passes/nn_passes.py:22] Performing passes for nn_backend: "common::dead_code_elimination"
[20200630 16:33:29 INFO /Volumes/data/work/1duo-coremltools/coremltools/converters/mil/backend/nn/passes/nn_passes.py:22] Performing passes for nn_backend: "nn_backend::handle_unused_inputs"
[20200630 16:33:29 INFO /Volumes/data/work/1duo-coremltools/coremltools/converters/mil/backend/nn/passes/nn_passes.py:22] Performing passes for nn_backend: "nn_backend::alert_return_type_cast"
[20200630 16:33:29 DEBUG /Volumes/data/work/1duo-coremltools/coremltools/converters/mil/backend/nn/passes/nn_passes.py:26] Program after nn backend passes:
main(%input: (1, 3, 5, 7, fp32)) {
  block144() {
    %1: (3, 3, 3, 3, fp32)* = const(val=(file_value), name="1")
    %2: (3,fp32)* = const(val=[0.15584631264209747, 0.0803074985742569, 0.18330617249011993], name="2")
    %21: (2,i32)* = const(val=[3, 3], name="21")
    %23: (2,i32)* = const(val=[3, 3], name="23")
    %16: (i32)* = const(val=1, name="16")
    %20_pad_type_125: (str)* = const(val="custom", name="20_pad_type_125")
    %20_pad_125: (4,i32)* = const(val=[1, 1, 1, 1], name="20_pad_125")
    %20: (1, 3, 1, 1, fp32) = conv(x=%input, weight=%1, bias=%2, strides=%21, pad_type=%20_pad_type_125, pad=%20_pad_125, dilations=%23, groups=%16, name="20")
  } -> (%20)
}

[20200630 16:33:29 INFO /Volumes/data/work/1duo-coremltools/coremltools/converters/mil/frontend/torch/converter.py:269] Converting graph.
[20200630 16:33:29 INFO /Volumes/data/work/1duo-coremltools/coremltools/converters/mil/mil/builder.py:181] Adding op '1' of type const
[20200630 16:33:29 INFO /Volumes/data/work/1duo-coremltools/coremltools/converters/mil/mil/builder.py:181] Adding op '2' of type const
[20200630 16:33:29 INFO /Volumes/data/work/1duo-coremltools/coremltools/converters/mil/frontend/torch/ops.py:49] Converting op 21 : constant
[20200630 16:33:29 INFO /Volumes/data/work/1duo-coremltools/coremltools/converters/mil/mil/builder.py:181] Adding op '21' of type const
[20200630 16:33:29 INFO /Volumes/data/work/1duo-coremltools/coremltools/converters/mil/frontend/torch/ops.py:49] Converting op 22 : constant
[20200630 16:33:29 INFO /Volumes/data/work/1duo-coremltools/coremltools/converters/mil/mil/builder.py:181] Adding op '22' of type const
[20200630 16:33:29 INFO /Volumes/data/work/1duo-coremltools/coremltools/converters/mil/frontend/torch/ops.py:49] Converting op 23 : constant
[20200630 16:33:29 INFO /Volumes/data/work/1duo-coremltools/coremltools/converters/mil/mil/builder.py:181] Adding op '23' of type const
[20200630 16:33:29 INFO /Volumes/data/work/1duo-coremltools/coremltools/converters/mil/frontend/torch/ops.py:49] Converting op 12 : constant
[20200630 16:33:29 INFO /Volumes/data/work/1duo-coremltools/coremltools/converters/mil/mil/builder.py:181] Adding op '12' of type const
[20200630 16:33:29 INFO /Volumes/data/work/1duo-coremltools/coremltools/converters/mil/frontend/torch/ops.py:49] Converting op 24 : constant
[20200630 16:33:29 INFO /Volumes/data/work/1duo-coremltools/coremltools/converters/mil/mil/builder.py:181] Adding op '24' of type const
[20200630 16:33:29 INFO /Volumes/data/work/1duo-coremltools/coremltools/converters/mil/frontend/torch/ops.py:49] Converting op 16 : constant
[20200630 16:33:29 INFO /Volumes/data/work/1duo-coremltools/coremltools/converters/mil/mil/builder.py:181] Adding op '16' of type const
[20200630 16:33:29 INFO /Volumes/data/work/1duo-coremltools/coremltools/converters/mil/frontend/torch/ops.py:49] Converting op 17 : constant
[20200630 16:33:29 INFO /Volumes/data/work/1duo-coremltools/coremltools/converters/mil/mil/builder.py:181] Adding op '17' of type const
[20200630 16:33:29 INFO /Volumes/data/work/1duo-coremltools/coremltools/converters/mil/frontend/torch/ops.py:49] Converting op 18 : constant
[20200630 16:33:29 INFO /Volumes/data/work/1duo-coremltools/coremltools/converters/mil/mil/builder.py:181] Adding op '18' of type const
[20200630 16:33:29 INFO /Volumes/data/work/1duo-coremltools/coremltools/converters/mil/frontend/torch/ops.py:49] Converting op 19 : constant
[20200630 16:33:29 INFO /Volumes/data/work/1duo-coremltools/coremltools/converters/mil/mil/builder.py:181] Adding op '19' of type const
[20200630 16:33:29 INFO /Volumes/data/work/1duo-coremltools/coremltools/converters/mil/frontend/torch/ops.py:49] Converting op 20 : _convolution
[20200630 16:33:29 INFO /Volumes/data/work/1duo-coremltools/coremltools/converters/mil/mil/builder.py:181] Adding op '20' of type conv
[20200630 16:33:29 DEBUG /Volumes/data/work/1duo-coremltools/coremltools/converters/mil/mil/builder.py:93] Adding const op '20_pad_type_126'
[20200630 16:33:29 INFO /Volumes/data/work/1duo-coremltools/coremltools/converters/mil/mil/builder.py:181] Adding op '20_pad_type_126' of type const
[20200630 16:33:29 DEBUG /Volumes/data/work/1duo-coremltools/coremltools/converters/mil/mil/builder.py:93] Adding const op '20_pad_126'
[20200630 16:33:29 INFO /Volumes/data/work/1duo-coremltools/coremltools/converters/mil/mil/builder.py:181] Adding op '20_pad_126' of type const
[20200630 16:33:29 DEBUG /Volumes/data/work/1duo-coremltools/coremltools/converters/mil/mil/passes/common_pass.py:30] Program before common passes:
main(%input: (1, 3, 5, 7, fp32)) {
  block145() {
    %1: (3, 3, 3, 3, fp32)* = const(val=(file_value), name="1")
    %2: (3,fp32)* = const(val=[0.059325382113456726, 0.1215626448392868, -0.10392095148563385], name="2")
    %21: (2,i32)* = const(val=[3, 3], name="21")
    %22: (2,i32)* = const(val=[3, 3], name="22")
    %23: (2,i32)* = const(val=[1, 1], name="23")
    %12: (bool)* = const(val=False, name="12")
    %24: (2,i32)* = const(val=[0, 0], name="24")
    %16: (i32)* = const(val=1, name="16")
    %17: (bool)* = const(val=False, name="17")
    %18: (bool)* = const(val=False, name="18")
    %19: (bool)* = const(val=True, name="19")
    %20_pad_type_126: (str)* = const(val="custom", name="20_pad_type_126")
    %20_pad_126: (4,i32)* = const(val=[3, 3, 3, 3], name="20_pad_126")
    %20: (1, 3, 3, 4, fp32) = conv(x=%input, weight=%1, bias=%2, strides=%21, pad_type=%20_pad_type_126, pad=%20_pad_126, dilations=%23, groups=%16, name="20")
  } -> (%20)
}

[20200630 16:33:29 INFO /Volumes/data/work/1duo-coremltools/coremltools/converters/mil/mil/passes/common_pass.py:34] Performing pass: "common::const_elimination"
[20200630 16:33:29 INFO /Volumes/data/work/1duo-coremltools/coremltools/converters/mil/mil/passes/common_pass.py:34] Performing pass: "common::divide_to_multiply"
[20200630 16:33:29 INFO /Volumes/data/work/1duo-coremltools/coremltools/converters/mil/mil/passes/common_pass.py:34] Performing pass: "common::fuse_matmul_weight_bias"
[20200630 16:33:29 INFO /Volumes/data/work/1duo-coremltools/coremltools/converters/mil/mil/passes/common_pass.py:34] Performing pass: "common::const_elimination"
[20200630 16:33:29 INFO /Volumes/data/work/1duo-coremltools/coremltools/converters/mil/mil/passes/common_pass.py:34] Performing pass: "common::loop_invariant_elimination"
[20200630 16:33:29 INFO /Volumes/data/work/1duo-coremltools/coremltools/converters/mil/mil/passes/common_pass.py:34] Performing pass: "common::remove_symbolic_reshape"
[20200630 16:33:29 INFO /Volumes/data/work/1duo-coremltools/coremltools/converters/mil/mil/passes/remove_symbolic_reshape.py:104] remove_symbolic_reshape: changed 0 reshapes.
[20200630 16:33:29 INFO /Volumes/data/work/1duo-coremltools/coremltools/converters/mil/mil/passes/common_pass.py:34] Performing pass: "common::fuse_gelu_tanh_approximation"
[20200630 16:33:29 INFO /Volumes/data/work/1duo-coremltools/coremltools/converters/mil/mil/passes/common_pass.py:34] Performing pass: "common::reduce_transposes"
[20200630 16:33:29 DEBUG /Volumes/data/work/1duo-coremltools/coremltools/converters/mil/mil/passes/reduce_transposes.py:989] Block before optimize transpose transform:
function(%input: (1, 3, 5, 7, fp32)) {
  block145() {
    %1: (3, 3, 3, 3, fp32)* = const(val=(file_value), name="1")
    %2: (3,fp32)* = const(val=[0.059325382113456726, 0.1215626448392868, -0.10392095148563385], name="2")
    %21: (2,i32)* = const(val=[3, 3], name="21")
    %22: (2,i32)* = const(val=[3, 3], name="22")
    %23: (2,i32)* = const(val=[1, 1], name="23")
    %12: (bool)* = const(val=False, name="12")
    %24: (2,i32)* = const(val=[0, 0], name="24")
    %16: (i32)* = const(val=1, name="16")
    %17: (bool)* = const(val=False, name="17")
    %18: (bool)* = const(val=False, name="18")
    %19: (bool)* = const(val=True, name="19")
    %20_pad_type_126: (str)* = const(val="custom", name="20_pad_type_126")
    %20_pad_126: (4,i32)* = const(val=[3, 3, 3, 3], name="20_pad_126")
    %20: (1, 3, 3, 4, fp32) = conv(x=%input, weight=%1, bias=%2, strides=%21, pad_type=%20_pad_type_126, pad=%20_pad_126, dilations=%23, groups=%16, name="20")
  } -> (%20)
}

[20200630 16:33:29 DEBUG /Volumes/data/work/1duo-coremltools/coremltools/converters/mil/mil/passes/reduce_transposes.py:1024] Block after optimize transpose transform:
function(%input: (1, 3, 5, 7, fp32)) {
  block145() {
    %1: (3, 3, 3, 3, fp32)* = const(val=(file_value), name="1")
    %2: (3,fp32)* = const(val=[0.059325382113456726, 0.1215626448392868, -0.10392095148563385], name="2")
    %21: (2,i32)* = const(val=[3, 3], name="21")
    %22: (2,i32)* = const(val=[3, 3], name="22")
    %23: (2,i32)* = const(val=[1, 1], name="23")
    %12: (bool)* = const(val=False, name="12")
    %24: (2,i32)* = const(val=[0, 0], name="24")
    %16: (i32)* = const(val=1, name="16")
    %17: (bool)* = const(val=False, name="17")
    %18: (bool)* = const(val=False, name="18")
    %19: (bool)* = const(val=True, name="19")
    %20_pad_type_126: (str)* = const(val="custom", name="20_pad_type_126")
    %20_pad_126: (4,i32)* = const(val=[3, 3, 3, 3], name="20_pad_126")
    %20: (1, 3, 3, 4, fp32) = conv(x=%input, weight=%1, bias=%2, strides=%21, pad_type=%20_pad_type_126, pad=%20_pad_126, dilations=%23, groups=%16, name="20")
  } -> (%20)
}

[20200630 16:33:29 INFO /Volumes/data/work/1duo-coremltools/coremltools/converters/mil/mil/passes/common_pass.py:34] Performing pass: "common::fuse_bias_conv"
[20200630 16:33:29 INFO /Volumes/data/work/1duo-coremltools/coremltools/converters/mil/mil/passes/common_pass.py:34] Performing pass: "common::fuse_elementwise_to_batchnorm"
[20200630 16:33:29 INFO /Volumes/data/work/1duo-coremltools/coremltools/converters/mil/mil/passes/common_pass.py:34] Performing pass: "common::fuse_onehot_matmul_to_gather"
[20200630 16:33:29 INFO /Volumes/data/work/1duo-coremltools/coremltools/converters/mil/mil/passes/common_pass.py:34] Performing pass: "common::fuse_layernorm_or_instancenorm"
[20200630 16:33:29 INFO /Volumes/data/work/1duo-coremltools/coremltools/converters/mil/mil/passes/common_pass.py:34] Performing pass: "common::dead_code_elimination"
[20200630 16:33:29 INFO /Volumes/data/work/1duo-coremltools/coremltools/converters/mil/mil/passes/dead_code_elimination.py:35] Removing op "19" (type: const)
[20200630 16:33:29 INFO /Volumes/data/work/1duo-coremltools/coremltools/converters/mil/mil/passes/dead_code_elimination.py:35] Removing op "18" (type: const)
[20200630 16:33:29 INFO /Volumes/data/work/1duo-coremltools/coremltools/converters/mil/mil/passes/dead_code_elimination.py:35] Removing op "17" (type: const)
[20200630 16:33:29 INFO /Volumes/data/work/1duo-coremltools/coremltools/converters/mil/mil/passes/dead_code_elimination.py:35] Removing op "24" (type: const)
[20200630 16:33:29 INFO /Volumes/data/work/1duo-coremltools/coremltools/converters/mil/mil/passes/dead_code_elimination.py:35] Removing op "12" (type: const)
[20200630 16:33:29 INFO /Volumes/data/work/1duo-coremltools/coremltools/converters/mil/mil/passes/dead_code_elimination.py:35] Removing op "22" (type: const)
[20200630 16:33:29 DEBUG /Volumes/data/work/1duo-coremltools/coremltools/converters/mil/mil/passes/common_pass.py:38] Program after common passes:
main(%input: (1, 3, 5, 7, fp32)) {
  block145() {
    %1: (3, 3, 3, 3, fp32)* = const(val=(file_value), name="1")
    %2: (3,fp32)* = const(val=[0.059325382113456726, 0.1215626448392868, -0.10392095148563385], name="2")
    %21: (2,i32)* = const(val=[3, 3], name="21")
    %23: (2,i32)* = const(val=[1, 1], name="23")
    %16: (i32)* = const(val=1, name="16")
    %20_pad_type_126: (str)* = const(val="custom", name="20_pad_type_126")
    %20_pad_126: (4,i32)* = const(val=[3, 3, 3, 3], name="20_pad_126")
    %20: (1, 3, 3, 4, fp32) = conv(x=%input, weight=%1, bias=%2, strides=%21, pad_type=%20_pad_type_126, pad=%20_pad_126, dilations=%23, groups=%16, name="20")
  } -> (%20)
}

[20200630 16:33:29 INFO /Volumes/data/work/1duo-coremltools/coremltools/converters/mil/backend/nn/passes/nn_passes.py:22] Performing passes for nn_backend: "nn_backend::commingle_loop_vars"
[20200630 16:33:29 INFO /Volumes/data/work/1duo-coremltools/coremltools/converters/mil/backend/nn/passes/nn_passes.py:22] Performing passes for nn_backend: "nn_backend::handle_return_inputs_as_outputs"
[20200630 16:33:29 INFO /Volumes/data/work/1duo-coremltools/coremltools/converters/mil/backend/nn/passes/nn_passes.py:22] Performing passes for nn_backend: "common::const_elimination"
[20200630 16:33:29 INFO /Volumes/data/work/1duo-coremltools/coremltools/converters/mil/backend/nn/passes/nn_passes.py:22] Performing passes for nn_backend: "common::dead_code_elimination"
[20200630 16:33:29 INFO /Volumes/data/work/1duo-coremltools/coremltools/converters/mil/backend/nn/passes/nn_passes.py:22] Performing passes for nn_backend: "nn_backend::handle_unused_inputs"
[20200630 16:33:29 INFO /Volumes/data/work/1duo-coremltools/coremltools/converters/mil/backend/nn/passes/nn_passes.py:22] Performing passes for nn_backend: "nn_backend::alert_return_type_cast"
[20200630 16:33:29 DEBUG /Volumes/data/work/1duo-coremltools/coremltools/converters/mil/backend/nn/passes/nn_passes.py:26] Program after nn backend passes:
main(%input: (1, 3, 5, 7, fp32)) {
  block145() {
    %1: (3, 3, 3, 3, fp32)* = const(val=(file_value), name="1")
    %2: (3,fp32)* = const(val=[0.059325382113456726, 0.1215626448392868, -0.10392095148563385], name="2")
    %21: (2,i32)* = const(val=[3, 3], name="21")
    %23: (2,i32)* = const(val=[1, 1], name="23")
    %16: (i32)* = const(val=1, name="16")
    %20_pad_type_126: (str)* = const(val="custom", name="20_pad_type_126")
    %20_pad_126: (4,i32)* = const(val=[3, 3, 3, 3], name="20_pad_126")
    %20: (1, 3, 3, 4, fp32) = conv(x=%input, weight=%1, bias=%2, strides=%21, pad_type=%20_pad_type_126, pad=%20_pad_126, dilations=%23, groups=%16, name="20")
  } -> (%20)
}

[20200630 16:33:30 INFO /Volumes/data/work/1duo-coremltools/coremltools/converters/mil/frontend/torch/converter.py:269] Converting graph.
[20200630 16:33:30 INFO /Volumes/data/work/1duo-coremltools/coremltools/converters/mil/mil/builder.py:181] Adding op '1' of type const
[20200630 16:33:30 INFO /Volumes/data/work/1duo-coremltools/coremltools/converters/mil/mil/builder.py:181] Adding op '2' of type const
[20200630 16:33:30 INFO /Volumes/data/work/1duo-coremltools/coremltools/converters/mil/frontend/torch/ops.py:49] Converting op 21 : constant
[20200630 16:33:30 INFO /Volumes/data/work/1duo-coremltools/coremltools/converters/mil/mil/builder.py:181] Adding op '21' of type const
[20200630 16:33:30 INFO /Volumes/data/work/1duo-coremltools/coremltools/converters/mil/frontend/torch/ops.py:49] Converting op 22 : constant
[20200630 16:33:30 INFO /Volumes/data/work/1duo-coremltools/coremltools/converters/mil/mil/builder.py:181] Adding op '22' of type const
[20200630 16:33:30 INFO /Volumes/data/work/1duo-coremltools/coremltools/converters/mil/frontend/torch/ops.py:49] Converting op 23 : constant
[20200630 16:33:30 INFO /Volumes/data/work/1duo-coremltools/coremltools/converters/mil/mil/builder.py:181] Adding op '23' of type const
[20200630 16:33:30 INFO /Volumes/data/work/1duo-coremltools/coremltools/converters/mil/frontend/torch/ops.py:49] Converting op 12 : constant
[20200630 16:33:30 INFO /Volumes/data/work/1duo-coremltools/coremltools/converters/mil/mil/builder.py:181] Adding op '12' of type const
[20200630 16:33:30 INFO /Volumes/data/work/1duo-coremltools/coremltools/converters/mil/frontend/torch/ops.py:49] Converting op 24 : constant
[20200630 16:33:30 INFO /Volumes/data/work/1duo-coremltools/coremltools/converters/mil/mil/builder.py:181] Adding op '24' of type const
[20200630 16:33:30 INFO /Volumes/data/work/1duo-coremltools/coremltools/converters/mil/frontend/torch/ops.py:49] Converting op 16 : constant
[20200630 16:33:30 INFO /Volumes/data/work/1duo-coremltools/coremltools/converters/mil/mil/builder.py:181] Adding op '16' of type const
[20200630 16:33:30 INFO /Volumes/data/work/1duo-coremltools/coremltools/converters/mil/frontend/torch/ops.py:49] Converting op 17 : constant
[20200630 16:33:30 INFO /Volumes/data/work/1duo-coremltools/coremltools/converters/mil/mil/builder.py:181] Adding op '17' of type const
[20200630 16:33:30 INFO /Volumes/data/work/1duo-coremltools/coremltools/converters/mil/frontend/torch/ops.py:49] Converting op 18 : constant
[20200630 16:33:30 INFO /Volumes/data/work/1duo-coremltools/coremltools/converters/mil/mil/builder.py:181] Adding op '18' of type const
[20200630 16:33:30 INFO /Volumes/data/work/1duo-coremltools/coremltools/converters/mil/frontend/torch/ops.py:49] Converting op 19 : constant
[20200630 16:33:30 INFO /Volumes/data/work/1duo-coremltools/coremltools/converters/mil/mil/builder.py:181] Adding op '19' of type const
[20200630 16:33:30 INFO /Volumes/data/work/1duo-coremltools/coremltools/converters/mil/frontend/torch/ops.py:49] Converting op 20 : _convolution
[20200630 16:33:30 INFO /Volumes/data/work/1duo-coremltools/coremltools/converters/mil/mil/builder.py:181] Adding op '20' of type conv
[20200630 16:33:30 DEBUG /Volumes/data/work/1duo-coremltools/coremltools/converters/mil/mil/builder.py:93] Adding const op '20_pad_type_127'
[20200630 16:33:30 INFO /Volumes/data/work/1duo-coremltools/coremltools/converters/mil/mil/builder.py:181] Adding op '20_pad_type_127' of type const
[20200630 16:33:30 DEBUG /Volumes/data/work/1duo-coremltools/coremltools/converters/mil/mil/builder.py:93] Adding const op '20_pad_127'
[20200630 16:33:30 INFO /Volumes/data/work/1duo-coremltools/coremltools/converters/mil/mil/builder.py:181] Adding op '20_pad_127' of type const
[20200630 16:33:30 DEBUG /Volumes/data/work/1duo-coremltools/coremltools/converters/mil/mil/passes/common_pass.py:30] Program before common passes:
main(%input: (1, 3, 5, 7, fp32)) {
  block146() {
    %1: (3, 3, 3, 3, fp32)* = const(val=(file_value), name="1")
    %2: (3,fp32)* = const(val=[0.05917121469974518, -0.09317983686923981, -0.12580525875091553], name="2")
    %21: (2,i32)* = const(val=[3, 3], name="21")
    %22: (2,i32)* = const(val=[3, 3], name="22")
    %23: (2,i32)* = const(val=[3, 3], name="23")
    %12: (bool)* = const(val=False, name="12")
    %24: (2,i32)* = const(val=[0, 0], name="24")
    %16: (i32)* = const(val=1, name="16")
    %17: (bool)* = const(val=False, name="17")
    %18: (bool)* = const(val=False, name="18")
    %19: (bool)* = const(val=True, name="19")
    %20_pad_type_127: (str)* = const(val="custom", name="20_pad_type_127")
    %20_pad_127: (4,i32)* = const(val=[3, 3, 3, 3], name="20_pad_127")
    %20: (1, 3, 2, 3, fp32) = conv(x=%input, weight=%1, bias=%2, strides=%21, pad_type=%20_pad_type_127, pad=%20_pad_127, dilations=%23, groups=%16, name="20")
  } -> (%20)
}

[20200630 16:33:30 INFO /Volumes/data/work/1duo-coremltools/coremltools/converters/mil/mil/passes/common_pass.py:34] Performing pass: "common::const_elimination"
[20200630 16:33:30 INFO /Volumes/data/work/1duo-coremltools/coremltools/converters/mil/mil/passes/common_pass.py:34] Performing pass: "common::divide_to_multiply"
[20200630 16:33:30 INFO /Volumes/data/work/1duo-coremltools/coremltools/converters/mil/mil/passes/common_pass.py:34] Performing pass: "common::fuse_matmul_weight_bias"
[20200630 16:33:30 INFO /Volumes/data/work/1duo-coremltools/coremltools/converters/mil/mil/passes/common_pass.py:34] Performing pass: "common::const_elimination"
[20200630 16:33:30 INFO /Volumes/data/work/1duo-coremltools/coremltools/converters/mil/mil/passes/common_pass.py:34] Performing pass: "common::loop_invariant_elimination"
[20200630 16:33:30 INFO /Volumes/data/work/1duo-coremltools/coremltools/converters/mil/mil/passes/common_pass.py:34] Performing pass: "common::remove_symbolic_reshape"
[20200630 16:33:30 INFO /Volumes/data/work/1duo-coremltools/coremltools/converters/mil/mil/passes/remove_symbolic_reshape.py:104] remove_symbolic_reshape: changed 0 reshapes.
[20200630 16:33:30 INFO /Volumes/data/work/1duo-coremltools/coremltools/converters/mil/mil/passes/common_pass.py:34] Performing pass: "common::fuse_gelu_tanh_approximation"
[20200630 16:33:30 INFO /Volumes/data/work/1duo-coremltools/coremltools/converters/mil/mil/passes/common_pass.py:34] Performing pass: "common::reduce_transposes"
[20200630 16:33:30 DEBUG /Volumes/data/work/1duo-coremltools/coremltools/converters/mil/mil/passes/reduce_transposes.py:989] Block before optimize transpose transform:
function(%input: (1, 3, 5, 7, fp32)) {
  block146() {
    %1: (3, 3, 3, 3, fp32)* = const(val=(file_value), name="1")
    %2: (3,fp32)* = const(val=[0.05917121469974518, -0.09317983686923981, -0.12580525875091553], name="2")
    %21: (2,i32)* = const(val=[3, 3], name="21")
    %22: (2,i32)* = const(val=[3, 3], name="22")
    %23: (2,i32)* = const(val=[3, 3], name="23")
    %12: (bool)* = const(val=False, name="12")
    %24: (2,i32)* = const(val=[0, 0], name="24")
    %16: (i32)* = const(val=1, name="16")
    %17: (bool)* = const(val=False, name="17")
    %18: (bool)* = const(val=False, name="18")
    %19: (bool)* = const(val=True, name="19")
    %20_pad_type_127: (str)* = const(val="custom", name="20_pad_type_127")
    %20_pad_127: (4,i32)* = const(val=[3, 3, 3, 3], name="20_pad_127")
    %20: (1, 3, 2, 3, fp32) = conv(x=%input, weight=%1, bias=%2, strides=%21, pad_type=%20_pad_type_127, pad=%20_pad_127, dilations=%23, groups=%16, name="20")
  } -> (%20)
}

[20200630 16:33:30 DEBUG /Volumes/data/work/1duo-coremltools/coremltools/converters/mil/mil/passes/reduce_transposes.py:1024] Block after optimize transpose transform:
function(%input: (1, 3, 5, 7, fp32)) {
  block146() {
    %1: (3, 3, 3, 3, fp32)* = const(val=(file_value), name="1")
    %2: (3,fp32)* = const(val=[0.05917121469974518, -0.09317983686923981, -0.12580525875091553], name="2")
    %21: (2,i32)* = const(val=[3, 3], name="21")
    %22: (2,i32)* = const(val=[3, 3], name="22")
    %23: (2,i32)* = const(val=[3, 3], name="23")
    %12: (bool)* = const(val=False, name="12")
    %24: (2,i32)* = const(val=[0, 0], name="24")
    %16: (i32)* = const(val=1, name="16")
    %17: (bool)* = const(val=False, name="17")
    %18: (bool)* = const(val=False, name="18")
    %19: (bool)* = const(val=True, name="19")
    %20_pad_type_127: (str)* = const(val="custom", name="20_pad_type_127")
    %20_pad_127: (4,i32)* = const(val=[3, 3, 3, 3], name="20_pad_127")
    %20: (1, 3, 2, 3, fp32) = conv(x=%input, weight=%1, bias=%2, strides=%21, pad_type=%20_pad_type_127, pad=%20_pad_127, dilations=%23, groups=%16, name="20")
  } -> (%20)
}

[20200630 16:33:30 INFO /Volumes/data/work/1duo-coremltools/coremltools/converters/mil/mil/passes/common_pass.py:34] Performing pass: "common::fuse_bias_conv"
[20200630 16:33:30 INFO /Volumes/data/work/1duo-coremltools/coremltools/converters/mil/mil/passes/common_pass.py:34] Performing pass: "common::fuse_elementwise_to_batchnorm"
[20200630 16:33:30 INFO /Volumes/data/work/1duo-coremltools/coremltools/converters/mil/mil/passes/common_pass.py:34] Performing pass: "common::fuse_onehot_matmul_to_gather"
[20200630 16:33:30 INFO /Volumes/data/work/1duo-coremltools/coremltools/converters/mil/mil/passes/common_pass.py:34] Performing pass: "common::fuse_layernorm_or_instancenorm"
[20200630 16:33:30 INFO /Volumes/data/work/1duo-coremltools/coremltools/converters/mil/mil/passes/common_pass.py:34] Performing pass: "common::dead_code_elimination"
[20200630 16:33:30 INFO /Volumes/data/work/1duo-coremltools/coremltools/converters/mil/mil/passes/dead_code_elimination.py:35] Removing op "19" (type: const)
[20200630 16:33:30 INFO /Volumes/data/work/1duo-coremltools/coremltools/converters/mil/mil/passes/dead_code_elimination.py:35] Removing op "18" (type: const)
[20200630 16:33:30 INFO /Volumes/data/work/1duo-coremltools/coremltools/converters/mil/mil/passes/dead_code_elimination.py:35] Removing op "17" (type: const)
[20200630 16:33:30 INFO /Volumes/data/work/1duo-coremltools/coremltools/converters/mil/mil/passes/dead_code_elimination.py:35] Removing op "24" (type: const)
[20200630 16:33:30 INFO /Volumes/data/work/1duo-coremltools/coremltools/converters/mil/mil/passes/dead_code_elimination.py:35] Removing op "12" (type: const)
[20200630 16:33:30 INFO /Volumes/data/work/1duo-coremltools/coremltools/converters/mil/mil/passes/dead_code_elimination.py:35] Removing op "22" (type: const)
[20200630 16:33:30 DEBUG /Volumes/data/work/1duo-coremltools/coremltools/converters/mil/mil/passes/common_pass.py:38] Program after common passes:
main(%input: (1, 3, 5, 7, fp32)) {
  block146() {
    %1: (3, 3, 3, 3, fp32)* = const(val=(file_value), name="1")
    %2: (3,fp32)* = const(val=[0.05917121469974518, -0.09317983686923981, -0.12580525875091553], name="2")
    %21: (2,i32)* = const(val=[3, 3], name="21")
    %23: (2,i32)* = const(val=[3, 3], name="23")
    %16: (i32)* = const(val=1, name="16")
    %20_pad_type_127: (str)* = const(val="custom", name="20_pad_type_127")
    %20_pad_127: (4,i32)* = const(val=[3, 3, 3, 3], name="20_pad_127")
    %20: (1, 3, 2, 3, fp32) = conv(x=%input, weight=%1, bias=%2, strides=%21, pad_type=%20_pad_type_127, pad=%20_pad_127, dilations=%23, groups=%16, name="20")
  } -> (%20)
}

[20200630 16:33:30 INFO /Volumes/data/work/1duo-coremltools/coremltools/converters/mil/backend/nn/passes/nn_passes.py:22] Performing passes for nn_backend: "nn_backend::commingle_loop_vars"
[20200630 16:33:30 INFO /Volumes/data/work/1duo-coremltools/coremltools/converters/mil/backend/nn/passes/nn_passes.py:22] Performing passes for nn_backend: "nn_backend::handle_return_inputs_as_outputs"
[20200630 16:33:30 INFO /Volumes/data/work/1duo-coremltools/coremltools/converters/mil/backend/nn/passes/nn_passes.py:22] Performing passes for nn_backend: "common::const_elimination"
[20200630 16:33:30 INFO /Volumes/data/work/1duo-coremltools/coremltools/converters/mil/backend/nn/passes/nn_passes.py:22] Performing passes for nn_backend: "common::dead_code_elimination"
[20200630 16:33:30 INFO /Volumes/data/work/1duo-coremltools/coremltools/converters/mil/backend/nn/passes/nn_passes.py:22] Performing passes for nn_backend: "nn_backend::handle_unused_inputs"
[20200630 16:33:30 INFO /Volumes/data/work/1duo-coremltools/coremltools/converters/mil/backend/nn/passes/nn_passes.py:22] Performing passes for nn_backend: "nn_backend::alert_return_type_cast"
[20200630 16:33:30 DEBUG /Volumes/data/work/1duo-coremltools/coremltools/converters/mil/backend/nn/passes/nn_passes.py:26] Program after nn backend passes:
main(%input: (1, 3, 5, 7, fp32)) {
  block146() {
    %1: (3, 3, 3, 3, fp32)* = const(val=(file_value), name="1")
    %2: (3,fp32)* = const(val=[0.05917121469974518, -0.09317983686923981, -0.12580525875091553], name="2")
    %21: (2,i32)* = const(val=[3, 3], name="21")
    %23: (2,i32)* = const(val=[3, 3], name="23")
    %16: (i32)* = const(val=1, name="16")
    %20_pad_type_127: (str)* = const(val="custom", name="20_pad_type_127")
    %20_pad_127: (4,i32)* = const(val=[3, 3, 3, 3], name="20_pad_127")
    %20: (1, 3, 2, 3, fp32) = conv(x=%input, weight=%1, bias=%2, strides=%21, pad_type=%20_pad_type_127, pad=%20_pad_127, dilations=%23, groups=%16, name="20")
  } -> (%20)
}

[20200630 16:33:30 INFO /Volumes/data/work/1duo-coremltools/coremltools/converters/mil/frontend/torch/converter.py:269] Converting graph.
[20200630 16:33:30 INFO /Volumes/data/work/1duo-coremltools/coremltools/converters/mil/mil/builder.py:181] Adding op '1' of type const
[20200630 16:33:30 INFO /Volumes/data/work/1duo-coremltools/coremltools/converters/mil/mil/builder.py:181] Adding op '2' of type const
[20200630 16:33:30 INFO /Volumes/data/work/1duo-coremltools/coremltools/converters/mil/frontend/torch/ops.py:49] Converting op 21 : constant
[20200630 16:33:30 INFO /Volumes/data/work/1duo-coremltools/coremltools/converters/mil/mil/builder.py:181] Adding op '21' of type const
[20200630 16:33:30 INFO /Volumes/data/work/1duo-coremltools/coremltools/converters/mil/frontend/torch/ops.py:49] Converting op 22 : constant
[20200630 16:33:30 INFO /Volumes/data/work/1duo-coremltools/coremltools/converters/mil/mil/builder.py:181] Adding op '22' of type const
[20200630 16:33:30 INFO /Volumes/data/work/1duo-coremltools/coremltools/converters/mil/frontend/torch/ops.py:49] Converting op 23 : constant
[20200630 16:33:30 INFO /Volumes/data/work/1duo-coremltools/coremltools/converters/mil/mil/builder.py:181] Adding op '23' of type const
[20200630 16:33:30 INFO /Volumes/data/work/1duo-coremltools/coremltools/converters/mil/frontend/torch/ops.py:49] Converting op 12 : constant
[20200630 16:33:30 INFO /Volumes/data/work/1duo-coremltools/coremltools/converters/mil/mil/builder.py:181] Adding op '12' of type const
[20200630 16:33:30 INFO /Volumes/data/work/1duo-coremltools/coremltools/converters/mil/frontend/torch/ops.py:49] Converting op 24 : constant
[20200630 16:33:30 INFO /Volumes/data/work/1duo-coremltools/coremltools/converters/mil/mil/builder.py:181] Adding op '24' of type const
[20200630 16:33:30 INFO /Volumes/data/work/1duo-coremltools/coremltools/converters/mil/frontend/torch/ops.py:49] Converting op 16 : constant
[20200630 16:33:30 INFO /Volumes/data/work/1duo-coremltools/coremltools/converters/mil/mil/builder.py:181] Adding op '16' of type const
[20200630 16:33:30 INFO /Volumes/data/work/1duo-coremltools/coremltools/converters/mil/frontend/torch/ops.py:49] Converting op 17 : constant
[20200630 16:33:30 INFO /Volumes/data/work/1duo-coremltools/coremltools/converters/mil/mil/builder.py:181] Adding op '17' of type const
[20200630 16:33:30 INFO /Volumes/data/work/1duo-coremltools/coremltools/converters/mil/frontend/torch/ops.py:49] Converting op 18 : constant
[20200630 16:33:30 INFO /Volumes/data/work/1duo-coremltools/coremltools/converters/mil/mil/builder.py:181] Adding op '18' of type const
[20200630 16:33:30 INFO /Volumes/data/work/1duo-coremltools/coremltools/converters/mil/frontend/torch/ops.py:49] Converting op 19 : constant
[20200630 16:33:30 INFO /Volumes/data/work/1duo-coremltools/coremltools/converters/mil/mil/builder.py:181] Adding op '19' of type const
[20200630 16:33:30 INFO /Volumes/data/work/1duo-coremltools/coremltools/converters/mil/frontend/torch/ops.py:49] Converting op 20 : _convolution
[20200630 16:33:30 INFO /Volumes/data/work/1duo-coremltools/coremltools/converters/mil/mil/builder.py:181] Adding op '20' of type conv
[20200630 16:33:30 DEBUG /Volumes/data/work/1duo-coremltools/coremltools/converters/mil/mil/builder.py:93] Adding const op '20_pad_type_128'
[20200630 16:33:30 INFO /Volumes/data/work/1duo-coremltools/coremltools/converters/mil/mil/builder.py:181] Adding op '20_pad_type_128' of type const
[20200630 16:33:30 DEBUG /Volumes/data/work/1duo-coremltools/coremltools/converters/mil/mil/builder.py:93] Adding const op '20_pad_128'
[20200630 16:33:30 INFO /Volumes/data/work/1duo-coremltools/coremltools/converters/mil/mil/builder.py:181] Adding op '20_pad_128' of type const
[20200630 16:33:30 DEBUG /Volumes/data/work/1duo-coremltools/coremltools/converters/mil/mil/passes/common_pass.py:30] Program before common passes:
main(%input: (1, 1, 6, 5, fp32)) {
  block147() {
    %1: (1, 1, 1, 1, fp32)* = const(val=[[[[0.415982723236084]]]], name="1")
    %2: (1,fp32)* = const(val=[0.0695415735244751], name="2")
    %21: (2,i32)* = const(val=[1, 1], name="21")
    %22: (2,i32)* = const(val=[1, 1], name="22")
    %23: (2,i32)* = const(val=[1, 1], name="23")
    %12: (bool)* = const(val=False, name="12")
    %24: (2,i32)* = const(val=[0, 0], name="24")
    %16: (i32)* = const(val=1, name="16")
    %17: (bool)* = const(val=False, name="17")
    %18: (bool)* = const(val=False, name="18")
    %19: (bool)* = const(val=True, name="19")
    %20_pad_type_128: (str)* = const(val="custom", name="20_pad_type_128")
    %20_pad_128: (4,i32)* = const(val=[1, 1, 1, 1], name="20_pad_128")
    %20: (1, 1, 8, 7, fp32) = conv(x=%input, weight=%1, bias=%2, strides=%21, pad_type=%20_pad_type_128, pad=%20_pad_128, dilations=%23, groups=%16, name="20")
  } -> (%20)
}

[20200630 16:33:30 INFO /Volumes/data/work/1duo-coremltools/coremltools/converters/mil/mil/passes/common_pass.py:34] Performing pass: "common::const_elimination"
[20200630 16:33:30 INFO /Volumes/data/work/1duo-coremltools/coremltools/converters/mil/mil/passes/common_pass.py:34] Performing pass: "common::divide_to_multiply"
[20200630 16:33:30 INFO /Volumes/data/work/1duo-coremltools/coremltools/converters/mil/mil/passes/common_pass.py:34] Performing pass: "common::fuse_matmul_weight_bias"
[20200630 16:33:30 INFO /Volumes/data/work/1duo-coremltools/coremltools/converters/mil/mil/passes/common_pass.py:34] Performing pass: "common::const_elimination"
[20200630 16:33:30 INFO /Volumes/data/work/1duo-coremltools/coremltools/converters/mil/mil/passes/common_pass.py:34] Performing pass: "common::loop_invariant_elimination"
[20200630 16:33:30 INFO /Volumes/data/work/1duo-coremltools/coremltools/converters/mil/mil/passes/common_pass.py:34] Performing pass: "common::remove_symbolic_reshape"
[20200630 16:33:30 INFO /Volumes/data/work/1duo-coremltools/coremltools/converters/mil/mil/passes/remove_symbolic_reshape.py:104] remove_symbolic_reshape: changed 0 reshapes.
[20200630 16:33:30 INFO /Volumes/data/work/1duo-coremltools/coremltools/converters/mil/mil/passes/common_pass.py:34] Performing pass: "common::fuse_gelu_tanh_approximation"
[20200630 16:33:30 INFO /Volumes/data/work/1duo-coremltools/coremltools/converters/mil/mil/passes/common_pass.py:34] Performing pass: "common::reduce_transposes"
[20200630 16:33:30 DEBUG /Volumes/data/work/1duo-coremltools/coremltools/converters/mil/mil/passes/reduce_transposes.py:989] Block before optimize transpose transform:
function(%input: (1, 1, 6, 5, fp32)) {
  block147() {
    %1: (1, 1, 1, 1, fp32)* = const(val=[[[[0.415982723236084]]]], name="1")
    %2: (1,fp32)* = const(val=[0.0695415735244751], name="2")
    %21: (2,i32)* = const(val=[1, 1], name="21")
    %22: (2,i32)* = const(val=[1, 1], name="22")
    %23: (2,i32)* = const(val=[1, 1], name="23")
    %12: (bool)* = const(val=False, name="12")
    %24: (2,i32)* = const(val=[0, 0], name="24")
    %16: (i32)* = const(val=1, name="16")
    %17: (bool)* = const(val=False, name="17")
    %18: (bool)* = const(val=False, name="18")
    %19: (bool)* = const(val=True, name="19")
    %20_pad_type_128: (str)* = const(val="custom", name="20_pad_type_128")
    %20_pad_128: (4,i32)* = const(val=[1, 1, 1, 1], name="20_pad_128")
    %20: (1, 1, 8, 7, fp32) = conv(x=%input, weight=%1, bias=%2, strides=%21, pad_type=%20_pad_type_128, pad=%20_pad_128, dilations=%23, groups=%16, name="20")
  } -> (%20)
}

[20200630 16:33:30 DEBUG /Volumes/data/work/1duo-coremltools/coremltools/converters/mil/mil/passes/reduce_transposes.py:1024] Block after optimize transpose transform:
function(%input: (1, 1, 6, 5, fp32)) {
  block147() {
    %1: (1, 1, 1, 1, fp32)* = const(val=[[[[0.415982723236084]]]], name="1")
    %2: (1,fp32)* = const(val=[0.0695415735244751], name="2")
    %21: (2,i32)* = const(val=[1, 1], name="21")
    %22: (2,i32)* = const(val=[1, 1], name="22")
    %23: (2,i32)* = const(val=[1, 1], name="23")
    %12: (bool)* = const(val=False, name="12")
    %24: (2,i32)* = const(val=[0, 0], name="24")
    %16: (i32)* = const(val=1, name="16")
    %17: (bool)* = const(val=False, name="17")
    %18: (bool)* = const(val=False, name="18")
    %19: (bool)* = const(val=True, name="19")
    %20_pad_type_128: (str)* = const(val="custom", name="20_pad_type_128")
    %20_pad_128: (4,i32)* = const(val=[1, 1, 1, 1], name="20_pad_128")
    %20: (1, 1, 8, 7, fp32) = conv(x=%input, weight=%1, bias=%2, strides=%21, pad_type=%20_pad_type_128, pad=%20_pad_128, dilations=%23, groups=%16, name="20")
  } -> (%20)
}

[20200630 16:33:30 INFO /Volumes/data/work/1duo-coremltools/coremltools/converters/mil/mil/passes/common_pass.py:34] Performing pass: "common::fuse_bias_conv"
[20200630 16:33:30 INFO /Volumes/data/work/1duo-coremltools/coremltools/converters/mil/mil/passes/common_pass.py:34] Performing pass: "common::fuse_elementwise_to_batchnorm"
[20200630 16:33:30 INFO /Volumes/data/work/1duo-coremltools/coremltools/converters/mil/mil/passes/common_pass.py:34] Performing pass: "common::fuse_onehot_matmul_to_gather"
[20200630 16:33:30 INFO /Volumes/data/work/1duo-coremltools/coremltools/converters/mil/mil/passes/common_pass.py:34] Performing pass: "common::fuse_layernorm_or_instancenorm"
[20200630 16:33:30 INFO /Volumes/data/work/1duo-coremltools/coremltools/converters/mil/mil/passes/common_pass.py:34] Performing pass: "common::dead_code_elimination"
[20200630 16:33:30 INFO /Volumes/data/work/1duo-coremltools/coremltools/converters/mil/mil/passes/dead_code_elimination.py:35] Removing op "19" (type: const)
[20200630 16:33:30 INFO /Volumes/data/work/1duo-coremltools/coremltools/converters/mil/mil/passes/dead_code_elimination.py:35] Removing op "18" (type: const)
[20200630 16:33:30 INFO /Volumes/data/work/1duo-coremltools/coremltools/converters/mil/mil/passes/dead_code_elimination.py:35] Removing op "17" (type: const)
[20200630 16:33:30 INFO /Volumes/data/work/1duo-coremltools/coremltools/converters/mil/mil/passes/dead_code_elimination.py:35] Removing op "24" (type: const)
[20200630 16:33:30 INFO /Volumes/data/work/1duo-coremltools/coremltools/converters/mil/mil/passes/dead_code_elimination.py:35] Removing op "12" (type: const)
[20200630 16:33:30 INFO /Volumes/data/work/1duo-coremltools/coremltools/converters/mil/mil/passes/dead_code_elimination.py:35] Removing op "22" (type: const)
[20200630 16:33:30 DEBUG /Volumes/data/work/1duo-coremltools/coremltools/converters/mil/mil/passes/common_pass.py:38] Program after common passes:
main(%input: (1, 1, 6, 5, fp32)) {
  block147() {
    %1: (1, 1, 1, 1, fp32)* = const(val=[[[[0.415982723236084]]]], name="1")
    %2: (1,fp32)* = const(val=[0.0695415735244751], name="2")
    %21: (2,i32)* = const(val=[1, 1], name="21")
    %23: (2,i32)* = const(val=[1, 1], name="23")
    %16: (i32)* = const(val=1, name="16")
    %20_pad_type_128: (str)* = const(val="custom", name="20_pad_type_128")
    %20_pad_128: (4,i32)* = const(val=[1, 1, 1, 1], name="20_pad_128")
    %20: (1, 1, 8, 7, fp32) = conv(x=%input, weight=%1, bias=%2, strides=%21, pad_type=%20_pad_type_128, pad=%20_pad_128, dilations=%23, groups=%16, name="20")
  } -> (%20)
}

[20200630 16:33:30 INFO /Volumes/data/work/1duo-coremltools/coremltools/converters/mil/backend/nn/passes/nn_passes.py:22] Performing passes for nn_backend: "nn_backend::commingle_loop_vars"
[20200630 16:33:30 INFO /Volumes/data/work/1duo-coremltools/coremltools/converters/mil/backend/nn/passes/nn_passes.py:22] Performing passes for nn_backend: "nn_backend::handle_return_inputs_as_outputs"
[20200630 16:33:30 INFO /Volumes/data/work/1duo-coremltools/coremltools/converters/mil/backend/nn/passes/nn_passes.py:22] Performing passes for nn_backend: "common::const_elimination"
[20200630 16:33:30 INFO /Volumes/data/work/1duo-coremltools/coremltools/converters/mil/backend/nn/passes/nn_passes.py:22] Performing passes for nn_backend: "common::dead_code_elimination"
[20200630 16:33:30 INFO /Volumes/data/work/1duo-coremltools/coremltools/converters/mil/backend/nn/passes/nn_passes.py:22] Performing passes for nn_backend: "nn_backend::handle_unused_inputs"
[20200630 16:33:30 INFO /Volumes/data/work/1duo-coremltools/coremltools/converters/mil/backend/nn/passes/nn_passes.py:22] Performing passes for nn_backend: "nn_backend::alert_return_type_cast"
[20200630 16:33:30 DEBUG /Volumes/data/work/1duo-coremltools/coremltools/converters/mil/backend/nn/passes/nn_passes.py:26] Program after nn backend passes:
main(%input: (1, 1, 6, 5, fp32)) {
  block147() {
    %1: (1, 1, 1, 1, fp32)* = const(val=[[[[0.415982723236084]]]], name="1")
    %2: (1,fp32)* = const(val=[0.0695415735244751], name="2")
    %21: (2,i32)* = const(val=[1, 1], name="21")
    %23: (2,i32)* = const(val=[1, 1], name="23")
    %16: (i32)* = const(val=1, name="16")
    %20_pad_type_128: (str)* = const(val="custom", name="20_pad_type_128")
    %20_pad_128: (4,i32)* = const(val=[1, 1, 1, 1], name="20_pad_128")
    %20: (1, 1, 8, 7, fp32) = conv(x=%input, weight=%1, bias=%2, strides=%21, pad_type=%20_pad_type_128, pad=%20_pad_128, dilations=%23, groups=%16, name="20")
  } -> (%20)
}

[20200630 16:33:30 INFO /Volumes/data/work/1duo-coremltools/coremltools/converters/mil/frontend/torch/converter.py:269] Converting graph.
[20200630 16:33:30 INFO /Volumes/data/work/1duo-coremltools/coremltools/converters/mil/mil/builder.py:181] Adding op '1' of type const
[20200630 16:33:30 INFO /Volumes/data/work/1duo-coremltools/coremltools/converters/mil/mil/builder.py:181] Adding op '2' of type const
[20200630 16:33:30 INFO /Volumes/data/work/1duo-coremltools/coremltools/converters/mil/frontend/torch/ops.py:49] Converting op 21 : constant
[20200630 16:33:30 INFO /Volumes/data/work/1duo-coremltools/coremltools/converters/mil/mil/builder.py:181] Adding op '21' of type const
[20200630 16:33:30 INFO /Volumes/data/work/1duo-coremltools/coremltools/converters/mil/frontend/torch/ops.py:49] Converting op 22 : constant
[20200630 16:33:30 INFO /Volumes/data/work/1duo-coremltools/coremltools/converters/mil/mil/builder.py:181] Adding op '22' of type const
[20200630 16:33:30 INFO /Volumes/data/work/1duo-coremltools/coremltools/converters/mil/frontend/torch/ops.py:49] Converting op 23 : constant
[20200630 16:33:30 INFO /Volumes/data/work/1duo-coremltools/coremltools/converters/mil/mil/builder.py:181] Adding op '23' of type const
[20200630 16:33:30 INFO /Volumes/data/work/1duo-coremltools/coremltools/converters/mil/frontend/torch/ops.py:49] Converting op 12 : constant
[20200630 16:33:30 INFO /Volumes/data/work/1duo-coremltools/coremltools/converters/mil/mil/builder.py:181] Adding op '12' of type const
[20200630 16:33:30 INFO /Volumes/data/work/1duo-coremltools/coremltools/converters/mil/frontend/torch/ops.py:49] Converting op 24 : constant
[20200630 16:33:30 INFO /Volumes/data/work/1duo-coremltools/coremltools/converters/mil/mil/builder.py:181] Adding op '24' of type const
[20200630 16:33:30 INFO /Volumes/data/work/1duo-coremltools/coremltools/converters/mil/frontend/torch/ops.py:49] Converting op 16 : constant
[20200630 16:33:30 INFO /Volumes/data/work/1duo-coremltools/coremltools/converters/mil/mil/builder.py:181] Adding op '16' of type const
[20200630 16:33:30 INFO /Volumes/data/work/1duo-coremltools/coremltools/converters/mil/frontend/torch/ops.py:49] Converting op 17 : constant
[20200630 16:33:30 INFO /Volumes/data/work/1duo-coremltools/coremltools/converters/mil/mil/builder.py:181] Adding op '17' of type const
[20200630 16:33:30 INFO /Volumes/data/work/1duo-coremltools/coremltools/converters/mil/frontend/torch/ops.py:49] Converting op 18 : constant
[20200630 16:33:30 INFO /Volumes/data/work/1duo-coremltools/coremltools/converters/mil/mil/builder.py:181] Adding op '18' of type const
[20200630 16:33:30 INFO /Volumes/data/work/1duo-coremltools/coremltools/converters/mil/frontend/torch/ops.py:49] Converting op 19 : constant
[20200630 16:33:30 INFO /Volumes/data/work/1duo-coremltools/coremltools/converters/mil/mil/builder.py:181] Adding op '19' of type const
[20200630 16:33:30 INFO /Volumes/data/work/1duo-coremltools/coremltools/converters/mil/frontend/torch/ops.py:49] Converting op 20 : _convolution
[20200630 16:33:30 INFO /Volumes/data/work/1duo-coremltools/coremltools/converters/mil/mil/builder.py:181] Adding op '20' of type conv
[20200630 16:33:30 DEBUG /Volumes/data/work/1duo-coremltools/coremltools/converters/mil/mil/builder.py:93] Adding const op '20_pad_type_129'
[20200630 16:33:30 INFO /Volumes/data/work/1duo-coremltools/coremltools/converters/mil/mil/builder.py:181] Adding op '20_pad_type_129' of type const
[20200630 16:33:30 DEBUG /Volumes/data/work/1duo-coremltools/coremltools/converters/mil/mil/builder.py:93] Adding const op '20_pad_129'
[20200630 16:33:30 INFO /Volumes/data/work/1duo-coremltools/coremltools/converters/mil/mil/builder.py:181] Adding op '20_pad_129' of type const
[20200630 16:33:30 DEBUG /Volumes/data/work/1duo-coremltools/coremltools/converters/mil/mil/passes/common_pass.py:30] Program before common passes:
main(%input: (1, 1, 6, 5, fp32)) {
  block148() {
    %1: (1, 1, 1, 1, fp32)* = const(val=[[[[-0.8990901708602905]]]], name="1")
    %2: (1,fp32)* = const(val=[0.4533480405807495], name="2")
    %21: (2,i32)* = const(val=[1, 1], name="21")
    %22: (2,i32)* = const(val=[1, 1], name="22")
    %23: (2,i32)* = const(val=[3, 3], name="23")
    %12: (bool)* = const(val=False, name="12")
    %24: (2,i32)* = const(val=[0, 0], name="24")
    %16: (i32)* = const(val=1, name="16")
    %17: (bool)* = const(val=False, name="17")
    %18: (bool)* = const(val=False, name="18")
    %19: (bool)* = const(val=True, name="19")
    %20_pad_type_129: (str)* = const(val="custom", name="20_pad_type_129")
    %20_pad_129: (4,i32)* = const(val=[1, 1, 1, 1], name="20_pad_129")
    %20: (1, 1, 8, 7, fp32) = conv(x=%input, weight=%1, bias=%2, strides=%21, pad_type=%20_pad_type_129, pad=%20_pad_129, dilations=%23, groups=%16, name="20")
  } -> (%20)
}

[20200630 16:33:30 INFO /Volumes/data/work/1duo-coremltools/coremltools/converters/mil/mil/passes/common_pass.py:34] Performing pass: "common::const_elimination"
[20200630 16:33:30 INFO /Volumes/data/work/1duo-coremltools/coremltools/converters/mil/mil/passes/common_pass.py:34] Performing pass: "common::divide_to_multiply"
[20200630 16:33:30 INFO /Volumes/data/work/1duo-coremltools/coremltools/converters/mil/mil/passes/common_pass.py:34] Performing pass: "common::fuse_matmul_weight_bias"
[20200630 16:33:30 INFO /Volumes/data/work/1duo-coremltools/coremltools/converters/mil/mil/passes/common_pass.py:34] Performing pass: "common::const_elimination"
[20200630 16:33:30 INFO /Volumes/data/work/1duo-coremltools/coremltools/converters/mil/mil/passes/common_pass.py:34] Performing pass: "common::loop_invariant_elimination"
[20200630 16:33:30 INFO /Volumes/data/work/1duo-coremltools/coremltools/converters/mil/mil/passes/common_pass.py:34] Performing pass: "common::remove_symbolic_reshape"
[20200630 16:33:30 INFO /Volumes/data/work/1duo-coremltools/coremltools/converters/mil/mil/passes/remove_symbolic_reshape.py:104] remove_symbolic_reshape: changed 0 reshapes.
[20200630 16:33:30 INFO /Volumes/data/work/1duo-coremltools/coremltools/converters/mil/mil/passes/common_pass.py:34] Performing pass: "common::fuse_gelu_tanh_approximation"
[20200630 16:33:30 INFO /Volumes/data/work/1duo-coremltools/coremltools/converters/mil/mil/passes/common_pass.py:34] Performing pass: "common::reduce_transposes"
[20200630 16:33:30 DEBUG /Volumes/data/work/1duo-coremltools/coremltools/converters/mil/mil/passes/reduce_transposes.py:989] Block before optimize transpose transform:
function(%input: (1, 1, 6, 5, fp32)) {
  block148() {
    %1: (1, 1, 1, 1, fp32)* = const(val=[[[[-0.8990901708602905]]]], name="1")
    %2: (1,fp32)* = const(val=[0.4533480405807495], name="2")
    %21: (2,i32)* = const(val=[1, 1], name="21")
    %22: (2,i32)* = const(val=[1, 1], name="22")
    %23: (2,i32)* = const(val=[3, 3], name="23")
    %12: (bool)* = const(val=False, name="12")
    %24: (2,i32)* = const(val=[0, 0], name="24")
    %16: (i32)* = const(val=1, name="16")
    %17: (bool)* = const(val=False, name="17")
    %18: (bool)* = const(val=False, name="18")
    %19: (bool)* = const(val=True, name="19")
    %20_pad_type_129: (str)* = const(val="custom", name="20_pad_type_129")
    %20_pad_129: (4,i32)* = const(val=[1, 1, 1, 1], name="20_pad_129")
    %20: (1, 1, 8, 7, fp32) = conv(x=%input, weight=%1, bias=%2, strides=%21, pad_type=%20_pad_type_129, pad=%20_pad_129, dilations=%23, groups=%16, name="20")
  } -> (%20)
}

[20200630 16:33:30 DEBUG /Volumes/data/work/1duo-coremltools/coremltools/converters/mil/mil/passes/reduce_transposes.py:1024] Block after optimize transpose transform:
function(%input: (1, 1, 6, 5, fp32)) {
  block148() {
    %1: (1, 1, 1, 1, fp32)* = const(val=[[[[-0.8990901708602905]]]], name="1")
    %2: (1,fp32)* = const(val=[0.4533480405807495], name="2")
    %21: (2,i32)* = const(val=[1, 1], name="21")
    %22: (2,i32)* = const(val=[1, 1], name="22")
    %23: (2,i32)* = const(val=[3, 3], name="23")
    %12: (bool)* = const(val=False, name="12")
    %24: (2,i32)* = const(val=[0, 0], name="24")
    %16: (i32)* = const(val=1, name="16")
    %17: (bool)* = const(val=False, name="17")
    %18: (bool)* = const(val=False, name="18")
    %19: (bool)* = const(val=True, name="19")
    %20_pad_type_129: (str)* = const(val="custom", name="20_pad_type_129")
    %20_pad_129: (4,i32)* = const(val=[1, 1, 1, 1], name="20_pad_129")
    %20: (1, 1, 8, 7, fp32) = conv(x=%input, weight=%1, bias=%2, strides=%21, pad_type=%20_pad_type_129, pad=%20_pad_129, dilations=%23, groups=%16, name="20")
  } -> (%20)
}

[20200630 16:33:30 INFO /Volumes/data/work/1duo-coremltools/coremltools/converters/mil/mil/passes/common_pass.py:34] Performing pass: "common::fuse_bias_conv"
[20200630 16:33:30 INFO /Volumes/data/work/1duo-coremltools/coremltools/converters/mil/mil/passes/common_pass.py:34] Performing pass: "common::fuse_elementwise_to_batchnorm"
[20200630 16:33:30 INFO /Volumes/data/work/1duo-coremltools/coremltools/converters/mil/mil/passes/common_pass.py:34] Performing pass: "common::fuse_onehot_matmul_to_gather"
[20200630 16:33:30 INFO /Volumes/data/work/1duo-coremltools/coremltools/converters/mil/mil/passes/common_pass.py:34] Performing pass: "common::fuse_layernorm_or_instancenorm"
[20200630 16:33:30 INFO /Volumes/data/work/1duo-coremltools/coremltools/converters/mil/mil/passes/common_pass.py:34] Performing pass: "common::dead_code_elimination"
[20200630 16:33:30 INFO /Volumes/data/work/1duo-coremltools/coremltools/converters/mil/mil/passes/dead_code_elimination.py:35] Removing op "19" (type: const)
[20200630 16:33:30 INFO /Volumes/data/work/1duo-coremltools/coremltools/converters/mil/mil/passes/dead_code_elimination.py:35] Removing op "18" (type: const)
[20200630 16:33:30 INFO /Volumes/data/work/1duo-coremltools/coremltools/converters/mil/mil/passes/dead_code_elimination.py:35] Removing op "17" (type: const)
[20200630 16:33:30 INFO /Volumes/data/work/1duo-coremltools/coremltools/converters/mil/mil/passes/dead_code_elimination.py:35] Removing op "24" (type: const)
[20200630 16:33:30 INFO /Volumes/data/work/1duo-coremltools/coremltools/converters/mil/mil/passes/dead_code_elimination.py:35] Removing op "12" (type: const)
[20200630 16:33:30 INFO /Volumes/data/work/1duo-coremltools/coremltools/converters/mil/mil/passes/dead_code_elimination.py:35] Removing op "22" (type: const)
[20200630 16:33:30 DEBUG /Volumes/data/work/1duo-coremltools/coremltools/converters/mil/mil/passes/common_pass.py:38] Program after common passes:
main(%input: (1, 1, 6, 5, fp32)) {
  block148() {
    %1: (1, 1, 1, 1, fp32)* = const(val=[[[[-0.8990901708602905]]]], name="1")
    %2: (1,fp32)* = const(val=[0.4533480405807495], name="2")
    %21: (2,i32)* = const(val=[1, 1], name="21")
    %23: (2,i32)* = const(val=[3, 3], name="23")
    %16: (i32)* = const(val=1, name="16")
    %20_pad_type_129: (str)* = const(val="custom", name="20_pad_type_129")
    %20_pad_129: (4,i32)* = const(val=[1, 1, 1, 1], name="20_pad_129")
    %20: (1, 1, 8, 7, fp32) = conv(x=%input, weight=%1, bias=%2, strides=%21, pad_type=%20_pad_type_129, pad=%20_pad_129, dilations=%23, groups=%16, name="20")
  } -> (%20)
}

[20200630 16:33:30 INFO /Volumes/data/work/1duo-coremltools/coremltools/converters/mil/backend/nn/passes/nn_passes.py:22] Performing passes for nn_backend: "nn_backend::commingle_loop_vars"
[20200630 16:33:30 INFO /Volumes/data/work/1duo-coremltools/coremltools/converters/mil/backend/nn/passes/nn_passes.py:22] Performing passes for nn_backend: "nn_backend::handle_return_inputs_as_outputs"
[20200630 16:33:30 INFO /Volumes/data/work/1duo-coremltools/coremltools/converters/mil/backend/nn/passes/nn_passes.py:22] Performing passes for nn_backend: "common::const_elimination"
[20200630 16:33:30 INFO /Volumes/data/work/1duo-coremltools/coremltools/converters/mil/backend/nn/passes/nn_passes.py:22] Performing passes for nn_backend: "common::dead_code_elimination"
[20200630 16:33:30 INFO /Volumes/data/work/1duo-coremltools/coremltools/converters/mil/backend/nn/passes/nn_passes.py:22] Performing passes for nn_backend: "nn_backend::handle_unused_inputs"
[20200630 16:33:30 INFO /Volumes/data/work/1duo-coremltools/coremltools/converters/mil/backend/nn/passes/nn_passes.py:22] Performing passes for nn_backend: "nn_backend::alert_return_type_cast"
[20200630 16:33:30 DEBUG /Volumes/data/work/1duo-coremltools/coremltools/converters/mil/backend/nn/passes/nn_passes.py:26] Program after nn backend passes:
main(%input: (1, 1, 6, 5, fp32)) {
  block148() {
    %1: (1, 1, 1, 1, fp32)* = const(val=[[[[-0.8990901708602905]]]], name="1")
    %2: (1,fp32)* = const(val=[0.4533480405807495], name="2")
    %21: (2,i32)* = const(val=[1, 1], name="21")
    %23: (2,i32)* = const(val=[3, 3], name="23")
    %16: (i32)* = const(val=1, name="16")
    %20_pad_type_129: (str)* = const(val="custom", name="20_pad_type_129")
    %20_pad_129: (4,i32)* = const(val=[1, 1, 1, 1], name="20_pad_129")
    %20: (1, 1, 8, 7, fp32) = conv(x=%input, weight=%1, bias=%2, strides=%21, pad_type=%20_pad_type_129, pad=%20_pad_129, dilations=%23, groups=%16, name="20")
  } -> (%20)
}

[20200630 16:33:30 INFO /Volumes/data/work/1duo-coremltools/coremltools/converters/mil/frontend/torch/converter.py:269] Converting graph.
[20200630 16:33:30 INFO /Volumes/data/work/1duo-coremltools/coremltools/converters/mil/mil/builder.py:181] Adding op '1' of type const
[20200630 16:33:30 INFO /Volumes/data/work/1duo-coremltools/coremltools/converters/mil/mil/builder.py:181] Adding op '2' of type const
[20200630 16:33:30 INFO /Volumes/data/work/1duo-coremltools/coremltools/converters/mil/frontend/torch/ops.py:49] Converting op 21 : constant
[20200630 16:33:30 INFO /Volumes/data/work/1duo-coremltools/coremltools/converters/mil/mil/builder.py:181] Adding op '21' of type const
[20200630 16:33:30 INFO /Volumes/data/work/1duo-coremltools/coremltools/converters/mil/frontend/torch/ops.py:49] Converting op 22 : constant
[20200630 16:33:30 INFO /Volumes/data/work/1duo-coremltools/coremltools/converters/mil/mil/builder.py:181] Adding op '22' of type const
[20200630 16:33:30 INFO /Volumes/data/work/1duo-coremltools/coremltools/converters/mil/frontend/torch/ops.py:49] Converting op 23 : constant
[20200630 16:33:30 INFO /Volumes/data/work/1duo-coremltools/coremltools/converters/mil/mil/builder.py:181] Adding op '23' of type const
[20200630 16:33:30 INFO /Volumes/data/work/1duo-coremltools/coremltools/converters/mil/frontend/torch/ops.py:49] Converting op 12 : constant
[20200630 16:33:30 INFO /Volumes/data/work/1duo-coremltools/coremltools/converters/mil/mil/builder.py:181] Adding op '12' of type const
[20200630 16:33:30 INFO /Volumes/data/work/1duo-coremltools/coremltools/converters/mil/frontend/torch/ops.py:49] Converting op 24 : constant
[20200630 16:33:30 INFO /Volumes/data/work/1duo-coremltools/coremltools/converters/mil/mil/builder.py:181] Adding op '24' of type const
[20200630 16:33:30 INFO /Volumes/data/work/1duo-coremltools/coremltools/converters/mil/frontend/torch/ops.py:49] Converting op 16 : constant
[20200630 16:33:30 INFO /Volumes/data/work/1duo-coremltools/coremltools/converters/mil/mil/builder.py:181] Adding op '16' of type const
[20200630 16:33:30 INFO /Volumes/data/work/1duo-coremltools/coremltools/converters/mil/frontend/torch/ops.py:49] Converting op 17 : constant
[20200630 16:33:30 INFO /Volumes/data/work/1duo-coremltools/coremltools/converters/mil/mil/builder.py:181] Adding op '17' of type const
[20200630 16:33:30 INFO /Volumes/data/work/1duo-coremltools/coremltools/converters/mil/frontend/torch/ops.py:49] Converting op 18 : constant
[20200630 16:33:30 INFO /Volumes/data/work/1duo-coremltools/coremltools/converters/mil/mil/builder.py:181] Adding op '18' of type const
[20200630 16:33:30 INFO /Volumes/data/work/1duo-coremltools/coremltools/converters/mil/frontend/torch/ops.py:49] Converting op 19 : constant
[20200630 16:33:30 INFO /Volumes/data/work/1duo-coremltools/coremltools/converters/mil/mil/builder.py:181] Adding op '19' of type const
[20200630 16:33:30 INFO /Volumes/data/work/1duo-coremltools/coremltools/converters/mil/frontend/torch/ops.py:49] Converting op 20 : _convolution
[20200630 16:33:30 INFO /Volumes/data/work/1duo-coremltools/coremltools/converters/mil/mil/builder.py:181] Adding op '20' of type conv
[20200630 16:33:30 DEBUG /Volumes/data/work/1duo-coremltools/coremltools/converters/mil/mil/builder.py:93] Adding const op '20_pad_type_130'
[20200630 16:33:30 INFO /Volumes/data/work/1duo-coremltools/coremltools/converters/mil/mil/builder.py:181] Adding op '20_pad_type_130' of type const
[20200630 16:33:30 DEBUG /Volumes/data/work/1duo-coremltools/coremltools/converters/mil/mil/builder.py:93] Adding const op '20_pad_130'
[20200630 16:33:30 INFO /Volumes/data/work/1duo-coremltools/coremltools/converters/mil/mil/builder.py:181] Adding op '20_pad_130' of type const
[20200630 16:33:30 DEBUG /Volumes/data/work/1duo-coremltools/coremltools/converters/mil/mil/passes/common_pass.py:30] Program before common passes:
main(%input: (1, 1, 6, 5, fp32)) {
  block149() {
    %1: (1, 1, 1, 1, fp32)* = const(val=[[[[-0.6980124711990356]]]], name="1")
    %2: (1,fp32)* = const(val=[0.690691351890564], name="2")
    %21: (2,i32)* = const(val=[1, 1], name="21")
    %22: (2,i32)* = const(val=[3, 3], name="22")
    %23: (2,i32)* = const(val=[1, 1], name="23")
    %12: (bool)* = const(val=False, name="12")
    %24: (2,i32)* = const(val=[0, 0], name="24")
    %16: (i32)* = const(val=1, name="16")
    %17: (bool)* = const(val=False, name="17")
    %18: (bool)* = const(val=False, name="18")
    %19: (bool)* = const(val=True, name="19")
    %20_pad_type_130: (str)* = const(val="custom", name="20_pad_type_130")
    %20_pad_130: (4,i32)* = const(val=[3, 3, 3, 3], name="20_pad_130")
    %20: (1, 1, 12, 11, fp32) = conv(x=%input, weight=%1, bias=%2, strides=%21, pad_type=%20_pad_type_130, pad=%20_pad_130, dilations=%23, groups=%16, name="20")
  } -> (%20)
}

[20200630 16:33:30 INFO /Volumes/data/work/1duo-coremltools/coremltools/converters/mil/mil/passes/common_pass.py:34] Performing pass: "common::const_elimination"
[20200630 16:33:30 INFO /Volumes/data/work/1duo-coremltools/coremltools/converters/mil/mil/passes/common_pass.py:34] Performing pass: "common::divide_to_multiply"
[20200630 16:33:30 INFO /Volumes/data/work/1duo-coremltools/coremltools/converters/mil/mil/passes/common_pass.py:34] Performing pass: "common::fuse_matmul_weight_bias"
[20200630 16:33:30 INFO /Volumes/data/work/1duo-coremltools/coremltools/converters/mil/mil/passes/common_pass.py:34] Performing pass: "common::const_elimination"
[20200630 16:33:30 INFO /Volumes/data/work/1duo-coremltools/coremltools/converters/mil/mil/passes/common_pass.py:34] Performing pass: "common::loop_invariant_elimination"
[20200630 16:33:30 INFO /Volumes/data/work/1duo-coremltools/coremltools/converters/mil/mil/passes/common_pass.py:34] Performing pass: "common::remove_symbolic_reshape"
[20200630 16:33:30 INFO /Volumes/data/work/1duo-coremltools/coremltools/converters/mil/mil/passes/remove_symbolic_reshape.py:104] remove_symbolic_reshape: changed 0 reshapes.
[20200630 16:33:30 INFO /Volumes/data/work/1duo-coremltools/coremltools/converters/mil/mil/passes/common_pass.py:34] Performing pass: "common::fuse_gelu_tanh_approximation"
[20200630 16:33:30 INFO /Volumes/data/work/1duo-coremltools/coremltools/converters/mil/mil/passes/common_pass.py:34] Performing pass: "common::reduce_transposes"
[20200630 16:33:30 DEBUG /Volumes/data/work/1duo-coremltools/coremltools/converters/mil/mil/passes/reduce_transposes.py:989] Block before optimize transpose transform:
function(%input: (1, 1, 6, 5, fp32)) {
  block149() {
    %1: (1, 1, 1, 1, fp32)* = const(val=[[[[-0.6980124711990356]]]], name="1")
    %2: (1,fp32)* = const(val=[0.690691351890564], name="2")
    %21: (2,i32)* = const(val=[1, 1], name="21")
    %22: (2,i32)* = const(val=[3, 3], name="22")
    %23: (2,i32)* = const(val=[1, 1], name="23")
    %12: (bool)* = const(val=False, name="12")
    %24: (2,i32)* = const(val=[0, 0], name="24")
    %16: (i32)* = const(val=1, name="16")
    %17: (bool)* = const(val=False, name="17")
    %18: (bool)* = const(val=False, name="18")
    %19: (bool)* = const(val=True, name="19")
    %20_pad_type_130: (str)* = const(val="custom", name="20_pad_type_130")
    %20_pad_130: (4,i32)* = const(val=[3, 3, 3, 3], name="20_pad_130")
    %20: (1, 1, 12, 11, fp32) = conv(x=%input, weight=%1, bias=%2, strides=%21, pad_type=%20_pad_type_130, pad=%20_pad_130, dilations=%23, groups=%16, name="20")
  } -> (%20)
}

[20200630 16:33:30 DEBUG /Volumes/data/work/1duo-coremltools/coremltools/converters/mil/mil/passes/reduce_transposes.py:1024] Block after optimize transpose transform:
function(%input: (1, 1, 6, 5, fp32)) {
  block149() {
    %1: (1, 1, 1, 1, fp32)* = const(val=[[[[-0.6980124711990356]]]], name="1")
    %2: (1,fp32)* = const(val=[0.690691351890564], name="2")
    %21: (2,i32)* = const(val=[1, 1], name="21")
    %22: (2,i32)* = const(val=[3, 3], name="22")
    %23: (2,i32)* = const(val=[1, 1], name="23")
    %12: (bool)* = const(val=False, name="12")
    %24: (2,i32)* = const(val=[0, 0], name="24")
    %16: (i32)* = const(val=1, name="16")
    %17: (bool)* = const(val=False, name="17")
    %18: (bool)* = const(val=False, name="18")
    %19: (bool)* = const(val=True, name="19")
    %20_pad_type_130: (str)* = const(val="custom", name="20_pad_type_130")
    %20_pad_130: (4,i32)* = const(val=[3, 3, 3, 3], name="20_pad_130")
    %20: (1, 1, 12, 11, fp32) = conv(x=%input, weight=%1, bias=%2, strides=%21, pad_type=%20_pad_type_130, pad=%20_pad_130, dilations=%23, groups=%16, name="20")
  } -> (%20)
}

[20200630 16:33:30 INFO /Volumes/data/work/1duo-coremltools/coremltools/converters/mil/mil/passes/common_pass.py:34] Performing pass: "common::fuse_bias_conv"
[20200630 16:33:30 INFO /Volumes/data/work/1duo-coremltools/coremltools/converters/mil/mil/passes/common_pass.py:34] Performing pass: "common::fuse_elementwise_to_batchnorm"
[20200630 16:33:30 INFO /Volumes/data/work/1duo-coremltools/coremltools/converters/mil/mil/passes/common_pass.py:34] Performing pass: "common::fuse_onehot_matmul_to_gather"
[20200630 16:33:30 INFO /Volumes/data/work/1duo-coremltools/coremltools/converters/mil/mil/passes/common_pass.py:34] Performing pass: "common::fuse_layernorm_or_instancenorm"
[20200630 16:33:30 INFO /Volumes/data/work/1duo-coremltools/coremltools/converters/mil/mil/passes/common_pass.py:34] Performing pass: "common::dead_code_elimination"
[20200630 16:33:30 INFO /Volumes/data/work/1duo-coremltools/coremltools/converters/mil/mil/passes/dead_code_elimination.py:35] Removing op "19" (type: const)
[20200630 16:33:30 INFO /Volumes/data/work/1duo-coremltools/coremltools/converters/mil/mil/passes/dead_code_elimination.py:35] Removing op "18" (type: const)
[20200630 16:33:30 INFO /Volumes/data/work/1duo-coremltools/coremltools/converters/mil/mil/passes/dead_code_elimination.py:35] Removing op "17" (type: const)
[20200630 16:33:30 INFO /Volumes/data/work/1duo-coremltools/coremltools/converters/mil/mil/passes/dead_code_elimination.py:35] Removing op "24" (type: const)
[20200630 16:33:30 INFO /Volumes/data/work/1duo-coremltools/coremltools/converters/mil/mil/passes/dead_code_elimination.py:35] Removing op "12" (type: const)
[20200630 16:33:30 INFO /Volumes/data/work/1duo-coremltools/coremltools/converters/mil/mil/passes/dead_code_elimination.py:35] Removing op "22" (type: const)
[20200630 16:33:30 DEBUG /Volumes/data/work/1duo-coremltools/coremltools/converters/mil/mil/passes/common_pass.py:38] Program after common passes:
main(%input: (1, 1, 6, 5, fp32)) {
  block149() {
    %1: (1, 1, 1, 1, fp32)* = const(val=[[[[-0.6980124711990356]]]], name="1")
    %2: (1,fp32)* = const(val=[0.690691351890564], name="2")
    %21: (2,i32)* = const(val=[1, 1], name="21")
    %23: (2,i32)* = const(val=[1, 1], name="23")
    %16: (i32)* = const(val=1, name="16")
    %20_pad_type_130: (str)* = const(val="custom", name="20_pad_type_130")
    %20_pad_130: (4,i32)* = const(val=[3, 3, 3, 3], name="20_pad_130")
    %20: (1, 1, 12, 11, fp32) = conv(x=%input, weight=%1, bias=%2, strides=%21, pad_type=%20_pad_type_130, pad=%20_pad_130, dilations=%23, groups=%16, name="20")
  } -> (%20)
}

[20200630 16:33:30 INFO /Volumes/data/work/1duo-coremltools/coremltools/converters/mil/backend/nn/passes/nn_passes.py:22] Performing passes for nn_backend: "nn_backend::commingle_loop_vars"
[20200630 16:33:30 INFO /Volumes/data/work/1duo-coremltools/coremltools/converters/mil/backend/nn/passes/nn_passes.py:22] Performing passes for nn_backend: "nn_backend::handle_return_inputs_as_outputs"
[20200630 16:33:30 INFO /Volumes/data/work/1duo-coremltools/coremltools/converters/mil/backend/nn/passes/nn_passes.py:22] Performing passes for nn_backend: "common::const_elimination"
[20200630 16:33:30 INFO /Volumes/data/work/1duo-coremltools/coremltools/converters/mil/backend/nn/passes/nn_passes.py:22] Performing passes for nn_backend: "common::dead_code_elimination"
[20200630 16:33:30 INFO /Volumes/data/work/1duo-coremltools/coremltools/converters/mil/backend/nn/passes/nn_passes.py:22] Performing passes for nn_backend: "nn_backend::handle_unused_inputs"
[20200630 16:33:30 INFO /Volumes/data/work/1duo-coremltools/coremltools/converters/mil/backend/nn/passes/nn_passes.py:22] Performing passes for nn_backend: "nn_backend::alert_return_type_cast"
[20200630 16:33:30 DEBUG /Volumes/data/work/1duo-coremltools/coremltools/converters/mil/backend/nn/passes/nn_passes.py:26] Program after nn backend passes:
main(%input: (1, 1, 6, 5, fp32)) {
  block149() {
    %1: (1, 1, 1, 1, fp32)* = const(val=[[[[-0.6980124711990356]]]], name="1")
    %2: (1,fp32)* = const(val=[0.690691351890564], name="2")
    %21: (2,i32)* = const(val=[1, 1], name="21")
    %23: (2,i32)* = const(val=[1, 1], name="23")
    %16: (i32)* = const(val=1, name="16")
    %20_pad_type_130: (str)* = const(val="custom", name="20_pad_type_130")
    %20_pad_130: (4,i32)* = const(val=[3, 3, 3, 3], name="20_pad_130")
    %20: (1, 1, 12, 11, fp32) = conv(x=%input, weight=%1, bias=%2, strides=%21, pad_type=%20_pad_type_130, pad=%20_pad_130, dilations=%23, groups=%16, name="20")
  } -> (%20)
}

[20200630 16:33:30 INFO /Volumes/data/work/1duo-coremltools/coremltools/converters/mil/frontend/torch/converter.py:269] Converting graph.
[20200630 16:33:30 INFO /Volumes/data/work/1duo-coremltools/coremltools/converters/mil/mil/builder.py:181] Adding op '1' of type const
[20200630 16:33:30 INFO /Volumes/data/work/1duo-coremltools/coremltools/converters/mil/mil/builder.py:181] Adding op '2' of type const
[20200630 16:33:30 INFO /Volumes/data/work/1duo-coremltools/coremltools/converters/mil/frontend/torch/ops.py:49] Converting op 21 : constant
[20200630 16:33:30 INFO /Volumes/data/work/1duo-coremltools/coremltools/converters/mil/mil/builder.py:181] Adding op '21' of type const
[20200630 16:33:30 INFO /Volumes/data/work/1duo-coremltools/coremltools/converters/mil/frontend/torch/ops.py:49] Converting op 22 : constant
[20200630 16:33:30 INFO /Volumes/data/work/1duo-coremltools/coremltools/converters/mil/mil/builder.py:181] Adding op '22' of type const
[20200630 16:33:30 INFO /Volumes/data/work/1duo-coremltools/coremltools/converters/mil/frontend/torch/ops.py:49] Converting op 23 : constant
[20200630 16:33:30 INFO /Volumes/data/work/1duo-coremltools/coremltools/converters/mil/mil/builder.py:181] Adding op '23' of type const
[20200630 16:33:30 INFO /Volumes/data/work/1duo-coremltools/coremltools/converters/mil/frontend/torch/ops.py:49] Converting op 12 : constant
[20200630 16:33:30 INFO /Volumes/data/work/1duo-coremltools/coremltools/converters/mil/mil/builder.py:181] Adding op '12' of type const
[20200630 16:33:30 INFO /Volumes/data/work/1duo-coremltools/coremltools/converters/mil/frontend/torch/ops.py:49] Converting op 24 : constant
[20200630 16:33:30 INFO /Volumes/data/work/1duo-coremltools/coremltools/converters/mil/mil/builder.py:181] Adding op '24' of type const
[20200630 16:33:30 INFO /Volumes/data/work/1duo-coremltools/coremltools/converters/mil/frontend/torch/ops.py:49] Converting op 16 : constant
[20200630 16:33:30 INFO /Volumes/data/work/1duo-coremltools/coremltools/converters/mil/mil/builder.py:181] Adding op '16' of type const
[20200630 16:33:30 INFO /Volumes/data/work/1duo-coremltools/coremltools/converters/mil/frontend/torch/ops.py:49] Converting op 17 : constant
[20200630 16:33:30 INFO /Volumes/data/work/1duo-coremltools/coremltools/converters/mil/mil/builder.py:181] Adding op '17' of type const
[20200630 16:33:30 INFO /Volumes/data/work/1duo-coremltools/coremltools/converters/mil/frontend/torch/ops.py:49] Converting op 18 : constant
[20200630 16:33:30 INFO /Volumes/data/work/1duo-coremltools/coremltools/converters/mil/mil/builder.py:181] Adding op '18' of type const
[20200630 16:33:30 INFO /Volumes/data/work/1duo-coremltools/coremltools/converters/mil/frontend/torch/ops.py:49] Converting op 19 : constant
[20200630 16:33:30 INFO /Volumes/data/work/1duo-coremltools/coremltools/converters/mil/mil/builder.py:181] Adding op '19' of type const
[20200630 16:33:30 INFO /Volumes/data/work/1duo-coremltools/coremltools/converters/mil/frontend/torch/ops.py:49] Converting op 20 : _convolution
[20200630 16:33:30 INFO /Volumes/data/work/1duo-coremltools/coremltools/converters/mil/mil/builder.py:181] Adding op '20' of type conv
[20200630 16:33:30 DEBUG /Volumes/data/work/1duo-coremltools/coremltools/converters/mil/mil/builder.py:93] Adding const op '20_pad_type_131'
[20200630 16:33:30 INFO /Volumes/data/work/1duo-coremltools/coremltools/converters/mil/mil/builder.py:181] Adding op '20_pad_type_131' of type const
[20200630 16:33:30 DEBUG /Volumes/data/work/1duo-coremltools/coremltools/converters/mil/mil/builder.py:93] Adding const op '20_pad_131'
[20200630 16:33:30 INFO /Volumes/data/work/1duo-coremltools/coremltools/converters/mil/mil/builder.py:181] Adding op '20_pad_131' of type const
[20200630 16:33:30 DEBUG /Volumes/data/work/1duo-coremltools/coremltools/converters/mil/mil/passes/common_pass.py:30] Program before common passes:
main(%input: (1, 1, 6, 5, fp32)) {
  block150() {
    %1: (1, 1, 1, 1, fp32)* = const(val=[[[[-0.29192662239074707]]]], name="1")
    %2: (1,fp32)* = const(val=[-0.5820604562759399], name="2")
    %21: (2,i32)* = const(val=[1, 1], name="21")
    %22: (2,i32)* = const(val=[3, 3], name="22")
    %23: (2,i32)* = const(val=[3, 3], name="23")
    %12: (bool)* = const(val=False, name="12")
    %24: (2,i32)* = const(val=[0, 0], name="24")
    %16: (i32)* = const(val=1, name="16")
    %17: (bool)* = const(val=False, name="17")
    %18: (bool)* = const(val=False, name="18")
    %19: (bool)* = const(val=True, name="19")
    %20_pad_type_131: (str)* = const(val="custom", name="20_pad_type_131")
    %20_pad_131: (4,i32)* = const(val=[3, 3, 3, 3], name="20_pad_131")
    %20: (1, 1, 12, 11, fp32) = conv(x=%input, weight=%1, bias=%2, strides=%21, pad_type=%20_pad_type_131, pad=%20_pad_131, dilations=%23, groups=%16, name="20")
  } -> (%20)
}

[20200630 16:33:30 INFO /Volumes/data/work/1duo-coremltools/coremltools/converters/mil/mil/passes/common_pass.py:34] Performing pass: "common::const_elimination"
[20200630 16:33:30 INFO /Volumes/data/work/1duo-coremltools/coremltools/converters/mil/mil/passes/common_pass.py:34] Performing pass: "common::divide_to_multiply"
[20200630 16:33:30 INFO /Volumes/data/work/1duo-coremltools/coremltools/converters/mil/mil/passes/common_pass.py:34] Performing pass: "common::fuse_matmul_weight_bias"
[20200630 16:33:30 INFO /Volumes/data/work/1duo-coremltools/coremltools/converters/mil/mil/passes/common_pass.py:34] Performing pass: "common::const_elimination"
[20200630 16:33:30 INFO /Volumes/data/work/1duo-coremltools/coremltools/converters/mil/mil/passes/common_pass.py:34] Performing pass: "common::loop_invariant_elimination"
[20200630 16:33:30 INFO /Volumes/data/work/1duo-coremltools/coremltools/converters/mil/mil/passes/common_pass.py:34] Performing pass: "common::remove_symbolic_reshape"
[20200630 16:33:30 INFO /Volumes/data/work/1duo-coremltools/coremltools/converters/mil/mil/passes/remove_symbolic_reshape.py:104] remove_symbolic_reshape: changed 0 reshapes.
[20200630 16:33:30 INFO /Volumes/data/work/1duo-coremltools/coremltools/converters/mil/mil/passes/common_pass.py:34] Performing pass: "common::fuse_gelu_tanh_approximation"
[20200630 16:33:30 INFO /Volumes/data/work/1duo-coremltools/coremltools/converters/mil/mil/passes/common_pass.py:34] Performing pass: "common::reduce_transposes"
[20200630 16:33:30 DEBUG /Volumes/data/work/1duo-coremltools/coremltools/converters/mil/mil/passes/reduce_transposes.py:989] Block before optimize transpose transform:
function(%input: (1, 1, 6, 5, fp32)) {
  block150() {
    %1: (1, 1, 1, 1, fp32)* = const(val=[[[[-0.29192662239074707]]]], name="1")
    %2: (1,fp32)* = const(val=[-0.5820604562759399], name="2")
    %21: (2,i32)* = const(val=[1, 1], name="21")
    %22: (2,i32)* = const(val=[3, 3], name="22")
    %23: (2,i32)* = const(val=[3, 3], name="23")
    %12: (bool)* = const(val=False, name="12")
    %24: (2,i32)* = const(val=[0, 0], name="24")
    %16: (i32)* = const(val=1, name="16")
    %17: (bool)* = const(val=False, name="17")
    %18: (bool)* = const(val=False, name="18")
    %19: (bool)* = const(val=True, name="19")
    %20_pad_type_131: (str)* = const(val="custom", name="20_pad_type_131")
    %20_pad_131: (4,i32)* = const(val=[3, 3, 3, 3], name="20_pad_131")
    %20: (1, 1, 12, 11, fp32) = conv(x=%input, weight=%1, bias=%2, strides=%21, pad_type=%20_pad_type_131, pad=%20_pad_131, dilations=%23, groups=%16, name="20")
  } -> (%20)
}

[20200630 16:33:30 DEBUG /Volumes/data/work/1duo-coremltools/coremltools/converters/mil/mil/passes/reduce_transposes.py:1024] Block after optimize transpose transform:
function(%input: (1, 1, 6, 5, fp32)) {
  block150() {
    %1: (1, 1, 1, 1, fp32)* = const(val=[[[[-0.29192662239074707]]]], name="1")
    %2: (1,fp32)* = const(val=[-0.5820604562759399], name="2")
    %21: (2,i32)* = const(val=[1, 1], name="21")
    %22: (2,i32)* = const(val=[3, 3], name="22")
    %23: (2,i32)* = const(val=[3, 3], name="23")
    %12: (bool)* = const(val=False, name="12")
    %24: (2,i32)* = const(val=[0, 0], name="24")
    %16: (i32)* = const(val=1, name="16")
    %17: (bool)* = const(val=False, name="17")
    %18: (bool)* = const(val=False, name="18")
    %19: (bool)* = const(val=True, name="19")
    %20_pad_type_131: (str)* = const(val="custom", name="20_pad_type_131")
    %20_pad_131: (4,i32)* = const(val=[3, 3, 3, 3], name="20_pad_131")
    %20: (1, 1, 12, 11, fp32) = conv(x=%input, weight=%1, bias=%2, strides=%21, pad_type=%20_pad_type_131, pad=%20_pad_131, dilations=%23, groups=%16, name="20")
  } -> (%20)
}

[20200630 16:33:30 INFO /Volumes/data/work/1duo-coremltools/coremltools/converters/mil/mil/passes/common_pass.py:34] Performing pass: "common::fuse_bias_conv"
[20200630 16:33:30 INFO /Volumes/data/work/1duo-coremltools/coremltools/converters/mil/mil/passes/common_pass.py:34] Performing pass: "common::fuse_elementwise_to_batchnorm"
[20200630 16:33:30 INFO /Volumes/data/work/1duo-coremltools/coremltools/converters/mil/mil/passes/common_pass.py:34] Performing pass: "common::fuse_onehot_matmul_to_gather"
[20200630 16:33:30 INFO /Volumes/data/work/1duo-coremltools/coremltools/converters/mil/mil/passes/common_pass.py:34] Performing pass: "common::fuse_layernorm_or_instancenorm"
[20200630 16:33:30 INFO /Volumes/data/work/1duo-coremltools/coremltools/converters/mil/mil/passes/common_pass.py:34] Performing pass: "common::dead_code_elimination"
[20200630 16:33:30 INFO /Volumes/data/work/1duo-coremltools/coremltools/converters/mil/mil/passes/dead_code_elimination.py:35] Removing op "19" (type: const)
[20200630 16:33:30 INFO /Volumes/data/work/1duo-coremltools/coremltools/converters/mil/mil/passes/dead_code_elimination.py:35] Removing op "18" (type: const)
[20200630 16:33:30 INFO /Volumes/data/work/1duo-coremltools/coremltools/converters/mil/mil/passes/dead_code_elimination.py:35] Removing op "17" (type: const)
[20200630 16:33:30 INFO /Volumes/data/work/1duo-coremltools/coremltools/converters/mil/mil/passes/dead_code_elimination.py:35] Removing op "24" (type: const)
[20200630 16:33:30 INFO /Volumes/data/work/1duo-coremltools/coremltools/converters/mil/mil/passes/dead_code_elimination.py:35] Removing op "12" (type: const)
[20200630 16:33:30 INFO /Volumes/data/work/1duo-coremltools/coremltools/converters/mil/mil/passes/dead_code_elimination.py:35] Removing op "22" (type: const)
[20200630 16:33:30 DEBUG /Volumes/data/work/1duo-coremltools/coremltools/converters/mil/mil/passes/common_pass.py:38] Program after common passes:
main(%input: (1, 1, 6, 5, fp32)) {
  block150() {
    %1: (1, 1, 1, 1, fp32)* = const(val=[[[[-0.29192662239074707]]]], name="1")
    %2: (1,fp32)* = const(val=[-0.5820604562759399], name="2")
    %21: (2,i32)* = const(val=[1, 1], name="21")
    %23: (2,i32)* = const(val=[3, 3], name="23")
    %16: (i32)* = const(val=1, name="16")
    %20_pad_type_131: (str)* = const(val="custom", name="20_pad_type_131")
    %20_pad_131: (4,i32)* = const(val=[3, 3, 3, 3], name="20_pad_131")
    %20: (1, 1, 12, 11, fp32) = conv(x=%input, weight=%1, bias=%2, strides=%21, pad_type=%20_pad_type_131, pad=%20_pad_131, dilations=%23, groups=%16, name="20")
  } -> (%20)
}

[20200630 16:33:30 INFO /Volumes/data/work/1duo-coremltools/coremltools/converters/mil/backend/nn/passes/nn_passes.py:22] Performing passes for nn_backend: "nn_backend::commingle_loop_vars"
[20200630 16:33:30 INFO /Volumes/data/work/1duo-coremltools/coremltools/converters/mil/backend/nn/passes/nn_passes.py:22] Performing passes for nn_backend: "nn_backend::handle_return_inputs_as_outputs"
[20200630 16:33:30 INFO /Volumes/data/work/1duo-coremltools/coremltools/converters/mil/backend/nn/passes/nn_passes.py:22] Performing passes for nn_backend: "common::const_elimination"
[20200630 16:33:30 INFO /Volumes/data/work/1duo-coremltools/coremltools/converters/mil/backend/nn/passes/nn_passes.py:22] Performing passes for nn_backend: "common::dead_code_elimination"
[20200630 16:33:30 INFO /Volumes/data/work/1duo-coremltools/coremltools/converters/mil/backend/nn/passes/nn_passes.py:22] Performing passes for nn_backend: "nn_backend::handle_unused_inputs"
[20200630 16:33:30 INFO /Volumes/data/work/1duo-coremltools/coremltools/converters/mil/backend/nn/passes/nn_passes.py:22] Performing passes for nn_backend: "nn_backend::alert_return_type_cast"
[20200630 16:33:30 DEBUG /Volumes/data/work/1duo-coremltools/coremltools/converters/mil/backend/nn/passes/nn_passes.py:26] Program after nn backend passes:
main(%input: (1, 1, 6, 5, fp32)) {
  block150() {
    %1: (1, 1, 1, 1, fp32)* = const(val=[[[[-0.29192662239074707]]]], name="1")
    %2: (1,fp32)* = const(val=[-0.5820604562759399], name="2")
    %21: (2,i32)* = const(val=[1, 1], name="21")
    %23: (2,i32)* = const(val=[3, 3], name="23")
    %16: (i32)* = const(val=1, name="16")
    %20_pad_type_131: (str)* = const(val="custom", name="20_pad_type_131")
    %20_pad_131: (4,i32)* = const(val=[3, 3, 3, 3], name="20_pad_131")
    %20: (1, 1, 12, 11, fp32) = conv(x=%input, weight=%1, bias=%2, strides=%21, pad_type=%20_pad_type_131, pad=%20_pad_131, dilations=%23, groups=%16, name="20")
  } -> (%20)
}

[20200630 16:33:30 INFO /Volumes/data/work/1duo-coremltools/coremltools/converters/mil/frontend/torch/converter.py:269] Converting graph.
[20200630 16:33:30 INFO /Volumes/data/work/1duo-coremltools/coremltools/converters/mil/mil/builder.py:181] Adding op '1' of type const
[20200630 16:33:30 INFO /Volumes/data/work/1duo-coremltools/coremltools/converters/mil/mil/builder.py:181] Adding op '2' of type const
[20200630 16:33:30 INFO /Volumes/data/work/1duo-coremltools/coremltools/converters/mil/frontend/torch/ops.py:49] Converting op 21 : constant
[20200630 16:33:30 INFO /Volumes/data/work/1duo-coremltools/coremltools/converters/mil/mil/builder.py:181] Adding op '21' of type const
[20200630 16:33:30 INFO /Volumes/data/work/1duo-coremltools/coremltools/converters/mil/frontend/torch/ops.py:49] Converting op 22 : constant
[20200630 16:33:30 INFO /Volumes/data/work/1duo-coremltools/coremltools/converters/mil/mil/builder.py:181] Adding op '22' of type const
[20200630 16:33:30 INFO /Volumes/data/work/1duo-coremltools/coremltools/converters/mil/frontend/torch/ops.py:49] Converting op 23 : constant
[20200630 16:33:30 INFO /Volumes/data/work/1duo-coremltools/coremltools/converters/mil/mil/builder.py:181] Adding op '23' of type const
[20200630 16:33:30 INFO /Volumes/data/work/1duo-coremltools/coremltools/converters/mil/frontend/torch/ops.py:49] Converting op 12 : constant
[20200630 16:33:30 INFO /Volumes/data/work/1duo-coremltools/coremltools/converters/mil/mil/builder.py:181] Adding op '12' of type const
[20200630 16:33:30 INFO /Volumes/data/work/1duo-coremltools/coremltools/converters/mil/frontend/torch/ops.py:49] Converting op 24 : constant
[20200630 16:33:30 INFO /Volumes/data/work/1duo-coremltools/coremltools/converters/mil/mil/builder.py:181] Adding op '24' of type const
[20200630 16:33:30 INFO /Volumes/data/work/1duo-coremltools/coremltools/converters/mil/frontend/torch/ops.py:49] Converting op 16 : constant
[20200630 16:33:30 INFO /Volumes/data/work/1duo-coremltools/coremltools/converters/mil/mil/builder.py:181] Adding op '16' of type const
[20200630 16:33:30 INFO /Volumes/data/work/1duo-coremltools/coremltools/converters/mil/frontend/torch/ops.py:49] Converting op 17 : constant
[20200630 16:33:30 INFO /Volumes/data/work/1duo-coremltools/coremltools/converters/mil/mil/builder.py:181] Adding op '17' of type const
[20200630 16:33:30 INFO /Volumes/data/work/1duo-coremltools/coremltools/converters/mil/frontend/torch/ops.py:49] Converting op 18 : constant
[20200630 16:33:30 INFO /Volumes/data/work/1duo-coremltools/coremltools/converters/mil/mil/builder.py:181] Adding op '18' of type const
[20200630 16:33:30 INFO /Volumes/data/work/1duo-coremltools/coremltools/converters/mil/frontend/torch/ops.py:49] Converting op 19 : constant
[20200630 16:33:30 INFO /Volumes/data/work/1duo-coremltools/coremltools/converters/mil/mil/builder.py:181] Adding op '19' of type const
[20200630 16:33:30 INFO /Volumes/data/work/1duo-coremltools/coremltools/converters/mil/frontend/torch/ops.py:49] Converting op 20 : _convolution
[20200630 16:33:30 INFO /Volumes/data/work/1duo-coremltools/coremltools/converters/mil/mil/builder.py:181] Adding op '20' of type conv
[20200630 16:33:30 DEBUG /Volumes/data/work/1duo-coremltools/coremltools/converters/mil/mil/builder.py:93] Adding const op '20_pad_type_132'
[20200630 16:33:30 INFO /Volumes/data/work/1duo-coremltools/coremltools/converters/mil/mil/builder.py:181] Adding op '20_pad_type_132' of type const
[20200630 16:33:30 DEBUG /Volumes/data/work/1duo-coremltools/coremltools/converters/mil/mil/builder.py:93] Adding const op '20_pad_132'
[20200630 16:33:30 INFO /Volumes/data/work/1duo-coremltools/coremltools/converters/mil/mil/builder.py:181] Adding op '20_pad_132' of type const
[20200630 16:33:30 DEBUG /Volumes/data/work/1duo-coremltools/coremltools/converters/mil/mil/passes/common_pass.py:30] Program before common passes:
main(%input: (1, 1, 6, 5, fp32)) {
  block151() {
    %1: (1, 1, 1, 1, fp32)* = const(val=[[[[-0.5183916091918945]]]], name="1")
    %2: (1,fp32)* = const(val=[0.3111848831176758], name="2")
    %21: (2,i32)* = const(val=[3, 3], name="21")
    %22: (2,i32)* = const(val=[1, 1], name="22")
    %23: (2,i32)* = const(val=[1, 1], name="23")
    %12: (bool)* = const(val=False, name="12")
    %24: (2,i32)* = const(val=[0, 0], name="24")
    %16: (i32)* = const(val=1, name="16")
    %17: (bool)* = const(val=False, name="17")
    %18: (bool)* = const(val=False, name="18")
    %19: (bool)* = const(val=True, name="19")
    %20_pad_type_132: (str)* = const(val="custom", name="20_pad_type_132")
    %20_pad_132: (4,i32)* = const(val=[1, 1, 1, 1], name="20_pad_132")
    %20: (1, 1, 3, 3, fp32) = conv(x=%input, weight=%1, bias=%2, strides=%21, pad_type=%20_pad_type_132, pad=%20_pad_132, dilations=%23, groups=%16, name="20")
  } -> (%20)
}

[20200630 16:33:30 INFO /Volumes/data/work/1duo-coremltools/coremltools/converters/mil/mil/passes/common_pass.py:34] Performing pass: "common::const_elimination"
[20200630 16:33:30 INFO /Volumes/data/work/1duo-coremltools/coremltools/converters/mil/mil/passes/common_pass.py:34] Performing pass: "common::divide_to_multiply"
[20200630 16:33:30 INFO /Volumes/data/work/1duo-coremltools/coremltools/converters/mil/mil/passes/common_pass.py:34] Performing pass: "common::fuse_matmul_weight_bias"
[20200630 16:33:30 INFO /Volumes/data/work/1duo-coremltools/coremltools/converters/mil/mil/passes/common_pass.py:34] Performing pass: "common::const_elimination"
[20200630 16:33:30 INFO /Volumes/data/work/1duo-coremltools/coremltools/converters/mil/mil/passes/common_pass.py:34] Performing pass: "common::loop_invariant_elimination"
[20200630 16:33:30 INFO /Volumes/data/work/1duo-coremltools/coremltools/converters/mil/mil/passes/common_pass.py:34] Performing pass: "common::remove_symbolic_reshape"
[20200630 16:33:30 INFO /Volumes/data/work/1duo-coremltools/coremltools/converters/mil/mil/passes/remove_symbolic_reshape.py:104] remove_symbolic_reshape: changed 0 reshapes.
[20200630 16:33:30 INFO /Volumes/data/work/1duo-coremltools/coremltools/converters/mil/mil/passes/common_pass.py:34] Performing pass: "common::fuse_gelu_tanh_approximation"
[20200630 16:33:30 INFO /Volumes/data/work/1duo-coremltools/coremltools/converters/mil/mil/passes/common_pass.py:34] Performing pass: "common::reduce_transposes"
[20200630 16:33:30 DEBUG /Volumes/data/work/1duo-coremltools/coremltools/converters/mil/mil/passes/reduce_transposes.py:989] Block before optimize transpose transform:
function(%input: (1, 1, 6, 5, fp32)) {
  block151() {
    %1: (1, 1, 1, 1, fp32)* = const(val=[[[[-0.5183916091918945]]]], name="1")
    %2: (1,fp32)* = const(val=[0.3111848831176758], name="2")
    %21: (2,i32)* = const(val=[3, 3], name="21")
    %22: (2,i32)* = const(val=[1, 1], name="22")
    %23: (2,i32)* = const(val=[1, 1], name="23")
    %12: (bool)* = const(val=False, name="12")
    %24: (2,i32)* = const(val=[0, 0], name="24")
    %16: (i32)* = const(val=1, name="16")
    %17: (bool)* = const(val=False, name="17")
    %18: (bool)* = const(val=False, name="18")
    %19: (bool)* = const(val=True, name="19")
    %20_pad_type_132: (str)* = const(val="custom", name="20_pad_type_132")
    %20_pad_132: (4,i32)* = const(val=[1, 1, 1, 1], name="20_pad_132")
    %20: (1, 1, 3, 3, fp32) = conv(x=%input, weight=%1, bias=%2, strides=%21, pad_type=%20_pad_type_132, pad=%20_pad_132, dilations=%23, groups=%16, name="20")
  } -> (%20)
}

[20200630 16:33:30 DEBUG /Volumes/data/work/1duo-coremltools/coremltools/converters/mil/mil/passes/reduce_transposes.py:1024] Block after optimize transpose transform:
function(%input: (1, 1, 6, 5, fp32)) {
  block151() {
    %1: (1, 1, 1, 1, fp32)* = const(val=[[[[-0.5183916091918945]]]], name="1")
    %2: (1,fp32)* = const(val=[0.3111848831176758], name="2")
    %21: (2,i32)* = const(val=[3, 3], name="21")
    %22: (2,i32)* = const(val=[1, 1], name="22")
    %23: (2,i32)* = const(val=[1, 1], name="23")
    %12: (bool)* = const(val=False, name="12")
    %24: (2,i32)* = const(val=[0, 0], name="24")
    %16: (i32)* = const(val=1, name="16")
    %17: (bool)* = const(val=False, name="17")
    %18: (bool)* = const(val=False, name="18")
    %19: (bool)* = const(val=True, name="19")
    %20_pad_type_132: (str)* = const(val="custom", name="20_pad_type_132")
    %20_pad_132: (4,i32)* = const(val=[1, 1, 1, 1], name="20_pad_132")
    %20: (1, 1, 3, 3, fp32) = conv(x=%input, weight=%1, bias=%2, strides=%21, pad_type=%20_pad_type_132, pad=%20_pad_132, dilations=%23, groups=%16, name="20")
  } -> (%20)
}

[20200630 16:33:30 INFO /Volumes/data/work/1duo-coremltools/coremltools/converters/mil/mil/passes/common_pass.py:34] Performing pass: "common::fuse_bias_conv"
[20200630 16:33:30 INFO /Volumes/data/work/1duo-coremltools/coremltools/converters/mil/mil/passes/common_pass.py:34] Performing pass: "common::fuse_elementwise_to_batchnorm"
[20200630 16:33:30 INFO /Volumes/data/work/1duo-coremltools/coremltools/converters/mil/mil/passes/common_pass.py:34] Performing pass: "common::fuse_onehot_matmul_to_gather"
[20200630 16:33:30 INFO /Volumes/data/work/1duo-coremltools/coremltools/converters/mil/mil/passes/common_pass.py:34] Performing pass: "common::fuse_layernorm_or_instancenorm"
[20200630 16:33:30 INFO /Volumes/data/work/1duo-coremltools/coremltools/converters/mil/mil/passes/common_pass.py:34] Performing pass: "common::dead_code_elimination"
[20200630 16:33:30 INFO /Volumes/data/work/1duo-coremltools/coremltools/converters/mil/mil/passes/dead_code_elimination.py:35] Removing op "19" (type: const)
[20200630 16:33:30 INFO /Volumes/data/work/1duo-coremltools/coremltools/converters/mil/mil/passes/dead_code_elimination.py:35] Removing op "18" (type: const)
[20200630 16:33:30 INFO /Volumes/data/work/1duo-coremltools/coremltools/converters/mil/mil/passes/dead_code_elimination.py:35] Removing op "17" (type: const)
[20200630 16:33:30 INFO /Volumes/data/work/1duo-coremltools/coremltools/converters/mil/mil/passes/dead_code_elimination.py:35] Removing op "24" (type: const)
[20200630 16:33:30 INFO /Volumes/data/work/1duo-coremltools/coremltools/converters/mil/mil/passes/dead_code_elimination.py:35] Removing op "12" (type: const)
[20200630 16:33:30 INFO /Volumes/data/work/1duo-coremltools/coremltools/converters/mil/mil/passes/dead_code_elimination.py:35] Removing op "22" (type: const)
[20200630 16:33:30 DEBUG /Volumes/data/work/1duo-coremltools/coremltools/converters/mil/mil/passes/common_pass.py:38] Program after common passes:
main(%input: (1, 1, 6, 5, fp32)) {
  block151() {
    %1: (1, 1, 1, 1, fp32)* = const(val=[[[[-0.5183916091918945]]]], name="1")
    %2: (1,fp32)* = const(val=[0.3111848831176758], name="2")
    %21: (2,i32)* = const(val=[3, 3], name="21")
    %23: (2,i32)* = const(val=[1, 1], name="23")
    %16: (i32)* = const(val=1, name="16")
    %20_pad_type_132: (str)* = const(val="custom", name="20_pad_type_132")
    %20_pad_132: (4,i32)* = const(val=[1, 1, 1, 1], name="20_pad_132")
    %20: (1, 1, 3, 3, fp32) = conv(x=%input, weight=%1, bias=%2, strides=%21, pad_type=%20_pad_type_132, pad=%20_pad_132, dilations=%23, groups=%16, name="20")
  } -> (%20)
}

[20200630 16:33:30 INFO /Volumes/data/work/1duo-coremltools/coremltools/converters/mil/backend/nn/passes/nn_passes.py:22] Performing passes for nn_backend: "nn_backend::commingle_loop_vars"
[20200630 16:33:30 INFO /Volumes/data/work/1duo-coremltools/coremltools/converters/mil/backend/nn/passes/nn_passes.py:22] Performing passes for nn_backend: "nn_backend::handle_return_inputs_as_outputs"
[20200630 16:33:30 INFO /Volumes/data/work/1duo-coremltools/coremltools/converters/mil/backend/nn/passes/nn_passes.py:22] Performing passes for nn_backend: "common::const_elimination"
[20200630 16:33:30 INFO /Volumes/data/work/1duo-coremltools/coremltools/converters/mil/backend/nn/passes/nn_passes.py:22] Performing passes for nn_backend: "common::dead_code_elimination"
[20200630 16:33:30 INFO /Volumes/data/work/1duo-coremltools/coremltools/converters/mil/backend/nn/passes/nn_passes.py:22] Performing passes for nn_backend: "nn_backend::handle_unused_inputs"
[20200630 16:33:30 INFO /Volumes/data/work/1duo-coremltools/coremltools/converters/mil/backend/nn/passes/nn_passes.py:22] Performing passes for nn_backend: "nn_backend::alert_return_type_cast"
[20200630 16:33:30 DEBUG /Volumes/data/work/1duo-coremltools/coremltools/converters/mil/backend/nn/passes/nn_passes.py:26] Program after nn backend passes:
main(%input: (1, 1, 6, 5, fp32)) {
  block151() {
    %1: (1, 1, 1, 1, fp32)* = const(val=[[[[-0.5183916091918945]]]], name="1")
    %2: (1,fp32)* = const(val=[0.3111848831176758], name="2")
    %21: (2,i32)* = const(val=[3, 3], name="21")
    %23: (2,i32)* = const(val=[1, 1], name="23")
    %16: (i32)* = const(val=1, name="16")
    %20_pad_type_132: (str)* = const(val="custom", name="20_pad_type_132")
    %20_pad_132: (4,i32)* = const(val=[1, 1, 1, 1], name="20_pad_132")
    %20: (1, 1, 3, 3, fp32) = conv(x=%input, weight=%1, bias=%2, strides=%21, pad_type=%20_pad_type_132, pad=%20_pad_132, dilations=%23, groups=%16, name="20")
  } -> (%20)
}

[20200630 16:33:31 INFO /Volumes/data/work/1duo-coremltools/coremltools/converters/mil/frontend/torch/converter.py:269] Converting graph.
[20200630 16:33:31 INFO /Volumes/data/work/1duo-coremltools/coremltools/converters/mil/mil/builder.py:181] Adding op '1' of type const
[20200630 16:33:31 INFO /Volumes/data/work/1duo-coremltools/coremltools/converters/mil/mil/builder.py:181] Adding op '2' of type const
[20200630 16:33:31 INFO /Volumes/data/work/1duo-coremltools/coremltools/converters/mil/frontend/torch/ops.py:49] Converting op 21 : constant
[20200630 16:33:31 INFO /Volumes/data/work/1duo-coremltools/coremltools/converters/mil/mil/builder.py:181] Adding op '21' of type const
[20200630 16:33:31 INFO /Volumes/data/work/1duo-coremltools/coremltools/converters/mil/frontend/torch/ops.py:49] Converting op 22 : constant
[20200630 16:33:31 INFO /Volumes/data/work/1duo-coremltools/coremltools/converters/mil/mil/builder.py:181] Adding op '22' of type const
[20200630 16:33:31 INFO /Volumes/data/work/1duo-coremltools/coremltools/converters/mil/frontend/torch/ops.py:49] Converting op 23 : constant
[20200630 16:33:31 INFO /Volumes/data/work/1duo-coremltools/coremltools/converters/mil/mil/builder.py:181] Adding op '23' of type const
[20200630 16:33:31 INFO /Volumes/data/work/1duo-coremltools/coremltools/converters/mil/frontend/torch/ops.py:49] Converting op 12 : constant
[20200630 16:33:31 INFO /Volumes/data/work/1duo-coremltools/coremltools/converters/mil/mil/builder.py:181] Adding op '12' of type const
[20200630 16:33:31 INFO /Volumes/data/work/1duo-coremltools/coremltools/converters/mil/frontend/torch/ops.py:49] Converting op 24 : constant
[20200630 16:33:31 INFO /Volumes/data/work/1duo-coremltools/coremltools/converters/mil/mil/builder.py:181] Adding op '24' of type const
[20200630 16:33:31 INFO /Volumes/data/work/1duo-coremltools/coremltools/converters/mil/frontend/torch/ops.py:49] Converting op 16 : constant
[20200630 16:33:31 INFO /Volumes/data/work/1duo-coremltools/coremltools/converters/mil/mil/builder.py:181] Adding op '16' of type const
[20200630 16:33:31 INFO /Volumes/data/work/1duo-coremltools/coremltools/converters/mil/frontend/torch/ops.py:49] Converting op 17 : constant
[20200630 16:33:31 INFO /Volumes/data/work/1duo-coremltools/coremltools/converters/mil/mil/builder.py:181] Adding op '17' of type const
[20200630 16:33:31 INFO /Volumes/data/work/1duo-coremltools/coremltools/converters/mil/frontend/torch/ops.py:49] Converting op 18 : constant
[20200630 16:33:31 INFO /Volumes/data/work/1duo-coremltools/coremltools/converters/mil/mil/builder.py:181] Adding op '18' of type const
[20200630 16:33:31 INFO /Volumes/data/work/1duo-coremltools/coremltools/converters/mil/frontend/torch/ops.py:49] Converting op 19 : constant
[20200630 16:33:31 INFO /Volumes/data/work/1duo-coremltools/coremltools/converters/mil/mil/builder.py:181] Adding op '19' of type const
[20200630 16:33:31 INFO /Volumes/data/work/1duo-coremltools/coremltools/converters/mil/frontend/torch/ops.py:49] Converting op 20 : _convolution
[20200630 16:33:31 INFO /Volumes/data/work/1duo-coremltools/coremltools/converters/mil/mil/builder.py:181] Adding op '20' of type conv
[20200630 16:33:31 DEBUG /Volumes/data/work/1duo-coremltools/coremltools/converters/mil/mil/builder.py:93] Adding const op '20_pad_type_133'
[20200630 16:33:31 INFO /Volumes/data/work/1duo-coremltools/coremltools/converters/mil/mil/builder.py:181] Adding op '20_pad_type_133' of type const
[20200630 16:33:31 DEBUG /Volumes/data/work/1duo-coremltools/coremltools/converters/mil/mil/builder.py:93] Adding const op '20_pad_133'
[20200630 16:33:31 INFO /Volumes/data/work/1duo-coremltools/coremltools/converters/mil/mil/builder.py:181] Adding op '20_pad_133' of type const
[20200630 16:33:31 DEBUG /Volumes/data/work/1duo-coremltools/coremltools/converters/mil/mil/passes/common_pass.py:30] Program before common passes:
main(%input: (1, 1, 6, 5, fp32)) {
  block152() {
    %1: (1, 1, 1, 1, fp32)* = const(val=[[[[0.9570220708847046]]]], name="1")
    %2: (1,fp32)* = const(val=[-0.02368760108947754], name="2")
    %21: (2,i32)* = const(val=[3, 3], name="21")
    %22: (2,i32)* = const(val=[1, 1], name="22")
    %23: (2,i32)* = const(val=[3, 3], name="23")
    %12: (bool)* = const(val=False, name="12")
    %24: (2,i32)* = const(val=[0, 0], name="24")
    %16: (i32)* = const(val=1, name="16")
    %17: (bool)* = const(val=False, name="17")
    %18: (bool)* = const(val=False, name="18")
    %19: (bool)* = const(val=True, name="19")
    %20_pad_type_133: (str)* = const(val="custom", name="20_pad_type_133")
    %20_pad_133: (4,i32)* = const(val=[1, 1, 1, 1], name="20_pad_133")
    %20: (1, 1, 3, 3, fp32) = conv(x=%input, weight=%1, bias=%2, strides=%21, pad_type=%20_pad_type_133, pad=%20_pad_133, dilations=%23, groups=%16, name="20")
  } -> (%20)
}

[20200630 16:33:31 INFO /Volumes/data/work/1duo-coremltools/coremltools/converters/mil/mil/passes/common_pass.py:34] Performing pass: "common::const_elimination"
[20200630 16:33:31 INFO /Volumes/data/work/1duo-coremltools/coremltools/converters/mil/mil/passes/common_pass.py:34] Performing pass: "common::divide_to_multiply"
[20200630 16:33:31 INFO /Volumes/data/work/1duo-coremltools/coremltools/converters/mil/mil/passes/common_pass.py:34] Performing pass: "common::fuse_matmul_weight_bias"
[20200630 16:33:31 INFO /Volumes/data/work/1duo-coremltools/coremltools/converters/mil/mil/passes/common_pass.py:34] Performing pass: "common::const_elimination"
[20200630 16:33:31 INFO /Volumes/data/work/1duo-coremltools/coremltools/converters/mil/mil/passes/common_pass.py:34] Performing pass: "common::loop_invariant_elimination"
[20200630 16:33:31 INFO /Volumes/data/work/1duo-coremltools/coremltools/converters/mil/mil/passes/common_pass.py:34] Performing pass: "common::remove_symbolic_reshape"
[20200630 16:33:31 INFO /Volumes/data/work/1duo-coremltools/coremltools/converters/mil/mil/passes/remove_symbolic_reshape.py:104] remove_symbolic_reshape: changed 0 reshapes.
[20200630 16:33:31 INFO /Volumes/data/work/1duo-coremltools/coremltools/converters/mil/mil/passes/common_pass.py:34] Performing pass: "common::fuse_gelu_tanh_approximation"
[20200630 16:33:31 INFO /Volumes/data/work/1duo-coremltools/coremltools/converters/mil/mil/passes/common_pass.py:34] Performing pass: "common::reduce_transposes"
[20200630 16:33:31 DEBUG /Volumes/data/work/1duo-coremltools/coremltools/converters/mil/mil/passes/reduce_transposes.py:989] Block before optimize transpose transform:
function(%input: (1, 1, 6, 5, fp32)) {
  block152() {
    %1: (1, 1, 1, 1, fp32)* = const(val=[[[[0.9570220708847046]]]], name="1")
    %2: (1,fp32)* = const(val=[-0.02368760108947754], name="2")
    %21: (2,i32)* = const(val=[3, 3], name="21")
    %22: (2,i32)* = const(val=[1, 1], name="22")
    %23: (2,i32)* = const(val=[3, 3], name="23")
    %12: (bool)* = const(val=False, name="12")
    %24: (2,i32)* = const(val=[0, 0], name="24")
    %16: (i32)* = const(val=1, name="16")
    %17: (bool)* = const(val=False, name="17")
    %18: (bool)* = const(val=False, name="18")
    %19: (bool)* = const(val=True, name="19")
    %20_pad_type_133: (str)* = const(val="custom", name="20_pad_type_133")
    %20_pad_133: (4,i32)* = const(val=[1, 1, 1, 1], name="20_pad_133")
    %20: (1, 1, 3, 3, fp32) = conv(x=%input, weight=%1, bias=%2, strides=%21, pad_type=%20_pad_type_133, pad=%20_pad_133, dilations=%23, groups=%16, name="20")
  } -> (%20)
}

[20200630 16:33:31 DEBUG /Volumes/data/work/1duo-coremltools/coremltools/converters/mil/mil/passes/reduce_transposes.py:1024] Block after optimize transpose transform:
function(%input: (1, 1, 6, 5, fp32)) {
  block152() {
    %1: (1, 1, 1, 1, fp32)* = const(val=[[[[0.9570220708847046]]]], name="1")
    %2: (1,fp32)* = const(val=[-0.02368760108947754], name="2")
    %21: (2,i32)* = const(val=[3, 3], name="21")
    %22: (2,i32)* = const(val=[1, 1], name="22")
    %23: (2,i32)* = const(val=[3, 3], name="23")
    %12: (bool)* = const(val=False, name="12")
    %24: (2,i32)* = const(val=[0, 0], name="24")
    %16: (i32)* = const(val=1, name="16")
    %17: (bool)* = const(val=False, name="17")
    %18: (bool)* = const(val=False, name="18")
    %19: (bool)* = const(val=True, name="19")
    %20_pad_type_133: (str)* = const(val="custom", name="20_pad_type_133")
    %20_pad_133: (4,i32)* = const(val=[1, 1, 1, 1], name="20_pad_133")
    %20: (1, 1, 3, 3, fp32) = conv(x=%input, weight=%1, bias=%2, strides=%21, pad_type=%20_pad_type_133, pad=%20_pad_133, dilations=%23, groups=%16, name="20")
  } -> (%20)
}

[20200630 16:33:31 INFO /Volumes/data/work/1duo-coremltools/coremltools/converters/mil/mil/passes/common_pass.py:34] Performing pass: "common::fuse_bias_conv"
[20200630 16:33:31 INFO /Volumes/data/work/1duo-coremltools/coremltools/converters/mil/mil/passes/common_pass.py:34] Performing pass: "common::fuse_elementwise_to_batchnorm"
[20200630 16:33:31 INFO /Volumes/data/work/1duo-coremltools/coremltools/converters/mil/mil/passes/common_pass.py:34] Performing pass: "common::fuse_onehot_matmul_to_gather"
[20200630 16:33:31 INFO /Volumes/data/work/1duo-coremltools/coremltools/converters/mil/mil/passes/common_pass.py:34] Performing pass: "common::fuse_layernorm_or_instancenorm"
[20200630 16:33:31 INFO /Volumes/data/work/1duo-coremltools/coremltools/converters/mil/mil/passes/common_pass.py:34] Performing pass: "common::dead_code_elimination"
[20200630 16:33:31 INFO /Volumes/data/work/1duo-coremltools/coremltools/converters/mil/mil/passes/dead_code_elimination.py:35] Removing op "19" (type: const)
[20200630 16:33:31 INFO /Volumes/data/work/1duo-coremltools/coremltools/converters/mil/mil/passes/dead_code_elimination.py:35] Removing op "18" (type: const)
[20200630 16:33:31 INFO /Volumes/data/work/1duo-coremltools/coremltools/converters/mil/mil/passes/dead_code_elimination.py:35] Removing op "17" (type: const)
[20200630 16:33:31 INFO /Volumes/data/work/1duo-coremltools/coremltools/converters/mil/mil/passes/dead_code_elimination.py:35] Removing op "24" (type: const)
[20200630 16:33:31 INFO /Volumes/data/work/1duo-coremltools/coremltools/converters/mil/mil/passes/dead_code_elimination.py:35] Removing op "12" (type: const)
[20200630 16:33:31 INFO /Volumes/data/work/1duo-coremltools/coremltools/converters/mil/mil/passes/dead_code_elimination.py:35] Removing op "22" (type: const)
[20200630 16:33:31 DEBUG /Volumes/data/work/1duo-coremltools/coremltools/converters/mil/mil/passes/common_pass.py:38] Program after common passes:
main(%input: (1, 1, 6, 5, fp32)) {
  block152() {
    %1: (1, 1, 1, 1, fp32)* = const(val=[[[[0.9570220708847046]]]], name="1")
    %2: (1,fp32)* = const(val=[-0.02368760108947754], name="2")
    %21: (2,i32)* = const(val=[3, 3], name="21")
    %23: (2,i32)* = const(val=[3, 3], name="23")
    %16: (i32)* = const(val=1, name="16")
    %20_pad_type_133: (str)* = const(val="custom", name="20_pad_type_133")
    %20_pad_133: (4,i32)* = const(val=[1, 1, 1, 1], name="20_pad_133")
    %20: (1, 1, 3, 3, fp32) = conv(x=%input, weight=%1, bias=%2, strides=%21, pad_type=%20_pad_type_133, pad=%20_pad_133, dilations=%23, groups=%16, name="20")
  } -> (%20)
}

[20200630 16:33:31 INFO /Volumes/data/work/1duo-coremltools/coremltools/converters/mil/backend/nn/passes/nn_passes.py:22] Performing passes for nn_backend: "nn_backend::commingle_loop_vars"
[20200630 16:33:31 INFO /Volumes/data/work/1duo-coremltools/coremltools/converters/mil/backend/nn/passes/nn_passes.py:22] Performing passes for nn_backend: "nn_backend::handle_return_inputs_as_outputs"
[20200630 16:33:31 INFO /Volumes/data/work/1duo-coremltools/coremltools/converters/mil/backend/nn/passes/nn_passes.py:22] Performing passes for nn_backend: "common::const_elimination"
[20200630 16:33:31 INFO /Volumes/data/work/1duo-coremltools/coremltools/converters/mil/backend/nn/passes/nn_passes.py:22] Performing passes for nn_backend: "common::dead_code_elimination"
[20200630 16:33:31 INFO /Volumes/data/work/1duo-coremltools/coremltools/converters/mil/backend/nn/passes/nn_passes.py:22] Performing passes for nn_backend: "nn_backend::handle_unused_inputs"
[20200630 16:33:31 INFO /Volumes/data/work/1duo-coremltools/coremltools/converters/mil/backend/nn/passes/nn_passes.py:22] Performing passes for nn_backend: "nn_backend::alert_return_type_cast"
[20200630 16:33:31 DEBUG /Volumes/data/work/1duo-coremltools/coremltools/converters/mil/backend/nn/passes/nn_passes.py:26] Program after nn backend passes:
main(%input: (1, 1, 6, 5, fp32)) {
  block152() {
    %1: (1, 1, 1, 1, fp32)* = const(val=[[[[0.9570220708847046]]]], name="1")
    %2: (1,fp32)* = const(val=[-0.02368760108947754], name="2")
    %21: (2,i32)* = const(val=[3, 3], name="21")
    %23: (2,i32)* = const(val=[3, 3], name="23")
    %16: (i32)* = const(val=1, name="16")
    %20_pad_type_133: (str)* = const(val="custom", name="20_pad_type_133")
    %20_pad_133: (4,i32)* = const(val=[1, 1, 1, 1], name="20_pad_133")
    %20: (1, 1, 3, 3, fp32) = conv(x=%input, weight=%1, bias=%2, strides=%21, pad_type=%20_pad_type_133, pad=%20_pad_133, dilations=%23, groups=%16, name="20")
  } -> (%20)
}

[20200630 16:33:31 INFO /Volumes/data/work/1duo-coremltools/coremltools/converters/mil/frontend/torch/converter.py:269] Converting graph.
[20200630 16:33:31 INFO /Volumes/data/work/1duo-coremltools/coremltools/converters/mil/mil/builder.py:181] Adding op '1' of type const
[20200630 16:33:31 INFO /Volumes/data/work/1duo-coremltools/coremltools/converters/mil/mil/builder.py:181] Adding op '2' of type const
[20200630 16:33:31 INFO /Volumes/data/work/1duo-coremltools/coremltools/converters/mil/frontend/torch/ops.py:49] Converting op 21 : constant
[20200630 16:33:31 INFO /Volumes/data/work/1duo-coremltools/coremltools/converters/mil/mil/builder.py:181] Adding op '21' of type const
[20200630 16:33:31 INFO /Volumes/data/work/1duo-coremltools/coremltools/converters/mil/frontend/torch/ops.py:49] Converting op 22 : constant
[20200630 16:33:31 INFO /Volumes/data/work/1duo-coremltools/coremltools/converters/mil/mil/builder.py:181] Adding op '22' of type const
[20200630 16:33:31 INFO /Volumes/data/work/1duo-coremltools/coremltools/converters/mil/frontend/torch/ops.py:49] Converting op 23 : constant
[20200630 16:33:31 INFO /Volumes/data/work/1duo-coremltools/coremltools/converters/mil/mil/builder.py:181] Adding op '23' of type const
[20200630 16:33:31 INFO /Volumes/data/work/1duo-coremltools/coremltools/converters/mil/frontend/torch/ops.py:49] Converting op 12 : constant
[20200630 16:33:31 INFO /Volumes/data/work/1duo-coremltools/coremltools/converters/mil/mil/builder.py:181] Adding op '12' of type const
[20200630 16:33:31 INFO /Volumes/data/work/1duo-coremltools/coremltools/converters/mil/frontend/torch/ops.py:49] Converting op 24 : constant
[20200630 16:33:31 INFO /Volumes/data/work/1duo-coremltools/coremltools/converters/mil/mil/builder.py:181] Adding op '24' of type const
[20200630 16:33:31 INFO /Volumes/data/work/1duo-coremltools/coremltools/converters/mil/frontend/torch/ops.py:49] Converting op 16 : constant
[20200630 16:33:31 INFO /Volumes/data/work/1duo-coremltools/coremltools/converters/mil/mil/builder.py:181] Adding op '16' of type const
[20200630 16:33:31 INFO /Volumes/data/work/1duo-coremltools/coremltools/converters/mil/frontend/torch/ops.py:49] Converting op 17 : constant
[20200630 16:33:31 INFO /Volumes/data/work/1duo-coremltools/coremltools/converters/mil/mil/builder.py:181] Adding op '17' of type const
[20200630 16:33:31 INFO /Volumes/data/work/1duo-coremltools/coremltools/converters/mil/frontend/torch/ops.py:49] Converting op 18 : constant
[20200630 16:33:31 INFO /Volumes/data/work/1duo-coremltools/coremltools/converters/mil/mil/builder.py:181] Adding op '18' of type const
[20200630 16:33:31 INFO /Volumes/data/work/1duo-coremltools/coremltools/converters/mil/frontend/torch/ops.py:49] Converting op 19 : constant
[20200630 16:33:31 INFO /Volumes/data/work/1duo-coremltools/coremltools/converters/mil/mil/builder.py:181] Adding op '19' of type const
[20200630 16:33:31 INFO /Volumes/data/work/1duo-coremltools/coremltools/converters/mil/frontend/torch/ops.py:49] Converting op 20 : _convolution
[20200630 16:33:31 INFO /Volumes/data/work/1duo-coremltools/coremltools/converters/mil/mil/builder.py:181] Adding op '20' of type conv
[20200630 16:33:31 DEBUG /Volumes/data/work/1duo-coremltools/coremltools/converters/mil/mil/builder.py:93] Adding const op '20_pad_type_134'
[20200630 16:33:31 INFO /Volumes/data/work/1duo-coremltools/coremltools/converters/mil/mil/builder.py:181] Adding op '20_pad_type_134' of type const
[20200630 16:33:31 DEBUG /Volumes/data/work/1duo-coremltools/coremltools/converters/mil/mil/builder.py:93] Adding const op '20_pad_134'
[20200630 16:33:31 INFO /Volumes/data/work/1duo-coremltools/coremltools/converters/mil/mil/builder.py:181] Adding op '20_pad_134' of type const
[20200630 16:33:31 DEBUG /Volumes/data/work/1duo-coremltools/coremltools/converters/mil/mil/passes/common_pass.py:30] Program before common passes:
main(%input: (1, 1, 6, 5, fp32)) {
  block153() {
    %1: (1, 1, 1, 1, fp32)* = const(val=[[[[0.6733663082122803]]]], name="1")
    %2: (1,fp32)* = const(val=[-0.5645159482955933], name="2")
    %21: (2,i32)* = const(val=[3, 3], name="21")
    %22: (2,i32)* = const(val=[3, 3], name="22")
    %23: (2,i32)* = const(val=[1, 1], name="23")
    %12: (bool)* = const(val=False, name="12")
    %24: (2,i32)* = const(val=[0, 0], name="24")
    %16: (i32)* = const(val=1, name="16")
    %17: (bool)* = const(val=False, name="17")
    %18: (bool)* = const(val=False, name="18")
    %19: (bool)* = const(val=True, name="19")
    %20_pad_type_134: (str)* = const(val="custom", name="20_pad_type_134")
    %20_pad_134: (4,i32)* = const(val=[3, 3, 3, 3], name="20_pad_134")
    %20: (1, 1, 4, 4, fp32) = conv(x=%input, weight=%1, bias=%2, strides=%21, pad_type=%20_pad_type_134, pad=%20_pad_134, dilations=%23, groups=%16, name="20")
  } -> (%20)
}

[20200630 16:33:31 INFO /Volumes/data/work/1duo-coremltools/coremltools/converters/mil/mil/passes/common_pass.py:34] Performing pass: "common::const_elimination"
[20200630 16:33:31 INFO /Volumes/data/work/1duo-coremltools/coremltools/converters/mil/mil/passes/common_pass.py:34] Performing pass: "common::divide_to_multiply"
[20200630 16:33:31 INFO /Volumes/data/work/1duo-coremltools/coremltools/converters/mil/mil/passes/common_pass.py:34] Performing pass: "common::fuse_matmul_weight_bias"
[20200630 16:33:31 INFO /Volumes/data/work/1duo-coremltools/coremltools/converters/mil/mil/passes/common_pass.py:34] Performing pass: "common::const_elimination"
[20200630 16:33:31 INFO /Volumes/data/work/1duo-coremltools/coremltools/converters/mil/mil/passes/common_pass.py:34] Performing pass: "common::loop_invariant_elimination"
[20200630 16:33:31 INFO /Volumes/data/work/1duo-coremltools/coremltools/converters/mil/mil/passes/common_pass.py:34] Performing pass: "common::remove_symbolic_reshape"
[20200630 16:33:31 INFO /Volumes/data/work/1duo-coremltools/coremltools/converters/mil/mil/passes/remove_symbolic_reshape.py:104] remove_symbolic_reshape: changed 0 reshapes.
[20200630 16:33:31 INFO /Volumes/data/work/1duo-coremltools/coremltools/converters/mil/mil/passes/common_pass.py:34] Performing pass: "common::fuse_gelu_tanh_approximation"
[20200630 16:33:31 INFO /Volumes/data/work/1duo-coremltools/coremltools/converters/mil/mil/passes/common_pass.py:34] Performing pass: "common::reduce_transposes"
[20200630 16:33:31 DEBUG /Volumes/data/work/1duo-coremltools/coremltools/converters/mil/mil/passes/reduce_transposes.py:989] Block before optimize transpose transform:
function(%input: (1, 1, 6, 5, fp32)) {
  block153() {
    %1: (1, 1, 1, 1, fp32)* = const(val=[[[[0.6733663082122803]]]], name="1")
    %2: (1,fp32)* = const(val=[-0.5645159482955933], name="2")
    %21: (2,i32)* = const(val=[3, 3], name="21")
    %22: (2,i32)* = const(val=[3, 3], name="22")
    %23: (2,i32)* = const(val=[1, 1], name="23")
    %12: (bool)* = const(val=False, name="12")
    %24: (2,i32)* = const(val=[0, 0], name="24")
    %16: (i32)* = const(val=1, name="16")
    %17: (bool)* = const(val=False, name="17")
    %18: (bool)* = const(val=False, name="18")
    %19: (bool)* = const(val=True, name="19")
    %20_pad_type_134: (str)* = const(val="custom", name="20_pad_type_134")
    %20_pad_134: (4,i32)* = const(val=[3, 3, 3, 3], name="20_pad_134")
    %20: (1, 1, 4, 4, fp32) = conv(x=%input, weight=%1, bias=%2, strides=%21, pad_type=%20_pad_type_134, pad=%20_pad_134, dilations=%23, groups=%16, name="20")
  } -> (%20)
}

[20200630 16:33:31 DEBUG /Volumes/data/work/1duo-coremltools/coremltools/converters/mil/mil/passes/reduce_transposes.py:1024] Block after optimize transpose transform:
function(%input: (1, 1, 6, 5, fp32)) {
  block153() {
    %1: (1, 1, 1, 1, fp32)* = const(val=[[[[0.6733663082122803]]]], name="1")
    %2: (1,fp32)* = const(val=[-0.5645159482955933], name="2")
    %21: (2,i32)* = const(val=[3, 3], name="21")
    %22: (2,i32)* = const(val=[3, 3], name="22")
    %23: (2,i32)* = const(val=[1, 1], name="23")
    %12: (bool)* = const(val=False, name="12")
    %24: (2,i32)* = const(val=[0, 0], name="24")
    %16: (i32)* = const(val=1, name="16")
    %17: (bool)* = const(val=False, name="17")
    %18: (bool)* = const(val=False, name="18")
    %19: (bool)* = const(val=True, name="19")
    %20_pad_type_134: (str)* = const(val="custom", name="20_pad_type_134")
    %20_pad_134: (4,i32)* = const(val=[3, 3, 3, 3], name="20_pad_134")
    %20: (1, 1, 4, 4, fp32) = conv(x=%input, weight=%1, bias=%2, strides=%21, pad_type=%20_pad_type_134, pad=%20_pad_134, dilations=%23, groups=%16, name="20")
  } -> (%20)
}

[20200630 16:33:31 INFO /Volumes/data/work/1duo-coremltools/coremltools/converters/mil/mil/passes/common_pass.py:34] Performing pass: "common::fuse_bias_conv"
[20200630 16:33:31 INFO /Volumes/data/work/1duo-coremltools/coremltools/converters/mil/mil/passes/common_pass.py:34] Performing pass: "common::fuse_elementwise_to_batchnorm"
[20200630 16:33:31 INFO /Volumes/data/work/1duo-coremltools/coremltools/converters/mil/mil/passes/common_pass.py:34] Performing pass: "common::fuse_onehot_matmul_to_gather"
[20200630 16:33:31 INFO /Volumes/data/work/1duo-coremltools/coremltools/converters/mil/mil/passes/common_pass.py:34] Performing pass: "common::fuse_layernorm_or_instancenorm"
[20200630 16:33:31 INFO /Volumes/data/work/1duo-coremltools/coremltools/converters/mil/mil/passes/common_pass.py:34] Performing pass: "common::dead_code_elimination"
[20200630 16:33:31 INFO /Volumes/data/work/1duo-coremltools/coremltools/converters/mil/mil/passes/dead_code_elimination.py:35] Removing op "19" (type: const)
[20200630 16:33:31 INFO /Volumes/data/work/1duo-coremltools/coremltools/converters/mil/mil/passes/dead_code_elimination.py:35] Removing op "18" (type: const)
[20200630 16:33:31 INFO /Volumes/data/work/1duo-coremltools/coremltools/converters/mil/mil/passes/dead_code_elimination.py:35] Removing op "17" (type: const)
[20200630 16:33:31 INFO /Volumes/data/work/1duo-coremltools/coremltools/converters/mil/mil/passes/dead_code_elimination.py:35] Removing op "24" (type: const)
[20200630 16:33:31 INFO /Volumes/data/work/1duo-coremltools/coremltools/converters/mil/mil/passes/dead_code_elimination.py:35] Removing op "12" (type: const)
[20200630 16:33:31 INFO /Volumes/data/work/1duo-coremltools/coremltools/converters/mil/mil/passes/dead_code_elimination.py:35] Removing op "22" (type: const)
[20200630 16:33:31 DEBUG /Volumes/data/work/1duo-coremltools/coremltools/converters/mil/mil/passes/common_pass.py:38] Program after common passes:
main(%input: (1, 1, 6, 5, fp32)) {
  block153() {
    %1: (1, 1, 1, 1, fp32)* = const(val=[[[[0.6733663082122803]]]], name="1")
    %2: (1,fp32)* = const(val=[-0.5645159482955933], name="2")
    %21: (2,i32)* = const(val=[3, 3], name="21")
    %23: (2,i32)* = const(val=[1, 1], name="23")
    %16: (i32)* = const(val=1, name="16")
    %20_pad_type_134: (str)* = const(val="custom", name="20_pad_type_134")
    %20_pad_134: (4,i32)* = const(val=[3, 3, 3, 3], name="20_pad_134")
    %20: (1, 1, 4, 4, fp32) = conv(x=%input, weight=%1, bias=%2, strides=%21, pad_type=%20_pad_type_134, pad=%20_pad_134, dilations=%23, groups=%16, name="20")
  } -> (%20)
}

[20200630 16:33:31 INFO /Volumes/data/work/1duo-coremltools/coremltools/converters/mil/backend/nn/passes/nn_passes.py:22] Performing passes for nn_backend: "nn_backend::commingle_loop_vars"
[20200630 16:33:31 INFO /Volumes/data/work/1duo-coremltools/coremltools/converters/mil/backend/nn/passes/nn_passes.py:22] Performing passes for nn_backend: "nn_backend::handle_return_inputs_as_outputs"
[20200630 16:33:31 INFO /Volumes/data/work/1duo-coremltools/coremltools/converters/mil/backend/nn/passes/nn_passes.py:22] Performing passes for nn_backend: "common::const_elimination"
[20200630 16:33:31 INFO /Volumes/data/work/1duo-coremltools/coremltools/converters/mil/backend/nn/passes/nn_passes.py:22] Performing passes for nn_backend: "common::dead_code_elimination"
[20200630 16:33:31 INFO /Volumes/data/work/1duo-coremltools/coremltools/converters/mil/backend/nn/passes/nn_passes.py:22] Performing passes for nn_backend: "nn_backend::handle_unused_inputs"
[20200630 16:33:31 INFO /Volumes/data/work/1duo-coremltools/coremltools/converters/mil/backend/nn/passes/nn_passes.py:22] Performing passes for nn_backend: "nn_backend::alert_return_type_cast"
[20200630 16:33:31 DEBUG /Volumes/data/work/1duo-coremltools/coremltools/converters/mil/backend/nn/passes/nn_passes.py:26] Program after nn backend passes:
main(%input: (1, 1, 6, 5, fp32)) {
  block153() {
    %1: (1, 1, 1, 1, fp32)* = const(val=[[[[0.6733663082122803]]]], name="1")
    %2: (1,fp32)* = const(val=[-0.5645159482955933], name="2")
    %21: (2,i32)* = const(val=[3, 3], name="21")
    %23: (2,i32)* = const(val=[1, 1], name="23")
    %16: (i32)* = const(val=1, name="16")
    %20_pad_type_134: (str)* = const(val="custom", name="20_pad_type_134")
    %20_pad_134: (4,i32)* = const(val=[3, 3, 3, 3], name="20_pad_134")
    %20: (1, 1, 4, 4, fp32) = conv(x=%input, weight=%1, bias=%2, strides=%21, pad_type=%20_pad_type_134, pad=%20_pad_134, dilations=%23, groups=%16, name="20")
  } -> (%20)
}

[20200630 16:33:31 INFO /Volumes/data/work/1duo-coremltools/coremltools/converters/mil/frontend/torch/converter.py:269] Converting graph.
[20200630 16:33:31 INFO /Volumes/data/work/1duo-coremltools/coremltools/converters/mil/mil/builder.py:181] Adding op '1' of type const
[20200630 16:33:31 INFO /Volumes/data/work/1duo-coremltools/coremltools/converters/mil/mil/builder.py:181] Adding op '2' of type const
[20200630 16:33:31 INFO /Volumes/data/work/1duo-coremltools/coremltools/converters/mil/frontend/torch/ops.py:49] Converting op 21 : constant
[20200630 16:33:31 INFO /Volumes/data/work/1duo-coremltools/coremltools/converters/mil/mil/builder.py:181] Adding op '21' of type const
[20200630 16:33:31 INFO /Volumes/data/work/1duo-coremltools/coremltools/converters/mil/frontend/torch/ops.py:49] Converting op 22 : constant
[20200630 16:33:31 INFO /Volumes/data/work/1duo-coremltools/coremltools/converters/mil/mil/builder.py:181] Adding op '22' of type const
[20200630 16:33:31 INFO /Volumes/data/work/1duo-coremltools/coremltools/converters/mil/frontend/torch/ops.py:49] Converting op 23 : constant
[20200630 16:33:31 INFO /Volumes/data/work/1duo-coremltools/coremltools/converters/mil/mil/builder.py:181] Adding op '23' of type const
[20200630 16:33:31 INFO /Volumes/data/work/1duo-coremltools/coremltools/converters/mil/frontend/torch/ops.py:49] Converting op 12 : constant
[20200630 16:33:31 INFO /Volumes/data/work/1duo-coremltools/coremltools/converters/mil/mil/builder.py:181] Adding op '12' of type const
[20200630 16:33:31 INFO /Volumes/data/work/1duo-coremltools/coremltools/converters/mil/frontend/torch/ops.py:49] Converting op 24 : constant
[20200630 16:33:31 INFO /Volumes/data/work/1duo-coremltools/coremltools/converters/mil/mil/builder.py:181] Adding op '24' of type const
[20200630 16:33:31 INFO /Volumes/data/work/1duo-coremltools/coremltools/converters/mil/frontend/torch/ops.py:49] Converting op 16 : constant
[20200630 16:33:31 INFO /Volumes/data/work/1duo-coremltools/coremltools/converters/mil/mil/builder.py:181] Adding op '16' of type const
[20200630 16:33:31 INFO /Volumes/data/work/1duo-coremltools/coremltools/converters/mil/frontend/torch/ops.py:49] Converting op 17 : constant
[20200630 16:33:31 INFO /Volumes/data/work/1duo-coremltools/coremltools/converters/mil/mil/builder.py:181] Adding op '17' of type const
[20200630 16:33:31 INFO /Volumes/data/work/1duo-coremltools/coremltools/converters/mil/frontend/torch/ops.py:49] Converting op 18 : constant
[20200630 16:33:31 INFO /Volumes/data/work/1duo-coremltools/coremltools/converters/mil/mil/builder.py:181] Adding op '18' of type const
[20200630 16:33:31 INFO /Volumes/data/work/1duo-coremltools/coremltools/converters/mil/frontend/torch/ops.py:49] Converting op 19 : constant
[20200630 16:33:31 INFO /Volumes/data/work/1duo-coremltools/coremltools/converters/mil/mil/builder.py:181] Adding op '19' of type const
[20200630 16:33:31 INFO /Volumes/data/work/1duo-coremltools/coremltools/converters/mil/frontend/torch/ops.py:49] Converting op 20 : _convolution
[20200630 16:33:31 INFO /Volumes/data/work/1duo-coremltools/coremltools/converters/mil/mil/builder.py:181] Adding op '20' of type conv
[20200630 16:33:31 DEBUG /Volumes/data/work/1duo-coremltools/coremltools/converters/mil/mil/builder.py:93] Adding const op '20_pad_type_135'
[20200630 16:33:31 INFO /Volumes/data/work/1duo-coremltools/coremltools/converters/mil/mil/builder.py:181] Adding op '20_pad_type_135' of type const
[20200630 16:33:31 DEBUG /Volumes/data/work/1duo-coremltools/coremltools/converters/mil/mil/builder.py:93] Adding const op '20_pad_135'
[20200630 16:33:31 INFO /Volumes/data/work/1duo-coremltools/coremltools/converters/mil/mil/builder.py:181] Adding op '20_pad_135' of type const
[20200630 16:33:31 DEBUG /Volumes/data/work/1duo-coremltools/coremltools/converters/mil/mil/passes/common_pass.py:30] Program before common passes:
main(%input: (1, 1, 6, 5, fp32)) {
  block154() {
    %1: (1, 1, 1, 1, fp32)* = const(val=[[[[-0.8170195817947388]]]], name="1")
    %2: (1,fp32)* = const(val=[-0.938988447189331], name="2")
    %21: (2,i32)* = const(val=[3, 3], name="21")
    %22: (2,i32)* = const(val=[3, 3], name="22")
    %23: (2,i32)* = const(val=[3, 3], name="23")
    %12: (bool)* = const(val=False, name="12")
    %24: (2,i32)* = const(val=[0, 0], name="24")
    %16: (i32)* = const(val=1, name="16")
    %17: (bool)* = const(val=False, name="17")
    %18: (bool)* = const(val=False, name="18")
    %19: (bool)* = const(val=True, name="19")
    %20_pad_type_135: (str)* = const(val="custom", name="20_pad_type_135")
    %20_pad_135: (4,i32)* = const(val=[3, 3, 3, 3], name="20_pad_135")
    %20: (1, 1, 4, 4, fp32) = conv(x=%input, weight=%1, bias=%2, strides=%21, pad_type=%20_pad_type_135, pad=%20_pad_135, dilations=%23, groups=%16, name="20")
  } -> (%20)
}

[20200630 16:33:31 INFO /Volumes/data/work/1duo-coremltools/coremltools/converters/mil/mil/passes/common_pass.py:34] Performing pass: "common::const_elimination"
[20200630 16:33:31 INFO /Volumes/data/work/1duo-coremltools/coremltools/converters/mil/mil/passes/common_pass.py:34] Performing pass: "common::divide_to_multiply"
[20200630 16:33:31 INFO /Volumes/data/work/1duo-coremltools/coremltools/converters/mil/mil/passes/common_pass.py:34] Performing pass: "common::fuse_matmul_weight_bias"
[20200630 16:33:31 INFO /Volumes/data/work/1duo-coremltools/coremltools/converters/mil/mil/passes/common_pass.py:34] Performing pass: "common::const_elimination"
[20200630 16:33:31 INFO /Volumes/data/work/1duo-coremltools/coremltools/converters/mil/mil/passes/common_pass.py:34] Performing pass: "common::loop_invariant_elimination"
[20200630 16:33:31 INFO /Volumes/data/work/1duo-coremltools/coremltools/converters/mil/mil/passes/common_pass.py:34] Performing pass: "common::remove_symbolic_reshape"
[20200630 16:33:31 INFO /Volumes/data/work/1duo-coremltools/coremltools/converters/mil/mil/passes/remove_symbolic_reshape.py:104] remove_symbolic_reshape: changed 0 reshapes.
[20200630 16:33:31 INFO /Volumes/data/work/1duo-coremltools/coremltools/converters/mil/mil/passes/common_pass.py:34] Performing pass: "common::fuse_gelu_tanh_approximation"
[20200630 16:33:31 INFO /Volumes/data/work/1duo-coremltools/coremltools/converters/mil/mil/passes/common_pass.py:34] Performing pass: "common::reduce_transposes"
[20200630 16:33:31 DEBUG /Volumes/data/work/1duo-coremltools/coremltools/converters/mil/mil/passes/reduce_transposes.py:989] Block before optimize transpose transform:
function(%input: (1, 1, 6, 5, fp32)) {
  block154() {
    %1: (1, 1, 1, 1, fp32)* = const(val=[[[[-0.8170195817947388]]]], name="1")
    %2: (1,fp32)* = const(val=[-0.938988447189331], name="2")
    %21: (2,i32)* = const(val=[3, 3], name="21")
    %22: (2,i32)* = const(val=[3, 3], name="22")
    %23: (2,i32)* = const(val=[3, 3], name="23")
    %12: (bool)* = const(val=False, name="12")
    %24: (2,i32)* = const(val=[0, 0], name="24")
    %16: (i32)* = const(val=1, name="16")
    %17: (bool)* = const(val=False, name="17")
    %18: (bool)* = const(val=False, name="18")
    %19: (bool)* = const(val=True, name="19")
    %20_pad_type_135: (str)* = const(val="custom", name="20_pad_type_135")
    %20_pad_135: (4,i32)* = const(val=[3, 3, 3, 3], name="20_pad_135")
    %20: (1, 1, 4, 4, fp32) = conv(x=%input, weight=%1, bias=%2, strides=%21, pad_type=%20_pad_type_135, pad=%20_pad_135, dilations=%23, groups=%16, name="20")
  } -> (%20)
}

[20200630 16:33:31 DEBUG /Volumes/data/work/1duo-coremltools/coremltools/converters/mil/mil/passes/reduce_transposes.py:1024] Block after optimize transpose transform:
function(%input: (1, 1, 6, 5, fp32)) {
  block154() {
    %1: (1, 1, 1, 1, fp32)* = const(val=[[[[-0.8170195817947388]]]], name="1")
    %2: (1,fp32)* = const(val=[-0.938988447189331], name="2")
    %21: (2,i32)* = const(val=[3, 3], name="21")
    %22: (2,i32)* = const(val=[3, 3], name="22")
    %23: (2,i32)* = const(val=[3, 3], name="23")
    %12: (bool)* = const(val=False, name="12")
    %24: (2,i32)* = const(val=[0, 0], name="24")
    %16: (i32)* = const(val=1, name="16")
    %17: (bool)* = const(val=False, name="17")
    %18: (bool)* = const(val=False, name="18")
    %19: (bool)* = const(val=True, name="19")
    %20_pad_type_135: (str)* = const(val="custom", name="20_pad_type_135")
    %20_pad_135: (4,i32)* = const(val=[3, 3, 3, 3], name="20_pad_135")
    %20: (1, 1, 4, 4, fp32) = conv(x=%input, weight=%1, bias=%2, strides=%21, pad_type=%20_pad_type_135, pad=%20_pad_135, dilations=%23, groups=%16, name="20")
  } -> (%20)
}

[20200630 16:33:31 INFO /Volumes/data/work/1duo-coremltools/coremltools/converters/mil/mil/passes/common_pass.py:34] Performing pass: "common::fuse_bias_conv"
[20200630 16:33:31 INFO /Volumes/data/work/1duo-coremltools/coremltools/converters/mil/mil/passes/common_pass.py:34] Performing pass: "common::fuse_elementwise_to_batchnorm"
[20200630 16:33:31 INFO /Volumes/data/work/1duo-coremltools/coremltools/converters/mil/mil/passes/common_pass.py:34] Performing pass: "common::fuse_onehot_matmul_to_gather"
[20200630 16:33:31 INFO /Volumes/data/work/1duo-coremltools/coremltools/converters/mil/mil/passes/common_pass.py:34] Performing pass: "common::fuse_layernorm_or_instancenorm"
[20200630 16:33:31 INFO /Volumes/data/work/1duo-coremltools/coremltools/converters/mil/mil/passes/common_pass.py:34] Performing pass: "common::dead_code_elimination"
[20200630 16:33:31 INFO /Volumes/data/work/1duo-coremltools/coremltools/converters/mil/mil/passes/dead_code_elimination.py:35] Removing op "19" (type: const)
[20200630 16:33:31 INFO /Volumes/data/work/1duo-coremltools/coremltools/converters/mil/mil/passes/dead_code_elimination.py:35] Removing op "18" (type: const)
[20200630 16:33:31 INFO /Volumes/data/work/1duo-coremltools/coremltools/converters/mil/mil/passes/dead_code_elimination.py:35] Removing op "17" (type: const)
[20200630 16:33:31 INFO /Volumes/data/work/1duo-coremltools/coremltools/converters/mil/mil/passes/dead_code_elimination.py:35] Removing op "24" (type: const)
[20200630 16:33:31 INFO /Volumes/data/work/1duo-coremltools/coremltools/converters/mil/mil/passes/dead_code_elimination.py:35] Removing op "12" (type: const)
[20200630 16:33:31 INFO /Volumes/data/work/1duo-coremltools/coremltools/converters/mil/mil/passes/dead_code_elimination.py:35] Removing op "22" (type: const)
[20200630 16:33:31 DEBUG /Volumes/data/work/1duo-coremltools/coremltools/converters/mil/mil/passes/common_pass.py:38] Program after common passes:
main(%input: (1, 1, 6, 5, fp32)) {
  block154() {
    %1: (1, 1, 1, 1, fp32)* = const(val=[[[[-0.8170195817947388]]]], name="1")
    %2: (1,fp32)* = const(val=[-0.938988447189331], name="2")
    %21: (2,i32)* = const(val=[3, 3], name="21")
    %23: (2,i32)* = const(val=[3, 3], name="23")
    %16: (i32)* = const(val=1, name="16")
    %20_pad_type_135: (str)* = const(val="custom", name="20_pad_type_135")
    %20_pad_135: (4,i32)* = const(val=[3, 3, 3, 3], name="20_pad_135")
    %20: (1, 1, 4, 4, fp32) = conv(x=%input, weight=%1, bias=%2, strides=%21, pad_type=%20_pad_type_135, pad=%20_pad_135, dilations=%23, groups=%16, name="20")
  } -> (%20)
}

[20200630 16:33:31 INFO /Volumes/data/work/1duo-coremltools/coremltools/converters/mil/backend/nn/passes/nn_passes.py:22] Performing passes for nn_backend: "nn_backend::commingle_loop_vars"
[20200630 16:33:31 INFO /Volumes/data/work/1duo-coremltools/coremltools/converters/mil/backend/nn/passes/nn_passes.py:22] Performing passes for nn_backend: "nn_backend::handle_return_inputs_as_outputs"
[20200630 16:33:31 INFO /Volumes/data/work/1duo-coremltools/coremltools/converters/mil/backend/nn/passes/nn_passes.py:22] Performing passes for nn_backend: "common::const_elimination"
[20200630 16:33:31 INFO /Volumes/data/work/1duo-coremltools/coremltools/converters/mil/backend/nn/passes/nn_passes.py:22] Performing passes for nn_backend: "common::dead_code_elimination"
[20200630 16:33:31 INFO /Volumes/data/work/1duo-coremltools/coremltools/converters/mil/backend/nn/passes/nn_passes.py:22] Performing passes for nn_backend: "nn_backend::handle_unused_inputs"
[20200630 16:33:31 INFO /Volumes/data/work/1duo-coremltools/coremltools/converters/mil/backend/nn/passes/nn_passes.py:22] Performing passes for nn_backend: "nn_backend::alert_return_type_cast"
[20200630 16:33:31 DEBUG /Volumes/data/work/1duo-coremltools/coremltools/converters/mil/backend/nn/passes/nn_passes.py:26] Program after nn backend passes:
main(%input: (1, 1, 6, 5, fp32)) {
  block154() {
    %1: (1, 1, 1, 1, fp32)* = const(val=[[[[-0.8170195817947388]]]], name="1")
    %2: (1,fp32)* = const(val=[-0.938988447189331], name="2")
    %21: (2,i32)* = const(val=[3, 3], name="21")
    %23: (2,i32)* = const(val=[3, 3], name="23")
    %16: (i32)* = const(val=1, name="16")
    %20_pad_type_135: (str)* = const(val="custom", name="20_pad_type_135")
    %20_pad_135: (4,i32)* = const(val=[3, 3, 3, 3], name="20_pad_135")
    %20: (1, 1, 4, 4, fp32) = conv(x=%input, weight=%1, bias=%2, strides=%21, pad_type=%20_pad_type_135, pad=%20_pad_135, dilations=%23, groups=%16, name="20")
  } -> (%20)
}

[20200630 16:33:31 INFO /Volumes/data/work/1duo-coremltools/coremltools/converters/mil/frontend/torch/converter.py:269] Converting graph.
[20200630 16:33:31 INFO /Volumes/data/work/1duo-coremltools/coremltools/converters/mil/mil/builder.py:181] Adding op '1' of type const
[20200630 16:33:31 INFO /Volumes/data/work/1duo-coremltools/coremltools/converters/mil/mil/builder.py:181] Adding op '2' of type const
[20200630 16:33:31 INFO /Volumes/data/work/1duo-coremltools/coremltools/converters/mil/frontend/torch/ops.py:49] Converting op 21 : constant
[20200630 16:33:31 INFO /Volumes/data/work/1duo-coremltools/coremltools/converters/mil/mil/builder.py:181] Adding op '21' of type const
[20200630 16:33:31 INFO /Volumes/data/work/1duo-coremltools/coremltools/converters/mil/frontend/torch/ops.py:49] Converting op 22 : constant
[20200630 16:33:31 INFO /Volumes/data/work/1duo-coremltools/coremltools/converters/mil/mil/builder.py:181] Adding op '22' of type const
[20200630 16:33:31 INFO /Volumes/data/work/1duo-coremltools/coremltools/converters/mil/frontend/torch/ops.py:49] Converting op 23 : constant
[20200630 16:33:31 INFO /Volumes/data/work/1duo-coremltools/coremltools/converters/mil/mil/builder.py:181] Adding op '23' of type const
[20200630 16:33:31 INFO /Volumes/data/work/1duo-coremltools/coremltools/converters/mil/frontend/torch/ops.py:49] Converting op 12 : constant
[20200630 16:33:31 INFO /Volumes/data/work/1duo-coremltools/coremltools/converters/mil/mil/builder.py:181] Adding op '12' of type const
[20200630 16:33:31 INFO /Volumes/data/work/1duo-coremltools/coremltools/converters/mil/frontend/torch/ops.py:49] Converting op 24 : constant
[20200630 16:33:31 INFO /Volumes/data/work/1duo-coremltools/coremltools/converters/mil/mil/builder.py:181] Adding op '24' of type const
[20200630 16:33:31 INFO /Volumes/data/work/1duo-coremltools/coremltools/converters/mil/frontend/torch/ops.py:49] Converting op 16 : constant
[20200630 16:33:31 INFO /Volumes/data/work/1duo-coremltools/coremltools/converters/mil/mil/builder.py:181] Adding op '16' of type const
[20200630 16:33:31 INFO /Volumes/data/work/1duo-coremltools/coremltools/converters/mil/frontend/torch/ops.py:49] Converting op 17 : constant
[20200630 16:33:31 INFO /Volumes/data/work/1duo-coremltools/coremltools/converters/mil/mil/builder.py:181] Adding op '17' of type const
[20200630 16:33:31 INFO /Volumes/data/work/1duo-coremltools/coremltools/converters/mil/frontend/torch/ops.py:49] Converting op 18 : constant
[20200630 16:33:31 INFO /Volumes/data/work/1duo-coremltools/coremltools/converters/mil/mil/builder.py:181] Adding op '18' of type const
[20200630 16:33:31 INFO /Volumes/data/work/1duo-coremltools/coremltools/converters/mil/frontend/torch/ops.py:49] Converting op 19 : constant
[20200630 16:33:31 INFO /Volumes/data/work/1duo-coremltools/coremltools/converters/mil/mil/builder.py:181] Adding op '19' of type const
[20200630 16:33:31 INFO /Volumes/data/work/1duo-coremltools/coremltools/converters/mil/frontend/torch/ops.py:49] Converting op 20 : _convolution
[20200630 16:33:31 INFO /Volumes/data/work/1duo-coremltools/coremltools/converters/mil/mil/builder.py:181] Adding op '20' of type conv
[20200630 16:33:31 DEBUG /Volumes/data/work/1duo-coremltools/coremltools/converters/mil/mil/builder.py:93] Adding const op '20_pad_type_136'
[20200630 16:33:31 INFO /Volumes/data/work/1duo-coremltools/coremltools/converters/mil/mil/builder.py:181] Adding op '20_pad_type_136' of type const
[20200630 16:33:31 DEBUG /Volumes/data/work/1duo-coremltools/coremltools/converters/mil/mil/builder.py:93] Adding const op '20_pad_136'
[20200630 16:33:31 INFO /Volumes/data/work/1duo-coremltools/coremltools/converters/mil/mil/builder.py:181] Adding op '20_pad_136' of type const
[20200630 16:33:31 DEBUG /Volumes/data/work/1duo-coremltools/coremltools/converters/mil/mil/passes/common_pass.py:30] Program before common passes:
main(%input: (1, 1, 6, 5, fp32)) {
  block155() {
    %1: (1, 1, 3, 3, fp32)* = const(val=[[[[-0.13447436690330505, -0.13533036410808563, 0.18248644471168518], [0.10778048634529114, -0.23561009764671326, -0.10926759243011475], [0.26867303252220154, -0.017566531896591187, -0.1608031690120697]]]], name="1")
    %2: (1,fp32)* = const(val=[-0.11218428611755371], name="2")
    %21: (2,i32)* = const(val=[1, 1], name="21")
    %22: (2,i32)* = const(val=[1, 1], name="22")
    %23: (2,i32)* = const(val=[1, 1], name="23")
    %12: (bool)* = const(val=False, name="12")
    %24: (2,i32)* = const(val=[0, 0], name="24")
    %16: (i32)* = const(val=1, name="16")
    %17: (bool)* = const(val=False, name="17")
    %18: (bool)* = const(val=False, name="18")
    %19: (bool)* = const(val=True, name="19")
    %20_pad_type_136: (str)* = const(val="custom", name="20_pad_type_136")
    %20_pad_136: (4,i32)* = const(val=[1, 1, 1, 1], name="20_pad_136")
    %20: (1, 1, 6, 5, fp32) = conv(x=%input, weight=%1, bias=%2, strides=%21, pad_type=%20_pad_type_136, pad=%20_pad_136, dilations=%23, groups=%16, name="20")
  } -> (%20)
}

[20200630 16:33:31 INFO /Volumes/data/work/1duo-coremltools/coremltools/converters/mil/mil/passes/common_pass.py:34] Performing pass: "common::const_elimination"
[20200630 16:33:31 INFO /Volumes/data/work/1duo-coremltools/coremltools/converters/mil/mil/passes/common_pass.py:34] Performing pass: "common::divide_to_multiply"
[20200630 16:33:31 INFO /Volumes/data/work/1duo-coremltools/coremltools/converters/mil/mil/passes/common_pass.py:34] Performing pass: "common::fuse_matmul_weight_bias"
[20200630 16:33:31 INFO /Volumes/data/work/1duo-coremltools/coremltools/converters/mil/mil/passes/common_pass.py:34] Performing pass: "common::const_elimination"
[20200630 16:33:31 INFO /Volumes/data/work/1duo-coremltools/coremltools/converters/mil/mil/passes/common_pass.py:34] Performing pass: "common::loop_invariant_elimination"
[20200630 16:33:31 INFO /Volumes/data/work/1duo-coremltools/coremltools/converters/mil/mil/passes/common_pass.py:34] Performing pass: "common::remove_symbolic_reshape"
[20200630 16:33:31 INFO /Volumes/data/work/1duo-coremltools/coremltools/converters/mil/mil/passes/remove_symbolic_reshape.py:104] remove_symbolic_reshape: changed 0 reshapes.
[20200630 16:33:31 INFO /Volumes/data/work/1duo-coremltools/coremltools/converters/mil/mil/passes/common_pass.py:34] Performing pass: "common::fuse_gelu_tanh_approximation"
[20200630 16:33:31 INFO /Volumes/data/work/1duo-coremltools/coremltools/converters/mil/mil/passes/common_pass.py:34] Performing pass: "common::reduce_transposes"
[20200630 16:33:31 DEBUG /Volumes/data/work/1duo-coremltools/coremltools/converters/mil/mil/passes/reduce_transposes.py:989] Block before optimize transpose transform:
function(%input: (1, 1, 6, 5, fp32)) {
  block155() {
    %1: (1, 1, 3, 3, fp32)* = const(val=[[[[-0.13447436690330505, -0.13533036410808563, 0.18248644471168518], [0.10778048634529114, -0.23561009764671326, -0.10926759243011475], [0.26867303252220154, -0.017566531896591187, -0.1608031690120697]]]], name="1")
    %2: (1,fp32)* = const(val=[-0.11218428611755371], name="2")
    %21: (2,i32)* = const(val=[1, 1], name="21")
    %22: (2,i32)* = const(val=[1, 1], name="22")
    %23: (2,i32)* = const(val=[1, 1], name="23")
    %12: (bool)* = const(val=False, name="12")
    %24: (2,i32)* = const(val=[0, 0], name="24")
    %16: (i32)* = const(val=1, name="16")
    %17: (bool)* = const(val=False, name="17")
    %18: (bool)* = const(val=False, name="18")
    %19: (bool)* = const(val=True, name="19")
    %20_pad_type_136: (str)* = const(val="custom", name="20_pad_type_136")
    %20_pad_136: (4,i32)* = const(val=[1, 1, 1, 1], name="20_pad_136")
    %20: (1, 1, 6, 5, fp32) = conv(x=%input, weight=%1, bias=%2, strides=%21, pad_type=%20_pad_type_136, pad=%20_pad_136, dilations=%23, groups=%16, name="20")
  } -> (%20)
}

[20200630 16:33:31 DEBUG /Volumes/data/work/1duo-coremltools/coremltools/converters/mil/mil/passes/reduce_transposes.py:1024] Block after optimize transpose transform:
function(%input: (1, 1, 6, 5, fp32)) {
  block155() {
    %1: (1, 1, 3, 3, fp32)* = const(val=[[[[-0.13447436690330505, -0.13533036410808563, 0.18248644471168518], [0.10778048634529114, -0.23561009764671326, -0.10926759243011475], [0.26867303252220154, -0.017566531896591187, -0.1608031690120697]]]], name="1")
    %2: (1,fp32)* = const(val=[-0.11218428611755371], name="2")
    %21: (2,i32)* = const(val=[1, 1], name="21")
    %22: (2,i32)* = const(val=[1, 1], name="22")
    %23: (2,i32)* = const(val=[1, 1], name="23")
    %12: (bool)* = const(val=False, name="12")
    %24: (2,i32)* = const(val=[0, 0], name="24")
    %16: (i32)* = const(val=1, name="16")
    %17: (bool)* = const(val=False, name="17")
    %18: (bool)* = const(val=False, name="18")
    %19: (bool)* = const(val=True, name="19")
    %20_pad_type_136: (str)* = const(val="custom", name="20_pad_type_136")
    %20_pad_136: (4,i32)* = const(val=[1, 1, 1, 1], name="20_pad_136")
    %20: (1, 1, 6, 5, fp32) = conv(x=%input, weight=%1, bias=%2, strides=%21, pad_type=%20_pad_type_136, pad=%20_pad_136, dilations=%23, groups=%16, name="20")
  } -> (%20)
}

[20200630 16:33:31 INFO /Volumes/data/work/1duo-coremltools/coremltools/converters/mil/mil/passes/common_pass.py:34] Performing pass: "common::fuse_bias_conv"
[20200630 16:33:31 INFO /Volumes/data/work/1duo-coremltools/coremltools/converters/mil/mil/passes/common_pass.py:34] Performing pass: "common::fuse_elementwise_to_batchnorm"
[20200630 16:33:31 INFO /Volumes/data/work/1duo-coremltools/coremltools/converters/mil/mil/passes/common_pass.py:34] Performing pass: "common::fuse_onehot_matmul_to_gather"
[20200630 16:33:31 INFO /Volumes/data/work/1duo-coremltools/coremltools/converters/mil/mil/passes/common_pass.py:34] Performing pass: "common::fuse_layernorm_or_instancenorm"
[20200630 16:33:31 INFO /Volumes/data/work/1duo-coremltools/coremltools/converters/mil/mil/passes/common_pass.py:34] Performing pass: "common::dead_code_elimination"
[20200630 16:33:31 INFO /Volumes/data/work/1duo-coremltools/coremltools/converters/mil/mil/passes/dead_code_elimination.py:35] Removing op "19" (type: const)
[20200630 16:33:31 INFO /Volumes/data/work/1duo-coremltools/coremltools/converters/mil/mil/passes/dead_code_elimination.py:35] Removing op "18" (type: const)
[20200630 16:33:31 INFO /Volumes/data/work/1duo-coremltools/coremltools/converters/mil/mil/passes/dead_code_elimination.py:35] Removing op "17" (type: const)
[20200630 16:33:31 INFO /Volumes/data/work/1duo-coremltools/coremltools/converters/mil/mil/passes/dead_code_elimination.py:35] Removing op "24" (type: const)
[20200630 16:33:31 INFO /Volumes/data/work/1duo-coremltools/coremltools/converters/mil/mil/passes/dead_code_elimination.py:35] Removing op "12" (type: const)
[20200630 16:33:31 INFO /Volumes/data/work/1duo-coremltools/coremltools/converters/mil/mil/passes/dead_code_elimination.py:35] Removing op "22" (type: const)
[20200630 16:33:31 DEBUG /Volumes/data/work/1duo-coremltools/coremltools/converters/mil/mil/passes/common_pass.py:38] Program after common passes:
main(%input: (1, 1, 6, 5, fp32)) {
  block155() {
    %1: (1, 1, 3, 3, fp32)* = const(val=[[[[-0.13447436690330505, -0.13533036410808563, 0.18248644471168518], [0.10778048634529114, -0.23561009764671326, -0.10926759243011475], [0.26867303252220154, -0.017566531896591187, -0.1608031690120697]]]], name="1")
    %2: (1,fp32)* = const(val=[-0.11218428611755371], name="2")
    %21: (2,i32)* = const(val=[1, 1], name="21")
    %23: (2,i32)* = const(val=[1, 1], name="23")
    %16: (i32)* = const(val=1, name="16")
    %20_pad_type_136: (str)* = const(val="custom", name="20_pad_type_136")
    %20_pad_136: (4,i32)* = const(val=[1, 1, 1, 1], name="20_pad_136")
    %20: (1, 1, 6, 5, fp32) = conv(x=%input, weight=%1, bias=%2, strides=%21, pad_type=%20_pad_type_136, pad=%20_pad_136, dilations=%23, groups=%16, name="20")
  } -> (%20)
}

[20200630 16:33:31 INFO /Volumes/data/work/1duo-coremltools/coremltools/converters/mil/backend/nn/passes/nn_passes.py:22] Performing passes for nn_backend: "nn_backend::commingle_loop_vars"
[20200630 16:33:31 INFO /Volumes/data/work/1duo-coremltools/coremltools/converters/mil/backend/nn/passes/nn_passes.py:22] Performing passes for nn_backend: "nn_backend::handle_return_inputs_as_outputs"
[20200630 16:33:31 INFO /Volumes/data/work/1duo-coremltools/coremltools/converters/mil/backend/nn/passes/nn_passes.py:22] Performing passes for nn_backend: "common::const_elimination"
[20200630 16:33:31 INFO /Volumes/data/work/1duo-coremltools/coremltools/converters/mil/backend/nn/passes/nn_passes.py:22] Performing passes for nn_backend: "common::dead_code_elimination"
[20200630 16:33:31 INFO /Volumes/data/work/1duo-coremltools/coremltools/converters/mil/backend/nn/passes/nn_passes.py:22] Performing passes for nn_backend: "nn_backend::handle_unused_inputs"
[20200630 16:33:31 INFO /Volumes/data/work/1duo-coremltools/coremltools/converters/mil/backend/nn/passes/nn_passes.py:22] Performing passes for nn_backend: "nn_backend::alert_return_type_cast"
[20200630 16:33:31 DEBUG /Volumes/data/work/1duo-coremltools/coremltools/converters/mil/backend/nn/passes/nn_passes.py:26] Program after nn backend passes:
main(%input: (1, 1, 6, 5, fp32)) {
  block155() {
    %1: (1, 1, 3, 3, fp32)* = const(val=[[[[-0.13447436690330505, -0.13533036410808563, 0.18248644471168518], [0.10778048634529114, -0.23561009764671326, -0.10926759243011475], [0.26867303252220154, -0.017566531896591187, -0.1608031690120697]]]], name="1")
    %2: (1,fp32)* = const(val=[-0.11218428611755371], name="2")
    %21: (2,i32)* = const(val=[1, 1], name="21")
    %23: (2,i32)* = const(val=[1, 1], name="23")
    %16: (i32)* = const(val=1, name="16")
    %20_pad_type_136: (str)* = const(val="custom", name="20_pad_type_136")
    %20_pad_136: (4,i32)* = const(val=[1, 1, 1, 1], name="20_pad_136")
    %20: (1, 1, 6, 5, fp32) = conv(x=%input, weight=%1, bias=%2, strides=%21, pad_type=%20_pad_type_136, pad=%20_pad_136, dilations=%23, groups=%16, name="20")
  } -> (%20)
}

[20200630 16:33:31 INFO /Volumes/data/work/1duo-coremltools/coremltools/converters/mil/frontend/torch/converter.py:269] Converting graph.
[20200630 16:33:31 INFO /Volumes/data/work/1duo-coremltools/coremltools/converters/mil/mil/builder.py:181] Adding op '1' of type const
[20200630 16:33:31 INFO /Volumes/data/work/1duo-coremltools/coremltools/converters/mil/mil/builder.py:181] Adding op '2' of type const
[20200630 16:33:31 INFO /Volumes/data/work/1duo-coremltools/coremltools/converters/mil/frontend/torch/ops.py:49] Converting op 21 : constant
[20200630 16:33:31 INFO /Volumes/data/work/1duo-coremltools/coremltools/converters/mil/mil/builder.py:181] Adding op '21' of type const
[20200630 16:33:31 INFO /Volumes/data/work/1duo-coremltools/coremltools/converters/mil/frontend/torch/ops.py:49] Converting op 22 : constant
[20200630 16:33:31 INFO /Volumes/data/work/1duo-coremltools/coremltools/converters/mil/mil/builder.py:181] Adding op '22' of type const
[20200630 16:33:31 INFO /Volumes/data/work/1duo-coremltools/coremltools/converters/mil/frontend/torch/ops.py:49] Converting op 23 : constant
[20200630 16:33:31 INFO /Volumes/data/work/1duo-coremltools/coremltools/converters/mil/mil/builder.py:181] Adding op '23' of type const
[20200630 16:33:31 INFO /Volumes/data/work/1duo-coremltools/coremltools/converters/mil/frontend/torch/ops.py:49] Converting op 12 : constant
[20200630 16:33:31 INFO /Volumes/data/work/1duo-coremltools/coremltools/converters/mil/mil/builder.py:181] Adding op '12' of type const
[20200630 16:33:31 INFO /Volumes/data/work/1duo-coremltools/coremltools/converters/mil/frontend/torch/ops.py:49] Converting op 24 : constant
[20200630 16:33:31 INFO /Volumes/data/work/1duo-coremltools/coremltools/converters/mil/mil/builder.py:181] Adding op '24' of type const
[20200630 16:33:31 INFO /Volumes/data/work/1duo-coremltools/coremltools/converters/mil/frontend/torch/ops.py:49] Converting op 16 : constant
[20200630 16:33:31 INFO /Volumes/data/work/1duo-coremltools/coremltools/converters/mil/mil/builder.py:181] Adding op '16' of type const
[20200630 16:33:31 INFO /Volumes/data/work/1duo-coremltools/coremltools/converters/mil/frontend/torch/ops.py:49] Converting op 17 : constant
[20200630 16:33:31 INFO /Volumes/data/work/1duo-coremltools/coremltools/converters/mil/mil/builder.py:181] Adding op '17' of type const
[20200630 16:33:31 INFO /Volumes/data/work/1duo-coremltools/coremltools/converters/mil/frontend/torch/ops.py:49] Converting op 18 : constant
[20200630 16:33:31 INFO /Volumes/data/work/1duo-coremltools/coremltools/converters/mil/mil/builder.py:181] Adding op '18' of type const
[20200630 16:33:31 INFO /Volumes/data/work/1duo-coremltools/coremltools/converters/mil/frontend/torch/ops.py:49] Converting op 19 : constant
[20200630 16:33:31 INFO /Volumes/data/work/1duo-coremltools/coremltools/converters/mil/mil/builder.py:181] Adding op '19' of type const
[20200630 16:33:31 INFO /Volumes/data/work/1duo-coremltools/coremltools/converters/mil/frontend/torch/ops.py:49] Converting op 20 : _convolution
[20200630 16:33:31 INFO /Volumes/data/work/1duo-coremltools/coremltools/converters/mil/mil/builder.py:181] Adding op '20' of type conv
[20200630 16:33:31 DEBUG /Volumes/data/work/1duo-coremltools/coremltools/converters/mil/mil/builder.py:93] Adding const op '20_pad_type_137'
[20200630 16:33:31 INFO /Volumes/data/work/1duo-coremltools/coremltools/converters/mil/mil/builder.py:181] Adding op '20_pad_type_137' of type const
[20200630 16:33:31 DEBUG /Volumes/data/work/1duo-coremltools/coremltools/converters/mil/mil/builder.py:93] Adding const op '20_pad_137'
[20200630 16:33:31 INFO /Volumes/data/work/1duo-coremltools/coremltools/converters/mil/mil/builder.py:181] Adding op '20_pad_137' of type const
[20200630 16:33:31 DEBUG /Volumes/data/work/1duo-coremltools/coremltools/converters/mil/mil/passes/common_pass.py:30] Program before common passes:
main(%input: (1, 1, 6, 5, fp32)) {
  block156() {
    %1: (1, 1, 3, 3, fp32)* = const(val=[[[[0.011388421058654785, -0.29296326637268066, 0.07547152042388916], [-0.14545473456382751, -0.0034190714359283447, -0.13517463207244873], [0.25484928488731384, 0.015216797590255737, -0.23626701533794403]]]], name="1")
    %2: (1,fp32)* = const(val=[0.23610571026802063], name="2")
    %21: (2,i32)* = const(val=[1, 1], name="21")
    %22: (2,i32)* = const(val=[1, 1], name="22")
    %23: (2,i32)* = const(val=[3, 3], name="23")
    %12: (bool)* = const(val=False, name="12")
    %24: (2,i32)* = const(val=[0, 0], name="24")
    %16: (i32)* = const(val=1, name="16")
    %17: (bool)* = const(val=False, name="17")
    %18: (bool)* = const(val=False, name="18")
    %19: (bool)* = const(val=True, name="19")
    %20_pad_type_137: (str)* = const(val="custom", name="20_pad_type_137")
    %20_pad_137: (4,i32)* = const(val=[1, 1, 1, 1], name="20_pad_137")
    %20: (1, 1, 2, 1, fp32) = conv(x=%input, weight=%1, bias=%2, strides=%21, pad_type=%20_pad_type_137, pad=%20_pad_137, dilations=%23, groups=%16, name="20")
  } -> (%20)
}

[20200630 16:33:31 INFO /Volumes/data/work/1duo-coremltools/coremltools/converters/mil/mil/passes/common_pass.py:34] Performing pass: "common::const_elimination"
[20200630 16:33:31 INFO /Volumes/data/work/1duo-coremltools/coremltools/converters/mil/mil/passes/common_pass.py:34] Performing pass: "common::divide_to_multiply"
[20200630 16:33:31 INFO /Volumes/data/work/1duo-coremltools/coremltools/converters/mil/mil/passes/common_pass.py:34] Performing pass: "common::fuse_matmul_weight_bias"
[20200630 16:33:31 INFO /Volumes/data/work/1duo-coremltools/coremltools/converters/mil/mil/passes/common_pass.py:34] Performing pass: "common::const_elimination"
[20200630 16:33:31 INFO /Volumes/data/work/1duo-coremltools/coremltools/converters/mil/mil/passes/common_pass.py:34] Performing pass: "common::loop_invariant_elimination"
[20200630 16:33:31 INFO /Volumes/data/work/1duo-coremltools/coremltools/converters/mil/mil/passes/common_pass.py:34] Performing pass: "common::remove_symbolic_reshape"
[20200630 16:33:31 INFO /Volumes/data/work/1duo-coremltools/coremltools/converters/mil/mil/passes/remove_symbolic_reshape.py:104] remove_symbolic_reshape: changed 0 reshapes.
[20200630 16:33:31 INFO /Volumes/data/work/1duo-coremltools/coremltools/converters/mil/mil/passes/common_pass.py:34] Performing pass: "common::fuse_gelu_tanh_approximation"
[20200630 16:33:31 INFO /Volumes/data/work/1duo-coremltools/coremltools/converters/mil/mil/passes/common_pass.py:34] Performing pass: "common::reduce_transposes"
[20200630 16:33:31 DEBUG /Volumes/data/work/1duo-coremltools/coremltools/converters/mil/mil/passes/reduce_transposes.py:989] Block before optimize transpose transform:
function(%input: (1, 1, 6, 5, fp32)) {
  block156() {
    %1: (1, 1, 3, 3, fp32)* = const(val=[[[[0.011388421058654785, -0.29296326637268066, 0.07547152042388916], [-0.14545473456382751, -0.0034190714359283447, -0.13517463207244873], [0.25484928488731384, 0.015216797590255737, -0.23626701533794403]]]], name="1")
    %2: (1,fp32)* = const(val=[0.23610571026802063], name="2")
    %21: (2,i32)* = const(val=[1, 1], name="21")
    %22: (2,i32)* = const(val=[1, 1], name="22")
    %23: (2,i32)* = const(val=[3, 3], name="23")
    %12: (bool)* = const(val=False, name="12")
    %24: (2,i32)* = const(val=[0, 0], name="24")
    %16: (i32)* = const(val=1, name="16")
    %17: (bool)* = const(val=False, name="17")
    %18: (bool)* = const(val=False, name="18")
    %19: (bool)* = const(val=True, name="19")
    %20_pad_type_137: (str)* = const(val="custom", name="20_pad_type_137")
    %20_pad_137: (4,i32)* = const(val=[1, 1, 1, 1], name="20_pad_137")
    %20: (1, 1, 2, 1, fp32) = conv(x=%input, weight=%1, bias=%2, strides=%21, pad_type=%20_pad_type_137, pad=%20_pad_137, dilations=%23, groups=%16, name="20")
  } -> (%20)
}

[20200630 16:33:31 DEBUG /Volumes/data/work/1duo-coremltools/coremltools/converters/mil/mil/passes/reduce_transposes.py:1024] Block after optimize transpose transform:
function(%input: (1, 1, 6, 5, fp32)) {
  block156() {
    %1: (1, 1, 3, 3, fp32)* = const(val=[[[[0.011388421058654785, -0.29296326637268066, 0.07547152042388916], [-0.14545473456382751, -0.0034190714359283447, -0.13517463207244873], [0.25484928488731384, 0.015216797590255737, -0.23626701533794403]]]], name="1")
    %2: (1,fp32)* = const(val=[0.23610571026802063], name="2")
    %21: (2,i32)* = const(val=[1, 1], name="21")
    %22: (2,i32)* = const(val=[1, 1], name="22")
    %23: (2,i32)* = const(val=[3, 3], name="23")
    %12: (bool)* = const(val=False, name="12")
    %24: (2,i32)* = const(val=[0, 0], name="24")
    %16: (i32)* = const(val=1, name="16")
    %17: (bool)* = const(val=False, name="17")
    %18: (bool)* = const(val=False, name="18")
    %19: (bool)* = const(val=True, name="19")
    %20_pad_type_137: (str)* = const(val="custom", name="20_pad_type_137")
    %20_pad_137: (4,i32)* = const(val=[1, 1, 1, 1], name="20_pad_137")
    %20: (1, 1, 2, 1, fp32) = conv(x=%input, weight=%1, bias=%2, strides=%21, pad_type=%20_pad_type_137, pad=%20_pad_137, dilations=%23, groups=%16, name="20")
  } -> (%20)
}

[20200630 16:33:31 INFO /Volumes/data/work/1duo-coremltools/coremltools/converters/mil/mil/passes/common_pass.py:34] Performing pass: "common::fuse_bias_conv"
[20200630 16:33:31 INFO /Volumes/data/work/1duo-coremltools/coremltools/converters/mil/mil/passes/common_pass.py:34] Performing pass: "common::fuse_elementwise_to_batchnorm"
[20200630 16:33:31 INFO /Volumes/data/work/1duo-coremltools/coremltools/converters/mil/mil/passes/common_pass.py:34] Performing pass: "common::fuse_onehot_matmul_to_gather"
[20200630 16:33:31 INFO /Volumes/data/work/1duo-coremltools/coremltools/converters/mil/mil/passes/common_pass.py:34] Performing pass: "common::fuse_layernorm_or_instancenorm"
[20200630 16:33:31 INFO /Volumes/data/work/1duo-coremltools/coremltools/converters/mil/mil/passes/common_pass.py:34] Performing pass: "common::dead_code_elimination"
[20200630 16:33:31 INFO /Volumes/data/work/1duo-coremltools/coremltools/converters/mil/mil/passes/dead_code_elimination.py:35] Removing op "19" (type: const)
[20200630 16:33:31 INFO /Volumes/data/work/1duo-coremltools/coremltools/converters/mil/mil/passes/dead_code_elimination.py:35] Removing op "18" (type: const)
[20200630 16:33:31 INFO /Volumes/data/work/1duo-coremltools/coremltools/converters/mil/mil/passes/dead_code_elimination.py:35] Removing op "17" (type: const)
[20200630 16:33:31 INFO /Volumes/data/work/1duo-coremltools/coremltools/converters/mil/mil/passes/dead_code_elimination.py:35] Removing op "24" (type: const)
[20200630 16:33:31 INFO /Volumes/data/work/1duo-coremltools/coremltools/converters/mil/mil/passes/dead_code_elimination.py:35] Removing op "12" (type: const)
[20200630 16:33:31 INFO /Volumes/data/work/1duo-coremltools/coremltools/converters/mil/mil/passes/dead_code_elimination.py:35] Removing op "22" (type: const)
[20200630 16:33:31 DEBUG /Volumes/data/work/1duo-coremltools/coremltools/converters/mil/mil/passes/common_pass.py:38] Program after common passes:
main(%input: (1, 1, 6, 5, fp32)) {
  block156() {
    %1: (1, 1, 3, 3, fp32)* = const(val=[[[[0.011388421058654785, -0.29296326637268066, 0.07547152042388916], [-0.14545473456382751, -0.0034190714359283447, -0.13517463207244873], [0.25484928488731384, 0.015216797590255737, -0.23626701533794403]]]], name="1")
    %2: (1,fp32)* = const(val=[0.23610571026802063], name="2")
    %21: (2,i32)* = const(val=[1, 1], name="21")
    %23: (2,i32)* = const(val=[3, 3], name="23")
    %16: (i32)* = const(val=1, name="16")
    %20_pad_type_137: (str)* = const(val="custom", name="20_pad_type_137")
    %20_pad_137: (4,i32)* = const(val=[1, 1, 1, 1], name="20_pad_137")
    %20: (1, 1, 2, 1, fp32) = conv(x=%input, weight=%1, bias=%2, strides=%21, pad_type=%20_pad_type_137, pad=%20_pad_137, dilations=%23, groups=%16, name="20")
  } -> (%20)
}

[20200630 16:33:31 INFO /Volumes/data/work/1duo-coremltools/coremltools/converters/mil/backend/nn/passes/nn_passes.py:22] Performing passes for nn_backend: "nn_backend::commingle_loop_vars"
[20200630 16:33:31 INFO /Volumes/data/work/1duo-coremltools/coremltools/converters/mil/backend/nn/passes/nn_passes.py:22] Performing passes for nn_backend: "nn_backend::handle_return_inputs_as_outputs"
[20200630 16:33:31 INFO /Volumes/data/work/1duo-coremltools/coremltools/converters/mil/backend/nn/passes/nn_passes.py:22] Performing passes for nn_backend: "common::const_elimination"
[20200630 16:33:31 INFO /Volumes/data/work/1duo-coremltools/coremltools/converters/mil/backend/nn/passes/nn_passes.py:22] Performing passes for nn_backend: "common::dead_code_elimination"
[20200630 16:33:31 INFO /Volumes/data/work/1duo-coremltools/coremltools/converters/mil/backend/nn/passes/nn_passes.py:22] Performing passes for nn_backend: "nn_backend::handle_unused_inputs"
[20200630 16:33:31 INFO /Volumes/data/work/1duo-coremltools/coremltools/converters/mil/backend/nn/passes/nn_passes.py:22] Performing passes for nn_backend: "nn_backend::alert_return_type_cast"
[20200630 16:33:31 DEBUG /Volumes/data/work/1duo-coremltools/coremltools/converters/mil/backend/nn/passes/nn_passes.py:26] Program after nn backend passes:
main(%input: (1, 1, 6, 5, fp32)) {
  block156() {
    %1: (1, 1, 3, 3, fp32)* = const(val=[[[[0.011388421058654785, -0.29296326637268066, 0.07547152042388916], [-0.14545473456382751, -0.0034190714359283447, -0.13517463207244873], [0.25484928488731384, 0.015216797590255737, -0.23626701533794403]]]], name="1")
    %2: (1,fp32)* = const(val=[0.23610571026802063], name="2")
    %21: (2,i32)* = const(val=[1, 1], name="21")
    %23: (2,i32)* = const(val=[3, 3], name="23")
    %16: (i32)* = const(val=1, name="16")
    %20_pad_type_137: (str)* = const(val="custom", name="20_pad_type_137")
    %20_pad_137: (4,i32)* = const(val=[1, 1, 1, 1], name="20_pad_137")
    %20: (1, 1, 2, 1, fp32) = conv(x=%input, weight=%1, bias=%2, strides=%21, pad_type=%20_pad_type_137, pad=%20_pad_137, dilations=%23, groups=%16, name="20")
  } -> (%20)
}

[20200630 16:33:31 INFO /Volumes/data/work/1duo-coremltools/coremltools/converters/mil/frontend/torch/converter.py:269] Converting graph.
[20200630 16:33:31 INFO /Volumes/data/work/1duo-coremltools/coremltools/converters/mil/mil/builder.py:181] Adding op '1' of type const
[20200630 16:33:31 INFO /Volumes/data/work/1duo-coremltools/coremltools/converters/mil/mil/builder.py:181] Adding op '2' of type const
[20200630 16:33:31 INFO /Volumes/data/work/1duo-coremltools/coremltools/converters/mil/frontend/torch/ops.py:49] Converting op 21 : constant
[20200630 16:33:31 INFO /Volumes/data/work/1duo-coremltools/coremltools/converters/mil/mil/builder.py:181] Adding op '21' of type const
[20200630 16:33:31 INFO /Volumes/data/work/1duo-coremltools/coremltools/converters/mil/frontend/torch/ops.py:49] Converting op 22 : constant
[20200630 16:33:31 INFO /Volumes/data/work/1duo-coremltools/coremltools/converters/mil/mil/builder.py:181] Adding op '22' of type const
[20200630 16:33:31 INFO /Volumes/data/work/1duo-coremltools/coremltools/converters/mil/frontend/torch/ops.py:49] Converting op 23 : constant
[20200630 16:33:31 INFO /Volumes/data/work/1duo-coremltools/coremltools/converters/mil/mil/builder.py:181] Adding op '23' of type const
[20200630 16:33:31 INFO /Volumes/data/work/1duo-coremltools/coremltools/converters/mil/frontend/torch/ops.py:49] Converting op 12 : constant
[20200630 16:33:31 INFO /Volumes/data/work/1duo-coremltools/coremltools/converters/mil/mil/builder.py:181] Adding op '12' of type const
[20200630 16:33:31 INFO /Volumes/data/work/1duo-coremltools/coremltools/converters/mil/frontend/torch/ops.py:49] Converting op 24 : constant
[20200630 16:33:31 INFO /Volumes/data/work/1duo-coremltools/coremltools/converters/mil/mil/builder.py:181] Adding op '24' of type const
[20200630 16:33:31 INFO /Volumes/data/work/1duo-coremltools/coremltools/converters/mil/frontend/torch/ops.py:49] Converting op 16 : constant
[20200630 16:33:31 INFO /Volumes/data/work/1duo-coremltools/coremltools/converters/mil/mil/builder.py:181] Adding op '16' of type const
[20200630 16:33:31 INFO /Volumes/data/work/1duo-coremltools/coremltools/converters/mil/frontend/torch/ops.py:49] Converting op 17 : constant
[20200630 16:33:31 INFO /Volumes/data/work/1duo-coremltools/coremltools/converters/mil/mil/builder.py:181] Adding op '17' of type const
[20200630 16:33:31 INFO /Volumes/data/work/1duo-coremltools/coremltools/converters/mil/frontend/torch/ops.py:49] Converting op 18 : constant
[20200630 16:33:31 INFO /Volumes/data/work/1duo-coremltools/coremltools/converters/mil/mil/builder.py:181] Adding op '18' of type const
[20200630 16:33:31 INFO /Volumes/data/work/1duo-coremltools/coremltools/converters/mil/frontend/torch/ops.py:49] Converting op 19 : constant
[20200630 16:33:31 INFO /Volumes/data/work/1duo-coremltools/coremltools/converters/mil/mil/builder.py:181] Adding op '19' of type const
[20200630 16:33:31 INFO /Volumes/data/work/1duo-coremltools/coremltools/converters/mil/frontend/torch/ops.py:49] Converting op 20 : _convolution
[20200630 16:33:31 INFO /Volumes/data/work/1duo-coremltools/coremltools/converters/mil/mil/builder.py:181] Adding op '20' of type conv
[20200630 16:33:31 DEBUG /Volumes/data/work/1duo-coremltools/coremltools/converters/mil/mil/builder.py:93] Adding const op '20_pad_type_138'
[20200630 16:33:31 INFO /Volumes/data/work/1duo-coremltools/coremltools/converters/mil/mil/builder.py:181] Adding op '20_pad_type_138' of type const
[20200630 16:33:31 DEBUG /Volumes/data/work/1duo-coremltools/coremltools/converters/mil/mil/builder.py:93] Adding const op '20_pad_138'
[20200630 16:33:31 INFO /Volumes/data/work/1duo-coremltools/coremltools/converters/mil/mil/builder.py:181] Adding op '20_pad_138' of type const
[20200630 16:33:31 DEBUG /Volumes/data/work/1duo-coremltools/coremltools/converters/mil/mil/passes/common_pass.py:30] Program before common passes:
main(%input: (1, 1, 6, 5, fp32)) {
  block157() {
    %1: (1, 1, 3, 3, fp32)* = const(val=[[[[-0.20605456829071045, -0.12949085235595703, -0.008333951234817505], [0.06919947266578674, 0.1526956856250763, 0.26568177342414856], [-0.0830216109752655, 0.0669722855091095, 0.06714597344398499]]]], name="1")
    %2: (1,fp32)* = const(val=[0.14913859963417053], name="2")
    %21: (2,i32)* = const(val=[1, 1], name="21")
    %22: (2,i32)* = const(val=[3, 3], name="22")
    %23: (2,i32)* = const(val=[1, 1], name="23")
    %12: (bool)* = const(val=False, name="12")
    %24: (2,i32)* = const(val=[0, 0], name="24")
    %16: (i32)* = const(val=1, name="16")
    %17: (bool)* = const(val=False, name="17")
    %18: (bool)* = const(val=False, name="18")
    %19: (bool)* = const(val=True, name="19")
    %20_pad_type_138: (str)* = const(val="custom", name="20_pad_type_138")
    %20_pad_138: (4,i32)* = const(val=[3, 3, 3, 3], name="20_pad_138")
    %20: (1, 1, 10, 9, fp32) = conv(x=%input, weight=%1, bias=%2, strides=%21, pad_type=%20_pad_type_138, pad=%20_pad_138, dilations=%23, groups=%16, name="20")
  } -> (%20)
}

[20200630 16:33:31 INFO /Volumes/data/work/1duo-coremltools/coremltools/converters/mil/mil/passes/common_pass.py:34] Performing pass: "common::const_elimination"
[20200630 16:33:31 INFO /Volumes/data/work/1duo-coremltools/coremltools/converters/mil/mil/passes/common_pass.py:34] Performing pass: "common::divide_to_multiply"
[20200630 16:33:31 INFO /Volumes/data/work/1duo-coremltools/coremltools/converters/mil/mil/passes/common_pass.py:34] Performing pass: "common::fuse_matmul_weight_bias"
[20200630 16:33:31 INFO /Volumes/data/work/1duo-coremltools/coremltools/converters/mil/mil/passes/common_pass.py:34] Performing pass: "common::const_elimination"
[20200630 16:33:31 INFO /Volumes/data/work/1duo-coremltools/coremltools/converters/mil/mil/passes/common_pass.py:34] Performing pass: "common::loop_invariant_elimination"
[20200630 16:33:31 INFO /Volumes/data/work/1duo-coremltools/coremltools/converters/mil/mil/passes/common_pass.py:34] Performing pass: "common::remove_symbolic_reshape"
[20200630 16:33:31 INFO /Volumes/data/work/1duo-coremltools/coremltools/converters/mil/mil/passes/remove_symbolic_reshape.py:104] remove_symbolic_reshape: changed 0 reshapes.
[20200630 16:33:31 INFO /Volumes/data/work/1duo-coremltools/coremltools/converters/mil/mil/passes/common_pass.py:34] Performing pass: "common::fuse_gelu_tanh_approximation"
[20200630 16:33:31 INFO /Volumes/data/work/1duo-coremltools/coremltools/converters/mil/mil/passes/common_pass.py:34] Performing pass: "common::reduce_transposes"
[20200630 16:33:31 DEBUG /Volumes/data/work/1duo-coremltools/coremltools/converters/mil/mil/passes/reduce_transposes.py:989] Block before optimize transpose transform:
function(%input: (1, 1, 6, 5, fp32)) {
  block157() {
    %1: (1, 1, 3, 3, fp32)* = const(val=[[[[-0.20605456829071045, -0.12949085235595703, -0.008333951234817505], [0.06919947266578674, 0.1526956856250763, 0.26568177342414856], [-0.0830216109752655, 0.0669722855091095, 0.06714597344398499]]]], name="1")
    %2: (1,fp32)* = const(val=[0.14913859963417053], name="2")
    %21: (2,i32)* = const(val=[1, 1], name="21")
    %22: (2,i32)* = const(val=[3, 3], name="22")
    %23: (2,i32)* = const(val=[1, 1], name="23")
    %12: (bool)* = const(val=False, name="12")
    %24: (2,i32)* = const(val=[0, 0], name="24")
    %16: (i32)* = const(val=1, name="16")
    %17: (bool)* = const(val=False, name="17")
    %18: (bool)* = const(val=False, name="18")
    %19: (bool)* = const(val=True, name="19")
    %20_pad_type_138: (str)* = const(val="custom", name="20_pad_type_138")
    %20_pad_138: (4,i32)* = const(val=[3, 3, 3, 3], name="20_pad_138")
    %20: (1, 1, 10, 9, fp32) = conv(x=%input, weight=%1, bias=%2, strides=%21, pad_type=%20_pad_type_138, pad=%20_pad_138, dilations=%23, groups=%16, name="20")
  } -> (%20)
}

[20200630 16:33:31 DEBUG /Volumes/data/work/1duo-coremltools/coremltools/converters/mil/mil/passes/reduce_transposes.py:1024] Block after optimize transpose transform:
function(%input: (1, 1, 6, 5, fp32)) {
  block157() {
    %1: (1, 1, 3, 3, fp32)* = const(val=[[[[-0.20605456829071045, -0.12949085235595703, -0.008333951234817505], [0.06919947266578674, 0.1526956856250763, 0.26568177342414856], [-0.0830216109752655, 0.0669722855091095, 0.06714597344398499]]]], name="1")
    %2: (1,fp32)* = const(val=[0.14913859963417053], name="2")
    %21: (2,i32)* = const(val=[1, 1], name="21")
    %22: (2,i32)* = const(val=[3, 3], name="22")
    %23: (2,i32)* = const(val=[1, 1], name="23")
    %12: (bool)* = const(val=False, name="12")
    %24: (2,i32)* = const(val=[0, 0], name="24")
    %16: (i32)* = const(val=1, name="16")
    %17: (bool)* = const(val=False, name="17")
    %18: (bool)* = const(val=False, name="18")
    %19: (bool)* = const(val=True, name="19")
    %20_pad_type_138: (str)* = const(val="custom", name="20_pad_type_138")
    %20_pad_138: (4,i32)* = const(val=[3, 3, 3, 3], name="20_pad_138")
    %20: (1, 1, 10, 9, fp32) = conv(x=%input, weight=%1, bias=%2, strides=%21, pad_type=%20_pad_type_138, pad=%20_pad_138, dilations=%23, groups=%16, name="20")
  } -> (%20)
}

[20200630 16:33:31 INFO /Volumes/data/work/1duo-coremltools/coremltools/converters/mil/mil/passes/common_pass.py:34] Performing pass: "common::fuse_bias_conv"
[20200630 16:33:31 INFO /Volumes/data/work/1duo-coremltools/coremltools/converters/mil/mil/passes/common_pass.py:34] Performing pass: "common::fuse_elementwise_to_batchnorm"
[20200630 16:33:31 INFO /Volumes/data/work/1duo-coremltools/coremltools/converters/mil/mil/passes/common_pass.py:34] Performing pass: "common::fuse_onehot_matmul_to_gather"
[20200630 16:33:31 INFO /Volumes/data/work/1duo-coremltools/coremltools/converters/mil/mil/passes/common_pass.py:34] Performing pass: "common::fuse_layernorm_or_instancenorm"
[20200630 16:33:31 INFO /Volumes/data/work/1duo-coremltools/coremltools/converters/mil/mil/passes/common_pass.py:34] Performing pass: "common::dead_code_elimination"
[20200630 16:33:31 INFO /Volumes/data/work/1duo-coremltools/coremltools/converters/mil/mil/passes/dead_code_elimination.py:35] Removing op "19" (type: const)
[20200630 16:33:31 INFO /Volumes/data/work/1duo-coremltools/coremltools/converters/mil/mil/passes/dead_code_elimination.py:35] Removing op "18" (type: const)
[20200630 16:33:31 INFO /Volumes/data/work/1duo-coremltools/coremltools/converters/mil/mil/passes/dead_code_elimination.py:35] Removing op "17" (type: const)
[20200630 16:33:31 INFO /Volumes/data/work/1duo-coremltools/coremltools/converters/mil/mil/passes/dead_code_elimination.py:35] Removing op "24" (type: const)
[20200630 16:33:31 INFO /Volumes/data/work/1duo-coremltools/coremltools/converters/mil/mil/passes/dead_code_elimination.py:35] Removing op "12" (type: const)
[20200630 16:33:31 INFO /Volumes/data/work/1duo-coremltools/coremltools/converters/mil/mil/passes/dead_code_elimination.py:35] Removing op "22" (type: const)
[20200630 16:33:31 DEBUG /Volumes/data/work/1duo-coremltools/coremltools/converters/mil/mil/passes/common_pass.py:38] Program after common passes:
main(%input: (1, 1, 6, 5, fp32)) {
  block157() {
    %1: (1, 1, 3, 3, fp32)* = const(val=[[[[-0.20605456829071045, -0.12949085235595703, -0.008333951234817505], [0.06919947266578674, 0.1526956856250763, 0.26568177342414856], [-0.0830216109752655, 0.0669722855091095, 0.06714597344398499]]]], name="1")
    %2: (1,fp32)* = const(val=[0.14913859963417053], name="2")
    %21: (2,i32)* = const(val=[1, 1], name="21")
    %23: (2,i32)* = const(val=[1, 1], name="23")
    %16: (i32)* = const(val=1, name="16")
    %20_pad_type_138: (str)* = const(val="custom", name="20_pad_type_138")
    %20_pad_138: (4,i32)* = const(val=[3, 3, 3, 3], name="20_pad_138")
    %20: (1, 1, 10, 9, fp32) = conv(x=%input, weight=%1, bias=%2, strides=%21, pad_type=%20_pad_type_138, pad=%20_pad_138, dilations=%23, groups=%16, name="20")
  } -> (%20)
}

[20200630 16:33:31 INFO /Volumes/data/work/1duo-coremltools/coremltools/converters/mil/backend/nn/passes/nn_passes.py:22] Performing passes for nn_backend: "nn_backend::commingle_loop_vars"
[20200630 16:33:31 INFO /Volumes/data/work/1duo-coremltools/coremltools/converters/mil/backend/nn/passes/nn_passes.py:22] Performing passes for nn_backend: "nn_backend::handle_return_inputs_as_outputs"
[20200630 16:33:31 INFO /Volumes/data/work/1duo-coremltools/coremltools/converters/mil/backend/nn/passes/nn_passes.py:22] Performing passes for nn_backend: "common::const_elimination"
[20200630 16:33:31 INFO /Volumes/data/work/1duo-coremltools/coremltools/converters/mil/backend/nn/passes/nn_passes.py:22] Performing passes for nn_backend: "common::dead_code_elimination"
[20200630 16:33:31 INFO /Volumes/data/work/1duo-coremltools/coremltools/converters/mil/backend/nn/passes/nn_passes.py:22] Performing passes for nn_backend: "nn_backend::handle_unused_inputs"
[20200630 16:33:31 INFO /Volumes/data/work/1duo-coremltools/coremltools/converters/mil/backend/nn/passes/nn_passes.py:22] Performing passes for nn_backend: "nn_backend::alert_return_type_cast"
[20200630 16:33:31 DEBUG /Volumes/data/work/1duo-coremltools/coremltools/converters/mil/backend/nn/passes/nn_passes.py:26] Program after nn backend passes:
main(%input: (1, 1, 6, 5, fp32)) {
  block157() {
    %1: (1, 1, 3, 3, fp32)* = const(val=[[[[-0.20605456829071045, -0.12949085235595703, -0.008333951234817505], [0.06919947266578674, 0.1526956856250763, 0.26568177342414856], [-0.0830216109752655, 0.0669722855091095, 0.06714597344398499]]]], name="1")
    %2: (1,fp32)* = const(val=[0.14913859963417053], name="2")
    %21: (2,i32)* = const(val=[1, 1], name="21")
    %23: (2,i32)* = const(val=[1, 1], name="23")
    %16: (i32)* = const(val=1, name="16")
    %20_pad_type_138: (str)* = const(val="custom", name="20_pad_type_138")
    %20_pad_138: (4,i32)* = const(val=[3, 3, 3, 3], name="20_pad_138")
    %20: (1, 1, 10, 9, fp32) = conv(x=%input, weight=%1, bias=%2, strides=%21, pad_type=%20_pad_type_138, pad=%20_pad_138, dilations=%23, groups=%16, name="20")
  } -> (%20)
}

[20200630 16:33:31 INFO /Volumes/data/work/1duo-coremltools/coremltools/converters/mil/frontend/torch/converter.py:269] Converting graph.
[20200630 16:33:31 INFO /Volumes/data/work/1duo-coremltools/coremltools/converters/mil/mil/builder.py:181] Adding op '1' of type const
[20200630 16:33:31 INFO /Volumes/data/work/1duo-coremltools/coremltools/converters/mil/mil/builder.py:181] Adding op '2' of type const
[20200630 16:33:31 INFO /Volumes/data/work/1duo-coremltools/coremltools/converters/mil/frontend/torch/ops.py:49] Converting op 21 : constant
[20200630 16:33:31 INFO /Volumes/data/work/1duo-coremltools/coremltools/converters/mil/mil/builder.py:181] Adding op '21' of type const
[20200630 16:33:31 INFO /Volumes/data/work/1duo-coremltools/coremltools/converters/mil/frontend/torch/ops.py:49] Converting op 22 : constant
[20200630 16:33:31 INFO /Volumes/data/work/1duo-coremltools/coremltools/converters/mil/mil/builder.py:181] Adding op '22' of type const
[20200630 16:33:31 INFO /Volumes/data/work/1duo-coremltools/coremltools/converters/mil/frontend/torch/ops.py:49] Converting op 23 : constant
[20200630 16:33:31 INFO /Volumes/data/work/1duo-coremltools/coremltools/converters/mil/mil/builder.py:181] Adding op '23' of type const
[20200630 16:33:31 INFO /Volumes/data/work/1duo-coremltools/coremltools/converters/mil/frontend/torch/ops.py:49] Converting op 12 : constant
[20200630 16:33:31 INFO /Volumes/data/work/1duo-coremltools/coremltools/converters/mil/mil/builder.py:181] Adding op '12' of type const
[20200630 16:33:31 INFO /Volumes/data/work/1duo-coremltools/coremltools/converters/mil/frontend/torch/ops.py:49] Converting op 24 : constant
[20200630 16:33:31 INFO /Volumes/data/work/1duo-coremltools/coremltools/converters/mil/mil/builder.py:181] Adding op '24' of type const
[20200630 16:33:31 INFO /Volumes/data/work/1duo-coremltools/coremltools/converters/mil/frontend/torch/ops.py:49] Converting op 16 : constant
[20200630 16:33:31 INFO /Volumes/data/work/1duo-coremltools/coremltools/converters/mil/mil/builder.py:181] Adding op '16' of type const
[20200630 16:33:31 INFO /Volumes/data/work/1duo-coremltools/coremltools/converters/mil/frontend/torch/ops.py:49] Converting op 17 : constant
[20200630 16:33:31 INFO /Volumes/data/work/1duo-coremltools/coremltools/converters/mil/mil/builder.py:181] Adding op '17' of type const
[20200630 16:33:31 INFO /Volumes/data/work/1duo-coremltools/coremltools/converters/mil/frontend/torch/ops.py:49] Converting op 18 : constant
[20200630 16:33:31 INFO /Volumes/data/work/1duo-coremltools/coremltools/converters/mil/mil/builder.py:181] Adding op '18' of type const
[20200630 16:33:31 INFO /Volumes/data/work/1duo-coremltools/coremltools/converters/mil/frontend/torch/ops.py:49] Converting op 19 : constant
[20200630 16:33:31 INFO /Volumes/data/work/1duo-coremltools/coremltools/converters/mil/mil/builder.py:181] Adding op '19' of type const
[20200630 16:33:31 INFO /Volumes/data/work/1duo-coremltools/coremltools/converters/mil/frontend/torch/ops.py:49] Converting op 20 : _convolution
[20200630 16:33:31 INFO /Volumes/data/work/1duo-coremltools/coremltools/converters/mil/mil/builder.py:181] Adding op '20' of type conv
[20200630 16:33:31 DEBUG /Volumes/data/work/1duo-coremltools/coremltools/converters/mil/mil/builder.py:93] Adding const op '20_pad_type_139'
[20200630 16:33:31 INFO /Volumes/data/work/1duo-coremltools/coremltools/converters/mil/mil/builder.py:181] Adding op '20_pad_type_139' of type const
[20200630 16:33:31 DEBUG /Volumes/data/work/1duo-coremltools/coremltools/converters/mil/mil/builder.py:93] Adding const op '20_pad_139'
[20200630 16:33:31 INFO /Volumes/data/work/1duo-coremltools/coremltools/converters/mil/mil/builder.py:181] Adding op '20_pad_139' of type const
[20200630 16:33:31 DEBUG /Volumes/data/work/1duo-coremltools/coremltools/converters/mil/mil/passes/common_pass.py:30] Program before common passes:
main(%input: (1, 1, 6, 5, fp32)) {
  block158() {
    %1: (1, 1, 3, 3, fp32)* = const(val=[[[[-0.3074968755245209, -0.04726901650428772, 0.11946892738342285], [0.27088049054145813, 0.25699952244758606, -0.10204383730888367], [0.16182002425193787, 0.0847533643245697, -0.3014325797557831]]]], name="1")
    %2: (1,fp32)* = const(val=[-0.26403865218162537], name="2")
    %21: (2,i32)* = const(val=[1, 1], name="21")
    %22: (2,i32)* = const(val=[3, 3], name="22")
    %23: (2,i32)* = const(val=[3, 3], name="23")
    %12: (bool)* = const(val=False, name="12")
    %24: (2,i32)* = const(val=[0, 0], name="24")
    %16: (i32)* = const(val=1, name="16")
    %17: (bool)* = const(val=False, name="17")
    %18: (bool)* = const(val=False, name="18")
    %19: (bool)* = const(val=True, name="19")
    %20_pad_type_139: (str)* = const(val="custom", name="20_pad_type_139")
    %20_pad_139: (4,i32)* = const(val=[3, 3, 3, 3], name="20_pad_139")
    %20: (1, 1, 6, 5, fp32) = conv(x=%input, weight=%1, bias=%2, strides=%21, pad_type=%20_pad_type_139, pad=%20_pad_139, dilations=%23, groups=%16, name="20")
  } -> (%20)
}

[20200630 16:33:31 INFO /Volumes/data/work/1duo-coremltools/coremltools/converters/mil/mil/passes/common_pass.py:34] Performing pass: "common::const_elimination"
[20200630 16:33:31 INFO /Volumes/data/work/1duo-coremltools/coremltools/converters/mil/mil/passes/common_pass.py:34] Performing pass: "common::divide_to_multiply"
[20200630 16:33:31 INFO /Volumes/data/work/1duo-coremltools/coremltools/converters/mil/mil/passes/common_pass.py:34] Performing pass: "common::fuse_matmul_weight_bias"
[20200630 16:33:31 INFO /Volumes/data/work/1duo-coremltools/coremltools/converters/mil/mil/passes/common_pass.py:34] Performing pass: "common::const_elimination"
[20200630 16:33:31 INFO /Volumes/data/work/1duo-coremltools/coremltools/converters/mil/mil/passes/common_pass.py:34] Performing pass: "common::loop_invariant_elimination"
[20200630 16:33:31 INFO /Volumes/data/work/1duo-coremltools/coremltools/converters/mil/mil/passes/common_pass.py:34] Performing pass: "common::remove_symbolic_reshape"
[20200630 16:33:31 INFO /Volumes/data/work/1duo-coremltools/coremltools/converters/mil/mil/passes/remove_symbolic_reshape.py:104] remove_symbolic_reshape: changed 0 reshapes.
[20200630 16:33:31 INFO /Volumes/data/work/1duo-coremltools/coremltools/converters/mil/mil/passes/common_pass.py:34] Performing pass: "common::fuse_gelu_tanh_approximation"
[20200630 16:33:31 INFO /Volumes/data/work/1duo-coremltools/coremltools/converters/mil/mil/passes/common_pass.py:34] Performing pass: "common::reduce_transposes"
[20200630 16:33:31 DEBUG /Volumes/data/work/1duo-coremltools/coremltools/converters/mil/mil/passes/reduce_transposes.py:989] Block before optimize transpose transform:
function(%input: (1, 1, 6, 5, fp32)) {
  block158() {
    %1: (1, 1, 3, 3, fp32)* = const(val=[[[[-0.3074968755245209, -0.04726901650428772, 0.11946892738342285], [0.27088049054145813, 0.25699952244758606, -0.10204383730888367], [0.16182002425193787, 0.0847533643245697, -0.3014325797557831]]]], name="1")
    %2: (1,fp32)* = const(val=[-0.26403865218162537], name="2")
    %21: (2,i32)* = const(val=[1, 1], name="21")
    %22: (2,i32)* = const(val=[3, 3], name="22")
    %23: (2,i32)* = const(val=[3, 3], name="23")
    %12: (bool)* = const(val=False, name="12")
    %24: (2,i32)* = const(val=[0, 0], name="24")
    %16: (i32)* = const(val=1, name="16")
    %17: (bool)* = const(val=False, name="17")
    %18: (bool)* = const(val=False, name="18")
    %19: (bool)* = const(val=True, name="19")
    %20_pad_type_139: (str)* = const(val="custom", name="20_pad_type_139")
    %20_pad_139: (4,i32)* = const(val=[3, 3, 3, 3], name="20_pad_139")
    %20: (1, 1, 6, 5, fp32) = conv(x=%input, weight=%1, bias=%2, strides=%21, pad_type=%20_pad_type_139, pad=%20_pad_139, dilations=%23, groups=%16, name="20")
  } -> (%20)
}

[20200630 16:33:31 DEBUG /Volumes/data/work/1duo-coremltools/coremltools/converters/mil/mil/passes/reduce_transposes.py:1024] Block after optimize transpose transform:
function(%input: (1, 1, 6, 5, fp32)) {
  block158() {
    %1: (1, 1, 3, 3, fp32)* = const(val=[[[[-0.3074968755245209, -0.04726901650428772, 0.11946892738342285], [0.27088049054145813, 0.25699952244758606, -0.10204383730888367], [0.16182002425193787, 0.0847533643245697, -0.3014325797557831]]]], name="1")
    %2: (1,fp32)* = const(val=[-0.26403865218162537], name="2")
    %21: (2,i32)* = const(val=[1, 1], name="21")
    %22: (2,i32)* = const(val=[3, 3], name="22")
    %23: (2,i32)* = const(val=[3, 3], name="23")
    %12: (bool)* = const(val=False, name="12")
    %24: (2,i32)* = const(val=[0, 0], name="24")
    %16: (i32)* = const(val=1, name="16")
    %17: (bool)* = const(val=False, name="17")
    %18: (bool)* = const(val=False, name="18")
    %19: (bool)* = const(val=True, name="19")
    %20_pad_type_139: (str)* = const(val="custom", name="20_pad_type_139")
    %20_pad_139: (4,i32)* = const(val=[3, 3, 3, 3], name="20_pad_139")
    %20: (1, 1, 6, 5, fp32) = conv(x=%input, weight=%1, bias=%2, strides=%21, pad_type=%20_pad_type_139, pad=%20_pad_139, dilations=%23, groups=%16, name="20")
  } -> (%20)
}

[20200630 16:33:32 INFO /Volumes/data/work/1duo-coremltools/coremltools/converters/mil/mil/passes/common_pass.py:34] Performing pass: "common::fuse_bias_conv"
[20200630 16:33:32 INFO /Volumes/data/work/1duo-coremltools/coremltools/converters/mil/mil/passes/common_pass.py:34] Performing pass: "common::fuse_elementwise_to_batchnorm"
[20200630 16:33:32 INFO /Volumes/data/work/1duo-coremltools/coremltools/converters/mil/mil/passes/common_pass.py:34] Performing pass: "common::fuse_onehot_matmul_to_gather"
[20200630 16:33:32 INFO /Volumes/data/work/1duo-coremltools/coremltools/converters/mil/mil/passes/common_pass.py:34] Performing pass: "common::fuse_layernorm_or_instancenorm"
[20200630 16:33:32 INFO /Volumes/data/work/1duo-coremltools/coremltools/converters/mil/mil/passes/common_pass.py:34] Performing pass: "common::dead_code_elimination"
[20200630 16:33:32 INFO /Volumes/data/work/1duo-coremltools/coremltools/converters/mil/mil/passes/dead_code_elimination.py:35] Removing op "19" (type: const)
[20200630 16:33:32 INFO /Volumes/data/work/1duo-coremltools/coremltools/converters/mil/mil/passes/dead_code_elimination.py:35] Removing op "18" (type: const)
[20200630 16:33:32 INFO /Volumes/data/work/1duo-coremltools/coremltools/converters/mil/mil/passes/dead_code_elimination.py:35] Removing op "17" (type: const)
[20200630 16:33:32 INFO /Volumes/data/work/1duo-coremltools/coremltools/converters/mil/mil/passes/dead_code_elimination.py:35] Removing op "24" (type: const)
[20200630 16:33:32 INFO /Volumes/data/work/1duo-coremltools/coremltools/converters/mil/mil/passes/dead_code_elimination.py:35] Removing op "12" (type: const)
[20200630 16:33:32 INFO /Volumes/data/work/1duo-coremltools/coremltools/converters/mil/mil/passes/dead_code_elimination.py:35] Removing op "22" (type: const)
[20200630 16:33:32 DEBUG /Volumes/data/work/1duo-coremltools/coremltools/converters/mil/mil/passes/common_pass.py:38] Program after common passes:
main(%input: (1, 1, 6, 5, fp32)) {
  block158() {
    %1: (1, 1, 3, 3, fp32)* = const(val=[[[[-0.3074968755245209, -0.04726901650428772, 0.11946892738342285], [0.27088049054145813, 0.25699952244758606, -0.10204383730888367], [0.16182002425193787, 0.0847533643245697, -0.3014325797557831]]]], name="1")
    %2: (1,fp32)* = const(val=[-0.26403865218162537], name="2")
    %21: (2,i32)* = const(val=[1, 1], name="21")
    %23: (2,i32)* = const(val=[3, 3], name="23")
    %16: (i32)* = const(val=1, name="16")
    %20_pad_type_139: (str)* = const(val="custom", name="20_pad_type_139")
    %20_pad_139: (4,i32)* = const(val=[3, 3, 3, 3], name="20_pad_139")
    %20: (1, 1, 6, 5, fp32) = conv(x=%input, weight=%1, bias=%2, strides=%21, pad_type=%20_pad_type_139, pad=%20_pad_139, dilations=%23, groups=%16, name="20")
  } -> (%20)
}

[20200630 16:33:32 INFO /Volumes/data/work/1duo-coremltools/coremltools/converters/mil/backend/nn/passes/nn_passes.py:22] Performing passes for nn_backend: "nn_backend::commingle_loop_vars"
[20200630 16:33:32 INFO /Volumes/data/work/1duo-coremltools/coremltools/converters/mil/backend/nn/passes/nn_passes.py:22] Performing passes for nn_backend: "nn_backend::handle_return_inputs_as_outputs"
[20200630 16:33:32 INFO /Volumes/data/work/1duo-coremltools/coremltools/converters/mil/backend/nn/passes/nn_passes.py:22] Performing passes for nn_backend: "common::const_elimination"
[20200630 16:33:32 INFO /Volumes/data/work/1duo-coremltools/coremltools/converters/mil/backend/nn/passes/nn_passes.py:22] Performing passes for nn_backend: "common::dead_code_elimination"
[20200630 16:33:32 INFO /Volumes/data/work/1duo-coremltools/coremltools/converters/mil/backend/nn/passes/nn_passes.py:22] Performing passes for nn_backend: "nn_backend::handle_unused_inputs"
[20200630 16:33:32 INFO /Volumes/data/work/1duo-coremltools/coremltools/converters/mil/backend/nn/passes/nn_passes.py:22] Performing passes for nn_backend: "nn_backend::alert_return_type_cast"
[20200630 16:33:32 DEBUG /Volumes/data/work/1duo-coremltools/coremltools/converters/mil/backend/nn/passes/nn_passes.py:26] Program after nn backend passes:
main(%input: (1, 1, 6, 5, fp32)) {
  block158() {
    %1: (1, 1, 3, 3, fp32)* = const(val=[[[[-0.3074968755245209, -0.04726901650428772, 0.11946892738342285], [0.27088049054145813, 0.25699952244758606, -0.10204383730888367], [0.16182002425193787, 0.0847533643245697, -0.3014325797557831]]]], name="1")
    %2: (1,fp32)* = const(val=[-0.26403865218162537], name="2")
    %21: (2,i32)* = const(val=[1, 1], name="21")
    %23: (2,i32)* = const(val=[3, 3], name="23")
    %16: (i32)* = const(val=1, name="16")
    %20_pad_type_139: (str)* = const(val="custom", name="20_pad_type_139")
    %20_pad_139: (4,i32)* = const(val=[3, 3, 3, 3], name="20_pad_139")
    %20: (1, 1, 6, 5, fp32) = conv(x=%input, weight=%1, bias=%2, strides=%21, pad_type=%20_pad_type_139, pad=%20_pad_139, dilations=%23, groups=%16, name="20")
  } -> (%20)
}

[20200630 16:33:32 INFO /Volumes/data/work/1duo-coremltools/coremltools/converters/mil/frontend/torch/converter.py:269] Converting graph.
[20200630 16:33:32 INFO /Volumes/data/work/1duo-coremltools/coremltools/converters/mil/mil/builder.py:181] Adding op '1' of type const
[20200630 16:33:32 INFO /Volumes/data/work/1duo-coremltools/coremltools/converters/mil/mil/builder.py:181] Adding op '2' of type const
[20200630 16:33:32 INFO /Volumes/data/work/1duo-coremltools/coremltools/converters/mil/frontend/torch/ops.py:49] Converting op 21 : constant
[20200630 16:33:32 INFO /Volumes/data/work/1duo-coremltools/coremltools/converters/mil/mil/builder.py:181] Adding op '21' of type const
[20200630 16:33:32 INFO /Volumes/data/work/1duo-coremltools/coremltools/converters/mil/frontend/torch/ops.py:49] Converting op 22 : constant
[20200630 16:33:32 INFO /Volumes/data/work/1duo-coremltools/coremltools/converters/mil/mil/builder.py:181] Adding op '22' of type const
[20200630 16:33:32 INFO /Volumes/data/work/1duo-coremltools/coremltools/converters/mil/frontend/torch/ops.py:49] Converting op 23 : constant
[20200630 16:33:32 INFO /Volumes/data/work/1duo-coremltools/coremltools/converters/mil/mil/builder.py:181] Adding op '23' of type const
[20200630 16:33:32 INFO /Volumes/data/work/1duo-coremltools/coremltools/converters/mil/frontend/torch/ops.py:49] Converting op 12 : constant
[20200630 16:33:32 INFO /Volumes/data/work/1duo-coremltools/coremltools/converters/mil/mil/builder.py:181] Adding op '12' of type const
[20200630 16:33:32 INFO /Volumes/data/work/1duo-coremltools/coremltools/converters/mil/frontend/torch/ops.py:49] Converting op 24 : constant
[20200630 16:33:32 INFO /Volumes/data/work/1duo-coremltools/coremltools/converters/mil/mil/builder.py:181] Adding op '24' of type const
[20200630 16:33:32 INFO /Volumes/data/work/1duo-coremltools/coremltools/converters/mil/frontend/torch/ops.py:49] Converting op 16 : constant
[20200630 16:33:32 INFO /Volumes/data/work/1duo-coremltools/coremltools/converters/mil/mil/builder.py:181] Adding op '16' of type const
[20200630 16:33:32 INFO /Volumes/data/work/1duo-coremltools/coremltools/converters/mil/frontend/torch/ops.py:49] Converting op 17 : constant
[20200630 16:33:32 INFO /Volumes/data/work/1duo-coremltools/coremltools/converters/mil/mil/builder.py:181] Adding op '17' of type const
[20200630 16:33:32 INFO /Volumes/data/work/1duo-coremltools/coremltools/converters/mil/frontend/torch/ops.py:49] Converting op 18 : constant
[20200630 16:33:32 INFO /Volumes/data/work/1duo-coremltools/coremltools/converters/mil/mil/builder.py:181] Adding op '18' of type const
[20200630 16:33:32 INFO /Volumes/data/work/1duo-coremltools/coremltools/converters/mil/frontend/torch/ops.py:49] Converting op 19 : constant
[20200630 16:33:32 INFO /Volumes/data/work/1duo-coremltools/coremltools/converters/mil/mil/builder.py:181] Adding op '19' of type const
[20200630 16:33:32 INFO /Volumes/data/work/1duo-coremltools/coremltools/converters/mil/frontend/torch/ops.py:49] Converting op 20 : _convolution
[20200630 16:33:32 INFO /Volumes/data/work/1duo-coremltools/coremltools/converters/mil/mil/builder.py:181] Adding op '20' of type conv
[20200630 16:33:32 DEBUG /Volumes/data/work/1duo-coremltools/coremltools/converters/mil/mil/builder.py:93] Adding const op '20_pad_type_140'
[20200630 16:33:32 INFO /Volumes/data/work/1duo-coremltools/coremltools/converters/mil/mil/builder.py:181] Adding op '20_pad_type_140' of type const
[20200630 16:33:32 DEBUG /Volumes/data/work/1duo-coremltools/coremltools/converters/mil/mil/builder.py:93] Adding const op '20_pad_140'
[20200630 16:33:32 INFO /Volumes/data/work/1duo-coremltools/coremltools/converters/mil/mil/builder.py:181] Adding op '20_pad_140' of type const
[20200630 16:33:32 DEBUG /Volumes/data/work/1duo-coremltools/coremltools/converters/mil/mil/passes/common_pass.py:30] Program before common passes:
main(%input: (1, 1, 6, 5, fp32)) {
  block159() {
    %1: (1, 1, 3, 3, fp32)* = const(val=[[[[0.02410745620727539, -0.10271546244621277, -0.04261276125907898], [-0.054434627294540405, -0.23366014659404755, 0.2561850845813751], [-0.15403899550437927, -0.2763307988643646, 0.24436888098716736]]]], name="1")
    %2: (1,fp32)* = const(val=[0.14383062720298767], name="2")
    %21: (2,i32)* = const(val=[3, 3], name="21")
    %22: (2,i32)* = const(val=[1, 1], name="22")
    %23: (2,i32)* = const(val=[1, 1], name="23")
    %12: (bool)* = const(val=False, name="12")
    %24: (2,i32)* = const(val=[0, 0], name="24")
    %16: (i32)* = const(val=1, name="16")
    %17: (bool)* = const(val=False, name="17")
    %18: (bool)* = const(val=False, name="18")
    %19: (bool)* = const(val=True, name="19")
    %20_pad_type_140: (str)* = const(val="custom", name="20_pad_type_140")
    %20_pad_140: (4,i32)* = const(val=[1, 1, 1, 1], name="20_pad_140")
    %20: (1, 1, 2, 2, fp32) = conv(x=%input, weight=%1, bias=%2, strides=%21, pad_type=%20_pad_type_140, pad=%20_pad_140, dilations=%23, groups=%16, name="20")
  } -> (%20)
}

[20200630 16:33:32 INFO /Volumes/data/work/1duo-coremltools/coremltools/converters/mil/mil/passes/common_pass.py:34] Performing pass: "common::const_elimination"
[20200630 16:33:32 INFO /Volumes/data/work/1duo-coremltools/coremltools/converters/mil/mil/passes/common_pass.py:34] Performing pass: "common::divide_to_multiply"
[20200630 16:33:32 INFO /Volumes/data/work/1duo-coremltools/coremltools/converters/mil/mil/passes/common_pass.py:34] Performing pass: "common::fuse_matmul_weight_bias"
[20200630 16:33:32 INFO /Volumes/data/work/1duo-coremltools/coremltools/converters/mil/mil/passes/common_pass.py:34] Performing pass: "common::const_elimination"
[20200630 16:33:32 INFO /Volumes/data/work/1duo-coremltools/coremltools/converters/mil/mil/passes/common_pass.py:34] Performing pass: "common::loop_invariant_elimination"
[20200630 16:33:32 INFO /Volumes/data/work/1duo-coremltools/coremltools/converters/mil/mil/passes/common_pass.py:34] Performing pass: "common::remove_symbolic_reshape"
[20200630 16:33:32 INFO /Volumes/data/work/1duo-coremltools/coremltools/converters/mil/mil/passes/remove_symbolic_reshape.py:104] remove_symbolic_reshape: changed 0 reshapes.
[20200630 16:33:32 INFO /Volumes/data/work/1duo-coremltools/coremltools/converters/mil/mil/passes/common_pass.py:34] Performing pass: "common::fuse_gelu_tanh_approximation"
[20200630 16:33:32 INFO /Volumes/data/work/1duo-coremltools/coremltools/converters/mil/mil/passes/common_pass.py:34] Performing pass: "common::reduce_transposes"
[20200630 16:33:32 DEBUG /Volumes/data/work/1duo-coremltools/coremltools/converters/mil/mil/passes/reduce_transposes.py:989] Block before optimize transpose transform:
function(%input: (1, 1, 6, 5, fp32)) {
  block159() {
    %1: (1, 1, 3, 3, fp32)* = const(val=[[[[0.02410745620727539, -0.10271546244621277, -0.04261276125907898], [-0.054434627294540405, -0.23366014659404755, 0.2561850845813751], [-0.15403899550437927, -0.2763307988643646, 0.24436888098716736]]]], name="1")
    %2: (1,fp32)* = const(val=[0.14383062720298767], name="2")
    %21: (2,i32)* = const(val=[3, 3], name="21")
    %22: (2,i32)* = const(val=[1, 1], name="22")
    %23: (2,i32)* = const(val=[1, 1], name="23")
    %12: (bool)* = const(val=False, name="12")
    %24: (2,i32)* = const(val=[0, 0], name="24")
    %16: (i32)* = const(val=1, name="16")
    %17: (bool)* = const(val=False, name="17")
    %18: (bool)* = const(val=False, name="18")
    %19: (bool)* = const(val=True, name="19")
    %20_pad_type_140: (str)* = const(val="custom", name="20_pad_type_140")
    %20_pad_140: (4,i32)* = const(val=[1, 1, 1, 1], name="20_pad_140")
    %20: (1, 1, 2, 2, fp32) = conv(x=%input, weight=%1, bias=%2, strides=%21, pad_type=%20_pad_type_140, pad=%20_pad_140, dilations=%23, groups=%16, name="20")
  } -> (%20)
}

[20200630 16:33:32 DEBUG /Volumes/data/work/1duo-coremltools/coremltools/converters/mil/mil/passes/reduce_transposes.py:1024] Block after optimize transpose transform:
function(%input: (1, 1, 6, 5, fp32)) {
  block159() {
    %1: (1, 1, 3, 3, fp32)* = const(val=[[[[0.02410745620727539, -0.10271546244621277, -0.04261276125907898], [-0.054434627294540405, -0.23366014659404755, 0.2561850845813751], [-0.15403899550437927, -0.2763307988643646, 0.24436888098716736]]]], name="1")
    %2: (1,fp32)* = const(val=[0.14383062720298767], name="2")
    %21: (2,i32)* = const(val=[3, 3], name="21")
    %22: (2,i32)* = const(val=[1, 1], name="22")
    %23: (2,i32)* = const(val=[1, 1], name="23")
    %12: (bool)* = const(val=False, name="12")
    %24: (2,i32)* = const(val=[0, 0], name="24")
    %16: (i32)* = const(val=1, name="16")
    %17: (bool)* = const(val=False, name="17")
    %18: (bool)* = const(val=False, name="18")
    %19: (bool)* = const(val=True, name="19")
    %20_pad_type_140: (str)* = const(val="custom", name="20_pad_type_140")
    %20_pad_140: (4,i32)* = const(val=[1, 1, 1, 1], name="20_pad_140")
    %20: (1, 1, 2, 2, fp32) = conv(x=%input, weight=%1, bias=%2, strides=%21, pad_type=%20_pad_type_140, pad=%20_pad_140, dilations=%23, groups=%16, name="20")
  } -> (%20)
}

[20200630 16:33:32 INFO /Volumes/data/work/1duo-coremltools/coremltools/converters/mil/mil/passes/common_pass.py:34] Performing pass: "common::fuse_bias_conv"
[20200630 16:33:32 INFO /Volumes/data/work/1duo-coremltools/coremltools/converters/mil/mil/passes/common_pass.py:34] Performing pass: "common::fuse_elementwise_to_batchnorm"
[20200630 16:33:32 INFO /Volumes/data/work/1duo-coremltools/coremltools/converters/mil/mil/passes/common_pass.py:34] Performing pass: "common::fuse_onehot_matmul_to_gather"
[20200630 16:33:32 INFO /Volumes/data/work/1duo-coremltools/coremltools/converters/mil/mil/passes/common_pass.py:34] Performing pass: "common::fuse_layernorm_or_instancenorm"
[20200630 16:33:32 INFO /Volumes/data/work/1duo-coremltools/coremltools/converters/mil/mil/passes/common_pass.py:34] Performing pass: "common::dead_code_elimination"
[20200630 16:33:32 INFO /Volumes/data/work/1duo-coremltools/coremltools/converters/mil/mil/passes/dead_code_elimination.py:35] Removing op "19" (type: const)
[20200630 16:33:32 INFO /Volumes/data/work/1duo-coremltools/coremltools/converters/mil/mil/passes/dead_code_elimination.py:35] Removing op "18" (type: const)
[20200630 16:33:32 INFO /Volumes/data/work/1duo-coremltools/coremltools/converters/mil/mil/passes/dead_code_elimination.py:35] Removing op "17" (type: const)
[20200630 16:33:32 INFO /Volumes/data/work/1duo-coremltools/coremltools/converters/mil/mil/passes/dead_code_elimination.py:35] Removing op "24" (type: const)
[20200630 16:33:32 INFO /Volumes/data/work/1duo-coremltools/coremltools/converters/mil/mil/passes/dead_code_elimination.py:35] Removing op "12" (type: const)
[20200630 16:33:32 INFO /Volumes/data/work/1duo-coremltools/coremltools/converters/mil/mil/passes/dead_code_elimination.py:35] Removing op "22" (type: const)
[20200630 16:33:32 DEBUG /Volumes/data/work/1duo-coremltools/coremltools/converters/mil/mil/passes/common_pass.py:38] Program after common passes:
main(%input: (1, 1, 6, 5, fp32)) {
  block159() {
    %1: (1, 1, 3, 3, fp32)* = const(val=[[[[0.02410745620727539, -0.10271546244621277, -0.04261276125907898], [-0.054434627294540405, -0.23366014659404755, 0.2561850845813751], [-0.15403899550437927, -0.2763307988643646, 0.24436888098716736]]]], name="1")
    %2: (1,fp32)* = const(val=[0.14383062720298767], name="2")
    %21: (2,i32)* = const(val=[3, 3], name="21")
    %23: (2,i32)* = const(val=[1, 1], name="23")
    %16: (i32)* = const(val=1, name="16")
    %20_pad_type_140: (str)* = const(val="custom", name="20_pad_type_140")
    %20_pad_140: (4,i32)* = const(val=[1, 1, 1, 1], name="20_pad_140")
    %20: (1, 1, 2, 2, fp32) = conv(x=%input, weight=%1, bias=%2, strides=%21, pad_type=%20_pad_type_140, pad=%20_pad_140, dilations=%23, groups=%16, name="20")
  } -> (%20)
}

[20200630 16:33:32 INFO /Volumes/data/work/1duo-coremltools/coremltools/converters/mil/backend/nn/passes/nn_passes.py:22] Performing passes for nn_backend: "nn_backend::commingle_loop_vars"
[20200630 16:33:32 INFO /Volumes/data/work/1duo-coremltools/coremltools/converters/mil/backend/nn/passes/nn_passes.py:22] Performing passes for nn_backend: "nn_backend::handle_return_inputs_as_outputs"
[20200630 16:33:32 INFO /Volumes/data/work/1duo-coremltools/coremltools/converters/mil/backend/nn/passes/nn_passes.py:22] Performing passes for nn_backend: "common::const_elimination"
[20200630 16:33:32 INFO /Volumes/data/work/1duo-coremltools/coremltools/converters/mil/backend/nn/passes/nn_passes.py:22] Performing passes for nn_backend: "common::dead_code_elimination"
[20200630 16:33:32 INFO /Volumes/data/work/1duo-coremltools/coremltools/converters/mil/backend/nn/passes/nn_passes.py:22] Performing passes for nn_backend: "nn_backend::handle_unused_inputs"
[20200630 16:33:32 INFO /Volumes/data/work/1duo-coremltools/coremltools/converters/mil/backend/nn/passes/nn_passes.py:22] Performing passes for nn_backend: "nn_backend::alert_return_type_cast"
[20200630 16:33:32 DEBUG /Volumes/data/work/1duo-coremltools/coremltools/converters/mil/backend/nn/passes/nn_passes.py:26] Program after nn backend passes:
main(%input: (1, 1, 6, 5, fp32)) {
  block159() {
    %1: (1, 1, 3, 3, fp32)* = const(val=[[[[0.02410745620727539, -0.10271546244621277, -0.04261276125907898], [-0.054434627294540405, -0.23366014659404755, 0.2561850845813751], [-0.15403899550437927, -0.2763307988643646, 0.24436888098716736]]]], name="1")
    %2: (1,fp32)* = const(val=[0.14383062720298767], name="2")
    %21: (2,i32)* = const(val=[3, 3], name="21")
    %23: (2,i32)* = const(val=[1, 1], name="23")
    %16: (i32)* = const(val=1, name="16")
    %20_pad_type_140: (str)* = const(val="custom", name="20_pad_type_140")
    %20_pad_140: (4,i32)* = const(val=[1, 1, 1, 1], name="20_pad_140")
    %20: (1, 1, 2, 2, fp32) = conv(x=%input, weight=%1, bias=%2, strides=%21, pad_type=%20_pad_type_140, pad=%20_pad_140, dilations=%23, groups=%16, name="20")
  } -> (%20)
}

[20200630 16:33:32 INFO /Volumes/data/work/1duo-coremltools/coremltools/converters/mil/frontend/torch/converter.py:269] Converting graph.
[20200630 16:33:32 INFO /Volumes/data/work/1duo-coremltools/coremltools/converters/mil/mil/builder.py:181] Adding op '1' of type const
[20200630 16:33:32 INFO /Volumes/data/work/1duo-coremltools/coremltools/converters/mil/mil/builder.py:181] Adding op '2' of type const
[20200630 16:33:32 INFO /Volumes/data/work/1duo-coremltools/coremltools/converters/mil/frontend/torch/ops.py:49] Converting op 21 : constant
[20200630 16:33:32 INFO /Volumes/data/work/1duo-coremltools/coremltools/converters/mil/mil/builder.py:181] Adding op '21' of type const
[20200630 16:33:32 INFO /Volumes/data/work/1duo-coremltools/coremltools/converters/mil/frontend/torch/ops.py:49] Converting op 22 : constant
[20200630 16:33:32 INFO /Volumes/data/work/1duo-coremltools/coremltools/converters/mil/mil/builder.py:181] Adding op '22' of type const
[20200630 16:33:32 INFO /Volumes/data/work/1duo-coremltools/coremltools/converters/mil/frontend/torch/ops.py:49] Converting op 23 : constant
[20200630 16:33:32 INFO /Volumes/data/work/1duo-coremltools/coremltools/converters/mil/mil/builder.py:181] Adding op '23' of type const
[20200630 16:33:32 INFO /Volumes/data/work/1duo-coremltools/coremltools/converters/mil/frontend/torch/ops.py:49] Converting op 12 : constant
[20200630 16:33:32 INFO /Volumes/data/work/1duo-coremltools/coremltools/converters/mil/mil/builder.py:181] Adding op '12' of type const
[20200630 16:33:32 INFO /Volumes/data/work/1duo-coremltools/coremltools/converters/mil/frontend/torch/ops.py:49] Converting op 24 : constant
[20200630 16:33:32 INFO /Volumes/data/work/1duo-coremltools/coremltools/converters/mil/mil/builder.py:181] Adding op '24' of type const
[20200630 16:33:32 INFO /Volumes/data/work/1duo-coremltools/coremltools/converters/mil/frontend/torch/ops.py:49] Converting op 16 : constant
[20200630 16:33:32 INFO /Volumes/data/work/1duo-coremltools/coremltools/converters/mil/mil/builder.py:181] Adding op '16' of type const
[20200630 16:33:32 INFO /Volumes/data/work/1duo-coremltools/coremltools/converters/mil/frontend/torch/ops.py:49] Converting op 17 : constant
[20200630 16:33:32 INFO /Volumes/data/work/1duo-coremltools/coremltools/converters/mil/mil/builder.py:181] Adding op '17' of type const
[20200630 16:33:32 INFO /Volumes/data/work/1duo-coremltools/coremltools/converters/mil/frontend/torch/ops.py:49] Converting op 18 : constant
[20200630 16:33:32 INFO /Volumes/data/work/1duo-coremltools/coremltools/converters/mil/mil/builder.py:181] Adding op '18' of type const
[20200630 16:33:32 INFO /Volumes/data/work/1duo-coremltools/coremltools/converters/mil/frontend/torch/ops.py:49] Converting op 19 : constant
[20200630 16:33:32 INFO /Volumes/data/work/1duo-coremltools/coremltools/converters/mil/mil/builder.py:181] Adding op '19' of type const
[20200630 16:33:32 INFO /Volumes/data/work/1duo-coremltools/coremltools/converters/mil/frontend/torch/ops.py:49] Converting op 20 : _convolution
[20200630 16:33:32 INFO /Volumes/data/work/1duo-coremltools/coremltools/converters/mil/mil/builder.py:181] Adding op '20' of type conv
[20200630 16:33:32 DEBUG /Volumes/data/work/1duo-coremltools/coremltools/converters/mil/mil/builder.py:93] Adding const op '20_pad_type_141'
[20200630 16:33:32 INFO /Volumes/data/work/1duo-coremltools/coremltools/converters/mil/mil/builder.py:181] Adding op '20_pad_type_141' of type const
[20200630 16:33:32 DEBUG /Volumes/data/work/1duo-coremltools/coremltools/converters/mil/mil/builder.py:93] Adding const op '20_pad_141'
[20200630 16:33:32 INFO /Volumes/data/work/1duo-coremltools/coremltools/converters/mil/mil/builder.py:181] Adding op '20_pad_141' of type const
[20200630 16:33:32 DEBUG /Volumes/data/work/1duo-coremltools/coremltools/converters/mil/mil/passes/common_pass.py:30] Program before common passes:
main(%input: (1, 1, 6, 5, fp32)) {
  block160() {
    %1: (1, 1, 3, 3, fp32)* = const(val=[[[[-0.1531551331281662, -0.18266069889068604, 0.19213512539863586], [-0.15781235694885254, -0.30654487013816833, 0.2978734076023102], [-0.043197065591812134, -0.10930272936820984, -0.09205476939678192]]]], name="1")
    %2: (1,fp32)* = const(val=[0.06311580538749695], name="2")
    %21: (2,i32)* = const(val=[3, 3], name="21")
    %22: (2,i32)* = const(val=[1, 1], name="22")
    %23: (2,i32)* = const(val=[3, 3], name="23")
    %12: (bool)* = const(val=False, name="12")
    %24: (2,i32)* = const(val=[0, 0], name="24")
    %16: (i32)* = const(val=1, name="16")
    %17: (bool)* = const(val=False, name="17")
    %18: (bool)* = const(val=False, name="18")
    %19: (bool)* = const(val=True, name="19")
    %20_pad_type_141: (str)* = const(val="custom", name="20_pad_type_141")
    %20_pad_141: (4,i32)* = const(val=[1, 1, 1, 1], name="20_pad_141")
    %20: (1, 1, 1, 1, fp32) = conv(x=%input, weight=%1, bias=%2, strides=%21, pad_type=%20_pad_type_141, pad=%20_pad_141, dilations=%23, groups=%16, name="20")
  } -> (%20)
}

[20200630 16:33:32 INFO /Volumes/data/work/1duo-coremltools/coremltools/converters/mil/mil/passes/common_pass.py:34] Performing pass: "common::const_elimination"
[20200630 16:33:32 INFO /Volumes/data/work/1duo-coremltools/coremltools/converters/mil/mil/passes/common_pass.py:34] Performing pass: "common::divide_to_multiply"
[20200630 16:33:32 INFO /Volumes/data/work/1duo-coremltools/coremltools/converters/mil/mil/passes/common_pass.py:34] Performing pass: "common::fuse_matmul_weight_bias"
[20200630 16:33:32 INFO /Volumes/data/work/1duo-coremltools/coremltools/converters/mil/mil/passes/common_pass.py:34] Performing pass: "common::const_elimination"
[20200630 16:33:32 INFO /Volumes/data/work/1duo-coremltools/coremltools/converters/mil/mil/passes/common_pass.py:34] Performing pass: "common::loop_invariant_elimination"
[20200630 16:33:32 INFO /Volumes/data/work/1duo-coremltools/coremltools/converters/mil/mil/passes/common_pass.py:34] Performing pass: "common::remove_symbolic_reshape"
[20200630 16:33:32 INFO /Volumes/data/work/1duo-coremltools/coremltools/converters/mil/mil/passes/remove_symbolic_reshape.py:104] remove_symbolic_reshape: changed 0 reshapes.
[20200630 16:33:32 INFO /Volumes/data/work/1duo-coremltools/coremltools/converters/mil/mil/passes/common_pass.py:34] Performing pass: "common::fuse_gelu_tanh_approximation"
[20200630 16:33:32 INFO /Volumes/data/work/1duo-coremltools/coremltools/converters/mil/mil/passes/common_pass.py:34] Performing pass: "common::reduce_transposes"
[20200630 16:33:32 DEBUG /Volumes/data/work/1duo-coremltools/coremltools/converters/mil/mil/passes/reduce_transposes.py:989] Block before optimize transpose transform:
function(%input: (1, 1, 6, 5, fp32)) {
  block160() {
    %1: (1, 1, 3, 3, fp32)* = const(val=[[[[-0.1531551331281662, -0.18266069889068604, 0.19213512539863586], [-0.15781235694885254, -0.30654487013816833, 0.2978734076023102], [-0.043197065591812134, -0.10930272936820984, -0.09205476939678192]]]], name="1")
    %2: (1,fp32)* = const(val=[0.06311580538749695], name="2")
    %21: (2,i32)* = const(val=[3, 3], name="21")
    %22: (2,i32)* = const(val=[1, 1], name="22")
    %23: (2,i32)* = const(val=[3, 3], name="23")
    %12: (bool)* = const(val=False, name="12")
    %24: (2,i32)* = const(val=[0, 0], name="24")
    %16: (i32)* = const(val=1, name="16")
    %17: (bool)* = const(val=False, name="17")
    %18: (bool)* = const(val=False, name="18")
    %19: (bool)* = const(val=True, name="19")
    %20_pad_type_141: (str)* = const(val="custom", name="20_pad_type_141")
    %20_pad_141: (4,i32)* = const(val=[1, 1, 1, 1], name="20_pad_141")
    %20: (1, 1, 1, 1, fp32) = conv(x=%input, weight=%1, bias=%2, strides=%21, pad_type=%20_pad_type_141, pad=%20_pad_141, dilations=%23, groups=%16, name="20")
  } -> (%20)
}

[20200630 16:33:32 DEBUG /Volumes/data/work/1duo-coremltools/coremltools/converters/mil/mil/passes/reduce_transposes.py:1024] Block after optimize transpose transform:
function(%input: (1, 1, 6, 5, fp32)) {
  block160() {
    %1: (1, 1, 3, 3, fp32)* = const(val=[[[[-0.1531551331281662, -0.18266069889068604, 0.19213512539863586], [-0.15781235694885254, -0.30654487013816833, 0.2978734076023102], [-0.043197065591812134, -0.10930272936820984, -0.09205476939678192]]]], name="1")
    %2: (1,fp32)* = const(val=[0.06311580538749695], name="2")
    %21: (2,i32)* = const(val=[3, 3], name="21")
    %22: (2,i32)* = const(val=[1, 1], name="22")
    %23: (2,i32)* = const(val=[3, 3], name="23")
    %12: (bool)* = const(val=False, name="12")
    %24: (2,i32)* = const(val=[0, 0], name="24")
    %16: (i32)* = const(val=1, name="16")
    %17: (bool)* = const(val=False, name="17")
    %18: (bool)* = const(val=False, name="18")
    %19: (bool)* = const(val=True, name="19")
    %20_pad_type_141: (str)* = const(val="custom", name="20_pad_type_141")
    %20_pad_141: (4,i32)* = const(val=[1, 1, 1, 1], name="20_pad_141")
    %20: (1, 1, 1, 1, fp32) = conv(x=%input, weight=%1, bias=%2, strides=%21, pad_type=%20_pad_type_141, pad=%20_pad_141, dilations=%23, groups=%16, name="20")
  } -> (%20)
}

[20200630 16:33:32 INFO /Volumes/data/work/1duo-coremltools/coremltools/converters/mil/mil/passes/common_pass.py:34] Performing pass: "common::fuse_bias_conv"
[20200630 16:33:32 INFO /Volumes/data/work/1duo-coremltools/coremltools/converters/mil/mil/passes/common_pass.py:34] Performing pass: "common::fuse_elementwise_to_batchnorm"
[20200630 16:33:32 INFO /Volumes/data/work/1duo-coremltools/coremltools/converters/mil/mil/passes/common_pass.py:34] Performing pass: "common::fuse_onehot_matmul_to_gather"
[20200630 16:33:32 INFO /Volumes/data/work/1duo-coremltools/coremltools/converters/mil/mil/passes/common_pass.py:34] Performing pass: "common::fuse_layernorm_or_instancenorm"
[20200630 16:33:32 INFO /Volumes/data/work/1duo-coremltools/coremltools/converters/mil/mil/passes/common_pass.py:34] Performing pass: "common::dead_code_elimination"
[20200630 16:33:32 INFO /Volumes/data/work/1duo-coremltools/coremltools/converters/mil/mil/passes/dead_code_elimination.py:35] Removing op "19" (type: const)
[20200630 16:33:32 INFO /Volumes/data/work/1duo-coremltools/coremltools/converters/mil/mil/passes/dead_code_elimination.py:35] Removing op "18" (type: const)
[20200630 16:33:32 INFO /Volumes/data/work/1duo-coremltools/coremltools/converters/mil/mil/passes/dead_code_elimination.py:35] Removing op "17" (type: const)
[20200630 16:33:32 INFO /Volumes/data/work/1duo-coremltools/coremltools/converters/mil/mil/passes/dead_code_elimination.py:35] Removing op "24" (type: const)
[20200630 16:33:32 INFO /Volumes/data/work/1duo-coremltools/coremltools/converters/mil/mil/passes/dead_code_elimination.py:35] Removing op "12" (type: const)
[20200630 16:33:32 INFO /Volumes/data/work/1duo-coremltools/coremltools/converters/mil/mil/passes/dead_code_elimination.py:35] Removing op "22" (type: const)
[20200630 16:33:32 DEBUG /Volumes/data/work/1duo-coremltools/coremltools/converters/mil/mil/passes/common_pass.py:38] Program after common passes:
main(%input: (1, 1, 6, 5, fp32)) {
  block160() {
    %1: (1, 1, 3, 3, fp32)* = const(val=[[[[-0.1531551331281662, -0.18266069889068604, 0.19213512539863586], [-0.15781235694885254, -0.30654487013816833, 0.2978734076023102], [-0.043197065591812134, -0.10930272936820984, -0.09205476939678192]]]], name="1")
    %2: (1,fp32)* = const(val=[0.06311580538749695], name="2")
    %21: (2,i32)* = const(val=[3, 3], name="21")
    %23: (2,i32)* = const(val=[3, 3], name="23")
    %16: (i32)* = const(val=1, name="16")
    %20_pad_type_141: (str)* = const(val="custom", name="20_pad_type_141")
    %20_pad_141: (4,i32)* = const(val=[1, 1, 1, 1], name="20_pad_141")
    %20: (1, 1, 1, 1, fp32) = conv(x=%input, weight=%1, bias=%2, strides=%21, pad_type=%20_pad_type_141, pad=%20_pad_141, dilations=%23, groups=%16, name="20")
  } -> (%20)
}

[20200630 16:33:32 INFO /Volumes/data/work/1duo-coremltools/coremltools/converters/mil/backend/nn/passes/nn_passes.py:22] Performing passes for nn_backend: "nn_backend::commingle_loop_vars"
[20200630 16:33:32 INFO /Volumes/data/work/1duo-coremltools/coremltools/converters/mil/backend/nn/passes/nn_passes.py:22] Performing passes for nn_backend: "nn_backend::handle_return_inputs_as_outputs"
[20200630 16:33:32 INFO /Volumes/data/work/1duo-coremltools/coremltools/converters/mil/backend/nn/passes/nn_passes.py:22] Performing passes for nn_backend: "common::const_elimination"
[20200630 16:33:32 INFO /Volumes/data/work/1duo-coremltools/coremltools/converters/mil/backend/nn/passes/nn_passes.py:22] Performing passes for nn_backend: "common::dead_code_elimination"
[20200630 16:33:32 INFO /Volumes/data/work/1duo-coremltools/coremltools/converters/mil/backend/nn/passes/nn_passes.py:22] Performing passes for nn_backend: "nn_backend::handle_unused_inputs"
[20200630 16:33:32 INFO /Volumes/data/work/1duo-coremltools/coremltools/converters/mil/backend/nn/passes/nn_passes.py:22] Performing passes for nn_backend: "nn_backend::alert_return_type_cast"
[20200630 16:33:32 DEBUG /Volumes/data/work/1duo-coremltools/coremltools/converters/mil/backend/nn/passes/nn_passes.py:26] Program after nn backend passes:
main(%input: (1, 1, 6, 5, fp32)) {
  block160() {
    %1: (1, 1, 3, 3, fp32)* = const(val=[[[[-0.1531551331281662, -0.18266069889068604, 0.19213512539863586], [-0.15781235694885254, -0.30654487013816833, 0.2978734076023102], [-0.043197065591812134, -0.10930272936820984, -0.09205476939678192]]]], name="1")
    %2: (1,fp32)* = const(val=[0.06311580538749695], name="2")
    %21: (2,i32)* = const(val=[3, 3], name="21")
    %23: (2,i32)* = const(val=[3, 3], name="23")
    %16: (i32)* = const(val=1, name="16")
    %20_pad_type_141: (str)* = const(val="custom", name="20_pad_type_141")
    %20_pad_141: (4,i32)* = const(val=[1, 1, 1, 1], name="20_pad_141")
    %20: (1, 1, 1, 1, fp32) = conv(x=%input, weight=%1, bias=%2, strides=%21, pad_type=%20_pad_type_141, pad=%20_pad_141, dilations=%23, groups=%16, name="20")
  } -> (%20)
}

[20200630 16:33:32 INFO /Volumes/data/work/1duo-coremltools/coremltools/converters/mil/frontend/torch/converter.py:269] Converting graph.
[20200630 16:33:32 INFO /Volumes/data/work/1duo-coremltools/coremltools/converters/mil/mil/builder.py:181] Adding op '1' of type const
[20200630 16:33:32 INFO /Volumes/data/work/1duo-coremltools/coremltools/converters/mil/mil/builder.py:181] Adding op '2' of type const
[20200630 16:33:32 INFO /Volumes/data/work/1duo-coremltools/coremltools/converters/mil/frontend/torch/ops.py:49] Converting op 21 : constant
[20200630 16:33:32 INFO /Volumes/data/work/1duo-coremltools/coremltools/converters/mil/mil/builder.py:181] Adding op '21' of type const
[20200630 16:33:32 INFO /Volumes/data/work/1duo-coremltools/coremltools/converters/mil/frontend/torch/ops.py:49] Converting op 22 : constant
[20200630 16:33:32 INFO /Volumes/data/work/1duo-coremltools/coremltools/converters/mil/mil/builder.py:181] Adding op '22' of type const
[20200630 16:33:32 INFO /Volumes/data/work/1duo-coremltools/coremltools/converters/mil/frontend/torch/ops.py:49] Converting op 23 : constant
[20200630 16:33:32 INFO /Volumes/data/work/1duo-coremltools/coremltools/converters/mil/mil/builder.py:181] Adding op '23' of type const
[20200630 16:33:32 INFO /Volumes/data/work/1duo-coremltools/coremltools/converters/mil/frontend/torch/ops.py:49] Converting op 12 : constant
[20200630 16:33:32 INFO /Volumes/data/work/1duo-coremltools/coremltools/converters/mil/mil/builder.py:181] Adding op '12' of type const
[20200630 16:33:32 INFO /Volumes/data/work/1duo-coremltools/coremltools/converters/mil/frontend/torch/ops.py:49] Converting op 24 : constant
[20200630 16:33:32 INFO /Volumes/data/work/1duo-coremltools/coremltools/converters/mil/mil/builder.py:181] Adding op '24' of type const
[20200630 16:33:32 INFO /Volumes/data/work/1duo-coremltools/coremltools/converters/mil/frontend/torch/ops.py:49] Converting op 16 : constant
[20200630 16:33:32 INFO /Volumes/data/work/1duo-coremltools/coremltools/converters/mil/mil/builder.py:181] Adding op '16' of type const
[20200630 16:33:32 INFO /Volumes/data/work/1duo-coremltools/coremltools/converters/mil/frontend/torch/ops.py:49] Converting op 17 : constant
[20200630 16:33:32 INFO /Volumes/data/work/1duo-coremltools/coremltools/converters/mil/mil/builder.py:181] Adding op '17' of type const
[20200630 16:33:32 INFO /Volumes/data/work/1duo-coremltools/coremltools/converters/mil/frontend/torch/ops.py:49] Converting op 18 : constant
[20200630 16:33:32 INFO /Volumes/data/work/1duo-coremltools/coremltools/converters/mil/mil/builder.py:181] Adding op '18' of type const
[20200630 16:33:32 INFO /Volumes/data/work/1duo-coremltools/coremltools/converters/mil/frontend/torch/ops.py:49] Converting op 19 : constant
[20200630 16:33:32 INFO /Volumes/data/work/1duo-coremltools/coremltools/converters/mil/mil/builder.py:181] Adding op '19' of type const
[20200630 16:33:32 INFO /Volumes/data/work/1duo-coremltools/coremltools/converters/mil/frontend/torch/ops.py:49] Converting op 20 : _convolution
[20200630 16:33:32 INFO /Volumes/data/work/1duo-coremltools/coremltools/converters/mil/mil/builder.py:181] Adding op '20' of type conv
[20200630 16:33:32 DEBUG /Volumes/data/work/1duo-coremltools/coremltools/converters/mil/mil/builder.py:93] Adding const op '20_pad_type_142'
[20200630 16:33:32 INFO /Volumes/data/work/1duo-coremltools/coremltools/converters/mil/mil/builder.py:181] Adding op '20_pad_type_142' of type const
[20200630 16:33:32 DEBUG /Volumes/data/work/1duo-coremltools/coremltools/converters/mil/mil/builder.py:93] Adding const op '20_pad_142'
[20200630 16:33:32 INFO /Volumes/data/work/1duo-coremltools/coremltools/converters/mil/mil/builder.py:181] Adding op '20_pad_142' of type const
[20200630 16:33:32 DEBUG /Volumes/data/work/1duo-coremltools/coremltools/converters/mil/mil/passes/common_pass.py:30] Program before common passes:
main(%input: (1, 1, 6, 5, fp32)) {
  block161() {
    %1: (1, 1, 3, 3, fp32)* = const(val=[[[[-0.04701194167137146, -0.22752833366394043, -0.15053054690361023], [-0.30623477697372437, -0.13743817806243896, 0.2618389427661896], [-0.30993854999542236, -0.2792123556137085, 0.19914314150810242]]]], name="1")
    %2: (1,fp32)* = const(val=[-0.15210489928722382], name="2")
    %21: (2,i32)* = const(val=[3, 3], name="21")
    %22: (2,i32)* = const(val=[3, 3], name="22")
    %23: (2,i32)* = const(val=[1, 1], name="23")
    %12: (bool)* = const(val=False, name="12")
    %24: (2,i32)* = const(val=[0, 0], name="24")
    %16: (i32)* = const(val=1, name="16")
    %17: (bool)* = const(val=False, name="17")
    %18: (bool)* = const(val=False, name="18")
    %19: (bool)* = const(val=True, name="19")
    %20_pad_type_142: (str)* = const(val="custom", name="20_pad_type_142")
    %20_pad_142: (4,i32)* = const(val=[3, 3, 3, 3], name="20_pad_142")
    %20: (1, 1, 4, 3, fp32) = conv(x=%input, weight=%1, bias=%2, strides=%21, pad_type=%20_pad_type_142, pad=%20_pad_142, dilations=%23, groups=%16, name="20")
  } -> (%20)
}

[20200630 16:33:32 INFO /Volumes/data/work/1duo-coremltools/coremltools/converters/mil/mil/passes/common_pass.py:34] Performing pass: "common::const_elimination"
[20200630 16:33:32 INFO /Volumes/data/work/1duo-coremltools/coremltools/converters/mil/mil/passes/common_pass.py:34] Performing pass: "common::divide_to_multiply"
[20200630 16:33:32 INFO /Volumes/data/work/1duo-coremltools/coremltools/converters/mil/mil/passes/common_pass.py:34] Performing pass: "common::fuse_matmul_weight_bias"
[20200630 16:33:32 INFO /Volumes/data/work/1duo-coremltools/coremltools/converters/mil/mil/passes/common_pass.py:34] Performing pass: "common::const_elimination"
[20200630 16:33:32 INFO /Volumes/data/work/1duo-coremltools/coremltools/converters/mil/mil/passes/common_pass.py:34] Performing pass: "common::loop_invariant_elimination"
[20200630 16:33:32 INFO /Volumes/data/work/1duo-coremltools/coremltools/converters/mil/mil/passes/common_pass.py:34] Performing pass: "common::remove_symbolic_reshape"
[20200630 16:33:32 INFO /Volumes/data/work/1duo-coremltools/coremltools/converters/mil/mil/passes/remove_symbolic_reshape.py:104] remove_symbolic_reshape: changed 0 reshapes.
[20200630 16:33:32 INFO /Volumes/data/work/1duo-coremltools/coremltools/converters/mil/mil/passes/common_pass.py:34] Performing pass: "common::fuse_gelu_tanh_approximation"
[20200630 16:33:32 INFO /Volumes/data/work/1duo-coremltools/coremltools/converters/mil/mil/passes/common_pass.py:34] Performing pass: "common::reduce_transposes"
[20200630 16:33:32 DEBUG /Volumes/data/work/1duo-coremltools/coremltools/converters/mil/mil/passes/reduce_transposes.py:989] Block before optimize transpose transform:
function(%input: (1, 1, 6, 5, fp32)) {
  block161() {
    %1: (1, 1, 3, 3, fp32)* = const(val=[[[[-0.04701194167137146, -0.22752833366394043, -0.15053054690361023], [-0.30623477697372437, -0.13743817806243896, 0.2618389427661896], [-0.30993854999542236, -0.2792123556137085, 0.19914314150810242]]]], name="1")
    %2: (1,fp32)* = const(val=[-0.15210489928722382], name="2")
    %21: (2,i32)* = const(val=[3, 3], name="21")
    %22: (2,i32)* = const(val=[3, 3], name="22")
    %23: (2,i32)* = const(val=[1, 1], name="23")
    %12: (bool)* = const(val=False, name="12")
    %24: (2,i32)* = const(val=[0, 0], name="24")
    %16: (i32)* = const(val=1, name="16")
    %17: (bool)* = const(val=False, name="17")
    %18: (bool)* = const(val=False, name="18")
    %19: (bool)* = const(val=True, name="19")
    %20_pad_type_142: (str)* = const(val="custom", name="20_pad_type_142")
    %20_pad_142: (4,i32)* = const(val=[3, 3, 3, 3], name="20_pad_142")
    %20: (1, 1, 4, 3, fp32) = conv(x=%input, weight=%1, bias=%2, strides=%21, pad_type=%20_pad_type_142, pad=%20_pad_142, dilations=%23, groups=%16, name="20")
  } -> (%20)
}

[20200630 16:33:32 DEBUG /Volumes/data/work/1duo-coremltools/coremltools/converters/mil/mil/passes/reduce_transposes.py:1024] Block after optimize transpose transform:
function(%input: (1, 1, 6, 5, fp32)) {
  block161() {
    %1: (1, 1, 3, 3, fp32)* = const(val=[[[[-0.04701194167137146, -0.22752833366394043, -0.15053054690361023], [-0.30623477697372437, -0.13743817806243896, 0.2618389427661896], [-0.30993854999542236, -0.2792123556137085, 0.19914314150810242]]]], name="1")
    %2: (1,fp32)* = const(val=[-0.15210489928722382], name="2")
    %21: (2,i32)* = const(val=[3, 3], name="21")
    %22: (2,i32)* = const(val=[3, 3], name="22")
    %23: (2,i32)* = const(val=[1, 1], name="23")
    %12: (bool)* = const(val=False, name="12")
    %24: (2,i32)* = const(val=[0, 0], name="24")
    %16: (i32)* = const(val=1, name="16")
    %17: (bool)* = const(val=False, name="17")
    %18: (bool)* = const(val=False, name="18")
    %19: (bool)* = const(val=True, name="19")
    %20_pad_type_142: (str)* = const(val="custom", name="20_pad_type_142")
    %20_pad_142: (4,i32)* = const(val=[3, 3, 3, 3], name="20_pad_142")
    %20: (1, 1, 4, 3, fp32) = conv(x=%input, weight=%1, bias=%2, strides=%21, pad_type=%20_pad_type_142, pad=%20_pad_142, dilations=%23, groups=%16, name="20")
  } -> (%20)
}

[20200630 16:33:32 INFO /Volumes/data/work/1duo-coremltools/coremltools/converters/mil/mil/passes/common_pass.py:34] Performing pass: "common::fuse_bias_conv"
[20200630 16:33:32 INFO /Volumes/data/work/1duo-coremltools/coremltools/converters/mil/mil/passes/common_pass.py:34] Performing pass: "common::fuse_elementwise_to_batchnorm"
[20200630 16:33:32 INFO /Volumes/data/work/1duo-coremltools/coremltools/converters/mil/mil/passes/common_pass.py:34] Performing pass: "common::fuse_onehot_matmul_to_gather"
[20200630 16:33:32 INFO /Volumes/data/work/1duo-coremltools/coremltools/converters/mil/mil/passes/common_pass.py:34] Performing pass: "common::fuse_layernorm_or_instancenorm"
[20200630 16:33:32 INFO /Volumes/data/work/1duo-coremltools/coremltools/converters/mil/mil/passes/common_pass.py:34] Performing pass: "common::dead_code_elimination"
[20200630 16:33:32 INFO /Volumes/data/work/1duo-coremltools/coremltools/converters/mil/mil/passes/dead_code_elimination.py:35] Removing op "19" (type: const)
[20200630 16:33:32 INFO /Volumes/data/work/1duo-coremltools/coremltools/converters/mil/mil/passes/dead_code_elimination.py:35] Removing op "18" (type: const)
[20200630 16:33:32 INFO /Volumes/data/work/1duo-coremltools/coremltools/converters/mil/mil/passes/dead_code_elimination.py:35] Removing op "17" (type: const)
[20200630 16:33:32 INFO /Volumes/data/work/1duo-coremltools/coremltools/converters/mil/mil/passes/dead_code_elimination.py:35] Removing op "24" (type: const)
[20200630 16:33:32 INFO /Volumes/data/work/1duo-coremltools/coremltools/converters/mil/mil/passes/dead_code_elimination.py:35] Removing op "12" (type: const)
[20200630 16:33:32 INFO /Volumes/data/work/1duo-coremltools/coremltools/converters/mil/mil/passes/dead_code_elimination.py:35] Removing op "22" (type: const)
[20200630 16:33:32 DEBUG /Volumes/data/work/1duo-coremltools/coremltools/converters/mil/mil/passes/common_pass.py:38] Program after common passes:
main(%input: (1, 1, 6, 5, fp32)) {
  block161() {
    %1: (1, 1, 3, 3, fp32)* = const(val=[[[[-0.04701194167137146, -0.22752833366394043, -0.15053054690361023], [-0.30623477697372437, -0.13743817806243896, 0.2618389427661896], [-0.30993854999542236, -0.2792123556137085, 0.19914314150810242]]]], name="1")
    %2: (1,fp32)* = const(val=[-0.15210489928722382], name="2")
    %21: (2,i32)* = const(val=[3, 3], name="21")
    %23: (2,i32)* = const(val=[1, 1], name="23")
    %16: (i32)* = const(val=1, name="16")
    %20_pad_type_142: (str)* = const(val="custom", name="20_pad_type_142")
    %20_pad_142: (4,i32)* = const(val=[3, 3, 3, 3], name="20_pad_142")
    %20: (1, 1, 4, 3, fp32) = conv(x=%input, weight=%1, bias=%2, strides=%21, pad_type=%20_pad_type_142, pad=%20_pad_142, dilations=%23, groups=%16, name="20")
  } -> (%20)
}

[20200630 16:33:32 INFO /Volumes/data/work/1duo-coremltools/coremltools/converters/mil/backend/nn/passes/nn_passes.py:22] Performing passes for nn_backend: "nn_backend::commingle_loop_vars"
[20200630 16:33:32 INFO /Volumes/data/work/1duo-coremltools/coremltools/converters/mil/backend/nn/passes/nn_passes.py:22] Performing passes for nn_backend: "nn_backend::handle_return_inputs_as_outputs"
[20200630 16:33:32 INFO /Volumes/data/work/1duo-coremltools/coremltools/converters/mil/backend/nn/passes/nn_passes.py:22] Performing passes for nn_backend: "common::const_elimination"
[20200630 16:33:32 INFO /Volumes/data/work/1duo-coremltools/coremltools/converters/mil/backend/nn/passes/nn_passes.py:22] Performing passes for nn_backend: "common::dead_code_elimination"
[20200630 16:33:32 INFO /Volumes/data/work/1duo-coremltools/coremltools/converters/mil/backend/nn/passes/nn_passes.py:22] Performing passes for nn_backend: "nn_backend::handle_unused_inputs"
[20200630 16:33:32 INFO /Volumes/data/work/1duo-coremltools/coremltools/converters/mil/backend/nn/passes/nn_passes.py:22] Performing passes for nn_backend: "nn_backend::alert_return_type_cast"
[20200630 16:33:32 DEBUG /Volumes/data/work/1duo-coremltools/coremltools/converters/mil/backend/nn/passes/nn_passes.py:26] Program after nn backend passes:
main(%input: (1, 1, 6, 5, fp32)) {
  block161() {
    %1: (1, 1, 3, 3, fp32)* = const(val=[[[[-0.04701194167137146, -0.22752833366394043, -0.15053054690361023], [-0.30623477697372437, -0.13743817806243896, 0.2618389427661896], [-0.30993854999542236, -0.2792123556137085, 0.19914314150810242]]]], name="1")
    %2: (1,fp32)* = const(val=[-0.15210489928722382], name="2")
    %21: (2,i32)* = const(val=[3, 3], name="21")
    %23: (2,i32)* = const(val=[1, 1], name="23")
    %16: (i32)* = const(val=1, name="16")
    %20_pad_type_142: (str)* = const(val="custom", name="20_pad_type_142")
    %20_pad_142: (4,i32)* = const(val=[3, 3, 3, 3], name="20_pad_142")
    %20: (1, 1, 4, 3, fp32) = conv(x=%input, weight=%1, bias=%2, strides=%21, pad_type=%20_pad_type_142, pad=%20_pad_142, dilations=%23, groups=%16, name="20")
  } -> (%20)
}

[20200630 16:33:32 INFO /Volumes/data/work/1duo-coremltools/coremltools/converters/mil/frontend/torch/converter.py:269] Converting graph.
[20200630 16:33:32 INFO /Volumes/data/work/1duo-coremltools/coremltools/converters/mil/mil/builder.py:181] Adding op '1' of type const
[20200630 16:33:32 INFO /Volumes/data/work/1duo-coremltools/coremltools/converters/mil/mil/builder.py:181] Adding op '2' of type const
[20200630 16:33:32 INFO /Volumes/data/work/1duo-coremltools/coremltools/converters/mil/frontend/torch/ops.py:49] Converting op 21 : constant
[20200630 16:33:32 INFO /Volumes/data/work/1duo-coremltools/coremltools/converters/mil/mil/builder.py:181] Adding op '21' of type const
[20200630 16:33:32 INFO /Volumes/data/work/1duo-coremltools/coremltools/converters/mil/frontend/torch/ops.py:49] Converting op 22 : constant
[20200630 16:33:32 INFO /Volumes/data/work/1duo-coremltools/coremltools/converters/mil/mil/builder.py:181] Adding op '22' of type const
[20200630 16:33:32 INFO /Volumes/data/work/1duo-coremltools/coremltools/converters/mil/frontend/torch/ops.py:49] Converting op 23 : constant
[20200630 16:33:32 INFO /Volumes/data/work/1duo-coremltools/coremltools/converters/mil/mil/builder.py:181] Adding op '23' of type const
[20200630 16:33:32 INFO /Volumes/data/work/1duo-coremltools/coremltools/converters/mil/frontend/torch/ops.py:49] Converting op 12 : constant
[20200630 16:33:32 INFO /Volumes/data/work/1duo-coremltools/coremltools/converters/mil/mil/builder.py:181] Adding op '12' of type const
[20200630 16:33:32 INFO /Volumes/data/work/1duo-coremltools/coremltools/converters/mil/frontend/torch/ops.py:49] Converting op 24 : constant
[20200630 16:33:32 INFO /Volumes/data/work/1duo-coremltools/coremltools/converters/mil/mil/builder.py:181] Adding op '24' of type const
[20200630 16:33:32 INFO /Volumes/data/work/1duo-coremltools/coremltools/converters/mil/frontend/torch/ops.py:49] Converting op 16 : constant
[20200630 16:33:32 INFO /Volumes/data/work/1duo-coremltools/coremltools/converters/mil/mil/builder.py:181] Adding op '16' of type const
[20200630 16:33:32 INFO /Volumes/data/work/1duo-coremltools/coremltools/converters/mil/frontend/torch/ops.py:49] Converting op 17 : constant
[20200630 16:33:32 INFO /Volumes/data/work/1duo-coremltools/coremltools/converters/mil/mil/builder.py:181] Adding op '17' of type const
[20200630 16:33:32 INFO /Volumes/data/work/1duo-coremltools/coremltools/converters/mil/frontend/torch/ops.py:49] Converting op 18 : constant
[20200630 16:33:32 INFO /Volumes/data/work/1duo-coremltools/coremltools/converters/mil/mil/builder.py:181] Adding op '18' of type const
[20200630 16:33:32 INFO /Volumes/data/work/1duo-coremltools/coremltools/converters/mil/frontend/torch/ops.py:49] Converting op 19 : constant
[20200630 16:33:32 INFO /Volumes/data/work/1duo-coremltools/coremltools/converters/mil/mil/builder.py:181] Adding op '19' of type const
[20200630 16:33:32 INFO /Volumes/data/work/1duo-coremltools/coremltools/converters/mil/frontend/torch/ops.py:49] Converting op 20 : _convolution
[20200630 16:33:32 INFO /Volumes/data/work/1duo-coremltools/coremltools/converters/mil/mil/builder.py:181] Adding op '20' of type conv
[20200630 16:33:32 DEBUG /Volumes/data/work/1duo-coremltools/coremltools/converters/mil/mil/builder.py:93] Adding const op '20_pad_type_143'
[20200630 16:33:32 INFO /Volumes/data/work/1duo-coremltools/coremltools/converters/mil/mil/builder.py:181] Adding op '20_pad_type_143' of type const
[20200630 16:33:32 DEBUG /Volumes/data/work/1duo-coremltools/coremltools/converters/mil/mil/builder.py:93] Adding const op '20_pad_143'
[20200630 16:33:32 INFO /Volumes/data/work/1duo-coremltools/coremltools/converters/mil/mil/builder.py:181] Adding op '20_pad_143' of type const
[20200630 16:33:32 DEBUG /Volumes/data/work/1duo-coremltools/coremltools/converters/mil/mil/passes/common_pass.py:30] Program before common passes:
main(%input: (1, 1, 6, 5, fp32)) {
  block162() {
    %1: (1, 1, 3, 3, fp32)* = const(val=[[[[-0.09158985316753387, -0.14376255869865417, -0.24109463393688202], [-0.056552886962890625, -0.16597239673137665, 0.06980141997337341], [-0.20258288085460663, -0.08619146049022675, -0.2824752926826477]]]], name="1")
    %2: (1,fp32)* = const(val=[-0.017763137817382812], name="2")
    %21: (2,i32)* = const(val=[3, 3], name="21")
    %22: (2,i32)* = const(val=[3, 3], name="22")
    %23: (2,i32)* = const(val=[3, 3], name="23")
    %12: (bool)* = const(val=False, name="12")
    %24: (2,i32)* = const(val=[0, 0], name="24")
    %16: (i32)* = const(val=1, name="16")
    %17: (bool)* = const(val=False, name="17")
    %18: (bool)* = const(val=False, name="18")
    %19: (bool)* = const(val=True, name="19")
    %20_pad_type_143: (str)* = const(val="custom", name="20_pad_type_143")
    %20_pad_143: (4,i32)* = const(val=[3, 3, 3, 3], name="20_pad_143")
    %20: (1, 1, 2, 2, fp32) = conv(x=%input, weight=%1, bias=%2, strides=%21, pad_type=%20_pad_type_143, pad=%20_pad_143, dilations=%23, groups=%16, name="20")
  } -> (%20)
}

[20200630 16:33:32 INFO /Volumes/data/work/1duo-coremltools/coremltools/converters/mil/mil/passes/common_pass.py:34] Performing pass: "common::const_elimination"
[20200630 16:33:32 INFO /Volumes/data/work/1duo-coremltools/coremltools/converters/mil/mil/passes/common_pass.py:34] Performing pass: "common::divide_to_multiply"
[20200630 16:33:32 INFO /Volumes/data/work/1duo-coremltools/coremltools/converters/mil/mil/passes/common_pass.py:34] Performing pass: "common::fuse_matmul_weight_bias"
[20200630 16:33:32 INFO /Volumes/data/work/1duo-coremltools/coremltools/converters/mil/mil/passes/common_pass.py:34] Performing pass: "common::const_elimination"
[20200630 16:33:32 INFO /Volumes/data/work/1duo-coremltools/coremltools/converters/mil/mil/passes/common_pass.py:34] Performing pass: "common::loop_invariant_elimination"
[20200630 16:33:32 INFO /Volumes/data/work/1duo-coremltools/coremltools/converters/mil/mil/passes/common_pass.py:34] Performing pass: "common::remove_symbolic_reshape"
[20200630 16:33:32 INFO /Volumes/data/work/1duo-coremltools/coremltools/converters/mil/mil/passes/remove_symbolic_reshape.py:104] remove_symbolic_reshape: changed 0 reshapes.
[20200630 16:33:32 INFO /Volumes/data/work/1duo-coremltools/coremltools/converters/mil/mil/passes/common_pass.py:34] Performing pass: "common::fuse_gelu_tanh_approximation"
[20200630 16:33:32 INFO /Volumes/data/work/1duo-coremltools/coremltools/converters/mil/mil/passes/common_pass.py:34] Performing pass: "common::reduce_transposes"
[20200630 16:33:32 DEBUG /Volumes/data/work/1duo-coremltools/coremltools/converters/mil/mil/passes/reduce_transposes.py:989] Block before optimize transpose transform:
function(%input: (1, 1, 6, 5, fp32)) {
  block162() {
    %1: (1, 1, 3, 3, fp32)* = const(val=[[[[-0.09158985316753387, -0.14376255869865417, -0.24109463393688202], [-0.056552886962890625, -0.16597239673137665, 0.06980141997337341], [-0.20258288085460663, -0.08619146049022675, -0.2824752926826477]]]], name="1")
    %2: (1,fp32)* = const(val=[-0.017763137817382812], name="2")
    %21: (2,i32)* = const(val=[3, 3], name="21")
    %22: (2,i32)* = const(val=[3, 3], name="22")
    %23: (2,i32)* = const(val=[3, 3], name="23")
    %12: (bool)* = const(val=False, name="12")
    %24: (2,i32)* = const(val=[0, 0], name="24")
    %16: (i32)* = const(val=1, name="16")
    %17: (bool)* = const(val=False, name="17")
    %18: (bool)* = const(val=False, name="18")
    %19: (bool)* = const(val=True, name="19")
    %20_pad_type_143: (str)* = const(val="custom", name="20_pad_type_143")
    %20_pad_143: (4,i32)* = const(val=[3, 3, 3, 3], name="20_pad_143")
    %20: (1, 1, 2, 2, fp32) = conv(x=%input, weight=%1, bias=%2, strides=%21, pad_type=%20_pad_type_143, pad=%20_pad_143, dilations=%23, groups=%16, name="20")
  } -> (%20)
}

[20200630 16:33:32 DEBUG /Volumes/data/work/1duo-coremltools/coremltools/converters/mil/mil/passes/reduce_transposes.py:1024] Block after optimize transpose transform:
function(%input: (1, 1, 6, 5, fp32)) {
  block162() {
    %1: (1, 1, 3, 3, fp32)* = const(val=[[[[-0.09158985316753387, -0.14376255869865417, -0.24109463393688202], [-0.056552886962890625, -0.16597239673137665, 0.06980141997337341], [-0.20258288085460663, -0.08619146049022675, -0.2824752926826477]]]], name="1")
    %2: (1,fp32)* = const(val=[-0.017763137817382812], name="2")
    %21: (2,i32)* = const(val=[3, 3], name="21")
    %22: (2,i32)* = const(val=[3, 3], name="22")
    %23: (2,i32)* = const(val=[3, 3], name="23")
    %12: (bool)* = const(val=False, name="12")
    %24: (2,i32)* = const(val=[0, 0], name="24")
    %16: (i32)* = const(val=1, name="16")
    %17: (bool)* = const(val=False, name="17")
    %18: (bool)* = const(val=False, name="18")
    %19: (bool)* = const(val=True, name="19")
    %20_pad_type_143: (str)* = const(val="custom", name="20_pad_type_143")
    %20_pad_143: (4,i32)* = const(val=[3, 3, 3, 3], name="20_pad_143")
    %20: (1, 1, 2, 2, fp32) = conv(x=%input, weight=%1, bias=%2, strides=%21, pad_type=%20_pad_type_143, pad=%20_pad_143, dilations=%23, groups=%16, name="20")
  } -> (%20)
}

[20200630 16:33:32 INFO /Volumes/data/work/1duo-coremltools/coremltools/converters/mil/mil/passes/common_pass.py:34] Performing pass: "common::fuse_bias_conv"
[20200630 16:33:32 INFO /Volumes/data/work/1duo-coremltools/coremltools/converters/mil/mil/passes/common_pass.py:34] Performing pass: "common::fuse_elementwise_to_batchnorm"
[20200630 16:33:32 INFO /Volumes/data/work/1duo-coremltools/coremltools/converters/mil/mil/passes/common_pass.py:34] Performing pass: "common::fuse_onehot_matmul_to_gather"
[20200630 16:33:32 INFO /Volumes/data/work/1duo-coremltools/coremltools/converters/mil/mil/passes/common_pass.py:34] Performing pass: "common::fuse_layernorm_or_instancenorm"
[20200630 16:33:32 INFO /Volumes/data/work/1duo-coremltools/coremltools/converters/mil/mil/passes/common_pass.py:34] Performing pass: "common::dead_code_elimination"
[20200630 16:33:32 INFO /Volumes/data/work/1duo-coremltools/coremltools/converters/mil/mil/passes/dead_code_elimination.py:35] Removing op "19" (type: const)
[20200630 16:33:32 INFO /Volumes/data/work/1duo-coremltools/coremltools/converters/mil/mil/passes/dead_code_elimination.py:35] Removing op "18" (type: const)
[20200630 16:33:32 INFO /Volumes/data/work/1duo-coremltools/coremltools/converters/mil/mil/passes/dead_code_elimination.py:35] Removing op "17" (type: const)
[20200630 16:33:32 INFO /Volumes/data/work/1duo-coremltools/coremltools/converters/mil/mil/passes/dead_code_elimination.py:35] Removing op "24" (type: const)
[20200630 16:33:32 INFO /Volumes/data/work/1duo-coremltools/coremltools/converters/mil/mil/passes/dead_code_elimination.py:35] Removing op "12" (type: const)
[20200630 16:33:32 INFO /Volumes/data/work/1duo-coremltools/coremltools/converters/mil/mil/passes/dead_code_elimination.py:35] Removing op "22" (type: const)
[20200630 16:33:32 DEBUG /Volumes/data/work/1duo-coremltools/coremltools/converters/mil/mil/passes/common_pass.py:38] Program after common passes:
main(%input: (1, 1, 6, 5, fp32)) {
  block162() {
    %1: (1, 1, 3, 3, fp32)* = const(val=[[[[-0.09158985316753387, -0.14376255869865417, -0.24109463393688202], [-0.056552886962890625, -0.16597239673137665, 0.06980141997337341], [-0.20258288085460663, -0.08619146049022675, -0.2824752926826477]]]], name="1")
    %2: (1,fp32)* = const(val=[-0.017763137817382812], name="2")
    %21: (2,i32)* = const(val=[3, 3], name="21")
    %23: (2,i32)* = const(val=[3, 3], name="23")
    %16: (i32)* = const(val=1, name="16")
    %20_pad_type_143: (str)* = const(val="custom", name="20_pad_type_143")
    %20_pad_143: (4,i32)* = const(val=[3, 3, 3, 3], name="20_pad_143")
    %20: (1, 1, 2, 2, fp32) = conv(x=%input, weight=%1, bias=%2, strides=%21, pad_type=%20_pad_type_143, pad=%20_pad_143, dilations=%23, groups=%16, name="20")
  } -> (%20)
}

[20200630 16:33:32 INFO /Volumes/data/work/1duo-coremltools/coremltools/converters/mil/backend/nn/passes/nn_passes.py:22] Performing passes for nn_backend: "nn_backend::commingle_loop_vars"
[20200630 16:33:32 INFO /Volumes/data/work/1duo-coremltools/coremltools/converters/mil/backend/nn/passes/nn_passes.py:22] Performing passes for nn_backend: "nn_backend::handle_return_inputs_as_outputs"
[20200630 16:33:32 INFO /Volumes/data/work/1duo-coremltools/coremltools/converters/mil/backend/nn/passes/nn_passes.py:22] Performing passes for nn_backend: "common::const_elimination"
[20200630 16:33:32 INFO /Volumes/data/work/1duo-coremltools/coremltools/converters/mil/backend/nn/passes/nn_passes.py:22] Performing passes for nn_backend: "common::dead_code_elimination"
[20200630 16:33:32 INFO /Volumes/data/work/1duo-coremltools/coremltools/converters/mil/backend/nn/passes/nn_passes.py:22] Performing passes for nn_backend: "nn_backend::handle_unused_inputs"
[20200630 16:33:32 INFO /Volumes/data/work/1duo-coremltools/coremltools/converters/mil/backend/nn/passes/nn_passes.py:22] Performing passes for nn_backend: "nn_backend::alert_return_type_cast"
[20200630 16:33:32 DEBUG /Volumes/data/work/1duo-coremltools/coremltools/converters/mil/backend/nn/passes/nn_passes.py:26] Program after nn backend passes:
main(%input: (1, 1, 6, 5, fp32)) {
  block162() {
    %1: (1, 1, 3, 3, fp32)* = const(val=[[[[-0.09158985316753387, -0.14376255869865417, -0.24109463393688202], [-0.056552886962890625, -0.16597239673137665, 0.06980141997337341], [-0.20258288085460663, -0.08619146049022675, -0.2824752926826477]]]], name="1")
    %2: (1,fp32)* = const(val=[-0.017763137817382812], name="2")
    %21: (2,i32)* = const(val=[3, 3], name="21")
    %23: (2,i32)* = const(val=[3, 3], name="23")
    %16: (i32)* = const(val=1, name="16")
    %20_pad_type_143: (str)* = const(val="custom", name="20_pad_type_143")
    %20_pad_143: (4,i32)* = const(val=[3, 3, 3, 3], name="20_pad_143")
    %20: (1, 1, 2, 2, fp32) = conv(x=%input, weight=%1, bias=%2, strides=%21, pad_type=%20_pad_type_143, pad=%20_pad_143, dilations=%23, groups=%16, name="20")
  } -> (%20)
}

[20200630 16:33:32 INFO /Volumes/data/work/1duo-coremltools/coremltools/converters/mil/frontend/torch/converter.py:269] Converting graph.
[20200630 16:33:32 INFO /Volumes/data/work/1duo-coremltools/coremltools/converters/mil/mil/builder.py:181] Adding op '1' of type const
[20200630 16:33:32 INFO /Volumes/data/work/1duo-coremltools/coremltools/converters/mil/mil/builder.py:181] Adding op '2' of type const
[20200630 16:33:32 INFO /Volumes/data/work/1duo-coremltools/coremltools/converters/mil/frontend/torch/ops.py:49] Converting op 21 : constant
[20200630 16:33:32 INFO /Volumes/data/work/1duo-coremltools/coremltools/converters/mil/mil/builder.py:181] Adding op '21' of type const
[20200630 16:33:32 INFO /Volumes/data/work/1duo-coremltools/coremltools/converters/mil/frontend/torch/ops.py:49] Converting op 22 : constant
[20200630 16:33:32 INFO /Volumes/data/work/1duo-coremltools/coremltools/converters/mil/mil/builder.py:181] Adding op '22' of type const
[20200630 16:33:32 INFO /Volumes/data/work/1duo-coremltools/coremltools/converters/mil/frontend/torch/ops.py:49] Converting op 23 : constant
[20200630 16:33:32 INFO /Volumes/data/work/1duo-coremltools/coremltools/converters/mil/mil/builder.py:181] Adding op '23' of type const
[20200630 16:33:32 INFO /Volumes/data/work/1duo-coremltools/coremltools/converters/mil/frontend/torch/ops.py:49] Converting op 12 : constant
[20200630 16:33:32 INFO /Volumes/data/work/1duo-coremltools/coremltools/converters/mil/mil/builder.py:181] Adding op '12' of type const
[20200630 16:33:32 INFO /Volumes/data/work/1duo-coremltools/coremltools/converters/mil/frontend/torch/ops.py:49] Converting op 24 : constant
[20200630 16:33:32 INFO /Volumes/data/work/1duo-coremltools/coremltools/converters/mil/mil/builder.py:181] Adding op '24' of type const
[20200630 16:33:32 INFO /Volumes/data/work/1duo-coremltools/coremltools/converters/mil/frontend/torch/ops.py:49] Converting op 16 : constant
[20200630 16:33:32 INFO /Volumes/data/work/1duo-coremltools/coremltools/converters/mil/mil/builder.py:181] Adding op '16' of type const
[20200630 16:33:32 INFO /Volumes/data/work/1duo-coremltools/coremltools/converters/mil/frontend/torch/ops.py:49] Converting op 17 : constant
[20200630 16:33:32 INFO /Volumes/data/work/1duo-coremltools/coremltools/converters/mil/mil/builder.py:181] Adding op '17' of type const
[20200630 16:33:32 INFO /Volumes/data/work/1duo-coremltools/coremltools/converters/mil/frontend/torch/ops.py:49] Converting op 18 : constant
[20200630 16:33:32 INFO /Volumes/data/work/1duo-coremltools/coremltools/converters/mil/mil/builder.py:181] Adding op '18' of type const
[20200630 16:33:32 INFO /Volumes/data/work/1duo-coremltools/coremltools/converters/mil/frontend/torch/ops.py:49] Converting op 19 : constant
[20200630 16:33:32 INFO /Volumes/data/work/1duo-coremltools/coremltools/converters/mil/mil/builder.py:181] Adding op '19' of type const
[20200630 16:33:32 INFO /Volumes/data/work/1duo-coremltools/coremltools/converters/mil/frontend/torch/ops.py:49] Converting op 20 : _convolution
[20200630 16:33:32 INFO /Volumes/data/work/1duo-coremltools/coremltools/converters/mil/mil/builder.py:181] Adding op '20' of type conv
[20200630 16:33:32 DEBUG /Volumes/data/work/1duo-coremltools/coremltools/converters/mil/mil/builder.py:93] Adding const op '20_pad_type_144'
[20200630 16:33:32 INFO /Volumes/data/work/1duo-coremltools/coremltools/converters/mil/mil/builder.py:181] Adding op '20_pad_type_144' of type const
[20200630 16:33:32 DEBUG /Volumes/data/work/1duo-coremltools/coremltools/converters/mil/mil/builder.py:93] Adding const op '20_pad_144'
[20200630 16:33:32 INFO /Volumes/data/work/1duo-coremltools/coremltools/converters/mil/mil/builder.py:181] Adding op '20_pad_144' of type const
[20200630 16:33:32 DEBUG /Volumes/data/work/1duo-coremltools/coremltools/converters/mil/mil/passes/common_pass.py:30] Program before common passes:
main(%input: (1, 1, 6, 5, fp32)) {
  block163() {
    %1: (3, 1, 1, 1, fp32)* = const(val=[[[[-0.7265305519104004]]], [[[0.7013357877731323]]], [[[-0.118255615234375]]]], name="1")
    %2: (3,fp32)* = const(val=[0.6758996248245239, 0.07414448261260986, -0.8339236974716187], name="2")
    %21: (2,i32)* = const(val=[1, 1], name="21")
    %22: (2,i32)* = const(val=[1, 1], name="22")
    %23: (2,i32)* = const(val=[1, 1], name="23")
    %12: (bool)* = const(val=False, name="12")
    %24: (2,i32)* = const(val=[0, 0], name="24")
    %16: (i32)* = const(val=1, name="16")
    %17: (bool)* = const(val=False, name="17")
    %18: (bool)* = const(val=False, name="18")
    %19: (bool)* = const(val=True, name="19")
    %20_pad_type_144: (str)* = const(val="custom", name="20_pad_type_144")
    %20_pad_144: (4,i32)* = const(val=[1, 1, 1, 1], name="20_pad_144")
    %20: (1, 3, 8, 7, fp32) = conv(x=%input, weight=%1, bias=%2, strides=%21, pad_type=%20_pad_type_144, pad=%20_pad_144, dilations=%23, groups=%16, name="20")
  } -> (%20)
}

[20200630 16:33:32 INFO /Volumes/data/work/1duo-coremltools/coremltools/converters/mil/mil/passes/common_pass.py:34] Performing pass: "common::const_elimination"
[20200630 16:33:32 INFO /Volumes/data/work/1duo-coremltools/coremltools/converters/mil/mil/passes/common_pass.py:34] Performing pass: "common::divide_to_multiply"
[20200630 16:33:32 INFO /Volumes/data/work/1duo-coremltools/coremltools/converters/mil/mil/passes/common_pass.py:34] Performing pass: "common::fuse_matmul_weight_bias"
[20200630 16:33:32 INFO /Volumes/data/work/1duo-coremltools/coremltools/converters/mil/mil/passes/common_pass.py:34] Performing pass: "common::const_elimination"
[20200630 16:33:32 INFO /Volumes/data/work/1duo-coremltools/coremltools/converters/mil/mil/passes/common_pass.py:34] Performing pass: "common::loop_invariant_elimination"
[20200630 16:33:32 INFO /Volumes/data/work/1duo-coremltools/coremltools/converters/mil/mil/passes/common_pass.py:34] Performing pass: "common::remove_symbolic_reshape"
[20200630 16:33:32 INFO /Volumes/data/work/1duo-coremltools/coremltools/converters/mil/mil/passes/remove_symbolic_reshape.py:104] remove_symbolic_reshape: changed 0 reshapes.
[20200630 16:33:32 INFO /Volumes/data/work/1duo-coremltools/coremltools/converters/mil/mil/passes/common_pass.py:34] Performing pass: "common::fuse_gelu_tanh_approximation"
[20200630 16:33:32 INFO /Volumes/data/work/1duo-coremltools/coremltools/converters/mil/mil/passes/common_pass.py:34] Performing pass: "common::reduce_transposes"
[20200630 16:33:32 DEBUG /Volumes/data/work/1duo-coremltools/coremltools/converters/mil/mil/passes/reduce_transposes.py:989] Block before optimize transpose transform:
function(%input: (1, 1, 6, 5, fp32)) {
  block163() {
    %1: (3, 1, 1, 1, fp32)* = const(val=[[[[-0.7265305519104004]]], [[[0.7013357877731323]]], [[[-0.118255615234375]]]], name="1")
    %2: (3,fp32)* = const(val=[0.6758996248245239, 0.07414448261260986, -0.8339236974716187], name="2")
    %21: (2,i32)* = const(val=[1, 1], name="21")
    %22: (2,i32)* = const(val=[1, 1], name="22")
    %23: (2,i32)* = const(val=[1, 1], name="23")
    %12: (bool)* = const(val=False, name="12")
    %24: (2,i32)* = const(val=[0, 0], name="24")
    %16: (i32)* = const(val=1, name="16")
    %17: (bool)* = const(val=False, name="17")
    %18: (bool)* = const(val=False, name="18")
    %19: (bool)* = const(val=True, name="19")
    %20_pad_type_144: (str)* = const(val="custom", name="20_pad_type_144")
    %20_pad_144: (4,i32)* = const(val=[1, 1, 1, 1], name="20_pad_144")
    %20: (1, 3, 8, 7, fp32) = conv(x=%input, weight=%1, bias=%2, strides=%21, pad_type=%20_pad_type_144, pad=%20_pad_144, dilations=%23, groups=%16, name="20")
  } -> (%20)
}

[20200630 16:33:32 DEBUG /Volumes/data/work/1duo-coremltools/coremltools/converters/mil/mil/passes/reduce_transposes.py:1024] Block after optimize transpose transform:
function(%input: (1, 1, 6, 5, fp32)) {
  block163() {
    %1: (3, 1, 1, 1, fp32)* = const(val=[[[[-0.7265305519104004]]], [[[0.7013357877731323]]], [[[-0.118255615234375]]]], name="1")
    %2: (3,fp32)* = const(val=[0.6758996248245239, 0.07414448261260986, -0.8339236974716187], name="2")
    %21: (2,i32)* = const(val=[1, 1], name="21")
    %22: (2,i32)* = const(val=[1, 1], name="22")
    %23: (2,i32)* = const(val=[1, 1], name="23")
    %12: (bool)* = const(val=False, name="12")
    %24: (2,i32)* = const(val=[0, 0], name="24")
    %16: (i32)* = const(val=1, name="16")
    %17: (bool)* = const(val=False, name="17")
    %18: (bool)* = const(val=False, name="18")
    %19: (bool)* = const(val=True, name="19")
    %20_pad_type_144: (str)* = const(val="custom", name="20_pad_type_144")
    %20_pad_144: (4,i32)* = const(val=[1, 1, 1, 1], name="20_pad_144")
    %20: (1, 3, 8, 7, fp32) = conv(x=%input, weight=%1, bias=%2, strides=%21, pad_type=%20_pad_type_144, pad=%20_pad_144, dilations=%23, groups=%16, name="20")
  } -> (%20)
}

[20200630 16:33:32 INFO /Volumes/data/work/1duo-coremltools/coremltools/converters/mil/mil/passes/common_pass.py:34] Performing pass: "common::fuse_bias_conv"
[20200630 16:33:32 INFO /Volumes/data/work/1duo-coremltools/coremltools/converters/mil/mil/passes/common_pass.py:34] Performing pass: "common::fuse_elementwise_to_batchnorm"
[20200630 16:33:32 INFO /Volumes/data/work/1duo-coremltools/coremltools/converters/mil/mil/passes/common_pass.py:34] Performing pass: "common::fuse_onehot_matmul_to_gather"
[20200630 16:33:32 INFO /Volumes/data/work/1duo-coremltools/coremltools/converters/mil/mil/passes/common_pass.py:34] Performing pass: "common::fuse_layernorm_or_instancenorm"
[20200630 16:33:32 INFO /Volumes/data/work/1duo-coremltools/coremltools/converters/mil/mil/passes/common_pass.py:34] Performing pass: "common::dead_code_elimination"
[20200630 16:33:32 INFO /Volumes/data/work/1duo-coremltools/coremltools/converters/mil/mil/passes/dead_code_elimination.py:35] Removing op "19" (type: const)
[20200630 16:33:32 INFO /Volumes/data/work/1duo-coremltools/coremltools/converters/mil/mil/passes/dead_code_elimination.py:35] Removing op "18" (type: const)
[20200630 16:33:32 INFO /Volumes/data/work/1duo-coremltools/coremltools/converters/mil/mil/passes/dead_code_elimination.py:35] Removing op "17" (type: const)
[20200630 16:33:32 INFO /Volumes/data/work/1duo-coremltools/coremltools/converters/mil/mil/passes/dead_code_elimination.py:35] Removing op "24" (type: const)
[20200630 16:33:32 INFO /Volumes/data/work/1duo-coremltools/coremltools/converters/mil/mil/passes/dead_code_elimination.py:35] Removing op "12" (type: const)
[20200630 16:33:32 INFO /Volumes/data/work/1duo-coremltools/coremltools/converters/mil/mil/passes/dead_code_elimination.py:35] Removing op "22" (type: const)
[20200630 16:33:32 DEBUG /Volumes/data/work/1duo-coremltools/coremltools/converters/mil/mil/passes/common_pass.py:38] Program after common passes:
main(%input: (1, 1, 6, 5, fp32)) {
  block163() {
    %1: (3, 1, 1, 1, fp32)* = const(val=[[[[-0.7265305519104004]]], [[[0.7013357877731323]]], [[[-0.118255615234375]]]], name="1")
    %2: (3,fp32)* = const(val=[0.6758996248245239, 0.07414448261260986, -0.8339236974716187], name="2")
    %21: (2,i32)* = const(val=[1, 1], name="21")
    %23: (2,i32)* = const(val=[1, 1], name="23")
    %16: (i32)* = const(val=1, name="16")
    %20_pad_type_144: (str)* = const(val="custom", name="20_pad_type_144")
    %20_pad_144: (4,i32)* = const(val=[1, 1, 1, 1], name="20_pad_144")
    %20: (1, 3, 8, 7, fp32) = conv(x=%input, weight=%1, bias=%2, strides=%21, pad_type=%20_pad_type_144, pad=%20_pad_144, dilations=%23, groups=%16, name="20")
  } -> (%20)
}

[20200630 16:33:32 INFO /Volumes/data/work/1duo-coremltools/coremltools/converters/mil/backend/nn/passes/nn_passes.py:22] Performing passes for nn_backend: "nn_backend::commingle_loop_vars"
[20200630 16:33:32 INFO /Volumes/data/work/1duo-coremltools/coremltools/converters/mil/backend/nn/passes/nn_passes.py:22] Performing passes for nn_backend: "nn_backend::handle_return_inputs_as_outputs"
[20200630 16:33:32 INFO /Volumes/data/work/1duo-coremltools/coremltools/converters/mil/backend/nn/passes/nn_passes.py:22] Performing passes for nn_backend: "common::const_elimination"
[20200630 16:33:32 INFO /Volumes/data/work/1duo-coremltools/coremltools/converters/mil/backend/nn/passes/nn_passes.py:22] Performing passes for nn_backend: "common::dead_code_elimination"
[20200630 16:33:32 INFO /Volumes/data/work/1duo-coremltools/coremltools/converters/mil/backend/nn/passes/nn_passes.py:22] Performing passes for nn_backend: "nn_backend::handle_unused_inputs"
[20200630 16:33:32 INFO /Volumes/data/work/1duo-coremltools/coremltools/converters/mil/backend/nn/passes/nn_passes.py:22] Performing passes for nn_backend: "nn_backend::alert_return_type_cast"
[20200630 16:33:32 DEBUG /Volumes/data/work/1duo-coremltools/coremltools/converters/mil/backend/nn/passes/nn_passes.py:26] Program after nn backend passes:
main(%input: (1, 1, 6, 5, fp32)) {
  block163() {
    %1: (3, 1, 1, 1, fp32)* = const(val=[[[[-0.7265305519104004]]], [[[0.7013357877731323]]], [[[-0.118255615234375]]]], name="1")
    %2: (3,fp32)* = const(val=[0.6758996248245239, 0.07414448261260986, -0.8339236974716187], name="2")
    %21: (2,i32)* = const(val=[1, 1], name="21")
    %23: (2,i32)* = const(val=[1, 1], name="23")
    %16: (i32)* = const(val=1, name="16")
    %20_pad_type_144: (str)* = const(val="custom", name="20_pad_type_144")
    %20_pad_144: (4,i32)* = const(val=[1, 1, 1, 1], name="20_pad_144")
    %20: (1, 3, 8, 7, fp32) = conv(x=%input, weight=%1, bias=%2, strides=%21, pad_type=%20_pad_type_144, pad=%20_pad_144, dilations=%23, groups=%16, name="20")
  } -> (%20)
}

[20200630 16:33:32 INFO /Volumes/data/work/1duo-coremltools/coremltools/converters/mil/frontend/torch/converter.py:269] Converting graph.
[20200630 16:33:32 INFO /Volumes/data/work/1duo-coremltools/coremltools/converters/mil/mil/builder.py:181] Adding op '1' of type const
[20200630 16:33:32 INFO /Volumes/data/work/1duo-coremltools/coremltools/converters/mil/mil/builder.py:181] Adding op '2' of type const
[20200630 16:33:32 INFO /Volumes/data/work/1duo-coremltools/coremltools/converters/mil/frontend/torch/ops.py:49] Converting op 21 : constant
[20200630 16:33:32 INFO /Volumes/data/work/1duo-coremltools/coremltools/converters/mil/mil/builder.py:181] Adding op '21' of type const
[20200630 16:33:32 INFO /Volumes/data/work/1duo-coremltools/coremltools/converters/mil/frontend/torch/ops.py:49] Converting op 22 : constant
[20200630 16:33:32 INFO /Volumes/data/work/1duo-coremltools/coremltools/converters/mil/mil/builder.py:181] Adding op '22' of type const
[20200630 16:33:32 INFO /Volumes/data/work/1duo-coremltools/coremltools/converters/mil/frontend/torch/ops.py:49] Converting op 23 : constant
[20200630 16:33:32 INFO /Volumes/data/work/1duo-coremltools/coremltools/converters/mil/mil/builder.py:181] Adding op '23' of type const
[20200630 16:33:32 INFO /Volumes/data/work/1duo-coremltools/coremltools/converters/mil/frontend/torch/ops.py:49] Converting op 12 : constant
[20200630 16:33:32 INFO /Volumes/data/work/1duo-coremltools/coremltools/converters/mil/mil/builder.py:181] Adding op '12' of type const
[20200630 16:33:32 INFO /Volumes/data/work/1duo-coremltools/coremltools/converters/mil/frontend/torch/ops.py:49] Converting op 24 : constant
[20200630 16:33:32 INFO /Volumes/data/work/1duo-coremltools/coremltools/converters/mil/mil/builder.py:181] Adding op '24' of type const
[20200630 16:33:32 INFO /Volumes/data/work/1duo-coremltools/coremltools/converters/mil/frontend/torch/ops.py:49] Converting op 16 : constant
[20200630 16:33:32 INFO /Volumes/data/work/1duo-coremltools/coremltools/converters/mil/mil/builder.py:181] Adding op '16' of type const
[20200630 16:33:32 INFO /Volumes/data/work/1duo-coremltools/coremltools/converters/mil/frontend/torch/ops.py:49] Converting op 17 : constant
[20200630 16:33:32 INFO /Volumes/data/work/1duo-coremltools/coremltools/converters/mil/mil/builder.py:181] Adding op '17' of type const
[20200630 16:33:32 INFO /Volumes/data/work/1duo-coremltools/coremltools/converters/mil/frontend/torch/ops.py:49] Converting op 18 : constant
[20200630 16:33:32 INFO /Volumes/data/work/1duo-coremltools/coremltools/converters/mil/mil/builder.py:181] Adding op '18' of type const
[20200630 16:33:32 INFO /Volumes/data/work/1duo-coremltools/coremltools/converters/mil/frontend/torch/ops.py:49] Converting op 19 : constant
[20200630 16:33:32 INFO /Volumes/data/work/1duo-coremltools/coremltools/converters/mil/mil/builder.py:181] Adding op '19' of type const
[20200630 16:33:32 INFO /Volumes/data/work/1duo-coremltools/coremltools/converters/mil/frontend/torch/ops.py:49] Converting op 20 : _convolution
[20200630 16:33:32 INFO /Volumes/data/work/1duo-coremltools/coremltools/converters/mil/mil/builder.py:181] Adding op '20' of type conv
[20200630 16:33:32 DEBUG /Volumes/data/work/1duo-coremltools/coremltools/converters/mil/mil/builder.py:93] Adding const op '20_pad_type_145'
[20200630 16:33:32 INFO /Volumes/data/work/1duo-coremltools/coremltools/converters/mil/mil/builder.py:181] Adding op '20_pad_type_145' of type const
[20200630 16:33:32 DEBUG /Volumes/data/work/1duo-coremltools/coremltools/converters/mil/mil/builder.py:93] Adding const op '20_pad_145'
[20200630 16:33:32 INFO /Volumes/data/work/1duo-coremltools/coremltools/converters/mil/mil/builder.py:181] Adding op '20_pad_145' of type const
[20200630 16:33:32 DEBUG /Volumes/data/work/1duo-coremltools/coremltools/converters/mil/mil/passes/common_pass.py:30] Program before common passes:
main(%input: (1, 1, 6, 5, fp32)) {
  block164() {
    %1: (3, 1, 1, 1, fp32)* = const(val=[[[[0.5952181816101074]]], [[[0.8927379846572876]]], [[[-0.03914141654968262]]]], name="1")
    %2: (3,fp32)* = const(val=[0.36959075927734375, 0.4913567304611206, 0.0819019079208374], name="2")
    %21: (2,i32)* = const(val=[1, 1], name="21")
    %22: (2,i32)* = const(val=[1, 1], name="22")
    %23: (2,i32)* = const(val=[3, 3], name="23")
    %12: (bool)* = const(val=False, name="12")
    %24: (2,i32)* = const(val=[0, 0], name="24")
    %16: (i32)* = const(val=1, name="16")
    %17: (bool)* = const(val=False, name="17")
    %18: (bool)* = const(val=False, name="18")
    %19: (bool)* = const(val=True, name="19")
    %20_pad_type_145: (str)* = const(val="custom", name="20_pad_type_145")
    %20_pad_145: (4,i32)* = const(val=[1, 1, 1, 1], name="20_pad_145")
    %20: (1, 3, 8, 7, fp32) = conv(x=%input, weight=%1, bias=%2, strides=%21, pad_type=%20_pad_type_145, pad=%20_pad_145, dilations=%23, groups=%16, name="20")
  } -> (%20)
}

[20200630 16:33:32 INFO /Volumes/data/work/1duo-coremltools/coremltools/converters/mil/mil/passes/common_pass.py:34] Performing pass: "common::const_elimination"
[20200630 16:33:32 INFO /Volumes/data/work/1duo-coremltools/coremltools/converters/mil/mil/passes/common_pass.py:34] Performing pass: "common::divide_to_multiply"
[20200630 16:33:32 INFO /Volumes/data/work/1duo-coremltools/coremltools/converters/mil/mil/passes/common_pass.py:34] Performing pass: "common::fuse_matmul_weight_bias"
[20200630 16:33:32 INFO /Volumes/data/work/1duo-coremltools/coremltools/converters/mil/mil/passes/common_pass.py:34] Performing pass: "common::const_elimination"
[20200630 16:33:32 INFO /Volumes/data/work/1duo-coremltools/coremltools/converters/mil/mil/passes/common_pass.py:34] Performing pass: "common::loop_invariant_elimination"
[20200630 16:33:32 INFO /Volumes/data/work/1duo-coremltools/coremltools/converters/mil/mil/passes/common_pass.py:34] Performing pass: "common::remove_symbolic_reshape"
[20200630 16:33:32 INFO /Volumes/data/work/1duo-coremltools/coremltools/converters/mil/mil/passes/remove_symbolic_reshape.py:104] remove_symbolic_reshape: changed 0 reshapes.
[20200630 16:33:32 INFO /Volumes/data/work/1duo-coremltools/coremltools/converters/mil/mil/passes/common_pass.py:34] Performing pass: "common::fuse_gelu_tanh_approximation"
[20200630 16:33:32 INFO /Volumes/data/work/1duo-coremltools/coremltools/converters/mil/mil/passes/common_pass.py:34] Performing pass: "common::reduce_transposes"
[20200630 16:33:32 DEBUG /Volumes/data/work/1duo-coremltools/coremltools/converters/mil/mil/passes/reduce_transposes.py:989] Block before optimize transpose transform:
function(%input: (1, 1, 6, 5, fp32)) {
  block164() {
    %1: (3, 1, 1, 1, fp32)* = const(val=[[[[0.5952181816101074]]], [[[0.8927379846572876]]], [[[-0.03914141654968262]]]], name="1")
    %2: (3,fp32)* = const(val=[0.36959075927734375, 0.4913567304611206, 0.0819019079208374], name="2")
    %21: (2,i32)* = const(val=[1, 1], name="21")
    %22: (2,i32)* = const(val=[1, 1], name="22")
    %23: (2,i32)* = const(val=[3, 3], name="23")
    %12: (bool)* = const(val=False, name="12")
    %24: (2,i32)* = const(val=[0, 0], name="24")
    %16: (i32)* = const(val=1, name="16")
    %17: (bool)* = const(val=False, name="17")
    %18: (bool)* = const(val=False, name="18")
    %19: (bool)* = const(val=True, name="19")
    %20_pad_type_145: (str)* = const(val="custom", name="20_pad_type_145")
    %20_pad_145: (4,i32)* = const(val=[1, 1, 1, 1], name="20_pad_145")
    %20: (1, 3, 8, 7, fp32) = conv(x=%input, weight=%1, bias=%2, strides=%21, pad_type=%20_pad_type_145, pad=%20_pad_145, dilations=%23, groups=%16, name="20")
  } -> (%20)
}

[20200630 16:33:32 DEBUG /Volumes/data/work/1duo-coremltools/coremltools/converters/mil/mil/passes/reduce_transposes.py:1024] Block after optimize transpose transform:
function(%input: (1, 1, 6, 5, fp32)) {
  block164() {
    %1: (3, 1, 1, 1, fp32)* = const(val=[[[[0.5952181816101074]]], [[[0.8927379846572876]]], [[[-0.03914141654968262]]]], name="1")
    %2: (3,fp32)* = const(val=[0.36959075927734375, 0.4913567304611206, 0.0819019079208374], name="2")
    %21: (2,i32)* = const(val=[1, 1], name="21")
    %22: (2,i32)* = const(val=[1, 1], name="22")
    %23: (2,i32)* = const(val=[3, 3], name="23")
    %12: (bool)* = const(val=False, name="12")
    %24: (2,i32)* = const(val=[0, 0], name="24")
    %16: (i32)* = const(val=1, name="16")
    %17: (bool)* = const(val=False, name="17")
    %18: (bool)* = const(val=False, name="18")
    %19: (bool)* = const(val=True, name="19")
    %20_pad_type_145: (str)* = const(val="custom", name="20_pad_type_145")
    %20_pad_145: (4,i32)* = const(val=[1, 1, 1, 1], name="20_pad_145")
    %20: (1, 3, 8, 7, fp32) = conv(x=%input, weight=%1, bias=%2, strides=%21, pad_type=%20_pad_type_145, pad=%20_pad_145, dilations=%23, groups=%16, name="20")
  } -> (%20)
}

[20200630 16:33:32 INFO /Volumes/data/work/1duo-coremltools/coremltools/converters/mil/mil/passes/common_pass.py:34] Performing pass: "common::fuse_bias_conv"
[20200630 16:33:32 INFO /Volumes/data/work/1duo-coremltools/coremltools/converters/mil/mil/passes/common_pass.py:34] Performing pass: "common::fuse_elementwise_to_batchnorm"
[20200630 16:33:32 INFO /Volumes/data/work/1duo-coremltools/coremltools/converters/mil/mil/passes/common_pass.py:34] Performing pass: "common::fuse_onehot_matmul_to_gather"
[20200630 16:33:32 INFO /Volumes/data/work/1duo-coremltools/coremltools/converters/mil/mil/passes/common_pass.py:34] Performing pass: "common::fuse_layernorm_or_instancenorm"
[20200630 16:33:32 INFO /Volumes/data/work/1duo-coremltools/coremltools/converters/mil/mil/passes/common_pass.py:34] Performing pass: "common::dead_code_elimination"
[20200630 16:33:32 INFO /Volumes/data/work/1duo-coremltools/coremltools/converters/mil/mil/passes/dead_code_elimination.py:35] Removing op "19" (type: const)
[20200630 16:33:32 INFO /Volumes/data/work/1duo-coremltools/coremltools/converters/mil/mil/passes/dead_code_elimination.py:35] Removing op "18" (type: const)
[20200630 16:33:32 INFO /Volumes/data/work/1duo-coremltools/coremltools/converters/mil/mil/passes/dead_code_elimination.py:35] Removing op "17" (type: const)
[20200630 16:33:32 INFO /Volumes/data/work/1duo-coremltools/coremltools/converters/mil/mil/passes/dead_code_elimination.py:35] Removing op "24" (type: const)
[20200630 16:33:32 INFO /Volumes/data/work/1duo-coremltools/coremltools/converters/mil/mil/passes/dead_code_elimination.py:35] Removing op "12" (type: const)
[20200630 16:33:32 INFO /Volumes/data/work/1duo-coremltools/coremltools/converters/mil/mil/passes/dead_code_elimination.py:35] Removing op "22" (type: const)
[20200630 16:33:32 DEBUG /Volumes/data/work/1duo-coremltools/coremltools/converters/mil/mil/passes/common_pass.py:38] Program after common passes:
main(%input: (1, 1, 6, 5, fp32)) {
  block164() {
    %1: (3, 1, 1, 1, fp32)* = const(val=[[[[0.5952181816101074]]], [[[0.8927379846572876]]], [[[-0.03914141654968262]]]], name="1")
    %2: (3,fp32)* = const(val=[0.36959075927734375, 0.4913567304611206, 0.0819019079208374], name="2")
    %21: (2,i32)* = const(val=[1, 1], name="21")
    %23: (2,i32)* = const(val=[3, 3], name="23")
    %16: (i32)* = const(val=1, name="16")
    %20_pad_type_145: (str)* = const(val="custom", name="20_pad_type_145")
    %20_pad_145: (4,i32)* = const(val=[1, 1, 1, 1], name="20_pad_145")
    %20: (1, 3, 8, 7, fp32) = conv(x=%input, weight=%1, bias=%2, strides=%21, pad_type=%20_pad_type_145, pad=%20_pad_145, dilations=%23, groups=%16, name="20")
  } -> (%20)
}

[20200630 16:33:32 INFO /Volumes/data/work/1duo-coremltools/coremltools/converters/mil/backend/nn/passes/nn_passes.py:22] Performing passes for nn_backend: "nn_backend::commingle_loop_vars"
[20200630 16:33:32 INFO /Volumes/data/work/1duo-coremltools/coremltools/converters/mil/backend/nn/passes/nn_passes.py:22] Performing passes for nn_backend: "nn_backend::handle_return_inputs_as_outputs"
[20200630 16:33:32 INFO /Volumes/data/work/1duo-coremltools/coremltools/converters/mil/backend/nn/passes/nn_passes.py:22] Performing passes for nn_backend: "common::const_elimination"
[20200630 16:33:32 INFO /Volumes/data/work/1duo-coremltools/coremltools/converters/mil/backend/nn/passes/nn_passes.py:22] Performing passes for nn_backend: "common::dead_code_elimination"
[20200630 16:33:32 INFO /Volumes/data/work/1duo-coremltools/coremltools/converters/mil/backend/nn/passes/nn_passes.py:22] Performing passes for nn_backend: "nn_backend::handle_unused_inputs"
[20200630 16:33:32 INFO /Volumes/data/work/1duo-coremltools/coremltools/converters/mil/backend/nn/passes/nn_passes.py:22] Performing passes for nn_backend: "nn_backend::alert_return_type_cast"
[20200630 16:33:32 DEBUG /Volumes/data/work/1duo-coremltools/coremltools/converters/mil/backend/nn/passes/nn_passes.py:26] Program after nn backend passes:
main(%input: (1, 1, 6, 5, fp32)) {
  block164() {
    %1: (3, 1, 1, 1, fp32)* = const(val=[[[[0.5952181816101074]]], [[[0.8927379846572876]]], [[[-0.03914141654968262]]]], name="1")
    %2: (3,fp32)* = const(val=[0.36959075927734375, 0.4913567304611206, 0.0819019079208374], name="2")
    %21: (2,i32)* = const(val=[1, 1], name="21")
    %23: (2,i32)* = const(val=[3, 3], name="23")
    %16: (i32)* = const(val=1, name="16")
    %20_pad_type_145: (str)* = const(val="custom", name="20_pad_type_145")
    %20_pad_145: (4,i32)* = const(val=[1, 1, 1, 1], name="20_pad_145")
    %20: (1, 3, 8, 7, fp32) = conv(x=%input, weight=%1, bias=%2, strides=%21, pad_type=%20_pad_type_145, pad=%20_pad_145, dilations=%23, groups=%16, name="20")
  } -> (%20)
}

[20200630 16:33:33 INFO /Volumes/data/work/1duo-coremltools/coremltools/converters/mil/frontend/torch/converter.py:269] Converting graph.
[20200630 16:33:33 INFO /Volumes/data/work/1duo-coremltools/coremltools/converters/mil/mil/builder.py:181] Adding op '1' of type const
[20200630 16:33:33 INFO /Volumes/data/work/1duo-coremltools/coremltools/converters/mil/mil/builder.py:181] Adding op '2' of type const
[20200630 16:33:33 INFO /Volumes/data/work/1duo-coremltools/coremltools/converters/mil/frontend/torch/ops.py:49] Converting op 21 : constant
[20200630 16:33:33 INFO /Volumes/data/work/1duo-coremltools/coremltools/converters/mil/mil/builder.py:181] Adding op '21' of type const
[20200630 16:33:33 INFO /Volumes/data/work/1duo-coremltools/coremltools/converters/mil/frontend/torch/ops.py:49] Converting op 22 : constant
[20200630 16:33:33 INFO /Volumes/data/work/1duo-coremltools/coremltools/converters/mil/mil/builder.py:181] Adding op '22' of type const
[20200630 16:33:33 INFO /Volumes/data/work/1duo-coremltools/coremltools/converters/mil/frontend/torch/ops.py:49] Converting op 23 : constant
[20200630 16:33:33 INFO /Volumes/data/work/1duo-coremltools/coremltools/converters/mil/mil/builder.py:181] Adding op '23' of type const
[20200630 16:33:33 INFO /Volumes/data/work/1duo-coremltools/coremltools/converters/mil/frontend/torch/ops.py:49] Converting op 12 : constant
[20200630 16:33:33 INFO /Volumes/data/work/1duo-coremltools/coremltools/converters/mil/mil/builder.py:181] Adding op '12' of type const
[20200630 16:33:33 INFO /Volumes/data/work/1duo-coremltools/coremltools/converters/mil/frontend/torch/ops.py:49] Converting op 24 : constant
[20200630 16:33:33 INFO /Volumes/data/work/1duo-coremltools/coremltools/converters/mil/mil/builder.py:181] Adding op '24' of type const
[20200630 16:33:33 INFO /Volumes/data/work/1duo-coremltools/coremltools/converters/mil/frontend/torch/ops.py:49] Converting op 16 : constant
[20200630 16:33:33 INFO /Volumes/data/work/1duo-coremltools/coremltools/converters/mil/mil/builder.py:181] Adding op '16' of type const
[20200630 16:33:33 INFO /Volumes/data/work/1duo-coremltools/coremltools/converters/mil/frontend/torch/ops.py:49] Converting op 17 : constant
[20200630 16:33:33 INFO /Volumes/data/work/1duo-coremltools/coremltools/converters/mil/mil/builder.py:181] Adding op '17' of type const
[20200630 16:33:33 INFO /Volumes/data/work/1duo-coremltools/coremltools/converters/mil/frontend/torch/ops.py:49] Converting op 18 : constant
[20200630 16:33:33 INFO /Volumes/data/work/1duo-coremltools/coremltools/converters/mil/mil/builder.py:181] Adding op '18' of type const
[20200630 16:33:33 INFO /Volumes/data/work/1duo-coremltools/coremltools/converters/mil/frontend/torch/ops.py:49] Converting op 19 : constant
[20200630 16:33:33 INFO /Volumes/data/work/1duo-coremltools/coremltools/converters/mil/mil/builder.py:181] Adding op '19' of type const
[20200630 16:33:33 INFO /Volumes/data/work/1duo-coremltools/coremltools/converters/mil/frontend/torch/ops.py:49] Converting op 20 : _convolution
[20200630 16:33:33 INFO /Volumes/data/work/1duo-coremltools/coremltools/converters/mil/mil/builder.py:181] Adding op '20' of type conv
[20200630 16:33:33 DEBUG /Volumes/data/work/1duo-coremltools/coremltools/converters/mil/mil/builder.py:93] Adding const op '20_pad_type_146'
[20200630 16:33:33 INFO /Volumes/data/work/1duo-coremltools/coremltools/converters/mil/mil/builder.py:181] Adding op '20_pad_type_146' of type const
[20200630 16:33:33 DEBUG /Volumes/data/work/1duo-coremltools/coremltools/converters/mil/mil/builder.py:93] Adding const op '20_pad_146'
[20200630 16:33:33 INFO /Volumes/data/work/1duo-coremltools/coremltools/converters/mil/mil/builder.py:181] Adding op '20_pad_146' of type const
[20200630 16:33:33 DEBUG /Volumes/data/work/1duo-coremltools/coremltools/converters/mil/mil/passes/common_pass.py:30] Program before common passes:
main(%input: (1, 1, 6, 5, fp32)) {
  block165() {
    %1: (3, 1, 1, 1, fp32)* = const(val=[[[[-0.7338180541992188]]], [[[-0.5629298686981201]]], [[[0.6417683362960815]]]], name="1")
    %2: (3,fp32)* = const(val=[-0.3314629793167114, -0.6365867853164673, -0.02587711811065674], name="2")
    %21: (2,i32)* = const(val=[1, 1], name="21")
    %22: (2,i32)* = const(val=[3, 3], name="22")
    %23: (2,i32)* = const(val=[1, 1], name="23")
    %12: (bool)* = const(val=False, name="12")
    %24: (2,i32)* = const(val=[0, 0], name="24")
    %16: (i32)* = const(val=1, name="16")
    %17: (bool)* = const(val=False, name="17")
    %18: (bool)* = const(val=False, name="18")
    %19: (bool)* = const(val=True, name="19")
    %20_pad_type_146: (str)* = const(val="custom", name="20_pad_type_146")
    %20_pad_146: (4,i32)* = const(val=[3, 3, 3, 3], name="20_pad_146")
    %20: (1, 3, 12, 11, fp32) = conv(x=%input, weight=%1, bias=%2, strides=%21, pad_type=%20_pad_type_146, pad=%20_pad_146, dilations=%23, groups=%16, name="20")
  } -> (%20)
}

[20200630 16:33:33 INFO /Volumes/data/work/1duo-coremltools/coremltools/converters/mil/mil/passes/common_pass.py:34] Performing pass: "common::const_elimination"
[20200630 16:33:33 INFO /Volumes/data/work/1duo-coremltools/coremltools/converters/mil/mil/passes/common_pass.py:34] Performing pass: "common::divide_to_multiply"
[20200630 16:33:33 INFO /Volumes/data/work/1duo-coremltools/coremltools/converters/mil/mil/passes/common_pass.py:34] Performing pass: "common::fuse_matmul_weight_bias"
[20200630 16:33:33 INFO /Volumes/data/work/1duo-coremltools/coremltools/converters/mil/mil/passes/common_pass.py:34] Performing pass: "common::const_elimination"
[20200630 16:33:33 INFO /Volumes/data/work/1duo-coremltools/coremltools/converters/mil/mil/passes/common_pass.py:34] Performing pass: "common::loop_invariant_elimination"
[20200630 16:33:33 INFO /Volumes/data/work/1duo-coremltools/coremltools/converters/mil/mil/passes/common_pass.py:34] Performing pass: "common::remove_symbolic_reshape"
[20200630 16:33:33 INFO /Volumes/data/work/1duo-coremltools/coremltools/converters/mil/mil/passes/remove_symbolic_reshape.py:104] remove_symbolic_reshape: changed 0 reshapes.
[20200630 16:33:33 INFO /Volumes/data/work/1duo-coremltools/coremltools/converters/mil/mil/passes/common_pass.py:34] Performing pass: "common::fuse_gelu_tanh_approximation"
[20200630 16:33:33 INFO /Volumes/data/work/1duo-coremltools/coremltools/converters/mil/mil/passes/common_pass.py:34] Performing pass: "common::reduce_transposes"
[20200630 16:33:33 DEBUG /Volumes/data/work/1duo-coremltools/coremltools/converters/mil/mil/passes/reduce_transposes.py:989] Block before optimize transpose transform:
function(%input: (1, 1, 6, 5, fp32)) {
  block165() {
    %1: (3, 1, 1, 1, fp32)* = const(val=[[[[-0.7338180541992188]]], [[[-0.5629298686981201]]], [[[0.6417683362960815]]]], name="1")
    %2: (3,fp32)* = const(val=[-0.3314629793167114, -0.6365867853164673, -0.02587711811065674], name="2")
    %21: (2,i32)* = const(val=[1, 1], name="21")
    %22: (2,i32)* = const(val=[3, 3], name="22")
    %23: (2,i32)* = const(val=[1, 1], name="23")
    %12: (bool)* = const(val=False, name="12")
    %24: (2,i32)* = const(val=[0, 0], name="24")
    %16: (i32)* = const(val=1, name="16")
    %17: (bool)* = const(val=False, name="17")
    %18: (bool)* = const(val=False, name="18")
    %19: (bool)* = const(val=True, name="19")
    %20_pad_type_146: (str)* = const(val="custom", name="20_pad_type_146")
    %20_pad_146: (4,i32)* = const(val=[3, 3, 3, 3], name="20_pad_146")
    %20: (1, 3, 12, 11, fp32) = conv(x=%input, weight=%1, bias=%2, strides=%21, pad_type=%20_pad_type_146, pad=%20_pad_146, dilations=%23, groups=%16, name="20")
  } -> (%20)
}

[20200630 16:33:33 DEBUG /Volumes/data/work/1duo-coremltools/coremltools/converters/mil/mil/passes/reduce_transposes.py:1024] Block after optimize transpose transform:
function(%input: (1, 1, 6, 5, fp32)) {
  block165() {
    %1: (3, 1, 1, 1, fp32)* = const(val=[[[[-0.7338180541992188]]], [[[-0.5629298686981201]]], [[[0.6417683362960815]]]], name="1")
    %2: (3,fp32)* = const(val=[-0.3314629793167114, -0.6365867853164673, -0.02587711811065674], name="2")
    %21: (2,i32)* = const(val=[1, 1], name="21")
    %22: (2,i32)* = const(val=[3, 3], name="22")
    %23: (2,i32)* = const(val=[1, 1], name="23")
    %12: (bool)* = const(val=False, name="12")
    %24: (2,i32)* = const(val=[0, 0], name="24")
    %16: (i32)* = const(val=1, name="16")
    %17: (bool)* = const(val=False, name="17")
    %18: (bool)* = const(val=False, name="18")
    %19: (bool)* = const(val=True, name="19")
    %20_pad_type_146: (str)* = const(val="custom", name="20_pad_type_146")
    %20_pad_146: (4,i32)* = const(val=[3, 3, 3, 3], name="20_pad_146")
    %20: (1, 3, 12, 11, fp32) = conv(x=%input, weight=%1, bias=%2, strides=%21, pad_type=%20_pad_type_146, pad=%20_pad_146, dilations=%23, groups=%16, name="20")
  } -> (%20)
}

[20200630 16:33:33 INFO /Volumes/data/work/1duo-coremltools/coremltools/converters/mil/mil/passes/common_pass.py:34] Performing pass: "common::fuse_bias_conv"
[20200630 16:33:33 INFO /Volumes/data/work/1duo-coremltools/coremltools/converters/mil/mil/passes/common_pass.py:34] Performing pass: "common::fuse_elementwise_to_batchnorm"
[20200630 16:33:33 INFO /Volumes/data/work/1duo-coremltools/coremltools/converters/mil/mil/passes/common_pass.py:34] Performing pass: "common::fuse_onehot_matmul_to_gather"
[20200630 16:33:33 INFO /Volumes/data/work/1duo-coremltools/coremltools/converters/mil/mil/passes/common_pass.py:34] Performing pass: "common::fuse_layernorm_or_instancenorm"
[20200630 16:33:33 INFO /Volumes/data/work/1duo-coremltools/coremltools/converters/mil/mil/passes/common_pass.py:34] Performing pass: "common::dead_code_elimination"
[20200630 16:33:33 INFO /Volumes/data/work/1duo-coremltools/coremltools/converters/mil/mil/passes/dead_code_elimination.py:35] Removing op "19" (type: const)
[20200630 16:33:33 INFO /Volumes/data/work/1duo-coremltools/coremltools/converters/mil/mil/passes/dead_code_elimination.py:35] Removing op "18" (type: const)
[20200630 16:33:33 INFO /Volumes/data/work/1duo-coremltools/coremltools/converters/mil/mil/passes/dead_code_elimination.py:35] Removing op "17" (type: const)
[20200630 16:33:33 INFO /Volumes/data/work/1duo-coremltools/coremltools/converters/mil/mil/passes/dead_code_elimination.py:35] Removing op "24" (type: const)
[20200630 16:33:33 INFO /Volumes/data/work/1duo-coremltools/coremltools/converters/mil/mil/passes/dead_code_elimination.py:35] Removing op "12" (type: const)
[20200630 16:33:33 INFO /Volumes/data/work/1duo-coremltools/coremltools/converters/mil/mil/passes/dead_code_elimination.py:35] Removing op "22" (type: const)
[20200630 16:33:33 DEBUG /Volumes/data/work/1duo-coremltools/coremltools/converters/mil/mil/passes/common_pass.py:38] Program after common passes:
main(%input: (1, 1, 6, 5, fp32)) {
  block165() {
    %1: (3, 1, 1, 1, fp32)* = const(val=[[[[-0.7338180541992188]]], [[[-0.5629298686981201]]], [[[0.6417683362960815]]]], name="1")
    %2: (3,fp32)* = const(val=[-0.3314629793167114, -0.6365867853164673, -0.02587711811065674], name="2")
    %21: (2,i32)* = const(val=[1, 1], name="21")
    %23: (2,i32)* = const(val=[1, 1], name="23")
    %16: (i32)* = const(val=1, name="16")
    %20_pad_type_146: (str)* = const(val="custom", name="20_pad_type_146")
    %20_pad_146: (4,i32)* = const(val=[3, 3, 3, 3], name="20_pad_146")
    %20: (1, 3, 12, 11, fp32) = conv(x=%input, weight=%1, bias=%2, strides=%21, pad_type=%20_pad_type_146, pad=%20_pad_146, dilations=%23, groups=%16, name="20")
  } -> (%20)
}

[20200630 16:33:33 INFO /Volumes/data/work/1duo-coremltools/coremltools/converters/mil/backend/nn/passes/nn_passes.py:22] Performing passes for nn_backend: "nn_backend::commingle_loop_vars"
[20200630 16:33:33 INFO /Volumes/data/work/1duo-coremltools/coremltools/converters/mil/backend/nn/passes/nn_passes.py:22] Performing passes for nn_backend: "nn_backend::handle_return_inputs_as_outputs"
[20200630 16:33:33 INFO /Volumes/data/work/1duo-coremltools/coremltools/converters/mil/backend/nn/passes/nn_passes.py:22] Performing passes for nn_backend: "common::const_elimination"
[20200630 16:33:33 INFO /Volumes/data/work/1duo-coremltools/coremltools/converters/mil/backend/nn/passes/nn_passes.py:22] Performing passes for nn_backend: "common::dead_code_elimination"
[20200630 16:33:33 INFO /Volumes/data/work/1duo-coremltools/coremltools/converters/mil/backend/nn/passes/nn_passes.py:22] Performing passes for nn_backend: "nn_backend::handle_unused_inputs"
[20200630 16:33:33 INFO /Volumes/data/work/1duo-coremltools/coremltools/converters/mil/backend/nn/passes/nn_passes.py:22] Performing passes for nn_backend: "nn_backend::alert_return_type_cast"
[20200630 16:33:33 DEBUG /Volumes/data/work/1duo-coremltools/coremltools/converters/mil/backend/nn/passes/nn_passes.py:26] Program after nn backend passes:
main(%input: (1, 1, 6, 5, fp32)) {
  block165() {
    %1: (3, 1, 1, 1, fp32)* = const(val=[[[[-0.7338180541992188]]], [[[-0.5629298686981201]]], [[[0.6417683362960815]]]], name="1")
    %2: (3,fp32)* = const(val=[-0.3314629793167114, -0.6365867853164673, -0.02587711811065674], name="2")
    %21: (2,i32)* = const(val=[1, 1], name="21")
    %23: (2,i32)* = const(val=[1, 1], name="23")
    %16: (i32)* = const(val=1, name="16")
    %20_pad_type_146: (str)* = const(val="custom", name="20_pad_type_146")
    %20_pad_146: (4,i32)* = const(val=[3, 3, 3, 3], name="20_pad_146")
    %20: (1, 3, 12, 11, fp32) = conv(x=%input, weight=%1, bias=%2, strides=%21, pad_type=%20_pad_type_146, pad=%20_pad_146, dilations=%23, groups=%16, name="20")
  } -> (%20)
}

[20200630 16:33:33 INFO /Volumes/data/work/1duo-coremltools/coremltools/converters/mil/frontend/torch/converter.py:269] Converting graph.
[20200630 16:33:33 INFO /Volumes/data/work/1duo-coremltools/coremltools/converters/mil/mil/builder.py:181] Adding op '1' of type const
[20200630 16:33:33 INFO /Volumes/data/work/1duo-coremltools/coremltools/converters/mil/mil/builder.py:181] Adding op '2' of type const
[20200630 16:33:33 INFO /Volumes/data/work/1duo-coremltools/coremltools/converters/mil/frontend/torch/ops.py:49] Converting op 21 : constant
[20200630 16:33:33 INFO /Volumes/data/work/1duo-coremltools/coremltools/converters/mil/mil/builder.py:181] Adding op '21' of type const
[20200630 16:33:33 INFO /Volumes/data/work/1duo-coremltools/coremltools/converters/mil/frontend/torch/ops.py:49] Converting op 22 : constant
[20200630 16:33:33 INFO /Volumes/data/work/1duo-coremltools/coremltools/converters/mil/mil/builder.py:181] Adding op '22' of type const
[20200630 16:33:33 INFO /Volumes/data/work/1duo-coremltools/coremltools/converters/mil/frontend/torch/ops.py:49] Converting op 23 : constant
[20200630 16:33:33 INFO /Volumes/data/work/1duo-coremltools/coremltools/converters/mil/mil/builder.py:181] Adding op '23' of type const
[20200630 16:33:33 INFO /Volumes/data/work/1duo-coremltools/coremltools/converters/mil/frontend/torch/ops.py:49] Converting op 12 : constant
[20200630 16:33:33 INFO /Volumes/data/work/1duo-coremltools/coremltools/converters/mil/mil/builder.py:181] Adding op '12' of type const
[20200630 16:33:33 INFO /Volumes/data/work/1duo-coremltools/coremltools/converters/mil/frontend/torch/ops.py:49] Converting op 24 : constant
[20200630 16:33:33 INFO /Volumes/data/work/1duo-coremltools/coremltools/converters/mil/mil/builder.py:181] Adding op '24' of type const
[20200630 16:33:33 INFO /Volumes/data/work/1duo-coremltools/coremltools/converters/mil/frontend/torch/ops.py:49] Converting op 16 : constant
[20200630 16:33:33 INFO /Volumes/data/work/1duo-coremltools/coremltools/converters/mil/mil/builder.py:181] Adding op '16' of type const
[20200630 16:33:33 INFO /Volumes/data/work/1duo-coremltools/coremltools/converters/mil/frontend/torch/ops.py:49] Converting op 17 : constant
[20200630 16:33:33 INFO /Volumes/data/work/1duo-coremltools/coremltools/converters/mil/mil/builder.py:181] Adding op '17' of type const
[20200630 16:33:33 INFO /Volumes/data/work/1duo-coremltools/coremltools/converters/mil/frontend/torch/ops.py:49] Converting op 18 : constant
[20200630 16:33:33 INFO /Volumes/data/work/1duo-coremltools/coremltools/converters/mil/mil/builder.py:181] Adding op '18' of type const
[20200630 16:33:33 INFO /Volumes/data/work/1duo-coremltools/coremltools/converters/mil/frontend/torch/ops.py:49] Converting op 19 : constant
[20200630 16:33:33 INFO /Volumes/data/work/1duo-coremltools/coremltools/converters/mil/mil/builder.py:181] Adding op '19' of type const
[20200630 16:33:33 INFO /Volumes/data/work/1duo-coremltools/coremltools/converters/mil/frontend/torch/ops.py:49] Converting op 20 : _convolution
[20200630 16:33:33 INFO /Volumes/data/work/1duo-coremltools/coremltools/converters/mil/mil/builder.py:181] Adding op '20' of type conv
[20200630 16:33:33 DEBUG /Volumes/data/work/1duo-coremltools/coremltools/converters/mil/mil/builder.py:93] Adding const op '20_pad_type_147'
[20200630 16:33:33 INFO /Volumes/data/work/1duo-coremltools/coremltools/converters/mil/mil/builder.py:181] Adding op '20_pad_type_147' of type const
[20200630 16:33:33 DEBUG /Volumes/data/work/1duo-coremltools/coremltools/converters/mil/mil/builder.py:93] Adding const op '20_pad_147'
[20200630 16:33:33 INFO /Volumes/data/work/1duo-coremltools/coremltools/converters/mil/mil/builder.py:181] Adding op '20_pad_147' of type const
[20200630 16:33:33 DEBUG /Volumes/data/work/1duo-coremltools/coremltools/converters/mil/mil/passes/common_pass.py:30] Program before common passes:
main(%input: (1, 1, 6, 5, fp32)) {
  block166() {
    %1: (3, 1, 1, 1, fp32)* = const(val=[[[[-0.18214094638824463]]], [[[0.4225541353225708]]], [[[0.1547459363937378]]]], name="1")
    %2: (3,fp32)* = const(val=[-0.4824258089065552, 0.02111828327178955, 0.5964871644973755], name="2")
    %21: (2,i32)* = const(val=[1, 1], name="21")
    %22: (2,i32)* = const(val=[3, 3], name="22")
    %23: (2,i32)* = const(val=[3, 3], name="23")
    %12: (bool)* = const(val=False, name="12")
    %24: (2,i32)* = const(val=[0, 0], name="24")
    %16: (i32)* = const(val=1, name="16")
    %17: (bool)* = const(val=False, name="17")
    %18: (bool)* = const(val=False, name="18")
    %19: (bool)* = const(val=True, name="19")
    %20_pad_type_147: (str)* = const(val="custom", name="20_pad_type_147")
    %20_pad_147: (4,i32)* = const(val=[3, 3, 3, 3], name="20_pad_147")
    %20: (1, 3, 12, 11, fp32) = conv(x=%input, weight=%1, bias=%2, strides=%21, pad_type=%20_pad_type_147, pad=%20_pad_147, dilations=%23, groups=%16, name="20")
  } -> (%20)
}

[20200630 16:33:33 INFO /Volumes/data/work/1duo-coremltools/coremltools/converters/mil/mil/passes/common_pass.py:34] Performing pass: "common::const_elimination"
[20200630 16:33:33 INFO /Volumes/data/work/1duo-coremltools/coremltools/converters/mil/mil/passes/common_pass.py:34] Performing pass: "common::divide_to_multiply"
[20200630 16:33:33 INFO /Volumes/data/work/1duo-coremltools/coremltools/converters/mil/mil/passes/common_pass.py:34] Performing pass: "common::fuse_matmul_weight_bias"
[20200630 16:33:33 INFO /Volumes/data/work/1duo-coremltools/coremltools/converters/mil/mil/passes/common_pass.py:34] Performing pass: "common::const_elimination"
[20200630 16:33:33 INFO /Volumes/data/work/1duo-coremltools/coremltools/converters/mil/mil/passes/common_pass.py:34] Performing pass: "common::loop_invariant_elimination"
[20200630 16:33:33 INFO /Volumes/data/work/1duo-coremltools/coremltools/converters/mil/mil/passes/common_pass.py:34] Performing pass: "common::remove_symbolic_reshape"
[20200630 16:33:33 INFO /Volumes/data/work/1duo-coremltools/coremltools/converters/mil/mil/passes/remove_symbolic_reshape.py:104] remove_symbolic_reshape: changed 0 reshapes.
[20200630 16:33:33 INFO /Volumes/data/work/1duo-coremltools/coremltools/converters/mil/mil/passes/common_pass.py:34] Performing pass: "common::fuse_gelu_tanh_approximation"
[20200630 16:33:33 INFO /Volumes/data/work/1duo-coremltools/coremltools/converters/mil/mil/passes/common_pass.py:34] Performing pass: "common::reduce_transposes"
[20200630 16:33:33 DEBUG /Volumes/data/work/1duo-coremltools/coremltools/converters/mil/mil/passes/reduce_transposes.py:989] Block before optimize transpose transform:
function(%input: (1, 1, 6, 5, fp32)) {
  block166() {
    %1: (3, 1, 1, 1, fp32)* = const(val=[[[[-0.18214094638824463]]], [[[0.4225541353225708]]], [[[0.1547459363937378]]]], name="1")
    %2: (3,fp32)* = const(val=[-0.4824258089065552, 0.02111828327178955, 0.5964871644973755], name="2")
    %21: (2,i32)* = const(val=[1, 1], name="21")
    %22: (2,i32)* = const(val=[3, 3], name="22")
    %23: (2,i32)* = const(val=[3, 3], name="23")
    %12: (bool)* = const(val=False, name="12")
    %24: (2,i32)* = const(val=[0, 0], name="24")
    %16: (i32)* = const(val=1, name="16")
    %17: (bool)* = const(val=False, name="17")
    %18: (bool)* = const(val=False, name="18")
    %19: (bool)* = const(val=True, name="19")
    %20_pad_type_147: (str)* = const(val="custom", name="20_pad_type_147")
    %20_pad_147: (4,i32)* = const(val=[3, 3, 3, 3], name="20_pad_147")
    %20: (1, 3, 12, 11, fp32) = conv(x=%input, weight=%1, bias=%2, strides=%21, pad_type=%20_pad_type_147, pad=%20_pad_147, dilations=%23, groups=%16, name="20")
  } -> (%20)
}

[20200630 16:33:33 DEBUG /Volumes/data/work/1duo-coremltools/coremltools/converters/mil/mil/passes/reduce_transposes.py:1024] Block after optimize transpose transform:
function(%input: (1, 1, 6, 5, fp32)) {
  block166() {
    %1: (3, 1, 1, 1, fp32)* = const(val=[[[[-0.18214094638824463]]], [[[0.4225541353225708]]], [[[0.1547459363937378]]]], name="1")
    %2: (3,fp32)* = const(val=[-0.4824258089065552, 0.02111828327178955, 0.5964871644973755], name="2")
    %21: (2,i32)* = const(val=[1, 1], name="21")
    %22: (2,i32)* = const(val=[3, 3], name="22")
    %23: (2,i32)* = const(val=[3, 3], name="23")
    %12: (bool)* = const(val=False, name="12")
    %24: (2,i32)* = const(val=[0, 0], name="24")
    %16: (i32)* = const(val=1, name="16")
    %17: (bool)* = const(val=False, name="17")
    %18: (bool)* = const(val=False, name="18")
    %19: (bool)* = const(val=True, name="19")
    %20_pad_type_147: (str)* = const(val="custom", name="20_pad_type_147")
    %20_pad_147: (4,i32)* = const(val=[3, 3, 3, 3], name="20_pad_147")
    %20: (1, 3, 12, 11, fp32) = conv(x=%input, weight=%1, bias=%2, strides=%21, pad_type=%20_pad_type_147, pad=%20_pad_147, dilations=%23, groups=%16, name="20")
  } -> (%20)
}

[20200630 16:33:33 INFO /Volumes/data/work/1duo-coremltools/coremltools/converters/mil/mil/passes/common_pass.py:34] Performing pass: "common::fuse_bias_conv"
[20200630 16:33:33 INFO /Volumes/data/work/1duo-coremltools/coremltools/converters/mil/mil/passes/common_pass.py:34] Performing pass: "common::fuse_elementwise_to_batchnorm"
[20200630 16:33:33 INFO /Volumes/data/work/1duo-coremltools/coremltools/converters/mil/mil/passes/common_pass.py:34] Performing pass: "common::fuse_onehot_matmul_to_gather"
[20200630 16:33:33 INFO /Volumes/data/work/1duo-coremltools/coremltools/converters/mil/mil/passes/common_pass.py:34] Performing pass: "common::fuse_layernorm_or_instancenorm"
[20200630 16:33:33 INFO /Volumes/data/work/1duo-coremltools/coremltools/converters/mil/mil/passes/common_pass.py:34] Performing pass: "common::dead_code_elimination"
[20200630 16:33:33 INFO /Volumes/data/work/1duo-coremltools/coremltools/converters/mil/mil/passes/dead_code_elimination.py:35] Removing op "19" (type: const)
[20200630 16:33:33 INFO /Volumes/data/work/1duo-coremltools/coremltools/converters/mil/mil/passes/dead_code_elimination.py:35] Removing op "18" (type: const)
[20200630 16:33:33 INFO /Volumes/data/work/1duo-coremltools/coremltools/converters/mil/mil/passes/dead_code_elimination.py:35] Removing op "17" (type: const)
[20200630 16:33:33 INFO /Volumes/data/work/1duo-coremltools/coremltools/converters/mil/mil/passes/dead_code_elimination.py:35] Removing op "24" (type: const)
[20200630 16:33:33 INFO /Volumes/data/work/1duo-coremltools/coremltools/converters/mil/mil/passes/dead_code_elimination.py:35] Removing op "12" (type: const)
[20200630 16:33:33 INFO /Volumes/data/work/1duo-coremltools/coremltools/converters/mil/mil/passes/dead_code_elimination.py:35] Removing op "22" (type: const)
[20200630 16:33:33 DEBUG /Volumes/data/work/1duo-coremltools/coremltools/converters/mil/mil/passes/common_pass.py:38] Program after common passes:
main(%input: (1, 1, 6, 5, fp32)) {
  block166() {
    %1: (3, 1, 1, 1, fp32)* = const(val=[[[[-0.18214094638824463]]], [[[0.4225541353225708]]], [[[0.1547459363937378]]]], name="1")
    %2: (3,fp32)* = const(val=[-0.4824258089065552, 0.02111828327178955, 0.5964871644973755], name="2")
    %21: (2,i32)* = const(val=[1, 1], name="21")
    %23: (2,i32)* = const(val=[3, 3], name="23")
    %16: (i32)* = const(val=1, name="16")
    %20_pad_type_147: (str)* = const(val="custom", name="20_pad_type_147")
    %20_pad_147: (4,i32)* = const(val=[3, 3, 3, 3], name="20_pad_147")
    %20: (1, 3, 12, 11, fp32) = conv(x=%input, weight=%1, bias=%2, strides=%21, pad_type=%20_pad_type_147, pad=%20_pad_147, dilations=%23, groups=%16, name="20")
  } -> (%20)
}

[20200630 16:33:33 INFO /Volumes/data/work/1duo-coremltools/coremltools/converters/mil/backend/nn/passes/nn_passes.py:22] Performing passes for nn_backend: "nn_backend::commingle_loop_vars"
[20200630 16:33:33 INFO /Volumes/data/work/1duo-coremltools/coremltools/converters/mil/backend/nn/passes/nn_passes.py:22] Performing passes for nn_backend: "nn_backend::handle_return_inputs_as_outputs"
[20200630 16:33:33 INFO /Volumes/data/work/1duo-coremltools/coremltools/converters/mil/backend/nn/passes/nn_passes.py:22] Performing passes for nn_backend: "common::const_elimination"
[20200630 16:33:33 INFO /Volumes/data/work/1duo-coremltools/coremltools/converters/mil/backend/nn/passes/nn_passes.py:22] Performing passes for nn_backend: "common::dead_code_elimination"
[20200630 16:33:33 INFO /Volumes/data/work/1duo-coremltools/coremltools/converters/mil/backend/nn/passes/nn_passes.py:22] Performing passes for nn_backend: "nn_backend::handle_unused_inputs"
[20200630 16:33:33 INFO /Volumes/data/work/1duo-coremltools/coremltools/converters/mil/backend/nn/passes/nn_passes.py:22] Performing passes for nn_backend: "nn_backend::alert_return_type_cast"
[20200630 16:33:33 DEBUG /Volumes/data/work/1duo-coremltools/coremltools/converters/mil/backend/nn/passes/nn_passes.py:26] Program after nn backend passes:
main(%input: (1, 1, 6, 5, fp32)) {
  block166() {
    %1: (3, 1, 1, 1, fp32)* = const(val=[[[[-0.18214094638824463]]], [[[0.4225541353225708]]], [[[0.1547459363937378]]]], name="1")
    %2: (3,fp32)* = const(val=[-0.4824258089065552, 0.02111828327178955, 0.5964871644973755], name="2")
    %21: (2,i32)* = const(val=[1, 1], name="21")
    %23: (2,i32)* = const(val=[3, 3], name="23")
    %16: (i32)* = const(val=1, name="16")
    %20_pad_type_147: (str)* = const(val="custom", name="20_pad_type_147")
    %20_pad_147: (4,i32)* = const(val=[3, 3, 3, 3], name="20_pad_147")
    %20: (1, 3, 12, 11, fp32) = conv(x=%input, weight=%1, bias=%2, strides=%21, pad_type=%20_pad_type_147, pad=%20_pad_147, dilations=%23, groups=%16, name="20")
  } -> (%20)
}

[20200630 16:33:33 INFO /Volumes/data/work/1duo-coremltools/coremltools/converters/mil/frontend/torch/converter.py:269] Converting graph.
[20200630 16:33:33 INFO /Volumes/data/work/1duo-coremltools/coremltools/converters/mil/mil/builder.py:181] Adding op '1' of type const
[20200630 16:33:33 INFO /Volumes/data/work/1duo-coremltools/coremltools/converters/mil/mil/builder.py:181] Adding op '2' of type const
[20200630 16:33:33 INFO /Volumes/data/work/1duo-coremltools/coremltools/converters/mil/frontend/torch/ops.py:49] Converting op 21 : constant
[20200630 16:33:33 INFO /Volumes/data/work/1duo-coremltools/coremltools/converters/mil/mil/builder.py:181] Adding op '21' of type const
[20200630 16:33:33 INFO /Volumes/data/work/1duo-coremltools/coremltools/converters/mil/frontend/torch/ops.py:49] Converting op 22 : constant
[20200630 16:33:33 INFO /Volumes/data/work/1duo-coremltools/coremltools/converters/mil/mil/builder.py:181] Adding op '22' of type const
[20200630 16:33:33 INFO /Volumes/data/work/1duo-coremltools/coremltools/converters/mil/frontend/torch/ops.py:49] Converting op 23 : constant
[20200630 16:33:33 INFO /Volumes/data/work/1duo-coremltools/coremltools/converters/mil/mil/builder.py:181] Adding op '23' of type const
[20200630 16:33:33 INFO /Volumes/data/work/1duo-coremltools/coremltools/converters/mil/frontend/torch/ops.py:49] Converting op 12 : constant
[20200630 16:33:33 INFO /Volumes/data/work/1duo-coremltools/coremltools/converters/mil/mil/builder.py:181] Adding op '12' of type const
[20200630 16:33:33 INFO /Volumes/data/work/1duo-coremltools/coremltools/converters/mil/frontend/torch/ops.py:49] Converting op 24 : constant
[20200630 16:33:33 INFO /Volumes/data/work/1duo-coremltools/coremltools/converters/mil/mil/builder.py:181] Adding op '24' of type const
[20200630 16:33:33 INFO /Volumes/data/work/1duo-coremltools/coremltools/converters/mil/frontend/torch/ops.py:49] Converting op 16 : constant
[20200630 16:33:33 INFO /Volumes/data/work/1duo-coremltools/coremltools/converters/mil/mil/builder.py:181] Adding op '16' of type const
[20200630 16:33:33 INFO /Volumes/data/work/1duo-coremltools/coremltools/converters/mil/frontend/torch/ops.py:49] Converting op 17 : constant
[20200630 16:33:33 INFO /Volumes/data/work/1duo-coremltools/coremltools/converters/mil/mil/builder.py:181] Adding op '17' of type const
[20200630 16:33:33 INFO /Volumes/data/work/1duo-coremltools/coremltools/converters/mil/frontend/torch/ops.py:49] Converting op 18 : constant
[20200630 16:33:33 INFO /Volumes/data/work/1duo-coremltools/coremltools/converters/mil/mil/builder.py:181] Adding op '18' of type const
[20200630 16:33:33 INFO /Volumes/data/work/1duo-coremltools/coremltools/converters/mil/frontend/torch/ops.py:49] Converting op 19 : constant
[20200630 16:33:33 INFO /Volumes/data/work/1duo-coremltools/coremltools/converters/mil/mil/builder.py:181] Adding op '19' of type const
[20200630 16:33:33 INFO /Volumes/data/work/1duo-coremltools/coremltools/converters/mil/frontend/torch/ops.py:49] Converting op 20 : _convolution
[20200630 16:33:33 INFO /Volumes/data/work/1duo-coremltools/coremltools/converters/mil/mil/builder.py:181] Adding op '20' of type conv
[20200630 16:33:33 DEBUG /Volumes/data/work/1duo-coremltools/coremltools/converters/mil/mil/builder.py:93] Adding const op '20_pad_type_148'
[20200630 16:33:33 INFO /Volumes/data/work/1duo-coremltools/coremltools/converters/mil/mil/builder.py:181] Adding op '20_pad_type_148' of type const
[20200630 16:33:33 DEBUG /Volumes/data/work/1duo-coremltools/coremltools/converters/mil/mil/builder.py:93] Adding const op '20_pad_148'
[20200630 16:33:33 INFO /Volumes/data/work/1duo-coremltools/coremltools/converters/mil/mil/builder.py:181] Adding op '20_pad_148' of type const
[20200630 16:33:33 DEBUG /Volumes/data/work/1duo-coremltools/coremltools/converters/mil/mil/passes/common_pass.py:30] Program before common passes:
main(%input: (1, 1, 6, 5, fp32)) {
  block167() {
    %1: (3, 1, 1, 1, fp32)* = const(val=[[[[-0.4202301502227783]]], [[[0.23298943042755127]]], [[[-0.6529266834259033]]]], name="1")
    %2: (3,fp32)* = const(val=[0.035347819328308105, 0.6465219259262085, 0.3739830255508423], name="2")
    %21: (2,i32)* = const(val=[3, 3], name="21")
    %22: (2,i32)* = const(val=[1, 1], name="22")
    %23: (2,i32)* = const(val=[1, 1], name="23")
    %12: (bool)* = const(val=False, name="12")
    %24: (2,i32)* = const(val=[0, 0], name="24")
    %16: (i32)* = const(val=1, name="16")
    %17: (bool)* = const(val=False, name="17")
    %18: (bool)* = const(val=False, name="18")
    %19: (bool)* = const(val=True, name="19")
    %20_pad_type_148: (str)* = const(val="custom", name="20_pad_type_148")
    %20_pad_148: (4,i32)* = const(val=[1, 1, 1, 1], name="20_pad_148")
    %20: (1, 3, 3, 3, fp32) = conv(x=%input, weight=%1, bias=%2, strides=%21, pad_type=%20_pad_type_148, pad=%20_pad_148, dilations=%23, groups=%16, name="20")
  } -> (%20)
}

[20200630 16:33:33 INFO /Volumes/data/work/1duo-coremltools/coremltools/converters/mil/mil/passes/common_pass.py:34] Performing pass: "common::const_elimination"
[20200630 16:33:33 INFO /Volumes/data/work/1duo-coremltools/coremltools/converters/mil/mil/passes/common_pass.py:34] Performing pass: "common::divide_to_multiply"
[20200630 16:33:33 INFO /Volumes/data/work/1duo-coremltools/coremltools/converters/mil/mil/passes/common_pass.py:34] Performing pass: "common::fuse_matmul_weight_bias"
[20200630 16:33:33 INFO /Volumes/data/work/1duo-coremltools/coremltools/converters/mil/mil/passes/common_pass.py:34] Performing pass: "common::const_elimination"
[20200630 16:33:33 INFO /Volumes/data/work/1duo-coremltools/coremltools/converters/mil/mil/passes/common_pass.py:34] Performing pass: "common::loop_invariant_elimination"
[20200630 16:33:33 INFO /Volumes/data/work/1duo-coremltools/coremltools/converters/mil/mil/passes/common_pass.py:34] Performing pass: "common::remove_symbolic_reshape"
[20200630 16:33:33 INFO /Volumes/data/work/1duo-coremltools/coremltools/converters/mil/mil/passes/remove_symbolic_reshape.py:104] remove_symbolic_reshape: changed 0 reshapes.
[20200630 16:33:33 INFO /Volumes/data/work/1duo-coremltools/coremltools/converters/mil/mil/passes/common_pass.py:34] Performing pass: "common::fuse_gelu_tanh_approximation"
[20200630 16:33:33 INFO /Volumes/data/work/1duo-coremltools/coremltools/converters/mil/mil/passes/common_pass.py:34] Performing pass: "common::reduce_transposes"
[20200630 16:33:33 DEBUG /Volumes/data/work/1duo-coremltools/coremltools/converters/mil/mil/passes/reduce_transposes.py:989] Block before optimize transpose transform:
function(%input: (1, 1, 6, 5, fp32)) {
  block167() {
    %1: (3, 1, 1, 1, fp32)* = const(val=[[[[-0.4202301502227783]]], [[[0.23298943042755127]]], [[[-0.6529266834259033]]]], name="1")
    %2: (3,fp32)* = const(val=[0.035347819328308105, 0.6465219259262085, 0.3739830255508423], name="2")
    %21: (2,i32)* = const(val=[3, 3], name="21")
    %22: (2,i32)* = const(val=[1, 1], name="22")
    %23: (2,i32)* = const(val=[1, 1], name="23")
    %12: (bool)* = const(val=False, name="12")
    %24: (2,i32)* = const(val=[0, 0], name="24")
    %16: (i32)* = const(val=1, name="16")
    %17: (bool)* = const(val=False, name="17")
    %18: (bool)* = const(val=False, name="18")
    %19: (bool)* = const(val=True, name="19")
    %20_pad_type_148: (str)* = const(val="custom", name="20_pad_type_148")
    %20_pad_148: (4,i32)* = const(val=[1, 1, 1, 1], name="20_pad_148")
    %20: (1, 3, 3, 3, fp32) = conv(x=%input, weight=%1, bias=%2, strides=%21, pad_type=%20_pad_type_148, pad=%20_pad_148, dilations=%23, groups=%16, name="20")
  } -> (%20)
}

[20200630 16:33:33 DEBUG /Volumes/data/work/1duo-coremltools/coremltools/converters/mil/mil/passes/reduce_transposes.py:1024] Block after optimize transpose transform:
function(%input: (1, 1, 6, 5, fp32)) {
  block167() {
    %1: (3, 1, 1, 1, fp32)* = const(val=[[[[-0.4202301502227783]]], [[[0.23298943042755127]]], [[[-0.6529266834259033]]]], name="1")
    %2: (3,fp32)* = const(val=[0.035347819328308105, 0.6465219259262085, 0.3739830255508423], name="2")
    %21: (2,i32)* = const(val=[3, 3], name="21")
    %22: (2,i32)* = const(val=[1, 1], name="22")
    %23: (2,i32)* = const(val=[1, 1], name="23")
    %12: (bool)* = const(val=False, name="12")
    %24: (2,i32)* = const(val=[0, 0], name="24")
    %16: (i32)* = const(val=1, name="16")
    %17: (bool)* = const(val=False, name="17")
    %18: (bool)* = const(val=False, name="18")
    %19: (bool)* = const(val=True, name="19")
    %20_pad_type_148: (str)* = const(val="custom", name="20_pad_type_148")
    %20_pad_148: (4,i32)* = const(val=[1, 1, 1, 1], name="20_pad_148")
    %20: (1, 3, 3, 3, fp32) = conv(x=%input, weight=%1, bias=%2, strides=%21, pad_type=%20_pad_type_148, pad=%20_pad_148, dilations=%23, groups=%16, name="20")
  } -> (%20)
}

[20200630 16:33:33 INFO /Volumes/data/work/1duo-coremltools/coremltools/converters/mil/mil/passes/common_pass.py:34] Performing pass: "common::fuse_bias_conv"
[20200630 16:33:33 INFO /Volumes/data/work/1duo-coremltools/coremltools/converters/mil/mil/passes/common_pass.py:34] Performing pass: "common::fuse_elementwise_to_batchnorm"
[20200630 16:33:33 INFO /Volumes/data/work/1duo-coremltools/coremltools/converters/mil/mil/passes/common_pass.py:34] Performing pass: "common::fuse_onehot_matmul_to_gather"
[20200630 16:33:33 INFO /Volumes/data/work/1duo-coremltools/coremltools/converters/mil/mil/passes/common_pass.py:34] Performing pass: "common::fuse_layernorm_or_instancenorm"
[20200630 16:33:33 INFO /Volumes/data/work/1duo-coremltools/coremltools/converters/mil/mil/passes/common_pass.py:34] Performing pass: "common::dead_code_elimination"
[20200630 16:33:33 INFO /Volumes/data/work/1duo-coremltools/coremltools/converters/mil/mil/passes/dead_code_elimination.py:35] Removing op "19" (type: const)
[20200630 16:33:33 INFO /Volumes/data/work/1duo-coremltools/coremltools/converters/mil/mil/passes/dead_code_elimination.py:35] Removing op "18" (type: const)
[20200630 16:33:33 INFO /Volumes/data/work/1duo-coremltools/coremltools/converters/mil/mil/passes/dead_code_elimination.py:35] Removing op "17" (type: const)
[20200630 16:33:33 INFO /Volumes/data/work/1duo-coremltools/coremltools/converters/mil/mil/passes/dead_code_elimination.py:35] Removing op "24" (type: const)
[20200630 16:33:33 INFO /Volumes/data/work/1duo-coremltools/coremltools/converters/mil/mil/passes/dead_code_elimination.py:35] Removing op "12" (type: const)
[20200630 16:33:33 INFO /Volumes/data/work/1duo-coremltools/coremltools/converters/mil/mil/passes/dead_code_elimination.py:35] Removing op "22" (type: const)
[20200630 16:33:33 DEBUG /Volumes/data/work/1duo-coremltools/coremltools/converters/mil/mil/passes/common_pass.py:38] Program after common passes:
main(%input: (1, 1, 6, 5, fp32)) {
  block167() {
    %1: (3, 1, 1, 1, fp32)* = const(val=[[[[-0.4202301502227783]]], [[[0.23298943042755127]]], [[[-0.6529266834259033]]]], name="1")
    %2: (3,fp32)* = const(val=[0.035347819328308105, 0.6465219259262085, 0.3739830255508423], name="2")
    %21: (2,i32)* = const(val=[3, 3], name="21")
    %23: (2,i32)* = const(val=[1, 1], name="23")
    %16: (i32)* = const(val=1, name="16")
    %20_pad_type_148: (str)* = const(val="custom", name="20_pad_type_148")
    %20_pad_148: (4,i32)* = const(val=[1, 1, 1, 1], name="20_pad_148")
    %20: (1, 3, 3, 3, fp32) = conv(x=%input, weight=%1, bias=%2, strides=%21, pad_type=%20_pad_type_148, pad=%20_pad_148, dilations=%23, groups=%16, name="20")
  } -> (%20)
}

[20200630 16:33:33 INFO /Volumes/data/work/1duo-coremltools/coremltools/converters/mil/backend/nn/passes/nn_passes.py:22] Performing passes for nn_backend: "nn_backend::commingle_loop_vars"
[20200630 16:33:33 INFO /Volumes/data/work/1duo-coremltools/coremltools/converters/mil/backend/nn/passes/nn_passes.py:22] Performing passes for nn_backend: "nn_backend::handle_return_inputs_as_outputs"
[20200630 16:33:33 INFO /Volumes/data/work/1duo-coremltools/coremltools/converters/mil/backend/nn/passes/nn_passes.py:22] Performing passes for nn_backend: "common::const_elimination"
[20200630 16:33:33 INFO /Volumes/data/work/1duo-coremltools/coremltools/converters/mil/backend/nn/passes/nn_passes.py:22] Performing passes for nn_backend: "common::dead_code_elimination"
[20200630 16:33:33 INFO /Volumes/data/work/1duo-coremltools/coremltools/converters/mil/backend/nn/passes/nn_passes.py:22] Performing passes for nn_backend: "nn_backend::handle_unused_inputs"
[20200630 16:33:33 INFO /Volumes/data/work/1duo-coremltools/coremltools/converters/mil/backend/nn/passes/nn_passes.py:22] Performing passes for nn_backend: "nn_backend::alert_return_type_cast"
[20200630 16:33:33 DEBUG /Volumes/data/work/1duo-coremltools/coremltools/converters/mil/backend/nn/passes/nn_passes.py:26] Program after nn backend passes:
main(%input: (1, 1, 6, 5, fp32)) {
  block167() {
    %1: (3, 1, 1, 1, fp32)* = const(val=[[[[-0.4202301502227783]]], [[[0.23298943042755127]]], [[[-0.6529266834259033]]]], name="1")
    %2: (3,fp32)* = const(val=[0.035347819328308105, 0.6465219259262085, 0.3739830255508423], name="2")
    %21: (2,i32)* = const(val=[3, 3], name="21")
    %23: (2,i32)* = const(val=[1, 1], name="23")
    %16: (i32)* = const(val=1, name="16")
    %20_pad_type_148: (str)* = const(val="custom", name="20_pad_type_148")
    %20_pad_148: (4,i32)* = const(val=[1, 1, 1, 1], name="20_pad_148")
    %20: (1, 3, 3, 3, fp32) = conv(x=%input, weight=%1, bias=%2, strides=%21, pad_type=%20_pad_type_148, pad=%20_pad_148, dilations=%23, groups=%16, name="20")
  } -> (%20)
}

[20200630 16:33:33 INFO /Volumes/data/work/1duo-coremltools/coremltools/converters/mil/frontend/torch/converter.py:269] Converting graph.
[20200630 16:33:33 INFO /Volumes/data/work/1duo-coremltools/coremltools/converters/mil/mil/builder.py:181] Adding op '1' of type const
[20200630 16:33:33 INFO /Volumes/data/work/1duo-coremltools/coremltools/converters/mil/mil/builder.py:181] Adding op '2' of type const
[20200630 16:33:33 INFO /Volumes/data/work/1duo-coremltools/coremltools/converters/mil/frontend/torch/ops.py:49] Converting op 21 : constant
[20200630 16:33:33 INFO /Volumes/data/work/1duo-coremltools/coremltools/converters/mil/mil/builder.py:181] Adding op '21' of type const
[20200630 16:33:33 INFO /Volumes/data/work/1duo-coremltools/coremltools/converters/mil/frontend/torch/ops.py:49] Converting op 22 : constant
[20200630 16:33:33 INFO /Volumes/data/work/1duo-coremltools/coremltools/converters/mil/mil/builder.py:181] Adding op '22' of type const
[20200630 16:33:33 INFO /Volumes/data/work/1duo-coremltools/coremltools/converters/mil/frontend/torch/ops.py:49] Converting op 23 : constant
[20200630 16:33:33 INFO /Volumes/data/work/1duo-coremltools/coremltools/converters/mil/mil/builder.py:181] Adding op '23' of type const
[20200630 16:33:33 INFO /Volumes/data/work/1duo-coremltools/coremltools/converters/mil/frontend/torch/ops.py:49] Converting op 12 : constant
[20200630 16:33:33 INFO /Volumes/data/work/1duo-coremltools/coremltools/converters/mil/mil/builder.py:181] Adding op '12' of type const
[20200630 16:33:33 INFO /Volumes/data/work/1duo-coremltools/coremltools/converters/mil/frontend/torch/ops.py:49] Converting op 24 : constant
[20200630 16:33:33 INFO /Volumes/data/work/1duo-coremltools/coremltools/converters/mil/mil/builder.py:181] Adding op '24' of type const
[20200630 16:33:33 INFO /Volumes/data/work/1duo-coremltools/coremltools/converters/mil/frontend/torch/ops.py:49] Converting op 16 : constant
[20200630 16:33:33 INFO /Volumes/data/work/1duo-coremltools/coremltools/converters/mil/mil/builder.py:181] Adding op '16' of type const
[20200630 16:33:33 INFO /Volumes/data/work/1duo-coremltools/coremltools/converters/mil/frontend/torch/ops.py:49] Converting op 17 : constant
[20200630 16:33:33 INFO /Volumes/data/work/1duo-coremltools/coremltools/converters/mil/mil/builder.py:181] Adding op '17' of type const
[20200630 16:33:33 INFO /Volumes/data/work/1duo-coremltools/coremltools/converters/mil/frontend/torch/ops.py:49] Converting op 18 : constant
[20200630 16:33:33 INFO /Volumes/data/work/1duo-coremltools/coremltools/converters/mil/mil/builder.py:181] Adding op '18' of type const
[20200630 16:33:33 INFO /Volumes/data/work/1duo-coremltools/coremltools/converters/mil/frontend/torch/ops.py:49] Converting op 19 : constant
[20200630 16:33:33 INFO /Volumes/data/work/1duo-coremltools/coremltools/converters/mil/mil/builder.py:181] Adding op '19' of type const
[20200630 16:33:33 INFO /Volumes/data/work/1duo-coremltools/coremltools/converters/mil/frontend/torch/ops.py:49] Converting op 20 : _convolution
[20200630 16:33:33 INFO /Volumes/data/work/1duo-coremltools/coremltools/converters/mil/mil/builder.py:181] Adding op '20' of type conv
[20200630 16:33:33 DEBUG /Volumes/data/work/1duo-coremltools/coremltools/converters/mil/mil/builder.py:93] Adding const op '20_pad_type_149'
[20200630 16:33:33 INFO /Volumes/data/work/1duo-coremltools/coremltools/converters/mil/mil/builder.py:181] Adding op '20_pad_type_149' of type const
[20200630 16:33:33 DEBUG /Volumes/data/work/1duo-coremltools/coremltools/converters/mil/mil/builder.py:93] Adding const op '20_pad_149'
[20200630 16:33:33 INFO /Volumes/data/work/1duo-coremltools/coremltools/converters/mil/mil/builder.py:181] Adding op '20_pad_149' of type const
[20200630 16:33:33 DEBUG /Volumes/data/work/1duo-coremltools/coremltools/converters/mil/mil/passes/common_pass.py:30] Program before common passes:
main(%input: (1, 1, 6, 5, fp32)) {
  block168() {
    %1: (3, 1, 1, 1, fp32)* = const(val=[[[[-0.005677700042724609]]], [[[0.32669126987457275]]], [[[-0.4085468053817749]]]], name="1")
    %2: (3,fp32)* = const(val=[0.17428219318389893, -0.37650394439697266, -0.3013523817062378], name="2")
    %21: (2,i32)* = const(val=[3, 3], name="21")
    %22: (2,i32)* = const(val=[1, 1], name="22")
    %23: (2,i32)* = const(val=[3, 3], name="23")
    %12: (bool)* = const(val=False, name="12")
    %24: (2,i32)* = const(val=[0, 0], name="24")
    %16: (i32)* = const(val=1, name="16")
    %17: (bool)* = const(val=False, name="17")
    %18: (bool)* = const(val=False, name="18")
    %19: (bool)* = const(val=True, name="19")
    %20_pad_type_149: (str)* = const(val="custom", name="20_pad_type_149")
    %20_pad_149: (4,i32)* = const(val=[1, 1, 1, 1], name="20_pad_149")
    %20: (1, 3, 3, 3, fp32) = conv(x=%input, weight=%1, bias=%2, strides=%21, pad_type=%20_pad_type_149, pad=%20_pad_149, dilations=%23, groups=%16, name="20")
  } -> (%20)
}

[20200630 16:33:33 INFO /Volumes/data/work/1duo-coremltools/coremltools/converters/mil/mil/passes/common_pass.py:34] Performing pass: "common::const_elimination"
[20200630 16:33:33 INFO /Volumes/data/work/1duo-coremltools/coremltools/converters/mil/mil/passes/common_pass.py:34] Performing pass: "common::divide_to_multiply"
[20200630 16:33:33 INFO /Volumes/data/work/1duo-coremltools/coremltools/converters/mil/mil/passes/common_pass.py:34] Performing pass: "common::fuse_matmul_weight_bias"
[20200630 16:33:33 INFO /Volumes/data/work/1duo-coremltools/coremltools/converters/mil/mil/passes/common_pass.py:34] Performing pass: "common::const_elimination"
[20200630 16:33:33 INFO /Volumes/data/work/1duo-coremltools/coremltools/converters/mil/mil/passes/common_pass.py:34] Performing pass: "common::loop_invariant_elimination"
[20200630 16:33:33 INFO /Volumes/data/work/1duo-coremltools/coremltools/converters/mil/mil/passes/common_pass.py:34] Performing pass: "common::remove_symbolic_reshape"
[20200630 16:33:33 INFO /Volumes/data/work/1duo-coremltools/coremltools/converters/mil/mil/passes/remove_symbolic_reshape.py:104] remove_symbolic_reshape: changed 0 reshapes.
[20200630 16:33:33 INFO /Volumes/data/work/1duo-coremltools/coremltools/converters/mil/mil/passes/common_pass.py:34] Performing pass: "common::fuse_gelu_tanh_approximation"
[20200630 16:33:33 INFO /Volumes/data/work/1duo-coremltools/coremltools/converters/mil/mil/passes/common_pass.py:34] Performing pass: "common::reduce_transposes"
[20200630 16:33:33 DEBUG /Volumes/data/work/1duo-coremltools/coremltools/converters/mil/mil/passes/reduce_transposes.py:989] Block before optimize transpose transform:
function(%input: (1, 1, 6, 5, fp32)) {
  block168() {
    %1: (3, 1, 1, 1, fp32)* = const(val=[[[[-0.005677700042724609]]], [[[0.32669126987457275]]], [[[-0.4085468053817749]]]], name="1")
    %2: (3,fp32)* = const(val=[0.17428219318389893, -0.37650394439697266, -0.3013523817062378], name="2")
    %21: (2,i32)* = const(val=[3, 3], name="21")
    %22: (2,i32)* = const(val=[1, 1], name="22")
    %23: (2,i32)* = const(val=[3, 3], name="23")
    %12: (bool)* = const(val=False, name="12")
    %24: (2,i32)* = const(val=[0, 0], name="24")
    %16: (i32)* = const(val=1, name="16")
    %17: (bool)* = const(val=False, name="17")
    %18: (bool)* = const(val=False, name="18")
    %19: (bool)* = const(val=True, name="19")
    %20_pad_type_149: (str)* = const(val="custom", name="20_pad_type_149")
    %20_pad_149: (4,i32)* = const(val=[1, 1, 1, 1], name="20_pad_149")
    %20: (1, 3, 3, 3, fp32) = conv(x=%input, weight=%1, bias=%2, strides=%21, pad_type=%20_pad_type_149, pad=%20_pad_149, dilations=%23, groups=%16, name="20")
  } -> (%20)
}

[20200630 16:33:33 DEBUG /Volumes/data/work/1duo-coremltools/coremltools/converters/mil/mil/passes/reduce_transposes.py:1024] Block after optimize transpose transform:
function(%input: (1, 1, 6, 5, fp32)) {
  block168() {
    %1: (3, 1, 1, 1, fp32)* = const(val=[[[[-0.005677700042724609]]], [[[0.32669126987457275]]], [[[-0.4085468053817749]]]], name="1")
    %2: (3,fp32)* = const(val=[0.17428219318389893, -0.37650394439697266, -0.3013523817062378], name="2")
    %21: (2,i32)* = const(val=[3, 3], name="21")
    %22: (2,i32)* = const(val=[1, 1], name="22")
    %23: (2,i32)* = const(val=[3, 3], name="23")
    %12: (bool)* = const(val=False, name="12")
    %24: (2,i32)* = const(val=[0, 0], name="24")
    %16: (i32)* = const(val=1, name="16")
    %17: (bool)* = const(val=False, name="17")
    %18: (bool)* = const(val=False, name="18")
    %19: (bool)* = const(val=True, name="19")
    %20_pad_type_149: (str)* = const(val="custom", name="20_pad_type_149")
    %20_pad_149: (4,i32)* = const(val=[1, 1, 1, 1], name="20_pad_149")
    %20: (1, 3, 3, 3, fp32) = conv(x=%input, weight=%1, bias=%2, strides=%21, pad_type=%20_pad_type_149, pad=%20_pad_149, dilations=%23, groups=%16, name="20")
  } -> (%20)
}

[20200630 16:33:33 INFO /Volumes/data/work/1duo-coremltools/coremltools/converters/mil/mil/passes/common_pass.py:34] Performing pass: "common::fuse_bias_conv"
[20200630 16:33:33 INFO /Volumes/data/work/1duo-coremltools/coremltools/converters/mil/mil/passes/common_pass.py:34] Performing pass: "common::fuse_elementwise_to_batchnorm"
[20200630 16:33:33 INFO /Volumes/data/work/1duo-coremltools/coremltools/converters/mil/mil/passes/common_pass.py:34] Performing pass: "common::fuse_onehot_matmul_to_gather"
[20200630 16:33:33 INFO /Volumes/data/work/1duo-coremltools/coremltools/converters/mil/mil/passes/common_pass.py:34] Performing pass: "common::fuse_layernorm_or_instancenorm"
[20200630 16:33:33 INFO /Volumes/data/work/1duo-coremltools/coremltools/converters/mil/mil/passes/common_pass.py:34] Performing pass: "common::dead_code_elimination"
[20200630 16:33:33 INFO /Volumes/data/work/1duo-coremltools/coremltools/converters/mil/mil/passes/dead_code_elimination.py:35] Removing op "19" (type: const)
[20200630 16:33:33 INFO /Volumes/data/work/1duo-coremltools/coremltools/converters/mil/mil/passes/dead_code_elimination.py:35] Removing op "18" (type: const)
[20200630 16:33:33 INFO /Volumes/data/work/1duo-coremltools/coremltools/converters/mil/mil/passes/dead_code_elimination.py:35] Removing op "17" (type: const)
[20200630 16:33:33 INFO /Volumes/data/work/1duo-coremltools/coremltools/converters/mil/mil/passes/dead_code_elimination.py:35] Removing op "24" (type: const)
[20200630 16:33:33 INFO /Volumes/data/work/1duo-coremltools/coremltools/converters/mil/mil/passes/dead_code_elimination.py:35] Removing op "12" (type: const)
[20200630 16:33:33 INFO /Volumes/data/work/1duo-coremltools/coremltools/converters/mil/mil/passes/dead_code_elimination.py:35] Removing op "22" (type: const)
[20200630 16:33:33 DEBUG /Volumes/data/work/1duo-coremltools/coremltools/converters/mil/mil/passes/common_pass.py:38] Program after common passes:
main(%input: (1, 1, 6, 5, fp32)) {
  block168() {
    %1: (3, 1, 1, 1, fp32)* = const(val=[[[[-0.005677700042724609]]], [[[0.32669126987457275]]], [[[-0.4085468053817749]]]], name="1")
    %2: (3,fp32)* = const(val=[0.17428219318389893, -0.37650394439697266, -0.3013523817062378], name="2")
    %21: (2,i32)* = const(val=[3, 3], name="21")
    %23: (2,i32)* = const(val=[3, 3], name="23")
    %16: (i32)* = const(val=1, name="16")
    %20_pad_type_149: (str)* = const(val="custom", name="20_pad_type_149")
    %20_pad_149: (4,i32)* = const(val=[1, 1, 1, 1], name="20_pad_149")
    %20: (1, 3, 3, 3, fp32) = conv(x=%input, weight=%1, bias=%2, strides=%21, pad_type=%20_pad_type_149, pad=%20_pad_149, dilations=%23, groups=%16, name="20")
  } -> (%20)
}

[20200630 16:33:33 INFO /Volumes/data/work/1duo-coremltools/coremltools/converters/mil/backend/nn/passes/nn_passes.py:22] Performing passes for nn_backend: "nn_backend::commingle_loop_vars"
[20200630 16:33:33 INFO /Volumes/data/work/1duo-coremltools/coremltools/converters/mil/backend/nn/passes/nn_passes.py:22] Performing passes for nn_backend: "nn_backend::handle_return_inputs_as_outputs"
[20200630 16:33:33 INFO /Volumes/data/work/1duo-coremltools/coremltools/converters/mil/backend/nn/passes/nn_passes.py:22] Performing passes for nn_backend: "common::const_elimination"
[20200630 16:33:33 INFO /Volumes/data/work/1duo-coremltools/coremltools/converters/mil/backend/nn/passes/nn_passes.py:22] Performing passes for nn_backend: "common::dead_code_elimination"
[20200630 16:33:33 INFO /Volumes/data/work/1duo-coremltools/coremltools/converters/mil/backend/nn/passes/nn_passes.py:22] Performing passes for nn_backend: "nn_backend::handle_unused_inputs"
[20200630 16:33:33 INFO /Volumes/data/work/1duo-coremltools/coremltools/converters/mil/backend/nn/passes/nn_passes.py:22] Performing passes for nn_backend: "nn_backend::alert_return_type_cast"
[20200630 16:33:33 DEBUG /Volumes/data/work/1duo-coremltools/coremltools/converters/mil/backend/nn/passes/nn_passes.py:26] Program after nn backend passes:
main(%input: (1, 1, 6, 5, fp32)) {
  block168() {
    %1: (3, 1, 1, 1, fp32)* = const(val=[[[[-0.005677700042724609]]], [[[0.32669126987457275]]], [[[-0.4085468053817749]]]], name="1")
    %2: (3,fp32)* = const(val=[0.17428219318389893, -0.37650394439697266, -0.3013523817062378], name="2")
    %21: (2,i32)* = const(val=[3, 3], name="21")
    %23: (2,i32)* = const(val=[3, 3], name="23")
    %16: (i32)* = const(val=1, name="16")
    %20_pad_type_149: (str)* = const(val="custom", name="20_pad_type_149")
    %20_pad_149: (4,i32)* = const(val=[1, 1, 1, 1], name="20_pad_149")
    %20: (1, 3, 3, 3, fp32) = conv(x=%input, weight=%1, bias=%2, strides=%21, pad_type=%20_pad_type_149, pad=%20_pad_149, dilations=%23, groups=%16, name="20")
  } -> (%20)
}

[20200630 16:33:33 INFO /Volumes/data/work/1duo-coremltools/coremltools/converters/mil/frontend/torch/converter.py:269] Converting graph.
[20200630 16:33:33 INFO /Volumes/data/work/1duo-coremltools/coremltools/converters/mil/mil/builder.py:181] Adding op '1' of type const
[20200630 16:33:33 INFO /Volumes/data/work/1duo-coremltools/coremltools/converters/mil/mil/builder.py:181] Adding op '2' of type const
[20200630 16:33:33 INFO /Volumes/data/work/1duo-coremltools/coremltools/converters/mil/frontend/torch/ops.py:49] Converting op 21 : constant
[20200630 16:33:33 INFO /Volumes/data/work/1duo-coremltools/coremltools/converters/mil/mil/builder.py:181] Adding op '21' of type const
[20200630 16:33:33 INFO /Volumes/data/work/1duo-coremltools/coremltools/converters/mil/frontend/torch/ops.py:49] Converting op 22 : constant
[20200630 16:33:33 INFO /Volumes/data/work/1duo-coremltools/coremltools/converters/mil/mil/builder.py:181] Adding op '22' of type const
[20200630 16:33:33 INFO /Volumes/data/work/1duo-coremltools/coremltools/converters/mil/frontend/torch/ops.py:49] Converting op 23 : constant
[20200630 16:33:33 INFO /Volumes/data/work/1duo-coremltools/coremltools/converters/mil/mil/builder.py:181] Adding op '23' of type const
[20200630 16:33:33 INFO /Volumes/data/work/1duo-coremltools/coremltools/converters/mil/frontend/torch/ops.py:49] Converting op 12 : constant
[20200630 16:33:33 INFO /Volumes/data/work/1duo-coremltools/coremltools/converters/mil/mil/builder.py:181] Adding op '12' of type const
[20200630 16:33:33 INFO /Volumes/data/work/1duo-coremltools/coremltools/converters/mil/frontend/torch/ops.py:49] Converting op 24 : constant
[20200630 16:33:33 INFO /Volumes/data/work/1duo-coremltools/coremltools/converters/mil/mil/builder.py:181] Adding op '24' of type const
[20200630 16:33:33 INFO /Volumes/data/work/1duo-coremltools/coremltools/converters/mil/frontend/torch/ops.py:49] Converting op 16 : constant
[20200630 16:33:33 INFO /Volumes/data/work/1duo-coremltools/coremltools/converters/mil/mil/builder.py:181] Adding op '16' of type const
[20200630 16:33:33 INFO /Volumes/data/work/1duo-coremltools/coremltools/converters/mil/frontend/torch/ops.py:49] Converting op 17 : constant
[20200630 16:33:33 INFO /Volumes/data/work/1duo-coremltools/coremltools/converters/mil/mil/builder.py:181] Adding op '17' of type const
[20200630 16:33:33 INFO /Volumes/data/work/1duo-coremltools/coremltools/converters/mil/frontend/torch/ops.py:49] Converting op 18 : constant
[20200630 16:33:33 INFO /Volumes/data/work/1duo-coremltools/coremltools/converters/mil/mil/builder.py:181] Adding op '18' of type const
[20200630 16:33:33 INFO /Volumes/data/work/1duo-coremltools/coremltools/converters/mil/frontend/torch/ops.py:49] Converting op 19 : constant
[20200630 16:33:33 INFO /Volumes/data/work/1duo-coremltools/coremltools/converters/mil/mil/builder.py:181] Adding op '19' of type const
[20200630 16:33:33 INFO /Volumes/data/work/1duo-coremltools/coremltools/converters/mil/frontend/torch/ops.py:49] Converting op 20 : _convolution
[20200630 16:33:33 INFO /Volumes/data/work/1duo-coremltools/coremltools/converters/mil/mil/builder.py:181] Adding op '20' of type conv
[20200630 16:33:33 DEBUG /Volumes/data/work/1duo-coremltools/coremltools/converters/mil/mil/builder.py:93] Adding const op '20_pad_type_150'
[20200630 16:33:33 INFO /Volumes/data/work/1duo-coremltools/coremltools/converters/mil/mil/builder.py:181] Adding op '20_pad_type_150' of type const
[20200630 16:33:33 DEBUG /Volumes/data/work/1duo-coremltools/coremltools/converters/mil/mil/builder.py:93] Adding const op '20_pad_150'
[20200630 16:33:33 INFO /Volumes/data/work/1duo-coremltools/coremltools/converters/mil/mil/builder.py:181] Adding op '20_pad_150' of type const
[20200630 16:33:33 DEBUG /Volumes/data/work/1duo-coremltools/coremltools/converters/mil/mil/passes/common_pass.py:30] Program before common passes:
main(%input: (1, 1, 6, 5, fp32)) {
  block169() {
    %1: (3, 1, 1, 1, fp32)* = const(val=[[[[0.08416342735290527]]], [[[0.8776102066040039]]], [[[0.008457183837890625]]]], name="1")
    %2: (3,fp32)* = const(val=[0.6963040828704834, -0.3598214387893677, 0.0289456844329834], name="2")
    %21: (2,i32)* = const(val=[3, 3], name="21")
    %22: (2,i32)* = const(val=[3, 3], name="22")
    %23: (2,i32)* = const(val=[1, 1], name="23")
    %12: (bool)* = const(val=False, name="12")
    %24: (2,i32)* = const(val=[0, 0], name="24")
    %16: (i32)* = const(val=1, name="16")
    %17: (bool)* = const(val=False, name="17")
    %18: (bool)* = const(val=False, name="18")
    %19: (bool)* = const(val=True, name="19")
    %20_pad_type_150: (str)* = const(val="custom", name="20_pad_type_150")
    %20_pad_150: (4,i32)* = const(val=[3, 3, 3, 3], name="20_pad_150")
    %20: (1, 3, 4, 4, fp32) = conv(x=%input, weight=%1, bias=%2, strides=%21, pad_type=%20_pad_type_150, pad=%20_pad_150, dilations=%23, groups=%16, name="20")
  } -> (%20)
}

[20200630 16:33:33 INFO /Volumes/data/work/1duo-coremltools/coremltools/converters/mil/mil/passes/common_pass.py:34] Performing pass: "common::const_elimination"
[20200630 16:33:33 INFO /Volumes/data/work/1duo-coremltools/coremltools/converters/mil/mil/passes/common_pass.py:34] Performing pass: "common::divide_to_multiply"
[20200630 16:33:33 INFO /Volumes/data/work/1duo-coremltools/coremltools/converters/mil/mil/passes/common_pass.py:34] Performing pass: "common::fuse_matmul_weight_bias"
[20200630 16:33:33 INFO /Volumes/data/work/1duo-coremltools/coremltools/converters/mil/mil/passes/common_pass.py:34] Performing pass: "common::const_elimination"
[20200630 16:33:33 INFO /Volumes/data/work/1duo-coremltools/coremltools/converters/mil/mil/passes/common_pass.py:34] Performing pass: "common::loop_invariant_elimination"
[20200630 16:33:33 INFO /Volumes/data/work/1duo-coremltools/coremltools/converters/mil/mil/passes/common_pass.py:34] Performing pass: "common::remove_symbolic_reshape"
[20200630 16:33:33 INFO /Volumes/data/work/1duo-coremltools/coremltools/converters/mil/mil/passes/remove_symbolic_reshape.py:104] remove_symbolic_reshape: changed 0 reshapes.
[20200630 16:33:33 INFO /Volumes/data/work/1duo-coremltools/coremltools/converters/mil/mil/passes/common_pass.py:34] Performing pass: "common::fuse_gelu_tanh_approximation"
[20200630 16:33:33 INFO /Volumes/data/work/1duo-coremltools/coremltools/converters/mil/mil/passes/common_pass.py:34] Performing pass: "common::reduce_transposes"
[20200630 16:33:33 DEBUG /Volumes/data/work/1duo-coremltools/coremltools/converters/mil/mil/passes/reduce_transposes.py:989] Block before optimize transpose transform:
function(%input: (1, 1, 6, 5, fp32)) {
  block169() {
    %1: (3, 1, 1, 1, fp32)* = const(val=[[[[0.08416342735290527]]], [[[0.8776102066040039]]], [[[0.008457183837890625]]]], name="1")
    %2: (3,fp32)* = const(val=[0.6963040828704834, -0.3598214387893677, 0.0289456844329834], name="2")
    %21: (2,i32)* = const(val=[3, 3], name="21")
    %22: (2,i32)* = const(val=[3, 3], name="22")
    %23: (2,i32)* = const(val=[1, 1], name="23")
    %12: (bool)* = const(val=False, name="12")
    %24: (2,i32)* = const(val=[0, 0], name="24")
    %16: (i32)* = const(val=1, name="16")
    %17: (bool)* = const(val=False, name="17")
    %18: (bool)* = const(val=False, name="18")
    %19: (bool)* = const(val=True, name="19")
    %20_pad_type_150: (str)* = const(val="custom", name="20_pad_type_150")
    %20_pad_150: (4,i32)* = const(val=[3, 3, 3, 3], name="20_pad_150")
    %20: (1, 3, 4, 4, fp32) = conv(x=%input, weight=%1, bias=%2, strides=%21, pad_type=%20_pad_type_150, pad=%20_pad_150, dilations=%23, groups=%16, name="20")
  } -> (%20)
}

[20200630 16:33:33 DEBUG /Volumes/data/work/1duo-coremltools/coremltools/converters/mil/mil/passes/reduce_transposes.py:1024] Block after optimize transpose transform:
function(%input: (1, 1, 6, 5, fp32)) {
  block169() {
    %1: (3, 1, 1, 1, fp32)* = const(val=[[[[0.08416342735290527]]], [[[0.8776102066040039]]], [[[0.008457183837890625]]]], name="1")
    %2: (3,fp32)* = const(val=[0.6963040828704834, -0.3598214387893677, 0.0289456844329834], name="2")
    %21: (2,i32)* = const(val=[3, 3], name="21")
    %22: (2,i32)* = const(val=[3, 3], name="22")
    %23: (2,i32)* = const(val=[1, 1], name="23")
    %12: (bool)* = const(val=False, name="12")
    %24: (2,i32)* = const(val=[0, 0], name="24")
    %16: (i32)* = const(val=1, name="16")
    %17: (bool)* = const(val=False, name="17")
    %18: (bool)* = const(val=False, name="18")
    %19: (bool)* = const(val=True, name="19")
    %20_pad_type_150: (str)* = const(val="custom", name="20_pad_type_150")
    %20_pad_150: (4,i32)* = const(val=[3, 3, 3, 3], name="20_pad_150")
    %20: (1, 3, 4, 4, fp32) = conv(x=%input, weight=%1, bias=%2, strides=%21, pad_type=%20_pad_type_150, pad=%20_pad_150, dilations=%23, groups=%16, name="20")
  } -> (%20)
}

[20200630 16:33:33 INFO /Volumes/data/work/1duo-coremltools/coremltools/converters/mil/mil/passes/common_pass.py:34] Performing pass: "common::fuse_bias_conv"
[20200630 16:33:33 INFO /Volumes/data/work/1duo-coremltools/coremltools/converters/mil/mil/passes/common_pass.py:34] Performing pass: "common::fuse_elementwise_to_batchnorm"
[20200630 16:33:33 INFO /Volumes/data/work/1duo-coremltools/coremltools/converters/mil/mil/passes/common_pass.py:34] Performing pass: "common::fuse_onehot_matmul_to_gather"
[20200630 16:33:33 INFO /Volumes/data/work/1duo-coremltools/coremltools/converters/mil/mil/passes/common_pass.py:34] Performing pass: "common::fuse_layernorm_or_instancenorm"
[20200630 16:33:33 INFO /Volumes/data/work/1duo-coremltools/coremltools/converters/mil/mil/passes/common_pass.py:34] Performing pass: "common::dead_code_elimination"
[20200630 16:33:33 INFO /Volumes/data/work/1duo-coremltools/coremltools/converters/mil/mil/passes/dead_code_elimination.py:35] Removing op "19" (type: const)
[20200630 16:33:33 INFO /Volumes/data/work/1duo-coremltools/coremltools/converters/mil/mil/passes/dead_code_elimination.py:35] Removing op "18" (type: const)
[20200630 16:33:33 INFO /Volumes/data/work/1duo-coremltools/coremltools/converters/mil/mil/passes/dead_code_elimination.py:35] Removing op "17" (type: const)
[20200630 16:33:33 INFO /Volumes/data/work/1duo-coremltools/coremltools/converters/mil/mil/passes/dead_code_elimination.py:35] Removing op "24" (type: const)
[20200630 16:33:33 INFO /Volumes/data/work/1duo-coremltools/coremltools/converters/mil/mil/passes/dead_code_elimination.py:35] Removing op "12" (type: const)
[20200630 16:33:33 INFO /Volumes/data/work/1duo-coremltools/coremltools/converters/mil/mil/passes/dead_code_elimination.py:35] Removing op "22" (type: const)
[20200630 16:33:33 DEBUG /Volumes/data/work/1duo-coremltools/coremltools/converters/mil/mil/passes/common_pass.py:38] Program after common passes:
main(%input: (1, 1, 6, 5, fp32)) {
  block169() {
    %1: (3, 1, 1, 1, fp32)* = const(val=[[[[0.08416342735290527]]], [[[0.8776102066040039]]], [[[0.008457183837890625]]]], name="1")
    %2: (3,fp32)* = const(val=[0.6963040828704834, -0.3598214387893677, 0.0289456844329834], name="2")
    %21: (2,i32)* = const(val=[3, 3], name="21")
    %23: (2,i32)* = const(val=[1, 1], name="23")
    %16: (i32)* = const(val=1, name="16")
    %20_pad_type_150: (str)* = const(val="custom", name="20_pad_type_150")
    %20_pad_150: (4,i32)* = const(val=[3, 3, 3, 3], name="20_pad_150")
    %20: (1, 3, 4, 4, fp32) = conv(x=%input, weight=%1, bias=%2, strides=%21, pad_type=%20_pad_type_150, pad=%20_pad_150, dilations=%23, groups=%16, name="20")
  } -> (%20)
}

[20200630 16:33:33 INFO /Volumes/data/work/1duo-coremltools/coremltools/converters/mil/backend/nn/passes/nn_passes.py:22] Performing passes for nn_backend: "nn_backend::commingle_loop_vars"
[20200630 16:33:33 INFO /Volumes/data/work/1duo-coremltools/coremltools/converters/mil/backend/nn/passes/nn_passes.py:22] Performing passes for nn_backend: "nn_backend::handle_return_inputs_as_outputs"
[20200630 16:33:33 INFO /Volumes/data/work/1duo-coremltools/coremltools/converters/mil/backend/nn/passes/nn_passes.py:22] Performing passes for nn_backend: "common::const_elimination"
[20200630 16:33:33 INFO /Volumes/data/work/1duo-coremltools/coremltools/converters/mil/backend/nn/passes/nn_passes.py:22] Performing passes for nn_backend: "common::dead_code_elimination"
[20200630 16:33:33 INFO /Volumes/data/work/1duo-coremltools/coremltools/converters/mil/backend/nn/passes/nn_passes.py:22] Performing passes for nn_backend: "nn_backend::handle_unused_inputs"
[20200630 16:33:33 INFO /Volumes/data/work/1duo-coremltools/coremltools/converters/mil/backend/nn/passes/nn_passes.py:22] Performing passes for nn_backend: "nn_backend::alert_return_type_cast"
[20200630 16:33:33 DEBUG /Volumes/data/work/1duo-coremltools/coremltools/converters/mil/backend/nn/passes/nn_passes.py:26] Program after nn backend passes:
main(%input: (1, 1, 6, 5, fp32)) {
  block169() {
    %1: (3, 1, 1, 1, fp32)* = const(val=[[[[0.08416342735290527]]], [[[0.8776102066040039]]], [[[0.008457183837890625]]]], name="1")
    %2: (3,fp32)* = const(val=[0.6963040828704834, -0.3598214387893677, 0.0289456844329834], name="2")
    %21: (2,i32)* = const(val=[3, 3], name="21")
    %23: (2,i32)* = const(val=[1, 1], name="23")
    %16: (i32)* = const(val=1, name="16")
    %20_pad_type_150: (str)* = const(val="custom", name="20_pad_type_150")
    %20_pad_150: (4,i32)* = const(val=[3, 3, 3, 3], name="20_pad_150")
    %20: (1, 3, 4, 4, fp32) = conv(x=%input, weight=%1, bias=%2, strides=%21, pad_type=%20_pad_type_150, pad=%20_pad_150, dilations=%23, groups=%16, name="20")
  } -> (%20)
}

[20200630 16:33:33 INFO /Volumes/data/work/1duo-coremltools/coremltools/converters/mil/frontend/torch/converter.py:269] Converting graph.
[20200630 16:33:33 INFO /Volumes/data/work/1duo-coremltools/coremltools/converters/mil/mil/builder.py:181] Adding op '1' of type const
[20200630 16:33:33 INFO /Volumes/data/work/1duo-coremltools/coremltools/converters/mil/mil/builder.py:181] Adding op '2' of type const
[20200630 16:33:33 INFO /Volumes/data/work/1duo-coremltools/coremltools/converters/mil/frontend/torch/ops.py:49] Converting op 21 : constant
[20200630 16:33:33 INFO /Volumes/data/work/1duo-coremltools/coremltools/converters/mil/mil/builder.py:181] Adding op '21' of type const
[20200630 16:33:33 INFO /Volumes/data/work/1duo-coremltools/coremltools/converters/mil/frontend/torch/ops.py:49] Converting op 22 : constant
[20200630 16:33:33 INFO /Volumes/data/work/1duo-coremltools/coremltools/converters/mil/mil/builder.py:181] Adding op '22' of type const
[20200630 16:33:33 INFO /Volumes/data/work/1duo-coremltools/coremltools/converters/mil/frontend/torch/ops.py:49] Converting op 23 : constant
[20200630 16:33:33 INFO /Volumes/data/work/1duo-coremltools/coremltools/converters/mil/mil/builder.py:181] Adding op '23' of type const
[20200630 16:33:33 INFO /Volumes/data/work/1duo-coremltools/coremltools/converters/mil/frontend/torch/ops.py:49] Converting op 12 : constant
[20200630 16:33:33 INFO /Volumes/data/work/1duo-coremltools/coremltools/converters/mil/mil/builder.py:181] Adding op '12' of type const
[20200630 16:33:33 INFO /Volumes/data/work/1duo-coremltools/coremltools/converters/mil/frontend/torch/ops.py:49] Converting op 24 : constant
[20200630 16:33:33 INFO /Volumes/data/work/1duo-coremltools/coremltools/converters/mil/mil/builder.py:181] Adding op '24' of type const
[20200630 16:33:33 INFO /Volumes/data/work/1duo-coremltools/coremltools/converters/mil/frontend/torch/ops.py:49] Converting op 16 : constant
[20200630 16:33:33 INFO /Volumes/data/work/1duo-coremltools/coremltools/converters/mil/mil/builder.py:181] Adding op '16' of type const
[20200630 16:33:33 INFO /Volumes/data/work/1duo-coremltools/coremltools/converters/mil/frontend/torch/ops.py:49] Converting op 17 : constant
[20200630 16:33:33 INFO /Volumes/data/work/1duo-coremltools/coremltools/converters/mil/mil/builder.py:181] Adding op '17' of type const
[20200630 16:33:33 INFO /Volumes/data/work/1duo-coremltools/coremltools/converters/mil/frontend/torch/ops.py:49] Converting op 18 : constant
[20200630 16:33:33 INFO /Volumes/data/work/1duo-coremltools/coremltools/converters/mil/mil/builder.py:181] Adding op '18' of type const
[20200630 16:33:33 INFO /Volumes/data/work/1duo-coremltools/coremltools/converters/mil/frontend/torch/ops.py:49] Converting op 19 : constant
[20200630 16:33:33 INFO /Volumes/data/work/1duo-coremltools/coremltools/converters/mil/mil/builder.py:181] Adding op '19' of type const
[20200630 16:33:33 INFO /Volumes/data/work/1duo-coremltools/coremltools/converters/mil/frontend/torch/ops.py:49] Converting op 20 : _convolution
[20200630 16:33:33 INFO /Volumes/data/work/1duo-coremltools/coremltools/converters/mil/mil/builder.py:181] Adding op '20' of type conv
[20200630 16:33:33 DEBUG /Volumes/data/work/1duo-coremltools/coremltools/converters/mil/mil/builder.py:93] Adding const op '20_pad_type_151'
[20200630 16:33:33 INFO /Volumes/data/work/1duo-coremltools/coremltools/converters/mil/mil/builder.py:181] Adding op '20_pad_type_151' of type const
[20200630 16:33:33 DEBUG /Volumes/data/work/1duo-coremltools/coremltools/converters/mil/mil/builder.py:93] Adding const op '20_pad_151'
[20200630 16:33:33 INFO /Volumes/data/work/1duo-coremltools/coremltools/converters/mil/mil/builder.py:181] Adding op '20_pad_151' of type const
[20200630 16:33:33 DEBUG /Volumes/data/work/1duo-coremltools/coremltools/converters/mil/mil/passes/common_pass.py:30] Program before common passes:
main(%input: (1, 1, 6, 5, fp32)) {
  block170() {
    %1: (3, 1, 1, 1, fp32)* = const(val=[[[[-0.1073230504989624]]], [[[-0.9746122360229492]]], [[[0.8152490854263306]]]], name="1")
    %2: (3,fp32)* = const(val=[-0.5800495147705078, 0.46582257747650146, 0.026448369026184082], name="2")
    %21: (2,i32)* = const(val=[3, 3], name="21")
    %22: (2,i32)* = const(val=[3, 3], name="22")
    %23: (2,i32)* = const(val=[3, 3], name="23")
    %12: (bool)* = const(val=False, name="12")
    %24: (2,i32)* = const(val=[0, 0], name="24")
    %16: (i32)* = const(val=1, name="16")
    %17: (bool)* = const(val=False, name="17")
    %18: (bool)* = const(val=False, name="18")
    %19: (bool)* = const(val=True, name="19")
    %20_pad_type_151: (str)* = const(val="custom", name="20_pad_type_151")
    %20_pad_151: (4,i32)* = const(val=[3, 3, 3, 3], name="20_pad_151")
    %20: (1, 3, 4, 4, fp32) = conv(x=%input, weight=%1, bias=%2, strides=%21, pad_type=%20_pad_type_151, pad=%20_pad_151, dilations=%23, groups=%16, name="20")
  } -> (%20)
}

[20200630 16:33:33 INFO /Volumes/data/work/1duo-coremltools/coremltools/converters/mil/mil/passes/common_pass.py:34] Performing pass: "common::const_elimination"
[20200630 16:33:33 INFO /Volumes/data/work/1duo-coremltools/coremltools/converters/mil/mil/passes/common_pass.py:34] Performing pass: "common::divide_to_multiply"
[20200630 16:33:33 INFO /Volumes/data/work/1duo-coremltools/coremltools/converters/mil/mil/passes/common_pass.py:34] Performing pass: "common::fuse_matmul_weight_bias"
[20200630 16:33:33 INFO /Volumes/data/work/1duo-coremltools/coremltools/converters/mil/mil/passes/common_pass.py:34] Performing pass: "common::const_elimination"
[20200630 16:33:33 INFO /Volumes/data/work/1duo-coremltools/coremltools/converters/mil/mil/passes/common_pass.py:34] Performing pass: "common::loop_invariant_elimination"
[20200630 16:33:33 INFO /Volumes/data/work/1duo-coremltools/coremltools/converters/mil/mil/passes/common_pass.py:34] Performing pass: "common::remove_symbolic_reshape"
[20200630 16:33:33 INFO /Volumes/data/work/1duo-coremltools/coremltools/converters/mil/mil/passes/remove_symbolic_reshape.py:104] remove_symbolic_reshape: changed 0 reshapes.
[20200630 16:33:33 INFO /Volumes/data/work/1duo-coremltools/coremltools/converters/mil/mil/passes/common_pass.py:34] Performing pass: "common::fuse_gelu_tanh_approximation"
[20200630 16:33:33 INFO /Volumes/data/work/1duo-coremltools/coremltools/converters/mil/mil/passes/common_pass.py:34] Performing pass: "common::reduce_transposes"
[20200630 16:33:33 DEBUG /Volumes/data/work/1duo-coremltools/coremltools/converters/mil/mil/passes/reduce_transposes.py:989] Block before optimize transpose transform:
function(%input: (1, 1, 6, 5, fp32)) {
  block170() {
    %1: (3, 1, 1, 1, fp32)* = const(val=[[[[-0.1073230504989624]]], [[[-0.9746122360229492]]], [[[0.8152490854263306]]]], name="1")
    %2: (3,fp32)* = const(val=[-0.5800495147705078, 0.46582257747650146, 0.026448369026184082], name="2")
    %21: (2,i32)* = const(val=[3, 3], name="21")
    %22: (2,i32)* = const(val=[3, 3], name="22")
    %23: (2,i32)* = const(val=[3, 3], name="23")
    %12: (bool)* = const(val=False, name="12")
    %24: (2,i32)* = const(val=[0, 0], name="24")
    %16: (i32)* = const(val=1, name="16")
    %17: (bool)* = const(val=False, name="17")
    %18: (bool)* = const(val=False, name="18")
    %19: (bool)* = const(val=True, name="19")
    %20_pad_type_151: (str)* = const(val="custom", name="20_pad_type_151")
    %20_pad_151: (4,i32)* = const(val=[3, 3, 3, 3], name="20_pad_151")
    %20: (1, 3, 4, 4, fp32) = conv(x=%input, weight=%1, bias=%2, strides=%21, pad_type=%20_pad_type_151, pad=%20_pad_151, dilations=%23, groups=%16, name="20")
  } -> (%20)
}

[20200630 16:33:33 DEBUG /Volumes/data/work/1duo-coremltools/coremltools/converters/mil/mil/passes/reduce_transposes.py:1024] Block after optimize transpose transform:
function(%input: (1, 1, 6, 5, fp32)) {
  block170() {
    %1: (3, 1, 1, 1, fp32)* = const(val=[[[[-0.1073230504989624]]], [[[-0.9746122360229492]]], [[[0.8152490854263306]]]], name="1")
    %2: (3,fp32)* = const(val=[-0.5800495147705078, 0.46582257747650146, 0.026448369026184082], name="2")
    %21: (2,i32)* = const(val=[3, 3], name="21")
    %22: (2,i32)* = const(val=[3, 3], name="22")
    %23: (2,i32)* = const(val=[3, 3], name="23")
    %12: (bool)* = const(val=False, name="12")
    %24: (2,i32)* = const(val=[0, 0], name="24")
    %16: (i32)* = const(val=1, name="16")
    %17: (bool)* = const(val=False, name="17")
    %18: (bool)* = const(val=False, name="18")
    %19: (bool)* = const(val=True, name="19")
    %20_pad_type_151: (str)* = const(val="custom", name="20_pad_type_151")
    %20_pad_151: (4,i32)* = const(val=[3, 3, 3, 3], name="20_pad_151")
    %20: (1, 3, 4, 4, fp32) = conv(x=%input, weight=%1, bias=%2, strides=%21, pad_type=%20_pad_type_151, pad=%20_pad_151, dilations=%23, groups=%16, name="20")
  } -> (%20)
}

[20200630 16:33:33 INFO /Volumes/data/work/1duo-coremltools/coremltools/converters/mil/mil/passes/common_pass.py:34] Performing pass: "common::fuse_bias_conv"
[20200630 16:33:33 INFO /Volumes/data/work/1duo-coremltools/coremltools/converters/mil/mil/passes/common_pass.py:34] Performing pass: "common::fuse_elementwise_to_batchnorm"
[20200630 16:33:33 INFO /Volumes/data/work/1duo-coremltools/coremltools/converters/mil/mil/passes/common_pass.py:34] Performing pass: "common::fuse_onehot_matmul_to_gather"
[20200630 16:33:33 INFO /Volumes/data/work/1duo-coremltools/coremltools/converters/mil/mil/passes/common_pass.py:34] Performing pass: "common::fuse_layernorm_or_instancenorm"
[20200630 16:33:33 INFO /Volumes/data/work/1duo-coremltools/coremltools/converters/mil/mil/passes/common_pass.py:34] Performing pass: "common::dead_code_elimination"
[20200630 16:33:33 INFO /Volumes/data/work/1duo-coremltools/coremltools/converters/mil/mil/passes/dead_code_elimination.py:35] Removing op "19" (type: const)
[20200630 16:33:33 INFO /Volumes/data/work/1duo-coremltools/coremltools/converters/mil/mil/passes/dead_code_elimination.py:35] Removing op "18" (type: const)
[20200630 16:33:33 INFO /Volumes/data/work/1duo-coremltools/coremltools/converters/mil/mil/passes/dead_code_elimination.py:35] Removing op "17" (type: const)
[20200630 16:33:33 INFO /Volumes/data/work/1duo-coremltools/coremltools/converters/mil/mil/passes/dead_code_elimination.py:35] Removing op "24" (type: const)
[20200630 16:33:33 INFO /Volumes/data/work/1duo-coremltools/coremltools/converters/mil/mil/passes/dead_code_elimination.py:35] Removing op "12" (type: const)
[20200630 16:33:33 INFO /Volumes/data/work/1duo-coremltools/coremltools/converters/mil/mil/passes/dead_code_elimination.py:35] Removing op "22" (type: const)
[20200630 16:33:33 DEBUG /Volumes/data/work/1duo-coremltools/coremltools/converters/mil/mil/passes/common_pass.py:38] Program after common passes:
main(%input: (1, 1, 6, 5, fp32)) {
  block170() {
    %1: (3, 1, 1, 1, fp32)* = const(val=[[[[-0.1073230504989624]]], [[[-0.9746122360229492]]], [[[0.8152490854263306]]]], name="1")
    %2: (3,fp32)* = const(val=[-0.5800495147705078, 0.46582257747650146, 0.026448369026184082], name="2")
    %21: (2,i32)* = const(val=[3, 3], name="21")
    %23: (2,i32)* = const(val=[3, 3], name="23")
    %16: (i32)* = const(val=1, name="16")
    %20_pad_type_151: (str)* = const(val="custom", name="20_pad_type_151")
    %20_pad_151: (4,i32)* = const(val=[3, 3, 3, 3], name="20_pad_151")
    %20: (1, 3, 4, 4, fp32) = conv(x=%input, weight=%1, bias=%2, strides=%21, pad_type=%20_pad_type_151, pad=%20_pad_151, dilations=%23, groups=%16, name="20")
  } -> (%20)
}

[20200630 16:33:33 INFO /Volumes/data/work/1duo-coremltools/coremltools/converters/mil/backend/nn/passes/nn_passes.py:22] Performing passes for nn_backend: "nn_backend::commingle_loop_vars"
[20200630 16:33:33 INFO /Volumes/data/work/1duo-coremltools/coremltools/converters/mil/backend/nn/passes/nn_passes.py:22] Performing passes for nn_backend: "nn_backend::handle_return_inputs_as_outputs"
[20200630 16:33:33 INFO /Volumes/data/work/1duo-coremltools/coremltools/converters/mil/backend/nn/passes/nn_passes.py:22] Performing passes for nn_backend: "common::const_elimination"
[20200630 16:33:33 INFO /Volumes/data/work/1duo-coremltools/coremltools/converters/mil/backend/nn/passes/nn_passes.py:22] Performing passes for nn_backend: "common::dead_code_elimination"
[20200630 16:33:33 INFO /Volumes/data/work/1duo-coremltools/coremltools/converters/mil/backend/nn/passes/nn_passes.py:22] Performing passes for nn_backend: "nn_backend::handle_unused_inputs"
[20200630 16:33:33 INFO /Volumes/data/work/1duo-coremltools/coremltools/converters/mil/backend/nn/passes/nn_passes.py:22] Performing passes for nn_backend: "nn_backend::alert_return_type_cast"
[20200630 16:33:33 DEBUG /Volumes/data/work/1duo-coremltools/coremltools/converters/mil/backend/nn/passes/nn_passes.py:26] Program after nn backend passes:
main(%input: (1, 1, 6, 5, fp32)) {
  block170() {
    %1: (3, 1, 1, 1, fp32)* = const(val=[[[[-0.1073230504989624]]], [[[-0.9746122360229492]]], [[[0.8152490854263306]]]], name="1")
    %2: (3,fp32)* = const(val=[-0.5800495147705078, 0.46582257747650146, 0.026448369026184082], name="2")
    %21: (2,i32)* = const(val=[3, 3], name="21")
    %23: (2,i32)* = const(val=[3, 3], name="23")
    %16: (i32)* = const(val=1, name="16")
    %20_pad_type_151: (str)* = const(val="custom", name="20_pad_type_151")
    %20_pad_151: (4,i32)* = const(val=[3, 3, 3, 3], name="20_pad_151")
    %20: (1, 3, 4, 4, fp32) = conv(x=%input, weight=%1, bias=%2, strides=%21, pad_type=%20_pad_type_151, pad=%20_pad_151, dilations=%23, groups=%16, name="20")
  } -> (%20)
}

[20200630 16:33:33 INFO /Volumes/data/work/1duo-coremltools/coremltools/converters/mil/frontend/torch/converter.py:269] Converting graph.
[20200630 16:33:33 INFO /Volumes/data/work/1duo-coremltools/coremltools/converters/mil/mil/builder.py:181] Adding op '1' of type const
[20200630 16:33:33 INFO /Volumes/data/work/1duo-coremltools/coremltools/converters/mil/mil/builder.py:181] Adding op '2' of type const
[20200630 16:33:33 INFO /Volumes/data/work/1duo-coremltools/coremltools/converters/mil/frontend/torch/ops.py:49] Converting op 21 : constant
[20200630 16:33:33 INFO /Volumes/data/work/1duo-coremltools/coremltools/converters/mil/mil/builder.py:181] Adding op '21' of type const
[20200630 16:33:33 INFO /Volumes/data/work/1duo-coremltools/coremltools/converters/mil/frontend/torch/ops.py:49] Converting op 22 : constant
[20200630 16:33:33 INFO /Volumes/data/work/1duo-coremltools/coremltools/converters/mil/mil/builder.py:181] Adding op '22' of type const
[20200630 16:33:33 INFO /Volumes/data/work/1duo-coremltools/coremltools/converters/mil/frontend/torch/ops.py:49] Converting op 23 : constant
[20200630 16:33:33 INFO /Volumes/data/work/1duo-coremltools/coremltools/converters/mil/mil/builder.py:181] Adding op '23' of type const
[20200630 16:33:33 INFO /Volumes/data/work/1duo-coremltools/coremltools/converters/mil/frontend/torch/ops.py:49] Converting op 12 : constant
[20200630 16:33:33 INFO /Volumes/data/work/1duo-coremltools/coremltools/converters/mil/mil/builder.py:181] Adding op '12' of type const
[20200630 16:33:33 INFO /Volumes/data/work/1duo-coremltools/coremltools/converters/mil/frontend/torch/ops.py:49] Converting op 24 : constant
[20200630 16:33:33 INFO /Volumes/data/work/1duo-coremltools/coremltools/converters/mil/mil/builder.py:181] Adding op '24' of type const
[20200630 16:33:33 INFO /Volumes/data/work/1duo-coremltools/coremltools/converters/mil/frontend/torch/ops.py:49] Converting op 16 : constant
[20200630 16:33:33 INFO /Volumes/data/work/1duo-coremltools/coremltools/converters/mil/mil/builder.py:181] Adding op '16' of type const
[20200630 16:33:33 INFO /Volumes/data/work/1duo-coremltools/coremltools/converters/mil/frontend/torch/ops.py:49] Converting op 17 : constant
[20200630 16:33:33 INFO /Volumes/data/work/1duo-coremltools/coremltools/converters/mil/mil/builder.py:181] Adding op '17' of type const
[20200630 16:33:33 INFO /Volumes/data/work/1duo-coremltools/coremltools/converters/mil/frontend/torch/ops.py:49] Converting op 18 : constant
[20200630 16:33:33 INFO /Volumes/data/work/1duo-coremltools/coremltools/converters/mil/mil/builder.py:181] Adding op '18' of type const
[20200630 16:33:33 INFO /Volumes/data/work/1duo-coremltools/coremltools/converters/mil/frontend/torch/ops.py:49] Converting op 19 : constant
[20200630 16:33:33 INFO /Volumes/data/work/1duo-coremltools/coremltools/converters/mil/mil/builder.py:181] Adding op '19' of type const
[20200630 16:33:33 INFO /Volumes/data/work/1duo-coremltools/coremltools/converters/mil/frontend/torch/ops.py:49] Converting op 20 : _convolution
[20200630 16:33:33 INFO /Volumes/data/work/1duo-coremltools/coremltools/converters/mil/mil/builder.py:181] Adding op '20' of type conv
[20200630 16:33:33 DEBUG /Volumes/data/work/1duo-coremltools/coremltools/converters/mil/mil/builder.py:93] Adding const op '20_pad_type_152'
[20200630 16:33:33 INFO /Volumes/data/work/1duo-coremltools/coremltools/converters/mil/mil/builder.py:181] Adding op '20_pad_type_152' of type const
[20200630 16:33:33 DEBUG /Volumes/data/work/1duo-coremltools/coremltools/converters/mil/mil/builder.py:93] Adding const op '20_pad_152'
[20200630 16:33:33 INFO /Volumes/data/work/1duo-coremltools/coremltools/converters/mil/mil/builder.py:181] Adding op '20_pad_152' of type const
[20200630 16:33:33 DEBUG /Volumes/data/work/1duo-coremltools/coremltools/converters/mil/mil/passes/common_pass.py:30] Program before common passes:
main(%input: (1, 1, 6, 5, fp32)) {
  block171() {
    %1: (3, 1, 3, 3, fp32)* = const(val=(file_value), name="1")
    %2: (3,fp32)* = const(val=[-0.3208698630332947, 0.26483944058418274, 0.09037646651268005], name="2")
    %21: (2,i32)* = const(val=[1, 1], name="21")
    %22: (2,i32)* = const(val=[1, 1], name="22")
    %23: (2,i32)* = const(val=[1, 1], name="23")
    %12: (bool)* = const(val=False, name="12")
    %24: (2,i32)* = const(val=[0, 0], name="24")
    %16: (i32)* = const(val=1, name="16")
    %17: (bool)* = const(val=False, name="17")
    %18: (bool)* = const(val=False, name="18")
    %19: (bool)* = const(val=True, name="19")
    %20_pad_type_152: (str)* = const(val="custom", name="20_pad_type_152")
    %20_pad_152: (4,i32)* = const(val=[1, 1, 1, 1], name="20_pad_152")
    %20: (1, 3, 6, 5, fp32) = conv(x=%input, weight=%1, bias=%2, strides=%21, pad_type=%20_pad_type_152, pad=%20_pad_152, dilations=%23, groups=%16, name="20")
  } -> (%20)
}

[20200630 16:33:33 INFO /Volumes/data/work/1duo-coremltools/coremltools/converters/mil/mil/passes/common_pass.py:34] Performing pass: "common::const_elimination"
[20200630 16:33:33 INFO /Volumes/data/work/1duo-coremltools/coremltools/converters/mil/mil/passes/common_pass.py:34] Performing pass: "common::divide_to_multiply"
[20200630 16:33:33 INFO /Volumes/data/work/1duo-coremltools/coremltools/converters/mil/mil/passes/common_pass.py:34] Performing pass: "common::fuse_matmul_weight_bias"
[20200630 16:33:33 INFO /Volumes/data/work/1duo-coremltools/coremltools/converters/mil/mil/passes/common_pass.py:34] Performing pass: "common::const_elimination"
[20200630 16:33:33 INFO /Volumes/data/work/1duo-coremltools/coremltools/converters/mil/mil/passes/common_pass.py:34] Performing pass: "common::loop_invariant_elimination"
[20200630 16:33:33 INFO /Volumes/data/work/1duo-coremltools/coremltools/converters/mil/mil/passes/common_pass.py:34] Performing pass: "common::remove_symbolic_reshape"
[20200630 16:33:33 INFO /Volumes/data/work/1duo-coremltools/coremltools/converters/mil/mil/passes/remove_symbolic_reshape.py:104] remove_symbolic_reshape: changed 0 reshapes.
[20200630 16:33:33 INFO /Volumes/data/work/1duo-coremltools/coremltools/converters/mil/mil/passes/common_pass.py:34] Performing pass: "common::fuse_gelu_tanh_approximation"
[20200630 16:33:33 INFO /Volumes/data/work/1duo-coremltools/coremltools/converters/mil/mil/passes/common_pass.py:34] Performing pass: "common::reduce_transposes"
[20200630 16:33:33 DEBUG /Volumes/data/work/1duo-coremltools/coremltools/converters/mil/mil/passes/reduce_transposes.py:989] Block before optimize transpose transform:
function(%input: (1, 1, 6, 5, fp32)) {
  block171() {
    %1: (3, 1, 3, 3, fp32)* = const(val=(file_value), name="1")
    %2: (3,fp32)* = const(val=[-0.3208698630332947, 0.26483944058418274, 0.09037646651268005], name="2")
    %21: (2,i32)* = const(val=[1, 1], name="21")
    %22: (2,i32)* = const(val=[1, 1], name="22")
    %23: (2,i32)* = const(val=[1, 1], name="23")
    %12: (bool)* = const(val=False, name="12")
    %24: (2,i32)* = const(val=[0, 0], name="24")
    %16: (i32)* = const(val=1, name="16")
    %17: (bool)* = const(val=False, name="17")
    %18: (bool)* = const(val=False, name="18")
    %19: (bool)* = const(val=True, name="19")
    %20_pad_type_152: (str)* = const(val="custom", name="20_pad_type_152")
    %20_pad_152: (4,i32)* = const(val=[1, 1, 1, 1], name="20_pad_152")
    %20: (1, 3, 6, 5, fp32) = conv(x=%input, weight=%1, bias=%2, strides=%21, pad_type=%20_pad_type_152, pad=%20_pad_152, dilations=%23, groups=%16, name="20")
  } -> (%20)
}

[20200630 16:33:33 DEBUG /Volumes/data/work/1duo-coremltools/coremltools/converters/mil/mil/passes/reduce_transposes.py:1024] Block after optimize transpose transform:
function(%input: (1, 1, 6, 5, fp32)) {
  block171() {
    %1: (3, 1, 3, 3, fp32)* = const(val=(file_value), name="1")
    %2: (3,fp32)* = const(val=[-0.3208698630332947, 0.26483944058418274, 0.09037646651268005], name="2")
    %21: (2,i32)* = const(val=[1, 1], name="21")
    %22: (2,i32)* = const(val=[1, 1], name="22")
    %23: (2,i32)* = const(val=[1, 1], name="23")
    %12: (bool)* = const(val=False, name="12")
    %24: (2,i32)* = const(val=[0, 0], name="24")
    %16: (i32)* = const(val=1, name="16")
    %17: (bool)* = const(val=False, name="17")
    %18: (bool)* = const(val=False, name="18")
    %19: (bool)* = const(val=True, name="19")
    %20_pad_type_152: (str)* = const(val="custom", name="20_pad_type_152")
    %20_pad_152: (4,i32)* = const(val=[1, 1, 1, 1], name="20_pad_152")
    %20: (1, 3, 6, 5, fp32) = conv(x=%input, weight=%1, bias=%2, strides=%21, pad_type=%20_pad_type_152, pad=%20_pad_152, dilations=%23, groups=%16, name="20")
  } -> (%20)
}

[20200630 16:33:33 INFO /Volumes/data/work/1duo-coremltools/coremltools/converters/mil/mil/passes/common_pass.py:34] Performing pass: "common::fuse_bias_conv"
[20200630 16:33:33 INFO /Volumes/data/work/1duo-coremltools/coremltools/converters/mil/mil/passes/common_pass.py:34] Performing pass: "common::fuse_elementwise_to_batchnorm"
[20200630 16:33:33 INFO /Volumes/data/work/1duo-coremltools/coremltools/converters/mil/mil/passes/common_pass.py:34] Performing pass: "common::fuse_onehot_matmul_to_gather"
[20200630 16:33:33 INFO /Volumes/data/work/1duo-coremltools/coremltools/converters/mil/mil/passes/common_pass.py:34] Performing pass: "common::fuse_layernorm_or_instancenorm"
[20200630 16:33:33 INFO /Volumes/data/work/1duo-coremltools/coremltools/converters/mil/mil/passes/common_pass.py:34] Performing pass: "common::dead_code_elimination"
[20200630 16:33:33 INFO /Volumes/data/work/1duo-coremltools/coremltools/converters/mil/mil/passes/dead_code_elimination.py:35] Removing op "19" (type: const)
[20200630 16:33:33 INFO /Volumes/data/work/1duo-coremltools/coremltools/converters/mil/mil/passes/dead_code_elimination.py:35] Removing op "18" (type: const)
[20200630 16:33:33 INFO /Volumes/data/work/1duo-coremltools/coremltools/converters/mil/mil/passes/dead_code_elimination.py:35] Removing op "17" (type: const)
[20200630 16:33:33 INFO /Volumes/data/work/1duo-coremltools/coremltools/converters/mil/mil/passes/dead_code_elimination.py:35] Removing op "24" (type: const)
[20200630 16:33:33 INFO /Volumes/data/work/1duo-coremltools/coremltools/converters/mil/mil/passes/dead_code_elimination.py:35] Removing op "12" (type: const)
[20200630 16:33:33 INFO /Volumes/data/work/1duo-coremltools/coremltools/converters/mil/mil/passes/dead_code_elimination.py:35] Removing op "22" (type: const)
[20200630 16:33:33 DEBUG /Volumes/data/work/1duo-coremltools/coremltools/converters/mil/mil/passes/common_pass.py:38] Program after common passes:
main(%input: (1, 1, 6, 5, fp32)) {
  block171() {
    %1: (3, 1, 3, 3, fp32)* = const(val=(file_value), name="1")
    %2: (3,fp32)* = const(val=[-0.3208698630332947, 0.26483944058418274, 0.09037646651268005], name="2")
    %21: (2,i32)* = const(val=[1, 1], name="21")
    %23: (2,i32)* = const(val=[1, 1], name="23")
    %16: (i32)* = const(val=1, name="16")
    %20_pad_type_152: (str)* = const(val="custom", name="20_pad_type_152")
    %20_pad_152: (4,i32)* = const(val=[1, 1, 1, 1], name="20_pad_152")
    %20: (1, 3, 6, 5, fp32) = conv(x=%input, weight=%1, bias=%2, strides=%21, pad_type=%20_pad_type_152, pad=%20_pad_152, dilations=%23, groups=%16, name="20")
  } -> (%20)
}

[20200630 16:33:33 INFO /Volumes/data/work/1duo-coremltools/coremltools/converters/mil/backend/nn/passes/nn_passes.py:22] Performing passes for nn_backend: "nn_backend::commingle_loop_vars"
[20200630 16:33:33 INFO /Volumes/data/work/1duo-coremltools/coremltools/converters/mil/backend/nn/passes/nn_passes.py:22] Performing passes for nn_backend: "nn_backend::handle_return_inputs_as_outputs"
[20200630 16:33:33 INFO /Volumes/data/work/1duo-coremltools/coremltools/converters/mil/backend/nn/passes/nn_passes.py:22] Performing passes for nn_backend: "common::const_elimination"
[20200630 16:33:33 INFO /Volumes/data/work/1duo-coremltools/coremltools/converters/mil/backend/nn/passes/nn_passes.py:22] Performing passes for nn_backend: "common::dead_code_elimination"
[20200630 16:33:33 INFO /Volumes/data/work/1duo-coremltools/coremltools/converters/mil/backend/nn/passes/nn_passes.py:22] Performing passes for nn_backend: "nn_backend::handle_unused_inputs"
[20200630 16:33:33 INFO /Volumes/data/work/1duo-coremltools/coremltools/converters/mil/backend/nn/passes/nn_passes.py:22] Performing passes for nn_backend: "nn_backend::alert_return_type_cast"
[20200630 16:33:33 DEBUG /Volumes/data/work/1duo-coremltools/coremltools/converters/mil/backend/nn/passes/nn_passes.py:26] Program after nn backend passes:
main(%input: (1, 1, 6, 5, fp32)) {
  block171() {
    %1: (3, 1, 3, 3, fp32)* = const(val=(file_value), name="1")
    %2: (3,fp32)* = const(val=[-0.3208698630332947, 0.26483944058418274, 0.09037646651268005], name="2")
    %21: (2,i32)* = const(val=[1, 1], name="21")
    %23: (2,i32)* = const(val=[1, 1], name="23")
    %16: (i32)* = const(val=1, name="16")
    %20_pad_type_152: (str)* = const(val="custom", name="20_pad_type_152")
    %20_pad_152: (4,i32)* = const(val=[1, 1, 1, 1], name="20_pad_152")
    %20: (1, 3, 6, 5, fp32) = conv(x=%input, weight=%1, bias=%2, strides=%21, pad_type=%20_pad_type_152, pad=%20_pad_152, dilations=%23, groups=%16, name="20")
  } -> (%20)
}

[20200630 16:33:34 INFO /Volumes/data/work/1duo-coremltools/coremltools/converters/mil/frontend/torch/converter.py:269] Converting graph.
[20200630 16:33:34 INFO /Volumes/data/work/1duo-coremltools/coremltools/converters/mil/mil/builder.py:181] Adding op '1' of type const
[20200630 16:33:34 INFO /Volumes/data/work/1duo-coremltools/coremltools/converters/mil/mil/builder.py:181] Adding op '2' of type const
[20200630 16:33:34 INFO /Volumes/data/work/1duo-coremltools/coremltools/converters/mil/frontend/torch/ops.py:49] Converting op 21 : constant
[20200630 16:33:34 INFO /Volumes/data/work/1duo-coremltools/coremltools/converters/mil/mil/builder.py:181] Adding op '21' of type const
[20200630 16:33:34 INFO /Volumes/data/work/1duo-coremltools/coremltools/converters/mil/frontend/torch/ops.py:49] Converting op 22 : constant
[20200630 16:33:34 INFO /Volumes/data/work/1duo-coremltools/coremltools/converters/mil/mil/builder.py:181] Adding op '22' of type const
[20200630 16:33:34 INFO /Volumes/data/work/1duo-coremltools/coremltools/converters/mil/frontend/torch/ops.py:49] Converting op 23 : constant
[20200630 16:33:34 INFO /Volumes/data/work/1duo-coremltools/coremltools/converters/mil/mil/builder.py:181] Adding op '23' of type const
[20200630 16:33:34 INFO /Volumes/data/work/1duo-coremltools/coremltools/converters/mil/frontend/torch/ops.py:49] Converting op 12 : constant
[20200630 16:33:34 INFO /Volumes/data/work/1duo-coremltools/coremltools/converters/mil/mil/builder.py:181] Adding op '12' of type const
[20200630 16:33:34 INFO /Volumes/data/work/1duo-coremltools/coremltools/converters/mil/frontend/torch/ops.py:49] Converting op 24 : constant
[20200630 16:33:34 INFO /Volumes/data/work/1duo-coremltools/coremltools/converters/mil/mil/builder.py:181] Adding op '24' of type const
[20200630 16:33:34 INFO /Volumes/data/work/1duo-coremltools/coremltools/converters/mil/frontend/torch/ops.py:49] Converting op 16 : constant
[20200630 16:33:34 INFO /Volumes/data/work/1duo-coremltools/coremltools/converters/mil/mil/builder.py:181] Adding op '16' of type const
[20200630 16:33:34 INFO /Volumes/data/work/1duo-coremltools/coremltools/converters/mil/frontend/torch/ops.py:49] Converting op 17 : constant
[20200630 16:33:34 INFO /Volumes/data/work/1duo-coremltools/coremltools/converters/mil/mil/builder.py:181] Adding op '17' of type const
[20200630 16:33:34 INFO /Volumes/data/work/1duo-coremltools/coremltools/converters/mil/frontend/torch/ops.py:49] Converting op 18 : constant
[20200630 16:33:34 INFO /Volumes/data/work/1duo-coremltools/coremltools/converters/mil/mil/builder.py:181] Adding op '18' of type const
[20200630 16:33:34 INFO /Volumes/data/work/1duo-coremltools/coremltools/converters/mil/frontend/torch/ops.py:49] Converting op 19 : constant
[20200630 16:33:34 INFO /Volumes/data/work/1duo-coremltools/coremltools/converters/mil/mil/builder.py:181] Adding op '19' of type const
[20200630 16:33:34 INFO /Volumes/data/work/1duo-coremltools/coremltools/converters/mil/frontend/torch/ops.py:49] Converting op 20 : _convolution
[20200630 16:33:34 INFO /Volumes/data/work/1duo-coremltools/coremltools/converters/mil/mil/builder.py:181] Adding op '20' of type conv
[20200630 16:33:34 DEBUG /Volumes/data/work/1duo-coremltools/coremltools/converters/mil/mil/builder.py:93] Adding const op '20_pad_type_153'
[20200630 16:33:34 INFO /Volumes/data/work/1duo-coremltools/coremltools/converters/mil/mil/builder.py:181] Adding op '20_pad_type_153' of type const
[20200630 16:33:34 DEBUG /Volumes/data/work/1duo-coremltools/coremltools/converters/mil/mil/builder.py:93] Adding const op '20_pad_153'
[20200630 16:33:34 INFO /Volumes/data/work/1duo-coremltools/coremltools/converters/mil/mil/builder.py:181] Adding op '20_pad_153' of type const
[20200630 16:33:34 DEBUG /Volumes/data/work/1duo-coremltools/coremltools/converters/mil/mil/passes/common_pass.py:30] Program before common passes:
main(%input: (1, 1, 6, 5, fp32)) {
  block172() {
    %1: (3, 1, 3, 3, fp32)* = const(val=(file_value), name="1")
    %2: (3,fp32)* = const(val=[-0.3224179446697235, -0.26716670393943787, -0.09082028269767761], name="2")
    %21: (2,i32)* = const(val=[1, 1], name="21")
    %22: (2,i32)* = const(val=[1, 1], name="22")
    %23: (2,i32)* = const(val=[3, 3], name="23")
    %12: (bool)* = const(val=False, name="12")
    %24: (2,i32)* = const(val=[0, 0], name="24")
    %16: (i32)* = const(val=1, name="16")
    %17: (bool)* = const(val=False, name="17")
    %18: (bool)* = const(val=False, name="18")
    %19: (bool)* = const(val=True, name="19")
    %20_pad_type_153: (str)* = const(val="custom", name="20_pad_type_153")
    %20_pad_153: (4,i32)* = const(val=[1, 1, 1, 1], name="20_pad_153")
    %20: (1, 3, 2, 1, fp32) = conv(x=%input, weight=%1, bias=%2, strides=%21, pad_type=%20_pad_type_153, pad=%20_pad_153, dilations=%23, groups=%16, name="20")
  } -> (%20)
}

[20200630 16:33:34 INFO /Volumes/data/work/1duo-coremltools/coremltools/converters/mil/mil/passes/common_pass.py:34] Performing pass: "common::const_elimination"
[20200630 16:33:34 INFO /Volumes/data/work/1duo-coremltools/coremltools/converters/mil/mil/passes/common_pass.py:34] Performing pass: "common::divide_to_multiply"
[20200630 16:33:34 INFO /Volumes/data/work/1duo-coremltools/coremltools/converters/mil/mil/passes/common_pass.py:34] Performing pass: "common::fuse_matmul_weight_bias"
[20200630 16:33:34 INFO /Volumes/data/work/1duo-coremltools/coremltools/converters/mil/mil/passes/common_pass.py:34] Performing pass: "common::const_elimination"
[20200630 16:33:34 INFO /Volumes/data/work/1duo-coremltools/coremltools/converters/mil/mil/passes/common_pass.py:34] Performing pass: "common::loop_invariant_elimination"
[20200630 16:33:34 INFO /Volumes/data/work/1duo-coremltools/coremltools/converters/mil/mil/passes/common_pass.py:34] Performing pass: "common::remove_symbolic_reshape"
[20200630 16:33:34 INFO /Volumes/data/work/1duo-coremltools/coremltools/converters/mil/mil/passes/remove_symbolic_reshape.py:104] remove_symbolic_reshape: changed 0 reshapes.
[20200630 16:33:34 INFO /Volumes/data/work/1duo-coremltools/coremltools/converters/mil/mil/passes/common_pass.py:34] Performing pass: "common::fuse_gelu_tanh_approximation"
[20200630 16:33:34 INFO /Volumes/data/work/1duo-coremltools/coremltools/converters/mil/mil/passes/common_pass.py:34] Performing pass: "common::reduce_transposes"
[20200630 16:33:34 DEBUG /Volumes/data/work/1duo-coremltools/coremltools/converters/mil/mil/passes/reduce_transposes.py:989] Block before optimize transpose transform:
function(%input: (1, 1, 6, 5, fp32)) {
  block172() {
    %1: (3, 1, 3, 3, fp32)* = const(val=(file_value), name="1")
    %2: (3,fp32)* = const(val=[-0.3224179446697235, -0.26716670393943787, -0.09082028269767761], name="2")
    %21: (2,i32)* = const(val=[1, 1], name="21")
    %22: (2,i32)* = const(val=[1, 1], name="22")
    %23: (2,i32)* = const(val=[3, 3], name="23")
    %12: (bool)* = const(val=False, name="12")
    %24: (2,i32)* = const(val=[0, 0], name="24")
    %16: (i32)* = const(val=1, name="16")
    %17: (bool)* = const(val=False, name="17")
    %18: (bool)* = const(val=False, name="18")
    %19: (bool)* = const(val=True, name="19")
    %20_pad_type_153: (str)* = const(val="custom", name="20_pad_type_153")
    %20_pad_153: (4,i32)* = const(val=[1, 1, 1, 1], name="20_pad_153")
    %20: (1, 3, 2, 1, fp32) = conv(x=%input, weight=%1, bias=%2, strides=%21, pad_type=%20_pad_type_153, pad=%20_pad_153, dilations=%23, groups=%16, name="20")
  } -> (%20)
}

[20200630 16:33:34 DEBUG /Volumes/data/work/1duo-coremltools/coremltools/converters/mil/mil/passes/reduce_transposes.py:1024] Block after optimize transpose transform:
function(%input: (1, 1, 6, 5, fp32)) {
  block172() {
    %1: (3, 1, 3, 3, fp32)* = const(val=(file_value), name="1")
    %2: (3,fp32)* = const(val=[-0.3224179446697235, -0.26716670393943787, -0.09082028269767761], name="2")
    %21: (2,i32)* = const(val=[1, 1], name="21")
    %22: (2,i32)* = const(val=[1, 1], name="22")
    %23: (2,i32)* = const(val=[3, 3], name="23")
    %12: (bool)* = const(val=False, name="12")
    %24: (2,i32)* = const(val=[0, 0], name="24")
    %16: (i32)* = const(val=1, name="16")
    %17: (bool)* = const(val=False, name="17")
    %18: (bool)* = const(val=False, name="18")
    %19: (bool)* = const(val=True, name="19")
    %20_pad_type_153: (str)* = const(val="custom", name="20_pad_type_153")
    %20_pad_153: (4,i32)* = const(val=[1, 1, 1, 1], name="20_pad_153")
    %20: (1, 3, 2, 1, fp32) = conv(x=%input, weight=%1, bias=%2, strides=%21, pad_type=%20_pad_type_153, pad=%20_pad_153, dilations=%23, groups=%16, name="20")
  } -> (%20)
}

[20200630 16:33:34 INFO /Volumes/data/work/1duo-coremltools/coremltools/converters/mil/mil/passes/common_pass.py:34] Performing pass: "common::fuse_bias_conv"
[20200630 16:33:34 INFO /Volumes/data/work/1duo-coremltools/coremltools/converters/mil/mil/passes/common_pass.py:34] Performing pass: "common::fuse_elementwise_to_batchnorm"
[20200630 16:33:34 INFO /Volumes/data/work/1duo-coremltools/coremltools/converters/mil/mil/passes/common_pass.py:34] Performing pass: "common::fuse_onehot_matmul_to_gather"
[20200630 16:33:34 INFO /Volumes/data/work/1duo-coremltools/coremltools/converters/mil/mil/passes/common_pass.py:34] Performing pass: "common::fuse_layernorm_or_instancenorm"
[20200630 16:33:34 INFO /Volumes/data/work/1duo-coremltools/coremltools/converters/mil/mil/passes/common_pass.py:34] Performing pass: "common::dead_code_elimination"
[20200630 16:33:34 INFO /Volumes/data/work/1duo-coremltools/coremltools/converters/mil/mil/passes/dead_code_elimination.py:35] Removing op "19" (type: const)
[20200630 16:33:34 INFO /Volumes/data/work/1duo-coremltools/coremltools/converters/mil/mil/passes/dead_code_elimination.py:35] Removing op "18" (type: const)
[20200630 16:33:34 INFO /Volumes/data/work/1duo-coremltools/coremltools/converters/mil/mil/passes/dead_code_elimination.py:35] Removing op "17" (type: const)
[20200630 16:33:34 INFO /Volumes/data/work/1duo-coremltools/coremltools/converters/mil/mil/passes/dead_code_elimination.py:35] Removing op "24" (type: const)
[20200630 16:33:34 INFO /Volumes/data/work/1duo-coremltools/coremltools/converters/mil/mil/passes/dead_code_elimination.py:35] Removing op "12" (type: const)
[20200630 16:33:34 INFO /Volumes/data/work/1duo-coremltools/coremltools/converters/mil/mil/passes/dead_code_elimination.py:35] Removing op "22" (type: const)
[20200630 16:33:34 DEBUG /Volumes/data/work/1duo-coremltools/coremltools/converters/mil/mil/passes/common_pass.py:38] Program after common passes:
main(%input: (1, 1, 6, 5, fp32)) {
  block172() {
    %1: (3, 1, 3, 3, fp32)* = const(val=(file_value), name="1")
    %2: (3,fp32)* = const(val=[-0.3224179446697235, -0.26716670393943787, -0.09082028269767761], name="2")
    %21: (2,i32)* = const(val=[1, 1], name="21")
    %23: (2,i32)* = const(val=[3, 3], name="23")
    %16: (i32)* = const(val=1, name="16")
    %20_pad_type_153: (str)* = const(val="custom", name="20_pad_type_153")
    %20_pad_153: (4,i32)* = const(val=[1, 1, 1, 1], name="20_pad_153")
    %20: (1, 3, 2, 1, fp32) = conv(x=%input, weight=%1, bias=%2, strides=%21, pad_type=%20_pad_type_153, pad=%20_pad_153, dilations=%23, groups=%16, name="20")
  } -> (%20)
}

[20200630 16:33:34 INFO /Volumes/data/work/1duo-coremltools/coremltools/converters/mil/backend/nn/passes/nn_passes.py:22] Performing passes for nn_backend: "nn_backend::commingle_loop_vars"
[20200630 16:33:34 INFO /Volumes/data/work/1duo-coremltools/coremltools/converters/mil/backend/nn/passes/nn_passes.py:22] Performing passes for nn_backend: "nn_backend::handle_return_inputs_as_outputs"
[20200630 16:33:34 INFO /Volumes/data/work/1duo-coremltools/coremltools/converters/mil/backend/nn/passes/nn_passes.py:22] Performing passes for nn_backend: "common::const_elimination"
[20200630 16:33:34 INFO /Volumes/data/work/1duo-coremltools/coremltools/converters/mil/backend/nn/passes/nn_passes.py:22] Performing passes for nn_backend: "common::dead_code_elimination"
[20200630 16:33:34 INFO /Volumes/data/work/1duo-coremltools/coremltools/converters/mil/backend/nn/passes/nn_passes.py:22] Performing passes for nn_backend: "nn_backend::handle_unused_inputs"
[20200630 16:33:34 INFO /Volumes/data/work/1duo-coremltools/coremltools/converters/mil/backend/nn/passes/nn_passes.py:22] Performing passes for nn_backend: "nn_backend::alert_return_type_cast"
[20200630 16:33:34 DEBUG /Volumes/data/work/1duo-coremltools/coremltools/converters/mil/backend/nn/passes/nn_passes.py:26] Program after nn backend passes:
main(%input: (1, 1, 6, 5, fp32)) {
  block172() {
    %1: (3, 1, 3, 3, fp32)* = const(val=(file_value), name="1")
    %2: (3,fp32)* = const(val=[-0.3224179446697235, -0.26716670393943787, -0.09082028269767761], name="2")
    %21: (2,i32)* = const(val=[1, 1], name="21")
    %23: (2,i32)* = const(val=[3, 3], name="23")
    %16: (i32)* = const(val=1, name="16")
    %20_pad_type_153: (str)* = const(val="custom", name="20_pad_type_153")
    %20_pad_153: (4,i32)* = const(val=[1, 1, 1, 1], name="20_pad_153")
    %20: (1, 3, 2, 1, fp32) = conv(x=%input, weight=%1, bias=%2, strides=%21, pad_type=%20_pad_type_153, pad=%20_pad_153, dilations=%23, groups=%16, name="20")
  } -> (%20)
}

[20200630 16:33:34 INFO /Volumes/data/work/1duo-coremltools/coremltools/converters/mil/frontend/torch/converter.py:269] Converting graph.
[20200630 16:33:34 INFO /Volumes/data/work/1duo-coremltools/coremltools/converters/mil/mil/builder.py:181] Adding op '1' of type const
[20200630 16:33:34 INFO /Volumes/data/work/1duo-coremltools/coremltools/converters/mil/mil/builder.py:181] Adding op '2' of type const
[20200630 16:33:34 INFO /Volumes/data/work/1duo-coremltools/coremltools/converters/mil/frontend/torch/ops.py:49] Converting op 21 : constant
[20200630 16:33:34 INFO /Volumes/data/work/1duo-coremltools/coremltools/converters/mil/mil/builder.py:181] Adding op '21' of type const
[20200630 16:33:34 INFO /Volumes/data/work/1duo-coremltools/coremltools/converters/mil/frontend/torch/ops.py:49] Converting op 22 : constant
[20200630 16:33:34 INFO /Volumes/data/work/1duo-coremltools/coremltools/converters/mil/mil/builder.py:181] Adding op '22' of type const
[20200630 16:33:34 INFO /Volumes/data/work/1duo-coremltools/coremltools/converters/mil/frontend/torch/ops.py:49] Converting op 23 : constant
[20200630 16:33:34 INFO /Volumes/data/work/1duo-coremltools/coremltools/converters/mil/mil/builder.py:181] Adding op '23' of type const
[20200630 16:33:34 INFO /Volumes/data/work/1duo-coremltools/coremltools/converters/mil/frontend/torch/ops.py:49] Converting op 12 : constant
[20200630 16:33:34 INFO /Volumes/data/work/1duo-coremltools/coremltools/converters/mil/mil/builder.py:181] Adding op '12' of type const
[20200630 16:33:34 INFO /Volumes/data/work/1duo-coremltools/coremltools/converters/mil/frontend/torch/ops.py:49] Converting op 24 : constant
[20200630 16:33:34 INFO /Volumes/data/work/1duo-coremltools/coremltools/converters/mil/mil/builder.py:181] Adding op '24' of type const
[20200630 16:33:34 INFO /Volumes/data/work/1duo-coremltools/coremltools/converters/mil/frontend/torch/ops.py:49] Converting op 16 : constant
[20200630 16:33:34 INFO /Volumes/data/work/1duo-coremltools/coremltools/converters/mil/mil/builder.py:181] Adding op '16' of type const
[20200630 16:33:34 INFO /Volumes/data/work/1duo-coremltools/coremltools/converters/mil/frontend/torch/ops.py:49] Converting op 17 : constant
[20200630 16:33:34 INFO /Volumes/data/work/1duo-coremltools/coremltools/converters/mil/mil/builder.py:181] Adding op '17' of type const
[20200630 16:33:34 INFO /Volumes/data/work/1duo-coremltools/coremltools/converters/mil/frontend/torch/ops.py:49] Converting op 18 : constant
[20200630 16:33:34 INFO /Volumes/data/work/1duo-coremltools/coremltools/converters/mil/mil/builder.py:181] Adding op '18' of type const
[20200630 16:33:34 INFO /Volumes/data/work/1duo-coremltools/coremltools/converters/mil/frontend/torch/ops.py:49] Converting op 19 : constant
[20200630 16:33:34 INFO /Volumes/data/work/1duo-coremltools/coremltools/converters/mil/mil/builder.py:181] Adding op '19' of type const
[20200630 16:33:34 INFO /Volumes/data/work/1duo-coremltools/coremltools/converters/mil/frontend/torch/ops.py:49] Converting op 20 : _convolution
[20200630 16:33:34 INFO /Volumes/data/work/1duo-coremltools/coremltools/converters/mil/mil/builder.py:181] Adding op '20' of type conv
[20200630 16:33:34 DEBUG /Volumes/data/work/1duo-coremltools/coremltools/converters/mil/mil/builder.py:93] Adding const op '20_pad_type_154'
[20200630 16:33:34 INFO /Volumes/data/work/1duo-coremltools/coremltools/converters/mil/mil/builder.py:181] Adding op '20_pad_type_154' of type const
[20200630 16:33:34 DEBUG /Volumes/data/work/1duo-coremltools/coremltools/converters/mil/mil/builder.py:93] Adding const op '20_pad_154'
[20200630 16:33:34 INFO /Volumes/data/work/1duo-coremltools/coremltools/converters/mil/mil/builder.py:181] Adding op '20_pad_154' of type const
[20200630 16:33:34 DEBUG /Volumes/data/work/1duo-coremltools/coremltools/converters/mil/mil/passes/common_pass.py:30] Program before common passes:
main(%input: (1, 1, 6, 5, fp32)) {
  block173() {
    %1: (3, 1, 3, 3, fp32)* = const(val=(file_value), name="1")
    %2: (3,fp32)* = const(val=[0.24524018168449402, 0.29452231526374817, 0.13037630915641785], name="2")
    %21: (2,i32)* = const(val=[1, 1], name="21")
    %22: (2,i32)* = const(val=[3, 3], name="22")
    %23: (2,i32)* = const(val=[1, 1], name="23")
    %12: (bool)* = const(val=False, name="12")
    %24: (2,i32)* = const(val=[0, 0], name="24")
    %16: (i32)* = const(val=1, name="16")
    %17: (bool)* = const(val=False, name="17")
    %18: (bool)* = const(val=False, name="18")
    %19: (bool)* = const(val=True, name="19")
    %20_pad_type_154: (str)* = const(val="custom", name="20_pad_type_154")
    %20_pad_154: (4,i32)* = const(val=[3, 3, 3, 3], name="20_pad_154")
    %20: (1, 3, 10, 9, fp32) = conv(x=%input, weight=%1, bias=%2, strides=%21, pad_type=%20_pad_type_154, pad=%20_pad_154, dilations=%23, groups=%16, name="20")
  } -> (%20)
}

[20200630 16:33:34 INFO /Volumes/data/work/1duo-coremltools/coremltools/converters/mil/mil/passes/common_pass.py:34] Performing pass: "common::const_elimination"
[20200630 16:33:34 INFO /Volumes/data/work/1duo-coremltools/coremltools/converters/mil/mil/passes/common_pass.py:34] Performing pass: "common::divide_to_multiply"
[20200630 16:33:34 INFO /Volumes/data/work/1duo-coremltools/coremltools/converters/mil/mil/passes/common_pass.py:34] Performing pass: "common::fuse_matmul_weight_bias"
[20200630 16:33:34 INFO /Volumes/data/work/1duo-coremltools/coremltools/converters/mil/mil/passes/common_pass.py:34] Performing pass: "common::const_elimination"
[20200630 16:33:34 INFO /Volumes/data/work/1duo-coremltools/coremltools/converters/mil/mil/passes/common_pass.py:34] Performing pass: "common::loop_invariant_elimination"
[20200630 16:33:34 INFO /Volumes/data/work/1duo-coremltools/coremltools/converters/mil/mil/passes/common_pass.py:34] Performing pass: "common::remove_symbolic_reshape"
[20200630 16:33:34 INFO /Volumes/data/work/1duo-coremltools/coremltools/converters/mil/mil/passes/remove_symbolic_reshape.py:104] remove_symbolic_reshape: changed 0 reshapes.
[20200630 16:33:34 INFO /Volumes/data/work/1duo-coremltools/coremltools/converters/mil/mil/passes/common_pass.py:34] Performing pass: "common::fuse_gelu_tanh_approximation"
[20200630 16:33:34 INFO /Volumes/data/work/1duo-coremltools/coremltools/converters/mil/mil/passes/common_pass.py:34] Performing pass: "common::reduce_transposes"
[20200630 16:33:34 DEBUG /Volumes/data/work/1duo-coremltools/coremltools/converters/mil/mil/passes/reduce_transposes.py:989] Block before optimize transpose transform:
function(%input: (1, 1, 6, 5, fp32)) {
  block173() {
    %1: (3, 1, 3, 3, fp32)* = const(val=(file_value), name="1")
    %2: (3,fp32)* = const(val=[0.24524018168449402, 0.29452231526374817, 0.13037630915641785], name="2")
    %21: (2,i32)* = const(val=[1, 1], name="21")
    %22: (2,i32)* = const(val=[3, 3], name="22")
    %23: (2,i32)* = const(val=[1, 1], name="23")
    %12: (bool)* = const(val=False, name="12")
    %24: (2,i32)* = const(val=[0, 0], name="24")
    %16: (i32)* = const(val=1, name="16")
    %17: (bool)* = const(val=False, name="17")
    %18: (bool)* = const(val=False, name="18")
    %19: (bool)* = const(val=True, name="19")
    %20_pad_type_154: (str)* = const(val="custom", name="20_pad_type_154")
    %20_pad_154: (4,i32)* = const(val=[3, 3, 3, 3], name="20_pad_154")
    %20: (1, 3, 10, 9, fp32) = conv(x=%input, weight=%1, bias=%2, strides=%21, pad_type=%20_pad_type_154, pad=%20_pad_154, dilations=%23, groups=%16, name="20")
  } -> (%20)
}

[20200630 16:33:34 DEBUG /Volumes/data/work/1duo-coremltools/coremltools/converters/mil/mil/passes/reduce_transposes.py:1024] Block after optimize transpose transform:
function(%input: (1, 1, 6, 5, fp32)) {
  block173() {
    %1: (3, 1, 3, 3, fp32)* = const(val=(file_value), name="1")
    %2: (3,fp32)* = const(val=[0.24524018168449402, 0.29452231526374817, 0.13037630915641785], name="2")
    %21: (2,i32)* = const(val=[1, 1], name="21")
    %22: (2,i32)* = const(val=[3, 3], name="22")
    %23: (2,i32)* = const(val=[1, 1], name="23")
    %12: (bool)* = const(val=False, name="12")
    %24: (2,i32)* = const(val=[0, 0], name="24")
    %16: (i32)* = const(val=1, name="16")
    %17: (bool)* = const(val=False, name="17")
    %18: (bool)* = const(val=False, name="18")
    %19: (bool)* = const(val=True, name="19")
    %20_pad_type_154: (str)* = const(val="custom", name="20_pad_type_154")
    %20_pad_154: (4,i32)* = const(val=[3, 3, 3, 3], name="20_pad_154")
    %20: (1, 3, 10, 9, fp32) = conv(x=%input, weight=%1, bias=%2, strides=%21, pad_type=%20_pad_type_154, pad=%20_pad_154, dilations=%23, groups=%16, name="20")
  } -> (%20)
}

[20200630 16:33:34 INFO /Volumes/data/work/1duo-coremltools/coremltools/converters/mil/mil/passes/common_pass.py:34] Performing pass: "common::fuse_bias_conv"
[20200630 16:33:34 INFO /Volumes/data/work/1duo-coremltools/coremltools/converters/mil/mil/passes/common_pass.py:34] Performing pass: "common::fuse_elementwise_to_batchnorm"
[20200630 16:33:34 INFO /Volumes/data/work/1duo-coremltools/coremltools/converters/mil/mil/passes/common_pass.py:34] Performing pass: "common::fuse_onehot_matmul_to_gather"
[20200630 16:33:34 INFO /Volumes/data/work/1duo-coremltools/coremltools/converters/mil/mil/passes/common_pass.py:34] Performing pass: "common::fuse_layernorm_or_instancenorm"
[20200630 16:33:34 INFO /Volumes/data/work/1duo-coremltools/coremltools/converters/mil/mil/passes/common_pass.py:34] Performing pass: "common::dead_code_elimination"
[20200630 16:33:34 INFO /Volumes/data/work/1duo-coremltools/coremltools/converters/mil/mil/passes/dead_code_elimination.py:35] Removing op "19" (type: const)
[20200630 16:33:34 INFO /Volumes/data/work/1duo-coremltools/coremltools/converters/mil/mil/passes/dead_code_elimination.py:35] Removing op "18" (type: const)
[20200630 16:33:34 INFO /Volumes/data/work/1duo-coremltools/coremltools/converters/mil/mil/passes/dead_code_elimination.py:35] Removing op "17" (type: const)
[20200630 16:33:34 INFO /Volumes/data/work/1duo-coremltools/coremltools/converters/mil/mil/passes/dead_code_elimination.py:35] Removing op "24" (type: const)
[20200630 16:33:34 INFO /Volumes/data/work/1duo-coremltools/coremltools/converters/mil/mil/passes/dead_code_elimination.py:35] Removing op "12" (type: const)
[20200630 16:33:34 INFO /Volumes/data/work/1duo-coremltools/coremltools/converters/mil/mil/passes/dead_code_elimination.py:35] Removing op "22" (type: const)
[20200630 16:33:34 DEBUG /Volumes/data/work/1duo-coremltools/coremltools/converters/mil/mil/passes/common_pass.py:38] Program after common passes:
main(%input: (1, 1, 6, 5, fp32)) {
  block173() {
    %1: (3, 1, 3, 3, fp32)* = const(val=(file_value), name="1")
    %2: (3,fp32)* = const(val=[0.24524018168449402, 0.29452231526374817, 0.13037630915641785], name="2")
    %21: (2,i32)* = const(val=[1, 1], name="21")
    %23: (2,i32)* = const(val=[1, 1], name="23")
    %16: (i32)* = const(val=1, name="16")
    %20_pad_type_154: (str)* = const(val="custom", name="20_pad_type_154")
    %20_pad_154: (4,i32)* = const(val=[3, 3, 3, 3], name="20_pad_154")
    %20: (1, 3, 10, 9, fp32) = conv(x=%input, weight=%1, bias=%2, strides=%21, pad_type=%20_pad_type_154, pad=%20_pad_154, dilations=%23, groups=%16, name="20")
  } -> (%20)
}

[20200630 16:33:34 INFO /Volumes/data/work/1duo-coremltools/coremltools/converters/mil/backend/nn/passes/nn_passes.py:22] Performing passes for nn_backend: "nn_backend::commingle_loop_vars"
[20200630 16:33:34 INFO /Volumes/data/work/1duo-coremltools/coremltools/converters/mil/backend/nn/passes/nn_passes.py:22] Performing passes for nn_backend: "nn_backend::handle_return_inputs_as_outputs"
[20200630 16:33:34 INFO /Volumes/data/work/1duo-coremltools/coremltools/converters/mil/backend/nn/passes/nn_passes.py:22] Performing passes for nn_backend: "common::const_elimination"
[20200630 16:33:34 INFO /Volumes/data/work/1duo-coremltools/coremltools/converters/mil/backend/nn/passes/nn_passes.py:22] Performing passes for nn_backend: "common::dead_code_elimination"
[20200630 16:33:34 INFO /Volumes/data/work/1duo-coremltools/coremltools/converters/mil/backend/nn/passes/nn_passes.py:22] Performing passes for nn_backend: "nn_backend::handle_unused_inputs"
[20200630 16:33:34 INFO /Volumes/data/work/1duo-coremltools/coremltools/converters/mil/backend/nn/passes/nn_passes.py:22] Performing passes for nn_backend: "nn_backend::alert_return_type_cast"
[20200630 16:33:34 DEBUG /Volumes/data/work/1duo-coremltools/coremltools/converters/mil/backend/nn/passes/nn_passes.py:26] Program after nn backend passes:
main(%input: (1, 1, 6, 5, fp32)) {
  block173() {
    %1: (3, 1, 3, 3, fp32)* = const(val=(file_value), name="1")
    %2: (3,fp32)* = const(val=[0.24524018168449402, 0.29452231526374817, 0.13037630915641785], name="2")
    %21: (2,i32)* = const(val=[1, 1], name="21")
    %23: (2,i32)* = const(val=[1, 1], name="23")
    %16: (i32)* = const(val=1, name="16")
    %20_pad_type_154: (str)* = const(val="custom", name="20_pad_type_154")
    %20_pad_154: (4,i32)* = const(val=[3, 3, 3, 3], name="20_pad_154")
    %20: (1, 3, 10, 9, fp32) = conv(x=%input, weight=%1, bias=%2, strides=%21, pad_type=%20_pad_type_154, pad=%20_pad_154, dilations=%23, groups=%16, name="20")
  } -> (%20)
}

[20200630 16:33:34 INFO /Volumes/data/work/1duo-coremltools/coremltools/converters/mil/frontend/torch/converter.py:269] Converting graph.
[20200630 16:33:34 INFO /Volumes/data/work/1duo-coremltools/coremltools/converters/mil/mil/builder.py:181] Adding op '1' of type const
[20200630 16:33:34 INFO /Volumes/data/work/1duo-coremltools/coremltools/converters/mil/mil/builder.py:181] Adding op '2' of type const
[20200630 16:33:34 INFO /Volumes/data/work/1duo-coremltools/coremltools/converters/mil/frontend/torch/ops.py:49] Converting op 21 : constant
[20200630 16:33:34 INFO /Volumes/data/work/1duo-coremltools/coremltools/converters/mil/mil/builder.py:181] Adding op '21' of type const
[20200630 16:33:34 INFO /Volumes/data/work/1duo-coremltools/coremltools/converters/mil/frontend/torch/ops.py:49] Converting op 22 : constant
[20200630 16:33:34 INFO /Volumes/data/work/1duo-coremltools/coremltools/converters/mil/mil/builder.py:181] Adding op '22' of type const
[20200630 16:33:34 INFO /Volumes/data/work/1duo-coremltools/coremltools/converters/mil/frontend/torch/ops.py:49] Converting op 23 : constant
[20200630 16:33:34 INFO /Volumes/data/work/1duo-coremltools/coremltools/converters/mil/mil/builder.py:181] Adding op '23' of type const
[20200630 16:33:34 INFO /Volumes/data/work/1duo-coremltools/coremltools/converters/mil/frontend/torch/ops.py:49] Converting op 12 : constant
[20200630 16:33:34 INFO /Volumes/data/work/1duo-coremltools/coremltools/converters/mil/mil/builder.py:181] Adding op '12' of type const
[20200630 16:33:34 INFO /Volumes/data/work/1duo-coremltools/coremltools/converters/mil/frontend/torch/ops.py:49] Converting op 24 : constant
[20200630 16:33:34 INFO /Volumes/data/work/1duo-coremltools/coremltools/converters/mil/mil/builder.py:181] Adding op '24' of type const
[20200630 16:33:34 INFO /Volumes/data/work/1duo-coremltools/coremltools/converters/mil/frontend/torch/ops.py:49] Converting op 16 : constant
[20200630 16:33:34 INFO /Volumes/data/work/1duo-coremltools/coremltools/converters/mil/mil/builder.py:181] Adding op '16' of type const
[20200630 16:33:34 INFO /Volumes/data/work/1duo-coremltools/coremltools/converters/mil/frontend/torch/ops.py:49] Converting op 17 : constant
[20200630 16:33:34 INFO /Volumes/data/work/1duo-coremltools/coremltools/converters/mil/mil/builder.py:181] Adding op '17' of type const
[20200630 16:33:34 INFO /Volumes/data/work/1duo-coremltools/coremltools/converters/mil/frontend/torch/ops.py:49] Converting op 18 : constant
[20200630 16:33:34 INFO /Volumes/data/work/1duo-coremltools/coremltools/converters/mil/mil/builder.py:181] Adding op '18' of type const
[20200630 16:33:34 INFO /Volumes/data/work/1duo-coremltools/coremltools/converters/mil/frontend/torch/ops.py:49] Converting op 19 : constant
[20200630 16:33:34 INFO /Volumes/data/work/1duo-coremltools/coremltools/converters/mil/mil/builder.py:181] Adding op '19' of type const
[20200630 16:33:34 INFO /Volumes/data/work/1duo-coremltools/coremltools/converters/mil/frontend/torch/ops.py:49] Converting op 20 : _convolution
[20200630 16:33:34 INFO /Volumes/data/work/1duo-coremltools/coremltools/converters/mil/mil/builder.py:181] Adding op '20' of type conv
[20200630 16:33:34 DEBUG /Volumes/data/work/1duo-coremltools/coremltools/converters/mil/mil/builder.py:93] Adding const op '20_pad_type_155'
[20200630 16:33:34 INFO /Volumes/data/work/1duo-coremltools/coremltools/converters/mil/mil/builder.py:181] Adding op '20_pad_type_155' of type const
[20200630 16:33:34 DEBUG /Volumes/data/work/1duo-coremltools/coremltools/converters/mil/mil/builder.py:93] Adding const op '20_pad_155'
[20200630 16:33:34 INFO /Volumes/data/work/1duo-coremltools/coremltools/converters/mil/mil/builder.py:181] Adding op '20_pad_155' of type const
[20200630 16:33:34 DEBUG /Volumes/data/work/1duo-coremltools/coremltools/converters/mil/mil/passes/common_pass.py:30] Program before common passes:
main(%input: (1, 1, 6, 5, fp32)) {
  block174() {
    %1: (3, 1, 3, 3, fp32)* = const(val=(file_value), name="1")
    %2: (3,fp32)* = const(val=[0.2998979389667511, 0.05001330375671387, -0.2596190571784973], name="2")
    %21: (2,i32)* = const(val=[1, 1], name="21")
    %22: (2,i32)* = const(val=[3, 3], name="22")
    %23: (2,i32)* = const(val=[3, 3], name="23")
    %12: (bool)* = const(val=False, name="12")
    %24: (2,i32)* = const(val=[0, 0], name="24")
    %16: (i32)* = const(val=1, name="16")
    %17: (bool)* = const(val=False, name="17")
    %18: (bool)* = const(val=False, name="18")
    %19: (bool)* = const(val=True, name="19")
    %20_pad_type_155: (str)* = const(val="custom", name="20_pad_type_155")
    %20_pad_155: (4,i32)* = const(val=[3, 3, 3, 3], name="20_pad_155")
    %20: (1, 3, 6, 5, fp32) = conv(x=%input, weight=%1, bias=%2, strides=%21, pad_type=%20_pad_type_155, pad=%20_pad_155, dilations=%23, groups=%16, name="20")
  } -> (%20)
}

[20200630 16:33:34 INFO /Volumes/data/work/1duo-coremltools/coremltools/converters/mil/mil/passes/common_pass.py:34] Performing pass: "common::const_elimination"
[20200630 16:33:34 INFO /Volumes/data/work/1duo-coremltools/coremltools/converters/mil/mil/passes/common_pass.py:34] Performing pass: "common::divide_to_multiply"
[20200630 16:33:34 INFO /Volumes/data/work/1duo-coremltools/coremltools/converters/mil/mil/passes/common_pass.py:34] Performing pass: "common::fuse_matmul_weight_bias"
[20200630 16:33:34 INFO /Volumes/data/work/1duo-coremltools/coremltools/converters/mil/mil/passes/common_pass.py:34] Performing pass: "common::const_elimination"
[20200630 16:33:34 INFO /Volumes/data/work/1duo-coremltools/coremltools/converters/mil/mil/passes/common_pass.py:34] Performing pass: "common::loop_invariant_elimination"
[20200630 16:33:34 INFO /Volumes/data/work/1duo-coremltools/coremltools/converters/mil/mil/passes/common_pass.py:34] Performing pass: "common::remove_symbolic_reshape"
[20200630 16:33:34 INFO /Volumes/data/work/1duo-coremltools/coremltools/converters/mil/mil/passes/remove_symbolic_reshape.py:104] remove_symbolic_reshape: changed 0 reshapes.
[20200630 16:33:34 INFO /Volumes/data/work/1duo-coremltools/coremltools/converters/mil/mil/passes/common_pass.py:34] Performing pass: "common::fuse_gelu_tanh_approximation"
[20200630 16:33:34 INFO /Volumes/data/work/1duo-coremltools/coremltools/converters/mil/mil/passes/common_pass.py:34] Performing pass: "common::reduce_transposes"
[20200630 16:33:34 DEBUG /Volumes/data/work/1duo-coremltools/coremltools/converters/mil/mil/passes/reduce_transposes.py:989] Block before optimize transpose transform:
function(%input: (1, 1, 6, 5, fp32)) {
  block174() {
    %1: (3, 1, 3, 3, fp32)* = const(val=(file_value), name="1")
    %2: (3,fp32)* = const(val=[0.2998979389667511, 0.05001330375671387, -0.2596190571784973], name="2")
    %21: (2,i32)* = const(val=[1, 1], name="21")
    %22: (2,i32)* = const(val=[3, 3], name="22")
    %23: (2,i32)* = const(val=[3, 3], name="23")
    %12: (bool)* = const(val=False, name="12")
    %24: (2,i32)* = const(val=[0, 0], name="24")
    %16: (i32)* = const(val=1, name="16")
    %17: (bool)* = const(val=False, name="17")
    %18: (bool)* = const(val=False, name="18")
    %19: (bool)* = const(val=True, name="19")
    %20_pad_type_155: (str)* = const(val="custom", name="20_pad_type_155")
    %20_pad_155: (4,i32)* = const(val=[3, 3, 3, 3], name="20_pad_155")
    %20: (1, 3, 6, 5, fp32) = conv(x=%input, weight=%1, bias=%2, strides=%21, pad_type=%20_pad_type_155, pad=%20_pad_155, dilations=%23, groups=%16, name="20")
  } -> (%20)
}

[20200630 16:33:34 DEBUG /Volumes/data/work/1duo-coremltools/coremltools/converters/mil/mil/passes/reduce_transposes.py:1024] Block after optimize transpose transform:
function(%input: (1, 1, 6, 5, fp32)) {
  block174() {
    %1: (3, 1, 3, 3, fp32)* = const(val=(file_value), name="1")
    %2: (3,fp32)* = const(val=[0.2998979389667511, 0.05001330375671387, -0.2596190571784973], name="2")
    %21: (2,i32)* = const(val=[1, 1], name="21")
    %22: (2,i32)* = const(val=[3, 3], name="22")
    %23: (2,i32)* = const(val=[3, 3], name="23")
    %12: (bool)* = const(val=False, name="12")
    %24: (2,i32)* = const(val=[0, 0], name="24")
    %16: (i32)* = const(val=1, name="16")
    %17: (bool)* = const(val=False, name="17")
    %18: (bool)* = const(val=False, name="18")
    %19: (bool)* = const(val=True, name="19")
    %20_pad_type_155: (str)* = const(val="custom", name="20_pad_type_155")
    %20_pad_155: (4,i32)* = const(val=[3, 3, 3, 3], name="20_pad_155")
    %20: (1, 3, 6, 5, fp32) = conv(x=%input, weight=%1, bias=%2, strides=%21, pad_type=%20_pad_type_155, pad=%20_pad_155, dilations=%23, groups=%16, name="20")
  } -> (%20)
}

[20200630 16:33:34 INFO /Volumes/data/work/1duo-coremltools/coremltools/converters/mil/mil/passes/common_pass.py:34] Performing pass: "common::fuse_bias_conv"
[20200630 16:33:34 INFO /Volumes/data/work/1duo-coremltools/coremltools/converters/mil/mil/passes/common_pass.py:34] Performing pass: "common::fuse_elementwise_to_batchnorm"
[20200630 16:33:34 INFO /Volumes/data/work/1duo-coremltools/coremltools/converters/mil/mil/passes/common_pass.py:34] Performing pass: "common::fuse_onehot_matmul_to_gather"
[20200630 16:33:34 INFO /Volumes/data/work/1duo-coremltools/coremltools/converters/mil/mil/passes/common_pass.py:34] Performing pass: "common::fuse_layernorm_or_instancenorm"
[20200630 16:33:34 INFO /Volumes/data/work/1duo-coremltools/coremltools/converters/mil/mil/passes/common_pass.py:34] Performing pass: "common::dead_code_elimination"
[20200630 16:33:34 INFO /Volumes/data/work/1duo-coremltools/coremltools/converters/mil/mil/passes/dead_code_elimination.py:35] Removing op "19" (type: const)
[20200630 16:33:34 INFO /Volumes/data/work/1duo-coremltools/coremltools/converters/mil/mil/passes/dead_code_elimination.py:35] Removing op "18" (type: const)
[20200630 16:33:34 INFO /Volumes/data/work/1duo-coremltools/coremltools/converters/mil/mil/passes/dead_code_elimination.py:35] Removing op "17" (type: const)
[20200630 16:33:34 INFO /Volumes/data/work/1duo-coremltools/coremltools/converters/mil/mil/passes/dead_code_elimination.py:35] Removing op "24" (type: const)
[20200630 16:33:34 INFO /Volumes/data/work/1duo-coremltools/coremltools/converters/mil/mil/passes/dead_code_elimination.py:35] Removing op "12" (type: const)
[20200630 16:33:34 INFO /Volumes/data/work/1duo-coremltools/coremltools/converters/mil/mil/passes/dead_code_elimination.py:35] Removing op "22" (type: const)
[20200630 16:33:34 DEBUG /Volumes/data/work/1duo-coremltools/coremltools/converters/mil/mil/passes/common_pass.py:38] Program after common passes:
main(%input: (1, 1, 6, 5, fp32)) {
  block174() {
    %1: (3, 1, 3, 3, fp32)* = const(val=(file_value), name="1")
    %2: (3,fp32)* = const(val=[0.2998979389667511, 0.05001330375671387, -0.2596190571784973], name="2")
    %21: (2,i32)* = const(val=[1, 1], name="21")
    %23: (2,i32)* = const(val=[3, 3], name="23")
    %16: (i32)* = const(val=1, name="16")
    %20_pad_type_155: (str)* = const(val="custom", name="20_pad_type_155")
    %20_pad_155: (4,i32)* = const(val=[3, 3, 3, 3], name="20_pad_155")
    %20: (1, 3, 6, 5, fp32) = conv(x=%input, weight=%1, bias=%2, strides=%21, pad_type=%20_pad_type_155, pad=%20_pad_155, dilations=%23, groups=%16, name="20")
  } -> (%20)
}

[20200630 16:33:34 INFO /Volumes/data/work/1duo-coremltools/coremltools/converters/mil/backend/nn/passes/nn_passes.py:22] Performing passes for nn_backend: "nn_backend::commingle_loop_vars"
[20200630 16:33:34 INFO /Volumes/data/work/1duo-coremltools/coremltools/converters/mil/backend/nn/passes/nn_passes.py:22] Performing passes for nn_backend: "nn_backend::handle_return_inputs_as_outputs"
[20200630 16:33:34 INFO /Volumes/data/work/1duo-coremltools/coremltools/converters/mil/backend/nn/passes/nn_passes.py:22] Performing passes for nn_backend: "common::const_elimination"
[20200630 16:33:34 INFO /Volumes/data/work/1duo-coremltools/coremltools/converters/mil/backend/nn/passes/nn_passes.py:22] Performing passes for nn_backend: "common::dead_code_elimination"
[20200630 16:33:34 INFO /Volumes/data/work/1duo-coremltools/coremltools/converters/mil/backend/nn/passes/nn_passes.py:22] Performing passes for nn_backend: "nn_backend::handle_unused_inputs"
[20200630 16:33:34 INFO /Volumes/data/work/1duo-coremltools/coremltools/converters/mil/backend/nn/passes/nn_passes.py:22] Performing passes for nn_backend: "nn_backend::alert_return_type_cast"
[20200630 16:33:34 DEBUG /Volumes/data/work/1duo-coremltools/coremltools/converters/mil/backend/nn/passes/nn_passes.py:26] Program after nn backend passes:
main(%input: (1, 1, 6, 5, fp32)) {
  block174() {
    %1: (3, 1, 3, 3, fp32)* = const(val=(file_value), name="1")
    %2: (3,fp32)* = const(val=[0.2998979389667511, 0.05001330375671387, -0.2596190571784973], name="2")
    %21: (2,i32)* = const(val=[1, 1], name="21")
    %23: (2,i32)* = const(val=[3, 3], name="23")
    %16: (i32)* = const(val=1, name="16")
    %20_pad_type_155: (str)* = const(val="custom", name="20_pad_type_155")
    %20_pad_155: (4,i32)* = const(val=[3, 3, 3, 3], name="20_pad_155")
    %20: (1, 3, 6, 5, fp32) = conv(x=%input, weight=%1, bias=%2, strides=%21, pad_type=%20_pad_type_155, pad=%20_pad_155, dilations=%23, groups=%16, name="20")
  } -> (%20)
}

[20200630 16:33:34 INFO /Volumes/data/work/1duo-coremltools/coremltools/converters/mil/frontend/torch/converter.py:269] Converting graph.
[20200630 16:33:34 INFO /Volumes/data/work/1duo-coremltools/coremltools/converters/mil/mil/builder.py:181] Adding op '1' of type const
[20200630 16:33:34 INFO /Volumes/data/work/1duo-coremltools/coremltools/converters/mil/mil/builder.py:181] Adding op '2' of type const
[20200630 16:33:34 INFO /Volumes/data/work/1duo-coremltools/coremltools/converters/mil/frontend/torch/ops.py:49] Converting op 21 : constant
[20200630 16:33:34 INFO /Volumes/data/work/1duo-coremltools/coremltools/converters/mil/mil/builder.py:181] Adding op '21' of type const
[20200630 16:33:34 INFO /Volumes/data/work/1duo-coremltools/coremltools/converters/mil/frontend/torch/ops.py:49] Converting op 22 : constant
[20200630 16:33:34 INFO /Volumes/data/work/1duo-coremltools/coremltools/converters/mil/mil/builder.py:181] Adding op '22' of type const
[20200630 16:33:34 INFO /Volumes/data/work/1duo-coremltools/coremltools/converters/mil/frontend/torch/ops.py:49] Converting op 23 : constant
[20200630 16:33:34 INFO /Volumes/data/work/1duo-coremltools/coremltools/converters/mil/mil/builder.py:181] Adding op '23' of type const
[20200630 16:33:34 INFO /Volumes/data/work/1duo-coremltools/coremltools/converters/mil/frontend/torch/ops.py:49] Converting op 12 : constant
[20200630 16:33:34 INFO /Volumes/data/work/1duo-coremltools/coremltools/converters/mil/mil/builder.py:181] Adding op '12' of type const
[20200630 16:33:34 INFO /Volumes/data/work/1duo-coremltools/coremltools/converters/mil/frontend/torch/ops.py:49] Converting op 24 : constant
[20200630 16:33:34 INFO /Volumes/data/work/1duo-coremltools/coremltools/converters/mil/mil/builder.py:181] Adding op '24' of type const
[20200630 16:33:34 INFO /Volumes/data/work/1duo-coremltools/coremltools/converters/mil/frontend/torch/ops.py:49] Converting op 16 : constant
[20200630 16:33:34 INFO /Volumes/data/work/1duo-coremltools/coremltools/converters/mil/mil/builder.py:181] Adding op '16' of type const
[20200630 16:33:34 INFO /Volumes/data/work/1duo-coremltools/coremltools/converters/mil/frontend/torch/ops.py:49] Converting op 17 : constant
[20200630 16:33:34 INFO /Volumes/data/work/1duo-coremltools/coremltools/converters/mil/mil/builder.py:181] Adding op '17' of type const
[20200630 16:33:34 INFO /Volumes/data/work/1duo-coremltools/coremltools/converters/mil/frontend/torch/ops.py:49] Converting op 18 : constant
[20200630 16:33:34 INFO /Volumes/data/work/1duo-coremltools/coremltools/converters/mil/mil/builder.py:181] Adding op '18' of type const
[20200630 16:33:34 INFO /Volumes/data/work/1duo-coremltools/coremltools/converters/mil/frontend/torch/ops.py:49] Converting op 19 : constant
[20200630 16:33:34 INFO /Volumes/data/work/1duo-coremltools/coremltools/converters/mil/mil/builder.py:181] Adding op '19' of type const
[20200630 16:33:34 INFO /Volumes/data/work/1duo-coremltools/coremltools/converters/mil/frontend/torch/ops.py:49] Converting op 20 : _convolution
[20200630 16:33:34 INFO /Volumes/data/work/1duo-coremltools/coremltools/converters/mil/mil/builder.py:181] Adding op '20' of type conv
[20200630 16:33:34 DEBUG /Volumes/data/work/1duo-coremltools/coremltools/converters/mil/mil/builder.py:93] Adding const op '20_pad_type_156'
[20200630 16:33:34 INFO /Volumes/data/work/1duo-coremltools/coremltools/converters/mil/mil/builder.py:181] Adding op '20_pad_type_156' of type const
[20200630 16:33:34 DEBUG /Volumes/data/work/1duo-coremltools/coremltools/converters/mil/mil/builder.py:93] Adding const op '20_pad_156'
[20200630 16:33:34 INFO /Volumes/data/work/1duo-coremltools/coremltools/converters/mil/mil/builder.py:181] Adding op '20_pad_156' of type const
[20200630 16:33:34 DEBUG /Volumes/data/work/1duo-coremltools/coremltools/converters/mil/mil/passes/common_pass.py:30] Program before common passes:
main(%input: (1, 1, 6, 5, fp32)) {
  block175() {
    %1: (3, 1, 3, 3, fp32)* = const(val=(file_value), name="1")
    %2: (3,fp32)* = const(val=[0.22833427786827087, 0.02195689082145691, 0.1763227880001068], name="2")
    %21: (2,i32)* = const(val=[3, 3], name="21")
    %22: (2,i32)* = const(val=[1, 1], name="22")
    %23: (2,i32)* = const(val=[1, 1], name="23")
    %12: (bool)* = const(val=False, name="12")
    %24: (2,i32)* = const(val=[0, 0], name="24")
    %16: (i32)* = const(val=1, name="16")
    %17: (bool)* = const(val=False, name="17")
    %18: (bool)* = const(val=False, name="18")
    %19: (bool)* = const(val=True, name="19")
    %20_pad_type_156: (str)* = const(val="custom", name="20_pad_type_156")
    %20_pad_156: (4,i32)* = const(val=[1, 1, 1, 1], name="20_pad_156")
    %20: (1, 3, 2, 2, fp32) = conv(x=%input, weight=%1, bias=%2, strides=%21, pad_type=%20_pad_type_156, pad=%20_pad_156, dilations=%23, groups=%16, name="20")
  } -> (%20)
}

[20200630 16:33:34 INFO /Volumes/data/work/1duo-coremltools/coremltools/converters/mil/mil/passes/common_pass.py:34] Performing pass: "common::const_elimination"
[20200630 16:33:34 INFO /Volumes/data/work/1duo-coremltools/coremltools/converters/mil/mil/passes/common_pass.py:34] Performing pass: "common::divide_to_multiply"
[20200630 16:33:34 INFO /Volumes/data/work/1duo-coremltools/coremltools/converters/mil/mil/passes/common_pass.py:34] Performing pass: "common::fuse_matmul_weight_bias"
[20200630 16:33:34 INFO /Volumes/data/work/1duo-coremltools/coremltools/converters/mil/mil/passes/common_pass.py:34] Performing pass: "common::const_elimination"
[20200630 16:33:34 INFO /Volumes/data/work/1duo-coremltools/coremltools/converters/mil/mil/passes/common_pass.py:34] Performing pass: "common::loop_invariant_elimination"
[20200630 16:33:34 INFO /Volumes/data/work/1duo-coremltools/coremltools/converters/mil/mil/passes/common_pass.py:34] Performing pass: "common::remove_symbolic_reshape"
[20200630 16:33:34 INFO /Volumes/data/work/1duo-coremltools/coremltools/converters/mil/mil/passes/remove_symbolic_reshape.py:104] remove_symbolic_reshape: changed 0 reshapes.
[20200630 16:33:34 INFO /Volumes/data/work/1duo-coremltools/coremltools/converters/mil/mil/passes/common_pass.py:34] Performing pass: "common::fuse_gelu_tanh_approximation"
[20200630 16:33:34 INFO /Volumes/data/work/1duo-coremltools/coremltools/converters/mil/mil/passes/common_pass.py:34] Performing pass: "common::reduce_transposes"
[20200630 16:33:34 DEBUG /Volumes/data/work/1duo-coremltools/coremltools/converters/mil/mil/passes/reduce_transposes.py:989] Block before optimize transpose transform:
function(%input: (1, 1, 6, 5, fp32)) {
  block175() {
    %1: (3, 1, 3, 3, fp32)* = const(val=(file_value), name="1")
    %2: (3,fp32)* = const(val=[0.22833427786827087, 0.02195689082145691, 0.1763227880001068], name="2")
    %21: (2,i32)* = const(val=[3, 3], name="21")
    %22: (2,i32)* = const(val=[1, 1], name="22")
    %23: (2,i32)* = const(val=[1, 1], name="23")
    %12: (bool)* = const(val=False, name="12")
    %24: (2,i32)* = const(val=[0, 0], name="24")
    %16: (i32)* = const(val=1, name="16")
    %17: (bool)* = const(val=False, name="17")
    %18: (bool)* = const(val=False, name="18")
    %19: (bool)* = const(val=True, name="19")
    %20_pad_type_156: (str)* = const(val="custom", name="20_pad_type_156")
    %20_pad_156: (4,i32)* = const(val=[1, 1, 1, 1], name="20_pad_156")
    %20: (1, 3, 2, 2, fp32) = conv(x=%input, weight=%1, bias=%2, strides=%21, pad_type=%20_pad_type_156, pad=%20_pad_156, dilations=%23, groups=%16, name="20")
  } -> (%20)
}

[20200630 16:33:34 DEBUG /Volumes/data/work/1duo-coremltools/coremltools/converters/mil/mil/passes/reduce_transposes.py:1024] Block after optimize transpose transform:
function(%input: (1, 1, 6, 5, fp32)) {
  block175() {
    %1: (3, 1, 3, 3, fp32)* = const(val=(file_value), name="1")
    %2: (3,fp32)* = const(val=[0.22833427786827087, 0.02195689082145691, 0.1763227880001068], name="2")
    %21: (2,i32)* = const(val=[3, 3], name="21")
    %22: (2,i32)* = const(val=[1, 1], name="22")
    %23: (2,i32)* = const(val=[1, 1], name="23")
    %12: (bool)* = const(val=False, name="12")
    %24: (2,i32)* = const(val=[0, 0], name="24")
    %16: (i32)* = const(val=1, name="16")
    %17: (bool)* = const(val=False, name="17")
    %18: (bool)* = const(val=False, name="18")
    %19: (bool)* = const(val=True, name="19")
    %20_pad_type_156: (str)* = const(val="custom", name="20_pad_type_156")
    %20_pad_156: (4,i32)* = const(val=[1, 1, 1, 1], name="20_pad_156")
    %20: (1, 3, 2, 2, fp32) = conv(x=%input, weight=%1, bias=%2, strides=%21, pad_type=%20_pad_type_156, pad=%20_pad_156, dilations=%23, groups=%16, name="20")
  } -> (%20)
}

[20200630 16:33:34 INFO /Volumes/data/work/1duo-coremltools/coremltools/converters/mil/mil/passes/common_pass.py:34] Performing pass: "common::fuse_bias_conv"
[20200630 16:33:34 INFO /Volumes/data/work/1duo-coremltools/coremltools/converters/mil/mil/passes/common_pass.py:34] Performing pass: "common::fuse_elementwise_to_batchnorm"
[20200630 16:33:34 INFO /Volumes/data/work/1duo-coremltools/coremltools/converters/mil/mil/passes/common_pass.py:34] Performing pass: "common::fuse_onehot_matmul_to_gather"
[20200630 16:33:34 INFO /Volumes/data/work/1duo-coremltools/coremltools/converters/mil/mil/passes/common_pass.py:34] Performing pass: "common::fuse_layernorm_or_instancenorm"
[20200630 16:33:34 INFO /Volumes/data/work/1duo-coremltools/coremltools/converters/mil/mil/passes/common_pass.py:34] Performing pass: "common::dead_code_elimination"
[20200630 16:33:34 INFO /Volumes/data/work/1duo-coremltools/coremltools/converters/mil/mil/passes/dead_code_elimination.py:35] Removing op "19" (type: const)
[20200630 16:33:34 INFO /Volumes/data/work/1duo-coremltools/coremltools/converters/mil/mil/passes/dead_code_elimination.py:35] Removing op "18" (type: const)
[20200630 16:33:34 INFO /Volumes/data/work/1duo-coremltools/coremltools/converters/mil/mil/passes/dead_code_elimination.py:35] Removing op "17" (type: const)
[20200630 16:33:34 INFO /Volumes/data/work/1duo-coremltools/coremltools/converters/mil/mil/passes/dead_code_elimination.py:35] Removing op "24" (type: const)
[20200630 16:33:34 INFO /Volumes/data/work/1duo-coremltools/coremltools/converters/mil/mil/passes/dead_code_elimination.py:35] Removing op "12" (type: const)
[20200630 16:33:34 INFO /Volumes/data/work/1duo-coremltools/coremltools/converters/mil/mil/passes/dead_code_elimination.py:35] Removing op "22" (type: const)
[20200630 16:33:34 DEBUG /Volumes/data/work/1duo-coremltools/coremltools/converters/mil/mil/passes/common_pass.py:38] Program after common passes:
main(%input: (1, 1, 6, 5, fp32)) {
  block175() {
    %1: (3, 1, 3, 3, fp32)* = const(val=(file_value), name="1")
    %2: (3,fp32)* = const(val=[0.22833427786827087, 0.02195689082145691, 0.1763227880001068], name="2")
    %21: (2,i32)* = const(val=[3, 3], name="21")
    %23: (2,i32)* = const(val=[1, 1], name="23")
    %16: (i32)* = const(val=1, name="16")
    %20_pad_type_156: (str)* = const(val="custom", name="20_pad_type_156")
    %20_pad_156: (4,i32)* = const(val=[1, 1, 1, 1], name="20_pad_156")
    %20: (1, 3, 2, 2, fp32) = conv(x=%input, weight=%1, bias=%2, strides=%21, pad_type=%20_pad_type_156, pad=%20_pad_156, dilations=%23, groups=%16, name="20")
  } -> (%20)
}

[20200630 16:33:34 INFO /Volumes/data/work/1duo-coremltools/coremltools/converters/mil/backend/nn/passes/nn_passes.py:22] Performing passes for nn_backend: "nn_backend::commingle_loop_vars"
[20200630 16:33:34 INFO /Volumes/data/work/1duo-coremltools/coremltools/converters/mil/backend/nn/passes/nn_passes.py:22] Performing passes for nn_backend: "nn_backend::handle_return_inputs_as_outputs"
[20200630 16:33:34 INFO /Volumes/data/work/1duo-coremltools/coremltools/converters/mil/backend/nn/passes/nn_passes.py:22] Performing passes for nn_backend: "common::const_elimination"
[20200630 16:33:34 INFO /Volumes/data/work/1duo-coremltools/coremltools/converters/mil/backend/nn/passes/nn_passes.py:22] Performing passes for nn_backend: "common::dead_code_elimination"
[20200630 16:33:34 INFO /Volumes/data/work/1duo-coremltools/coremltools/converters/mil/backend/nn/passes/nn_passes.py:22] Performing passes for nn_backend: "nn_backend::handle_unused_inputs"
[20200630 16:33:34 INFO /Volumes/data/work/1duo-coremltools/coremltools/converters/mil/backend/nn/passes/nn_passes.py:22] Performing passes for nn_backend: "nn_backend::alert_return_type_cast"
[20200630 16:33:34 DEBUG /Volumes/data/work/1duo-coremltools/coremltools/converters/mil/backend/nn/passes/nn_passes.py:26] Program after nn backend passes:
main(%input: (1, 1, 6, 5, fp32)) {
  block175() {
    %1: (3, 1, 3, 3, fp32)* = const(val=(file_value), name="1")
    %2: (3,fp32)* = const(val=[0.22833427786827087, 0.02195689082145691, 0.1763227880001068], name="2")
    %21: (2,i32)* = const(val=[3, 3], name="21")
    %23: (2,i32)* = const(val=[1, 1], name="23")
    %16: (i32)* = const(val=1, name="16")
    %20_pad_type_156: (str)* = const(val="custom", name="20_pad_type_156")
    %20_pad_156: (4,i32)* = const(val=[1, 1, 1, 1], name="20_pad_156")
    %20: (1, 3, 2, 2, fp32) = conv(x=%input, weight=%1, bias=%2, strides=%21, pad_type=%20_pad_type_156, pad=%20_pad_156, dilations=%23, groups=%16, name="20")
  } -> (%20)
}

[20200630 16:33:34 INFO /Volumes/data/work/1duo-coremltools/coremltools/converters/mil/frontend/torch/converter.py:269] Converting graph.
[20200630 16:33:34 INFO /Volumes/data/work/1duo-coremltools/coremltools/converters/mil/mil/builder.py:181] Adding op '1' of type const
[20200630 16:33:34 INFO /Volumes/data/work/1duo-coremltools/coremltools/converters/mil/mil/builder.py:181] Adding op '2' of type const
[20200630 16:33:34 INFO /Volumes/data/work/1duo-coremltools/coremltools/converters/mil/frontend/torch/ops.py:49] Converting op 21 : constant
[20200630 16:33:34 INFO /Volumes/data/work/1duo-coremltools/coremltools/converters/mil/mil/builder.py:181] Adding op '21' of type const
[20200630 16:33:34 INFO /Volumes/data/work/1duo-coremltools/coremltools/converters/mil/frontend/torch/ops.py:49] Converting op 22 : constant
[20200630 16:33:34 INFO /Volumes/data/work/1duo-coremltools/coremltools/converters/mil/mil/builder.py:181] Adding op '22' of type const
[20200630 16:33:34 INFO /Volumes/data/work/1duo-coremltools/coremltools/converters/mil/frontend/torch/ops.py:49] Converting op 23 : constant
[20200630 16:33:34 INFO /Volumes/data/work/1duo-coremltools/coremltools/converters/mil/mil/builder.py:181] Adding op '23' of type const
[20200630 16:33:34 INFO /Volumes/data/work/1duo-coremltools/coremltools/converters/mil/frontend/torch/ops.py:49] Converting op 12 : constant
[20200630 16:33:34 INFO /Volumes/data/work/1duo-coremltools/coremltools/converters/mil/mil/builder.py:181] Adding op '12' of type const
[20200630 16:33:34 INFO /Volumes/data/work/1duo-coremltools/coremltools/converters/mil/frontend/torch/ops.py:49] Converting op 24 : constant
[20200630 16:33:34 INFO /Volumes/data/work/1duo-coremltools/coremltools/converters/mil/mil/builder.py:181] Adding op '24' of type const
[20200630 16:33:34 INFO /Volumes/data/work/1duo-coremltools/coremltools/converters/mil/frontend/torch/ops.py:49] Converting op 16 : constant
[20200630 16:33:34 INFO /Volumes/data/work/1duo-coremltools/coremltools/converters/mil/mil/builder.py:181] Adding op '16' of type const
[20200630 16:33:34 INFO /Volumes/data/work/1duo-coremltools/coremltools/converters/mil/frontend/torch/ops.py:49] Converting op 17 : constant
[20200630 16:33:34 INFO /Volumes/data/work/1duo-coremltools/coremltools/converters/mil/mil/builder.py:181] Adding op '17' of type const
[20200630 16:33:34 INFO /Volumes/data/work/1duo-coremltools/coremltools/converters/mil/frontend/torch/ops.py:49] Converting op 18 : constant
[20200630 16:33:34 INFO /Volumes/data/work/1duo-coremltools/coremltools/converters/mil/mil/builder.py:181] Adding op '18' of type const
[20200630 16:33:34 INFO /Volumes/data/work/1duo-coremltools/coremltools/converters/mil/frontend/torch/ops.py:49] Converting op 19 : constant
[20200630 16:33:34 INFO /Volumes/data/work/1duo-coremltools/coremltools/converters/mil/mil/builder.py:181] Adding op '19' of type const
[20200630 16:33:34 INFO /Volumes/data/work/1duo-coremltools/coremltools/converters/mil/frontend/torch/ops.py:49] Converting op 20 : _convolution
[20200630 16:33:34 INFO /Volumes/data/work/1duo-coremltools/coremltools/converters/mil/mil/builder.py:181] Adding op '20' of type conv
[20200630 16:33:34 DEBUG /Volumes/data/work/1duo-coremltools/coremltools/converters/mil/mil/builder.py:93] Adding const op '20_pad_type_157'
[20200630 16:33:34 INFO /Volumes/data/work/1duo-coremltools/coremltools/converters/mil/mil/builder.py:181] Adding op '20_pad_type_157' of type const
[20200630 16:33:34 DEBUG /Volumes/data/work/1duo-coremltools/coremltools/converters/mil/mil/builder.py:93] Adding const op '20_pad_157'
[20200630 16:33:34 INFO /Volumes/data/work/1duo-coremltools/coremltools/converters/mil/mil/builder.py:181] Adding op '20_pad_157' of type const
[20200630 16:33:34 DEBUG /Volumes/data/work/1duo-coremltools/coremltools/converters/mil/mil/passes/common_pass.py:30] Program before common passes:
main(%input: (1, 1, 6, 5, fp32)) {
  block176() {
    %1: (3, 1, 3, 3, fp32)* = const(val=(file_value), name="1")
    %2: (3,fp32)* = const(val=[0.12395313382148743, 0.03408646583557129, -0.31016868352890015], name="2")
    %21: (2,i32)* = const(val=[3, 3], name="21")
    %22: (2,i32)* = const(val=[1, 1], name="22")
    %23: (2,i32)* = const(val=[3, 3], name="23")
    %12: (bool)* = const(val=False, name="12")
    %24: (2,i32)* = const(val=[0, 0], name="24")
    %16: (i32)* = const(val=1, name="16")
    %17: (bool)* = const(val=False, name="17")
    %18: (bool)* = const(val=False, name="18")
    %19: (bool)* = const(val=True, name="19")
    %20_pad_type_157: (str)* = const(val="custom", name="20_pad_type_157")
    %20_pad_157: (4,i32)* = const(val=[1, 1, 1, 1], name="20_pad_157")
    %20: (1, 3, 1, 1, fp32) = conv(x=%input, weight=%1, bias=%2, strides=%21, pad_type=%20_pad_type_157, pad=%20_pad_157, dilations=%23, groups=%16, name="20")
  } -> (%20)
}

[20200630 16:33:34 INFO /Volumes/data/work/1duo-coremltools/coremltools/converters/mil/mil/passes/common_pass.py:34] Performing pass: "common::const_elimination"
[20200630 16:33:34 INFO /Volumes/data/work/1duo-coremltools/coremltools/converters/mil/mil/passes/common_pass.py:34] Performing pass: "common::divide_to_multiply"
[20200630 16:33:34 INFO /Volumes/data/work/1duo-coremltools/coremltools/converters/mil/mil/passes/common_pass.py:34] Performing pass: "common::fuse_matmul_weight_bias"
[20200630 16:33:34 INFO /Volumes/data/work/1duo-coremltools/coremltools/converters/mil/mil/passes/common_pass.py:34] Performing pass: "common::const_elimination"
[20200630 16:33:34 INFO /Volumes/data/work/1duo-coremltools/coremltools/converters/mil/mil/passes/common_pass.py:34] Performing pass: "common::loop_invariant_elimination"
[20200630 16:33:34 INFO /Volumes/data/work/1duo-coremltools/coremltools/converters/mil/mil/passes/common_pass.py:34] Performing pass: "common::remove_symbolic_reshape"
[20200630 16:33:34 INFO /Volumes/data/work/1duo-coremltools/coremltools/converters/mil/mil/passes/remove_symbolic_reshape.py:104] remove_symbolic_reshape: changed 0 reshapes.
[20200630 16:33:34 INFO /Volumes/data/work/1duo-coremltools/coremltools/converters/mil/mil/passes/common_pass.py:34] Performing pass: "common::fuse_gelu_tanh_approximation"
[20200630 16:33:34 INFO /Volumes/data/work/1duo-coremltools/coremltools/converters/mil/mil/passes/common_pass.py:34] Performing pass: "common::reduce_transposes"
[20200630 16:33:34 DEBUG /Volumes/data/work/1duo-coremltools/coremltools/converters/mil/mil/passes/reduce_transposes.py:989] Block before optimize transpose transform:
function(%input: (1, 1, 6, 5, fp32)) {
  block176() {
    %1: (3, 1, 3, 3, fp32)* = const(val=(file_value), name="1")
    %2: (3,fp32)* = const(val=[0.12395313382148743, 0.03408646583557129, -0.31016868352890015], name="2")
    %21: (2,i32)* = const(val=[3, 3], name="21")
    %22: (2,i32)* = const(val=[1, 1], name="22")
    %23: (2,i32)* = const(val=[3, 3], name="23")
    %12: (bool)* = const(val=False, name="12")
    %24: (2,i32)* = const(val=[0, 0], name="24")
    %16: (i32)* = const(val=1, name="16")
    %17: (bool)* = const(val=False, name="17")
    %18: (bool)* = const(val=False, name="18")
    %19: (bool)* = const(val=True, name="19")
    %20_pad_type_157: (str)* = const(val="custom", name="20_pad_type_157")
    %20_pad_157: (4,i32)* = const(val=[1, 1, 1, 1], name="20_pad_157")
    %20: (1, 3, 1, 1, fp32) = conv(x=%input, weight=%1, bias=%2, strides=%21, pad_type=%20_pad_type_157, pad=%20_pad_157, dilations=%23, groups=%16, name="20")
  } -> (%20)
}

[20200630 16:33:34 DEBUG /Volumes/data/work/1duo-coremltools/coremltools/converters/mil/mil/passes/reduce_transposes.py:1024] Block after optimize transpose transform:
function(%input: (1, 1, 6, 5, fp32)) {
  block176() {
    %1: (3, 1, 3, 3, fp32)* = const(val=(file_value), name="1")
    %2: (3,fp32)* = const(val=[0.12395313382148743, 0.03408646583557129, -0.31016868352890015], name="2")
    %21: (2,i32)* = const(val=[3, 3], name="21")
    %22: (2,i32)* = const(val=[1, 1], name="22")
    %23: (2,i32)* = const(val=[3, 3], name="23")
    %12: (bool)* = const(val=False, name="12")
    %24: (2,i32)* = const(val=[0, 0], name="24")
    %16: (i32)* = const(val=1, name="16")
    %17: (bool)* = const(val=False, name="17")
    %18: (bool)* = const(val=False, name="18")
    %19: (bool)* = const(val=True, name="19")
    %20_pad_type_157: (str)* = const(val="custom", name="20_pad_type_157")
    %20_pad_157: (4,i32)* = const(val=[1, 1, 1, 1], name="20_pad_157")
    %20: (1, 3, 1, 1, fp32) = conv(x=%input, weight=%1, bias=%2, strides=%21, pad_type=%20_pad_type_157, pad=%20_pad_157, dilations=%23, groups=%16, name="20")
  } -> (%20)
}

[20200630 16:33:34 INFO /Volumes/data/work/1duo-coremltools/coremltools/converters/mil/mil/passes/common_pass.py:34] Performing pass: "common::fuse_bias_conv"
[20200630 16:33:34 INFO /Volumes/data/work/1duo-coremltools/coremltools/converters/mil/mil/passes/common_pass.py:34] Performing pass: "common::fuse_elementwise_to_batchnorm"
[20200630 16:33:34 INFO /Volumes/data/work/1duo-coremltools/coremltools/converters/mil/mil/passes/common_pass.py:34] Performing pass: "common::fuse_onehot_matmul_to_gather"
[20200630 16:33:34 INFO /Volumes/data/work/1duo-coremltools/coremltools/converters/mil/mil/passes/common_pass.py:34] Performing pass: "common::fuse_layernorm_or_instancenorm"
[20200630 16:33:34 INFO /Volumes/data/work/1duo-coremltools/coremltools/converters/mil/mil/passes/common_pass.py:34] Performing pass: "common::dead_code_elimination"
[20200630 16:33:34 INFO /Volumes/data/work/1duo-coremltools/coremltools/converters/mil/mil/passes/dead_code_elimination.py:35] Removing op "19" (type: const)
[20200630 16:33:34 INFO /Volumes/data/work/1duo-coremltools/coremltools/converters/mil/mil/passes/dead_code_elimination.py:35] Removing op "18" (type: const)
[20200630 16:33:34 INFO /Volumes/data/work/1duo-coremltools/coremltools/converters/mil/mil/passes/dead_code_elimination.py:35] Removing op "17" (type: const)
[20200630 16:33:34 INFO /Volumes/data/work/1duo-coremltools/coremltools/converters/mil/mil/passes/dead_code_elimination.py:35] Removing op "24" (type: const)
[20200630 16:33:34 INFO /Volumes/data/work/1duo-coremltools/coremltools/converters/mil/mil/passes/dead_code_elimination.py:35] Removing op "12" (type: const)
[20200630 16:33:34 INFO /Volumes/data/work/1duo-coremltools/coremltools/converters/mil/mil/passes/dead_code_elimination.py:35] Removing op "22" (type: const)
[20200630 16:33:34 DEBUG /Volumes/data/work/1duo-coremltools/coremltools/converters/mil/mil/passes/common_pass.py:38] Program after common passes:
main(%input: (1, 1, 6, 5, fp32)) {
  block176() {
    %1: (3, 1, 3, 3, fp32)* = const(val=(file_value), name="1")
    %2: (3,fp32)* = const(val=[0.12395313382148743, 0.03408646583557129, -0.31016868352890015], name="2")
    %21: (2,i32)* = const(val=[3, 3], name="21")
    %23: (2,i32)* = const(val=[3, 3], name="23")
    %16: (i32)* = const(val=1, name="16")
    %20_pad_type_157: (str)* = const(val="custom", name="20_pad_type_157")
    %20_pad_157: (4,i32)* = const(val=[1, 1, 1, 1], name="20_pad_157")
    %20: (1, 3, 1, 1, fp32) = conv(x=%input, weight=%1, bias=%2, strides=%21, pad_type=%20_pad_type_157, pad=%20_pad_157, dilations=%23, groups=%16, name="20")
  } -> (%20)
}

[20200630 16:33:34 INFO /Volumes/data/work/1duo-coremltools/coremltools/converters/mil/backend/nn/passes/nn_passes.py:22] Performing passes for nn_backend: "nn_backend::commingle_loop_vars"
[20200630 16:33:34 INFO /Volumes/data/work/1duo-coremltools/coremltools/converters/mil/backend/nn/passes/nn_passes.py:22] Performing passes for nn_backend: "nn_backend::handle_return_inputs_as_outputs"
[20200630 16:33:34 INFO /Volumes/data/work/1duo-coremltools/coremltools/converters/mil/backend/nn/passes/nn_passes.py:22] Performing passes for nn_backend: "common::const_elimination"
[20200630 16:33:34 INFO /Volumes/data/work/1duo-coremltools/coremltools/converters/mil/backend/nn/passes/nn_passes.py:22] Performing passes for nn_backend: "common::dead_code_elimination"
[20200630 16:33:34 INFO /Volumes/data/work/1duo-coremltools/coremltools/converters/mil/backend/nn/passes/nn_passes.py:22] Performing passes for nn_backend: "nn_backend::handle_unused_inputs"
[20200630 16:33:34 INFO /Volumes/data/work/1duo-coremltools/coremltools/converters/mil/backend/nn/passes/nn_passes.py:22] Performing passes for nn_backend: "nn_backend::alert_return_type_cast"
[20200630 16:33:34 DEBUG /Volumes/data/work/1duo-coremltools/coremltools/converters/mil/backend/nn/passes/nn_passes.py:26] Program after nn backend passes:
main(%input: (1, 1, 6, 5, fp32)) {
  block176() {
    %1: (3, 1, 3, 3, fp32)* = const(val=(file_value), name="1")
    %2: (3,fp32)* = const(val=[0.12395313382148743, 0.03408646583557129, -0.31016868352890015], name="2")
    %21: (2,i32)* = const(val=[3, 3], name="21")
    %23: (2,i32)* = const(val=[3, 3], name="23")
    %16: (i32)* = const(val=1, name="16")
    %20_pad_type_157: (str)* = const(val="custom", name="20_pad_type_157")
    %20_pad_157: (4,i32)* = const(val=[1, 1, 1, 1], name="20_pad_157")
    %20: (1, 3, 1, 1, fp32) = conv(x=%input, weight=%1, bias=%2, strides=%21, pad_type=%20_pad_type_157, pad=%20_pad_157, dilations=%23, groups=%16, name="20")
  } -> (%20)
}

